# NEARS-1861 — flutter-tagged lines only (raw buffer trimmed; non-flutter Android noise removed)
08-15 11:48:55.670 I/flutter (29404): [INFO] msg="home load started"
08-15 11:48:55.670 I/flutter (29404): [NET] GET endpoint=/api/v1/customer/cart/list
08-15 11:48:55.670 I/flutter (29404): [NET] GET endpoint=/api/v1/customer/cart/list
08-15 11:48:55.672 I/flutter (29404): [NET] GET endpoint=/api/v1/config/get-zone-id
08-15 11:48:56.088 I/flutter (29404): [NET] GET endpoint=/api/v1/banners
08-15 11:48:56.096 I/flutter (29404): [NET] GET endpoint=/api/v1/module
08-15 11:48:56.102 I/flutter (29404): [NET] GET endpoint=/api/v1/stores/get-stores/all
08-15 11:48:56.523 I/flutter (29404): [NET] endpoint=/api/v1/customer/cart/list http_status=200
08-15 11:48:56.527 I/flutter (29404): [NET] endpoint=/api/v1/config/get-zone-id http_status=200
08-15 11:48:56.527 I/flutter (29404): [INFO] msg="location: inZone=true"
08-15 11:48:56.531 I/flutter (29404): [NET] GET endpoint=/api/v1/banners
08-15 11:48:56.537 I/flutter (29404): [NET] GET endpoint=/api/v1/module
08-15 11:48:56.539 I/flutter (29404): [NET] GET endpoint=/api/v1/stores/get-stores/all
08-15 11:48:56.596 I/flutter (29404): [NET] endpoint=/api/v1/customer/cart/list http_status=200
08-15 11:48:56.787 I/flutter (29404): [NET] endpoint=/api/v1/module http_status=200
08-15 11:48:57.112 I/flutter (29404): [NET] endpoint=/api/v1/banners http_status=200
08-15 11:48:57.645 I/flutter (29404): [NET] endpoint=/api/v1/stores/get-stores/all http_status=200
08-15 11:48:57.917 I/flutter (29404): [NET] endpoint=/api/v1/banners http_status=200
08-15 11:48:58.100 I/flutter (29404): [NET] endpoint=/api/v1/module http_status=200
08-15 11:48:58.641 I/flutter (29404): [INFO] msg="home load started"
08-15 11:48:58.642 I/flutter (29404): [NET] GET endpoint=/api/v1/customer/cart/list
08-15 11:48:58.642 I/flutter (29404): [NET] GET endpoint=/api/v1/customer/cart/list
08-15 11:48:58.643 I/flutter (29404): [NET] GET endpoint=/api/v1/config/get-zone-id
08-15 11:48:58.809 I/flutter (29404): [NET] endpoint=/api/v1/stores/get-stores/all http_status=200
08-15 11:48:59.325 I/flutter (29404): [NET] endpoint=/api/v1/customer/cart/list http_status=200
08-15 11:48:59.325 I/flutter (29404): [NET] endpoint=/api/v1/config/get-zone-id http_status=200
08-15 11:48:59.325 I/flutter (29404): [INFO] msg="location: inZone=true"
08-15 11:48:59.330 I/flutter (29404): [NET] GET endpoint=/api/v1/home/all
08-15 11:48:59.405 I/flutter (29404): [NET] GET endpoint=/api/v1/banners
08-15 11:48:59.426 I/flutter (29404): [NET] GET endpoint=/api/v1/module
08-15 11:48:59.427 I/flutter (29404): [NET] GET endpoint=/api/v1/stores/get-stores/all
08-15 11:48:59.672 I/flutter (29404): [NET] endpoint=/api/v1/customer/cart/list http_status=200
08-15 11:49:00.017 I/flutter (29404): [NET] endpoint=/api/v1/banners http_status=200
08-15 11:49:00.974 I/flutter (29404): [NET] endpoint=/api/v1/home/all http_status=200
08-15 11:49:00.975 I/flutter (29404): [NET] GET endpoint=/api/v1/other-banners
08-15 11:49:00.976 I/flutter (29404): [NET] GET endpoint=/api/v1/banners
08-15 11:49:00.979 I/flutter (29404): [NET] GET endpoint=/api/v1/items/discounted
08-15 11:49:00.979 I/flutter (29404): [NET] GET endpoint=/api/v1/items/popular
08-15 11:49:00.979 I/flutter (29404): [NET] GET endpoint=/api/v1/items/most-reviewed
08-15 11:49:00.980 I/flutter (29404): [NET] GET endpoint=/api/v1/campaigns/basic
08-15 11:49:00.981 I/flutter (29404): [NET] GET endpoint=/api/v1/campaigns/item
08-15 11:49:00.991 I/flutter (29404): [NET] GET endpoint=/api/v1/items/recommended
08-15 11:49:00.992 I/flutter (29404): [NET] GET endpoint=/api/v1/stores/get-stores/all
08-15 11:49:00.992 I/flutter (29404): [NET] GET endpoint=/api/v1/advertisement/list
08-15 11:49:00.993 I/flutter (29404): [NET] GET endpoint=/api/v1/module
08-15 11:49:00.994 I/flutter (29404): [NET] GET endpoint=/api/v1/stores/get-stores/all
08-15 11:49:01.187 I/flutter (29404): [NET] endpoint=/api/v1/module http_status=200
08-15 11:49:01.828 I/flutter (29404): [NET] endpoint=/api/v1/stores/get-stores/all http_status=200
08-15 11:49:01.962 I/flutter (29404): [NET] endpoint=/api/v1/other-banners http_status=200
08-15 11:49:02.005 I/flutter (29404): [INFO] msg="home load started"
08-15 11:49:02.005 I/flutter (29404): [NET] GET endpoint=/api/v1/customer/cart/list
08-15 11:49:02.005 I/flutter (29404): [NET] GET endpoint=/api/v1/customer/cart/list
08-15 11:49:02.006 I/flutter (29404): [NET] GET endpoint=/api/v1/config/get-zone-id
08-15 11:49:02.299 I/flutter (29404): [NET] endpoint=/api/v1/banners http_status=200
08-15 11:49:02.861 I/flutter (29404): [NET] endpoint=/api/v1/items/discounted http_status=200
08-15 11:49:03.185 I/flutter (29404): [NET] GET endpoint=/api/v1/banners
08-15 11:49:03.194 I/flutter (29404): [NET] GET endpoint=/api/v1/module
08-15 11:49:03.199 I/flutter (29404): [NET] GET endpoint=/api/v1/stores/get-stores/all
08-15 11:49:03.489 I/flutter (29404): [NET] endpoint=/api/v1/items/popular http_status=200
08-15 11:49:03.805 I/flutter (29404): [NET] endpoint=/api/v1/items/most-reviewed http_status=200
08-15 11:49:04.136 I/flutter (29404): [NET] endpoint=/api/v1/campaigns/basic http_status=200
08-15 11:49:04.334 I/flutter (29404): [NET] endpoint=/api/v1/campaigns/item http_status=200
08-15 11:49:05.793 I/flutter (29404): [INFO] msg="home load skipped: already loading"
08-15 11:49:05.793 I/flutter (29404): [NET] GET endpoint=/api/v1/customer/cart/list
08-15 11:49:05.794 I/flutter (29404): [NET] GET endpoint=/api/v1/customer/cart/list
08-15 11:49:07.360 I/flutter (29404): [NET] endpoint=/api/v1/items/recommended http_status=200
08-15 11:49:07.373 I/flutter (29404): [NET] GET endpoint=/api/v1/banners
08-15 11:49:07.436 I/flutter (29404): [NET] GET endpoint=/api/v1/module
08-15 11:49:07.439 I/flutter (29404): [NET] GET endpoint=/api/v1/stores/get-stores/all
08-15 11:49:07.973 I/flutter (29404): [NET] endpoint=/api/v1/stores/get-stores/all http_status=200
08-15 11:49:08.160 I/flutter (29404): [NET] endpoint=/api/v1/module http_status=200
08-15 11:49:08.330 I/flutter (29404): [NET] endpoint=/api/v1/advertisement/list http_status=200
08-15 11:49:08.963 I/flutter (29404): [NET] endpoint=/api/v1/stores/get-stores/all http_status=200
08-15 11:49:09.114 I/flutter (29404): [NET] endpoint=/api/v1/customer/cart/list http_status=200
08-15 11:49:09.296 I/flutter (29404): [NET] endpoint=/api/v1/customer/cart/list http_status=200
08-15 11:49:09.471 I/flutter (29404): [NET] endpoint=/api/v1/config/get-zone-id http_status=200
08-15 11:49:09.471 I/flutter (29404): [INFO] msg="location: inZone=true"
08-15 11:49:09.475 I/flutter (29404): [NET] GET endpoint=/api/v1/banners
08-15 11:49:09.479 I/flutter (29404): [NET] GET endpoint=/api/v1/module
08-15 11:49:09.479 I/flutter (29404): [NET] GET endpoint=/api/v1/stores/get-stores/all
08-15 11:49:09.840 I/flutter (29404): [NET] endpoint=/api/v1/banners http_status=200
08-15 11:49:09.978 I/flutter (29404): [INFO] msg="home load started"
08-15 11:49:09.978 I/flutter (29404): [NET] GET endpoint=/api/v1/customer/cart/list
08-15 11:49:09.979 I/flutter (29404): [NET] GET endpoint=/api/v1/customer/cart/list
08-15 11:49:09.989 I/flutter (29404): [NET] GET endpoint=/api/v1/config/get-zone-id
08-15 11:49:10.340 I/flutter (29404): [NET] endpoint=/api/v1/module http_status=200
08-15 11:49:10.408 I/flutter (29404): [NET] GET endpoint=/api/v1/banners
08-15 11:49:10.416 I/flutter (29404): [NET] GET endpoint=/api/v1/module
08-15 11:49:10.418 I/flutter (29404): [NET] GET endpoint=/api/v1/stores/get-stores/all
08-15 11:49:11.156 I/flutter (29404): [NET] endpoint=/api/v1/stores/get-stores/all http_status=200
08-15 11:49:11.323 I/flutter (29404): [NET] endpoint=/api/v1/customer/cart/list http_status=200
08-15 11:49:11.529 I/flutter (29404): [NET] endpoint=/api/v1/customer/cart/list http_status=200
08-15 11:49:11.956 I/flutter (29404): [NET] endpoint=/api/v1/banners http_status=200
08-15 11:49:12.738 I/flutter (29404): [NET] endpoint=/api/v1/stores/get-stores/all http_status=200
08-15 11:49:12.953 I/flutter (29404): [NET] endpoint=/api/v1/module http_status=200
08-15 11:49:12.969 I/flutter (29404): [INFO] msg="home load skipped: already loading"
08-15 11:49:12.969 I/flutter (29404): [NET] GET endpoint=/api/v1/customer/cart/list
08-15 11:49:12.970 I/flutter (29404): [NET] GET endpoint=/api/v1/customer/cart/list
08-15 11:49:13.571 I/flutter (29404): [NET] endpoint=/api/v1/banners http_status=200
08-15 11:49:13.722 I/flutter (29404): [NET] GET endpoint=/api/v1/banners
08-15 11:49:13.732 I/flutter (29404): [NET] GET endpoint=/api/v1/module
08-15 11:49:13.736 I/flutter (29404): [NET] GET endpoint=/api/v1/stores/get-stores/all
08-15 11:49:13.831 I/flutter (29404): [NET] endpoint=/api/v1/module http_status=200
08-15 11:49:14.747 I/flutter (29404): [NET] endpoint=/api/v1/stores/get-stores/all http_status=200
08-15 11:49:14.934 I/flutter (29404): [NET] endpoint=/api/v1/customer/cart/list http_status=200
08-15 11:49:15.144 I/flutter (29404): [NET] endpoint=/api/v1/customer/cart/list http_status=200
08-15 11:49:15.380 I/flutter (29404): [NET] endpoint=/api/v1/config/get-zone-id http_status=200
08-15 11:49:15.380 I/flutter (29404): [INFO] msg="location: inZone=true"
08-15 11:49:15.382 I/flutter (29404): [NET] GET endpoint=/api/v1/banners
08-15 11:49:15.389 I/flutter (29404): [NET] GET endpoint=/api/v1/module
08-15 11:49:15.390 I/flutter (29404): [NET] GET endpoint=/api/v1/stores/get-stores/all
08-15 11:49:15.773 I/flutter (29404): [NET] endpoint=/api/v1/banners http_status=200
08-15 11:49:15.992 I/flutter (29404): [NET] endpoint=/api/v1/module http_status=200
08-15 11:49:16.294 I/flutter (29404): [INFO] msg="home load started"
08-15 11:49:16.294 I/flutter (29404): [NET] GET endpoint=/api/v1/customer/cart/list
08-15 11:49:16.294 I/flutter (29404): [NET] GET endpoint=/api/v1/customer/cart/list
08-15 11:49:16.406 I/flutter (29404): [NET] GET endpoint=/api/v1/config/get-zone-id
08-15 11:49:17.033 I/flutter (29404): [NET] endpoint=/api/v1/stores/get-stores/all http_status=200
08-15 11:49:17.300 I/flutter (29404): [NET] endpoint=/api/v1/customer/cart/list http_status=200
08-15 11:49:17.347 I/flutter (29404): [NET] GET endpoint=/api/v1/banners
08-15 11:49:17.351 I/flutter (29404): [NET] GET endpoint=/api/v1/module
08-15 11:49:17.356 I/flutter (29404): [NET] GET endpoint=/api/v1/stores/get-stores/all
08-15 11:49:17.668 I/flutter (29404): [NET] endpoint=/api/v1/customer/cart/list http_status=200
08-15 11:49:18.059 I/flutter (29404): [NET] endpoint=/api/v1/banners http_status=200
08-15 11:49:18.273 I/flutter (29404): [NET] endpoint=/api/v1/module http_status=200
08-15 11:49:19.035 I/flutter (29404): [NET] endpoint=/api/v1/stores/get-stores/all http_status=200
08-15 11:49:19.390 I/flutter (29404): [NET] endpoint=/api/v1/banners http_status=200
08-15 11:49:19.551 I/flutter (29404): [NET] endpoint=/api/v1/module http_status=200
08-15 11:49:19.999 I/flutter (29404): [INFO] msg="home load skipped: already loading"
08-15 11:49:19.999 I/flutter (29404): [NET] GET endpoint=/api/v1/customer/cart/list
08-15 11:49:20.000 I/flutter (29404): [NET] GET endpoint=/api/v1/customer/cart/list
08-15 11:49:20.204 I/flutter (29404): [NET] endpoint=/api/v1/stores/get-stores/all http_status=200
08-15 11:49:20.541 I/flutter (29404): [NET] endpoint=/api/v1/customer/cart/list http_status=200
08-15 11:49:20.817 I/flutter (29404): [NET] endpoint=/api/v1/config/get-zone-id http_status=200
08-15 11:49:20.817 I/flutter (29404): [INFO] msg="location: inZone=true"
08-15 11:49:20.833 I/flutter (29404): [NET] GET endpoint=/api/v1/home/all
08-15 11:49:21.068 I/flutter (29404): [NET] endpoint=/api/v1/customer/cart/list http_status=200
08-15 11:49:21.749 I/flutter (29404): [NET] GET endpoint=/api/v1/banners
08-15 11:49:21.753 I/flutter (29404): [NET] GET endpoint=/api/v1/module
08-15 11:49:21.755 I/flutter (29404): [NET] GET endpoint=/api/v1/stores/get-stores/all
08-15 11:49:21.864 I/flutter (29404): [NET] endpoint=/api/v1/banners http_status=200
08-15 11:49:22.264 I/flutter (29404): [NET] endpoint=/api/v1/module http_status=200
08-15 11:49:22.978 I/flutter (29404): [NET] endpoint=/api/v1/stores/get-stores/all http_status=200
08-15 11:49:23.139 I/flutter (29404): [NET] endpoint=/api/v1/customer/cart/list http_status=200
08-15 11:49:23.328 I/flutter (29404): [NET] endpoint=/api/v1/customer/cart/list http_status=200
08-15 11:49:24.347 I/flutter (29404): [INFO] msg="home load skipped: already loading"
08-15 11:49:24.348 I/flutter (29404): [NET] GET endpoint=/api/v1/customer/cart/list
08-15 11:49:24.348 I/flutter (29404): [NET] GET endpoint=/api/v1/customer/cart/list
08-15 11:49:24.504 I/flutter (29404): [NET] endpoint=/api/v1/home/all http_status=200
08-15 11:49:24.504 I/flutter (29404): [NET] GET endpoint=/api/v1/other-banners
08-15 11:49:24.515 I/flutter (29404): [NET] GET endpoint=/api/v1/common-condition
08-15 11:49:24.577 I/flutter (29404): [NET] GET endpoint=/api/v1/flash-sales
08-15 11:49:24.579 I/flutter (29404): [NET] GET endpoint=/api/v1/items/discounted
08-15 11:49:24.580 I/flutter (29404): [NET] GET endpoint=/api/v1/items/popular
08-15 11:49:24.581 I/flutter (29404): [NET] GET endpoint=/api/v1/items/most-reviewed
08-15 11:49:24.582 I/flutter (29404): [NET] GET endpoint=/api/v1/campaigns/basic
08-15 11:49:24.583 I/flutter (29404): [NET] GET endpoint=/api/v1/campaigns/item
08-15 11:49:24.583 I/flutter (29404): [NET] GET endpoint=/api/v1/items/recommended
08-15 11:49:24.584 I/flutter (29404): [NET] GET endpoint=/api/v1/stores/get-stores/all
08-15 11:49:24.584 I/flutter (29404): [NET] GET endpoint=/api/v1/advertisement/list
08-15 11:49:24.585 I/flutter (29404): [NET] GET endpoint=/api/v1/module
08-15 11:49:24.587 I/flutter (29404): [NET] GET endpoint=/api/v1/items/basic
08-15 11:49:24.588 I/flutter (29404): [NET] GET endpoint=/api/v1/stores/get-stores/all
08-15 11:49:24.900 I/flutter (29404): [NET] GET endpoint=/api/v1/banners
08-15 11:49:24.903 I/flutter (29404): [NET] GET endpoint=/api/v1/module
08-15 11:49:24.904 I/flutter (29404): [NET] GET endpoint=/api/v1/stores/get-stores/all
08-15 11:49:25.082 I/flutter (29404): [NET] endpoint=/api/v1/banners http_status=200
08-15 11:49:25.908 I/flutter (29404): [NET] endpoint=/api/v1/stores/get-stores/all http_status=200
08-15 11:49:26.108 I/flutter (29404): [NET] endpoint=/api/v1/module http_status=200
08-15 11:49:26.309 I/flutter (29404): [NET] endpoint=/api/v1/customer/cart/list http_status=200
08-15 11:49:26.499 I/flutter (29404): [NET] endpoint=/api/v1/customer/cart/list http_status=200
08-15 11:49:26.703 I/flutter (29404): [NET] endpoint=/api/v1/other-banners http_status=200
08-15 11:49:26.868 I/flutter (29404): [NET] endpoint=/api/v1/common-condition http_status=200
08-15 11:49:26.870 I/flutter (29404): [NET] GET endpoint=/api/v1/common-condition/items/1
08-15 11:49:27.348 I/flutter (29404): [NET] endpoint=/api/v1/items/popular http_status=200
08-15 11:49:27.478 I/flutter (29404): [INFO] msg="home load started"
08-15 11:49:27.478 I/flutter (29404): [NET] GET endpoint=/api/v1/customer/cart/list
08-15 11:49:27.478 I/flutter (29404): [NET] GET endpoint=/api/v1/customer/cart/list
08-15 11:49:27.481 I/flutter (29404): [NET] GET endpoint=/api/v1/config/get-zone-id
08-15 11:49:27.622 I/flutter (29404): [NET] endpoint=/api/v1/campaigns/basic http_status=200
08-15 11:49:27.903 I/flutter (29404): [NET] endpoint=/api/v1/items/most-reviewed http_status=200
08-15 11:49:28.170 I/flutter (29404): [NET] endpoint=/api/v1/campaigns/item http_status=200
08-15 11:49:28.244 I/flutter (29404): [NET] GET endpoint=/api/v1/banners
08-15 11:49:28.249 I/flutter (29404): [NET] GET endpoint=/api/v1/module
08-15 11:49:28.250 I/flutter (29404): [NET] GET endpoint=/api/v1/stores/get-stores/all
08-15 11:49:28.702 I/flutter (29404): [NET] endpoint=/api/v1/flash-sales http_status=200
08-15 11:49:29.054 I/flutter (29404): [NET] endpoint=/api/v1/items/discounted http_status=200
08-15 11:49:30.831 I/flutter (29404): [INFO] msg="home load skipped: already loading"
08-15 11:49:30.831 I/flutter (29404): [NET] GET endpoint=/api/v1/customer/cart/list
08-15 11:49:30.832 I/flutter (29404): [NET] GET endpoint=/api/v1/customer/cart/list
08-15 11:49:31.886 I/flutter (29404): [NET] GET endpoint=/api/v1/banners
08-15 11:49:31.900 I/flutter (29404): [NET] GET endpoint=/api/v1/module
08-15 11:49:31.902 I/flutter (29404): [NET] GET endpoint=/api/v1/stores/get-stores/all
08-15 11:49:31.907 I/flutter (29404): [NET] endpoint=/api/v1/items/recommended http_status=200
08-15 11:49:32.579 I/flutter (29404): [NET] endpoint=/api/v1/stores/get-stores/all http_status=200
08-15 11:49:32.779 I/flutter (29404): [NET] endpoint=/api/v1/advertisement/list http_status=200
08-15 11:49:32.994 I/flutter (29404): [NET] endpoint=/api/v1/module http_status=200
08-15 11:49:33.436 I/flutter (29404): [NET] endpoint=/api/v1/items/basic http_status=200
08-15 11:49:33.766 I/flutter (29404): [NET] endpoint=/api/v1/stores/get-stores/all http_status=200
08-15 11:49:34.026 I/flutter (29404): [NET] endpoint=/api/v1/module http_status=200
08-15 11:49:34.366 I/flutter (29404): [NET] endpoint=/api/v1/banners http_status=200
08-15 11:49:34.502 I/flutter (29404): [INFO] msg="home load skipped: already loading"
08-15 11:49:34.502 I/flutter (29404): [NET] GET endpoint=/api/v1/customer/cart/list
08-15 11:49:34.502 I/flutter (29404): [NET] GET endpoint=/api/v1/customer/cart/list
08-15 11:49:35.385 I/flutter (29404): [NET] endpoint=/api/v1/stores/get-stores/all http_status=200
08-15 11:49:35.791 I/flutter (29404): [NET] endpoint=/api/v1/common-condition/items/1 http_status=200
08-15 11:49:36.031 I/flutter (29404): [NET] GET endpoint=/api/v1/banners
08-15 11:49:36.038 I/flutter (29404): [NET] GET endpoint=/api/v1/module
08-15 11:49:36.039 I/flutter (29404): [NET] GET endpoint=/api/v1/stores/get-stores/all
08-15 11:49:36.076 I/flutter (29404): [NET] endpoint=/api/v1/customer/cart/list http_status=200
08-15 11:49:36.268 I/flutter (29404): [NET] endpoint=/api/v1/customer/cart/list http_status=200
08-15 11:49:36.499 I/flutter (29404): [NET] endpoint=/api/v1/config/get-zone-id http_status=200
08-15 11:49:36.499 I/flutter (29404): [INFO] msg="location: inZone=true"
08-15 11:49:36.514 I/flutter (29404): [NET] GET endpoint=/api/v1/banners
08-15 11:49:36.520 I/flutter (29404): [NET] GET endpoint=/api/v1/module
08-15 11:49:36.523 I/flutter (29404): [NET] GET endpoint=/api/v1/stores/get-stores/all
08-15 11:49:37.423 I/flutter (29404): [NET] endpoint=/api/v1/stores/get-stores/all http_status=200
08-15 11:49:37.658 I/flutter (29404): [NET] endpoint=/api/v1/module http_status=200
08-15 11:49:38.050 I/flutter (29404): [NET] endpoint=/api/v1/banners http_status=200
08-15 11:49:38.211 I/flutter (29404): [NET] endpoint=/api/v1/customer/cart/list http_status=200
08-15 11:49:38.420 I/flutter (29404): [NET] endpoint=/api/v1/customer/cart/list http_status=200
08-15 11:49:38.779 I/flutter (29404): [NET] endpoint=/api/v1/banners http_status=200
08-15 11:49:38.980 I/flutter (29404): [NET] endpoint=/api/v1/module http_status=200
08-15 11:49:39.742 I/flutter (29404): [NET] endpoint=/api/v1/stores/get-stores/all http_status=200
08-15 11:49:39.949 I/flutter (29404): [NET] endpoint=/api/v1/customer/cart/list http_status=200
08-15 11:49:40.162 I/flutter (29404): [NET] endpoint=/api/v1/customer/cart/list http_status=200
08-15 11:49:40.619 I/flutter (29404): [NET] endpoint=/api/v1/banners http_status=200
08-15 11:49:40.836 I/flutter (29404): [NET] endpoint=/api/v1/module http_status=200
08-15 11:49:41.612 I/flutter (29404): [NET] endpoint=/api/v1/stores/get-stores/all http_status=200
08-15 11:49:41.941 I/flutter (29404): [NET] endpoint=/api/v1/banners http_status=200
08-15 11:49:42.151 I/flutter (29404): [NET] endpoint=/api/v1/module http_status=200
08-15 11:49:42.898 I/flutter (29404): [NET] endpoint=/api/v1/stores/get-stores/all http_status=200
