# NEARS-1861 — flutter-tagged lines only (raw buffer trimmed; non-flutter Android noise removed)
08-15 11:46:41.612 D/FlutterJNI(29404): Beginning load of flutter...
08-15 11:46:41.617 D/nativeloader(29404): Load /data/app/~~hWclg5_ryTjb3o67L2CAnA==/com.izzes.nears-UfhwLn22TSfcf6vPMVHQ_A==/lib/arm64/libflutter.so using class loader ns clns-9 (caller=/data/app/~~hWclg5_ryTjb3o67L2CAnA==/com.izzes.nears-UfhwLn22TSfcf6vPMVHQ_A==/base.apk!classes22.dex): ok
08-15 11:46:41.618 D/FlutterJNI(29404): flutter (null) was loaded normally!
08-15 11:46:42.333 I/ResourceExtractor(29404): Extracted baseline resource assets/flutter_assets/kernel_blob.bin
08-15 11:46:42.333 I/ResourceExtractor(29404): Extracted baseline resource assets/flutter_assets/vm_snapshot_data
08-15 11:46:42.387 I/ResourceExtractor(29404): Extracted baseline resource assets/flutter_assets/isolate_snapshot_data
08-15 11:46:42.420 I/flutter (29404): [IMPORTANT:flutter/shell/platform/android/android_context_gl_impeller.cc(104)] Using the Impeller rendering backend (OpenGLES).
08-15 11:46:42.478 I/flutter (29404): The Dart VM service is listening on http://127.0.0.1:35541/Yvh3Wz6AqB8=/
08-15 11:46:43.009 I/com.izzes.nears(29404): hiddenapi: Accessing hidden method Landroid/view/accessibility/AccessibilityNodeInfo;->getSourceNodeId()J (runtime_flags=0, domain=platform, api=unsupported,test-api) from Lio/flutter/view/AccessibilityViewEmbedder$ReflectionAccessors; (domain=app, TargetSdkVersion=36) using reflection: allowed
08-15 11:46:43.009 I/com.izzes.nears(29404): hiddenapi: Accessing hidden method Landroid/view/accessibility/AccessibilityRecord;->getSourceNodeId()J (runtime_flags=0, domain=platform, api=unsupported) from Lio/flutter/view/AccessibilityViewEmbedder$ReflectionAccessors; (domain=app, TargetSdkVersion=36) using reflection: allowed
08-15 11:46:43.009 I/com.izzes.nears(29404): hiddenapi: Accessing hidden field Landroid/view/accessibility/AccessibilityNodeInfo;->mChildNodeIds:Landroid/util/LongArray; (runtime_flags=0, domain=platform, api=unsupported) from Lio/flutter/view/AccessibilityViewEmbedder$ReflectionAccessors; (domain=app, TargetSdkVersion=36) using reflection: allowed
08-15 11:46:43.009 I/com.izzes.nears(29404): hiddenapi: Accessing hidden method Landroid/util/LongArray;->get(I)J (runtime_flags=0, domain=platform, api=unsupported) from Lio/flutter/view/AccessibilityViewEmbedder$ReflectionAccessors; (domain=app, TargetSdkVersion=36) using reflection: allowed
08-15 11:46:44.660 I/flutter (29404): 📊 analytics: app_open {}
08-15 11:46:44.716 I/flutter (29404): [INFO] msg="route: building splash route, hasData=false"
08-15 11:46:44.965 I/flutter (29404): [INFO] msg="route: navigating to splash screen"
08-15 11:46:44.971 I/flutter (29404): [INFO] msg="splash: location prefetch initiated"
08-15 11:46:45.021 I/flutter (29404): [NET] GET endpoint=/api/v1/customer/cart/list
08-15 11:46:46.067 I/flutter (29404): [INFO] msg="splash: deeplink resolved canRoute=true"
08-15 11:46:46.067 I/flutter (29404): [INFO] msg="splash: routing"
08-15 11:46:46.120 I/flutter (29404): [NET] GET endpoint=/api/v1/config/get-zone-id
08-15 11:46:46.121 I/flutter (29404): [NET] GET endpoint=/api/v1/module
08-15 11:46:46.122 I/flutter (29404): [NET] GET endpoint=/api/v1/config
08-15 11:46:46.287 I/flutter (29404): [IMPORTANT:flutter/shell/platform/android/android_context_gl_impeller.cc(104)] Using the Impeller rendering backend (OpenGLES).
08-15 11:46:47.179 I/flutter (29404): [NET] endpoint=/api/v1/customer/cart/list http_status=200
08-15 11:46:47.373 I/flutter (29404): [NET] endpoint=/api/v1/config http_status=200
08-15 11:46:47.382 I/flutter (29404): [INFO] msg="splash: deeplink resolved canRoute=true"
08-15 11:46:47.382 I/flutter (29404): [INFO] msg="splash: routing"
08-15 11:46:47.382 I/flutter (29404): [INFO] msg="splash-nav: duplicate boot resolution skipped (config cache+network chain)"
08-15 11:46:47.751 I/flutter (29404): [NET] endpoint=/api/v1/module http_status=200
08-15 11:46:47.925 I/flutter (29404): [WARN] msg="splash-resolver: deadline elapsed -> fallback"
08-15 11:46:47.965 I/flutter (29404): [NET] endpoint=/api/v1/config/get-zone-id http_status=200
08-15 11:46:47.966 I/flutter (29404): [INFO] msg="location: inZone=true"
08-15 11:46:47.984 I/flutter (29404): [WARN] msg="splash-resolver: late resolution -> prime skipped"
08-15 11:46:48.012 I/flutter (29404): [INFO] msg="route: initial route module=food-restaurant"
08-15 11:46:48.013 I/flutter (29404): [INFO] msg="route: waiting for module=food-restaurant"
08-15 11:46:48.014 I/flutter (29404): [INFO] msg="route: checkModuleId configNull=false hasAddress=true fromDeeplink=false"
08-15 11:46:48.014 I/flutter (29404): [INFO] msg="route: not from deeplink, skipping module fetch"
08-15 11:46:48.015 I/flutter (29404): [INFO] msg="route: module future state=ConnectionState.waiting hasData=false hasError=false"
08-15 11:46:48.081 D/WindowOnBackDispatcher(29404): setTopOnBackInvokedCallback (unwrapped): io.flutter.embedding.android.FlutterActivity$1@f966dc3
08-15 11:46:48.097 I/flutter (29404): [INFO] msg="route: module future state=ConnectionState.done hasData=false hasError=false"
08-15 11:46:48.213 I/flutter (29404): [INFO] msg="home load started"
08-15 11:46:48.214 I/flutter (29404): [NET] GET endpoint=/api/v1/config/get-zone-id
08-15 11:46:48.473 I/flutter (29404): [NET] GET endpoint=/api/v1/config/get-zone-id
08-15 11:46:49.492 I/flutter (29404): [NET] endpoint=/api/v1/config/get-zone-id http_status=200
08-15 11:46:49.492 I/flutter (29404): [INFO] msg="location: inZone=true"
08-15 11:46:49.515 I/flutter (29404): [NET] GET endpoint=/api/v1/banners
08-15 11:46:49.584 I/flutter (29404): [NET] endpoint=/api/v1/config/get-zone-id http_status=200
08-15 11:46:49.585 I/flutter (29404): [INFO] msg="location: inZone=true"
08-15 11:46:49.589 I/flutter (29404): [NET] GET endpoint=/api/v1/module
08-15 11:46:49.594 I/flutter (29404): [NET] GET endpoint=/api/v1/stores/get-stores/all
08-15 11:46:50.575 I/flutter (29404): [NET] endpoint=/api/v1/stores/get-stores/all http_status=200
08-15 11:46:50.737 I/flutter (29404): [INFO] msg="location: within 1km of selected address: true"
08-15 11:46:50.737 I/flutter (29404): [INFO] msg="splash: location prefetch completed"
08-15 11:46:50.887 I/flutter (29404): [NET] endpoint=/api/v1/banners http_status=200
08-15 11:46:51.034 I/flutter (29404): [NET] endpoint=/api/v1/module http_status=200
08-15 11:46:51.039 I/flutter (29404): 📊 analytics: sectors_shown {sectors_count: 3, zone_id: 1}
08-15 11:47:15.248 I/flutter (29404): [INFO] msg="home load started"
08-15 11:47:15.249 I/flutter (29404): [NET] GET endpoint=/api/v1/customer/cart/list
08-15 11:47:15.249 I/flutter (29404): [NET] GET endpoint=/api/v1/customer/cart/list
08-15 11:47:15.571 I/flutter (29404): [NET] GET endpoint=/api/v1/config/get-zone-id
08-15 11:47:16.368 I/flutter (29404): [NET] endpoint=/api/v1/customer/cart/list http_status=200
08-15 11:47:16.369 I/flutter (29404): [NET] endpoint=/api/v1/config/get-zone-id http_status=200
08-15 11:47:16.370 I/flutter (29404): [INFO] msg="location: inZone=true"
08-15 11:47:16.382 I/flutter (29404): [NET] GET endpoint=/api/v1/home/all
08-15 11:47:16.801 I/flutter (29404): [NET] endpoint=/api/v1/customer/cart/list http_status=200
08-15 11:47:17.969 I/flutter (29404): [NET] endpoint=/api/v1/home/all http_status=200
08-15 11:47:17.977 I/flutter (29404): [NET] GET endpoint=/api/v1/other-banners
08-15 11:47:18.025 I/flutter (29404): [NET] GET endpoint=/api/v1/flash-sales
08-15 11:47:18.032 I/flutter (29404): [NET] GET endpoint=/api/v1/items/discounted
08-15 11:47:18.034 I/flutter (29404): [NET] GET endpoint=/api/v1/items/popular
08-15 11:47:18.035 I/flutter (29404): [NET] GET endpoint=/api/v1/items/most-reviewed
08-15 11:47:18.040 I/flutter (29404): [NET] GET endpoint=/api/v1/campaigns/basic
08-15 11:47:18.043 I/flutter (29404): [NET] GET endpoint=/api/v1/campaigns/item
08-15 11:47:18.055 I/flutter (29404): [NET] GET endpoint=/api/v1/items/recommended
08-15 11:47:18.057 I/flutter (29404): [NET] GET endpoint=/api/v1/stores/get-stores/all
08-15 11:47:18.068 I/flutter (29404): [NET] GET endpoint=/api/v1/advertisement/list
08-15 11:47:18.069 I/flutter (29404): [NET] GET endpoint=/api/v1/module
08-15 11:47:19.027 I/flutter (29404): [NET] endpoint=/api/v1/advertisement/list http_status=200
08-15 11:47:19.133 I/flutter (29404): [NET] endpoint=/api/v1/other-banners http_status=200
08-15 11:47:19.760 I/flutter (29404): [NET] endpoint=/api/v1/flash-sales http_status=200
08-15 11:47:20.303 I/flutter (29404): [NET] endpoint=/api/v1/items/discounted http_status=200
08-15 11:47:20.942 I/flutter (29404): [NET] endpoint=/api/v1/items/popular http_status=200
08-15 11:47:21.259 I/flutter (29404): [NET] endpoint=/api/v1/campaigns/basic http_status=200
08-15 11:47:21.431 I/flutter (29404): [NET] endpoint=/api/v1/module http_status=200
08-15 11:47:21.584 I/flutter (29404): [NET] endpoint=/api/v1/campaigns/item http_status=200
08-15 11:47:21.761 I/flutter (29404): [NET] endpoint=/api/v1/items/most-reviewed http_status=200
08-15 11:47:24.191 I/flutter (29404): [NET] endpoint=/api/v1/items/recommended http_status=200
08-15 11:47:24.636 I/flutter (29404): [NET] endpoint=/api/v1/stores/get-stores/all http_status=200
08-15 11:47:43.674 I/adbd    (  495): adbd service requested 'exec:run-as 'com.izzes.nears' 'cat' '/data/data/com.izzes.nears/app_flutter/cache_response_new_db.sqlite''
