# NEARS-1861 — flutter-tagged lines only (raw buffer trimmed; non-flutter Android noise removed)
08-15 11:56:27.848 I/flutter (29404): [INFO] msg="home load started"
08-15 11:56:27.848 I/flutter (29404): [NET] GET endpoint=/api/v1/customer/cart/list
08-15 11:56:27.848 I/flutter (29404): [NET] GET endpoint=/api/v1/customer/cart/list
08-15 11:56:27.850 I/flutter (29404): [NET] GET endpoint=/api/v1/config/get-zone-id
08-15 11:56:28.325 I/flutter (29404): [NET] GET endpoint=/api/v1/banners
08-15 11:56:28.328 I/flutter (29404): [NET] GET endpoint=/api/v1/module
08-15 11:56:28.332 I/flutter (29404): [NET] GET endpoint=/api/v1/stores/get-stores/all
08-15 11:56:28.385 I/flutter (29404): [NET] endpoint=/api/v1/customer/cart/list http_status=200
08-15 11:56:28.387 I/flutter (29404): [NET] endpoint=/api/v1/config/get-zone-id http_status=200
08-15 11:56:28.387 I/flutter (29404): [INFO] msg="location: inZone=true"
08-15 11:56:28.396 I/flutter (29404): [NET] GET endpoint=/api/v1/banners
08-15 11:56:28.399 I/flutter (29404): [NET] GET endpoint=/api/v1/module
08-15 11:56:28.400 I/flutter (29404): [NET] GET endpoint=/api/v1/stores/get-stores/all
08-15 11:56:28.487 I/flutter (29404): [NET] endpoint=/api/v1/customer/cart/list http_status=200
08-15 11:56:28.817 I/flutter (29404): [NET] endpoint=/api/v1/banners http_status=200
08-15 11:56:29.057 I/flutter (29404): [NET] endpoint=/api/v1/module http_status=200
08-15 11:56:29.618 I/flutter (29404): [NET] endpoint=/api/v1/stores/get-stores/all http_status=200
08-15 11:56:29.908 I/flutter (29404): [NET] endpoint=/api/v1/banners http_status=200
08-15 11:56:30.077 I/flutter (29404): [NET] endpoint=/api/v1/module http_status=200
08-15 11:56:30.706 I/flutter (29404): [NET] endpoint=/api/v1/stores/get-stores/all http_status=200
08-15 11:56:30.938 I/flutter (29404): [INFO] msg="home load started"
08-15 11:56:30.938 I/flutter (29404): [NET] GET endpoint=/api/v1/customer/cart/list
08-15 11:56:30.939 I/flutter (29404): [NET] GET endpoint=/api/v1/customer/cart/list
08-15 11:56:30.949 I/flutter (29404): [NET] GET endpoint=/api/v1/config/get-zone-id
08-15 11:56:31.731 I/flutter (29404): [NET] endpoint=/api/v1/config/get-zone-id http_status=200
08-15 11:56:31.731 I/flutter (29404): [INFO] msg="location: inZone=true"
08-15 11:56:31.750 I/flutter (29404): [NET] endpoint=/api/v1/customer/cart/list http_status=200
08-15 11:56:31.751 I/flutter (29404): [NET] GET endpoint=/api/v1/home/all
08-15 11:56:31.817 I/flutter (29404): [NET] endpoint=/api/v1/customer/cart/list http_status=200
08-15 11:56:31.945 I/flutter (29404): [NET] GET endpoint=/api/v1/banners
08-15 11:56:31.952 I/flutter (29404): [NET] GET endpoint=/api/v1/module
08-15 11:56:31.956 I/flutter (29404): [NET] GET endpoint=/api/v1/stores/get-stores/all
08-15 11:56:33.138 I/flutter (29404): [NET] endpoint=/api/v1/home/all http_status=200
08-15 11:56:33.138 I/flutter (29404): [NET] GET endpoint=/api/v1/other-banners
08-15 11:56:33.139 I/flutter (29404): [NET] GET endpoint=/api/v1/banners
08-15 11:56:33.141 I/flutter (29404): [NET] GET endpoint=/api/v1/items/discounted
08-15 11:56:33.142 I/flutter (29404): [NET] GET endpoint=/api/v1/items/popular
08-15 11:56:33.142 I/flutter (29404): [NET] GET endpoint=/api/v1/items/most-reviewed
08-15 11:56:33.143 I/flutter (29404): [NET] GET endpoint=/api/v1/campaigns/basic
08-15 11:56:33.143 I/flutter (29404): [NET] GET endpoint=/api/v1/campaigns/item
08-15 11:56:33.143 I/flutter (29404): [NET] GET endpoint=/api/v1/items/recommended
08-15 11:56:33.144 I/flutter (29404): [NET] GET endpoint=/api/v1/stores/get-stores/all
08-15 11:56:33.144 I/flutter (29404): [NET] GET endpoint=/api/v1/advertisement/list
08-15 11:56:33.145 I/flutter (29404): [NET] GET endpoint=/api/v1/module
08-15 11:56:33.149 I/flutter (29404): [NET] GET endpoint=/api/v1/stores/get-stores/all
08-15 11:56:33.439 I/flutter (29404): [NET] endpoint=/api/v1/banners http_status=200
08-15 11:56:33.603 I/flutter (29404): [NET] endpoint=/api/v1/module http_status=200
08-15 11:56:34.178 I/flutter (29404): [NET] endpoint=/api/v1/stores/get-stores/all http_status=200
08-15 11:56:34.314 I/flutter (29404): [NET] endpoint=/api/v1/other-banners http_status=200
08-15 11:56:34.509 I/flutter (29404): [INFO] msg="home load started"
08-15 11:56:34.510 I/flutter (29404): [NET] GET endpoint=/api/v1/customer/cart/list
08-15 11:56:34.511 I/flutter (29404): [NET] GET endpoint=/api/v1/customer/cart/list
08-15 11:56:34.515 I/flutter (29404): [NET] GET endpoint=/api/v1/config/get-zone-id
08-15 11:56:34.636 I/flutter (29404): [NET] endpoint=/api/v1/banners http_status=200
08-15 11:56:35.121 I/flutter (29404): [NET] endpoint=/api/v1/items/discounted http_status=200
08-15 11:56:35.800 I/flutter (29404): [NET] endpoint=/api/v1/items/popular http_status=200
08-15 11:56:36.073 I/flutter (29404): [NET] endpoint=/api/v1/items/most-reviewed http_status=200
08-15 11:56:36.075 I/flutter (29404): [NET] GET endpoint=/api/v1/banners
08-15 11:56:36.093 I/flutter (29404): [NET] GET endpoint=/api/v1/module
08-15 11:56:36.094 I/flutter (29404): [NET] GET endpoint=/api/v1/stores/get-stores/all
08-15 11:56:36.191 I/flutter (29404): [NET] endpoint=/api/v1/campaigns/basic http_status=200
08-15 11:56:36.402 I/flutter (29404): [NET] endpoint=/api/v1/campaigns/item http_status=200
08-15 11:56:38.294 I/flutter (29404): [NET] endpoint=/api/v1/items/recommended http_status=200
08-15 11:56:38.690 I/flutter (29404): [INFO] msg="home load skipped: already loading"
08-15 11:56:38.691 I/flutter (29404): [NET] GET endpoint=/api/v1/customer/cart/list
08-15 11:56:38.691 I/flutter (29404): [NET] GET endpoint=/api/v1/customer/cart/list
08-15 11:56:38.876 I/flutter (29404): [NET] endpoint=/api/v1/stores/get-stores/all http_status=200
08-15 11:56:38.988 I/flutter (29404): [NET] endpoint=/api/v1/advertisement/list http_status=200
08-15 11:56:39.286 I/flutter (29404): [NET] GET endpoint=/api/v1/banners
08-15 11:56:39.302 I/flutter (29404): [NET] GET endpoint=/api/v1/module
08-15 11:56:39.304 I/flutter (29404): [NET] GET endpoint=/api/v1/stores/get-stores/all
08-15 11:56:39.877 I/flutter (29404): [NET] endpoint=/api/v1/stores/get-stores/all http_status=200
08-15 11:56:40.030 I/flutter (29404): [NET] endpoint=/api/v1/module http_status=200
08-15 11:56:40.172 I/flutter (29404): [NET] endpoint=/api/v1/customer/cart/list http_status=200
08-15 11:56:40.337 I/flutter (29404): [NET] endpoint=/api/v1/customer/cart/list http_status=200
08-15 11:56:40.504 I/flutter (29404): [NET] endpoint=/api/v1/config/get-zone-id http_status=200
08-15 11:56:40.504 I/flutter (29404): [INFO] msg="location: inZone=true"
08-15 11:56:40.506 I/flutter (29404): [NET] GET endpoint=/api/v1/banners
08-15 11:56:40.510 I/flutter (29404): [NET] GET endpoint=/api/v1/module
08-15 11:56:40.510 I/flutter (29404): [NET] GET endpoint=/api/v1/stores/get-stores/all
08-15 11:56:40.802 I/flutter (29404): [NET] endpoint=/api/v1/banners http_status=200
08-15 11:56:40.979 I/flutter (29404): [NET] endpoint=/api/v1/module http_status=200
08-15 11:56:41.538 I/flutter (29404): [NET] endpoint=/api/v1/stores/get-stores/all http_status=200
08-15 11:56:41.673 I/flutter (29404): [NET] endpoint=/api/v1/customer/cart/list http_status=200
08-15 11:56:41.869 I/flutter (29404): [INFO] msg="home load started"
08-15 11:56:41.870 I/flutter (29404): [NET] GET endpoint=/api/v1/customer/cart/list
08-15 11:56:41.870 I/flutter (29404): [NET] GET endpoint=/api/v1/customer/cart/list
08-15 11:56:41.871 I/flutter (29404): [NET] endpoint=/api/v1/customer/cart/list http_status=200
08-15 11:56:41.873 I/flutter (29404): [NET] GET endpoint=/api/v1/config/get-zone-id
08-15 11:56:42.269 I/flutter (29404): [NET] endpoint=/api/v1/banners http_status=200
08-15 11:56:42.579 I/flutter (29404): [NET] endpoint=/api/v1/module http_status=200
08-15 11:56:42.815 I/flutter (29404): [NET] GET endpoint=/api/v1/banners
08-15 11:56:42.819 I/flutter (29404): [NET] GET endpoint=/api/v1/module
08-15 11:56:42.822 I/flutter (29404): [NET] GET endpoint=/api/v1/stores/get-stores/all
08-15 11:56:43.329 I/flutter (29404): [NET] endpoint=/api/v1/stores/get-stores/all http_status=200
08-15 11:56:43.629 I/flutter (29404): [NET] endpoint=/api/v1/banners http_status=200
08-15 11:56:43.773 I/flutter (29404): [NET] endpoint=/api/v1/module http_status=200
08-15 11:56:44.326 I/flutter (29404): [NET] endpoint=/api/v1/stores/get-stores/all http_status=200
08-15 11:56:44.466 I/flutter (29404): [NET] endpoint=/api/v1/customer/cart/list http_status=200
08-15 11:56:44.631 I/flutter (29404): [NET] endpoint=/api/v1/customer/cart/list http_status=200
08-15 11:56:44.780 I/flutter (29404): [NET] endpoint=/api/v1/config/get-zone-id http_status=200
08-15 11:56:44.780 I/flutter (29404): [INFO] msg="location: inZone=true"
08-15 11:56:44.786 I/flutter (29404): [NET] GET endpoint=/api/v1/banners
08-15 11:56:44.798 I/flutter (29404): [NET] GET endpoint=/api/v1/module
08-15 11:56:44.803 I/flutter (29404): [NET] GET endpoint=/api/v1/stores/get-stores/all
08-15 11:56:45.127 I/flutter (29404): [NET] endpoint=/api/v1/banners http_status=200
08-15 11:56:45.328 I/flutter (29404): [NET] endpoint=/api/v1/module http_status=200
08-15 11:56:45.434 I/flutter (29404): [INFO] msg="home load started"
08-15 11:56:45.434 I/flutter (29404): [NET] GET endpoint=/api/v1/customer/cart/list
08-15 11:56:45.434 I/flutter (29404): [NET] GET endpoint=/api/v1/customer/cart/list
08-15 11:56:45.447 I/flutter (29404): [NET] GET endpoint=/api/v1/config/get-zone-id
08-15 11:56:46.377 I/flutter (29404): [NET] endpoint=/api/v1/stores/get-stores/all http_status=200
08-15 11:56:46.889 I/flutter (29404): [NET] endpoint=/api/v1/banners http_status=200
08-15 11:56:46.895 I/flutter (29404): [NET] GET endpoint=/api/v1/banners
08-15 11:56:46.910 I/flutter (29404): [NET] GET endpoint=/api/v1/module
08-15 11:56:46.914 I/flutter (29404): [NET] GET endpoint=/api/v1/stores/get-stores/all
08-15 11:56:47.617 I/flutter (29404): [NET] endpoint=/api/v1/stores/get-stores/all http_status=200
08-15 11:56:47.766 I/flutter (29404): [NET] endpoint=/api/v1/module http_status=200
08-15 11:56:47.932 I/flutter (29404): [NET] endpoint=/api/v1/customer/cart/list http_status=200
08-15 11:56:48.093 I/flutter (29404): [NET] endpoint=/api/v1/customer/cart/list http_status=200
08-15 11:56:48.278 I/flutter (29404): [NET] endpoint=/api/v1/config/get-zone-id http_status=200
08-15 11:56:48.278 I/flutter (29404): [INFO] msg="location: inZone=true"
08-15 11:56:48.282 I/flutter (29404): [NET] GET endpoint=/api/v1/banners
08-15 11:56:48.284 I/flutter (29404): [NET] GET endpoint=/api/v1/module
08-15 11:56:48.288 I/flutter (29404): [NET] GET endpoint=/api/v1/stores/get-stores/all
08-15 11:56:48.612 I/flutter (29404): [NET] endpoint=/api/v1/banners http_status=200
08-15 11:56:48.789 I/flutter (29404): [NET] endpoint=/api/v1/module http_status=200
08-15 11:56:49.470 I/flutter (29404): [NET] endpoint=/api/v1/stores/get-stores/all http_status=200
08-15 11:56:49.756 I/flutter (29404): [NET] endpoint=/api/v1/banners http_status=200
08-15 11:56:49.935 I/flutter (29404): [NET] endpoint=/api/v1/module http_status=200
08-15 11:56:50.557 I/flutter (29404): [NET] endpoint=/api/v1/stores/get-stores/all http_status=200
