I/flutter ( 8149): 📊 analytics: stat_card_tapped {card: wallet, screen: profile, section: stats, source: profile}
I/flutter ( 8149): [NET] GET endpoint=/api/v1/customer/wallet/bonuses
I/flutter ( 8149): [NET] GET endpoint=/api/v1/customer/wallet/transactions
I/flutter ( 8149): [NET] endpoint=/api/v1/customer/wallet/transactions http_status=200
I/flutter ( 8149): [NET] endpoint=/api/v1/customer/wallet/bonuses http_status=200
I/flutter ( 8149): [NET] GET endpoint=/api/v1/customer/loyalty-point/transactions
I/flutter ( 8149): [NET] endpoint=/api/v1/customer/loyalty-point/transactions http_status=200
I/flutter ( 8149): [FAIL] endpoint=/api/v1/customer/info http_status=null type=ApiFailure transport_error=client msg="api request threw" correlation_id=96c2862b-8c70-46a8-8b72-3a662e8bdad1
I/flutter ( 8149): [FAIL] endpoint=/api/v1/customer/info http_status=null type=ApiFailure msg="profile load failed"
I/flutter ( 8149): [FAIL] endpoint=/api/v1/customer/notifications http_status=null type=ApiFailure transport_error=socket msg="api request threw" correlation_id=632cf763-e862-4def-b883-79145e57b9d3
I/flutter ( 8149): [FAIL] endpoint=/api/v1/customer/notifications http_status=1 type=ApiFailure msg="notifications fetch failed"
I/flutter ( 8149): [FAIL] endpoint=/api/v1/customer/order/buy-it-again http_status=null type=ApiFailure transport_error=socket msg="api request threw" correlation_id=2e52d0a2-f812-486c-940d-5e07094a5b4e
I/flutter ( 8149): [FAIL] endpoint=/api/v1/customer/order/running-orders http_status=null type=ApiFailure transport_error=socket msg="api request threw" correlation_id=f0605705-2c6f-4dde-8f11-9cae4e347fbf
I/flutter ( 8149): 📊 analytics: profile_menu_tapped {row: wallet, position: 10, screen: profile, section: menu_list, source: bottom_nav}
I/flutter ( 8149): [NET] GET endpoint=/api/v1/customer/wallet/bonuses
I/flutter ( 8149): [NET] GET endpoint=/api/v1/customer/wallet/transactions
I/flutter ( 8149): [FAIL] endpoint=/api/v1/customer/wallet/transactions http_status=null type=ApiFailure transport_error=socket msg="api request threw" correlation_id=3211a258-a984-4d04-8df9-b7b5fbc68c2e
I/flutter ( 8149): [FAIL] endpoint=/api/v1/customer/wallet/bonuses http_status=null type=ApiFailure transport_error=socket msg="api request threw" correlation_id=9ccb285e-c4c5-4db8-b828-82218ca953a1
I/flutter ( 8149): [FAIL] endpoint=/api/v1/customer/info http_status=null type=ApiFailure transport_error=socket msg="api request threw" correlation_id=e5ddc7e3-a55c-4f9b-ab2e-cc80ed4a79cc
I/flutter ( 8149): [FAIL] endpoint=/api/v1/customer/info http_status=null type=ApiFailure msg="profile load failed"
I/flutter ( 8149): [NET] GET endpoint=/api/v1/customer/wallet/transactions
I/flutter ( 8149): [NET] endpoint=/api/v1/customer/wallet/transactions http_status=200
