=== (e1) customer parcel cancel PUT /api/v1/customer/order/cancel 9211 trigger ON
-- BEFORE
id	ot	st	ps	refund_at	cb	refund_rows
9211	parcel	pending	paid	NULL	NULL	0
admin_digital_received	item335_stock	dm1_current_orders	user6_wallet	triggers
1000.00	116	3	0.000	1
-- RESPONSE
{"errors":[{"code":"wallet","message":"Something went wrong"}]}
HTTP 500
-- AFTER
id	ot	st	ps	refund_at	cb	refund_rows
9211	parcel	pending	paid	NULL	NULL	0
admin_digital_received	item335_stock	dm1_current_orders	user6_wallet	triggers
1000.00	116	3	0.000	1
-- LOG (since call, [FAIL]/[WARN] only)
[2026-10-09 15:59:29] production.ERROR: [FAIL] cancel refund rolled back {"trace_id":"5df0fa8847415087c6d1c8f6f8ed6f96","correlation_id":"56afd040-3369-4424-b70c-4b46ea26e596","endpoint":"/api/v1/customer/order/cancel","order_id":9211,"type":"App\\Exceptions\\RefundFailedExceptio
=== (e2) DM parcel cancel PUT /api/v1/delivery-man/update-order-status 9212 trigger ON
-- BEFORE
id	ot	st	ps	refund_at	cb	refund_rows
9212	parcel	accepted	paid	NULL	NULL	0
admin_digital_received	item335_stock	dm1_current_orders	user6_wallet	triggers
1000.00	116	3	0.000	1
-- RESPONSE
{"errors":[{"code":"wallet","message":"Something went wrong"}]}
HTTP 500
-- AFTER
id	ot	st	ps	refund_at	cb	refund_rows
9212	parcel	accepted	paid	NULL	NULL	0
admin_digital_received	item335_stock	dm1_current_orders	user6_wallet	triggers
1000.00	116	3	0.000	1
-- LOG (since call, [FAIL]/[WARN] only)
[2026-10-09 15:59:29] production.ERROR: [FAIL] cancel refund rolled back {"trace_id":"38481f6ec4f9c8353aec2481fb1c0f21","correlation_id":"98c743eb-e987-4868-8097-a9d7eb4f4143","endpoint":"/api/v1/delivery-man/update-order-status","order_id":9212,"type":"App\\Exceptions\\RefundFai
k	n
parcel_cancellations rows for 9211,9212 (expect 0)	0
=== (e3) customer parcel RETURN POST /api/v1/customer/order/parcel-return 9213 trigger ON
-- BEFORE
id	ot	st	ps	refund_at	cb	refund_rows
9213	parcel	canceled	paid	NULL	deliveryman	0
admin_digital_received	item335_stock	dm1_current_orders	user6_wallet	triggers
1000.00	116	3	0.000	1
-- RESPONSE
{"errors":[{"code":"wallet","message":"Something went wrong"}]}
HTTP 500
-- AFTER
id	ot	st	ps	refund_at	cb	refund_rows
9213	parcel	canceled	paid	NULL	deliveryman	0
admin_digital_received	item335_stock	dm1_current_orders	user6_wallet	triggers
1000.00	116	3	0.000	1
-- LOG (since call, [FAIL]/[WARN] only)
[2026-10-09 15:59:29] production.ERROR: [FAIL] cancel refund rolled back {"trace_id":"5e74289c44b5f6f8fdfe9047185c76ab","correlation_id":"6274284a-85a0-494f-9a19-9483d4671574","endpoint":"/api/v1/customer/order/parcel-return","order_id":9213,"type":"App\\Exceptions\\RefundFailedE
=== (e4) DM parcel RETURN POST /api/v1/delivery-man/parcel-return 9214 trigger ON
-- BEFORE
id	ot	st	ps	refund_at	cb	refund_rows
9214	parcel	canceled	paid	NULL	deliveryman	0
admin_digital_received	item335_stock	dm1_current_orders	user6_wallet	triggers
1000.00	116	3	0.000	1
-- RESPONSE
{"errors":[{"code":"wallet","message":"Something went wrong"}]}
HTTP 500
-- AFTER
id	ot	st	ps	refund_at	cb	refund_rows
9214	parcel	canceled	paid	NULL	deliveryman	0
admin_digital_received	item335_stock	dm1_current_orders	user6_wallet	triggers
1000.00	116	3	0.000	1
-- LOG (since call, [FAIL]/[WARN] only)
[2026-10-09 15:59:29] production.ERROR: [FAIL] cancel refund rolled back {"trace_id":"597b5dd6ba53f949d73efd9b013f1533","correlation_id":"aae5762a-00b4-4137-8b08-0052e19e322a","endpoint":"/api/v1/delivery-man/parcel-return","order_id":9214,"type":"App\\Exceptions\\RefundFailedExc
order_id	return_fee_payment_status	is_delivery_charge_refundable
9213	unpaid	0
9214	unpaid	0
