=== (e1) customer parcel cancel 9211 trigger ON
-- BEFORE
id	ot	st	ps	refund_at	cb	refund_rows
9211	parcel	pending	paid	NULL	NULL	0
admin_digital_received	item335_stock	dm1_current_orders	user6_wallet	triggers
967.00	119	3	74.000	1
-- RESPONSE
{"errors":[{"code":"wallet","message":"Something went wrong"}]}
HTTP 500
-- AFTER
id	ot	st	ps	refund_at	cb	refund_rows
9211	parcel	pending	paid	NULL	NULL	0
admin_digital_received	item335_stock	dm1_current_orders	user6_wallet	triggers
967.00	119	3	74.000	1
-- LOG (since call, [FAIL]/[WARN] only)
[2026-10-09 15:56:51] production.ERROR: [FAIL] cancel refund rolled back {"trace_id":"fa6a600a929237f04df37e6bba702450","correlation_id":"89c12a91-5b8d-4e7f-94ea-82beb670bda2","endpoint":"/api/v1/customer/order/cancel","order_id":9211,"type":"App\\Exceptions\\RefundFailedExceptio
=== (e2) DM parcel cancel 9212 trigger ON
-- BEFORE
id	ot	st	ps	refund_at	cb	refund_rows
9212	parcel	accepted	paid	NULL	NULL	0
admin_digital_received	item335_stock	dm1_current_orders	user6_wallet	triggers
967.00	119	3	74.000	1
-- RESPONSE
{"errors":[{"code":"wallet","message":"Something went wrong"}]}
HTTP 500
-- AFTER
id	ot	st	ps	refund_at	cb	refund_rows
9212	parcel	accepted	paid	NULL	NULL	0
admin_digital_received	item335_stock	dm1_current_orders	user6_wallet	triggers
967.00	119	3	74.000	1
-- LOG (since call, [FAIL]/[WARN] only)
[2026-10-09 15:56:51] production.ERROR: [FAIL] cancel refund rolled back {"trace_id":"dab1d262d2cda3d576355b41083b4758","correlation_id":"07cd5e22-847e-4e50-b643-45939ef3bcc7","endpoint":"/api/v1/delivery-man/update-order-status","order_id":9212,"type":"App\\Exceptions\\RefundFai
c	count(*)
parcel_cancellations for 9211/9212 (expect 0)	0
