=== (a) vendor cancel 9221 trigger ON
-- BEFORE
id	ot	st	ps	refund_at	cb	refund_rows
9221	delivery	pending	paid	NULL	NULL	0
admin_digital_received	item335_stock	dm1_current_orders	user6_wallet	triggers
967.00	119	3	74.000	1
-- RESPONSE
{"errors":[{"code":"wallet","message":"Something went wrong"}]}
HTTP 500
-- AFTER
id	ot	st	ps	refund_at	cb	refund_rows
9221	delivery	pending	paid	NULL	NULL	0
admin_digital_received	item335_stock	dm1_current_orders	user6_wallet	triggers
967.00	119	3	74.000	1
-- LOG (since call, [FAIL]/[WARN] only)
[2026-10-09 15:56:21] production.ERROR: [FAIL] cancel refund rolled back {"trace_id":"d0b6e2fadebb395fc5df07ec094d9066","correlation_id":"3d284c75-72f4-4b48-9a26-468e91f7dcc2","endpoint":"/api/v1/vendor/update-order-status","order_id":9221,"type":"App\\Exceptions\\RefundFailedExc
=== (a) vendor cancel 9222 trigger ON
-- BEFORE
id	ot	st	ps	refund_at	cb	refund_rows
9222	delivery	pending	partially_paid	NULL	NULL	0
admin_digital_received	item335_stock	dm1_current_orders	user6_wallet	triggers
967.00	119	3	74.000	1
-- RESPONSE
{"errors":[{"code":"wallet","message":"Something went wrong"}]}
HTTP 500
-- AFTER
id	ot	st	ps	refund_at	cb	refund_rows
9222	delivery	pending	partially_paid	NULL	NULL	0
admin_digital_received	item335_stock	dm1_current_orders	user6_wallet	triggers
967.00	119	3	74.000	1
-- LOG (since call, [FAIL]/[WARN] only)
[2026-10-09 15:56:21] production.ERROR: [FAIL] cancel refund rolled back {"trace_id":"5e8ea2da41824a9d70ef4646165db324","correlation_id":"69ec42c4-3819-4b23-b30e-cc792f24c481","endpoint":"/api/v1/vendor/update-order-status","order_id":9222,"type":"App\\Exceptions\\RefundFailedExc
