=== (e6) admin PARCEL RETURN GET /admin/order/parcel-return 9216 trigger ON
-- BEFORE
id	ot	st	ps	refund_at	cb	refund_rows
9216	parcel	canceled	paid	NULL	deliveryman	0
admin_digital_received	item335_stock	dm1_current_orders	user6_wallet	triggers
1000.00	116	3	0.000	1
-- RESPONSE
HTTP/1.1 302 Found
Location: http://localhost:8493/admin/order/details/9216
-- flash written by THIS request (admin session, only if newer than marker):
"type";s:5:"error" "message";s:20:"Something went wrong" 
-- AFTER
id	ot	st	ps	refund_at	cb	refund_rows
9216	parcel	canceled	paid	NULL	deliveryman	0
admin_digital_received	item335_stock	dm1_current_orders	user6_wallet	triggers
1000.00	116	3	0.000	1
-- LOG
[2026-10-09 16:00:50] production.ERROR: [FAIL] cancel refund rolled back {"trace_id":"f1bdd109e70fd8f1b9ad5e2449b32c07","correlation_id":"6aeaf8e4-8f4f-44e7-90fa-cd2f71db82ee","endpoint":"/admin/order/parcel-return","order_id":9216,"type":"App\\Exceptions\\RefundFailedException"} 
order_id	return_fee_payment_status
9216	unpaid
