=== RETRY (c) store panel cancel 9206 trigger DROPPED
-- BEFORE
id	ot	st	ps	refund_at	cb	refund_rows
9206	delivery	pending	paid	NULL	NULL	0
admin_digital_received	item335_stock	dm1_current_orders	user6_wallet	triggers
881.50	120	1	118.500	0
-- RESPONSE
HTTP/1.1 302 Found
Location: http://localhost:8493/vendor-panel/order/details/9206
-- flash written by THIS request (session, only if newer than marker):
"type";s:7:"success" "message";s:20:"Order status updated" 
-- AFTER
id	ot	st	ps	refund_at	cb	refund_rows
9206	delivery	canceled	paid	2026-10-09 16:01:43	store	1
admin_digital_received	item335_stock	dm1_current_orders	user6_wallet	triggers
858.50	121	0	141.500	0
-- LOG
=== RETRY (d) admin cancel 9205 trigger DROPPED
-- BEFORE
id	ot	st	ps	refund_at	cb	refund_rows
9205	delivery	pending	paid	NULL	NULL	0
admin_digital_received	item335_stock	dm1_current_orders	user6_wallet	triggers
858.50	121	0	141.500	0
-- RESPONSE
HTTP/1.1 302 Found
Location: http://localhost:8493/admin/order/details/9205
-- flash written by THIS request (session, only if newer than marker):
"type";s:7:"success" "message";s:20:"Order status updated" 
-- AFTER
id	ot	st	ps	refund_at	cb	refund_rows
9205	delivery	canceled	paid	2026-10-09 16:01:44	admin	1
admin_digital_received	item335_stock	dm1_current_orders	user6_wallet	triggers
835.50	122	0	164.500	0
-- LOG
