=== (e5) admin PARCEL CANCEL PUT /admin/order/cancel-parcel 9215 trigger ON
-- BEFORE
id	ot	st	ps	refund_at	cb	refund_rows
9215	parcel	accepted	paid	NULL	NULL	0
admin_digital_received	item335_stock	dm1_current_orders	user6_wallet	triggers
1000.00	116	3	0.000	1
-- RESPONSE
HTTP/1.1 302 Found
Location: http://localhost:8493/admin/order/details/9215
-- flash written by THIS request (admin session, only if newer than marker):
"type";s:5:"error" "message";s:20:"Something went wrong" 
-- AFTER
id	ot	st	ps	refund_at	cb	refund_rows
9215	parcel	accepted	paid	NULL	NULL	0
admin_digital_received	item335_stock	dm1_current_orders	user6_wallet	triggers
1000.00	116	3	0.000	1
-- LOG
[2026-10-09 16:00:42] production.ERROR: [FAIL] cancel refund rolled back {"trace_id":"6cb35f7f092867b2262f5364a847481c","correlation_id":"17da9d4c-225c-4506-8775-8266135169d1","endpoint":"/admin/order/cancel-parcel","order_id":9215,"type":"App\\Exceptions\\RefundFailedException"} 
k	n
parcel_cancellations rows for 9215 (expect 0)	0
