W/Google Android Maps SDK(13061): Buildings are not supported in Lite Mode
I/GoogleMapController(13061): No TextureView found. Likely using the LEGACY renderer.
W/Google Android Maps SDK(13061): setOnCameraMoveStartedListener is not supported in Lite Mode
W/Google Android Maps SDK(13061): setOnCameraMoveListener is not supported in Lite Mode
W/Google Android Maps SDK(13061): setOnCameraIdleListener is not supported in Lite Mode
W/Google Android Maps SDK(13061): Ground overlays are not supported in Lite Mode
I/Surface (13061): Creating surface for consumer unnamed-13061-8 with slotExpansion=1 for 64 slots
I/Surface (13061): Creating surface for consumer ImageReader-288x288f22m7-13061-5 with slotExpansion=1 for 64 slots
I/flutter (13061): [NET] endpoint=/api/v1/config/distance-api http_status=200
I/flutter (13061): [WARN] msg="checkout: distance response near-zero (ROUTE_EXISTS, no distanceMeters) — using straight-line fallback"
I/flutter (13061): [NET] GET endpoint=/api/v1/vehicle/extra_charge
E/ConsumerBase(13061): [ImageReader-1x1f22m7-13061-4] abandonLocked: ConsumerBase is abandoned!
I/flutter (13061): [NET] POST endpoint=/api/v1/config/delivery-quote
I/flutter (13061): [NET] endpoint=/api/v1/customer/order/get-Tax http_status=200
I/flutter (13061): [NET] GET endpoint=/api/v1/cashback/getCashback
I/flutter (13061): [NET] POST endpoint=/api/v1/config/delivery-quote
I/flutter (13061): [NET] endpoint=/api/v1/config/delivery-quote http_status=429
I/flutter (13061): ----------------FIREBASE CRASHLYTICS----------------
I/flutter (13061): The following exception was thrown delivery-quote fetch failed:
I/flutter (13061): ApiFailure(status: 429)
I/flutter (13061): #0      LocationRepository.getDeliveryQuote (package:nears/features/location/domain/repositories/location_repository.dart:96:20)
I/flutter (13061): <asynchronous suspension>
I/flutter (13061): #1      LocationService.getDeliveryQuote (package:nears/features/location/domain/services/location_service.dart:60:12)
I/flutter (13061): <asynchronous suspension>
I/flutter (13061): #2      PricingService.calculateOriginalDeliveryCharge (package:nears/features/cart/domain/services/pricing_service.dart:690:15)
I/flutter (13061): <asynchronous suspension>
I/flutter (13061): #3      PricingSummaryController._runDeliveryQuote (package:nears/features/checkout/controllers/pricing_summary_controller.dart:356:11)
I/flutter (13061): <asynchronous suspension>
I/flutter (13061): ----------------------------------------------------
I/flutter (13061): [FAIL] endpoint=/api/v1/config/delivery-quote http_status=429 type=ApiFailure msg="delivery-quote fetch failed" correlation_id=602ff87c-c338-4ff4-a3f8-ff9ed7be5b11
I/flutter (13061): [NET] endpoint=/api/v1/vehicle/extra_charge http_status=200
I/flutter (13061): [NET] endpoint=/api/v1/cashback/getCashback http_status=200
I/flutter (13061): [NET] endpoint=/api/v1/config/delivery-quote http_status=429
I/flutter (13061): ----------------FIREBASE CRASHLYTICS----------------
I/flutter (13061): The following exception was thrown delivery-quote fetch failed:
I/flutter (13061): ApiFailure(status: 429)
I/flutter (13061): #0      LocationRepository.getDeliveryQuote (package:nears/features/location/domain/repositories/location_repository.dart:96:20)
I/flutter (13061): <asynchronous suspension>
I/flutter (13061): #1      LocationService.getDeliveryQuote (package:nears/features/location/domain/services/location_service.dart:60:12)
I/flutter (13061): <asynchronous suspension>
I/flutter (13061): #2      PricingService.calculateOriginalDeliveryCharge (package:nears/features/cart/domain/services/pricing_service.dart:690:15)
I/flutter (13061): <asynchronous suspension>
I/flutter (13061): #3      PricingSummaryController._runDeliveryQuote (package:nears/features/checkout/controllers/pricing_summary_controller.dart:356:11)
I/flutter (13061): <asynchronous suspension>
I/flutter (13061): ----------------------------------------------------
I/flutter (13061): [FAIL] endpoint=/api/v1/config/delivery-quote http_status=429 type=ApiFailure msg="delivery-quote fetch failed" correlation_id=6b104502-1bda-4710-93c8-26445c04ee78
