# FIX build 2cdced37b  (pkg com.izzes.nears.nears_nears_3896_reorder_analytics_conte, emulator-5554, backend :8130 private DB multi_food_db_qa_bug3896)
# capture: adb -s emulator-5554 logcat -v time -s flutter FA FA-SVC   (filtered: grep -a -E 'analytics: (reorder_|view_cart|add_to_cart|order_details_opened)|reorder:|\[FAIL\]|\[ERR\]')
# FA/FA-SVC tags produced 0 lines (worktree build has no google-services.json by sprint rule) -> the flutter-tag debug mirror ('📊 analytics:') is the observed channel
09-30 11:12:22.848 I/flutter (24988): 📊 analytics: add_to_cart {item_id: 686, price: 57.08, quantity: 7, currency: AED, value: 399.56, store_id: 58, is_available: 1}
09-30 11:12:24.398 I/flutter (24988): 📊 analytics: view_cart {value: 504.2647999999999, currency: AED, item_count: 2, store_count: 2, screen: basket, source: store_basket_bar}
09-30 11:12:53.568 I/flutter (24988): 📊 analytics: add_to_cart {item_id: 686, price: 57.08, quantity: 7, currency: AED, value: 399.56, store_id: 58, is_available: 1}
09-30 11:12:54.579 I/flutter (24988): 📊 analytics: view_cart {value: 863.8688, currency: AED, item_count: 2, store_count: 2, screen: basket, source: store_basket_bar}
09-30 11:12:57.354 I/flutter (24988): 📊 analytics: view_cart {value: 863.8688, currency: AED, item_count: 2, store_count: 2, screen: basket, source: reorder}
09-30 11:13:32.400 I/flutter (24988): [INFO] msg="reorder: open-store fallback reason=module_mismatch order_id=91402"
09-30 11:13:32.402 I/flutter (24988): 📊 analytics: reorder_basket_conflict_shown {order_id: 91402, other_store_count: 2, screen: order_screen, section: order_list, source: reorder}
09-30 11:13:44.679 I/flutter (24988): 📊 analytics: reorder_basket_choice {order_id: 91402, choice: keep, screen: order_screen, section: order_list, source: reorder}
09-30 11:14:05.796 I/flutter (24988): 📊 analytics: order_details_opened {order_id: 91402, order_status: failed, module: grocery, screen: order_details, source: order_list}
09-30 11:15:25.197 I/flutter (24988): 📊 analytics: reorder_tapped {order_id: 91402, module: grocery, order_status: failed, screen: order_details, source: sticky_cta}
09-30 11:15:25.197 I/flutter (24988): [INFO] msg="reorder: open-store fallback reason=module_mismatch order_id=91402"
09-30 11:15:25.198 I/flutter (24988): 📊 analytics: reorder_basket_conflict_shown {order_id: 91402, other_store_count: 2, screen: order_details, section: sticky_cta, source: reorder}
09-30 11:15:39.353 I/flutter (24988): 📊 analytics: reorder_basket_choice {order_id: 91402, choice: keep, screen: order_details, section: sticky_cta, source: reorder}
09-30 11:17:08.038 I/flutter (24988): [FAIL] endpoint=/api/v1/customer/cart/add http_status=403 type=ApiFailure msg="api request failed" correlation_id=<id>
09-30 11:17:09.039 I/flutter (24988): [FAIL] endpoint=/api/v1/customer/cart/add http_status=403 type=ApiFailure msg="api request failed" correlation_id=<id>
09-30 11:17:09.045 I/flutter (24988): [WARN] msg="reorder: nothing added rejected=2 skipped=1 rx_skipped=0"
09-30 11:17:09.050 I/flutter (24988): [ERR] msg="error snackbar shown"
09-30 11:17:30.771 I/flutter (24988): [INFO] msg="reorder: open-store fallback reason=no_addable_lines order_id=91160"
09-30 11:17:30.771 I/flutter (24988): 📊 analytics: reorder_basket_conflict_shown {order_id: 91160, other_store_count: 2, screen: order_screen, section: order_list, source: reorder}
09-30 11:17:41.559 I/flutter (24988): 📊 analytics: reorder_basket_choice {order_id: 91160, choice: replace, screen: order_screen, section: order_list, source: reorder}
09-30 11:18:14.020 I/flutter (24988): 📊 analytics: add_to_cart {item_id: 664, price: 47.74, quantity: 1, currency: AED, value: 47.74, screen: home, item_list_id: flash_sale, item_list_name: flash_sale, index: 0, store_id: 57, is_available: 1}
09-30 11:18:39.884 I/flutter (24988): 📊 analytics: add_to_cart {item_id: 642, price: 46.7532, quantity: 1, currency: AED, value: 46.7532, screen: product_sheet, item_list_id: product_details, item_list_name: product_details, store_id: 55, is_available: 1}
09-30 11:20:02.609 I/flutter (24988): 📊 analytics: add_to_cart {item_id: 664, price: 47.74, quantity: 1, currency: AED, value: 47.74, screen: home, item_list_id: flash_sale, item_list_name: flash_sale, index: 0, store_id: 57, is_available: 1}
