--------- beginning of main
08-15 00:17:43.988 13048 13048 I flutter : ----------------FIREBASE CRASHLYTICS----------------
08-15 00:17:43.988 13048 13048 I flutter : The following exception was thrown app error:
08-15 00:17:43.988 13048 13048 I flutter : Exception: app_error
08-15 00:17:43.989 13048 13048 I flutter : #0      AppLogger.error (package:sixam_mart/helper/app_logger.dart:103:18)
08-15 00:17:43.989 13048 13048 I flutter : #1      showCustomSnackBar (package:sixam_mart/common/widgets/custom_snackbar.dart:30:17)
08-15 00:17:43.989 13048 13048 I flutter : #2      NoInternetScreen.build.<anonymous closure> (package:sixam_mart/common/widgets/no_internet_screen.dart:61:25)
08-15 00:17:43.989 13048 13048 I flutter : <asynchronous suspension>
08-15 00:17:43.989 13048 13048 I flutter : ----------------------------------------------------
08-15 00:17:43.992 13048 13048 I flutter : [ERR] msg="error snackbar shown"
08-15 00:17:44.027 13048 13048 I flutter : ----------------FIREBASE CRASHLYTICS----------------
08-15 00:17:44.027 13048 13048 I flutter : The following exception was thrown uncaught async error (_AssertionError):
08-15 00:17:44.027 13048 13048 I flutter : UncaughtAsyncError
08-15 00:17:44.027 13048 13048 I flutter : #0      _AssertionError._doThrowNew (dart:core-patch/errors_patch.dart:67:4)
08-15 00:17:44.027 13048 13048 I flutter : #1      _AssertionError._throwNew (dart:core-patch/errors_patch.dart:49:5)
08-15 00:17:44.027 13048 13048 I flutter : #2      ScaffoldMessengerState.showSnackBar (package:flutter/src/material/scaffold.dart:319:7)
08-15 00:17:44.027 13048 13048 I flutter : #3      NSnackBar.show (package:nears_dls/components/snackbar/n_snackbar.dart:82:15)
08-15 00:17:44.027 13048 13048 I flutter : #4      showCustomSnackBar (package:sixam_mart/common/widgets/custom_snackbar.dart:57:17)
08-15 00:17:44.027 13048 13048 I flutter : #5      NoInternetScreen.build.<anonymous closure> (package:sixam_mart/common/widgets/no_internet_screen.dart:61:25)
08-15 00:17:44.027 13048 13048 I flutter : <asynchronous suspension>
08-15 00:17:44.027 13048 13048 I flutter : ----------------------------------------------------
08-15 00:17:44.031 13048 13048 I flutter : [FAIL] endpoint=null http_status=null type=UncaughtAsyncError msg="uncaught async error (_AssertionError)"
08-15 00:17:44.031 13048 13048 I flutter : ----------------FIREBASE CRASHLYTICS----------------
08-15 00:17:44.031 13048 13048 I flutter : The following exception was thrown uncaught async error (_AssertionError):
08-15 00:17:44.031 13048 13048 I flutter : 'package:flutter/src/material/scaffold.dart': Failed assertion: line 319 pos 7: '_scaffolds.isNotEmpty': ScaffoldMessenger.showSnackBar was called, but there are currently no descendant Scaffolds to present to.
08-15 00:17:44.031 13048 13048 I flutter : #0      _AssertionError._doThrowNew (dart:core-patch/errors_patch.dart:67:4)
08-15 00:17:44.031 13048 13048 I flutter : #1      _AssertionError._throwNew (dart:core-patch/errors_patch.dart:49:5)
08-15 00:17:44.031 13048 13048 I flutter : #2      ScaffoldMessengerState.showSnackBar (package:flutter/src/material/scaffold.dart:319:7)
08-15 00:17:44.031 13048 13048 I flutter : #3      NSnackBar.show (package:nears_dls/components/snackbar/n_snackbar.dart:82:15)
08-15 00:17:44.031 13048 13048 I flutter : #4      showCustomSnackBar (package:sixam_mart/common/widgets/custom_snackbar.dart:57:17)
08-15 00:17:44.031 13048 13048 I flutter : #5      NoInternetScreen.build.<anonymous closure> (package:sixam_mart/common/widgets/no_internet_screen.dart:61:25)
08-15 00:17:44.031 13048 13048 I flutter : <asynchronous suspension>
08-15 00:17:44.031 13048 13048 I flutter : ----------------------------------------------------
