09-18 04:09:45.536 I/flutter (28785): [NET] GET endpoint=/api/v1/vehicle/extra_charge
09-18 04:09:45.616 I/flutter (28785): [NET] POST endpoint=/api/v1/config/delivery-quote
09-18 04:09:46.009 I/flutter (28785): [NET] GET endpoint=/api/v1/cashback/getCashback
09-18 04:09:46.191 I/flutter (28785): [NET] endpoint=/api/v1/vehicle/extra_charge http_status=200
09-18 04:09:46.266 I/flutter (28785): [NET] endpoint=/api/v1/config/delivery-quote http_status=200
09-18 04:09:46.348 I/flutter (28785): [NET] endpoint=/api/v1/cashback/getCashback http_status=200
09-18 04:09:46.606 I/flutter (28785): [NET] POST endpoint=/api/v1/config/delivery-quote
09-18 04:09:46.809 I/flutter (28785): [NET] GET endpoint=/api/v1/vehicle/extra_charge
09-18 04:09:47.371 I/flutter (28785): [NET] GET endpoint=/api/v1/vehicle/extra_charge
09-18 04:09:47.911 I/flutter (28785): [NET] GET endpoint=/api/v1/vehicle/extra_charge
09-18 04:09:48.786 I/flutter (28785): [NET] GET endpoint=/api/v1/vehicle/extra_charge
09-18 04:09:48.858 I/flutter (28785): [NET] endpoint=/api/v1/config/delivery-quote http_status=200
09-18 04:09:48.926 I/flutter (28785): [NET] endpoint=/api/v1/vehicle/extra_charge http_status=200
09-18 04:09:48.995 I/flutter (28785): [NET] endpoint=/api/v1/vehicle/extra_charge http_status=200
09-18 04:09:49.061 I/flutter (28785): [NET] endpoint=/api/v1/vehicle/extra_charge http_status=200
09-18 04:09:49.125 I/flutter (28785): [NET] endpoint=/api/v1/vehicle/extra_charge http_status=200
09-18 04:09:49.126 I/flutter (28785): [NET] POST endpoint=/api/v1/config/delivery-quote
09-18 04:09:49.126 I/flutter (28785): [NET] POST endpoint=/api/v1/config/delivery-quote
09-18 04:09:49.126 I/flutter (28785): [NET] POST endpoint=/api/v1/config/delivery-quote
09-18 04:09:49.126 I/flutter (28785): [NET] POST endpoint=/api/v1/config/delivery-quote
09-18 04:09:49.674 I/flutter (28785): [NET] GET endpoint=/api/v1/cashback/getCashback
09-18 04:09:50.131 I/flutter (28785): [NET] endpoint=/api/v1/config/delivery-quote http_status=200
09-18 04:09:50.131 I/flutter (28785): [NET] endpoint=/api/v1/config/delivery-quote http_status=200
09-18 04:09:50.131 I/flutter (28785): [NET] endpoint=/api/v1/config/delivery-quote http_status=200
09-18 04:09:50.132 I/flutter (28785): [NET] endpoint=/api/v1/config/delivery-quote http_status=200
09-18 04:09:50.134 I/flutter (28785): [NET] POST endpoint=/api/v1/customer/order/get-Tax
09-18 04:09:50.134 I/flutter (28785): [NET] POST endpoint=/api/v1/customer/order/get-Tax
09-18 04:09:50.134 I/flutter (28785): [NET] POST endpoint=/api/v1/customer/order/get-Tax
09-18 04:09:50.134 I/flutter (28785): [NET] POST endpoint=/api/v1/customer/order/get-Tax
09-18 04:09:50.134 I/flutter (28785): [NET] POST endpoint=/api/v1/customer/order/get-Tax
09-18 04:09:50.135 I/flutter (28785): [NET] POST endpoint=/api/v1/customer/order/get-Tax
09-18 04:09:50.135 I/flutter (28785): [NET] POST endpoint=/api/v1/customer/order/get-Tax
09-18 04:09:50.634 I/flutter (28785): [NET] endpoint=/api/v1/cashback/getCashback http_status=200
09-18 04:09:51.131 I/flutter (28785): [NET] endpoint=/api/v1/customer/order/get-Tax http_status=200
09-18 04:09:51.131 I/flutter (28785): [NET] endpoint=/api/v1/customer/order/get-Tax http_status=200
09-18 04:09:51.131 I/flutter (28785): [NET] endpoint=/api/v1/customer/order/get-Tax http_status=200
09-18 04:09:51.133 I/flutter (28785): [NET] endpoint=/api/v1/customer/order/get-Tax http_status=200
09-18 04:09:51.258 I/flutter (28785): [NET] endpoint=/api/v1/customer/order/get-Tax http_status=200
09-18 04:09:51.379 I/flutter (28785): [NET] endpoint=/api/v1/customer/order/get-Tax http_status=200
09-18 04:09:51.507 I/flutter (28785): [NET] endpoint=/api/v1/customer/order/get-Tax http_status=200
09-18 04:09:52.322 I/flutter (28785): [NET] GET endpoint=/api/v1/cashback/getCashback
09-18 04:09:53.010 I/flutter (28785): [NET] endpoint=/api/v1/cashback/getCashback http_status=200
--- backend dev-server response burst ---
  2026-09-18 04:09:44 /storage/product/d-710553a2fa.png .......... ~ 506.13ms
  2026-09-18 04:09:45 /storage/product/d-c699d93b5c.png .......... ~ 500.46ms
  2026-09-18 04:09:48 .............................................. ~ 0.05ms
  2026-09-18 04:09:48 .............................................. ~ 0.19ms
  2026-09-18 04:09:48 ............................................ ~ 508.04ms
  2026-09-18 04:09:48 ............................................ ~ 508.15ms
  2026-09-18 04:09:48 ............................................ ~ 502.76ms
  2026-09-18 04:09:48 .................................................. ~ 1s
  2026-09-18 04:09:50 .............................................. ~ 0.01ms
  2026-09-18 04:09:50 .............................................. ~ 0.13ms
  2026-09-18 04:09:50 .............................................. ~ 0.24ms
  2026-09-18 04:09:50 .............................................. ~ 0.24ms
  2026-09-18 04:09:50 .............................................. ~ 0.11ms
  2026-09-18 04:09:50 ............................................ ~ 509.55ms
  2026-09-18 04:09:50 ............................................ ~ 509.58ms
  2026-09-18 04:09:50 .............................................. ~ 0.11ms
  2026-09-18 04:09:50 .............................................. ~ 0.11ms
  2026-09-18 04:09:50 .............................................. ~ 0.11ms
  2026-09-18 04:09:50 ............................................ ~ 506.18ms
  2026-09-18 04:09:51 .................................................. ~ 1s
  2026-09-18 04:09:51 .................................................. ~ 1s
  2026-09-18 04:09:52 .................................................. ~ 1s
  2026-09-18 04:09:52 .................................................. ~ 1s
  2026-09-18 04:09:53 .............................................. ~ 0.40ms
  2026-09-18 04:09:53 .............................................. ~ 0.54ms
  2026-09-18 04:09:53 ............................................ ~ 507.51ms
  2026-09-18 04:09:53 ............................................ ~ 507.26ms
  2026-09-18 04:09:53 ............................................ ~ 507.84ms
  2026-09-18 04:09:53 ............................................ ~ 508.03ms
  2026-09-18 04:09:53 ............................................ ~ 508.14ms
  2026-09-18 04:09:53 ............................................ ~ 508.24ms
  2026-09-18 04:09:54 ............................................ ~ 510.17ms
  2026-09-18 04:09:54 ............................................ ~ 507.06ms
  2026-09-18 04:09:54 ............................................ ~ 507.20ms
  2026-09-18 04:09:54 ............................................ ~ 507.30ms
  2026-09-18 04:09:54 .................................................. ~ 1s
  2026-09-18 04:09:54 .................................................. ~ 1s
  2026-09-18 04:09:54 .................................................. ~ 1s
  2026-09-18 04:09:54 .................................................. ~ 1s
  2026-09-18 04:09:56 ............................................ ~ 501.88ms
