I/flutter (23458): [NET] POST endpoint=/api/v1/auth/sign-up
I/flutter (23458): [NET] endpoint=/api/v1/auth/sign-up http_status=403
I/flutter (23458): ----------------FIREBASE CRASHLYTICS----------------
I/flutter (23458): The following exception was thrown unhandled api response:
I/flutter (23458): ApiFailure(status: 403)
I/flutter (23458): #0      ApiClient.handleResponse (package:nears/api/api_client.dart:1343:22)
I/flutter (23458): #1      ApiClient._send (package:nears/api/api_client.dart:896:14)
I/flutter (23458): <asynchronous suspension>
I/flutter (23458): #2      AuthRepository.registration (package:nears/features/auth/domain/repositories/auth_repository.dart:32:12)
I/flutter (23458): <asynchronous suspension>
I/flutter (23458): #3      AuthService.registration (package:nears/features/auth/domain/services/auth_service.dart:21:25)
I/flutter (23458): <asynchronous suspension>
I/flutter (23458): #4      AuthController.registration (package:nears/features/auth/controllers/auth_controller.dart:75:37)
I/flutter (23458): <asynchronous suspension>
I/flutter (23458): #5      AuthController.validateAndRegister (package:nears/features/auth/controllers/auth_controller.dart:870:28)
I/flutter (23458): <asynchronous suspension>
I/flutter (23458): #6      SignUpWidgetState._register (package:nears/features/auth/widgets/sign_up_widget.dart:798:29)
I/flutter (23458): <asynchronous suspension>
I/flutter (23458): ----------------------------------------------------
I/flutter (23458): [FAIL] endpoint=/api/v1/auth/sign-up http_status=403 type=ApiFailure msg="unhandled api response" correlation_id=e529cbfe-0270-4161-81f6-c23dd3f1816c
I/flutter (23458): ----------------FIREBASE CRASHLYTICS----------------
I/flutter (23458): The following exception was thrown sign-up request failed:
I/flutter (23458): ApiFailure(transport)
I/flutter (23458): #0      SignUpWidgetState._register (package:nears/features/auth/widgets/sign_up_widget.dart:824:20)
I/flutter (23458): <asynchronous suspension>
I/flutter (23458): ----------------------------------------------------
I/flutter (23458): [FAIL] endpoint=/api/v1/auth/sign-up http_status=null type=ApiFailure msg="sign-up request failed"
I/flutter (23458): 📊 analytics: auth_error_shown {screen: sign_up, error_code: network_error}
