# NEARS-3855 analytics evidence — emulator-5600, unsuffixed control build of 56697cbaf (git archive, +google-services.json in scratch copy only), backend :8155 on nears_qa_3855
# Source: adb logcat -v threadtime FA:V FA-SVC:V flutter:I (mirror = 'analytics:' lines; FA = 'FA-SVC Logging event' lines)

10-01 12:06:39.555 17563 17563 I flutter : 📊 analytics: view_cart {value: 155.1608, currency: AED, item_count: 3, store_count: 2, screen: basket, source: bottom_nav, module_count: 2}
10-01 12:06:39.658 28704 18462 V FA-SVC  : Logging event: origin=app,name=view_cart,params=Bundle[{item_count=3, store_count=2, screen=basket, source=bottom_nav, ga_event_origin(_o)=app, ga_screen_class(_sc)=MainActivity, ga_screen(_sn)=/, value=155.1608, currency=AED, module_count=2}]
10-01 12:07:05.887 17563 17563 I flutter : 📊 analytics: remove_from_cart {item_id: 688, price: 6.5, quantity: 1, value: 6.5, store_id: 59, method: remove_button, module_id: 4, screen: basket, section: basket_lines}
10-01 12:07:05.888 17563 17563 I flutter : 📊 analytics: remove_from_cart {item_id: 689, price: 4.0, quantity: 1, value: 4.0, store_id: 59, method: remove_button, module_id: 4, screen: basket, section: basket_lines}
10-01 12:07:19.588 17563 17563 I flutter : 📊 analytics: cart_quantity_changed {item_id: 663, store_id: 57, module_id: 3, from_qty: 4, to_qty: 3, screen: basket, section: basket_lines, position: 1}
10-01 12:07:19.604 28704 18597 V FA-SVC  : Logging event: origin=app,name=cart_quantity_changed,params=Bundle[{module_id=3, from_qty=4, screen=basket, to_qty=3, ga_event_origin(_o)=app, ga_screen_class(_sc)=MainActivity, ga_screen(_sn)=/, position=1, store_id=57, section=basket_lines, item_id=663}]
10-01 12:07:27.718 17563 17563 I flutter : 📊 analytics: remove_from_cart {item_id: 663, price: 36.1652, quantity: 3, value: 108.4956, store_id: 57, method: remove_button, module_id: 3, screen: basket, section: basket_lines}
10-01 12:11:42.827 17563 17563 I flutter : 📊 analytics: add_to_cart {item_id: 97, price: 15.03, quantity: 1, currency: AED, value: 15.03, screen: home, item_list_id: buy_it_again, item_list_name: buy_it_again, index: 0, store_id: 1, is_available: 1, module_id: 1}
10-01 12:11:42.841 28704 19793 V FA-SVC  : Logging event: origin=app,name=add_to_cart,params=Bundle[{item_list_name=buy_it_again, is_available=1, module_id=1, item_list_id=buy_it_again, screen=home, ga_event_origin(_o)=app, ga_screen_class(_sc)=MainActivity, ga_screen(_sn)=/, index=0, items=[Bundle[{quantity=1, price=15.03, item_id=97}]], value=15.03, currency=AED, store_id=1}]
10-01 12:14:12.519 17563 17563 I flutter : 📊 analytics: add_to_cart {item_id: 91152, price: 12.5, quantity: 1, currency: AED, value: 12.5, screen: product_sheet, item_list_id: product_details, item_list_name: product_details, store_id: 91158, is_available: 1, module_id: 1}
10-01 12:14:12.520 17563 17563 I flutter : 📊 analytics: search_add_to_cart {item_id: 91152, store_id: 91158, module_id: 1, from_search: 1}
10-01 12:14:12.534 28704 20331 V FA-SVC  : Logging event: origin=app,name=add_to_cart,params=Bundle[{item_list_name=product_details, is_available=1, module_id=1, item_list_id=product_details, screen=product_sheet, ga_event_origin(_o)=app, ga_screen_class(_sc)=MainActivity, ga_screen(_sn)=product_sheet, items=[Bundle[{quantity=1, price=12.5, item_id=91152}]], value=12.5, currency=AED, store_id=91158}]
10-01 12:14:12.543 28704 20331 V FA-SVC  : Logging event: origin=app,name=search_add_to_cart,params=Bundle[{module_id=1, ga_event_origin(_o)=app, ga_screen_class(_sc)=MainActivity, ga_screen(_sn)=product_sheet, from_search=1, store_id=91158, item_id=91152}]
10-01 12:15:23.906 17563 17563 I flutter : 📊 analytics: add_to_cart {item_id: 91154, price: 15.75, quantity: 1, currency: AED, value: 15.75, screen: product_sheet, item_list_id: product_details, item_list_name: product_details, store_id: 91159, is_available: 1, module_id: 2}
10-01 12:15:23.906 17563 17563 I flutter : 📊 analytics: search_add_to_cart {item_id: 91154, store_id: 91159, module_id: 2, from_search: 1}
10-01 12:15:23.935 28704 20331 V FA-SVC  : Logging event: origin=app,name=search_add_to_cart,params=Bundle[{module_id=2, ga_event_origin(_o)=app, ga_screen_class(_sc)=MainActivity, ga_screen(_sn)=product_sheet, from_search=1, store_id=91159, item_id=91154}]
10-01 12:15:23.946 28704 20331 V FA-SVC  : Logging event: origin=app,name=add_to_cart,params=Bundle[{item_list_name=product_details, is_available=1, module_id=2, item_list_id=product_details, screen=product_sheet, ga_event_origin(_o)=app, ga_screen_class(_sc)=MainActivity, ga_screen(_sn)=product_sheet, items=[Bundle[{quantity=1, price=15.75, item_id=91154}]], value=15.75, currency=AED, store_id=91159}]
10-01 12:16:40.676 17563 17563 I flutter : 📊 analytics: add_to_cart {item_id: 91156, price: 6.25, quantity: 1, currency: AED, value: 6.25, screen: product_sheet, item_list_id: product_details, item_list_name: product_details, store_id: 91160, is_available: 1, module_id: 3}
10-01 12:16:40.676 17563 17563 I flutter : 📊 analytics: search_add_to_cart {item_id: 91156, store_id: 91160, module_id: 3, from_search: 1}
10-01 12:16:40.704 28704 20331 V FA-SVC  : Logging event: origin=app,name=add_to_cart,params=Bundle[{item_list_name=product_details, is_available=1, module_id=3, item_list_id=product_details, screen=product_sheet, ga_event_origin(_o)=app, ga_screen_class(_sc)=MainActivity, ga_screen(_sn)=product_sheet, items=[Bundle[{quantity=1, price=6.25, item_id=91156}]], value=6.25, currency=AED, store_id=91160}]
10-01 12:16:40.718 28704 20331 V FA-SVC  : Logging event: origin=app,name=search_add_to_cart,params=Bundle[{module_id=3, ga_event_origin(_o)=app, ga_screen_class(_sc)=MainActivity, ga_screen(_sn)=product_sheet, from_search=1, store_id=91160, item_id=91156}]
10-01 12:17:33.770 17563 17563 I flutter : 📊 analytics: view_cart {value: 48.03, currency: AED, item_count: 4, store_count: 4, screen: basket, source: bottom_nav, module_count: 3}
10-01 12:17:33.783 28704 20331 V FA-SVC  : Logging event: origin=app,name=view_cart,params=Bundle[{item_count=4, store_count=4, screen=basket, source=bottom_nav, ga_event_origin(_o)=app, ga_screen_class(_sc)=MainActivity, ga_screen(_sn)=product_sheet, value=48.03, currency=AED, module_count=3}]
10-01 12:17:58.518 17563 17563 I flutter : 📊 analytics: remove_from_cart {item_id: 97, price: 13.527, quantity: 1, value: 13.527, store_id: 1, method: stepper_to_zero, module_id: 1, screen: basket, section: basket_lines}
10-01 12:18:17.982 17563 17563 I flutter : 📊 analytics: cart_quantity_changed {item_id: 91152, store_id: 91158, module_id: 1, from_qty: 1, to_qty: 2, screen: basket, section: basket_lines, position: 1}
10-01 12:18:17.996 28704 21786 V FA-SVC  : Logging event: origin=app,name=cart_quantity_changed,params=Bundle[{module_id=1, from_qty=1, screen=basket, to_qty=2, ga_event_origin(_o)=app, ga_screen_class(_sc)=MainActivity, ga_screen(_sn)=product_sheet, position=1, store_id=91158, section=basket_lines, item_id=91152}]
10-01 12:18:23.740 17563 17563 I flutter : 📊 analytics: cart_quantity_changed {item_id: 91154, store_id: 91159, module_id: 2, from_qty: 1, to_qty: 2, screen: basket, section: basket_lines, position: 2}
10-01 12:18:23.753 28704 21786 V FA-SVC  : Logging event: origin=app,name=cart_quantity_changed,params=Bundle[{module_id=2, from_qty=1, screen=basket, to_qty=2, ga_event_origin(_o)=app, ga_screen_class(_sc)=MainActivity, ga_screen(_sn)=product_sheet, position=2, store_id=91159, section=basket_lines, item_id=91154}]
10-01 12:19:57.972 17563 17563 I flutter : 📊 analytics: view_cart {value: 62.75, currency: AED, item_count: 3, store_count: 3, screen: basket, source: bottom_nav, module_count: 3}
10-01 12:19:57.988 28704 21937 V FA-SVC  : Logging event: origin=app,name=view_cart,params=Bundle[{item_count=3, store_count=3, screen=basket, source=bottom_nav, ga_event_origin(_o)=app, ga_screen_class(_sc)=MainActivity, ga_screen(_sn)=product_sheet, value=62.75, currency=AED, module_count=3}]
10-01 12:20:06.998 17563 17563 I flutter : 📊 analytics: begin_checkout {value: 62.75, currency: AED, item_count: 3, source: basket, store_count: 3, module_count: 3}
10-01 12:20:07.081 28704 21937 V FA-SVC  : Logging event: origin=app,name=begin_checkout,params=Bundle[{item_count=3, store_count=3, source=basket, ga_event_origin(_o)=app, ga_screen_class(_sc)=MainActivity, ga_screen(_sn)=/checkout, value=62.75, currency=AED, module_count=3}]
10-01 12:22:26.234 17563 17563 I flutter : 📊 analytics: group_order_placed {store_count: 3, basket_store_count: 3, order_sub_order_count: 3, module_count: 3, group_id: b4dd4384-30fc-44cd-bd5a-86a9f745f12c, source: confirm_sheet}
10-01 12:22:26.236 17563 17563 I flutter : 📊 analytics: purchase {transaction_id: b4dd4384-30fc-44cd-bd5a-86a9f745f12c, value: 65.89, currency: AED, store_count: 3, source: confirm_sheet, module_count: 3}
10-01 12:22:26.286 28704 22420 V FA-SVC  : Logging event: origin=app,name=group_order_placed,params=Bundle[{store_count=3, source=confirm_sheet, ga_event_origin(_o)=app, ga_screen_class(_sc)=MainActivity, ga_screen(_sn)=order_confirm_sheet, group_id=b4dd4384-30fc-44cd-bd5a-86a9f745f12c, order_sub_order_count=3, module_count=3, basket_store_count=3}]
10-01 12:22:26.303 28704 22420 V FA-SVC  : Logging event: origin=app,name=purchase,params=Bundle[{store_count=3, source=confirm_sheet, ga_event_origin(_o)=app, ga_screen_class(_sc)=MainActivity, ga_screen(_sn)=/track-order, value=65.89, currency=AED, transaction_id=b4dd4384-30fc-44cd-bd5a-86a9f745f12c, module_count=3}]
10-01 12:25:08.111 17563 17563 I flutter : 📊 analytics: add_to_cart {item_id: 91153, price: 8.25, quantity: 1, currency: AED, value: 8.25, screen: product_sheet, item_list_id: product_details, item_list_name: product_details, store_id: 91158, is_available: 1, module_id: 1}
10-01 12:25:08.111 17563 17563 I flutter : 📊 analytics: search_add_to_cart {item_id: 91153, store_id: 91158, module_id: 1, from_search: 1}
10-01 12:25:08.140 28704 23256 V FA-SVC  : Logging event: origin=app,name=add_to_cart,params=Bundle[{item_list_name=product_details, is_available=1, module_id=1, item_list_id=product_details, screen=product_sheet, ga_event_origin(_o)=app, ga_screen_class(_sc)=MainActivity, ga_screen(_sn)=product_sheet, items=[Bundle[{quantity=1, price=8.25, item_id=91153}]], value=8.25, currency=AED, store_id=91158}]
10-01 12:25:08.147 28704 23256 V FA-SVC  : Logging event: origin=app,name=search_add_to_cart,params=Bundle[{module_id=1, ga_event_origin(_o)=app, ga_screen_class(_sc)=MainActivity, ga_screen(_sn)=product_sheet, from_search=1, store_id=91158, item_id=91153}]
10-01 12:25:57.815 17563 17563 I flutter : 📊 analytics: view_cart {value: 8.25, currency: AED, item_count: 1, store_count: 1, screen: basket, source: bottom_nav, module_count: 1}
10-01 12:25:57.837 28704 23256 V FA-SVC  : Logging event: origin=app,name=view_cart,params=Bundle[{item_count=1, store_count=1, screen=basket, source=bottom_nav, ga_event_origin(_o)=app, ga_screen_class(_sc)=MainActivity, ga_screen(_sn)=product_sheet, value=8.25, currency=AED, module_count=1}]
10-01 12:26:08.843 17563 17563 I flutter : 📊 analytics: begin_checkout {value: 8.25, currency: AED, item_count: 1, source: basket, store_count: 1, module_count: 1}
10-01 12:26:08.898 28704 23256 V FA-SVC  : Logging event: origin=app,name=begin_checkout,params=Bundle[{item_count=1, store_count=1, source=basket, ga_event_origin(_o)=app, ga_screen_class(_sc)=MainActivity, ga_screen(_sn)=/checkout, value=8.25, currency=AED, module_count=1}]
10-01 12:27:28.798 17563 17563 I flutter : 📊 analytics: purchase {transaction_id: 91437, value: 8.66, currency: AED, tax: 0.4125, shipping: 0.0, store_count: 1, source: confirm_sheet, module_count: 1}
10-01 12:27:28.816 28704 23852 V FA-SVC  : Logging event: origin=app,name=purchase,params=Bundle[{store_count=1, source=confirm_sheet, shipping=0.0, ga_event_origin(_o)=app, ga_screen_class(_sc)=MainActivity, ga_screen(_sn)=order_confirm_sheet, tax=0.4125, value=8.66, currency=AED, transaction_id=91437, module_count=1}]
10-01 12:29:13.131 17563 17563 I flutter : 📊 analytics: add_to_cart {item_id: 91152, price: 12.5, quantity: 1, currency: AED, value: 12.5, screen: product_sheet, item_list_id: product_details, item_list_name: product_details, store_id: 91158, is_available: 1, module_id: 1}
10-01 12:29:13.132 17563 17563 I flutter : 📊 analytics: search_add_to_cart {item_id: 91152, store_id: 91158, module_id: 1, from_search: 1}
10-01 12:29:13.167 28704 24306 V FA-SVC  : Logging event: origin=app,name=add_to_cart,params=Bundle[{item_list_name=product_details, is_available=1, module_id=1, item_list_id=product_details, screen=product_sheet, ga_event_origin(_o)=app, ga_screen_class(_sc)=MainActivity, ga_screen(_sn)=product_sheet, items=[Bundle[{quantity=1, price=12.5, item_id=91152}]], value=12.5, currency=AED, store_id=91158}]
10-01 12:29:13.175 28704 24306 V FA-SVC  : Logging event: origin=app,name=search_add_to_cart,params=Bundle[{module_id=1, ga_event_origin(_o)=app, ga_screen_class(_sc)=MainActivity, ga_screen(_sn)=product_sheet, from_search=1, store_id=91158, item_id=91152}]
10-01 12:30:52.623 17563 17563 I flutter : 📊 analytics: add_to_cart {item_id: 97, price: 15.03, quantity: 1, currency: AED, value: 15.03, screen: home, item_list_id: buy_it_again, item_list_name: buy_it_again, index: 0, store_id: 1, is_available: 1, module_id: 1}
10-01 12:30:52.659 28704 25023 V FA-SVC  : Logging event: origin=app,name=add_to_cart,params=Bundle[{item_list_name=buy_it_again, is_available=1, module_id=1, item_list_id=buy_it_again, screen=home, ga_event_origin(_o)=app, ga_screen_class(_sc)=MainActivity, ga_screen(_sn)=product_sheet, index=0, items=[Bundle[{quantity=1, price=15.03, item_id=97}]], value=15.03, currency=AED, store_id=1}]
10-01 12:31:07.156 17563 17563 I flutter : 📊 analytics: view_cart {value: 26.03, currency: AED, item_count: 2, store_count: 2, screen: basket, source: bottom_nav, module_count: 1}
10-01 12:31:07.210 28704 25023 V FA-SVC  : Logging event: origin=app,name=view_cart,params=Bundle[{item_count=2, store_count=2, screen=basket, source=bottom_nav, ga_event_origin(_o)=app, ga_screen_class(_sc)=MainActivity, ga_screen(_sn)=product_sheet, value=26.03, currency=AED, module_count=1}]
10-01 12:31:46.606 17563 17563 I flutter : 📊 analytics: cart_quantity_changed {item_id: 97, store_id: 1, module_id: 1, from_qty: 1, to_qty: 2, screen: basket, section: basket_lines, position: 2}
10-01 12:31:46.618 28704 25224 V FA-SVC  : Logging event: origin=app,name=cart_quantity_changed,params=Bundle[{module_id=1, from_qty=1, screen=basket, to_qty=2, ga_event_origin(_o)=app, ga_screen_class(_sc)=MainActivity, ga_screen(_sn)=product_sheet, position=2, store_id=1, section=basket_lines, item_id=97}]
10-01 12:31:55.788 17563 17563 I flutter : 📊 analytics: begin_checkout {value: 42.56, currency: AED, item_count: 2, source: basket, store_count: 2, module_count: 1}
10-01 12:31:55.906 28704 25224 V FA-SVC  : Logging event: origin=app,name=begin_checkout,params=Bundle[{item_count=2, store_count=2, source=basket, ga_event_origin(_o)=app, ga_screen_class(_sc)=MainActivity, ga_screen(_sn)=/checkout, value=42.56, currency=AED, module_count=1}]
