== resp-ac1-food121: {"errors":[{"code":"store_closed","message":"Store is closed at order time"}]}
== resp-ac1-food16-ar: {"errors":[{"code":"store_closed","message":"المتجر مغلق في وقت الطلب"}]}
== resp-ac1-food16: {"errors":[{"code":"store_closed","message":"Store is closed at order time"}]}
== resp-ac1-pizza5-22: {"errors":[{"code":"store_closed","message":"Store is closed at order time"}]}
== resp-ac2-groc1-overcap-z1: {"errors":[{"code":"cart_item_limit","message":"Maximum cart quantity exceeded"}]}
== resp-ac2-groc2-2: {"errors":[{"code":"out_of_zone","message":"Item not available in your zone"}]}
== resp-ac2-groc40: {"errors":[{"code":"out_of_zone","message":"Item not available in your zone"}]}
== resp-ac2-pharm433: {"errors":[{"code":"out_of_zone","message":"Item not available in your zone"}]}
== resp-ac3-food4-sched-ar: {"errors":[{"code":"order_time","message":"المتجر مغلق في وقت الطلب"}]}
== resp-ac3-food4-sched: {"errors":[{"code":"order_time","message":"Store is closed at order time"}]}
== resp-ac3-food5-sched: {"errors":[{"code":"order_time","message":"Store is closed at order time"}]}
== resp-ac3ctl-groc1-sched: {"errors":[{"code":"coupon","message":"Coupon expire"}]}
== resp-ac3ctl-pharm42-sched: {"errors":[{"code":"coupon","message":"Coupon expire"}]}
== resp-ac4-open49-immediate: {"errors":[{"code":"coupon","message":"Coupon expire"}]}
== resp-ac4ctl-food4-immediate: {"errors":[{"code":"order_time","message":"Store is closed at order time"}]}
== resp-ac4ctl-open49-sched: {"errors":[{"code":"coupon","message":"Coupon expire"}]}
== resp-ctrl-open49: {"errors":[{"code":"out_of_zone","message":"Item not available in your zone"}]}
== resp-past-food4: {"errors":[{"code":"order_time","message":"You can not schedule a order in past"}]}
== resp-x3803-inactive47-sched: {"errors":[{"code":"order_time","message":"Store is closed at order time"}]}
== resp-xg-group-place-food: {"errors":[{"code":"group_gate","reason":"store_closed","store_id":4,"store_name":"Burger Palace","message":"Store is closed at order time"}],"group_placed":false}
== resp-xg-group-validate-food: {"valid":false,"stores":[{"store_id":4,"store_name":"Burger Palace","pass":false,"reason":"store_closed","message":"Store is closed at order time"},{"store_id":5,"store_name":"Pizza Heaven","pass":false,"reason":"store_closed","message":"Store is closed at order time"}]}
== resp-xrx: {"errors":[{"code":"order_time","message":"Store is closed at order time"}]}
