NEARS-2707 AC4 — live API-level guest IDOR check against worktree backend (port 8300,
Admin/app/Http/Controllers/Api/V1/OrderController.php with the sec-1 fix applied).

1. Confirmed live exploitable shape still present pre-check:
   SELECT id, user_id, is_guest, order_status, payment_status FROM orders WHERE id=91130;
   id=91130  user_id=NULL  is_guest=0  order_status=delivered  payment_status=paid

2. Created a fresh, unrelated guest session:
   POST /api/v1/auth/guest/request
   -> {"message":"Guest verified","guest_id":1119,"guest_token":"8pcE4Miv...4E9"}

3. Attempted the exploit — refund-request as guest 1119 against victim order 91130:
   POST /api/v1/customer/order/refund-request
   Headers: X-Guest-Token: 8pcE4Miv...4E9
   Body: {"order_id":91130,"guest_id":1119,"customer_reason":"NEARS-2707 QA live IDOR probe"}

   Response: HTTP 404
   {"errors":[{"code":"order","message":"Not found"}]}

4. Post-attempt DB verification — order state unchanged, no refund row created:
   SELECT id, order_status, payment_status FROM orders WHERE id=91130;
   id=91130  order_status=delivered  payment_status=paid   (unchanged)
   SELECT COUNT(*) FROM refunds WHERE order_id=91130;
   0

5. Automated backstop: cd Admin && ./vendor/bin/phpunit --filter RefundRequestGuestIdorTest
   OK (5 tests, 12 assertions)

6. BE laravel.log check (scoped grep on /api/v1/customer/order/refund-request): no NEW
   [FAIL]/[ERR] entries generated by this live curl call (production-env channel checked,
   clean). Pre-existing testing-env [FAIL] "Attempt to read property id on null" entries at
   06:01-06:03 predate this QA session and match the historical PRE-FIX crash shape
   described in the ticket/test file docblock — read as build-phase repro evidence, not a
   live regression from this QA run.
