I/flutter ( 8088): [NET] GET endpoint=/api/v1/delivery-man/profile
I/flutter ( 8088): [NET] endpoint=/api/v1/delivery-man/profile http_status=200
I/flutter ( 8088): ----------------FIREBASE CRASHLYTICS----------------
I/flutter ( 8088): The following exception was thrown location record failed: FormatException:
I/flutter ( 8088): LocationRecordFailure
I/flutter ( 8088): #0      _Uri._fail (dart:core/uri.dart:2050:5)
I/flutter ( 8088): #1      _Uri._makeScheme (dart:core/uri.dart:2633:7)
I/flutter ( 8088): #2      new _Uri.notSimple (dart:core/uri.dart:1893:18)
I/flutter ( 8088): #3      Uri.parse (dart:core/uri.dart:1176:17)
I/flutter ( 8088): #4      ProfileRepository._ensureLocationChannel (package:nears_delivery/features/profile/domain/repositories/profile_repository.dart:137:67)
I/flutter ( 8088): <asynchronous suspension>
I/flutter ( 8088): #5      ProfileRepository.recordWebSocketLocation (package:nears_delivery/features/profile/domain/repositories/profile_repository.dart:80:38)
I/flutter ( 8088): <asynchronous suspension>
I/flutter ( 8088): #6      ProfileService.recordWebSocketLocation (package:nears_delivery/features/profile/domain/services/profile_service.dart:35:5)
--
I/flutter ( 8088): #7      ProfileController._maybeSendLocation (package:nears_delivery/features/profile/controllers/profile_controller.dart:211:11)
I/flutter ( 8088): <asynchronous suspension>
I/flutter ( 8088): ----------------------------------------------------
I/flutter ( 8088): [FAIL] endpoint=null http_status=null type=LocationRecordFailure msg="location record failed: FormatException"
I/flutter ( 8088): [NET] POST endpoint=/api/v1/delivery-man/record-location-data
