10-01 15:41:07.638 17276 17276 I flutter : [NET] POST endpoint=/api/v1/customer/cart/update
10-01 15:41:08.403 17276 17276 I flutter : [NET] endpoint=/api/v1/customer/cart/update http_status=200
10-01 15:41:08.404 17276 17276 I flutter : 📊 analytics: cart_quantity_changed {item_id: 91, store_id: 12, module_id: 1, from_qty: 3, to_qty: 4, screen: basket, section: basket_lines, position: 1}
10-01 15:41:20.302 17276 17276 I flutter : [NET] POST endpoint=/api/v1/customer/cart/update
10-01 15:41:20.925 17276 17276 I flutter : [NET] endpoint=/api/v1/customer/cart/update http_status=200
10-01 15:41:20.925 17276 17276 I flutter : 📊 analytics: cart_quantity_changed {item_id: 91, store_id: 12, module_id: 1, from_qty: 1, to_qty: 2, screen: basket, section: basket_lines, position: 2}
10-01 15:42:09.400 17276 17276 I flutter : [NET] POST endpoint=/api/v1/customer/cart/update
10-01 15:42:09.630 17276 17276 I flutter : [NET] endpoint=/api/v1/customer/cart/update http_status=200
10-01 15:42:09.632 17276 17276 I flutter : 📊 analytics: cart_quantity_changed {item_id: 91, store_id: 12, module_id: 1, from_qty: 2, to_qty: 1, screen: basket, section: basket_lines, position: 2}
10-01 15:42:21.384 17276 17276 I flutter : [NET] POST endpoint=/api/v1/customer/cart/update
10-01 15:42:22.372 17276 17276 I flutter : [NET] endpoint=/api/v1/customer/cart/update http_status=200
10-01 15:42:22.372 17276 17276 I flutter : 📊 analytics: cart_quantity_changed {item_id: 91, store_id: 12, module_id: 1, from_qty: 1, to_qty: 2, screen: basket, section: basket_lines, position: 2}
10-01 15:42:31.891 17276 17276 I flutter : [NET] POST endpoint=/api/v1/customer/cart/update
10-01 15:42:32.121 17276 17276 I flutter : [NET] endpoint=/api/v1/customer/cart/update http_status=200
10-01 15:42:32.121 17276 17276 I flutter : 📊 analytics: cart_quantity_changed {item_id: 91, store_id: 12, module_id: 1, from_qty: 2, to_qty: 1, screen: basket, section: basket_lines, position: 2}
10-01 15:42:32.121 17276 17276 I flutter : [NET] POST endpoint=/api/v1/customer/cart/update
10-01 15:42:32.268 17276 17276 I flutter : [NET] endpoint=/api/v1/customer/cart/update http_status=200
10-01 15:42:32.268 17276 17276 I flutter : 📊 analytics: cart_quantity_changed {item_id: 91, store_id: 12, module_id: 1, from_qty: 4, to_qty: 5, screen: basket, section: basket_lines, position: 2}
10-01 15:42:44.086 17276 17276 I flutter : 📊 analytics: remove_from_cart {item_id: 91, price: 105.0, quantity: 1, currency: AED, value: 105.0, store_id: 12, method: stepper_to_zero, module_id: 1, screen: basket, section: basket_lines}
10-01 15:42:44.087 17276 17276 I flutter : [NET] DELETE endpoint=/api/v1/customer/cart/remove-item
10-01 15:42:44.624 17276 17276 I flutter : [NET] endpoint=/api/v1/customer/cart/remove-item http_status=200
10-01 15:43:46.458 18582 18582 I flutter : [NET] POST endpoint=/api/v1/customer/cart/update
10-01 15:43:47.337 18582 18582 I flutter : [NET] endpoint=/api/v1/customer/cart/update http_status=200
10-01 15:43:47.338 18582 18582 I flutter : 📊 analytics: cart_quantity_changed {item_id: 91, store_id: 12, module_id: 1, from_qty: 1, to_qty: 2, screen: basket, section: basket_lines, position: 2}
10-01 15:44:08.522 18582 18582 I flutter : 📊 analytics: remove_from_cart {item_id: 91, price: 105.0, quantity: 2, currency: AED, value: 210.0, store_id: 12, method: swipe, module_id: 1, screen: basket, section: basket_lines}
10-01 15:44:08.526 18582 18582 I flutter : [NET] DELETE endpoint=/api/v1/customer/cart/remove-item
10-01 15:44:09.265 18582 18582 I flutter : [NET] endpoint=/api/v1/customer/cart/remove-item http_status=200
10-01 15:44:56.057 19085 19085 I flutter : 📊 analytics: remove_from_cart {item_id: 91, price: 105.0, quantity: 1, currency: AED, value: 105.0, store_id: 12, method: remove_button, module_id: 1, screen: basket, section: basket_lines}
10-01 15:44:56.060 19085 19085 I flutter : [NET] DELETE endpoint=/api/v1/customer/cart/remove-item
10-01 15:44:56.734 19085 19085 I flutter : [NET] endpoint=/api/v1/customer/cart/remove-item http_status=200
10-01 15:45:58.459 19421 19421 I flutter : 📊 analytics: remove_from_cart {item_id: 91, price: 70.0, quantity: 1, currency: AED, value: 70.0, store_id: 12, method: stepper_to_zero, module_id: 1, screen: basket, section: basket_lines}
10-01 15:45:58.461 19421 19421 I flutter : [NET] DELETE endpoint=/api/v1/customer/cart/remove-item
10-01 15:45:58.969 19421 19421 I flutter : [NET] POST endpoint=/api/v1/customer/cart/update
10-01 15:45:59.340 19421 19421 I flutter : [NET] endpoint=/api/v1/customer/cart/remove-item http_status=200
10-01 15:45:59.838 19421 19421 I flutter : [NET] endpoint=/api/v1/customer/cart/update http_status=200
10-01 15:45:59.839 19421 19421 I flutter : 📊 analytics: cart_quantity_changed {item_id: 91, store_id: 12, module_id: 1, from_qty: 1, to_qty: 2, screen: basket, section: basket_lines, position: 1}
10-01 15:46:59.839 19832 19832 I flutter : [NET] POST endpoint=/api/v1/customer/cart/update
10-01 15:47:00.604 19832 19832 I flutter : [NET] endpoint=/api/v1/customer/cart/update http_status=404
10-01 15:47:00.604 19832 19832 I flutter : [FAIL] endpoint=/api/v1/customer/cart/update http_status=404 type=ApiFailure msg="unhandled api response" correlation_id=9c070bed-c91e-42e7-ba47-135fa6063788
10-01 15:47:00.605 19832 19832 I flutter : [FAIL] endpoint=/api/v1/customer/cart/update http_status=404 type=ApiFailure msg="cart: updateCartQuantityOnline rowGone" correlation_id=9c070bed-c91e-42e7-ba47-135fa6063788
10-01 15:47:00.605 19832 19832 I flutter : [NET] POST endpoint=/api/v1/customer/cart/update
10-01 15:47:01.242 19832 19832 I flutter : [NET] endpoint=/api/v1/customer/cart/update http_status=200
10-01 15:47:01.242 19832 19832 I flutter : 📊 analytics: cart_quantity_changed {item_id: 91, store_id: 12, module_id: 1, from_qty: 1, to_qty: 2, screen: basket, section: basket_lines, position: 2}
10-01 15:48:07.962 20230 20230 I flutter : [NET] POST endpoint=/api/v1/customer/cart/update
10-01 15:48:07.964 20230 20230 I flutter : [FAIL] endpoint=/api/v1/customer/cart/update http_status=null type=ApiFailure transport_error=socket msg="api request threw" correlation_id=c9fe5138-55b6-444a-b357-d012c7c32c3a
10-01 15:48:07.964 20230 20230 I flutter : [FAIL] endpoint=/api/v1/customer/cart/update http_status=1 type=ApiFailure msg="cart: updateCartQuantityOnline unknownFailure"
10-01 15:48:07.965 20230 20230 I flutter : [ERR] msg="error snackbar shown"
10-01 15:48:07.967 20230 20230 I flutter : [NET] POST endpoint=/api/v1/customer/cart/update
10-01 15:48:07.968 20230 20230 I flutter : [FAIL] endpoint=/api/v1/customer/cart/update http_status=null type=ApiFailure transport_error=socket msg="api request threw" correlation_id=dbcc5070-16e7-4c83-84ac-beec65d495f9
10-01 15:48:07.968 20230 20230 I flutter : [FAIL] endpoint=/api/v1/customer/cart/update http_status=1 type=ApiFailure msg="cart: updateCartQuantityOnline unknownFailure"
10-01 15:48:07.968 20230 20230 I flutter : [ERR] msg="error snackbar shown"
10-01 15:51:02.173 20230 20230 I flutter : [NET] POST endpoint=/api/v1/customer/cart/update
10-01 15:51:02.986 20230 20230 I flutter : [NET] endpoint=/api/v1/customer/cart/update http_status=200
10-01 15:51:02.987 20230 20230 I flutter : 📊 analytics: cart_quantity_changed {item_id: 91, store_id: 12, module_id: 1, from_qty: 3, to_qty: 4, screen: basket, section: basket_lines, position: 2}
10-01 15:52:26.869 21354 21354 I flutter : [NET] POST endpoint=/api/v1/customer/cart/update
10-01 15:52:27.402 21354 21354 I flutter : [NET] endpoint=/api/v1/customer/cart/update http_status=200
10-01 15:52:27.402 21354 21354 I flutter : 📊 analytics: cart_quantity_changed {item_id: 91, store_id: 12, module_id: 1, from_qty: 3, to_qty: 4, screen: basket, section: basket_lines, position: 1}
10-01 15:52:35.263 21354 21354 I flutter : [NET] POST endpoint=/api/v1/customer/cart/update
10-01 15:52:35.866 21354 21354 I flutter : [NET] endpoint=/api/v1/customer/cart/update http_status=200
10-01 15:52:35.866 21354 21354 I flutter : 📊 analytics: cart_quantity_changed {item_id: 91, store_id: 12, module_id: 1, from_qty: 1, to_qty: 2, screen: basket, section: basket_lines, position: 2}
10-01 15:52:43.646 21354 21354 I flutter : [NET] POST endpoint=/api/v1/customer/cart/update
10-01 15:52:44.212 21354 21354 I flutter : [NET] endpoint=/api/v1/customer/cart/update http_status=200
10-01 15:52:44.212 21354 21354 I flutter : 📊 analytics: cart_quantity_changed {item_id: 91, store_id: 12, module_id: 1, from_qty: 2, to_qty: 1, screen: basket, section: basket_lines, position: 2}
10-01 15:53:04.081 21354 21354 I flutter : [NET] POST endpoint=/api/v1/customer/cart/update
10-01 15:53:04.923 21354 21354 I flutter : [NET] endpoint=/api/v1/customer/cart/update http_status=200
10-01 15:53:04.923 21354 21354 I flutter : 📊 analytics: cart_quantity_changed {item_id: 91, store_id: 12, module_id: 1, from_qty: 1, to_qty: 2, screen: basket, section: basket_lines, position: 2}
10-01 15:53:13.140 21354 21354 I flutter : [NET] POST endpoint=/api/v1/customer/cart/update
10-01 15:53:14.118 21354 21354 I flutter : [NET] endpoint=/api/v1/customer/cart/update http_status=200
10-01 15:53:14.118 21354 21354 I flutter : 📊 analytics: cart_quantity_changed {item_id: 91, store_id: 12, module_id: 1, from_qty: 2, to_qty: 1, screen: basket, section: basket_lines, position: 2}
10-01 15:53:14.118 21354 21354 I flutter : [NET] POST endpoint=/api/v1/customer/cart/update
10-01 15:53:15.338 21354 21354 I flutter : [NET] endpoint=/api/v1/customer/cart/update http_status=200
10-01 15:53:15.339 21354 21354 I flutter : 📊 analytics: cart_quantity_changed {item_id: 91, store_id: 12, module_id: 1, from_qty: 4, to_qty: 5, screen: basket, section: basket_lines, position: 2}
10-01 15:53:22.024 21354 21354 I flutter : 📊 analytics: remove_from_cart {item_id: 91, price: 105.0, quantity: 1, currency: AED, value: 105.0, store_id: 12, method: stepper_to_zero, module_id: 1, screen: basket, section: basket_lines}
10-01 15:53:22.024 21354 21354 I flutter : [NET] DELETE endpoint=/api/v1/customer/cart/remove-item
10-01 15:53:22.801 21354 21354 I flutter : [NET] endpoint=/api/v1/customer/cart/remove-item http_status=200
10-01 15:54:16.044 21928 21928 I flutter : [NET] POST endpoint=/api/v1/customer/cart/update
10-01 15:54:16.585 21928 21928 I flutter : [NET] endpoint=/api/v1/customer/cart/update http_status=200
10-01 15:54:16.586 21928 21928 I flutter : 📊 analytics: cart_quantity_changed {item_id: 91, store_id: 12, module_id: 1, from_qty: 1, to_qty: 2, screen: basket, section: basket_lines, position: 2}
10-01 15:54:46.036 21928 21928 I flutter : [NET] POST endpoint=/api/v1/customer/cart/update
10-01 15:54:47.037 21928 21928 I flutter : [NET] endpoint=/api/v1/customer/cart/update http_status=200
10-01 15:54:47.037 21928 21928 I flutter : 📊 analytics: cart_quantity_changed {item_id: 91, store_id: 12, module_id: 1, from_qty: 2, to_qty: 3, screen: basket, section: basket_lines, position: 2}
10-01 15:55:18.431 21928 21928 I flutter : [NET] POST endpoint=/api/v1/customer/cart/update
10-01 15:55:19.207 21928 21928 I flutter : [NET] endpoint=/api/v1/customer/cart/update http_status=200
10-01 15:55:19.207 21928 21928 I flutter : 📊 analytics: cart_quantity_changed {item_id: 91, store_id: 12, module_id: 1, from_qty: 3, to_qty: 4, screen: basket, section: basket_lines, position: 2}
10-01 15:55:55.851 21928 21928 I flutter : 📊 analytics: remove_from_cart {item_id: 91, price: 105.0, quantity: 4, currency: AED, value: 420.0, store_id: 12, method: swipe, module_id: 1, screen: basket, section: basket_lines}
10-01 15:55:55.854 21928 21928 I flutter : [NET] DELETE endpoint=/api/v1/customer/cart/remove-item
10-01 15:55:56.553 21928 21928 I flutter : [NET] endpoint=/api/v1/customer/cart/remove-item http_status=200
10-01 15:56:48.261 22549 22549 I flutter : 📊 analytics: remove_from_cart {item_id: 91, price: 105.0, quantity: 1, currency: AED, value: 105.0, store_id: 12, method: remove_button, module_id: 1, screen: basket, section: basket_lines}
10-01 15:56:48.264 22549 22549 I flutter : [NET] DELETE endpoint=/api/v1/customer/cart/remove-item
10-01 15:56:48.867 22549 22549 I flutter : [NET] endpoint=/api/v1/customer/cart/remove-item http_status=200
10-01 15:57:20.151 22907 22907 I flutter : 📊 analytics: remove_from_cart {item_id: 91, price: 70.0, quantity: 1, currency: AED, value: 70.0, store_id: 12, method: stepper_to_zero, module_id: 1, screen: basket, section: basket_lines}
10-01 15:57:20.152 22907 22907 I flutter : [NET] DELETE endpoint=/api/v1/customer/cart/remove-item
10-01 15:57:20.656 22907 22907 I flutter : [NET] POST endpoint=/api/v1/customer/cart/update
10-01 15:57:21.125 22907 22907 I flutter : [NET] endpoint=/api/v1/customer/cart/remove-item http_status=200
10-01 15:57:21.624 22907 22907 I flutter : [NET] endpoint=/api/v1/customer/cart/update http_status=200
10-01 15:57:21.624 22907 22907 I flutter : 📊 analytics: cart_quantity_changed {item_id: 91, store_id: 12, module_id: 1, from_qty: 1, to_qty: 2, screen: basket, section: basket_lines, position: 1}
10-01 15:58:28.004 23202 23202 I flutter : 📊 analytics: remove_from_cart {item_id: 91, price: 105105.0, quantity: 1001, currency: AED, value: 105210105.0, store_id: 12, method: remove_button, module_id: 1, screen: basket, section: basket_lines}
10-01 15:58:28.005 23202 23202 I flutter : [NET] DELETE endpoint=/api/v1/customer/cart/remove-item
10-01 15:58:28.775 23202 23202 I flutter : [NET] endpoint=/api/v1/customer/cart/remove-item http_status=200
10-01 15:59:41.843 23554 23554 I flutter : [NET] POST endpoint=/api/v1/customer/cart/add
10-01 15:59:42.690 23554 23554 I flutter : [NET] endpoint=/api/v1/customer/cart/add http_status=200
10-01 15:59:42.695 23554 23554 I flutter : 📊 analytics: add_to_cart {item_id: 198, price: 19.73, quantity: 1, currency: AED, value: 19.73, screen: store_screen, item_list_id: recommended_items, item_list_name: recommended_items, index: 1, store_id: 12, is_available: 1, module_id: 1}
10-01 15:59:56.699 23554 23554 I flutter : [NET] POST endpoint=/api/v1/customer/cart/update
10-01 15:59:57.509 23554 23554 I flutter : [NET] endpoint=/api/v1/customer/cart/update http_status=200
10-01 15:59:57.509 23554 23554 I flutter : 📊 analytics: cart_quantity_changed {item_id: 198, store_id: 12, module_id: 1, from_qty: 1, to_qty: 2, screen: basket}
10-01 16:00:33.511 23554 23554 I flutter : [NET] POST endpoint=/api/v1/customer/cart/update
10-01 16:00:33.733 23554 23554 I flutter : [NET] endpoint=/api/v1/customer/cart/update http_status=200
10-01 16:00:33.733 23554 23554 I flutter : 📊 analytics: cart_quantity_changed {item_id: 198, store_id: 12, module_id: 1, from_qty: 2, to_qty: 3, screen: product_sheet, section: primary_stepper}
10-01 16:01:18.643 23554 23554 I flutter : [NET] POST endpoint=/api/v1/customer/cart/update
10-01 16:01:19.244 23554 23554 I flutter : [NET] endpoint=/api/v1/customer/cart/update http_status=200
10-01 16:01:19.244 23554 23554 I flutter : 📊 analytics: cart_quantity_changed {item_id: 198, store_id: 12, module_id: 1, from_qty: 3, to_qty: 5, screen: basket, section: basket_lines, position: 6}
10-01 16:01:34.722 23554 23554 I flutter : [NET] POST endpoint=/api/v1/customer/cart/update
10-01 16:01:35.543 23554 23554 I flutter : [NET] endpoint=/api/v1/customer/cart/update http_status=200
10-01 16:01:35.543 23554 23554 I flutter : 📊 analytics: cart_quantity_changed {item_id: 198, store_id: 12, module_id: 1, from_qty: 5, to_qty: 1, screen: basket, section: basket_lines, position: 6}
10-01 16:01:46.442 23554 23554 I flutter : 📊 analytics: remove_from_cart {item_id: 198, price: 19.73, quantity: 1, currency: AED, value: 19.73, store_id: 12, method: stepper_to_zero, module_id: 1, screen: basket, section: basket_lines}
10-01 16:01:46.443 23554 23554 I flutter : [NET] DELETE endpoint=/api/v1/customer/cart/remove-item
10-01 16:01:47.344 23554 23554 I flutter : [NET] endpoint=/api/v1/customer/cart/remove-item http_status=200
10-01 16:02:31.119 23554 23554 I flutter : [NET] POST endpoint=/api/v1/customer/cart/add
10-01 16:02:31.369 23554 23554 I flutter : [NET] endpoint=/api/v1/customer/cart/add http_status=200
10-01 16:02:31.370 23554 23554 I flutter : 📊 analytics: add_to_cart {item_id: 198, price: 19.73, quantity: 1, currency: AED, value: 19.73, screen: store_screen, item_list_id: recommended_items, item_list_name: recommended_items, index: 1, store_id: 12, is_available: 1, module_id: 1}
10-01 16:02:46.789 23554 23554 I flutter : 📊 analytics: remove_from_cart {item_id: 198, price: 19.73, quantity: 1, currency: AED, value: 19.73, store_id: 12, method: swipe, module_id: 1, screen: basket, section: basket_lines}
10-01 16:02:46.792 23554 23554 I flutter : [NET] DELETE endpoint=/api/v1/customer/cart/remove-item
10-01 16:02:47.403 23554 23554 I flutter : [NET] endpoint=/api/v1/customer/cart/remove-item http_status=200
10-01 16:03:07.252 24765 24765 I flutter : [FAIL] endpoint=/api/v1/customer/cart/list http_status=400 type=ApiFailure msg="api request failed" correlation_id=39b9284c-1219-4bec-acca-ba97cdecf9a8
10-01 16:03:07.326 24765 24765 I flutter : [FAIL] endpoint=/api/v1/customer/cart/list http_status=400 type=ApiFailure msg="api request failed" correlation_id=533baa3c-fcd5-4859-95b9-12bf521ccf7f
10-01 16:03:39.860 24765 24765 I flutter : [NET] POST endpoint=/api/v1/customer/cart/add
10-01 16:03:40.698 24765 24765 I flutter : [NET] endpoint=/api/v1/customer/cart/add http_status=200
10-01 16:03:40.700 24765 24765 I flutter : 📊 analytics: add_to_cart {item_id: 198, price: 19.73, quantity: 1, currency: AED, value: 19.73, screen: store_screen, item_list_id: recommended_items, item_list_name: recommended_items, index: 1, store_id: 12, is_available: 1, module_id: 1}
10-01 16:03:48.511 24765 24765 I flutter : [NET] POST endpoint=/api/v1/customer/cart/update
10-01 16:03:49.203 24765 24765 I flutter : [NET] endpoint=/api/v1/customer/cart/update http_status=200
10-01 16:03:49.204 24765 24765 I flutter : 📊 analytics: cart_quantity_changed {item_id: 198, store_id: 12, module_id: 1, from_qty: 1, to_qty: 2, screen: basket}
10-01 16:04:05.836 24765 24765 I flutter : [NET] POST endpoint=/api/v1/customer/cart/update
10-01 16:04:06.272 24765 24765 I flutter : [NET] endpoint=/api/v1/customer/cart/update http_status=200
10-01 16:04:06.272 24765 24765 I flutter : 📊 analytics: cart_quantity_changed {item_id: 198, store_id: 12, module_id: 1, from_qty: 2, to_qty: 3, screen: product_sheet, section: primary_stepper}
10-01 16:04:37.257 24765 24765 I flutter : [NET] POST endpoint=/api/v1/customer/cart/update
10-01 16:04:37.500 24765 24765 I flutter : [NET] endpoint=/api/v1/customer/cart/update http_status=200
10-01 16:04:37.500 24765 24765 I flutter : 📊 analytics: cart_quantity_changed {item_id: 198, store_id: 12, module_id: 1, from_qty: 3, to_qty: 2, screen: basket, section: basket_lines, position: 3}
10-01 16:04:39.771 24765 24765 I flutter : [NET] POST endpoint=/api/v1/customer/cart/update
10-01 16:04:40.538 24765 24765 I flutter : [NET] endpoint=/api/v1/customer/cart/update http_status=200
10-01 16:04:40.538 24765 24765 I flutter : 📊 analytics: cart_quantity_changed {item_id: 198, store_id: 12, module_id: 1, from_qty: 2, to_qty: 1, screen: basket, section: basket_lines, position: 3}
10-01 16:04:41.785 24765 24765 I flutter : 📊 analytics: remove_from_cart {item_id: 198, price: 19.73, quantity: 1, currency: AED, value: 19.73, store_id: 12, method: stepper_to_zero, module_id: 1, screen: basket, section: basket_lines}
10-01 16:04:41.786 24765 24765 I flutter : [NET] DELETE endpoint=/api/v1/customer/cart/remove-item
10-01 16:04:42.537 24765 24765 I flutter : [NET] endpoint=/api/v1/customer/cart/remove-item http_status=200
10-01 16:05:04.448 24765 24765 I flutter : [NET] POST endpoint=/api/v1/customer/cart/add
10-01 16:05:05.296 24765 24765 I flutter : [NET] endpoint=/api/v1/customer/cart/add http_status=200
10-01 16:05:05.297 24765 24765 I flutter : 📊 analytics: add_to_cart {item_id: 198, price: 19.73, quantity: 1, currency: AED, value: 19.73, screen: store_screen, item_list_id: recommended_items, item_list_name: recommended_items, index: 1, store_id: 12, is_available: 1, module_id: 1}
10-01 16:05:15.384 24765 24765 I flutter : [NET] POST endpoint=/api/v1/customer/cart/update
10-01 16:05:16.350 24765 24765 I flutter : [NET] endpoint=/api/v1/customer/cart/update http_status=200
10-01 16:05:16.350 24765 24765 I flutter : 📊 analytics: cart_quantity_changed {item_id: 198, store_id: 12, module_id: 1, from_qty: 1, to_qty: 3, screen: basket, section: basket_lines, position: 3}
10-01 16:05:28.204 24765 24765 I flutter : 📊 analytics: remove_from_cart {item_id: 198, price: 19.73, quantity: 3, currency: AED, value: 59.19, store_id: 12, method: swipe, module_id: 1, screen: basket, section: basket_lines}
10-01 16:05:28.205 24765 24765 I flutter : [NET] DELETE endpoint=/api/v1/customer/cart/remove-item
10-01 16:05:28.769 24765 24765 I flutter : [NET] endpoint=/api/v1/customer/cart/remove-item http_status=200
10-01 16:06:56.694 25606 25606 I flutter : [NET] POST endpoint=/api/v1/customer/cart/update
10-01 16:06:57.640 25606 25606 I flutter : [NET] endpoint=/api/v1/customer/cart/update http_status=200
10-01 16:06:57.641 25606 25606 I flutter : 📊 analytics: cart_quantity_changed {item_id: 91, store_id: 12, module_id: 1, from_qty: 3, to_qty: 4, screen: basket}
10-01 16:08:03.555 25606 25606 I flutter : [NET] POST endpoint=/api/v1/customer/cart/update
10-01 16:08:04.124 25606 25606 I flutter : [NET] endpoint=/api/v1/customer/cart/update http_status=200
10-01 16:08:04.125 25606 25606 I flutter : 📊 analytics: cart_quantity_changed {item_id: 663, store_id: 57, module_id: 3, from_qty: 4, to_qty: 5, screen: basket, section: basket_lines, position: 3}
10-01 16:08:12.207 25606 25606 I flutter : [NET] POST endpoint=/api/v1/customer/cart/update
10-01 16:08:13.171 25606 25606 I flutter : [NET] endpoint=/api/v1/customer/cart/update http_status=200
10-01 16:08:13.171 25606 25606 I flutter : 📊 analytics: cart_quantity_changed {item_id: 663, store_id: 57, module_id: 3, from_qty: 5, to_qty: 4, screen: basket, section: basket_lines, position: 3}
