Confirmed on PRIMARY tree at base commit ce16b9bb4 (feat/userapp-reskin2) -- NOT introduced by NEARS-1520's diff (only touches n_settings_tile.dart / its test / its widgetbook story).
6 other DLS components fail the shared universal_props_harness positive-control test
'enabled: the labeled node carries a real, wired tap action' with hasAction(SemanticsAction.tap)==false --
the exact pre-fix NEARS-1478 shape (outer Semantics(button:true) node never re-supplied onTap).

=== test/components/n_module_switcher_test.dart ===
══╡ EXCEPTION CAUGHT BY FLUTTER TEST FRAMEWORK ╞════════════════════════════════════════════════════
The following TestFailure was thrown running a test:
Expected: true
  Actual: <false>
enabled interactive shapes must expose SemanticsAction.tap (NEARS-1518 — the NEARS-1478
unwired-onTap shape)

When the exception was thrown, this was the stack:
#4      assertEnabledTapReachesOnTap (file:///Users/Apple/Projects/nears/packages/nears_dls/test/support/universal_props_harness.dart:61:5)

=== test/components/n_empty_state_test.dart ===
══╡ EXCEPTION CAUGHT BY FLUTTER TEST FRAMEWORK ╞════════════════════════════════════════════════════
The following TestFailure was thrown running a test:
Expected: true
  Actual: <false>
enabled interactive shapes must expose SemanticsAction.tap (NEARS-1518 — the NEARS-1478
unwired-onTap shape)

When the exception was thrown, this was the stack:
#4      assertEnabledTapReachesOnTap (file:///Users/Apple/Projects/nears/packages/nears_dls/test/support/universal_props_harness.dart:61:5)

=== test/components/n_error_retry_test.dart ===
══╡ EXCEPTION CAUGHT BY FLUTTER TEST FRAMEWORK ╞════════════════════════════════════════════════════
The following TestFailure was thrown running a test:
Expected: true
  Actual: <false>
enabled interactive shapes must expose SemanticsAction.tap (NEARS-1518 — the NEARS-1478
unwired-onTap shape)

When the exception was thrown, this was the stack:
#4      assertEnabledTapReachesOnTap (file:///Users/Apple/Projects/nears/packages/nears_dls/test/support/universal_props_harness.dart:61:5)

=== test/components/n_popup_menu_test.dart ===
══╡ EXCEPTION CAUGHT BY FLUTTER TEST FRAMEWORK ╞════════════════════════════════════════════════════
The following TestFailure was thrown running a test:
Expected: true
  Actual: <false>
enabled interactive shapes must expose SemanticsAction.tap (NEARS-1518 — the NEARS-1478
unwired-onTap shape)

When the exception was thrown, this was the stack:
#4      assertEnabledTapReachesOnTap (file:///Users/Apple/Projects/nears/packages/nears_dls/test/support/universal_props_harness.dart:61:5)

=== test/components/n_item_card_test.dart ===
══╡ EXCEPTION CAUGHT BY FLUTTER TEST FRAMEWORK ╞════════════════════════════════════════════════════
The following TestFailure was thrown running a test:
Expected: true
  Actual: <false>
enabled interactive shapes must expose SemanticsAction.tap (NEARS-1518 — the NEARS-1478
unwired-onTap shape)

When the exception was thrown, this was the stack:
#4      assertEnabledTapReachesOnTap (file:///Users/Apple/Projects/nears/packages/nears_dls/test/support/universal_props_harness.dart:61:5)

=== test/components/n_module_row_test.dart ===
══╡ EXCEPTION CAUGHT BY FLUTTER TEST FRAMEWORK ╞════════════════════════════════════════════════════
The following TestFailure was thrown running a test:
Expected: true
  Actual: <false>
enabled interactive shapes must expose SemanticsAction.tap (NEARS-1518 — the NEARS-1478
unwired-onTap shape)

When the exception was thrown, this was the stack:
#4      assertEnabledTapReachesOnTap (file:///Users/Apple/Projects/nears/packages/nears_dls/test/support/universal_props_harness.dart:61:5)

