00:00 +0: loading /Users/Apple/Projects/nears-NEARS-1510-catalog-hashlinks-invariant/packages/nears_dls/test/tool/generate_catalog_test.dart
00:00 +0: axes emission emits a block map in sidecar document order
00:00 +1: axes emission emits {} when the sidecar declares none
00:00 +2: axes emission a live variants list and a live axes block coexist
00:00 +3: notes emission (NEARS-2005) emits a block map in sidecar document order
00:00 +4: notes emission (NEARS-2005) emits {} when the sidecar declares none
00:00 +5: notes emission (NEARS-2005) collapses whitespace like `what`/`purpose`
00:00 +6: notes emission (NEARS-2005) a bare `notes:` throws rather than publishing "no notes"
00:00 +7: notes emission (NEARS-2005) a list instead of a map throws, naming the file
00:00 +8: versions emission (NEARS-2005) emits a block sequence in sidecar document order
00:00 +9: versions emission (NEARS-2005) emits [] when the sidecar declares none
00:00 +10: versions emission (NEARS-2005) a bare `versions:` throws rather than publishing "no history"
00:00 +11: versions emission (NEARS-2005) a version entry missing `note` throws, naming the file
00:00 +12: malformed axes is fatal a list instead of a map throws, naming the file
00:00 +13: malformed axes is fatal a bare `axes:` throws rather than publishing "no axes"
00:00 +14: malformed axes is fatal a scalar axis value throws, naming the file and the axis
00:00 +15: sizes / statuses emission round-trips populated lists and empties the rest
00:00 +16: widgetbook deep-link hash strategy (NEARS-1580) emits `#/?path=`, not a bare `?path=` before the fragment
00:00 +17: widgetbook deep-link hash strategy (NEARS-1580) a reserved query char in a use-case name round-trips through Widgetbook's own read path (uri.queryParameters['path'])
00:00 +18: committed catalog.yaml (setUpAll)
00:00 +18: committed catalog.yaml is byte-identical to a fresh render (the --check CI gate, in-process)
00:00 +19: committed catalog.yaml covers every component on disk and declares schema_version 2
00:00 +20: committed catalog.yaml every entry emits the same key set, in the same order
00:00 +21: committed catalog.yaml carries the real per-component axes from NEARS-1429
00:00 +22: committed catalog.yaml carries the real NBottomSheet notes/versions (NEARS-2005)
00:00 +23: committed catalog.yaml every widgetbook link rides the hash fragment (NEARS-1580)
00:00 +24: committed catalog.yaml (tearDownAll)
00:00 +24: All tests passed!
