00:00 +8: committed catalog.yaml covers all 56 components and declares schema_version 2
00:00 +8 -1: committed catalog.yaml covers all 56 components and declares schema_version 2 [E]
  Expected: an object with length of <56>
    Actual: [
              Instance of 'CatalogEntry',
              Instance of 'CatalogEntry',
              Instance of 'CatalogEntry',
              Instance of 'CatalogEntry',
              Instance of 'CatalogEntry',
              Instance of 'CatalogEntry',
              Instance of 'CatalogEntry',
              Instance of 'CatalogEntry',
              Instance of 'CatalogEntry',
              Instance of 'CatalogEntry',
              Instance of 'CatalogEntry',
              Instance of 'CatalogEntry',
              Instance of 'CatalogEntry',
              Instance of 'CatalogEntry',
              Instance of 'CatalogEntry',
              Instance of 'CatalogEntry',
              Instance of 'CatalogEntry',
              Instance of 'CatalogEntry',
              Instance of 'CatalogEntry',
              Instance of 'CatalogEntry',
              Instance of 'CatalogEntry',
              Instance of 'CatalogEntry',
              Instance of 'CatalogEntry',
              Instance of 'CatalogEntry',
              ...
            ]
     Which: has length of <57>
  
  package:matcher                                     expect
  package:flutter_test/src/widget_tester.dart 473:18  expect
  test/tool/generate_catalog_test.dart 206:7          main.<fn>.<fn>
  
00:00 +8 -1: committed catalog.yaml every entry emits the same key set, in the same order
00:00 +9 -1: committed catalog.yaml carries the real per-component axes from NEARS-1429
00:00 +9 -2: committed catalog.yaml carries the real per-component axes from NEARS-1429 [E]
  Expected: {
              'NBadge': ['surface'],
              'NCornerRibbon': ['position'],
              'NCountBadge': ['style'],
              'NDivider': ['style'],
              'NErrorRetry': ['kind'],
              'NIconButton': ['shape'],
              'NModuleRow': ['tile'],
              'NSectionHeader': ['kind'],
              'NStoreCard': ['layout', 'ratingFormat'],
              'NText': ['role'],
              'NTimeContextBar': ['window'],
              'NTooltip': ['preferredDirection']
            }
    Actual: {
              'NCountBadge': ['style'],
              'NErrorRetry': ['kind'],
              'NItemCard': ['layout'],
              'NModuleRow': ['tile'],
              'NStoreCard': ['layout', 'ratingFormat'],
              'NTimeContextBar': ['window'],
              'NTooltip': ['preferredDirection'],
              'NBadge': ['surface'],
              'NCornerRibbon': ['position'],
              'NDivider': ['style'],
              'NIconButton': ['shape'],
              'NSectionHeader': ['kind'],
              'NText': ['role']
            }
     Which: has different length and has extra map key 'NItemCard'
  
  package:matcher                                     expect
  package:flutter_test/src/widget_tester.dart 473:18  expect
  test/tool/generate_catalog_test.dart 241:7          main.<fn>.<fn>
  
00:00 +9 -2: committed catalog.yaml (tearDownAll)
