NEARS-1730 · AC1 — the premise verdict is ON THE RECORD, with evidence
======================================================================
QA's job here is to confirm the verdict is recorded with its evidence, not to re-derive it.

RECORD 1 — run-state file tasks/runs/NEARS-1730.json, phase [2] envelope:
   premise_verdict : partly-mis-specified
   solution_doc    : /Users/Apple/Projects/nears/docs/solutions/NEARS-1730-orphan-check-attribution-tiers.md
   summary         : PREMISE: partly mis-specified. NOT by design - creating commit 9487585e names 'solution docs AND OTHER DURABLE AGENT WRITES' with no key qualifier, and the prevention half of that same commit covers EVERY durable write, so the detection half is narrower than the rule it backstops with no recorded rationale. BUT widening the matcher in place is harmful: live primary tree 11 dirty paths, fix-shape 3 ...

RECORD 2 — solution doc docs/solutions/NEARS-1730-orphan-check-attribution-tiers.md, section 1:
   27:## 1. AC1 — the premise verdict: **partly mis-specified**
   32:### 1a. The coverage gap is a real oversight, NOT a deliberate attribution boundary
   54:### 1b. …but widening the matcher in place would be actively harmful — measured
   77:### 1c. Two ticket claims do not survive re-check
   135:### 1d. A fail-open the ticket does not name, squarely inside its own AC2/AC3
   154:### 1e. What this means for scope

The verdict 'partly mis-specified' is carried with measured evidence on BOTH halves:
  (a) the coverage gap IS a real oversight — creating commit 9487585e names 'solution docs and other
      durable agent writes' with no key qualifier, and that same commit's PREVENTION half covers every
      durable write, so the DETECTION half was narrower than the rule it backstops.
  (b) the ticket's own fix-shape 3 was nonetheless REJECTED on measurement — it would have emitted 9
      notes against the live primary tree with ZERO belonging to the run (signal-to-noise 0:9).

QA INDEPENDENTLY RE-MEASURED the one number AC2 turns on rather than accepting it:
  claimed pre-fix footer md5 : 5f7f99ba70cff526c8527c959a2544d8
  QA-measured (6 fixtures)   : 5f7f99ba70cff526c8527c959a2544d8 on FIVE of six — see ac2-ac5-prefix-baseline.log
  (the record claims two colliding outcomes; QA found five distinct situations sharing that footer)
