# NEARS-4111 AC3 (part 1): admin.order.edit + admin.order.update on a placed order holding the 100% item 51
# orders were placed on TIP through the customer place route (AC2); BASE vs TIP edit/update run against the SAME DB; each scenario = one order, one fresh admin session
item 51 state: [['100.00', 'percent', '4.00']]

## VAT active=0  server=base  order 91879
  PRE  {'id': '91879', 'order_status': 'pending', 'payment_method': 'cash_on_delivery', 'payment_status': 'unpaid', 'order_amount': '1.00', 'total_tax_amount': '0.00', 'delivery_charge': '1.00', 'dm_tips': '0.00', 'ref_bonus_amount': '0.000', 'store_discount_amount': '4.00', 'coupon_discount_amount': '0.00', 'extra_packaging_amount': '0.000', 'tax_status': 'excluded', 'tax_percentage': '0.000', 'edited': '0'} [['51', '1', '4.00', '4.00', '0.00', '0.00', '[]']]
  edit-order  HTTP 500 loc=None rid 94871d48-debf-43b3-9aeb-5c7216e1bbc1 log={'error_lines': ['[FAIL] Division by zero {"correlation_id":"94871d48-debf-43b3-9aeb-5c7216e1bbc1","type":"DivisionByZeroError","endpoint" [type=DivisionByZeroError]'], 'fcm_env_lines': 0, 'total_lines': 1}
  update      HTTP 500 loc=None rid 5f60c257-6160-4900-b600-a4b5f63c8085 log={'error_lines': ['[FAIL] Division by zero {"correlation_id":"5f60c257-6160-4900-b600-a4b5f63c8085","type":"DivisionByZeroError","endpoint" [type=DivisionByZeroError]'], 'fcm_env_lines': 0, 'total_lines': 1}
  POST {'id': '91879', 'order_status': 'pending', 'payment_method': 'cash_on_delivery', 'payment_status': 'unpaid', 'order_amount': '1.00', 'total_tax_amount': '0.00', 'delivery_charge': '1.00', 'dm_tips': '0.00', 'ref_bonus_amount': '0.000', 'store_discount_amount': '4.00', 'coupon_discount_amount': '0.00', 'extra_packaging_amount': '0.000', 'tax_status': 'excluded', 'tax_percentage': '0.000', 'edited': '0'}

## VAT active=0  server=tip  order 91880
  PRE  {'id': '91880', 'order_status': 'pending', 'payment_method': 'cash_on_delivery', 'payment_status': 'unpaid', 'order_amount': '1.00', 'total_tax_amount': '0.00', 'delivery_charge': '1.00', 'dm_tips': '0.00', 'ref_bonus_amount': '0.000', 'store_discount_amount': '8.00', 'coupon_discount_amount': '0.00', 'extra_packaging_amount': '0.000', 'tax_status': 'excluded', 'tax_percentage': '0.000', 'edited': '0'} [['51', '2', '4.00', '4.00', '0.00', '0.00', '[]']]
  edit-order  HTTP 302 loc=http://127.0.0.1:8571/admin rid 9a9f9e79-16fa-4135-bf58-f351ed80d7d2 log={'error_lines': [], 'fcm_env_lines': 0, 'total_lines': 0}
  update      HTTP 302 loc=http://127.0.0.1:8571/admin rid fc89fbf9-6ad3-4a4b-82bb-46d6dd08556a log={'error_lines': [], 'fcm_env_lines': 0, 'total_lines': 0}
  POST {'id': '91880', 'order_status': 'pending', 'payment_method': 'cash_on_delivery', 'payment_status': 'unpaid', 'order_amount': '1.00', 'total_tax_amount': '0.00', 'delivery_charge': '1.00', 'dm_tips': '0.00', 'ref_bonus_amount': '0.000', 'store_discount_amount': '8.00', 'coupon_discount_amount': '0.00', 'extra_packaging_amount': '0.000', 'tax_status': 'excluded', 'tax_percentage': '0.000', 'edited': '1'}

## VAT active=1  server=base  order 91881
  PRE  {'id': '91881', 'order_status': 'pending', 'payment_method': 'cash_on_delivery', 'payment_status': 'unpaid', 'order_amount': '1.00', 'total_tax_amount': '0.00', 'delivery_charge': '1.00', 'dm_tips': '0.00', 'ref_bonus_amount': '0.000', 'store_discount_amount': '4.00', 'coupon_discount_amount': '0.00', 'extra_packaging_amount': '0.000', 'tax_status': 'excluded', 'tax_percentage': '0.000', 'edited': '0'} [['51', '1', '4.00', '4.00', '0.00', '0.00', '[]']]
  edit-order  HTTP 500 loc=None rid 9243eb8a-ea18-4f97-a2ed-584544139c5e log={'error_lines': ['[FAIL] Division by zero {"correlation_id":"9243eb8a-ea18-4f97-a2ed-584544139c5e","type":"DivisionByZeroError","endpoint" [type=DivisionByZeroError]'], 'fcm_env_lines': 0, 'total_lines': 1}
  update      HTTP 500 loc=None rid 8e29699a-80f6-48fe-b1df-ef481aa8c840 log={'error_lines': ['[FAIL] Division by zero {"correlation_id":"8e29699a-80f6-48fe-b1df-ef481aa8c840","type":"DivisionByZeroError","endpoint" [type=DivisionByZeroError]'], 'fcm_env_lines': 0, 'total_lines': 1}
  POST {'id': '91881', 'order_status': 'pending', 'payment_method': 'cash_on_delivery', 'payment_status': 'unpaid', 'order_amount': '1.00', 'total_tax_amount': '0.00', 'delivery_charge': '1.00', 'dm_tips': '0.00', 'ref_bonus_amount': '0.000', 'store_discount_amount': '4.00', 'coupon_discount_amount': '0.00', 'extra_packaging_amount': '0.000', 'tax_status': 'excluded', 'tax_percentage': '0.000', 'edited': '0'}

## VAT active=1  server=tip  order 91882
  PRE  {'id': '91882', 'order_status': 'pending', 'payment_method': 'cash_on_delivery', 'payment_status': 'unpaid', 'order_amount': '1.00', 'total_tax_amount': '0.00', 'delivery_charge': '1.00', 'dm_tips': '0.00', 'ref_bonus_amount': '0.000', 'store_discount_amount': '8.00', 'coupon_discount_amount': '0.00', 'extra_packaging_amount': '0.000', 'tax_status': 'excluded', 'tax_percentage': '0.000', 'edited': '0'} [['51', '2', '4.00', '4.00', '0.00', '0.00', '[]']]
  edit-order  HTTP 302 loc=http://127.0.0.1:8571/admin rid 5280bfd6-0989-4fd6-a340-9845a9453f63 log={'error_lines': [], 'fcm_env_lines': 0, 'total_lines': 0}
  update      HTTP 302 loc=http://127.0.0.1:8571/admin rid 886853f0-701a-4524-a8db-93fb85abe4e9 log={'error_lines': [], 'fcm_env_lines': 0, 'total_lines': 0}
  POST {'id': '91882', 'order_status': 'pending', 'payment_method': 'cash_on_delivery', 'payment_status': 'unpaid', 'order_amount': '1.00', 'total_tax_amount': '0.00', 'delivery_charge': '1.00', 'dm_tips': '0.00', 'ref_bonus_amount': '0.000', 'store_discount_amount': '8.00', 'coupon_discount_amount': '0.00', 'extra_packaging_amount': '0.000', 'tax_status': 'excluded', 'tax_percentage': '0.000', 'edited': '1'}
