# NEARS-4111 AC3 extra: Store Panel (Vendor) POS web route, vendor freshlocal@demo.com (store 12), item 51 qty 2 at 100% discount
item 51 state: [['100.00', 'percent', '4.00']]  stores.pos_system(12)= [['1']]

## VAT active=0
  [base] vendor login: (302, 'http://127.0.0.1:8572/vendor-panel')
  [base] add_to_cart HTTP 500 rid 470529e7-eb98-4e4f-bdd5-e788109f9a0b body='{"message":"Something went wrong"}' log=['[FAIL] Division by zero {"correlation_id":"470529e7-eb98-4e4f-bdd5-e788109f9a0b","type":"DivisionByZeroError","endpoint" [type=DivisionByZeroError]']
  [base] order       HTTP 500 rid f9821056-1ac8-478f-9e25-8acd0ff2fa08 body='{"message":"Something went wrong"}' log=['[FAIL] Division by zero {"correlation_id":"f9821056-1ac8-478f-9e25-8acd0ff2fa08","type":"DivisionByZeroError","endpoint" [type=DivisionByZeroError]']
  [base] orders max(id) 91884 -> 91884
  [tip] vendor login: (302, 'http://127.0.0.1:8571/vendor-panel')
  [tip] add_to_cart HTTP 200 rid c384e353-eff8-4bba-abe4-a18312d9b26f body='{"data":{"id":51,"variations":[],"variant":"","quantity":"2","price":4,"name":"Brown Dinne' log=[]
  [tip] order       HTTP 200 rid ef71ccd3-78a6-4d16-8088-6ce8c24faf8c body='{"message":"Order placed successfully"}' log=[]
  [tip] orders max(id) 91884 -> 91885
  new POS order: {'id': '91885', 'order_status': 'delivered', 'payment_method': 'cash', 'payment_status': 'paid', 'order_amount': '0.00', 'total_tax_amount': '0.00', 'delivery_charge': '0.00', 'dm_tips': '0.00', 'ref_bonus_amount': '0.000', 'store_discount_amount': '8.00', 'coupon_discount_amount': '0.00', 'extra_packaging_amount': '0.000', 'tax_status': 'excluded', 'tax_percentage': '0.000', 'edited': '0'} [['51', '2', '4.00', '4.00', '0.00', '0.00', '[]']]

## VAT active=1
  [base] vendor login: (302, 'http://127.0.0.1:8572/vendor-panel')
  [base] add_to_cart HTTP 500 rid 02b7bdf3-1168-4ff8-9f76-6e56278e170b body='{"message":"Something went wrong"}' log=['[FAIL] Division by zero {"correlation_id":"02b7bdf3-1168-4ff8-9f76-6e56278e170b","type":"DivisionByZeroError","endpoint" [type=DivisionByZeroError]']
  [base] order       HTTP 500 rid 8c017c23-01bb-44ee-874f-f1f8c31399ca body='{"message":"Something went wrong"}' log=['[FAIL] Division by zero {"correlation_id":"8c017c23-01bb-44ee-874f-f1f8c31399ca","type":"DivisionByZeroError","endpoint" [type=DivisionByZeroError]']
  [base] orders max(id) 91885 -> 91885
  [tip] vendor login: (302, 'http://127.0.0.1:8571/vendor-panel')
  [tip] add_to_cart HTTP 200 rid 94f6c80a-2b9c-464a-ad9d-cd8f86fdd4fc body='{"data":{"id":51,"variations":[],"variant":"","quantity":"2","price":4,"name":"Brown Dinne' log=[]
  [tip] order       HTTP 200 rid fc470ecb-8d0f-4954-a791-e6633f5f4207 body='{"message":"Order placed successfully"}' log=[]
  [tip] orders max(id) 91885 -> 91886
  new POS order: {'id': '91886', 'order_status': 'delivered', 'payment_method': 'cash', 'payment_status': 'paid', 'order_amount': '0.00', 'total_tax_amount': '0.00', 'delivery_charge': '0.00', 'dm_tips': '0.00', 'ref_bonus_amount': '0.000', 'store_discount_amount': '8.00', 'coupon_discount_amount': '0.00', 'extra_packaging_amount': '0.000', 'tax_status': 'excluded', 'tax_percentage': '0.000', 'edited': '0'} [['51', '2', '4.00', '4.00', '0.00', '0.00', '[]']]
