# NEARS-4111 AC5: price-0 add-on (id 12, created via the Admin addon route) on PAID item 51, NO discount anywhere. BASE expected to crash on the add-on divisor; TIP expected 200, add-on tax 0, item tax unchanged.
item 51 -> (302, ['0.00', 'percent', '4.00', '[12, 13, 14]'])
add_ons rows: [['12', 'QA4111 Free Sauce', '0.00', '12', '1'], ['13', 'QA4111 Paid Sauce', '1.00', '12', '1'], ['14', 'QA4111 Cent Sauce', '0.30', '12', '1']]

######## [price-0 add-on, qty 1] order-wise 10% VAT active=0
  [base] get-Tax qty 1: HTTP 500 :: {"message":"Something went wrong"}  | log ['[FAIL] Division by zero {"correlation_id":"b1ddd0cd-f8fa-4647-b260-6ba8e40ae2e7","type":"DivisionByZeroError","endpoint" [type=DivisionByZeroError]']
  [base] place   qty 1: HTTP 403 :: {"errors":[{"code":"order","message":"Failed to place order"}]}  | log ['[FAIL] new_place_order failed {"correlation_id":"3c48fc8b-a55d-4de2-ae7e-fc86d0f77430","endpoint":"api/v1/customer/order']
    admin POS add_to_cart: HTTP 500 | log ['[FAIL] Division by zero {"correlation_id":"d8c20f59-f643-4533-afee-1f1ccc4c9304","type":"DivisionByZeroError","endpoint" [type=DivisionByZeroError]']
    admin POS order: HTTP 500 | log ['[FAIL] Division by zero {"correlation_id":"950cc62d-6efe-477b-93c1-9dfdb5b0b0cd","type":"DivisionByZeroError","endpoint" [type=DivisionByZeroError]']
    store-panel POS add_to_cart: HTTP 500 | log ['[FAIL] Division by zero {"correlation_id":"eb69d466-2723-46bb-bba4-5512f8e5d939","type":"DivisionByZeroError","endpoint" [type=DivisionByZeroError]']
    store-panel POS order: HTTP 500 | log ['[FAIL] Division by zero {"correlation_id":"527f5641-bff3-43aa-981a-8969050faba0","type":"DivisionByZeroError","endpoint" [type=DivisionByZeroError]']
  [tip] get-Tax qty 1: HTTP 200 :: {"tax_amount":0,"tax_status":"excluded","tax_included":null,"product_price":4,"total_addon_price":0,"total_discount":0}  | log []
  [tip] place   qty 1: HTTP 200 :: {"message":"Order placed successfully","order_id":91923,"payment_token":"<redacted>","total_ammount":5,"status":"pending","created_at":"2026-10-10 17:  | log []
    placed order 91923: {'id': '91923', 'order_status': 'pending', 'payment_method': 'cash_on_delivery', 'payment_status': 'unpaid', 'order_amount': '5.00', 'total_tax_amount': '0.00', 'delivery_charge': '1.00', 'dm_tips': '0.00', 'ref_bonus_amount': '0.000', 'store_discount_amount': '0.00', 'coupon_discount_amount': '0.00', 'extra_packaging_amount': '0.000', 'tax_status': 'excluded', 'tax_percentage': '0.000', 'edited': '0'} details=[['51', '1', '4.00', '0.00', '0.00', '0.00', '[{"id":12,"name":"QA4111 Free Sauce","price":0,"quantity":1,"category_id":null}]']]
    admin edit HTTP 302, update HTTP 302 | log []
    order after edit/update: {'id': '91923', 'order_status': 'pending', 'payment_method': 'cash_on_delivery', 'payment_status': 'unpaid', 'order_amount': '5.00', 'total_tax_amount': '0.00', 'delivery_charge': '1.00', 'dm_tips': '0.00', 'ref_bonus_amount': '0.000', 'store_discount_amount': '0.00', 'coupon_discount_amount': '0.00', 'extra_packaging_amount': '0.000', 'tax_status': 'excluded', 'tax_percentage': '0.000', 'edited': '1'}
    admin POS add_to_cart: HTTP 200 | log []
    admin POS order: HTTP 200 | log []
    admin POS order 91924: {'id': '91924', 'order_status': 'pending', 'payment_method': 'cash_on_delivery', 'payment_status': 'unpaid', 'order_amount': '5.00', 'total_tax_amount': '0.00', 'delivery_charge': '1.00', 'dm_tips': '0.00', 'ref_bonus_amount': '0.000', 'store_discount_amount': '0.00', 'coupon_discount_amount': '0.00', 'extra_packaging_amount': '0.000', 'tax_status': 'excluded', 'tax_percentage': '0.000', 'edited': '0'} details=[['51', '1', '4.00', '0.00', '0.00', '0.00', '[{"id":12,"name":"QA4111 Free Sauce","price":0,"quantity":"1","category_id":null}]']]
    store-panel POS add_to_cart: HTTP 200 | log []
    store-panel POS order: HTTP 200 | log []
    store-panel POS order 91925: {'id': '91925', 'order_status': 'delivered', 'payment_method': 'cash', 'payment_status': 'paid', 'order_amount': '4.00', 'total_tax_amount': '0.00', 'delivery_charge': '0.00', 'dm_tips': '0.00', 'ref_bonus_amount': '0.000', 'store_discount_amount': '0.00', 'coupon_discount_amount': '0.00', 'extra_packaging_amount': '0.000', 'tax_status': 'excluded', 'tax_percentage': '0.000', 'edited': '0'} details=[['51', '1', '4.00', '0.00', '0.00', '0.00', '[{"id":12,"name":"QA4111 Free Sauce","price":0,"quantity":"1","category_id":null}]']]
  >> [price-0 add-on, qty 1] VAT=False: BASE == TIP on every captured field? False
     DIFF admin_pos: base=(500, 500) tip=(200, 200)
     DIFF admin_pos_order: base=None tip={'order_status': 'pending', 'payment_method': 'cash_on_delivery', 'payment_status': 'unpaid', 'order_amount': '5.00', 'total_tax_amount': '0.00', 'delivery_charge': '1.00', 'dm_tips': '0.00', 'ref_bonus_amount': '0.000', 'store_discount_amount': '0.00', 'coupon_discount_amount': '0.00', 'extra_packaging_amount': '0.000', 'tax_status': 'excluded', 'tax_percentage': '0.000', 'edited': '0'}
     DIFF edit_update: base=None tip=(302, 302)
     DIFF order: base=None tip={'order_status': 'pending', 'payment_method': 'cash_on_delivery', 'payment_status': 'unpaid', 'order_amount': '5.00', 'total_tax_amount': '0.00', 'delivery_charge': '1.00', 'dm_tips': '0.00', 'ref_bonus_amount': '0.000', 'store_discount_amount': '0.00', 'coupon_discount_amount': '0.00', 'extra_packaging_amount': '0.000', 'tax_status': 'excluded', 'tax_percentage': '0.000', 'edited': '0'}
     DIFF order_after_edit: base=None tip={'order_status': 'pending', 'payment_method': 'cash_on_delivery', 'payment_status': 'unpaid', 'order_amount': '5.00', 'total_tax_amount': '0.00', 'delivery_charge': '1.00', 'dm_tips': '0.00', 'ref_bonus_amount': '0.000', 'store_discount_amount': '0.00', 'coupon_discount_amount': '0.00', 'extra_packaging_amount': '0.000', 'tax_status': 'excluded', 'tax_percentage': '0.000', 'edited': '1'}
     DIFF place: base=403 tip=200
     DIFF quote: base=(500, '{"message":"Somethingwentwrong"}') tip=(200, '{"tax_amount":0,"tax_status":"excluded","tax_included":null,"product_price":4,"total_addon_price":0,"total_discount":0}')
     DIFF vendor_pos: base=(500, 500) tip=(200, 200)
     DIFF vendor_pos_order: base=None tip={'order_status': 'delivered', 'payment_method': 'cash', 'payment_status': 'paid', 'order_amount': '4.00', 'total_tax_amount': '0.00', 'delivery_charge': '0.00', 'dm_tips': '0.00', 'ref_bonus_amount': '0.000', 'store_discount_amount': '0.00', 'coupon_discount_amount': '0.00', 'extra_packaging_amount': '0.000', 'tax_status': 'excluded', 'tax_percentage': '0.000', 'edited': '0'}

######## [price-0 add-on, qty 1] order-wise 10% VAT active=1
  [base] get-Tax qty 1: HTTP 500 :: {"message":"Something went wrong"}  | log ['[FAIL] Division by zero {"correlation_id":"514e6abb-21e3-4de6-b355-cdcada480e56","type":"DivisionByZeroError","endpoint" [type=DivisionByZeroError]']
  [base] place   qty 1: HTTP 403 :: {"errors":[{"code":"order","message":"Failed to place order"}]}  | log ['[FAIL] new_place_order failed {"correlation_id":"ed7519a6-55f7-403e-8345-ec400347ddbb","endpoint":"api/v1/customer/order']
    admin POS add_to_cart: HTTP 500 | log ['[FAIL] Division by zero {"correlation_id":"682716f0-5ab3-47e8-89e6-0b723cca5150","type":"DivisionByZeroError","endpoint" [type=DivisionByZeroError]']
    admin POS order: HTTP 500 | log ['[FAIL] Division by zero {"correlation_id":"7688a83c-4613-4a50-ab80-3dec4d8ef44b","type":"DivisionByZeroError","endpoint" [type=DivisionByZeroError]']
    store-panel POS add_to_cart: HTTP 500 | log ['[FAIL] Division by zero {"correlation_id":"0c5f2cb0-0089-42db-98f0-7cd0dcdc1314","type":"DivisionByZeroError","endpoint" [type=DivisionByZeroError]']
    store-panel POS order: HTTP 500 | log ['[FAIL] Division by zero {"correlation_id":"a23dd879-a9ca-4048-a181-8a76ad634bfd","type":"DivisionByZeroError","endpoint" [type=DivisionByZeroError]']
  [tip] get-Tax qty 1: HTTP 200 :: {"tax_amount":0.4,"tax_status":"excluded","tax_included":0,"product_price":4,"total_addon_price":0,"total_discount":0}  | log []
  [tip] place   qty 1: HTTP 200 :: {"message":"Order placed successfully","order_id":91926,"payment_token":"<redacted>","total_ammount":5.4,"status":"pending","created_at":"2026-10-10 1  | log []
    placed order 91926: {'id': '91926', 'order_status': 'pending', 'payment_method': 'cash_on_delivery', 'payment_status': 'unpaid', 'order_amount': '5.40', 'total_tax_amount': '0.40', 'delivery_charge': '1.00', 'dm_tips': '0.00', 'ref_bonus_amount': '0.000', 'store_discount_amount': '0.00', 'coupon_discount_amount': '0.00', 'extra_packaging_amount': '0.000', 'tax_status': 'excluded', 'tax_percentage': '0.000', 'edited': '0'} details=[['51', '1', '4.00', '0.00', '0.40', '0.00', '[{"id":12,"name":"QA4111 Free Sauce","price":0,"quantity":1,"category_id":null}]']]
    admin edit HTTP 302, update HTTP 302 | log []
    order after edit/update: {'id': '91926', 'order_status': 'pending', 'payment_method': 'cash_on_delivery', 'payment_status': 'unpaid', 'order_amount': '5.40', 'total_tax_amount': '0.40', 'delivery_charge': '1.00', 'dm_tips': '0.00', 'ref_bonus_amount': '0.000', 'store_discount_amount': '0.00', 'coupon_discount_amount': '0.00', 'extra_packaging_amount': '0.000', 'tax_status': 'excluded', 'tax_percentage': '0.000', 'edited': '1'}
    admin POS add_to_cart: HTTP 200 | log []
    admin POS order: HTTP 200 | log []
    admin POS order 91927: {'id': '91927', 'order_status': 'pending', 'payment_method': 'cash_on_delivery', 'payment_status': 'unpaid', 'order_amount': '5.40', 'total_tax_amount': '0.40', 'delivery_charge': '1.00', 'dm_tips': '0.00', 'ref_bonus_amount': '0.000', 'store_discount_amount': '0.00', 'coupon_discount_amount': '0.00', 'extra_packaging_amount': '0.000', 'tax_status': 'excluded', 'tax_percentage': '0.000', 'edited': '0'} details=[['51', '1', '4.00', '0.00', '0.40', '0.00', '[{"id":12,"name":"QA4111 Free Sauce","price":0,"quantity":"1","category_id":null}]']]
    store-panel POS add_to_cart: HTTP 200 | log []
    store-panel POS order: HTTP 200 | log []
    store-panel POS order 91928: {'id': '91928', 'order_status': 'delivered', 'payment_method': 'cash', 'payment_status': 'paid', 'order_amount': '4.40', 'total_tax_amount': '0.40', 'delivery_charge': '0.00', 'dm_tips': '0.00', 'ref_bonus_amount': '0.000', 'store_discount_amount': '0.00', 'coupon_discount_amount': '0.00', 'extra_packaging_amount': '0.000', 'tax_status': 'excluded', 'tax_percentage': '0.000', 'edited': '0'} details=[['51', '1', '4.00', '0.00', '0.40', '0.00', '[{"id":12,"name":"QA4111 Free Sauce","price":0,"quantity":"1","category_id":null}]']]
  >> [price-0 add-on, qty 1] VAT=True: BASE == TIP on every captured field? False
     DIFF admin_pos: base=(500, 500) tip=(200, 200)
     DIFF admin_pos_order: base=None tip={'order_status': 'pending', 'payment_method': 'cash_on_delivery', 'payment_status': 'unpaid', 'order_amount': '5.40', 'total_tax_amount': '0.40', 'delivery_charge': '1.00', 'dm_tips': '0.00', 'ref_bonus_amount': '0.000', 'store_discount_amount': '0.00', 'coupon_discount_amount': '0.00', 'extra_packaging_amount': '0.000', 'tax_status': 'excluded', 'tax_percentage': '0.000', 'edited': '0'}
     DIFF edit_update: base=None tip=(302, 302)
     DIFF order: base=None tip={'order_status': 'pending', 'payment_method': 'cash_on_delivery', 'payment_status': 'unpaid', 'order_amount': '5.40', 'total_tax_amount': '0.40', 'delivery_charge': '1.00', 'dm_tips': '0.00', 'ref_bonus_amount': '0.000', 'store_discount_amount': '0.00', 'coupon_discount_amount': '0.00', 'extra_packaging_amount': '0.000', 'tax_status': 'excluded', 'tax_percentage': '0.000', 'edited': '0'}
     DIFF order_after_edit: base=None tip={'order_status': 'pending', 'payment_method': 'cash_on_delivery', 'payment_status': 'unpaid', 'order_amount': '5.40', 'total_tax_amount': '0.40', 'delivery_charge': '1.00', 'dm_tips': '0.00', 'ref_bonus_amount': '0.000', 'store_discount_amount': '0.00', 'coupon_discount_amount': '0.00', 'extra_packaging_amount': '0.000', 'tax_status': 'excluded', 'tax_percentage': '0.000', 'edited': '1'}
     DIFF place: base=403 tip=200
     DIFF quote: base=(500, '{"message":"Somethingwentwrong"}') tip=(200, '{"tax_amount":0.4,"tax_status":"excluded","tax_included":0,"product_price":4,"total_addon_price":0,"total_discount":0}')
     DIFF vendor_pos: base=(500, 500) tip=(200, 200)
     DIFF vendor_pos_order: base=None tip={'order_status': 'delivered', 'payment_method': 'cash', 'payment_status': 'paid', 'order_amount': '4.40', 'total_tax_amount': '0.40', 'delivery_charge': '0.00', 'dm_tips': '0.00', 'ref_bonus_amount': '0.000', 'store_discount_amount': '0.00', 'coupon_discount_amount': '0.00', 'extra_packaging_amount': '0.000', 'tax_status': 'excluded', 'tax_percentage': '0.000', 'edited': '0'}

######## [price-0 add-on, qty 2] order-wise 10% VAT active=0
  [base] get-Tax qty 2: HTTP 500 :: {"message":"Something went wrong"}  | log ['[FAIL] Division by zero {"correlation_id":"8f2ee525-1e0c-4c33-8f0c-ca72aa17dbaa","type":"DivisionByZeroError","endpoint" [type=DivisionByZeroError]']
  [base] place   qty 2: HTTP 403 :: {"errors":[{"code":"order","message":"Failed to place order"}]}  | log ['[FAIL] new_place_order failed {"correlation_id":"ac3be0e8-8b3c-456b-a6b7-4e721f5340ee","endpoint":"api/v1/customer/order']
    admin POS add_to_cart: HTTP 500 | log ['[FAIL] Division by zero {"correlation_id":"e72f486c-6023-431c-9e2c-f8235eb5ea16","type":"DivisionByZeroError","endpoint" [type=DivisionByZeroError]']
    admin POS order: HTTP 500 | log ['[FAIL] Division by zero {"correlation_id":"5a6d6430-8d23-46f4-a4d9-65a030dd376a","type":"DivisionByZeroError","endpoint" [type=DivisionByZeroError]']
    store-panel POS add_to_cart: HTTP 500 | log ['[FAIL] Division by zero {"correlation_id":"7e671c23-2ee4-4fbd-b3bf-51041c850d6f","type":"DivisionByZeroError","endpoint" [type=DivisionByZeroError]']
    store-panel POS order: HTTP 500 | log ['[FAIL] Division by zero {"correlation_id":"ff92abbf-85e9-4864-b52a-0dbe76a593b6","type":"DivisionByZeroError","endpoint" [type=DivisionByZeroError]']
  [tip] get-Tax qty 2: HTTP 200 :: {"tax_amount":0,"tax_status":"excluded","tax_included":null,"product_price":8,"total_addon_price":0,"total_discount":0}  | log []
  [tip] place   qty 2: HTTP 200 :: {"message":"Order placed successfully","order_id":91929,"payment_token":"<redacted>","total_ammount":9,"status":"pending","created_at":"2026-10-10 17:  | log []
    placed order 91929: {'id': '91929', 'order_status': 'pending', 'payment_method': 'cash_on_delivery', 'payment_status': 'unpaid', 'order_amount': '9.00', 'total_tax_amount': '0.00', 'delivery_charge': '1.00', 'dm_tips': '0.00', 'ref_bonus_amount': '0.000', 'store_discount_amount': '0.00', 'coupon_discount_amount': '0.00', 'extra_packaging_amount': '0.000', 'tax_status': 'excluded', 'tax_percentage': '0.000', 'edited': '0'} details=[['51', '2', '4.00', '0.00', '0.00', '0.00', '[{"id":12,"name":"QA4111 Free Sauce","price":0,"quantity":1,"category_id":null}]']]
    admin edit HTTP 302, update HTTP 302 | log []
    order after edit/update: {'id': '91929', 'order_status': 'pending', 'payment_method': 'cash_on_delivery', 'payment_status': 'unpaid', 'order_amount': '9.00', 'total_tax_amount': '0.00', 'delivery_charge': '1.00', 'dm_tips': '0.00', 'ref_bonus_amount': '0.000', 'store_discount_amount': '0.00', 'coupon_discount_amount': '0.00', 'extra_packaging_amount': '0.000', 'tax_status': 'excluded', 'tax_percentage': '0.000', 'edited': '1'}
    admin POS add_to_cart: HTTP 200 | log []
    admin POS order: HTTP 200 | log []
    admin POS order 91930: {'id': '91930', 'order_status': 'pending', 'payment_method': 'cash_on_delivery', 'payment_status': 'unpaid', 'order_amount': '9.00', 'total_tax_amount': '0.00', 'delivery_charge': '1.00', 'dm_tips': '0.00', 'ref_bonus_amount': '0.000', 'store_discount_amount': '0.00', 'coupon_discount_amount': '0.00', 'extra_packaging_amount': '0.000', 'tax_status': 'excluded', 'tax_percentage': '0.000', 'edited': '0'} details=[['51', '2', '4.00', '0.00', '0.00', '0.00', '[{"id":12,"name":"QA4111 Free Sauce","price":0,"quantity":"1","category_id":null}]']]
    store-panel POS add_to_cart: HTTP 200 | log []
    store-panel POS order: HTTP 200 | log []
    store-panel POS order 91931: {'id': '91931', 'order_status': 'delivered', 'payment_method': 'cash', 'payment_status': 'paid', 'order_amount': '8.00', 'total_tax_amount': '0.00', 'delivery_charge': '0.00', 'dm_tips': '0.00', 'ref_bonus_amount': '0.000', 'store_discount_amount': '0.00', 'coupon_discount_amount': '0.00', 'extra_packaging_amount': '0.000', 'tax_status': 'excluded', 'tax_percentage': '0.000', 'edited': '0'} details=[['51', '2', '4.00', '0.00', '0.00', '0.00', '[{"id":12,"name":"QA4111 Free Sauce","price":0,"quantity":"1","category_id":null}]']]
  >> [price-0 add-on, qty 2] VAT=False: BASE == TIP on every captured field? False
     DIFF admin_pos: base=(500, 500) tip=(200, 200)
     DIFF admin_pos_order: base=None tip={'order_status': 'pending', 'payment_method': 'cash_on_delivery', 'payment_status': 'unpaid', 'order_amount': '9.00', 'total_tax_amount': '0.00', 'delivery_charge': '1.00', 'dm_tips': '0.00', 'ref_bonus_amount': '0.000', 'store_discount_amount': '0.00', 'coupon_discount_amount': '0.00', 'extra_packaging_amount': '0.000', 'tax_status': 'excluded', 'tax_percentage': '0.000', 'edited': '0'}
     DIFF edit_update: base=None tip=(302, 302)
     DIFF order: base=None tip={'order_status': 'pending', 'payment_method': 'cash_on_delivery', 'payment_status': 'unpaid', 'order_amount': '9.00', 'total_tax_amount': '0.00', 'delivery_charge': '1.00', 'dm_tips': '0.00', 'ref_bonus_amount': '0.000', 'store_discount_amount': '0.00', 'coupon_discount_amount': '0.00', 'extra_packaging_amount': '0.000', 'tax_status': 'excluded', 'tax_percentage': '0.000', 'edited': '0'}
     DIFF order_after_edit: base=None tip={'order_status': 'pending', 'payment_method': 'cash_on_delivery', 'payment_status': 'unpaid', 'order_amount': '9.00', 'total_tax_amount': '0.00', 'delivery_charge': '1.00', 'dm_tips': '0.00', 'ref_bonus_amount': '0.000', 'store_discount_amount': '0.00', 'coupon_discount_amount': '0.00', 'extra_packaging_amount': '0.000', 'tax_status': 'excluded', 'tax_percentage': '0.000', 'edited': '1'}
     DIFF place: base=403 tip=200
     DIFF quote: base=(500, '{"message":"Somethingwentwrong"}') tip=(200, '{"tax_amount":0,"tax_status":"excluded","tax_included":null,"product_price":8,"total_addon_price":0,"total_discount":0}')
     DIFF vendor_pos: base=(500, 500) tip=(200, 200)
     DIFF vendor_pos_order: base=None tip={'order_status': 'delivered', 'payment_method': 'cash', 'payment_status': 'paid', 'order_amount': '8.00', 'total_tax_amount': '0.00', 'delivery_charge': '0.00', 'dm_tips': '0.00', 'ref_bonus_amount': '0.000', 'store_discount_amount': '0.00', 'coupon_discount_amount': '0.00', 'extra_packaging_amount': '0.000', 'tax_status': 'excluded', 'tax_percentage': '0.000', 'edited': '0'}

######## [price-0 add-on, qty 2] order-wise 10% VAT active=1
  [base] get-Tax qty 2: HTTP 500 :: {"message":"Something went wrong"}  | log ['[FAIL] Division by zero {"correlation_id":"09abeddd-48c8-484f-97b9-d1b56ce3e16a","type":"DivisionByZeroError","endpoint" [type=DivisionByZeroError]']
  [base] place   qty 2: HTTP 403 :: {"errors":[{"code":"order","message":"Failed to place order"}]}  | log ['[FAIL] new_place_order failed {"correlation_id":"d895f2b1-2715-4dea-abb3-a89caf8a9082","endpoint":"api/v1/customer/order']
    admin POS add_to_cart: HTTP 500 | log ['[FAIL] Division by zero {"correlation_id":"5b6b491d-58bc-4846-9d87-44122a879e41","type":"DivisionByZeroError","endpoint" [type=DivisionByZeroError]']
    admin POS order: HTTP 500 | log ['[FAIL] Division by zero {"correlation_id":"6be50d16-91a9-49a1-9cf8-f9b9fbef92c7","type":"DivisionByZeroError","endpoint" [type=DivisionByZeroError]']
    store-panel POS add_to_cart: HTTP 500 | log ['[FAIL] Division by zero {"correlation_id":"10a1540a-a0d0-4011-9e8d-ea626053befc","type":"DivisionByZeroError","endpoint" [type=DivisionByZeroError]']
    store-panel POS order: HTTP 500 | log ['[FAIL] Division by zero {"correlation_id":"6e34290c-ff1a-41ca-8084-d7d3a1e00194","type":"DivisionByZeroError","endpoint" [type=DivisionByZeroError]']
  [tip] get-Tax qty 2: HTTP 200 :: {"tax_amount":0.8,"tax_status":"excluded","tax_included":0,"product_price":8,"total_addon_price":0,"total_discount":0}  | log []
  [tip] place   qty 2: HTTP 200 :: {"message":"Order placed successfully","order_id":91932,"payment_token":"<redacted>","total_ammount":9.8,"status":"pending","created_at":"2026-10-10 1  | log []
    placed order 91932: {'id': '91932', 'order_status': 'pending', 'payment_method': 'cash_on_delivery', 'payment_status': 'unpaid', 'order_amount': '9.80', 'total_tax_amount': '0.80', 'delivery_charge': '1.00', 'dm_tips': '0.00', 'ref_bonus_amount': '0.000', 'store_discount_amount': '0.00', 'coupon_discount_amount': '0.00', 'extra_packaging_amount': '0.000', 'tax_status': 'excluded', 'tax_percentage': '0.000', 'edited': '0'} details=[['51', '2', '4.00', '0.00', '0.80', '0.00', '[{"id":12,"name":"QA4111 Free Sauce","price":0,"quantity":1,"category_id":null}]']]
    admin edit HTTP 302, update HTTP 302 | log []
    order after edit/update: {'id': '91932', 'order_status': 'pending', 'payment_method': 'cash_on_delivery', 'payment_status': 'unpaid', 'order_amount': '9.80', 'total_tax_amount': '0.80', 'delivery_charge': '1.00', 'dm_tips': '0.00', 'ref_bonus_amount': '0.000', 'store_discount_amount': '0.00', 'coupon_discount_amount': '0.00', 'extra_packaging_amount': '0.000', 'tax_status': 'excluded', 'tax_percentage': '0.000', 'edited': '1'}
    admin POS add_to_cart: HTTP 200 | log []
    admin POS order: HTTP 200 | log []
    admin POS order 91933: {'id': '91933', 'order_status': 'pending', 'payment_method': 'cash_on_delivery', 'payment_status': 'unpaid', 'order_amount': '9.80', 'total_tax_amount': '0.80', 'delivery_charge': '1.00', 'dm_tips': '0.00', 'ref_bonus_amount': '0.000', 'store_discount_amount': '0.00', 'coupon_discount_amount': '0.00', 'extra_packaging_amount': '0.000', 'tax_status': 'excluded', 'tax_percentage': '0.000', 'edited': '0'} details=[['51', '2', '4.00', '0.00', '0.80', '0.00', '[{"id":12,"name":"QA4111 Free Sauce","price":0,"quantity":"1","category_id":null}]']]
    store-panel POS add_to_cart: HTTP 200 | log []
    store-panel POS order: HTTP 200 | log []
    store-panel POS order 91934: {'id': '91934', 'order_status': 'delivered', 'payment_method': 'cash', 'payment_status': 'paid', 'order_amount': '8.80', 'total_tax_amount': '0.80', 'delivery_charge': '0.00', 'dm_tips': '0.00', 'ref_bonus_amount': '0.000', 'store_discount_amount': '0.00', 'coupon_discount_amount': '0.00', 'extra_packaging_amount': '0.000', 'tax_status': 'excluded', 'tax_percentage': '0.000', 'edited': '0'} details=[['51', '2', '4.00', '0.00', '0.80', '0.00', '[{"id":12,"name":"QA4111 Free Sauce","price":0,"quantity":"1","category_id":null}]']]
  >> [price-0 add-on, qty 2] VAT=True: BASE == TIP on every captured field? False
     DIFF admin_pos: base=(500, 500) tip=(200, 200)
     DIFF admin_pos_order: base=None tip={'order_status': 'pending', 'payment_method': 'cash_on_delivery', 'payment_status': 'unpaid', 'order_amount': '9.80', 'total_tax_amount': '0.80', 'delivery_charge': '1.00', 'dm_tips': '0.00', 'ref_bonus_amount': '0.000', 'store_discount_amount': '0.00', 'coupon_discount_amount': '0.00', 'extra_packaging_amount': '0.000', 'tax_status': 'excluded', 'tax_percentage': '0.000', 'edited': '0'}
     DIFF edit_update: base=None tip=(302, 302)
     DIFF order: base=None tip={'order_status': 'pending', 'payment_method': 'cash_on_delivery', 'payment_status': 'unpaid', 'order_amount': '9.80', 'total_tax_amount': '0.80', 'delivery_charge': '1.00', 'dm_tips': '0.00', 'ref_bonus_amount': '0.000', 'store_discount_amount': '0.00', 'coupon_discount_amount': '0.00', 'extra_packaging_amount': '0.000', 'tax_status': 'excluded', 'tax_percentage': '0.000', 'edited': '0'}
     DIFF order_after_edit: base=None tip={'order_status': 'pending', 'payment_method': 'cash_on_delivery', 'payment_status': 'unpaid', 'order_amount': '9.80', 'total_tax_amount': '0.80', 'delivery_charge': '1.00', 'dm_tips': '0.00', 'ref_bonus_amount': '0.000', 'store_discount_amount': '0.00', 'coupon_discount_amount': '0.00', 'extra_packaging_amount': '0.000', 'tax_status': 'excluded', 'tax_percentage': '0.000', 'edited': '1'}
     DIFF place: base=403 tip=200
     DIFF quote: base=(500, '{"message":"Somethingwentwrong"}') tip=(200, '{"tax_amount":0.8,"tax_status":"excluded","tax_included":0,"product_price":8,"total_addon_price":0,"total_discount":0}')
     DIFF vendor_pos: base=(500, 500) tip=(200, 200)
     DIFF vendor_pos_order: base=None tip={'order_status': 'delivered', 'payment_method': 'cash', 'payment_status': 'paid', 'order_amount': '8.80', 'total_tax_amount': '0.80', 'delivery_charge': '0.00', 'dm_tips': '0.00', 'ref_bonus_amount': '0.000', 'store_discount_amount': '0.00', 'coupon_discount_amount': '0.00', 'extra_packaging_amount': '0.000', 'tax_status': 'excluded', 'tax_percentage': '0.000', 'edited': '0'}
restore item add_ons -> (302, ['0.00', 'percent', '4.00', '[]'])
