# NEARS-4111 AC5 (admin edit/update): orders holding the price-0 add-on are placed on TIP (BASE cannot place them), then edited on BASE and on TIP against the same DB
item 51 -> (302, ['0.00', 'percent', '4.00', '[12, 13, 14]'])

## VAT active=0
  placed on TIP for the base edit: HTTP 200 order 91935: {'id': '91935', 'order_status': 'pending', 'payment_method': 'cash_on_delivery', 'payment_status': 'unpaid', 'order_amount': '9.00', 'total_tax_amount': '0.00', 'delivery_charge': '1.00', 'dm_tips': '0.00', 'ref_bonus_amount': '0.000', 'store_discount_amount': '0.00', 'coupon_discount_amount': '0.00', 'extra_packaging_amount': '0.000', 'tax_status': 'excluded', 'tax_percentage': '0.000', 'edited': '0'} details=[['51', '2', '4.00', '0.00', '0.00', '0.00', '[{"id":12,"name":"QA4111 Free Sauce","price":0,"quantity":1,"category_id":null}]']]
  placed on TIP for the tip edit: HTTP 200 order 91936: {'id': '91936', 'order_status': 'pending', 'payment_method': 'cash_on_delivery', 'payment_status': 'unpaid', 'order_amount': '9.00', 'total_tax_amount': '0.00', 'delivery_charge': '1.00', 'dm_tips': '0.00', 'ref_bonus_amount': '0.000', 'store_discount_amount': '0.00', 'coupon_discount_amount': '0.00', 'extra_packaging_amount': '0.000', 'tax_status': 'excluded', 'tax_percentage': '0.000', 'edited': '0'} details=[['51', '2', '4.00', '0.00', '0.00', '0.00', '[{"id":12,"name":"QA4111 Free Sauce","price":0,"quantity":1,"category_id":null}]']]
  [base] order 91935: edit HTTP 500, update HTTP 500 | log ['[FAIL] Division by zero {"correlation_id":"34fac9a0-65a8-4a5e-9095-7082bb283222","type":"DivisionByZeroError","endpoint" [type=DivisionByZeroError]', '[FAIL] Division by zero {"correlation_id":"a6f28313-4c2f-4b39-93d0-6b8430e40158","type":"DivisionByZeroError","endpoint" [type=DivisionByZeroError]']
     pre ={'id': '91935', 'order_status': 'pending', 'payment_method': 'cash_on_delivery', 'payment_status': 'unpaid', 'order_amount': '9.00', 'total_tax_amount': '0.00', 'delivery_charge': '1.00', 'dm_tips': '0.00', 'ref_bonus_amount': '0.000', 'store_discount_amount': '0.00', 'coupon_discount_amount': '0.00', 'extra_packaging_amount': '0.000', 'tax_status': 'excluded', 'tax_percentage': '0.000', 'edited': '0'}
     post={'id': '91935', 'order_status': 'pending', 'payment_method': 'cash_on_delivery', 'payment_status': 'unpaid', 'order_amount': '9.00', 'total_tax_amount': '0.00', 'delivery_charge': '1.00', 'dm_tips': '0.00', 'ref_bonus_amount': '0.000', 'store_discount_amount': '0.00', 'coupon_discount_amount': '0.00', 'extra_packaging_amount': '0.000', 'tax_status': 'excluded', 'tax_percentage': '0.000', 'edited': '0'}
     details after=[['51', '2', '4.00', '0.00', '0.00', '0.00', '[{"id":12,"name":"QA4111 Free Sauce","price":0,"quantity":1,"category_id":null}]']]
     money unchanged by the edit (order_amount/tax/delivery): True; edited flag 0 -> 0
  [tip] order 91936: edit HTTP 302, update HTTP 302 | log []
     pre ={'id': '91936', 'order_status': 'pending', 'payment_method': 'cash_on_delivery', 'payment_status': 'unpaid', 'order_amount': '9.00', 'total_tax_amount': '0.00', 'delivery_charge': '1.00', 'dm_tips': '0.00', 'ref_bonus_amount': '0.000', 'store_discount_amount': '0.00', 'coupon_discount_amount': '0.00', 'extra_packaging_amount': '0.000', 'tax_status': 'excluded', 'tax_percentage': '0.000', 'edited': '0'}
     post={'id': '91936', 'order_status': 'pending', 'payment_method': 'cash_on_delivery', 'payment_status': 'unpaid', 'order_amount': '9.00', 'total_tax_amount': '0.00', 'delivery_charge': '1.00', 'dm_tips': '0.00', 'ref_bonus_amount': '0.000', 'store_discount_amount': '0.00', 'coupon_discount_amount': '0.00', 'extra_packaging_amount': '0.000', 'tax_status': 'excluded', 'tax_percentage': '0.000', 'edited': '1'}
     details after=[['51', '2', '4.00', '0.00', '0.00', '0.00', '[{"id":12,"name":"QA4111 Free Sauce","price":0,"quantity":1,"category_id":null}]']]
     money unchanged by the edit (order_amount/tax/delivery): True; edited flag 0 -> 1

## VAT active=1
  placed on TIP for the base edit: HTTP 200 order 91937: {'id': '91937', 'order_status': 'pending', 'payment_method': 'cash_on_delivery', 'payment_status': 'unpaid', 'order_amount': '9.80', 'total_tax_amount': '0.80', 'delivery_charge': '1.00', 'dm_tips': '0.00', 'ref_bonus_amount': '0.000', 'store_discount_amount': '0.00', 'coupon_discount_amount': '0.00', 'extra_packaging_amount': '0.000', 'tax_status': 'excluded', 'tax_percentage': '0.000', 'edited': '0'} details=[['51', '2', '4.00', '0.00', '0.80', '0.00', '[{"id":12,"name":"QA4111 Free Sauce","price":0,"quantity":1,"category_id":null}]']]
  placed on TIP for the tip edit: HTTP 200 order 91938: {'id': '91938', 'order_status': 'pending', 'payment_method': 'cash_on_delivery', 'payment_status': 'unpaid', 'order_amount': '9.80', 'total_tax_amount': '0.80', 'delivery_charge': '1.00', 'dm_tips': '0.00', 'ref_bonus_amount': '0.000', 'store_discount_amount': '0.00', 'coupon_discount_amount': '0.00', 'extra_packaging_amount': '0.000', 'tax_status': 'excluded', 'tax_percentage': '0.000', 'edited': '0'} details=[['51', '2', '4.00', '0.00', '0.80', '0.00', '[{"id":12,"name":"QA4111 Free Sauce","price":0,"quantity":1,"category_id":null}]']]
  [base] order 91937: edit HTTP 500, update HTTP 500 | log ['[FAIL] Division by zero {"correlation_id":"2eab19f8-3e69-46ba-8cb8-6256903a111a","type":"DivisionByZeroError","endpoint" [type=DivisionByZeroError]', '[FAIL] Division by zero {"correlation_id":"1cfc90cf-8008-488b-a34d-766e53d666c2","type":"DivisionByZeroError","endpoint" [type=DivisionByZeroError]']
     pre ={'id': '91937', 'order_status': 'pending', 'payment_method': 'cash_on_delivery', 'payment_status': 'unpaid', 'order_amount': '9.80', 'total_tax_amount': '0.80', 'delivery_charge': '1.00', 'dm_tips': '0.00', 'ref_bonus_amount': '0.000', 'store_discount_amount': '0.00', 'coupon_discount_amount': '0.00', 'extra_packaging_amount': '0.000', 'tax_status': 'excluded', 'tax_percentage': '0.000', 'edited': '0'}
     post={'id': '91937', 'order_status': 'pending', 'payment_method': 'cash_on_delivery', 'payment_status': 'unpaid', 'order_amount': '9.80', 'total_tax_amount': '0.80', 'delivery_charge': '1.00', 'dm_tips': '0.00', 'ref_bonus_amount': '0.000', 'store_discount_amount': '0.00', 'coupon_discount_amount': '0.00', 'extra_packaging_amount': '0.000', 'tax_status': 'excluded', 'tax_percentage': '0.000', 'edited': '0'}
     details after=[['51', '2', '4.00', '0.00', '0.80', '0.00', '[{"id":12,"name":"QA4111 Free Sauce","price":0,"quantity":1,"category_id":null}]']]
     money unchanged by the edit (order_amount/tax/delivery): True; edited flag 0 -> 0
  [tip] order 91938: edit HTTP 302, update HTTP 302 | log []
     pre ={'id': '91938', 'order_status': 'pending', 'payment_method': 'cash_on_delivery', 'payment_status': 'unpaid', 'order_amount': '9.80', 'total_tax_amount': '0.80', 'delivery_charge': '1.00', 'dm_tips': '0.00', 'ref_bonus_amount': '0.000', 'store_discount_amount': '0.00', 'coupon_discount_amount': '0.00', 'extra_packaging_amount': '0.000', 'tax_status': 'excluded', 'tax_percentage': '0.000', 'edited': '0'}
     post={'id': '91938', 'order_status': 'pending', 'payment_method': 'cash_on_delivery', 'payment_status': 'unpaid', 'order_amount': '9.80', 'total_tax_amount': '0.80', 'delivery_charge': '1.00', 'dm_tips': '0.00', 'ref_bonus_amount': '0.000', 'store_discount_amount': '0.00', 'coupon_discount_amount': '0.00', 'extra_packaging_amount': '0.000', 'tax_status': 'excluded', 'tax_percentage': '0.000', 'edited': '1'}
     details after=[['51', '2', '4.00', '0.00', '0.80', '0.00', '[{"id":12,"name":"QA4111 Free Sauce","price":0,"quantity":1,"category_id":null}]']]
     money unchanged by the edit (order_amount/tax/delivery): True; edited flag 0 -> 1
restore item add_ons -> (302, ['0.00', 'percent', '4.00', '[]'])
