# NEARS-4111 AC3 extra: Store Panel (Vendor) POS web route, vendor freshlocal@demo.com (store 12), item 51 qty 2 at 100% discount
item 51 state: [['100.00', 'percent', '4.00']]  stores.pos_system(12)= [['1']]

## VAT active=0
  [base] vendor login: (302, 'http://127.0.0.1:8572/vendor-panel')
  [base] add_to_cart HTTP 500 rid 8e0e7f1e-f1f4-4acf-837b-ec5ce66c249e body='{"message":"Something went wrong"}' log=['[FAIL] Division by zero {"correlation_id":"8e0e7f1e-f1f4-4acf-837b-ec5ce66c249e","type":"DivisionByZeroError","endpoint" [type=DivisionByZeroError]']
  [base] order       HTTP 500 rid 13dd48d7-1468-4f0f-9810-5a9aa7c5c4c8 body='{"message":"Something went wrong"}' log=['[FAIL] Division by zero {"correlation_id":"13dd48d7-1468-4f0f-9810-5a9aa7c5c4c8","type":"DivisionByZeroError","endpoint" [type=DivisionByZeroError]']
  [base] orders max(id) 91819 -> 91819
  [tip] vendor login: (302, 'http://127.0.0.1:8571/vendor-panel')
  [tip] add_to_cart HTTP 200 rid 769aed36-7458-47a0-b573-4edb42e7bcca body='{"data":{"id":51,"variations":[],"variant":"","quantity":"2","price":4,"name":"Brown Dinne' log=[]
  [tip] order       HTTP 200 rid 6a8e4a07-fbac-4c75-a039-a9a756696569 body='{"message":"Order placed successfully"}' log=[]
  [tip] orders max(id) 91819 -> 91820
  new POS order: {'id': '91820', 'order_status': 'delivered', 'payment_method': 'cash', 'payment_status': 'paid', 'order_amount': '0.00', 'total_tax_amount': '0.00', 'delivery_charge': '0.00', 'dm_tips': '0.00', 'ref_bonus_amount': '0.000', 'store_discount_amount': '8.00', 'coupon_discount_amount': '0.00', 'extra_packaging_amount': '0.000', 'tax_status': 'excluded', 'tax_percentage': '0.000', 'edited': '0'} [['51', '2', '4.00', '4.00', '0.00', '0.00', '[]']]

## VAT active=1
  [base] vendor login: (302, 'http://127.0.0.1:8572/vendor-panel')
  [base] add_to_cart HTTP 500 rid dda82272-bfa6-4c35-ab56-de16cdb99995 body='{"message":"Something went wrong"}' log=['[FAIL] Division by zero {"correlation_id":"dda82272-bfa6-4c35-ab56-de16cdb99995","type":"DivisionByZeroError","endpoint" [type=DivisionByZeroError]']
  [base] order       HTTP 500 rid 8c65bf56-fe84-41a5-becb-ea597ace1708 body='{"message":"Something went wrong"}' log=['[FAIL] Division by zero {"correlation_id":"8c65bf56-fe84-41a5-becb-ea597ace1708","type":"DivisionByZeroError","endpoint" [type=DivisionByZeroError]']
  [base] orders max(id) 91820 -> 91820
  [tip] vendor login: (302, 'http://127.0.0.1:8571/vendor-panel')
  [tip] add_to_cart HTTP 200 rid aa93b46c-fe2f-4533-abb5-a1c4a2c9837a body='{"data":{"id":51,"variations":[],"variant":"","quantity":"2","price":4,"name":"Brown Dinne' log=[]
  [tip] order       HTTP 200 rid 5cbe3320-a8a0-4899-8e61-887a9c19c273 body='{"message":"Order placed successfully"}' log=[]
  [tip] orders max(id) 91820 -> 91821
  new POS order: {'id': '91821', 'order_status': 'delivered', 'payment_method': 'cash', 'payment_status': 'paid', 'order_amount': '0.00', 'total_tax_amount': '0.00', 'delivery_charge': '0.00', 'dm_tips': '0.00', 'ref_bonus_amount': '0.000', 'store_discount_amount': '8.00', 'coupon_discount_amount': '0.00', 'extra_packaging_amount': '0.000', 'tax_status': 'excluded', 'tax_percentage': '0.000', 'edited': '0'} [['51', '2', '4.00', '4.00', '0.00', '0.00', '[]']]
