# NEARS-4111 AC5: price-0 add-on (id 12, created via the Admin addon route) on PAID item 51, NO discount anywhere. BASE expected to crash on the add-on divisor; TIP expected 200, add-on tax 0, item tax unchanged.
item 51 -> (302, ['0.00', 'percent', '4.00', '[12, 13, 14]'])
add_ons rows: [['12', 'QA4111 Free Sauce', '0.00', '12', '1'], ['13', 'QA4111 Paid Sauce', '1.00', '12', '1'], ['14', 'QA4111 Cent Sauce', '0.30', '12', '1']]

######## [price-0 add-on, qty 1] order-wise 10% VAT active=0
  [base] get-Tax qty 1: HTTP 500 :: {"message":"Something went wrong"}  | log ['[FAIL] Division by zero {"correlation_id":"a6dd6471-4659-4cbf-acf6-8b82b97a5ed0","type":"DivisionByZeroError","endpoint" [type=DivisionByZeroError]']
  [base] place   qty 1: HTTP 403 :: {"errors":[{"code":"order","message":"Failed to place order"}]}  | log ['[FAIL] new_place_order failed {"correlation_id":"1220954e-f349-4735-8bcd-19fb7502da62","endpoint":"api/v1/customer/order']
    admin POS add_to_cart: HTTP 500 | log ['[FAIL] Division by zero {"correlation_id":"9bd2a049-046d-4363-8037-931c80f61c1f","type":"DivisionByZeroError","endpoint" [type=DivisionByZeroError]']
    admin POS order: HTTP 500 | log ['[FAIL] Division by zero {"correlation_id":"32def38b-e19b-4d21-9c88-6510445af40e","type":"DivisionByZeroError","endpoint" [type=DivisionByZeroError]']
    store-panel POS add_to_cart: HTTP 500 | log ['[FAIL] Division by zero {"correlation_id":"c745837d-00bc-40c9-ae7f-ba695421476c","type":"DivisionByZeroError","endpoint" [type=DivisionByZeroError]']
    store-panel POS order: HTTP 500 | log ['[FAIL] Division by zero {"correlation_id":"1513f6a0-bc7e-4816-8cdf-7dc0365cef75","type":"DivisionByZeroError","endpoint" [type=DivisionByZeroError]']
  [tip] get-Tax qty 1: HTTP 200 :: {"tax_amount":0,"tax_status":"excluded","tax_included":null,"product_price":4,"total_addon_price":0,"total_discount":0}  | log []
  [tip] place   qty 1: HTTP 200 :: {"message":"Order placed successfully","order_id":91857,"payment_token":"<redacted>","total_ammount":5,"status":"pending","created_at":"2026-10-10 21:  | log []
    placed order 91857: {'id': '91857', 'order_status': 'pending', 'payment_method': 'cash_on_delivery', 'payment_status': 'unpaid', 'order_amount': '5.00', 'total_tax_amount': '0.00', 'delivery_charge': '1.00', 'dm_tips': '0.00', 'ref_bonus_amount': '0.000', 'store_discount_amount': '0.00', 'coupon_discount_amount': '0.00', 'extra_packaging_amount': '0.000', 'tax_status': 'excluded', 'tax_percentage': '0.000', 'edited': '0'} details=[['51', '1', '4.00', '0.00', '0.00', '0.00', '[{"id":12,"name":"QA4111 Free Sauce","price":0,"quantity":1,"category_id":null}]']]
    admin edit HTTP 302, update HTTP 302 | log []
    order after edit/update: {'id': '91857', 'order_status': 'pending', 'payment_method': 'cash_on_delivery', 'payment_status': 'unpaid', 'order_amount': '5.00', 'total_tax_amount': '0.00', 'delivery_charge': '1.00', 'dm_tips': '0.00', 'ref_bonus_amount': '0.000', 'store_discount_amount': '0.00', 'coupon_discount_amount': '0.00', 'extra_packaging_amount': '0.000', 'tax_status': 'excluded', 'tax_percentage': '0.000', 'edited': '1'}
    admin POS add_to_cart: HTTP 200 | log []
    admin POS order: HTTP 200 | log []
    admin POS order 91858: {'id': '91858', 'order_status': 'pending', 'payment_method': 'cash_on_delivery', 'payment_status': 'unpaid', 'order_amount': '5.00', 'total_tax_amount': '0.00', 'delivery_charge': '1.00', 'dm_tips': '0.00', 'ref_bonus_amount': '0.000', 'store_discount_amount': '0.00', 'coupon_discount_amount': '0.00', 'extra_packaging_amount': '0.000', 'tax_status': 'excluded', 'tax_percentage': '0.000', 'edited': '0'} details=[['51', '1', '4.00', '0.00', '0.00', '0.00', '[{"id":12,"name":"QA4111 Free Sauce","price":0,"quantity":"1","category_id":null}]']]
    store-panel POS add_to_cart: HTTP 200 | log []
    store-panel POS order: HTTP 200 | log []
    store-panel POS order 91859: {'id': '91859', 'order_status': 'delivered', 'payment_method': 'cash', 'payment_status': 'paid', 'order_amount': '4.00', 'total_tax_amount': '0.00', 'delivery_charge': '0.00', 'dm_tips': '0.00', 'ref_bonus_amount': '0.000', 'store_discount_amount': '0.00', 'coupon_discount_amount': '0.00', 'extra_packaging_amount': '0.000', 'tax_status': 'excluded', 'tax_percentage': '0.000', 'edited': '0'} details=[['51', '1', '4.00', '0.00', '0.00', '0.00', '[{"id":12,"name":"QA4111 Free Sauce","price":0,"quantity":"1","category_id":null}]']]
  >> [price-0 add-on, qty 1] VAT=False: BASE == TIP on every captured field? False
     DIFF admin_pos: base=(500, 500) tip=(200, 200)
     DIFF admin_pos_order: base=None tip={'order_status': 'pending', 'payment_method': 'cash_on_delivery', 'payment_status': 'unpaid', 'order_amount': '5.00', 'total_tax_amount': '0.00', 'delivery_charge': '1.00', 'dm_tips': '0.00', 'ref_bonus_amount': '0.000', 'store_discount_amount': '0.00', 'coupon_discount_amount': '0.00', 'extra_packaging_amount': '0.000', 'tax_status': 'excluded', 'tax_percentage': '0.000', 'edited': '0'}
     DIFF edit_update: base=None tip=(302, 302)
     DIFF order: base=None tip={'order_status': 'pending', 'payment_method': 'cash_on_delivery', 'payment_status': 'unpaid', 'order_amount': '5.00', 'total_tax_amount': '0.00', 'delivery_charge': '1.00', 'dm_tips': '0.00', 'ref_bonus_amount': '0.000', 'store_discount_amount': '0.00', 'coupon_discount_amount': '0.00', 'extra_packaging_amount': '0.000', 'tax_status': 'excluded', 'tax_percentage': '0.000', 'edited': '0'}
     DIFF order_after_edit: base=None tip={'order_status': 'pending', 'payment_method': 'cash_on_delivery', 'payment_status': 'unpaid', 'order_amount': '5.00', 'total_tax_amount': '0.00', 'delivery_charge': '1.00', 'dm_tips': '0.00', 'ref_bonus_amount': '0.000', 'store_discount_amount': '0.00', 'coupon_discount_amount': '0.00', 'extra_packaging_amount': '0.000', 'tax_status': 'excluded', 'tax_percentage': '0.000', 'edited': '1'}
     DIFF place: base=403 tip=200
     DIFF quote: base=(500, '{"message":"Somethingwentwrong"}') tip=(200, '{"tax_amount":0,"tax_status":"excluded","tax_included":null,"product_price":4,"total_addon_price":0,"total_discount":0}')
     DIFF vendor_pos: base=(500, 500) tip=(200, 200)
     DIFF vendor_pos_order: base=None tip={'order_status': 'delivered', 'payment_method': 'cash', 'payment_status': 'paid', 'order_amount': '4.00', 'total_tax_amount': '0.00', 'delivery_charge': '0.00', 'dm_tips': '0.00', 'ref_bonus_amount': '0.000', 'store_discount_amount': '0.00', 'coupon_discount_amount': '0.00', 'extra_packaging_amount': '0.000', 'tax_status': 'excluded', 'tax_percentage': '0.000', 'edited': '0'}

######## [price-0 add-on, qty 1] order-wise 10% VAT active=1
  [base] get-Tax qty 1: HTTP 500 :: {"message":"Something went wrong"}  | log ['[FAIL] Division by zero {"correlation_id":"5f966f1f-832e-4b14-8b42-4a13cd808a1a","type":"DivisionByZeroError","endpoint" [type=DivisionByZeroError]']
  [base] place   qty 1: HTTP 403 :: {"errors":[{"code":"order","message":"Failed to place order"}]}  | log ['[FAIL] new_place_order failed {"correlation_id":"a0670fff-ad13-4fe1-90f0-46a3aa5585f7","endpoint":"api/v1/customer/order']
    admin POS add_to_cart: HTTP 500 | log ['[FAIL] Division by zero {"correlation_id":"ce8bdd02-cfd0-420e-b620-1a88be388bed","type":"DivisionByZeroError","endpoint" [type=DivisionByZeroError]']
    admin POS order: HTTP 500 | log ['[FAIL] Division by zero {"correlation_id":"fc340e60-9547-49aa-934a-3466f8b1ab28","type":"DivisionByZeroError","endpoint" [type=DivisionByZeroError]']
    store-panel POS add_to_cart: HTTP 500 | log ['[FAIL] Division by zero {"correlation_id":"f2ad6349-f0dc-44ce-8360-09c63b6618f7","type":"DivisionByZeroError","endpoint" [type=DivisionByZeroError]']
    store-panel POS order: HTTP 500 | log ['[FAIL] Division by zero {"correlation_id":"2c47b6ab-f232-4590-9753-05a9590a2b5c","type":"DivisionByZeroError","endpoint" [type=DivisionByZeroError]']
  [tip] get-Tax qty 1: HTTP 200 :: {"tax_amount":0.4,"tax_status":"excluded","tax_included":0,"product_price":4,"total_addon_price":0,"total_discount":0}  | log []
  [tip] place   qty 1: HTTP 200 :: {"message":"Order placed successfully","order_id":91860,"payment_token":"<redacted>","total_ammount":5.4,"status":"pending","created_at":"2026-10-10 2  | log []
    placed order 91860: {'id': '91860', 'order_status': 'pending', 'payment_method': 'cash_on_delivery', 'payment_status': 'unpaid', 'order_amount': '5.40', 'total_tax_amount': '0.40', 'delivery_charge': '1.00', 'dm_tips': '0.00', 'ref_bonus_amount': '0.000', 'store_discount_amount': '0.00', 'coupon_discount_amount': '0.00', 'extra_packaging_amount': '0.000', 'tax_status': 'excluded', 'tax_percentage': '0.000', 'edited': '0'} details=[['51', '1', '4.00', '0.00', '0.40', '0.00', '[{"id":12,"name":"QA4111 Free Sauce","price":0,"quantity":1,"category_id":null}]']]
    admin edit HTTP 302, update HTTP 302 | log []
    order after edit/update: {'id': '91860', 'order_status': 'pending', 'payment_method': 'cash_on_delivery', 'payment_status': 'unpaid', 'order_amount': '5.40', 'total_tax_amount': '0.40', 'delivery_charge': '1.00', 'dm_tips': '0.00', 'ref_bonus_amount': '0.000', 'store_discount_amount': '0.00', 'coupon_discount_amount': '0.00', 'extra_packaging_amount': '0.000', 'tax_status': 'excluded', 'tax_percentage': '0.000', 'edited': '1'}
    admin POS add_to_cart: HTTP 200 | log []
    admin POS order: HTTP 200 | log []
    admin POS order 91861: {'id': '91861', 'order_status': 'pending', 'payment_method': 'cash_on_delivery', 'payment_status': 'unpaid', 'order_amount': '5.40', 'total_tax_amount': '0.40', 'delivery_charge': '1.00', 'dm_tips': '0.00', 'ref_bonus_amount': '0.000', 'store_discount_amount': '0.00', 'coupon_discount_amount': '0.00', 'extra_packaging_amount': '0.000', 'tax_status': 'excluded', 'tax_percentage': '0.000', 'edited': '0'} details=[['51', '1', '4.00', '0.00', '0.40', '0.00', '[{"id":12,"name":"QA4111 Free Sauce","price":0,"quantity":"1","category_id":null}]']]
    store-panel POS add_to_cart: HTTP 200 | log []
    store-panel POS order: HTTP 200 | log []
    store-panel POS order 91862: {'id': '91862', 'order_status': 'delivered', 'payment_method': 'cash', 'payment_status': 'paid', 'order_amount': '4.40', 'total_tax_amount': '0.40', 'delivery_charge': '0.00', 'dm_tips': '0.00', 'ref_bonus_amount': '0.000', 'store_discount_amount': '0.00', 'coupon_discount_amount': '0.00', 'extra_packaging_amount': '0.000', 'tax_status': 'excluded', 'tax_percentage': '0.000', 'edited': '0'} details=[['51', '1', '4.00', '0.00', '0.40', '0.00', '[{"id":12,"name":"QA4111 Free Sauce","price":0,"quantity":"1","category_id":null}]']]
  >> [price-0 add-on, qty 1] VAT=True: BASE == TIP on every captured field? False
     DIFF admin_pos: base=(500, 500) tip=(200, 200)
     DIFF admin_pos_order: base=None tip={'order_status': 'pending', 'payment_method': 'cash_on_delivery', 'payment_status': 'unpaid', 'order_amount': '5.40', 'total_tax_amount': '0.40', 'delivery_charge': '1.00', 'dm_tips': '0.00', 'ref_bonus_amount': '0.000', 'store_discount_amount': '0.00', 'coupon_discount_amount': '0.00', 'extra_packaging_amount': '0.000', 'tax_status': 'excluded', 'tax_percentage': '0.000', 'edited': '0'}
     DIFF edit_update: base=None tip=(302, 302)
     DIFF order: base=None tip={'order_status': 'pending', 'payment_method': 'cash_on_delivery', 'payment_status': 'unpaid', 'order_amount': '5.40', 'total_tax_amount': '0.40', 'delivery_charge': '1.00', 'dm_tips': '0.00', 'ref_bonus_amount': '0.000', 'store_discount_amount': '0.00', 'coupon_discount_amount': '0.00', 'extra_packaging_amount': '0.000', 'tax_status': 'excluded', 'tax_percentage': '0.000', 'edited': '0'}
     DIFF order_after_edit: base=None tip={'order_status': 'pending', 'payment_method': 'cash_on_delivery', 'payment_status': 'unpaid', 'order_amount': '5.40', 'total_tax_amount': '0.40', 'delivery_charge': '1.00', 'dm_tips': '0.00', 'ref_bonus_amount': '0.000', 'store_discount_amount': '0.00', 'coupon_discount_amount': '0.00', 'extra_packaging_amount': '0.000', 'tax_status': 'excluded', 'tax_percentage': '0.000', 'edited': '1'}
     DIFF place: base=403 tip=200
     DIFF quote: base=(500, '{"message":"Somethingwentwrong"}') tip=(200, '{"tax_amount":0.4,"tax_status":"excluded","tax_included":0,"product_price":4,"total_addon_price":0,"total_discount":0}')
     DIFF vendor_pos: base=(500, 500) tip=(200, 200)
     DIFF vendor_pos_order: base=None tip={'order_status': 'delivered', 'payment_method': 'cash', 'payment_status': 'paid', 'order_amount': '4.40', 'total_tax_amount': '0.40', 'delivery_charge': '0.00', 'dm_tips': '0.00', 'ref_bonus_amount': '0.000', 'store_discount_amount': '0.00', 'coupon_discount_amount': '0.00', 'extra_packaging_amount': '0.000', 'tax_status': 'excluded', 'tax_percentage': '0.000', 'edited': '0'}

######## [price-0 add-on, qty 2] order-wise 10% VAT active=0
  [base] get-Tax qty 2: HTTP 500 :: {"message":"Something went wrong"}  | log ['[FAIL] Division by zero {"correlation_id":"52ab79db-e8ec-49b6-9fc6-2489eb03b0c7","type":"DivisionByZeroError","endpoint" [type=DivisionByZeroError]']
  [base] place   qty 2: HTTP 403 :: {"errors":[{"code":"order","message":"Failed to place order"}]}  | log ['[FAIL] new_place_order failed {"correlation_id":"8ef5c492-7c84-424f-87d1-68c597f84e9c","endpoint":"api/v1/customer/order']
    admin POS add_to_cart: HTTP 500 | log ['[FAIL] Division by zero {"correlation_id":"7970854e-48e1-47b0-a65b-14bd2e3fe2bb","type":"DivisionByZeroError","endpoint" [type=DivisionByZeroError]']
    admin POS order: HTTP 500 | log ['[FAIL] Division by zero {"correlation_id":"aa8b8372-4295-415e-8df3-a7df39676fd9","type":"DivisionByZeroError","endpoint" [type=DivisionByZeroError]']
    store-panel POS add_to_cart: HTTP 500 | log ['[FAIL] Division by zero {"correlation_id":"0a649f35-fe35-42ee-8d8c-3bba73fd904f","type":"DivisionByZeroError","endpoint" [type=DivisionByZeroError]']
    store-panel POS order: HTTP 500 | log ['[FAIL] Division by zero {"correlation_id":"3e027747-919a-4fbb-9cb1-f90be4f3d993","type":"DivisionByZeroError","endpoint" [type=DivisionByZeroError]']
  [tip] get-Tax qty 2: HTTP 200 :: {"tax_amount":0,"tax_status":"excluded","tax_included":null,"product_price":8,"total_addon_price":0,"total_discount":0}  | log []
  [tip] place   qty 2: HTTP 200 :: {"message":"Order placed successfully","order_id":91863,"payment_token":"<redacted>","total_ammount":9,"status":"pending","created_at":"2026-10-10 21:  | log []
    placed order 91863: {'id': '91863', 'order_status': 'pending', 'payment_method': 'cash_on_delivery', 'payment_status': 'unpaid', 'order_amount': '9.00', 'total_tax_amount': '0.00', 'delivery_charge': '1.00', 'dm_tips': '0.00', 'ref_bonus_amount': '0.000', 'store_discount_amount': '0.00', 'coupon_discount_amount': '0.00', 'extra_packaging_amount': '0.000', 'tax_status': 'excluded', 'tax_percentage': '0.000', 'edited': '0'} details=[['51', '2', '4.00', '0.00', '0.00', '0.00', '[{"id":12,"name":"QA4111 Free Sauce","price":0,"quantity":1,"category_id":null}]']]
    admin edit HTTP 302, update HTTP 302 | log []
    order after edit/update: {'id': '91863', 'order_status': 'pending', 'payment_method': 'cash_on_delivery', 'payment_status': 'unpaid', 'order_amount': '9.00', 'total_tax_amount': '0.00', 'delivery_charge': '1.00', 'dm_tips': '0.00', 'ref_bonus_amount': '0.000', 'store_discount_amount': '0.00', 'coupon_discount_amount': '0.00', 'extra_packaging_amount': '0.000', 'tax_status': 'excluded', 'tax_percentage': '0.000', 'edited': '1'}
    admin POS add_to_cart: HTTP 200 | log []
    admin POS order: HTTP 200 | log []
    admin POS order 91864: {'id': '91864', 'order_status': 'pending', 'payment_method': 'cash_on_delivery', 'payment_status': 'unpaid', 'order_amount': '9.00', 'total_tax_amount': '0.00', 'delivery_charge': '1.00', 'dm_tips': '0.00', 'ref_bonus_amount': '0.000', 'store_discount_amount': '0.00', 'coupon_discount_amount': '0.00', 'extra_packaging_amount': '0.000', 'tax_status': 'excluded', 'tax_percentage': '0.000', 'edited': '0'} details=[['51', '2', '4.00', '0.00', '0.00', '0.00', '[{"id":12,"name":"QA4111 Free Sauce","price":0,"quantity":"1","category_id":null}]']]
    store-panel POS add_to_cart: HTTP 200 | log []
    store-panel POS order: HTTP 200 | log []
    store-panel POS order 91865: {'id': '91865', 'order_status': 'delivered', 'payment_method': 'cash', 'payment_status': 'paid', 'order_amount': '8.00', 'total_tax_amount': '0.00', 'delivery_charge': '0.00', 'dm_tips': '0.00', 'ref_bonus_amount': '0.000', 'store_discount_amount': '0.00', 'coupon_discount_amount': '0.00', 'extra_packaging_amount': '0.000', 'tax_status': 'excluded', 'tax_percentage': '0.000', 'edited': '0'} details=[['51', '2', '4.00', '0.00', '0.00', '0.00', '[{"id":12,"name":"QA4111 Free Sauce","price":0,"quantity":"1","category_id":null}]']]
  >> [price-0 add-on, qty 2] VAT=False: BASE == TIP on every captured field? False
     DIFF admin_pos: base=(500, 500) tip=(200, 200)
     DIFF admin_pos_order: base=None tip={'order_status': 'pending', 'payment_method': 'cash_on_delivery', 'payment_status': 'unpaid', 'order_amount': '9.00', 'total_tax_amount': '0.00', 'delivery_charge': '1.00', 'dm_tips': '0.00', 'ref_bonus_amount': '0.000', 'store_discount_amount': '0.00', 'coupon_discount_amount': '0.00', 'extra_packaging_amount': '0.000', 'tax_status': 'excluded', 'tax_percentage': '0.000', 'edited': '0'}
     DIFF edit_update: base=None tip=(302, 302)
     DIFF order: base=None tip={'order_status': 'pending', 'payment_method': 'cash_on_delivery', 'payment_status': 'unpaid', 'order_amount': '9.00', 'total_tax_amount': '0.00', 'delivery_charge': '1.00', 'dm_tips': '0.00', 'ref_bonus_amount': '0.000', 'store_discount_amount': '0.00', 'coupon_discount_amount': '0.00', 'extra_packaging_amount': '0.000', 'tax_status': 'excluded', 'tax_percentage': '0.000', 'edited': '0'}
     DIFF order_after_edit: base=None tip={'order_status': 'pending', 'payment_method': 'cash_on_delivery', 'payment_status': 'unpaid', 'order_amount': '9.00', 'total_tax_amount': '0.00', 'delivery_charge': '1.00', 'dm_tips': '0.00', 'ref_bonus_amount': '0.000', 'store_discount_amount': '0.00', 'coupon_discount_amount': '0.00', 'extra_packaging_amount': '0.000', 'tax_status': 'excluded', 'tax_percentage': '0.000', 'edited': '1'}
     DIFF place: base=403 tip=200
     DIFF quote: base=(500, '{"message":"Somethingwentwrong"}') tip=(200, '{"tax_amount":0,"tax_status":"excluded","tax_included":null,"product_price":8,"total_addon_price":0,"total_discount":0}')
     DIFF vendor_pos: base=(500, 500) tip=(200, 200)
     DIFF vendor_pos_order: base=None tip={'order_status': 'delivered', 'payment_method': 'cash', 'payment_status': 'paid', 'order_amount': '8.00', 'total_tax_amount': '0.00', 'delivery_charge': '0.00', 'dm_tips': '0.00', 'ref_bonus_amount': '0.000', 'store_discount_amount': '0.00', 'coupon_discount_amount': '0.00', 'extra_packaging_amount': '0.000', 'tax_status': 'excluded', 'tax_percentage': '0.000', 'edited': '0'}

######## [price-0 add-on, qty 2] order-wise 10% VAT active=1
  [base] get-Tax qty 2: HTTP 500 :: {"message":"Something went wrong"}  | log ['[FAIL] Division by zero {"correlation_id":"9c43bff7-7499-4b9b-93a0-c092c9e5788c","type":"DivisionByZeroError","endpoint" [type=DivisionByZeroError]']
  [base] place   qty 2: HTTP 403 :: {"errors":[{"code":"order","message":"Failed to place order"}]}  | log ['[FAIL] new_place_order failed {"correlation_id":"cb55f9d5-669e-4e23-9543-f5d6916d3389","endpoint":"api/v1/customer/order']
    admin POS add_to_cart: HTTP 500 | log ['[FAIL] Division by zero {"correlation_id":"21a9177b-1381-4429-9b27-35721705d448","type":"DivisionByZeroError","endpoint" [type=DivisionByZeroError]']
    admin POS order: HTTP 500 | log ['[FAIL] Division by zero {"correlation_id":"e9bda502-3c90-4a93-98ef-11871de32f1c","type":"DivisionByZeroError","endpoint" [type=DivisionByZeroError]']
    store-panel POS add_to_cart: HTTP 500 | log ['[FAIL] Division by zero {"correlation_id":"19751a66-6f41-4a80-802c-4b0ed6f91b70","type":"DivisionByZeroError","endpoint" [type=DivisionByZeroError]']
    store-panel POS order: HTTP 500 | log ['[FAIL] Division by zero {"correlation_id":"9eb3c303-a71e-41ce-b772-53a3c329faaf","type":"DivisionByZeroError","endpoint" [type=DivisionByZeroError]']
  [tip] get-Tax qty 2: HTTP 200 :: {"tax_amount":0.8,"tax_status":"excluded","tax_included":0,"product_price":8,"total_addon_price":0,"total_discount":0}  | log []
  [tip] place   qty 2: HTTP 200 :: {"message":"Order placed successfully","order_id":91866,"payment_token":"<redacted>","total_ammount":9.8,"status":"pending","created_at":"2026-10-10 2  | log []
    placed order 91866: {'id': '91866', 'order_status': 'pending', 'payment_method': 'cash_on_delivery', 'payment_status': 'unpaid', 'order_amount': '9.80', 'total_tax_amount': '0.80', 'delivery_charge': '1.00', 'dm_tips': '0.00', 'ref_bonus_amount': '0.000', 'store_discount_amount': '0.00', 'coupon_discount_amount': '0.00', 'extra_packaging_amount': '0.000', 'tax_status': 'excluded', 'tax_percentage': '0.000', 'edited': '0'} details=[['51', '2', '4.00', '0.00', '0.80', '0.00', '[{"id":12,"name":"QA4111 Free Sauce","price":0,"quantity":1,"category_id":null}]']]
    admin edit HTTP 302, update HTTP 302 | log []
    order after edit/update: {'id': '91866', 'order_status': 'pending', 'payment_method': 'cash_on_delivery', 'payment_status': 'unpaid', 'order_amount': '9.80', 'total_tax_amount': '0.80', 'delivery_charge': '1.00', 'dm_tips': '0.00', 'ref_bonus_amount': '0.000', 'store_discount_amount': '0.00', 'coupon_discount_amount': '0.00', 'extra_packaging_amount': '0.000', 'tax_status': 'excluded', 'tax_percentage': '0.000', 'edited': '1'}
    admin POS add_to_cart: HTTP 200 | log []
    admin POS order: HTTP 200 | log []
    admin POS order 91867: {'id': '91867', 'order_status': 'pending', 'payment_method': 'cash_on_delivery', 'payment_status': 'unpaid', 'order_amount': '9.80', 'total_tax_amount': '0.80', 'delivery_charge': '1.00', 'dm_tips': '0.00', 'ref_bonus_amount': '0.000', 'store_discount_amount': '0.00', 'coupon_discount_amount': '0.00', 'extra_packaging_amount': '0.000', 'tax_status': 'excluded', 'tax_percentage': '0.000', 'edited': '0'} details=[['51', '2', '4.00', '0.00', '0.80', '0.00', '[{"id":12,"name":"QA4111 Free Sauce","price":0,"quantity":"1","category_id":null}]']]
    store-panel POS add_to_cart: HTTP 200 | log []
    store-panel POS order: HTTP 200 | log []
    store-panel POS order 91868: {'id': '91868', 'order_status': 'delivered', 'payment_method': 'cash', 'payment_status': 'paid', 'order_amount': '8.80', 'total_tax_amount': '0.80', 'delivery_charge': '0.00', 'dm_tips': '0.00', 'ref_bonus_amount': '0.000', 'store_discount_amount': '0.00', 'coupon_discount_amount': '0.00', 'extra_packaging_amount': '0.000', 'tax_status': 'excluded', 'tax_percentage': '0.000', 'edited': '0'} details=[['51', '2', '4.00', '0.00', '0.80', '0.00', '[{"id":12,"name":"QA4111 Free Sauce","price":0,"quantity":"1","category_id":null}]']]
  >> [price-0 add-on, qty 2] VAT=True: BASE == TIP on every captured field? False
     DIFF admin_pos: base=(500, 500) tip=(200, 200)
     DIFF admin_pos_order: base=None tip={'order_status': 'pending', 'payment_method': 'cash_on_delivery', 'payment_status': 'unpaid', 'order_amount': '9.80', 'total_tax_amount': '0.80', 'delivery_charge': '1.00', 'dm_tips': '0.00', 'ref_bonus_amount': '0.000', 'store_discount_amount': '0.00', 'coupon_discount_amount': '0.00', 'extra_packaging_amount': '0.000', 'tax_status': 'excluded', 'tax_percentage': '0.000', 'edited': '0'}
     DIFF edit_update: base=None tip=(302, 302)
     DIFF order: base=None tip={'order_status': 'pending', 'payment_method': 'cash_on_delivery', 'payment_status': 'unpaid', 'order_amount': '9.80', 'total_tax_amount': '0.80', 'delivery_charge': '1.00', 'dm_tips': '0.00', 'ref_bonus_amount': '0.000', 'store_discount_amount': '0.00', 'coupon_discount_amount': '0.00', 'extra_packaging_amount': '0.000', 'tax_status': 'excluded', 'tax_percentage': '0.000', 'edited': '0'}
     DIFF order_after_edit: base=None tip={'order_status': 'pending', 'payment_method': 'cash_on_delivery', 'payment_status': 'unpaid', 'order_amount': '9.80', 'total_tax_amount': '0.80', 'delivery_charge': '1.00', 'dm_tips': '0.00', 'ref_bonus_amount': '0.000', 'store_discount_amount': '0.00', 'coupon_discount_amount': '0.00', 'extra_packaging_amount': '0.000', 'tax_status': 'excluded', 'tax_percentage': '0.000', 'edited': '1'}
     DIFF place: base=403 tip=200
     DIFF quote: base=(500, '{"message":"Somethingwentwrong"}') tip=(200, '{"tax_amount":0.8,"tax_status":"excluded","tax_included":0,"product_price":8,"total_addon_price":0,"total_discount":0}')
     DIFF vendor_pos: base=(500, 500) tip=(200, 200)
     DIFF vendor_pos_order: base=None tip={'order_status': 'delivered', 'payment_method': 'cash', 'payment_status': 'paid', 'order_amount': '8.80', 'total_tax_amount': '0.80', 'delivery_charge': '0.00', 'dm_tips': '0.00', 'ref_bonus_amount': '0.000', 'store_discount_amount': '0.00', 'coupon_discount_amount': '0.00', 'extra_packaging_amount': '0.000', 'tax_status': 'excluded', 'tax_percentage': '0.000', 'edited': '0'}
restore item add_ons -> (302, ['0.00', 'percent', '4.00', '[]'])
