# NEARS-4111 AC3 (part 1): admin.order.edit + admin.order.update on a placed order holding the 100% item 51
# orders were placed on TIP through the customer place route (AC2); BASE vs TIP edit/update run against the SAME DB; each scenario = one order, one fresh admin session
item 51 state: [['100.00', 'percent', '4.00']]

## VAT active=0  server=base  order 91814
  PRE  {'id': '91814', 'order_status': 'pending', 'payment_method': 'cash_on_delivery', 'payment_status': 'unpaid', 'order_amount': '1.00', 'total_tax_amount': '0.00', 'delivery_charge': '1.00', 'dm_tips': '0.00', 'ref_bonus_amount': '0.000', 'store_discount_amount': '4.00', 'coupon_discount_amount': '0.00', 'extra_packaging_amount': '0.000', 'tax_status': 'excluded', 'tax_percentage': '0.000', 'edited': '0'} [['51', '1', '4.00', '4.00', '0.00', '0.00', '[]']]
  edit-order  HTTP 500 loc=None rid 591fc640-38bf-4b5f-9cc5-4412aa83fc65 log={'error_lines': ['[FAIL] Division by zero {"correlation_id":"591fc640-38bf-4b5f-9cc5-4412aa83fc65","type":"DivisionByZeroError","endpoint" [type=DivisionByZeroError]'], 'fcm_env_lines': 0, 'total_lines': 1}
  update      HTTP 500 loc=None rid 82afcff3-c382-49c2-a43c-80cb4321681d log={'error_lines': ['[FAIL] Division by zero {"correlation_id":"82afcff3-c382-49c2-a43c-80cb4321681d","type":"DivisionByZeroError","endpoint" [type=DivisionByZeroError]'], 'fcm_env_lines': 0, 'total_lines': 1}
  POST {'id': '91814', 'order_status': 'pending', 'payment_method': 'cash_on_delivery', 'payment_status': 'unpaid', 'order_amount': '1.00', 'total_tax_amount': '0.00', 'delivery_charge': '1.00', 'dm_tips': '0.00', 'ref_bonus_amount': '0.000', 'store_discount_amount': '4.00', 'coupon_discount_amount': '0.00', 'extra_packaging_amount': '0.000', 'tax_status': 'excluded', 'tax_percentage': '0.000', 'edited': '0'}

## VAT active=0  server=tip  order 91815
  PRE  {'id': '91815', 'order_status': 'pending', 'payment_method': 'cash_on_delivery', 'payment_status': 'unpaid', 'order_amount': '1.00', 'total_tax_amount': '0.00', 'delivery_charge': '1.00', 'dm_tips': '0.00', 'ref_bonus_amount': '0.000', 'store_discount_amount': '8.00', 'coupon_discount_amount': '0.00', 'extra_packaging_amount': '0.000', 'tax_status': 'excluded', 'tax_percentage': '0.000', 'edited': '0'} [['51', '2', '4.00', '4.00', '0.00', '0.00', '[]']]
  edit-order  HTTP 302 loc=http://127.0.0.1:8571/admin rid df56ee0b-ca03-4730-80f0-83adc3dccad3 log={'error_lines': [], 'fcm_env_lines': 0, 'total_lines': 0}
  update      HTTP 302 loc=http://127.0.0.1:8571/admin rid 0230ebaf-308e-4092-9cdf-a8e0d652ebdf log={'error_lines': [], 'fcm_env_lines': 0, 'total_lines': 0}
  POST {'id': '91815', 'order_status': 'pending', 'payment_method': 'cash_on_delivery', 'payment_status': 'unpaid', 'order_amount': '1.00', 'total_tax_amount': '0.00', 'delivery_charge': '1.00', 'dm_tips': '0.00', 'ref_bonus_amount': '0.000', 'store_discount_amount': '8.00', 'coupon_discount_amount': '0.00', 'extra_packaging_amount': '0.000', 'tax_status': 'excluded', 'tax_percentage': '0.000', 'edited': '1'}

## VAT active=1  server=base  order 91816
  PRE  {'id': '91816', 'order_status': 'pending', 'payment_method': 'cash_on_delivery', 'payment_status': 'unpaid', 'order_amount': '1.00', 'total_tax_amount': '0.00', 'delivery_charge': '1.00', 'dm_tips': '0.00', 'ref_bonus_amount': '0.000', 'store_discount_amount': '4.00', 'coupon_discount_amount': '0.00', 'extra_packaging_amount': '0.000', 'tax_status': 'excluded', 'tax_percentage': '0.000', 'edited': '0'} [['51', '1', '4.00', '4.00', '0.00', '0.00', '[]']]
  edit-order  HTTP 500 loc=None rid 888c0c61-565f-42d8-8b9b-03bd1552dee1 log={'error_lines': ['[FAIL] Division by zero {"correlation_id":"888c0c61-565f-42d8-8b9b-03bd1552dee1","type":"DivisionByZeroError","endpoint" [type=DivisionByZeroError]'], 'fcm_env_lines': 0, 'total_lines': 1}
  update      HTTP 500 loc=None rid 1dc30557-9e3f-4066-8aa1-11cd532ca007 log={'error_lines': ['[FAIL] Division by zero {"correlation_id":"1dc30557-9e3f-4066-8aa1-11cd532ca007","type":"DivisionByZeroError","endpoint" [type=DivisionByZeroError]'], 'fcm_env_lines': 0, 'total_lines': 1}
  POST {'id': '91816', 'order_status': 'pending', 'payment_method': 'cash_on_delivery', 'payment_status': 'unpaid', 'order_amount': '1.00', 'total_tax_amount': '0.00', 'delivery_charge': '1.00', 'dm_tips': '0.00', 'ref_bonus_amount': '0.000', 'store_discount_amount': '4.00', 'coupon_discount_amount': '0.00', 'extra_packaging_amount': '0.000', 'tax_status': 'excluded', 'tax_percentage': '0.000', 'edited': '0'}

## VAT active=1  server=tip  order 91817
  PRE  {'id': '91817', 'order_status': 'pending', 'payment_method': 'cash_on_delivery', 'payment_status': 'unpaid', 'order_amount': '1.00', 'total_tax_amount': '0.00', 'delivery_charge': '1.00', 'dm_tips': '0.00', 'ref_bonus_amount': '0.000', 'store_discount_amount': '8.00', 'coupon_discount_amount': '0.00', 'extra_packaging_amount': '0.000', 'tax_status': 'excluded', 'tax_percentage': '0.000', 'edited': '0'} [['51', '2', '4.00', '4.00', '0.00', '0.00', '[]']]
  edit-order  HTTP 302 loc=http://127.0.0.1:8571/admin rid 1e86bbb4-1446-4b51-ad51-4513f49968d6 log={'error_lines': [], 'fcm_env_lines': 0, 'total_lines': 0}
  update      HTTP 302 loc=http://127.0.0.1:8571/admin rid 091d031b-3100-4d21-b74f-e6d7648f1cc1 log={'error_lines': [], 'fcm_env_lines': 0, 'total_lines': 0}
  POST {'id': '91817', 'order_status': 'pending', 'payment_method': 'cash_on_delivery', 'payment_status': 'unpaid', 'order_amount': '1.00', 'total_tax_amount': '0.00', 'delivery_charge': '1.00', 'dm_tips': '0.00', 'ref_bonus_amount': '0.000', 'store_discount_amount': '8.00', 'coupon_discount_amount': '0.00', 'extra_packaging_amount': '0.000', 'tax_status': 'excluded', 'tax_percentage': '0.000', 'edited': '1'}
