# NEARS-4111 AC3 extra: Store Panel (Vendor) POS web route, vendor freshlocal@demo.com (store 12), item 51 qty 2 at 100% discount
item 51 state: [['100.00', 'percent', '4.00']]  stores.pos_system(12)= [['1']]

## VAT active=0
  [base] vendor login: (302, 'http://127.0.0.1:8582/vendor-panel')
  [base] add_to_cart HTTP 500 rid 1f920b78-d1ad-4428-8d6a-cd7c3e67e339 body='{"message":"Something went wrong"}' log=['[FAIL] Division by zero {"correlation_id":"1f920b78-d1ad-4428-8d6a-cd7c3e67e339","type":"DivisionByZeroError","endpoint" [type=DivisionByZeroError]']
  [base] order       HTTP 500 rid 625730b6-d56f-4f3b-8162-130cea83fd51 body='{"message":"Something went wrong"}' log=['[FAIL] Division by zero {"correlation_id":"625730b6-d56f-4f3b-8162-130cea83fd51","type":"DivisionByZeroError","endpoint" [type=DivisionByZeroError]']
  [base] orders max(id) 91813 -> 91813
  [tip] vendor login: (302, 'http://127.0.0.1:8581/vendor-panel')
  [tip] add_to_cart HTTP 200 rid 743784a4-1a97-4581-b01b-db2eb70ca2ca body='{"data":{"id":51,"variations":[],"variant":"","quantity":"2","price":4,"name":"Brown Dinne' log=[]
  [tip] order       HTTP 200 rid a5011bba-38a5-48ee-b939-67cdfb4bacda body='{"message":"Order placed successfully"}' log=[]
  [tip] orders max(id) 91813 -> 91814
  new POS order: {'id': '91814', 'order_status': 'delivered', 'payment_method': 'cash', 'payment_status': 'paid', 'order_amount': '0.00', 'total_tax_amount': '0.00', 'delivery_charge': '0.00', 'dm_tips': '0.00', 'ref_bonus_amount': '0.000', 'store_discount_amount': '8.00', 'coupon_discount_amount': '0.00', 'extra_packaging_amount': '0.000', 'tax_status': 'excluded', 'tax_percentage': '0.000', 'edited': '0'} [['51', '2', '4.00', '4.00', '0.00', '0.00', '[]']]

## VAT active=1
  [base] vendor login: (302, 'http://127.0.0.1:8582/vendor-panel')
  [base] add_to_cart HTTP 500 rid e4f6c80c-0f54-48a8-9049-80a80df1af3f body='{"message":"Something went wrong"}' log=['[FAIL] Division by zero {"correlation_id":"e4f6c80c-0f54-48a8-9049-80a80df1af3f","type":"DivisionByZeroError","endpoint" [type=DivisionByZeroError]']
  [base] order       HTTP 500 rid ffbfea6f-d0bb-481e-8356-0a85b70840a0 body='{"message":"Something went wrong"}' log=['[FAIL] Division by zero {"correlation_id":"ffbfea6f-d0bb-481e-8356-0a85b70840a0","type":"DivisionByZeroError","endpoint" [type=DivisionByZeroError]']
  [base] orders max(id) 91814 -> 91814
  [tip] vendor login: (302, 'http://127.0.0.1:8581/vendor-panel')
  [tip] add_to_cart HTTP 200 rid 6b1fa4de-1050-4182-a41d-3b026b108add body='{"data":{"id":51,"variations":[],"variant":"","quantity":"2","price":4,"name":"Brown Dinne' log=[]
  [tip] order       HTTP 200 rid e90785b4-050f-49c8-9d0b-20daf4544f47 body='{"message":"Order placed successfully"}' log=[]
  [tip] orders max(id) 91814 -> 91815
  new POS order: {'id': '91815', 'order_status': 'delivered', 'payment_method': 'cash', 'payment_status': 'paid', 'order_amount': '0.00', 'total_tax_amount': '0.00', 'delivery_charge': '0.00', 'dm_tips': '0.00', 'ref_bonus_amount': '0.000', 'store_discount_amount': '8.00', 'coupon_discount_amount': '0.00', 'extra_packaging_amount': '0.000', 'tax_status': 'excluded', 'tax_percentage': '0.000', 'edited': '0'} [['51', '2', '4.00', '4.00', '0.00', '0.00', '[]']]
