# NEARS-4111 AC3 (part 1): admin.order.edit + admin.order.update on a placed order holding the 100% item 51
# orders were placed on TIP through the customer place route (AC2); BASE vs TIP edit/update run against the SAME DB; each scenario = one order, one fresh admin session
item 51 state: [['100.00', 'percent', '4.00']]

## VAT active=0  server=base  order 91808
  PRE  {'id': '91808', 'order_status': 'pending', 'payment_method': 'cash_on_delivery', 'payment_status': 'unpaid', 'order_amount': '1.00', 'total_tax_amount': '0.00', 'delivery_charge': '1.00', 'dm_tips': '0.00', 'ref_bonus_amount': '0.000', 'store_discount_amount': '4.00', 'coupon_discount_amount': '0.00', 'extra_packaging_amount': '0.000', 'tax_status': 'excluded', 'tax_percentage': '0.000', 'edited': '0'} [['51', '1', '4.00', '4.00', '0.00', '0.00', '[]']]
  edit-order  HTTP 500 loc=None rid f4eae34b-2424-4fae-9760-067d75235fd9 log={'error_lines': ['[FAIL] Division by zero {"correlation_id":"f4eae34b-2424-4fae-9760-067d75235fd9","type":"DivisionByZeroError","endpoint" [type=DivisionByZeroError]'], 'fcm_env_lines': 0, 'total_lines': 1}
  update      HTTP 500 loc=None rid e2e1784f-18db-467a-9d28-0deaa8327cc6 log={'error_lines': ['[FAIL] Division by zero {"correlation_id":"e2e1784f-18db-467a-9d28-0deaa8327cc6","type":"DivisionByZeroError","endpoint" [type=DivisionByZeroError]'], 'fcm_env_lines': 0, 'total_lines': 1}
  POST {'id': '91808', 'order_status': 'pending', 'payment_method': 'cash_on_delivery', 'payment_status': 'unpaid', 'order_amount': '1.00', 'total_tax_amount': '0.00', 'delivery_charge': '1.00', 'dm_tips': '0.00', 'ref_bonus_amount': '0.000', 'store_discount_amount': '4.00', 'coupon_discount_amount': '0.00', 'extra_packaging_amount': '0.000', 'tax_status': 'excluded', 'tax_percentage': '0.000', 'edited': '0'}

## VAT active=0  server=tip  order 91809
  PRE  {'id': '91809', 'order_status': 'pending', 'payment_method': 'cash_on_delivery', 'payment_status': 'unpaid', 'order_amount': '1.00', 'total_tax_amount': '0.00', 'delivery_charge': '1.00', 'dm_tips': '0.00', 'ref_bonus_amount': '0.000', 'store_discount_amount': '8.00', 'coupon_discount_amount': '0.00', 'extra_packaging_amount': '0.000', 'tax_status': 'excluded', 'tax_percentage': '0.000', 'edited': '0'} [['51', '2', '4.00', '4.00', '0.00', '0.00', '[]']]
  edit-order  HTTP 302 loc=http://127.0.0.1:8581/admin rid d66bfcae-f2e9-44fb-a0a3-9457597f02c0 log={'error_lines': [], 'fcm_env_lines': 0, 'total_lines': 0}
  update      HTTP 302 loc=http://127.0.0.1:8581/admin rid c9adfb78-765b-41c3-b503-3e12b1c9d9e8 log={'error_lines': [], 'fcm_env_lines': 0, 'total_lines': 0}
  POST {'id': '91809', 'order_status': 'pending', 'payment_method': 'cash_on_delivery', 'payment_status': 'unpaid', 'order_amount': '1.00', 'total_tax_amount': '0.00', 'delivery_charge': '1.00', 'dm_tips': '0.00', 'ref_bonus_amount': '0.000', 'store_discount_amount': '8.00', 'coupon_discount_amount': '0.00', 'extra_packaging_amount': '0.000', 'tax_status': 'excluded', 'tax_percentage': '0.000', 'edited': '1'}

## VAT active=1  server=base  order 91810
  PRE  {'id': '91810', 'order_status': 'pending', 'payment_method': 'cash_on_delivery', 'payment_status': 'unpaid', 'order_amount': '1.00', 'total_tax_amount': '0.00', 'delivery_charge': '1.00', 'dm_tips': '0.00', 'ref_bonus_amount': '0.000', 'store_discount_amount': '4.00', 'coupon_discount_amount': '0.00', 'extra_packaging_amount': '0.000', 'tax_status': 'excluded', 'tax_percentage': '0.000', 'edited': '0'} [['51', '1', '4.00', '4.00', '0.00', '0.00', '[]']]
  edit-order  HTTP 500 loc=None rid 3ddeda38-b07e-4e4b-b292-1d71d8dab249 log={'error_lines': ['[FAIL] Division by zero {"correlation_id":"3ddeda38-b07e-4e4b-b292-1d71d8dab249","type":"DivisionByZeroError","endpoint" [type=DivisionByZeroError]'], 'fcm_env_lines': 0, 'total_lines': 1}
  update      HTTP 500 loc=None rid 2399b712-82c2-4f66-9638-f9cb8a8b7d1a log={'error_lines': ['[FAIL] Division by zero {"correlation_id":"2399b712-82c2-4f66-9638-f9cb8a8b7d1a","type":"DivisionByZeroError","endpoint" [type=DivisionByZeroError]'], 'fcm_env_lines': 0, 'total_lines': 1}
  POST {'id': '91810', 'order_status': 'pending', 'payment_method': 'cash_on_delivery', 'payment_status': 'unpaid', 'order_amount': '1.00', 'total_tax_amount': '0.00', 'delivery_charge': '1.00', 'dm_tips': '0.00', 'ref_bonus_amount': '0.000', 'store_discount_amount': '4.00', 'coupon_discount_amount': '0.00', 'extra_packaging_amount': '0.000', 'tax_status': 'excluded', 'tax_percentage': '0.000', 'edited': '0'}

## VAT active=1  server=tip  order 91811
  PRE  {'id': '91811', 'order_status': 'pending', 'payment_method': 'cash_on_delivery', 'payment_status': 'unpaid', 'order_amount': '1.00', 'total_tax_amount': '0.00', 'delivery_charge': '1.00', 'dm_tips': '0.00', 'ref_bonus_amount': '0.000', 'store_discount_amount': '8.00', 'coupon_discount_amount': '0.00', 'extra_packaging_amount': '0.000', 'tax_status': 'excluded', 'tax_percentage': '0.000', 'edited': '0'} [['51', '2', '4.00', '4.00', '0.00', '0.00', '[]']]
  edit-order  HTTP 302 loc=http://127.0.0.1:8581/admin rid 3160cdfd-579d-41f0-bd2d-6335dcabc546 log={'error_lines': [], 'fcm_env_lines': 0, 'total_lines': 0}
  update      HTTP 302 loc=http://127.0.0.1:8581/admin rid 71129e9b-414b-4278-b097-ed46e3ab1de7 log={'error_lines': [], 'fcm_env_lines': 0, 'total_lines': 0}
  POST {'id': '91811', 'order_status': 'pending', 'payment_method': 'cash_on_delivery', 'payment_status': 'unpaid', 'order_amount': '1.00', 'total_tax_amount': '0.00', 'delivery_charge': '1.00', 'dm_tips': '0.00', 'ref_bonus_amount': '0.000', 'store_discount_amount': '8.00', 'coupon_discount_amount': '0.00', 'extra_packaging_amount': '0.000', 'tax_status': 'excluded', 'tax_percentage': '0.000', 'edited': '1'}
