# NEARS-4111 AC3 (part 2): Admin POS add-to-cart + order with the 100% item 51 qty 2 (delivery_fee 1 in the POS address)
item 51 state: [['100.00', 'percent', '4.00']]

## VAT active=0
  [base] add_to_cart HTTP 500 rid 1791cf6c-6691-455e-9a29-69688687e626 body='{"message":"Something went wrong"}' log=['[FAIL] Division by zero {"correlation_id":"1791cf6c-6691-455e-9a29-69688687e626","type":"DivisionByZeroError","endpoint" [type=DivisionByZeroError]']
  [base] delivery    HTTP 200 rid a2504ab6-a730-465b-90cc-4dc0efa3a240 body='{"data":{"contact_person_name":"QA","contact_person_number":"+971565811199","address_type"' log=[]
  [base] order       HTTP 500 rid 397c4d7f-f4ab-4497-a573-427e7053898c body='{"message":"Something went wrong"}' log=['[FAIL] Division by zero {"correlation_id":"397c4d7f-f4ab-4497-a573-427e7053898c","type":"DivisionByZeroError","endpoint" [type=DivisionByZeroError]']
  [base] orders max(id) 91811 -> 91811
  [tip] add_to_cart HTTP 200 rid 322c0e31-76c4-44f1-bdf7-4819d406637a body='{"data":{"id":51,"variations":[],"variant":"","stock_quantity":500,"quantity":"2","price":' log=[]
  [tip] delivery    HTTP 200 rid 10272e00-a51c-4b11-8a0c-3e483c9b5b51 body='{"data":{"contact_person_name":"QA","contact_person_number":"+971565811199","address_type"' log=[]
  [tip] order       HTTP 200 rid a93661f5-b66b-4183-8640-33e52465525c body='{"message":"Order placed successfully"}' log=[]
  [tip] orders max(id) 91811 -> 91812
  new POS order: {'id': '91812', 'order_status': 'pending', 'payment_method': 'cash_on_delivery', 'payment_status': 'unpaid', 'order_amount': '1.00', 'total_tax_amount': '0.00', 'delivery_charge': '1.00', 'dm_tips': '0.00', 'ref_bonus_amount': '0.000', 'store_discount_amount': '8.00', 'coupon_discount_amount': '0.00', 'extra_packaging_amount': '0.000', 'tax_status': 'excluded', 'tax_percentage': '0.000', 'edited': '0'} [['51', '2', '4.00', '4.00', '0.00', '0.00', '[]']]

## VAT active=1
  [base] add_to_cart HTTP 500 rid 4724d3a8-c520-4358-8fe9-9d6a0d16c6a4 body='{"message":"Something went wrong"}' log=['[FAIL] Division by zero {"correlation_id":"4724d3a8-c520-4358-8fe9-9d6a0d16c6a4","type":"DivisionByZeroError","endpoint" [type=DivisionByZeroError]']
  [base] delivery    HTTP 200 rid 9a53a4ae-bdce-4dcd-ac7d-07aaf0b2c92e body='{"data":{"contact_person_name":"QA","contact_person_number":"+971565811199","address_type"' log=[]
  [base] order       HTTP 500 rid c4063064-963e-4c1c-af20-7c032372b63f body='{"message":"Something went wrong"}' log=['[FAIL] Division by zero {"correlation_id":"c4063064-963e-4c1c-af20-7c032372b63f","type":"DivisionByZeroError","endpoint" [type=DivisionByZeroError]']
  [base] orders max(id) 91812 -> 91812
  [tip] add_to_cart HTTP 200 rid 2938ca63-70b4-4cef-a8cd-98bd1c6116ed body='{"data":{"id":51,"variations":[],"variant":"","stock_quantity":498,"quantity":"2","price":' log=[]
  [tip] delivery    HTTP 200 rid c4c2aa1b-4dcf-42b9-8241-8af7a0c1cbc0 body='{"data":{"contact_person_name":"QA","contact_person_number":"+971565811199","address_type"' log=[]
  [tip] order       HTTP 200 rid 4ce9857a-88ae-4a4e-9182-b1b4990b23d2 body='{"message":"Order placed successfully"}' log=[]
  [tip] orders max(id) 91812 -> 91813
  new POS order: {'id': '91813', 'order_status': 'pending', 'payment_method': 'cash_on_delivery', 'payment_status': 'unpaid', 'order_amount': '1.00', 'total_tax_amount': '0.00', 'delivery_charge': '1.00', 'dm_tips': '0.00', 'ref_bonus_amount': '0.000', 'store_discount_amount': '8.00', 'coupon_discount_amount': '0.00', 'extra_packaging_amount': '0.000', 'tax_status': 'excluded', 'tax_percentage': '0.000', 'edited': '0'} [['51', '2', '4.00', '4.00', '0.00', '0.00', '[]']]
