# NEARS-4111 extra E2: digit_after_decimal_point = 0 (set via the Admin business-setup route) with a 0.30 add-on (id 14) on PAID item 51, no discount. The add-on total rounds to 0.
item 51 -> (302, ['0.00', 'percent', '4.00', '[12, 13, 14]'])
digit 0 -> 302 [['0']]

######## [digit 0 + 0.30 add-on] order-wise 10% VAT active=0
  [base] get-Tax qty 2: HTTP 500 :: {"message":"Something went wrong"}  | log ['[FAIL] Division by zero {"correlation_id":"87f7e6f2-8e80-4288-95c8-3965059b86fa","type":"DivisionByZeroError","endpoint" [type=DivisionByZeroError]']
  [base] place   qty 2: HTTP 403 :: {"errors":[{"code":"order","message":"Failed to place order"}]}  | log ['[FAIL] new_place_order failed {"correlation_id":"0c23d526-351a-450b-b886-6e7a934603f1","endpoint":"api/v1/customer/order']
    admin POS add_to_cart: HTTP 500 | log ['[FAIL] Division by zero {"correlation_id":"2a11ca16-d292-4e4a-8d63-b9235a0309d6","type":"DivisionByZeroError","endpoint" [type=DivisionByZeroError]']
    admin POS order: HTTP 500 | log ['[FAIL] Division by zero {"correlation_id":"47231b34-b328-454b-ad12-91d0dcc713d9","type":"DivisionByZeroError","endpoint" [type=DivisionByZeroError]']
    store-panel POS add_to_cart: HTTP 500 | log ['[FAIL] Division by zero {"correlation_id":"8b99dac9-b9d4-4cd1-95bb-efead8411acb","type":"DivisionByZeroError","endpoint" [type=DivisionByZeroError]']
    store-panel POS order: HTTP 500 | log ['[FAIL] Division by zero {"correlation_id":"9b145476-1ca2-4109-b3c6-7e55576b2df0","type":"DivisionByZeroError","endpoint" [type=DivisionByZeroError]']
  [tip] get-Tax qty 2: HTTP 200 :: {"tax_amount":0,"tax_status":"excluded","tax_included":null,"product_price":8,"total_addon_price":0,"total_discount":0}  | log []
  [tip] place   qty 2: HTTP 200 :: {"message":"Order placed successfully","order_id":91961,"payment_token":"<redacted>","total_ammount":9,"status":"pending","created_at":"2026-10-10 17:  | log []
    placed order 91961: {'id': '91961', 'order_status': 'pending', 'payment_method': 'cash_on_delivery', 'payment_status': 'unpaid', 'order_amount': '9.00', 'total_tax_amount': '0.00', 'delivery_charge': '1.00', 'dm_tips': '0.00', 'ref_bonus_amount': '0.000', 'store_discount_amount': '0.00', 'coupon_discount_amount': '0.00', 'extra_packaging_amount': '0.000', 'tax_status': 'excluded', 'tax_percentage': '0.000', 'edited': '0'} details=[['51', '2', '4.00', '0.00', '0.00', '0.00', '[{"id":14,"name":"QA4111 Cent Sauce","price":0.3,"quantity":1,"category_id":null}]']]
    admin edit HTTP 302, update HTTP 302 | log []
    order after edit/update: {'id': '91961', 'order_status': 'pending', 'payment_method': 'cash_on_delivery', 'payment_status': 'unpaid', 'order_amount': '9.00', 'total_tax_amount': '0.00', 'delivery_charge': '1.00', 'dm_tips': '0.00', 'ref_bonus_amount': '0.000', 'store_discount_amount': '0.00', 'coupon_discount_amount': '0.00', 'extra_packaging_amount': '0.000', 'tax_status': 'excluded', 'tax_percentage': '0.000', 'edited': '1'}
    admin POS add_to_cart: HTTP 200 | log []
    admin POS order: HTTP 200 | log []
    admin POS order 91962: {'id': '91962', 'order_status': 'pending', 'payment_method': 'cash_on_delivery', 'payment_status': 'unpaid', 'order_amount': '9.00', 'total_tax_amount': '0.00', 'delivery_charge': '1.00', 'dm_tips': '0.00', 'ref_bonus_amount': '0.000', 'store_discount_amount': '0.00', 'coupon_discount_amount': '0.00', 'extra_packaging_amount': '0.000', 'tax_status': 'excluded', 'tax_percentage': '0.000', 'edited': '0'} details=[['51', '2', '4.00', '0.00', '0.00', '0.00', '[{"id":14,"name":"QA4111 Cent Sauce","price":0.3,"quantity":"1","category_id":null}]']]
    store-panel POS add_to_cart: HTTP 200 | log []
    store-panel POS order: HTTP 200 | log []
    store-panel POS order 91963: {'id': '91963', 'order_status': 'delivered', 'payment_method': 'cash', 'payment_status': 'paid', 'order_amount': '8.00', 'total_tax_amount': '0.00', 'delivery_charge': '0.00', 'dm_tips': '0.00', 'ref_bonus_amount': '0.000', 'store_discount_amount': '0.00', 'coupon_discount_amount': '0.00', 'extra_packaging_amount': '0.000', 'tax_status': 'excluded', 'tax_percentage': '0.000', 'edited': '0'} details=[['51', '2', '4.00', '0.00', '0.00', '0.00', '[{"id":14,"name":"QA4111 Cent Sauce","price":0.3,"quantity":"1","category_id":null}]']]
  >> [digit 0 + 0.30 add-on] VAT=False: BASE == TIP on every captured field? False
     DIFF admin_pos: base=(500, 500) tip=(200, 200)
     DIFF admin_pos_order: base=None tip={'order_status': 'pending', 'payment_method': 'cash_on_delivery', 'payment_status': 'unpaid', 'order_amount': '9.00', 'total_tax_amount': '0.00', 'delivery_charge': '1.00', 'dm_tips': '0.00', 'ref_bonus_amount': '0.000', 'store_discount_amount': '0.00', 'coupon_discount_amount': '0.00', 'extra_packaging_amount': '0.000', 'tax_status': 'excluded', 'tax_percentage': '0.000', 'edited': '0'}
     DIFF edit_update: base=None tip=(302, 302)
     DIFF order: base=None tip={'order_status': 'pending', 'payment_method': 'cash_on_delivery', 'payment_status': 'unpaid', 'order_amount': '9.00', 'total_tax_amount': '0.00', 'delivery_charge': '1.00', 'dm_tips': '0.00', 'ref_bonus_amount': '0.000', 'store_discount_amount': '0.00', 'coupon_discount_amount': '0.00', 'extra_packaging_amount': '0.000', 'tax_status': 'excluded', 'tax_percentage': '0.000', 'edited': '0'}
     DIFF order_after_edit: base=None tip={'order_status': 'pending', 'payment_method': 'cash_on_delivery', 'payment_status': 'unpaid', 'order_amount': '9.00', 'total_tax_amount': '0.00', 'delivery_charge': '1.00', 'dm_tips': '0.00', 'ref_bonus_amount': '0.000', 'store_discount_amount': '0.00', 'coupon_discount_amount': '0.00', 'extra_packaging_amount': '0.000', 'tax_status': 'excluded', 'tax_percentage': '0.000', 'edited': '1'}
     DIFF place: base=403 tip=200
     DIFF quote: base=(500, '{"message":"Somethingwentwrong"}') tip=(200, '{"tax_amount":0,"tax_status":"excluded","tax_included":null,"product_price":8,"total_addon_price":0,"total_discount":0}')
     DIFF vendor_pos: base=(500, 500) tip=(200, 200)
     DIFF vendor_pos_order: base=None tip={'order_status': 'delivered', 'payment_method': 'cash', 'payment_status': 'paid', 'order_amount': '8.00', 'total_tax_amount': '0.00', 'delivery_charge': '0.00', 'dm_tips': '0.00', 'ref_bonus_amount': '0.000', 'store_discount_amount': '0.00', 'coupon_discount_amount': '0.00', 'extra_packaging_amount': '0.000', 'tax_status': 'excluded', 'tax_percentage': '0.000', 'edited': '0'}

######## [digit 0 + 0.30 add-on] order-wise 10% VAT active=1
  [base] get-Tax qty 2: HTTP 500 :: {"message":"Something went wrong"}  | log ['[FAIL] Division by zero {"correlation_id":"4e4d8713-315d-4f15-afb9-7c57c21ab18d","type":"DivisionByZeroError","endpoint" [type=DivisionByZeroError]']
  [base] place   qty 2: HTTP 403 :: {"errors":[{"code":"order","message":"Failed to place order"}]}  | log ['[FAIL] new_place_order failed {"correlation_id":"445fc1e1-8db9-420b-9983-f82ce7d90ed5","endpoint":"api/v1/customer/order']
    admin POS add_to_cart: HTTP 500 | log ['[FAIL] Division by zero {"correlation_id":"84c2a7f4-8010-4f63-a28e-0f268575d0f8","type":"DivisionByZeroError","endpoint" [type=DivisionByZeroError]']
    admin POS order: HTTP 500 | log ['[FAIL] Division by zero {"correlation_id":"b9774277-540c-4c64-bfa1-2144cfc52357","type":"DivisionByZeroError","endpoint" [type=DivisionByZeroError]']
    store-panel POS add_to_cart: HTTP 500 | log ['[FAIL] Division by zero {"correlation_id":"2a6be9a6-477e-48f2-9f77-1cfca7d4a6fe","type":"DivisionByZeroError","endpoint" [type=DivisionByZeroError]']
    store-panel POS order: HTTP 500 | log ['[FAIL] Division by zero {"correlation_id":"e5580b5f-6d06-4e08-89da-896985673f58","type":"DivisionByZeroError","endpoint" [type=DivisionByZeroError]']
  [tip] get-Tax qty 2: HTTP 200 :: {"tax_amount":0.8,"tax_status":"excluded","tax_included":0,"product_price":8,"total_addon_price":0,"total_discount":0}  | log []
  [tip] place   qty 2: HTTP 200 :: {"message":"Order placed successfully","order_id":91964,"payment_token":"<redacted>","total_ammount":10,"status":"pending","created_at":"2026-10-10 17  | log []
    placed order 91964: {'id': '91964', 'order_status': 'pending', 'payment_method': 'cash_on_delivery', 'payment_status': 'unpaid', 'order_amount': '10.00', 'total_tax_amount': '1.00', 'delivery_charge': '1.00', 'dm_tips': '0.00', 'ref_bonus_amount': '0.000', 'store_discount_amount': '0.00', 'coupon_discount_amount': '0.00', 'extra_packaging_amount': '0.000', 'tax_status': 'excluded', 'tax_percentage': '0.000', 'edited': '0'} details=[['51', '2', '4.00', '0.00', '0.80', '0.00', '[{"id":14,"name":"QA4111 Cent Sauce","price":0.3,"quantity":1,"category_id":null}]']]
    admin edit HTTP 302, update HTTP 302 | log []
    order after edit/update: {'id': '91964', 'order_status': 'pending', 'payment_method': 'cash_on_delivery', 'payment_status': 'unpaid', 'order_amount': '9.80', 'total_tax_amount': '0.80', 'delivery_charge': '1.00', 'dm_tips': '0.00', 'ref_bonus_amount': '0.000', 'store_discount_amount': '0.00', 'coupon_discount_amount': '0.00', 'extra_packaging_amount': '0.000', 'tax_status': 'excluded', 'tax_percentage': '0.000', 'edited': '1'}
    admin POS add_to_cart: HTTP 200 | log []
    admin POS order: HTTP 200 | log []
    admin POS order 91965: {'id': '91965', 'order_status': 'pending', 'payment_method': 'cash_on_delivery', 'payment_status': 'unpaid', 'order_amount': '9.80', 'total_tax_amount': '0.80', 'delivery_charge': '1.00', 'dm_tips': '0.00', 'ref_bonus_amount': '0.000', 'store_discount_amount': '0.00', 'coupon_discount_amount': '0.00', 'extra_packaging_amount': '0.000', 'tax_status': 'excluded', 'tax_percentage': '0.000', 'edited': '0'} details=[['51', '2', '4.00', '0.00', '0.80', '0.00', '[{"id":14,"name":"QA4111 Cent Sauce","price":0.3,"quantity":"1","category_id":null}]']]
    store-panel POS add_to_cart: HTTP 200 | log []
    store-panel POS order: HTTP 200 | log []
    store-panel POS order 91966: {'id': '91966', 'order_status': 'delivered', 'payment_method': 'cash', 'payment_status': 'paid', 'order_amount': '8.80', 'total_tax_amount': '0.80', 'delivery_charge': '0.00', 'dm_tips': '0.00', 'ref_bonus_amount': '0.000', 'store_discount_amount': '0.00', 'coupon_discount_amount': '0.00', 'extra_packaging_amount': '0.000', 'tax_status': 'excluded', 'tax_percentage': '0.000', 'edited': '0'} details=[['51', '2', '4.00', '0.00', '0.80', '0.00', '[{"id":14,"name":"QA4111 Cent Sauce","price":0.3,"quantity":"1","category_id":null}]']]
  >> [digit 0 + 0.30 add-on] VAT=True: BASE == TIP on every captured field? False
     DIFF admin_pos: base=(500, 500) tip=(200, 200)
     DIFF admin_pos_order: base=None tip={'order_status': 'pending', 'payment_method': 'cash_on_delivery', 'payment_status': 'unpaid', 'order_amount': '9.80', 'total_tax_amount': '0.80', 'delivery_charge': '1.00', 'dm_tips': '0.00', 'ref_bonus_amount': '0.000', 'store_discount_amount': '0.00', 'coupon_discount_amount': '0.00', 'extra_packaging_amount': '0.000', 'tax_status': 'excluded', 'tax_percentage': '0.000', 'edited': '0'}
     DIFF edit_update: base=None tip=(302, 302)
     DIFF order: base=None tip={'order_status': 'pending', 'payment_method': 'cash_on_delivery', 'payment_status': 'unpaid', 'order_amount': '10.00', 'total_tax_amount': '1.00', 'delivery_charge': '1.00', 'dm_tips': '0.00', 'ref_bonus_amount': '0.000', 'store_discount_amount': '0.00', 'coupon_discount_amount': '0.00', 'extra_packaging_amount': '0.000', 'tax_status': 'excluded', 'tax_percentage': '0.000', 'edited': '0'}
     DIFF order_after_edit: base=None tip={'order_status': 'pending', 'payment_method': 'cash_on_delivery', 'payment_status': 'unpaid', 'order_amount': '9.80', 'total_tax_amount': '0.80', 'delivery_charge': '1.00', 'dm_tips': '0.00', 'ref_bonus_amount': '0.000', 'store_discount_amount': '0.00', 'coupon_discount_amount': '0.00', 'extra_packaging_amount': '0.000', 'tax_status': 'excluded', 'tax_percentage': '0.000', 'edited': '1'}
     DIFF place: base=403 tip=200
     DIFF quote: base=(500, '{"message":"Somethingwentwrong"}') tip=(200, '{"tax_amount":0.8,"tax_status":"excluded","tax_included":0,"product_price":8,"total_addon_price":0,"total_discount":0}')
     DIFF vendor_pos: base=(500, 500) tip=(200, 200)
     DIFF vendor_pos_order: base=None tip={'order_status': 'delivered', 'payment_method': 'cash', 'payment_status': 'paid', 'order_amount': '8.80', 'total_tax_amount': '0.80', 'delivery_charge': '0.00', 'dm_tips': '0.00', 'ref_bonus_amount': '0.000', 'store_discount_amount': '0.00', 'coupon_discount_amount': '0.00', 'extra_packaging_amount': '0.000', 'tax_status': 'excluded', 'tax_percentage': '0.000', 'edited': '0'}
digit 2 restored -> 302 [['2']]
restore item 51 -> (302, ['0.00', 'percent', '4.00', '[]'])
