# NEARS-4111 extra E2 control: digit_after_decimal_point = 0 with a 0.60 add-on (rounds to 1, NO division by zero on base) -> BASE and TIP must be identical (any quote-vs-placed gap at digit 0 is then pre-existing)
addon (302, [['15', 'QA4111 Sixty Sauce', '0.60', '12', '1']])
item 51 -> (302, ['0.00', 'percent', '4.00', '[12, 13, 14, 15]'])
digit 0 -> 302

######## [digit 0 + 0.60 add-on] order-wise 10% VAT active=0
  [base] get-Tax qty 2: HTTP 200 :: {"tax_amount":0,"tax_status":"excluded","tax_included":null,"product_price":8,"total_addon_price":1,"total_discount":0}  | log []
  [base] place   qty 2: HTTP 200 :: {"message":"Order placed successfully","order_id":91967,"payment_token":"<redacted>","total_ammount":10,"status":"pending","created_at":"2026-10-10 17  | log []
    placed order 91967: {'id': '91967', 'order_status': 'pending', 'payment_method': 'cash_on_delivery', 'payment_status': 'unpaid', 'order_amount': '10.00', 'total_tax_amount': '0.00', 'delivery_charge': '1.00', 'dm_tips': '0.00', 'ref_bonus_amount': '0.000', 'store_discount_amount': '0.00', 'coupon_discount_amount': '0.00', 'extra_packaging_amount': '0.000', 'tax_status': 'excluded', 'tax_percentage': '0.000', 'edited': '0'} details=[['51', '2', '4.00', '0.00', '0.00', '1.00', '[{"id":15,"name":"QA4111 Sixty Sauce","price":0.6,"quantity":1,"category_id":null}]']]
    admin edit HTTP 302, update HTTP 302 | log []
    order after edit/update: {'id': '91967', 'order_status': 'pending', 'payment_method': 'cash_on_delivery', 'payment_status': 'unpaid', 'order_amount': '10.00', 'total_tax_amount': '0.00', 'delivery_charge': '1.00', 'dm_tips': '0.00', 'ref_bonus_amount': '0.000', 'store_discount_amount': '0.00', 'coupon_discount_amount': '0.00', 'extra_packaging_amount': '0.000', 'tax_status': 'excluded', 'tax_percentage': '0.000', 'edited': '1'}
    admin POS add_to_cart: HTTP 200 | log []
    admin POS order: HTTP 200 | log []
    admin POS order 91968: {'id': '91968', 'order_status': 'pending', 'payment_method': 'cash_on_delivery', 'payment_status': 'unpaid', 'order_amount': '10.00', 'total_tax_amount': '0.00', 'delivery_charge': '1.00', 'dm_tips': '0.00', 'ref_bonus_amount': '0.000', 'store_discount_amount': '0.00', 'coupon_discount_amount': '0.00', 'extra_packaging_amount': '0.000', 'tax_status': 'excluded', 'tax_percentage': '0.000', 'edited': '0'} details=[['51', '2', '4.00', '0.00', '0.00', '1.00', '[{"id":15,"name":"QA4111 Sixty Sauce","price":0.6,"quantity":"1","category_id":null}]']]
    store-panel POS add_to_cart: HTTP 200 | log []
    store-panel POS order: HTTP 200 | log []
    store-panel POS order 91969: {'id': '91969', 'order_status': 'delivered', 'payment_method': 'cash', 'payment_status': 'paid', 'order_amount': '9.00', 'total_tax_amount': '0.00', 'delivery_charge': '0.00', 'dm_tips': '0.00', 'ref_bonus_amount': '0.000', 'store_discount_amount': '0.00', 'coupon_discount_amount': '0.00', 'extra_packaging_amount': '0.000', 'tax_status': 'excluded', 'tax_percentage': '0.000', 'edited': '0'} details=[['51', '2', '4.00', '0.00', '0.00', '1.00', '[{"id":15,"name":"QA4111 Sixty Sauce","price":0.6,"quantity":"1","category_id":null}]']]
  [tip] get-Tax qty 2: HTTP 200 :: {"tax_amount":0,"tax_status":"excluded","tax_included":null,"product_price":8,"total_addon_price":1,"total_discount":0}  | log []
  [tip] place   qty 2: HTTP 200 :: {"message":"Order placed successfully","order_id":91970,"payment_token":"<redacted>","total_ammount":10,"status":"pending","created_at":"2026-10-10 17  | log []
    placed order 91970: {'id': '91970', 'order_status': 'pending', 'payment_method': 'cash_on_delivery', 'payment_status': 'unpaid', 'order_amount': '10.00', 'total_tax_amount': '0.00', 'delivery_charge': '1.00', 'dm_tips': '0.00', 'ref_bonus_amount': '0.000', 'store_discount_amount': '0.00', 'coupon_discount_amount': '0.00', 'extra_packaging_amount': '0.000', 'tax_status': 'excluded', 'tax_percentage': '0.000', 'edited': '0'} details=[['51', '2', '4.00', '0.00', '0.00', '1.00', '[{"id":15,"name":"QA4111 Sixty Sauce","price":0.6,"quantity":1,"category_id":null}]']]
    admin edit HTTP 302, update HTTP 302 | log []
    order after edit/update: {'id': '91970', 'order_status': 'pending', 'payment_method': 'cash_on_delivery', 'payment_status': 'unpaid', 'order_amount': '10.00', 'total_tax_amount': '0.00', 'delivery_charge': '1.00', 'dm_tips': '0.00', 'ref_bonus_amount': '0.000', 'store_discount_amount': '0.00', 'coupon_discount_amount': '0.00', 'extra_packaging_amount': '0.000', 'tax_status': 'excluded', 'tax_percentage': '0.000', 'edited': '1'}
    admin POS add_to_cart: HTTP 200 | log []
    admin POS order: HTTP 200 | log []
    admin POS order 91971: {'id': '91971', 'order_status': 'pending', 'payment_method': 'cash_on_delivery', 'payment_status': 'unpaid', 'order_amount': '10.00', 'total_tax_amount': '0.00', 'delivery_charge': '1.00', 'dm_tips': '0.00', 'ref_bonus_amount': '0.000', 'store_discount_amount': '0.00', 'coupon_discount_amount': '0.00', 'extra_packaging_amount': '0.000', 'tax_status': 'excluded', 'tax_percentage': '0.000', 'edited': '0'} details=[['51', '2', '4.00', '0.00', '0.00', '1.00', '[{"id":15,"name":"QA4111 Sixty Sauce","price":0.6,"quantity":"1","category_id":null}]']]
    store-panel POS add_to_cart: HTTP 200 | log []
    store-panel POS order: HTTP 200 | log []
    store-panel POS order 91972: {'id': '91972', 'order_status': 'delivered', 'payment_method': 'cash', 'payment_status': 'paid', 'order_amount': '9.00', 'total_tax_amount': '0.00', 'delivery_charge': '0.00', 'dm_tips': '0.00', 'ref_bonus_amount': '0.000', 'store_discount_amount': '0.00', 'coupon_discount_amount': '0.00', 'extra_packaging_amount': '0.000', 'tax_status': 'excluded', 'tax_percentage': '0.000', 'edited': '0'} details=[['51', '2', '4.00', '0.00', '0.00', '1.00', '[{"id":15,"name":"QA4111 Sixty Sauce","price":0.6,"quantity":"1","category_id":null}]']]
  >> [digit 0 + 0.60 add-on] VAT=False: BASE == TIP on every captured field? True

######## [digit 0 + 0.60 add-on] order-wise 10% VAT active=1
  [base] get-Tax qty 2: HTTP 200 :: {"tax_amount":0.9,"tax_status":"excluded","tax_included":0,"product_price":8,"total_addon_price":1,"total_discount":0}  | log []
  [base] place   qty 2: HTTP 200 :: {"message":"Order placed successfully","order_id":91973,"payment_token":"<redacted>","total_ammount":11,"status":"pending","created_at":"2026-10-10 17  | log []
    placed order 91973: {'id': '91973', 'order_status': 'pending', 'payment_method': 'cash_on_delivery', 'payment_status': 'unpaid', 'order_amount': '11.00', 'total_tax_amount': '1.00', 'delivery_charge': '1.00', 'dm_tips': '0.00', 'ref_bonus_amount': '0.000', 'store_discount_amount': '0.00', 'coupon_discount_amount': '0.00', 'extra_packaging_amount': '0.000', 'tax_status': 'excluded', 'tax_percentage': '0.000', 'edited': '0'} details=[['51', '2', '4.00', '0.00', '0.80', '1.00', '[{"id":15,"name":"QA4111 Sixty Sauce","price":0.6,"quantity":1,"category_id":null}]']]
    admin edit HTTP 302, update HTTP 302 | log []
    order after edit/update: {'id': '91973', 'order_status': 'pending', 'payment_method': 'cash_on_delivery', 'payment_status': 'unpaid', 'order_amount': '10.90', 'total_tax_amount': '0.90', 'delivery_charge': '1.00', 'dm_tips': '0.00', 'ref_bonus_amount': '0.000', 'store_discount_amount': '0.00', 'coupon_discount_amount': '0.00', 'extra_packaging_amount': '0.000', 'tax_status': 'excluded', 'tax_percentage': '0.000', 'edited': '1'}
    admin POS add_to_cart: HTTP 200 | log []
    admin POS order: HTTP 200 | log []
    admin POS order 91974: {'id': '91974', 'order_status': 'pending', 'payment_method': 'cash_on_delivery', 'payment_status': 'unpaid', 'order_amount': '10.90', 'total_tax_amount': '0.90', 'delivery_charge': '1.00', 'dm_tips': '0.00', 'ref_bonus_amount': '0.000', 'store_discount_amount': '0.00', 'coupon_discount_amount': '0.00', 'extra_packaging_amount': '0.000', 'tax_status': 'excluded', 'tax_percentage': '0.000', 'edited': '0'} details=[['51', '2', '4.00', '0.00', '0.80', '1.00', '[{"id":15,"name":"QA4111 Sixty Sauce","price":0.6,"quantity":"1","category_id":null}]']]
    store-panel POS add_to_cart: HTTP 200 | log []
    store-panel POS order: HTTP 200 | log []
    store-panel POS order 91975: {'id': '91975', 'order_status': 'delivered', 'payment_method': 'cash', 'payment_status': 'paid', 'order_amount': '9.90', 'total_tax_amount': '0.90', 'delivery_charge': '0.00', 'dm_tips': '0.00', 'ref_bonus_amount': '0.000', 'store_discount_amount': '0.00', 'coupon_discount_amount': '0.00', 'extra_packaging_amount': '0.000', 'tax_status': 'excluded', 'tax_percentage': '0.000', 'edited': '0'} details=[['51', '2', '4.00', '0.00', '0.80', '1.00', '[{"id":15,"name":"QA4111 Sixty Sauce","price":0.6,"quantity":"1","category_id":null}]']]
  [tip] get-Tax qty 2: HTTP 200 :: {"tax_amount":0.9,"tax_status":"excluded","tax_included":0,"product_price":8,"total_addon_price":1,"total_discount":0}  | log []
  [tip] place   qty 2: HTTP 200 :: {"message":"Order placed successfully","order_id":91976,"payment_token":"<redacted>","total_ammount":11,"status":"pending","created_at":"2026-10-10 17  | log []
    placed order 91976: {'id': '91976', 'order_status': 'pending', 'payment_method': 'cash_on_delivery', 'payment_status': 'unpaid', 'order_amount': '11.00', 'total_tax_amount': '1.00', 'delivery_charge': '1.00', 'dm_tips': '0.00', 'ref_bonus_amount': '0.000', 'store_discount_amount': '0.00', 'coupon_discount_amount': '0.00', 'extra_packaging_amount': '0.000', 'tax_status': 'excluded', 'tax_percentage': '0.000', 'edited': '0'} details=[['51', '2', '4.00', '0.00', '0.80', '1.00', '[{"id":15,"name":"QA4111 Sixty Sauce","price":0.6,"quantity":1,"category_id":null}]']]
    admin edit HTTP 302, update HTTP 302 | log []
    order after edit/update: {'id': '91976', 'order_status': 'pending', 'payment_method': 'cash_on_delivery', 'payment_status': 'unpaid', 'order_amount': '10.90', 'total_tax_amount': '0.90', 'delivery_charge': '1.00', 'dm_tips': '0.00', 'ref_bonus_amount': '0.000', 'store_discount_amount': '0.00', 'coupon_discount_amount': '0.00', 'extra_packaging_amount': '0.000', 'tax_status': 'excluded', 'tax_percentage': '0.000', 'edited': '1'}
    admin POS add_to_cart: HTTP 200 | log []
    admin POS order: HTTP 200 | log []
    admin POS order 91977: {'id': '91977', 'order_status': 'pending', 'payment_method': 'cash_on_delivery', 'payment_status': 'unpaid', 'order_amount': '10.90', 'total_tax_amount': '0.90', 'delivery_charge': '1.00', 'dm_tips': '0.00', 'ref_bonus_amount': '0.000', 'store_discount_amount': '0.00', 'coupon_discount_amount': '0.00', 'extra_packaging_amount': '0.000', 'tax_status': 'excluded', 'tax_percentage': '0.000', 'edited': '0'} details=[['51', '2', '4.00', '0.00', '0.80', '1.00', '[{"id":15,"name":"QA4111 Sixty Sauce","price":0.6,"quantity":"1","category_id":null}]']]
    store-panel POS add_to_cart: HTTP 200 | log []
    store-panel POS order: HTTP 200 | log []
    store-panel POS order 91978: {'id': '91978', 'order_status': 'delivered', 'payment_method': 'cash', 'payment_status': 'paid', 'order_amount': '9.90', 'total_tax_amount': '0.90', 'delivery_charge': '0.00', 'dm_tips': '0.00', 'ref_bonus_amount': '0.000', 'store_discount_amount': '0.00', 'coupon_discount_amount': '0.00', 'extra_packaging_amount': '0.000', 'tax_status': 'excluded', 'tax_percentage': '0.000', 'edited': '0'} details=[['51', '2', '4.00', '0.00', '0.80', '1.00', '[{"id":15,"name":"QA4111 Sixty Sauce","price":0.6,"quantity":"1","category_id":null}]']]
  >> [digit 0 + 0.60 add-on] VAT=True: BASE == TIP on every captured field? True
digit 2 restored -> 302 [['2']]
restore item 51 -> (302, ['0.00', 'percent', '4.00', '[]'])
