# NEARS-4111 backend log summary (scoped greps; scratch trees' own laravel.log; request ids are client-minted UUIDs, no PII)

## TIP: lines mentioning DivisionByZeroError or new_place_order failed (expect 0)
DivisionByZeroError: 0
new_place_order failed: 0

## TIP: all [FAIL]/ERROR messages grouped by text (count)
  85 FCM API Error 
   9 [FAIL] Trying to access array offset on value of type null  
   1 [FAIL] json_decode(): Argument #1 ($json) must be of type string, array given 
   1 [FAIL] get_calculated_tax 

## BASE: same grouping (positive control: DivisionByZeroError + new_place_order failed present)
DivisionByZeroError: 106
new_place_order failed: 21
  85 [FAIL] Division by zero 
  48 FCM API Error 
  21 [FAIL] new_place_order failed 
   8 [FAIL] Trying to access array offset on value of type null  
   1 [FAIL] json_decode(): Argument #1 ($json) must be of type string, array given 
   1 [FAIL] get_calculated_tax 

## BASE positive control, full lines for the AC2 place requests (exception_type + throw site)
[2026-10-10 17:34:59] production.ERROR: [FAIL] new_place_order failed {"correlation_id":"088ad87b-f3f1-4405-8bba-6e8e79a5ae0e","endpoint":"api/v1/customer/order/place","reason":"unhandled_exception","exception_type":"DivisionByZeroError","file":"<base>/Admin/app/CentralLogics/Helpers.php","line":5454,"request_id":"088ad87b-f3f1-4405-8bba-6e8e79a5ae0e"} 
[2026-10-10 17:43:12] production.ERROR: [FAIL] new_place_order failed {"correlation_id":"f0f2b574-fe05-419e-9640-415a19a29ff2","endpoint":"api/v1/customer/order/place","reason":"unhandled_exception","exception_type":"DivisionByZeroError","file":"<base>/Admin/app/CentralLogics/Helpers.php","line":5454,"request_id":"f0f2b574-fe05-419e-9640-415a19a29ff2"} 
[2026-10-10 17:43:17] production.ERROR: [FAIL] new_place_order failed {"correlation_id":"5dfac1a8-086d-4b64-814f-69ae8d981676","endpoint":"api/v1/customer/order/place","reason":"unhandled_exception","exception_type":"DivisionByZeroError","file":"<base>/Admin/app/CentralLogics/Helpers.php","line":5454,"request_id":"5dfac1a8-086d-4b64-814f-69ae8d981676"} 

## BASE throw sites of the place-time DivisionByZeroError, grouped by line (5454 = H1 line divisor, 5432 = H2 add-on divisor)
   6 "line":5432
  15 "line":5454
## TIP the same (expect none)
## TIP: the 9 'array offset on null' lines are the order-details blade on harness-bloated item_details (see observation log); the json_decode line is my first malformed quote body (cart sent as array instead of the JSON string the endpoint expects)
