NEARS-1199: using private test DB multi_food_db_test_nears_nears_1294_callback_open_redirect
PHPUnit 11.5.55 by Sebastian Bergmann and contributors.

Runtime:       PHP 8.5.6
Configuration: /Users/Apple/Projects/nears-NEARS-1294-callback-open-redirect/Admin/phpunit.xml

.............                                                     13 / 13 (100%)

Time: 00:00.993, Memory: 74.50 MB

Payment Callback Open Redirect (Tests\Feature\Security\PaymentCallbackOpenRedirect)
 ✔ Malicious callback is not followed on success
 ✔ Malicious callback variants reject on fail with data set "foreign https"
 ✔ Malicious callback variants reject on fail with data set "scheme relative"
 ✔ Malicious callback variants reject on fail with data set "javascript"
 ✔ Malicious callback variants reject on fail with data set "backslash"
 ✔ Malicious callback variants reject on fail with data set "data uri"
 ✔ Relative callback followed on success
 ✔ Relative callback followed on fail
 ✔ Relative callback followed on cancel
 ✔ App host absolute callback followed on success
 ✔ Allow listed extra host followed on success
 ✔ Group landing rejects malicious child callback
 ✔ Group landing follows allow listed child callback

OK, but there were issues!
Tests: 13, Assertions: 43, PHPUnit Deprecations: 6.
