NEARS-2222 — AC1/AC2 live verification (device-free, API-only ticket)
Worktree: /Users/Apple/Projects/nears-NEARS-2222-dead-subscription-routes
Server:   php artisan serve --host=127.0.0.1 --port=8011 (built from this worktree's code)

=== AC1: POST /api/v1/vendor/subscription/payment/api ===
$ curl -s -i -X POST http://127.0.0.1:8011/api/v1/vendor/subscription/payment/api -H "Content-Type: application/json" -d '{}'
HTTP/1.1 404 Not Found
Host: 127.0.0.1:8011
Connection: close
X-Powered-By: PHP/8.5.6
Cache-Control: no-cache, private
Content-Type: text/html; charset=utf-8
X-Frame-Options: SAMEORIGIN

=== AC2: POST /api/v1/vendor/package-renew ===
$ curl -s -i -X POST http://127.0.0.1:8011/api/v1/vendor/package-renew -H "Content-Type: application/json" -d '{}'
HTTP/1.1 404 Not Found
Host: 127.0.0.1:8011
Connection: close
X-Powered-By: PHP/8.5.6
Cache-Control: no-cache, private
Content-Type: text/html; charset=utf-8
X-Frame-Options: SAMEORIGIN

=== laravel.log fatal-entry check ===
Pre-request line count:  1992
Post-request line count: 1992  (unchanged — zero new lines, no fatal entry from either 404)
