NEARS-1199: using private test DB multi_food_db_test_nears_nears_1278_store35_reconcile
PHPUnit 11.5.55 by Sebastian Bergmann and contributors.

Runtime:       PHP 8.5.6
Configuration: /Users/Apple/Projects/nears-NEARS-1278-store35-reconcile/Admin/phpunit.xml

FFF......F.F.                                                     13 / 13 (100%)

Time: 00:00.855, Memory: 72.50 MB

There were 5 failures:

1) Tests\Feature\FlashSaleWindowRenewalTest::test_it_renews_a_window_that_is_inside_the_threshold_but_not_yet_expired
expected the window to be renewed ~6 months out, got 2026-07-22 17:17:13
Failed asserting that false is true.

/Users/Apple/Projects/nears-NEARS-1278-store35-reconcile/Admin/tests/Feature/FlashSaleWindowRenewalTest.php:55

2) Tests\Feature\FlashSaleWindowRenewalTest::test_it_renews_an_already_expired_window
Failed asserting that false is true.

/Users/Apple/Projects/nears-NEARS-1278-store35-reconcile/Admin/tests/Feature/FlashSaleWindowRenewalTest.php:67

3) Tests\Feature\FlashSaleWindowRenewalTest::test_it_renews_a_window_one_day_inside_the_threshold
a window 29 days out is inside the 30-day threshold and must renew
Failed asserting that false is true.

/Users/Apple/Projects/nears-NEARS-1278-store35-reconcile/Admin/tests/Feature/FlashSaleWindowRenewalTest.php:82

4) Tests\Feature\FlashSaleWindowRenewalTest::test_demo_seeder_heals_before_rot
Failed asserting that false is true.

/Users/Apple/Projects/nears-NEARS-1278-store35-reconcile/Admin/tests/Feature/FlashSaleWindowRenewalTest.php:185

5) Tests\Feature\FlashSaleWindowRenewalTest::test_demo_seeder_renews_a_window_one_day_inside_the_threshold
a window 29 days out is inside the 30-day threshold and must renew
Failed asserting that false is true.

/Users/Apple/Projects/nears-NEARS-1278-store35-reconcile/Admin/tests/Feature/FlashSaleWindowRenewalTest.php:206

FAILURES!
Tests: 13, Assertions: 23, Failures: 5, PHPUnit Deprecations: 5.
