00:00 +0: loading /Users/Apple/Projects/nears-NEARS-1972-nfilterchip-height/packages/nears_dls/test/elements/n_filter_chip_test.dart
00:00 +0: NFilterChip — universal props contract semanticLabel reaches the a11y tree
00:00 +1: NFilterChip — universal props contract isVisible:false is not rendered
00:00 +2: NFilterChip — universal props contract isDisabled:true still renders
00:00 +3: NFilterChip — universal props contract isLoading:true shows a skeleton
00:00 +4: NFilterChip — universal props contract enabled: the labeled node carries a real, wired tap action
00:00 +5: NFilterChip — universal props contract direction:rtl renders without overflow
00:00 +6: NFilterChip — universal props contract themeMode:dark renders
00:00 +7: NFilterChip — universal props contract every size renders
00:00 +8: NFilterChip — universal props contract every variant renders
00:00 +9: NFilterChip — AC8 tone→variant fills (painted) primary (mint) selected paints mint fill + textOnMint
00:00 +10: NFilterChip — AC8 tone→variant fills (painted) secondary (navy) selected paints navy fill + textOnNavy
00:00 +11: NFilterChip — AC8 tone→variant fills (painted) unselected default pill has a hairline outline border
00:00 +12: NFilterChip — AC8 tone→variant fills (painted) promotionalUnselected at rest paints mint fill + textOnMint, no border
00:00 +13: NFilterChip — NEARS-602 offers chip (navy + promotional) selected offers chip paints navy fill + MINT local_offer glyph
00:00 +14: NFilterChip — NEARS-602 offers chip (navy + promotional) at-rest offers chip paints mint fill + navy leading glyph
00:00 +15: NFilterChip — affordances showCheck renders the check glyph only when selected
00:00 +16: NFilterChip — affordances showDropdown renders the caret glyph
00:00 +17: NFilterChip — affordances leadingIcon renders the given glyph
00:00 +18: NFilterChip — onRemove tap isolation tapping remove fires onRemove and NOT the chip onTap
00:00 +19: NFilterChip — onRemove tap isolation tapping the label fires the chip onTap, not onRemove
00:00 +20: NEARS-1975 — onRemove tap target floors at 48dp AC1: the remove hit area is >=48x48 logical px
00:00 +21: NEARS-1975 — onRemove tap target floors at 48dp AC3: a tap at the edge of the padded bounds — outside the 14dp glyph rect — still fires onRemove
00:00 +22: NEARS-1975 — onRemove tap target floors at 48dp RTL: the hit area still resolves >=48x48 and fires onRemove
00:00 +23: NEARS-1975 — onRemove tap target floors at 48dp blast radius: adjacent chips in a tightly-packed Wrap keep independent, non-overlapping hit areas
00:00 +24: NEARS-1975 — onRemove tap target floors at 48dp AC2: the decorated pill NEVER grows past tapMin height, and its onRemove width delta is exactly the visible glyph — never the invisible 48dp hit area
00:00 +25: NEARS-1975 — onRemove tap target floors at 48dp NEARS-1975-R1: a tapMin-bounded horizontal ListView host (the real search_screen.dart desktop shape) never clamps the pill below tapMin
00:00 +26: NEARS-1975 — onRemove tap target floors at 48dp NEARS-1975-R1: onRemove still fires inside a tapMin-bounded host (tap target degrades to the available tapMin, not lost)
00:00 +27: NEARS-1601 — native selection semantics selected:true reports isSelected natively
00:00 +28: NEARS-1601 — native selection semantics selected:false reports isFalse, not "no selected state at all"
00:00 +29: NEARS-1601 — native selection semantics the button role tracks onTap
00:00 +30: NEARS-1601 — native selection semantics AC5: the onRemove affordance keeps its own button node
00:00 +31: NEARS-1601 — native selection semantics AC5 companion: onRemove keeps its own button node with no chip onTap
00:00 +32: NEARS-2128 — onRemove Semantics owns its own boundary AC1/AC3: the remove node is its own boundary, not merged into the chip label
00:00 +33: NEARS-2128 — onRemove Semantics owns its own boundary AC2: a semantics tap action on the remove node fires onRemove
00:00 +34: NEARS-1972 — vertical analogue: chip must not fill host height AC1: a Scaffold>Row host at the 800x600 default surface does not stretch the chip to the full host height
00:00 +35: NEARS-1600 — host-invariant pill width a bounded Wrap host sizes the pill exactly as an unbounded host
00:00 +36: NEARS-1600 — host-invariant pill width three chips in a 400px Wrap sit side by side on one run
00:00 +37: NEARS-1600 — host-invariant pill width a long label clamps to a narrow host and still ellipsizes
00:00 +38: NEARS-1600 — host-invariant pill width an IntrinsicWidth wrapper is a no-op (AC4)
00:00 +39: All tests passed!
