[2026-09-29 21:28:26] production.INFO: [INFO] group coupon skipped {"trace_id":"fdac3b0b0c1073e1cd8170c836c3a0a5","correlation_id":"1c5c97a1-9daa-4b6c-ae81-85cd61f0a89f","coupon_id":24,"group_id":"be01e1fe-203e-4550-b012-6e1a10747947","reason":"module_mismatch","request_id":"1c5c97a1-9daa-4b6c-ae81-85cd61f0a89f"} 
[2026-09-29 21:28:26] production.WARNING: FCM Sending notification {"trace_id":"fdac3b0b0c1073e1cd8170c836c3a0a5","correlation_id":"1c5c97a1-9daa-4b6c-ae81-85cd61f0a89f","message_type":"topic"} 
[2026-09-29 21:28:27] production.WARNING: FCM Send Success {"trace_id":"fdac3b0b0c1073e1cd8170c836c3a0a5","correlation_id":"1c5c97a1-9daa-4b6c-ae81-85cd61f0a89f","status":200,"order_id":"91425"} 
[2026-09-29 21:28:27] production.INFO: [INFO] order-status push skipped: notify_order_updates=false {"trace_id":"fdac3b0b0c1073e1cd8170c836c3a0a5","correlation_id":"1c5c97a1-9daa-4b6c-ae81-85cd61f0a89f","order_id":91425} 
[2026-09-29 21:28:27] production.WARNING: FCM push skipped - empty or muted token {"trace_id":"fdac3b0b0c1073e1cd8170c836c3a0a5","correlation_id":"1c5c97a1-9daa-4b6c-ae81-85cd61f0a89f","order_id":91425} 
[2026-09-29 21:28:27] production.WARNING: [WARN] FCM OAuth access token cache hit {"trace_id":"fdac3b0b0c1073e1cd8170c836c3a0a5","correlation_id":"1c5c97a1-9daa-4b6c-ae81-85cd61f0a89f","cache_key":"fcm_oauth_access_token_nears-1d39b"} 
[2026-09-29 21:28:27] production.WARNING: FCM Sending notification {"trace_id":"fdac3b0b0c1073e1cd8170c836c3a0a5","correlation_id":"1c5c97a1-9daa-4b6c-ae81-85cd61f0a89f","message_type":"topic"} 
[2026-09-29 21:28:27] production.WARNING: FCM Send Success {"trace_id":"fdac3b0b0c1073e1cd8170c836c3a0a5","correlation_id":"1c5c97a1-9daa-4b6c-ae81-85cd61f0a89f","status":200,"order_id":"91425"} 
[2026-09-29 21:28:27] production.WARNING: [WARN] FCM OAuth access token cache hit {"trace_id":"fdac3b0b0c1073e1cd8170c836c3a0a5","correlation_id":"1c5c97a1-9daa-4b6c-ae81-85cd61f0a89f","cache_key":"fcm_oauth_access_token_nears-1d39b"} 
[2026-09-29 21:28:27] production.WARNING: FCM Sending notification {"trace_id":"fdac3b0b0c1073e1cd8170c836c3a0a5","correlation_id":"1c5c97a1-9daa-4b6c-ae81-85cd61f0a89f","message_type":"topic"} 
[2026-09-29 21:28:28] production.WARNING: FCM Send Success {"trace_id":"fdac3b0b0c1073e1cd8170c836c3a0a5","correlation_id":"1c5c97a1-9daa-4b6c-ae81-85cd61f0a89f","status":200,"order_id":"91426"} 
[2026-09-29 21:28:28] production.INFO: [INFO] order-status push skipped: notify_order_updates=false {"trace_id":"fdac3b0b0c1073e1cd8170c836c3a0a5","correlation_id":"1c5c97a1-9daa-4b6c-ae81-85cd61f0a89f","order_id":91426} 
[2026-09-29 21:28:28] production.WARNING: FCM push skipped - empty or muted token {"trace_id":"fdac3b0b0c1073e1cd8170c836c3a0a5","correlation_id":"1c5c97a1-9daa-4b6c-ae81-85cd61f0a89f","order_id":91426} 
[2026-09-29 21:28:28] production.WARNING: [WARN] FCM OAuth access token cache hit {"trace_id":"fdac3b0b0c1073e1cd8170c836c3a0a5","correlation_id":"1c5c97a1-9daa-4b6c-ae81-85cd61f0a89f","cache_key":"fcm_oauth_access_token_nears-1d39b"} 
[2026-09-29 21:28:28] production.WARNING: FCM Sending notification {"trace_id":"fdac3b0b0c1073e1cd8170c836c3a0a5","correlation_id":"1c5c97a1-9daa-4b6c-ae81-85cd61f0a89f","message_type":"topic"} 
[2026-09-29 21:28:28] production.WARNING: FCM Send Success {"trace_id":"fdac3b0b0c1073e1cd8170c836c3a0a5","correlation_id":"1c5c97a1-9daa-4b6c-ae81-85cd61f0a89f","status":200,"order_id":"91426"} 
[2026-09-29 21:28:28] production.WARNING: [WARN] FCM OAuth access token cache hit {"trace_id":"fdac3b0b0c1073e1cd8170c836c3a0a5","correlation_id":"1c5c97a1-9daa-4b6c-ae81-85cd61f0a89f","cache_key":"fcm_oauth_access_token_nears-1d39b"} 
[2026-09-29 21:28:28] production.WARNING: FCM Sending notification {"trace_id":"fdac3b0b0c1073e1cd8170c836c3a0a5","correlation_id":"1c5c97a1-9daa-4b6c-ae81-85cd61f0a89f","message_type":"topic"} 
[2026-09-29 21:28:29] production.WARNING: FCM Send Success {"trace_id":"fdac3b0b0c1073e1cd8170c836c3a0a5","correlation_id":"1c5c97a1-9daa-4b6c-ae81-85cd61f0a89f","status":200,"order_id":"91427"} 
[2026-09-29 21:28:29] production.INFO: [INFO] order-status push skipped: notify_order_updates=false {"trace_id":"fdac3b0b0c1073e1cd8170c836c3a0a5","correlation_id":"1c5c97a1-9daa-4b6c-ae81-85cd61f0a89f","order_id":91427} 
[2026-09-29 21:28:29] production.WARNING: FCM push skipped - empty or muted token {"trace_id":"fdac3b0b0c1073e1cd8170c836c3a0a5","correlation_id":"1c5c97a1-9daa-4b6c-ae81-85cd61f0a89f","order_id":91427} 
[2026-09-29 21:28:29] production.WARNING: [WARN] FCM OAuth access token cache hit {"trace_id":"fdac3b0b0c1073e1cd8170c836c3a0a5","correlation_id":"1c5c97a1-9daa-4b6c-ae81-85cd61f0a89f","cache_key":"fcm_oauth_access_token_nears-1d39b"} 
[2026-09-29 21:28:29] production.WARNING: FCM Sending notification {"trace_id":"fdac3b0b0c1073e1cd8170c836c3a0a5","correlation_id":"1c5c97a1-9daa-4b6c-ae81-85cd61f0a89f","message_type":"topic"} 
[2026-09-29 21:28:29] production.WARNING: FCM Send Success {"trace_id":"fdac3b0b0c1073e1cd8170c836c3a0a5","correlation_id":"1c5c97a1-9daa-4b6c-ae81-85cd61f0a89f","status":200,"order_id":"91427"} 
