### ac1-p1-place-flag0  request_id=qa3878-ac1-p1-place-flag0-a36ef5  http=200
(no non-FCM log lines for this request id)
### ac1-p1-validate-flag0  request_id=qa3878-ac1-p1-validate-flag0-e27add  http=200
(no non-FCM log lines for this request id)
### ac1-p2-mixed-place-flag1  request_id=1c5c97a1-9daa-4b6c-ae81-85cd61f0a89f  http=200
[2026-09-29 21:28:26] production.INFO: [INFO] group coupon skipped {"trace_id":"fdac3b0b0c1073e1cd8170c836c3a0a5","correlation_id":"1c5c97a1-9daa-4b6c-ae81-85cd61f0a89f","coupon_id":24,"group_id":"be01e1fe-203e-4550-b012-6e1a10747947","reason":"module_mismatch","request_id":"1c5c97a1-9daa-4b6c-ae81-85cd61f0a89f"} 
### ac1-p2-mixed-validate-flag1  request_id=fdf47bf4-91e5-4d9c-b99a-0bd43bba1f13  http=200
[2026-09-29 21:28:21] production.INFO: [INFO] group coupon skipped {"trace_id":"4ee616228495d0875ff6818e08e30647","correlation_id":"fdf47bf4-91e5-4d9c-b99a-0bd43bba1f13","coupon_id":24,"group_id":null,"reason":"module_mismatch","request_id":"fdf47bf4-91e5-4d9c-b99a-0bd43bba1f13"} 
### ac2-first-order-place-user4-flag1  request_id=5dcdaf44-8d3f-4bd6-9209-9878cc5a9d8c  http=200
(no non-FCM log lines for this request id)
### ac2-first-order-second-basket-user4-validate  request_id=9823b00f-f85b-442c-a5e8-f1870a9829e0  http=200
[2026-09-29 21:29:32] production.WARNING: [WARN] group coupon rejected {"trace_id":"e0318e00b72a6df2d5d4cda1bbcb4185","correlation_id":"9823b00f-f85b-442c-a5e8-f1870a9829e0","coupon_id":29,"group_id":null,"reason":"limit_exceeded","request_id":"9823b00f-f85b-442c-a5e8-f1870a9829e0"} 
### ac2-first-order-validate-user4  request_id=4b3db27b-f6cb-430f-ad61-3b694d0ef71e  http=200
(no non-FCM log lines for this request id)
### ac2-first-order-validate-user6-has-orders  request_id=2bb697ed-d366-4ac2-a47d-49875bcb2996  http=200
[2026-09-29 21:29:22] production.WARNING: [WARN] group coupon rejected {"trace_id":"70ddaa2c7be36c569e076523eb152fb2","correlation_id":"2bb697ed-d366-4ac2-a47d-49875bcb2996","coupon_id":29,"group_id":null,"reason":"limit_exceeded","request_id":"2bb697ed-d366-4ac2-a47d-49875bcb2996"} 
### ac2-p1-second-basket-place-refused  request_id=cf1c14ec-d178-41bc-8bb9-344fa2409a5c  http=403
[2026-09-29 21:28:09] production.WARNING: [WARN] group coupon rejected {"trace_id":"a13f6e1830f54c86cc329ff589878857","correlation_id":"cf1c14ec-d178-41bc-8bb9-344fa2409a5c","coupon_id":23,"group_id":"8d57ec76-6d9f-4272-9847-bd8860c9e2b3","reason":"limit_exceeded","request_id":"cf1c14ec-d178-41bc-8bb9-344fa2409a5c"} 
[2026-09-29 21:28:09] production.WARNING: [WARN] group order rejected - store gate {"trace_id":"a13f6e1830f54c86cc329ff589878857","correlation_id":"cf1c14ec-d178-41bc-8bb9-344fa2409a5c","endpoint":"api/v1/customer/order/group/place","action":"place","http_status":403,"code":"group_gate","reason":"coupon","store_id":12,"store_count":2,"request_id":"cf1c14ec-d178-41bc-8bb9-344fa2409a5c"} 
### ac2-p1-second-basket-validate  request_id=qa3878-ac2-p1-second-basket-validate-b55fa9  http=200
(no non-FCM log lines for this request id)
### ac2-p2-limit2-second-basket-validate  request_id=d21f4a72-0aa0-44d6-b024-c3622f22a38b  http=200
(no non-FCM log lines for this request id)
### ac3-mod3-mixed-none-in-basket-place-403  request_id=2952f009-02c4-4019-b217-76d3388ae403  http=403
[2026-09-29 21:28:52] production.WARNING: [WARN] group coupon rejected {"trace_id":"2ffff9b4eb1a55b9c8f2e14d269c6b9b","correlation_id":"2952f009-02c4-4019-b217-76d3388ae403","coupon_id":28,"group_id":"f6cb296c-9096-4638-b34c-ab090b10dae5","reason":"module_not_in_basket","request_id":"2952f009-02c4-4019-b217-76d3388ae403"} 
[2026-09-29 21:28:52] production.WARNING: [WARN] group order rejected - store gate {"trace_id":"2ffff9b4eb1a55b9c8f2e14d269c6b9b","correlation_id":"2952f009-02c4-4019-b217-76d3388ae403","endpoint":"api/v1/customer/order/group/place","action":"place","http_status":403,"code":"group_gate","reason":"coupon","store_id":12,"store_count":2,"request_id":"2952f009-02c4-4019-b217-76d3388ae403"} 
### ac3-mod3-mixed-none-in-basket-validate  request_id=f1ad82fa-5aa7-4950-affb-cebd3601b72e  http=200
[2026-09-29 21:28:51] production.WARNING: [WARN] group coupon rejected {"trace_id":"b820c04ac4b015c1ac3c7daeaec3d3a9","correlation_id":"f1ad82fa-5aa7-4950-affb-cebd3601b72e","coupon_id":28,"group_id":null,"reason":"module_not_in_basket","request_id":"f1ad82fa-5aa7-4950-affb-cebd3601b72e"} 
### ac3-swA-place-flag0  request_id=f3f7d481-bed4-4f7b-b4e4-949e5723421d  http=200
[2026-09-29 21:29:08] production.INFO: [INFO] group coupon skipped {"trace_id":"963ab71497d943d873fcf5798d5d7d76","correlation_id":"f3f7d481-bed4-4f7b-b4e4-949e5723421d","coupon_id":25,"group_id":"28eb3d73-5d07-46eb-8bca-3b866076c076","reason":"scope_mismatch","request_id":"f3f7d481-bed4-4f7b-b4e4-949e5723421d"} 
### ac3-swA-validate-flag0  request_id=44022343-1467-4202-89e7-ab0460bcacfb  http=200
[2026-09-29 21:29:08] production.INFO: [INFO] group coupon skipped {"trace_id":"5374cf689636c1571e7e93e40b6f1e71","correlation_id":"44022343-1467-4202-89e7-ab0460bcacfb","coupon_id":25,"group_id":null,"reason":"scope_mismatch","request_id":"44022343-1467-4202-89e7-ab0460bcacfb"} 
### ac3-swA-validate-flag1  request_id=7b19e68a-dd98-4508-8007-7d0f37b59402  http=200
[2026-09-29 21:28:46] production.INFO: [INFO] group coupon skipped {"trace_id":"b0c5a49534146fffe77c799fa9cd5681","correlation_id":"7b19e68a-dd98-4508-8007-7d0f37b59402","coupon_id":25,"group_id":null,"reason":"scope_mismatch","request_id":"7b19e68a-dd98-4508-8007-7d0f37b59402"} 
### ac3-swX-none-in-scope-place-403  request_id=0756a635-5f7a-4c84-9249-c237758e4fcf  http=403
[2026-09-29 21:28:51] production.WARNING: [WARN] group coupon rejected {"trace_id":"794f7a446aebf5f902bcf6bd14265668","correlation_id":"0756a635-5f7a-4c84-9249-c237758e4fcf","coupon_id":26,"group_id":"fef67059-ed32-4dca-a6e6-eeaba5263bc3","reason":"scope_not_in_basket","request_id":"0756a635-5f7a-4c84-9249-c237758e4fcf"} 
[2026-09-29 21:28:51] production.WARNING: [WARN] group order rejected - store gate {"trace_id":"794f7a446aebf5f902bcf6bd14265668","correlation_id":"0756a635-5f7a-4c84-9249-c237758e4fcf","endpoint":"api/v1/customer/order/group/place","action":"place","http_status":403,"code":"group_gate","reason":"coupon","store_id":12,"store_count":2,"request_id":"0756a635-5f7a-4c84-9249-c237758e4fcf"} 
### ac3-swX-none-in-scope-validate  request_id=a9714e34-4c93-40cc-914a-776522778caa  http=200
[2026-09-29 21:28:51] production.WARNING: [WARN] group coupon rejected {"trace_id":"f7c21e5eaacedd169e4fb195bee1c8b8","correlation_id":"a9714e34-4c93-40cc-914a-776522778caa","coupon_id":26,"group_id":null,"reason":"scope_not_in_basket","request_id":"a9714e34-4c93-40cc-914a-776522778caa"} 
### ac3-vendor13-validate  request_id=9752b72e-a2e4-439b-8953-4af3dbd3bc2d  http=200
[2026-09-29 21:28:51] production.INFO: [INFO] group coupon skipped {"trace_id":"4f03ea3e504705197be0f5667fb71a24","correlation_id":"9752b72e-a2e4-439b-8953-4af3dbd3bc2d","coupon_id":27,"group_id":null,"reason":"scope_mismatch","request_id":"9752b72e-a2e4-439b-8953-4af3dbd3bc2d"} 
### ac4-flag0-403  request_id=9ef6a5ea-6180-4c9c-9759-f8aff4eeb2d8  http=403
(no non-FCM log lines for this request id)
### ac4-flag0-406  request_id=da181338-dc30-4f47-ba12-d463a3ec6d9c  http=406
(no non-FCM log lines for this request id)
### ac4-flag0-422  request_id=6a2340ce-a5ae-4583-9aab-9a59c0d5c0de  http=422
(no non-FCM log lines for this request id)
### ac4-flag0-hdr1-store12-couponM1  request_id=57ec3e0d-20b1-40ce-a2fc-f6b2d9b34762  http=200
(no non-FCM log lines for this request id)
### ac4-flag0-hdr1-store51-couponM1  request_id=71a74752-1153-4190-a2e5-dae34ac41456  http=200
(no non-FCM log lines for this request id)
### ac4-flag0-hdr1-store51-couponM2  request_id=3b77f3c5-6350-40fa-afb0-c949f02858b5  http=404
(no non-FCM log lines for this request id)
### ac4-flag0-hdr2-store51-couponM2  request_id=1e1cf17f-17e2-401b-8648-d6909c87124d  http=200
(no non-FCM log lines for this request id)
### ac4-flag0-invalid  request_id=c1bd120d-5bb6-4b74-8641-701fe775e831  http=404
(no non-FCM log lines for this request id)
### ac4-flag1-403  request_id=890085a4-dabd-4fdb-ba66-341b1e2aed13  http=403
(no non-FCM log lines for this request id)
### ac4-flag1-406  request_id=77ec1615-3a53-4c01-b33f-7fbdd6dd197f  http=406
(no non-FCM log lines for this request id)
### ac4-flag1-422  request_id=16afefe7-8c64-4a51-8971-0387bee89595  http=422
(no non-FCM log lines for this request id)
### ac4-flag1-hdr1-store12-couponM1  request_id=7d48a984-1371-48bf-8562-6f0b9a903bd3  http=200
(no non-FCM log lines for this request id)
### ac4-flag1-hdr1-store51-couponM1  request_id=137abaed-78d3-4508-8a60-ed2552aaf2e3  http=404
(no non-FCM log lines for this request id)
### ac4-flag1-hdr1-store51-couponM2  request_id=edaaae2f-cbc7-4178-8e5d-e47ee62d1214  http=200
(no non-FCM log lines for this request id)
### ac4-flag1-invalid  request_id=9d6a241c-37fc-4757-8b8c-38c353f05ebf  http=404
(no non-FCM log lines for this request id)
### ac5-canceled-still-counts-validate  request_id=qa3878-ac5-canceled-still-counts-validate-7fa9b8  http=200
(no non-FCM log lines for this request id)
### ac7-gettax-nocoupon-hdr1-flag1  request_id=1dd93201-296d-4dd3-b337-a7250faba306  http=200
(no non-FCM log lines for this request id)
### ac7-gettax-nocoupon-hdr1  request_id=b6df9884-6d8f-4456-b693-3170f558e321  http=200
(no non-FCM log lines for this request id)
### ac7-gettax-tie-hdr1  request_id=e1945d19-7fdd-4f0c-b7da-b0a06b023cf4  http=200
(no non-FCM log lines for this request id)
### ac8-ac7-single-place-hdr1-store-module2  request_id=429ffa2e-4d1b-46e0-b65f-1aa8ae40f8fe  http=200
[2026-09-29 21:30:41] production.INFO: [INFO] order placement - moduleId header differs from store module {"trace_id":"1d2b507e263141e414077f708ba0f177","correlation_id":"429ffa2e-4d1b-46e0-b65f-1aa8ae40f8fe","endpoint":"api/v1/customer/order/place","store_id":51,"header_module_id":1,"module_id":2,"reason":"header_store_module_mismatch","request_id":"429ffa2e-4d1b-46e0-b65f-1aa8ae40f8fe"} 
### ac8-gettax-M1coupon-hdr1-flag1  request_id=3755320a-292a-4060-9cba-1260ffa3f5c5  http=403
[2026-09-29 21:30:34] production.ERROR: [FAIL] get_calculated_tax {"trace_id":"3320de193fa34e53dd5b9f09e9f66557","correlation_id":"3755320a-292a-4060-9cba-1260ffa3f5c5","endpoint":"/api/v1/customer/order/get-Tax","http_status":403,"code":"coupon","request_id":"3755320a-292a-4060-9cba-1260ffa3f5c5"} 
### ac8-gettax-M1coupon-hdr1  request_id=b2e3ffc6-b988-4065-b4b2-ea02d7240fa4  http=403
[2026-09-29 21:30:21] production.ERROR: [FAIL] get_calculated_tax {"trace_id":"4ca9564dbb1511f7a2ce6ec92bc3a4ff","correlation_id":"b2e3ffc6-b988-4065-b4b2-ea02d7240fa4","endpoint":"/api/v1/customer/order/get-Tax","http_status":403,"code":"coupon","request_id":"b2e3ffc6-b988-4065-b4b2-ea02d7240fa4"} 
### ac8-gettax-M1coupon-noheader  request_id=5f54691d-7d5b-4580-a896-748fd5f6a06d  http=403
[2026-09-29 21:30:21] production.ERROR: [FAIL] get_calculated_tax {"trace_id":"8fa7a98aeeeb8cc0749d5df880e1cd0c","correlation_id":"5f54691d-7d5b-4580-a896-748fd5f6a06d","endpoint":"/api/v1/customer/order/get-Tax","http_status":403,"code":"coupon","request_id":"5f54691d-7d5b-4580-a896-748fd5f6a06d"} 
### ac8-gettax-M2coupon-hdr1-flag1  request_id=f555e76b-94e8-4ce5-b4dd-52e52b60c0b0  http=200
(no non-FCM log lines for this request id)
### ac8-gettax-M2coupon-hdr1  request_id=23f30182-bd8b-4d18-a650-74ef88795018  http=200
(no non-FCM log lines for this request id)
### ac8-gettax-M2coupon-noheader  request_id=3f85b534-b207-4292-baa6-d62f923852c5  http=200
(no non-FCM log lines for this request id)
### ac8-gettax-foodie15-hdr2  request_id=227bb856-3278-46fd-a690-f854910266b0  http=403
[2026-09-29 21:29:43] production.ERROR: [FAIL] get_calculated_tax {"trace_id":"7634c4858416921b7f9b63ad36c703a2","correlation_id":"227bb856-3278-46fd-a690-f854910266b0","endpoint":"/api/v1/customer/order/get-Tax","http_status":403,"code":"coupon","request_id":"227bb856-3278-46fd-a690-f854910266b0"} 
### ac8-gettax-nocoupon-noheader  request_id=ef6c90f6-e66a-4111-98b5-e28ea767ab4f  http=200
(no non-FCM log lines for this request id)
### ac8-gettax-noheader-flag1-M1  request_id=22e0314a-9253-49e3-b8a3-eaf2353e16b7  http=403
[2026-09-29 21:31:16] production.ERROR: [FAIL] get_calculated_tax {"trace_id":"cc52be701a9f86c213010ff41bfe6d88","correlation_id":"22e0314a-9253-49e3-b8a3-eaf2353e16b7","endpoint":"/api/v1/customer/order/get-Tax","http_status":403,"code":"coupon","request_id":"22e0314a-9253-49e3-b8a3-eaf2353e16b7"} 
### ac8-gettax-noheader-flag1-M2  request_id=4326a467-0180-47a3-8838-0544df983369  http=200
(no non-FCM log lines for this request id)
### ac8-gettax-noheader-nocoupon  request_id=e8f15268-b1ad-4a9a-8241-22fe13d8e53d  http=200
(no non-FCM log lines for this request id)
### ac8-gettax-noheader-nonexistent-store  request_id=f977cc1d-a651-42b3-96c6-e8a6ffb2b914  http=403
[2026-09-29 21:31:16] production.ERROR: [FAIL] get_calculated_tax {"trace_id":"f12b6b0482b86d4014d7cbd68017537e","correlation_id":"f977cc1d-a651-42b3-96c6-e8a6ffb2b914","endpoint":"/api/v1/customer/order/get-Tax","http_status":403,"code":"coupon","request_id":"f977cc1d-a651-42b3-96c6-e8a6ffb2b914"} 
### ac8-gettax-noheader  request_id=6530cfc2-3b79-44af-ab1d-bbcffb36991e  http=200
(no non-FCM log lines for this request id)
### ac8-gettax-tie-hdr2  request_id=716f1e93-e54b-401d-a627-c277c25e790e  http=200
(no non-FCM log lines for this request id)
### ac8-place-refused-header-module-coupon  request_id=7aa858f3-9a70-4573-97ce-9e99941cbd6d  http=403
[2026-09-29 21:31:16] production.WARNING: [WARN] order placement rejected - gate {"trace_id":"dc25ddfa4a2dbd6441d245da6198b38b","correlation_id":"7aa858f3-9a70-4573-97ce-9e99941cbd6d","endpoint":"api/v1/customer/order/place","http_status":403,"code":"coupon","reason":"coupon","store_id":51,"request_id":"7aa858f3-9a70-4573-97ce-9e99941cbd6d"} 
### t0-baseline-gettax  request_id=qa3878-t0-baseline-gettax-10ab1d  http=403
(no non-FCM log lines for this request id)
### t0-baseline-validate  request_id=qa3878-t0-baseline-validate-1ada36  http=200
(no non-FCM log lines for this request id)
