09-11 11:36:03.486 22637 22637 I flutter : [NET] GET endpoint=/api/v1/stores/details/13
09-11 11:36:03.495 22637 22637 I flutter : ----------------FIREBASE CRASHLYTICS----------------
09-11 11:36:03.495 22637 22637 I flutter : The following exception was thrown uncaught async error (FlutterError):
09-11 11:36:03.495 22637 22637 I flutter : UncaughtAsyncError
09-11 11:36:03.495 22637 22637 I flutter : #0      Element.markNeedsBuild.<anonymous closure> (package:flutter/src/widgets/framework.dart:5373:9)
09-11 11:36:03.495 22637 22637 I flutter : #1      Element.markNeedsBuild (package:flutter/src/widgets/framework.dart:5385:6)
09-11 11:36:03.495 22637 22637 I flutter : #2      State.setState (package:flutter/src/widgets/framework.dart:1219:15)
09-11 11:36:03.495 22637 22637 I flutter : #3      GetStateUpdaterMixin.getUpdate (package:get/get_state_manager/src/simple/get_state.dart:22:18)
09-11 11:36:03.495 22637 22637 I flutter : #4      ListNotifierMixin._notifyUpdate (package:get/get_state_manager/src/simple/list_notifier.dart:45:15)
09-11 11:36:03.495 22637 22637 I flutter : #5      ListNotifierMixin.refresh (package:get/get_state_manager/src/simple/list_notifier.dart:38:5)
09-11 11:36:03.495 22637 22637 I flutter : #6      GetxController.update (package:get/get_state_manager/src/simple/get_controllers.dart:22:7)
09-11 11:36:03.495 22637 22637 I flutter : #7      StoreController.getStoreDetails (package:nears/features/store/controllers/store_controller.dart:921:7)
09-11 11:36:03.495 22637 22637 I flutter : #8      _CartScreenState.initCall (package:nears/features/cart/screens/cart_screen.dart:128:41)
09-11 11:36:03.495 22637 22637 I flutter : #9      _CartScreenState.initState (package:nears/features/cart/screens/cart_screen.dart:61:5)
09-11 11:36:03.495 22637 22637 I flutter : #10     StatefulElement._firstBuild (package:fl
09-11 11:36:03.495 22637 22637 I flutter : ----------------------------------------------------
09-11 11:36:03.496 22637 22637 I flutter : [FAIL] endpoint=null http_status=null type=UncaughtAsyncError msg="uncaught async error (FlutterError)"
09-11 11:36:03.496 22637 22637 I flutter : ----------------FIREBASE CRASHLYTICS----------------
09-11 11:36:03.496 22637 22637 I flutter : The following exception was thrown uncaught async error (FlutterError):
09-11 11:36:03.496 22637 22637 I flutter : setState() or markNeedsBuild() called during build.
09-11 11:36:03.496 22637 22637 I flutter : This GetBuilder<StoreController> widget cannot be marked as needing to build because the framework is already in the process of building widgets. A widget can be marked as needing to be built during the build phase only if one of its ancestors is currently building. This exception is allowed because the framework builds parent widgets before children, which means a dirty descendant will always be built. Otherwise, the framework might not visit this widget during this build phase.
09-11 11:36:03.496 22637 22637 I flutter : The widget on which setState() or markNeedsBuild() was called was:
09-11 11:36:03.496 22637 22637 I flutter :   GetBuilder<StoreController>
09-11 11:36:03.496 22637 22637 I flutter : The widget which was currently being built when the offending call was made was:
09-11 11:36:03.496 22637 22637 I flutter :   FutureBuilder<void>
09-11 11:36:03.496 22637 22637 I flutter : #0      Element.markNeedsBuild.<anonymous closure> (package:flutter/src/widgets/framework.dart:5373:9)
09-11 11:36:03.496 22637 22637 I flutter : #1      Element.markNeedsBuild (package:flutter/src/widgets/framework.dart:5385:6)
09-11 11:36:03.496 22637 22637 I flutter : #2      State.setState (package:flutter/src/widgets/framework.dart:1219:15)
09-11 11:36:03.496 22637 22637 I flutter : #3      GetStateUpdaterMixin.getUpdate (package:get/get_state_manager/src/simple/get_state.dart:22:18)
09-11 11:36:03.496 22637 22637 I flutter : #4      ListNotifierMixin._notifyUpdate (package:get/get_state_manager/src/simple/list_notifier.dart:45:15)
09-11 11:36:03.496 22637 22637 I flutter : #5      ListNotifierMixin.refresh (package:get/get_state_manager/src/simple/list_notifier.dart:38:5)
09-11 11:36:03.496 22637 22637 I flutter : #6      GetxController.update (package:get/get_state_manager/src/simple/get_controllers.dart:22:7)
09-11 11:36:03.496 22637 22637 I flutter : #7      StoreController.getStoreDetails (package:nears/features/store/controllers/store_controller.dart:921:7)
09-11 11:36:03.496 22637 22637 I flutter : #8      _CartScreenState.initCall (package:nears/features/cart/screens/cart_screen.dart:128:41)
09-11 11:36:03.496 22637 22637 I flutter : #9      _CartScreenState.initState (package:nears/features/cart/screens/cart_screen.dart:61:5)
09-11 11:36:03.496 22637 22637 I flutter : #10     StatefulElement._firstBuild (package:fl
09-11 11:36:03.496 22637 22637 I flutter : ----------------------------------------------------
09-11 11:36:04.315 22637 22637 I flutter : [NET] GET endpoint=/api/v1/stores/details/17
09-11 11:36:04.415 22637 22637 I flutter : [NET] endpoint=/api/v1/stores/details/13 http_status=403
09-11 11:36:04.915 22637 22637 I flutter : [NET] endpoint=/api/v1/stores/details/17 http_status=403
