#### scenario ac3-control-LATE-PAID-wallet-admin-route-admin-cancel | payment_method wallet | return route: admin | cancel_by: admin | build f58d5403a | db multi_food_db_qa4115
step place wallet 200 {'message': 'Order placed successfully', 'order_id': 91829, 'total_ammount': 5, 'status': 'confirmed'} rid 07d802de-f2b2-43ab-bde1-3759f8ad45d4
step dm accept 200 {'message': 'Order accepted successfully'}
step dm picked_up 200 {'message': 'Status updated'}
order 91829 state after pickup: ['picked_up', 'paid', 'wallet']
cancel by admin_for_deliveryman via admin.order.CancelParcel 302 http://127.0.0.1:8415/admin toastr: [('success', 'Parcel canceled successfully'), ('success', 'Text copied'), ('success', 'New message arrived'), ('success', 'Text copied to clipboard: ')]
cancel_by now: [['admin_for_deliveryman']] order_status: ['canceled', 'paid', 'wallet']
post-cancel QA-DB DML: UPDATE parcel_cancellations SET return_date = NOW() - INTERVAL 1 DAY WHERE order_id=91829 (QA db only)
== BEFORE return (order 91829)
-- order
+-------+--------------+----------------+----------------+--------------+-----------------+---------+----------+
| id    | order_status | payment_status | payment_method | order_amount | delivery_man_id | user_id | is_guest |
+-------+--------------+----------------+----------------+--------------+-----------------+---------+----------+
| 91829 | canceled     | paid           | wallet         |         5.00 |               2 |       6 |        0 |
+-------+--------------+----------------+----------------+--------------+-----------------+---------+----------+
-- parcel_cancellation
+----------+-----------------------+------------+---------------------------+---------------+----------------+---------------------+-------------+-------------------------------+---------+
| order_id | cancel_by             | return_fee | return_fee_payment_status | before_pickup | dm_penalty_fee | return_date         | is_refunded | is_delivery_charge_refundable | has_otp |
+----------+-----------------------+------------+---------------------------+---------------+----------------+---------------------+-------------+-------------------------------+---------+
|    91829 | admin_for_deliveryman |        2.5 | unpaid                    |             0 |            1.5 | 2026-10-10 01:22:03 |           0 |                             0 |       1 |
+----------+-----------------------+------------+---------------------------+---------------+----------------+---------------------+-------------+-------------------------------+---------+
-- order_transactions(order)
(no rows)
-- expenses(order)
(no rows)
-- order_payments(order)
(no rows)
-- parcel_return_fees(order)
(no rows)
-- parcel_penalty_fees(order)
(no rows)
-- global row counts
+--------------------+----------+----------------+----------------------+---------------------+--------------------+---------------------+
| order_transactions | expenses | order_payments | account_transactions | wallet_transactions | parcel_return_fees | parcel_penalty_fees |
+--------------------+----------+----------------+----------------------+---------------------+--------------------+---------------------+
|                 29 |       29 |              2 |                   28 |                  16 |                 11 |                   3 |
+--------------------+----------+----------------+----------------------+---------------------+--------------------+---------------------+
-- admin_wallet
+--------------------------+------------------+-----------------+-----------------+
| total_commission_earning | digital_received | manual_received | delivery_charge |
+--------------------------+------------------+-----------------+-----------------+
|                     9.85 |           -25.00 |           20.00 |           0.000 |
+--------------------------+------------------+-----------------+-----------------+
-- dm_wallet(dm 2)
+-----------------+----------------+---------------+-----------------+------------------+
| delivery_man_id | collected_cash | total_earning | total_withdrawn | pending_withdraw |
+-----------------+----------------+---------------+-----------------+------------------+
|               2 |          32.00 |        307.50 |          150.00 |            30.00 |
+-----------------+----------------+---------------+-----------------+------------------+
-- user_wallet
+----+----------------+
| id | wallet_balance |
+----+----------------+
|  6 |         95.000 |
+----+----------------+
RETURN via admin route -> (302, {'redirect': 'http://127.0.0.1:8415/admin', 'toastr': [('success', 'Parcel returned successfully'), ('success', 'Text copied'), ('success', 'New message arrived'), ('success', 'Text copied to clipboard: ')]}) X-Request-Id: 50876d27-d050-40e5-aa47-f490e574a960
== AFTER return (order 91829)
-- order
+-------+--------------+----------------+----------------+--------------+-----------------+---------+----------+
| id    | order_status | payment_status | payment_method | order_amount | delivery_man_id | user_id | is_guest |
+-------+--------------+----------------+----------------+--------------+-----------------+---------+----------+
| 91829 | returned     | paid           | wallet         |         5.00 |               2 |       6 |        0 |
+-------+--------------+----------------+----------------+--------------+-----------------+---------+----------+
-- parcel_cancellation
+----------+-----------------------+------------+---------------------------+---------------+----------------+---------------------+-------------+-------------------------------+---------+
| order_id | cancel_by             | return_fee | return_fee_payment_status | before_pickup | dm_penalty_fee | return_date         | is_refunded | is_delivery_charge_refundable | has_otp |
+----------+-----------------------+------------+---------------------------+---------------+----------------+---------------------+-------------+-------------------------------+---------+
|    91829 | admin_for_deliveryman |        2.5 | paid                      |             0 |            1.5 | 2026-10-10 01:22:03 |           0 |                             0 |       1 |
+----------+-----------------------+------------+---------------------------+---------------+----------------+---------------------+-------------+-------------------------------+---------+
-- order_transactions(order)
(no rows)
-- expenses(order)
(no rows)
-- order_payments(order)
(no rows)
-- parcel_return_fees(order)
+----+----------+-----------------+---------+
| id | order_id | delivery_man_id | amount  |
+----+----------+-----------------+---------+
| 14 |    91829 |               2 | 2.50000 |
+----+----------+-----------------+---------+
-- parcel_penalty_fees(order)
+----+----------+-----------------+---------+
| id | order_id | delivery_man_id | amount  |
+----+----------+-----------------+---------+
|  4 |    91829 |               2 | 1.50000 |
+----+----------+-----------------+---------+
-- global row counts
+--------------------+----------+----------------+----------------------+---------------------+--------------------+---------------------+
| order_transactions | expenses | order_payments | account_transactions | wallet_transactions | parcel_return_fees | parcel_penalty_fees |
+--------------------+----------+----------------+----------------------+---------------------+--------------------+---------------------+
|                 29 |       29 |              2 |                   28 |                  17 |                 12 |                   4 |
+--------------------+----------+----------------+----------------------+---------------------+--------------------+---------------------+
-- admin_wallet
+--------------------------+------------------+-----------------+-----------------+
| total_commission_earning | digital_received | manual_received | delivery_charge |
+--------------------------+------------------+-----------------+-----------------+
|                     9.85 |           -30.00 |           20.00 |           0.000 |
+--------------------------+------------------+-----------------+-----------------+
-- dm_wallet(dm 2)
+-----------------+----------------+---------------+-----------------+------------------+
| delivery_man_id | collected_cash | total_earning | total_withdrawn | pending_withdraw |
+-----------------+----------------+---------------+-----------------+------------------+
|               2 |          36.00 |        310.00 |          150.00 |            30.00 |
+-----------------+----------------+---------------+-----------------+------------------+
-- user_wallet
+----+----------------+
| id | wallet_balance |
+----+----------------+
|  6 |        100.000 |
+----+----------------+
CHANGED SECTIONS: ['order', 'parcel_cancellation', 'parcel_return_fees(order)', 'parcel_penalty_fees(order)', 'global row counts', 'admin_wallet', 'dm_wallet(dm 2)', 'user_wallet']
LOG lines scoped to order 91829 / [FAIL] / [ERR] since scenario start:
   (none)
WARN '[WARN] parcel return settlement refused' count for order 91829: 0
WARN count expectation (0): MET
