#### scenario ac3-control-COD-admin-route-courier-cancel | payment_method cash_on_delivery | return route: admin | cancel_by: courier | build f58d5403a | db multi_food_db_qa4115
step place cash_on_delivery 200 {'message': 'Order placed successfully', 'order_id': 91820, 'total_ammount': 5, 'status': 'pending'} rid d0d62db7-3b42-4073-8836-eda28110e1dc
step dm accept 200 {'message': 'Order accepted successfully'}
step dm picked_up 200 {'message': 'Status updated'}
order 91820 state after pickup: ['picked_up', 'unpaid', 'cash_on_delivery']
cancel by courier (expect parcel_cancellations.cancel_by=deliveryman) 200 {'message': 'Parcel canceled successfully'}
cancel_by now: [['deliveryman']] order_status: ['canceled', 'unpaid', 'cash_on_delivery']
== BEFORE return (order 91820)
-- order
+-------+--------------+----------------+------------------+--------------+-----------------+---------+----------+
| id    | order_status | payment_status | payment_method   | order_amount | delivery_man_id | user_id | is_guest |
+-------+--------------+----------------+------------------+--------------+-----------------+---------+----------+
| 91820 | canceled     | unpaid         | cash_on_delivery |         5.00 |               2 |       6 |        0 |
+-------+--------------+----------------+------------------+--------------+-----------------+---------+----------+
-- parcel_cancellation
+----------+-------------+------------+---------------------------+---------------+----------------+---------------------+-------------+-------------------------------+---------+
| order_id | cancel_by   | return_fee | return_fee_payment_status | before_pickup | dm_penalty_fee | return_date         | is_refunded | is_delivery_charge_refundable | has_otp |
+----------+-------------+------------+---------------------------+---------------+----------------+---------------------+-------------+-------------------------------+---------+
|    91820 | deliveryman |        2.5 | unpaid                    |             0 |            1.5 | 2026-10-12 01:21:17 |           0 |                             0 |       1 |
+----------+-------------+------------+---------------------------+---------------+----------------+---------------------+-------------+-------------------------------+---------+
-- order_transactions(order)
(no rows)
-- expenses(order)
(no rows)
-- order_payments(order)
(no rows)
-- parcel_return_fees(order)
(no rows)
-- parcel_penalty_fees(order)
(no rows)
-- global row counts
+--------------------+----------+----------------+----------------------+---------------------+--------------------+---------------------+
| order_transactions | expenses | order_payments | account_transactions | wallet_transactions | parcel_return_fees | parcel_penalty_fees |
+--------------------+----------+----------------+----------------------+---------------------+--------------------+---------------------+
|                 29 |       29 |              2 |                   28 |                   5 |                  2 |                   0 |
+--------------------+----------+----------------+----------------------+---------------------+--------------------+---------------------+
-- admin_wallet
+--------------------------+------------------+-----------------+-----------------+
| total_commission_earning | digital_received | manual_received | delivery_charge |
+--------------------------+------------------+-----------------+-----------------+
|                     9.85 |             0.00 |           20.00 |           0.000 |
+--------------------------+------------------+-----------------+-----------------+
-- dm_wallet(dm 2)
+-----------------+----------------+---------------+-----------------+------------------+
| delivery_man_id | collected_cash | total_earning | total_withdrawn | pending_withdraw |
+-----------------+----------------+---------------+-----------------+------------------+
|               2 |           5.00 |        285.00 |          150.00 |            30.00 |
+-----------------+----------------+---------------+-----------------+------------------+
-- user_wallet
+----+----------------+
| id | wallet_balance |
+----+----------------+
|  6 |        100.000 |
+----+----------------+
RETURN via admin route -> (302, {'redirect': 'http://127.0.0.1:8415/login/admin', 'toastr': [('success', 'Parcel returned successfully'), ('success', 'Text copied'), ('success', 'New message arrived'), ('success', 'Text copied to clipboard: ')]}) X-Request-Id: fb4027f4-c8b0-442e-85ca-dde9b64cf3c6
== AFTER return (order 91820)
-- order
+-------+--------------+----------------+------------------+--------------+-----------------+---------+----------+
| id    | order_status | payment_status | payment_method   | order_amount | delivery_man_id | user_id | is_guest |
+-------+--------------+----------------+------------------+--------------+-----------------+---------+----------+
| 91820 | returned     | unpaid         | cash_on_delivery |         5.00 |               2 |       6 |        0 |
+-------+--------------+----------------+------------------+--------------+-----------------+---------+----------+
-- parcel_cancellation
+----------+-------------+------------+---------------------------+---------------+----------------+---------------------+-------------+-------------------------------+---------+
| order_id | cancel_by   | return_fee | return_fee_payment_status | before_pickup | dm_penalty_fee | return_date         | is_refunded | is_delivery_charge_refundable | has_otp |
+----------+-------------+------------+---------------------------+---------------+----------------+---------------------+-------------+-------------------------------+---------+
|    91820 | deliveryman |        2.5 | paid                      |             0 |            1.5 | 2026-10-12 01:21:17 |           0 |                             0 |       1 |
+----------+-------------+------------+---------------------------+---------------+----------------+---------------------+-------------+-------------------------------+---------+
-- order_transactions(order)
(no rows)
-- expenses(order)
(no rows)
-- order_payments(order)
(no rows)
-- parcel_return_fees(order)
+----+----------+-----------------+---------+
| id | order_id | delivery_man_id | amount  |
+----+----------+-----------------+---------+
|  5 |    91820 |               2 | 2.50000 |
+----+----------+-----------------+---------+
-- parcel_penalty_fees(order)
(no rows)
-- global row counts
+--------------------+----------+----------------+----------------------+---------------------+--------------------+---------------------+
| order_transactions | expenses | order_payments | account_transactions | wallet_transactions | parcel_return_fees | parcel_penalty_fees |
+--------------------+----------+----------------+----------------------+---------------------+--------------------+---------------------+
|                 29 |       29 |              2 |                   28 |                   5 |                  3 |                   0 |
+--------------------+----------+----------------+----------------------+---------------------+--------------------+---------------------+
-- admin_wallet
+--------------------------+------------------+-----------------+-----------------+
| total_commission_earning | digital_received | manual_received | delivery_charge |
+--------------------------+------------------+-----------------+-----------------+
|                     9.85 |             0.00 |           20.00 |           0.000 |
+--------------------------+------------------+-----------------+-----------------+
-- dm_wallet(dm 2)
+-----------------+----------------+---------------+-----------------+------------------+
| delivery_man_id | collected_cash | total_earning | total_withdrawn | pending_withdraw |
+-----------------+----------------+---------------+-----------------+------------------+
|               2 |           7.50 |        287.50 |          150.00 |            30.00 |
+-----------------+----------------+---------------+-----------------+------------------+
-- user_wallet
+----+----------------+
| id | wallet_balance |
+----+----------------+
|  6 |        100.000 |
+----+----------------+
CHANGED SECTIONS: ['order', 'parcel_cancellation', 'parcel_return_fees(order)', 'global row counts', 'dm_wallet(dm 2)']
LOG lines scoped to order 91820 / [FAIL] / [ERR] since scenario start:
   (none)
WARN '[WARN] parcel return settlement refused' count for order 91820: 0
WARN count expectation (0): MET
