#### scenario ac3-control-PAID-digital_payment-courier-route-admin-cancel | payment_method digital_payment | return route: courier | cancel_by: admin | build f58d5403a | db multi_food_db_qa4115
step place digital_payment 200 {'message': 'Order placed successfully', 'order_id': 91831, 'total_ammount': 5, 'status': 'failed'} rid c30c15ee-0b68-40eb-974b-2491e4b390da
pre-pickup: UPDATE orders SET payment_status='paid' WHERE id=91831 (QA db only; simulates a gateway callback)
step dm accept 200 {'message': 'Order accepted successfully'}
step dm picked_up 200 {'message': 'Status updated'}
order 91831 state after pickup: ['picked_up', 'paid', 'digital_payment']
cancel by admin_for_deliveryman via admin.order.CancelParcel 302 http://127.0.0.1:8415/admin toastr: [('success', 'Parcel canceled successfully'), ('success', 'Text copied'), ('success', 'New message arrived'), ('success', 'Text copied to clipboard: ')]
cancel_by now: [['admin_for_deliveryman']] order_status: ['canceled', 'paid', 'digital_payment']
== BEFORE return (order 91831)
-- order
+-------+--------------+----------------+-----------------+--------------+-----------------+---------+----------+
| id    | order_status | payment_status | payment_method  | order_amount | delivery_man_id | user_id | is_guest |
+-------+--------------+----------------+-----------------+--------------+-----------------+---------+----------+
| 91831 | canceled     | paid           | digital_payment |         5.00 |               2 |       6 |        0 |
+-------+--------------+----------------+-----------------+--------------+-----------------+---------+----------+
-- parcel_cancellation
+----------+-----------------------+------------+---------------------------+---------------+----------------+---------------------+-------------+-------------------------------+---------+
| order_id | cancel_by             | return_fee | return_fee_payment_status | before_pickup | dm_penalty_fee | return_date         | is_refunded | is_delivery_charge_refundable | has_otp |
+----------+-----------------------+------------+---------------------------+---------------+----------------+---------------------+-------------+-------------------------------+---------+
|    91831 | admin_for_deliveryman |        2.5 | unpaid                    |             0 |            1.5 | 2026-10-12 01:22:08 |           0 |                             0 |       1 |
+----------+-----------------------+------------+---------------------------+---------------+----------------+---------------------+-------------+-------------------------------+---------+
-- order_transactions(order)
(no rows)
-- expenses(order)
(no rows)
-- order_payments(order)
(no rows)
-- parcel_return_fees(order)
(no rows)
-- parcel_penalty_fees(order)
(no rows)
-- global row counts
+--------------------+----------+----------------+----------------------+---------------------+--------------------+---------------------+
| order_transactions | expenses | order_payments | account_transactions | wallet_transactions | parcel_return_fees | parcel_penalty_fees |
+--------------------+----------+----------------+----------------------+---------------------+--------------------+---------------------+
|                 29 |       29 |              2 |                   28 |                  18 |                 13 |                   4 |
+--------------------+----------+----------------+----------------------+---------------------+--------------------+---------------------+
-- admin_wallet
+--------------------------+------------------+-----------------+-----------------+
| total_commission_earning | digital_received | manual_received | delivery_charge |
+--------------------------+------------------+-----------------+-----------------+
|                     9.85 |           -35.00 |           20.00 |           0.000 |
+--------------------------+------------------+-----------------+-----------------+
-- dm_wallet(dm 2)
+-----------------+----------------+---------------+-----------------+------------------+
| delivery_man_id | collected_cash | total_earning | total_withdrawn | pending_withdraw |
+-----------------+----------------+---------------+-----------------+------------------+
|               2 |          38.50 |        312.50 |          150.00 |            30.00 |
+-----------------+----------------+---------------+-----------------+------------------+
-- user_wallet
+----+----------------+
| id | wallet_balance |
+----+----------------+
|  6 |        105.000 |
+----+----------------+
RETURN via courier route -> (200, {'message': 'Parcel returned successfully'}) X-Request-Id: 55eb9aad-3cdd-4e3e-abbe-d51d8d53b9d7
== AFTER return (order 91831)
-- order
+-------+--------------+----------------+-----------------+--------------+-----------------+---------+----------+
| id    | order_status | payment_status | payment_method  | order_amount | delivery_man_id | user_id | is_guest |
+-------+--------------+----------------+-----------------+--------------+-----------------+---------+----------+
| 91831 | returned     | paid           | digital_payment |         5.00 |               2 |       6 |        0 |
+-------+--------------+----------------+-----------------+--------------+-----------------+---------+----------+
-- parcel_cancellation
+----------+-----------------------+------------+---------------------------+---------------+----------------+---------------------+-------------+-------------------------------+---------+
| order_id | cancel_by             | return_fee | return_fee_payment_status | before_pickup | dm_penalty_fee | return_date         | is_refunded | is_delivery_charge_refundable | has_otp |
+----------+-----------------------+------------+---------------------------+---------------+----------------+---------------------+-------------+-------------------------------+---------+
|    91831 | admin_for_deliveryman |        2.5 | paid                      |             0 |            1.5 | 2026-10-12 01:22:08 |           0 |                             0 |       1 |
+----------+-----------------------+------------+---------------------------+---------------+----------------+---------------------+-------------+-------------------------------+---------+
-- order_transactions(order)
(no rows)
-- expenses(order)
(no rows)
-- order_payments(order)
(no rows)
-- parcel_return_fees(order)
+----+----------+-----------------+---------+
| id | order_id | delivery_man_id | amount  |
+----+----------+-----------------+---------+
| 16 |    91831 |               2 | 2.50000 |
+----+----------+-----------------+---------+
-- parcel_penalty_fees(order)
(no rows)
-- global row counts
+--------------------+----------+----------------+----------------------+---------------------+--------------------+---------------------+
| order_transactions | expenses | order_payments | account_transactions | wallet_transactions | parcel_return_fees | parcel_penalty_fees |
+--------------------+----------+----------------+----------------------+---------------------+--------------------+---------------------+
|                 29 |       29 |              2 |                   28 |                  19 |                 14 |                   4 |
+--------------------+----------+----------------+----------------------+---------------------+--------------------+---------------------+
-- admin_wallet
+--------------------------+------------------+-----------------+-----------------+
| total_commission_earning | digital_received | manual_received | delivery_charge |
+--------------------------+------------------+-----------------+-----------------+
|                     9.85 |           -40.00 |           20.00 |           0.000 |
+--------------------------+------------------+-----------------+-----------------+
-- dm_wallet(dm 2)
+-----------------+----------------+---------------+-----------------+------------------+
| delivery_man_id | collected_cash | total_earning | total_withdrawn | pending_withdraw |
+-----------------+----------------+---------------+-----------------+------------------+
|               2 |          41.00 |        315.00 |          150.00 |            30.00 |
+-----------------+----------------+---------------+-----------------+------------------+
-- user_wallet
+----+----------------+
| id | wallet_balance |
+----+----------------+
|  6 |        110.000 |
+----+----------------+
CHANGED SECTIONS: ['order', 'parcel_cancellation', 'parcel_return_fees(order)', 'global row counts', 'admin_wallet', 'dm_wallet(dm 2)', 'user_wallet']
LOG lines scoped to order 91831 / [FAIL] / [ERR] since scenario start:
   (none)
WARN '[WARN] parcel return settlement refused' count for order 91831: 0
WARN count expectation (0): MET
