#### scenario ac3-control-LATE-COD-courier-route-admin-cancel | payment_method cash_on_delivery | return route: courier | cancel_by: admin | build f58d5403a | db multi_food_db_qa4115
step place cash_on_delivery 200 {'message': 'Order placed successfully', 'order_id': 91823, 'total_ammount': 5, 'status': 'pending'} rid 57b66bf3-f06b-423b-9102-e8e159d1c591
step dm accept 200 {'message': 'Order accepted successfully'}
step dm picked_up 200 {'message': 'Status updated'}
order 91823 state after pickup: ['picked_up', 'unpaid', 'cash_on_delivery']
cancel by admin_for_deliveryman via admin.order.CancelParcel 302 http://127.0.0.1:8415/admin toastr: [('success', 'Parcel canceled successfully'), ('success', 'Text copied'), ('success', 'New message arrived'), ('success', 'Text copied to clipboard: ')]
cancel_by now: [['admin_for_deliveryman']] order_status: ['canceled', 'unpaid', 'cash_on_delivery']
post-cancel QA-DB DML: UPDATE parcel_cancellations SET return_date = NOW() - INTERVAL 1 DAY WHERE order_id=91823 (QA db only)
== BEFORE return (order 91823)
-- order
+-------+--------------+----------------+------------------+--------------+-----------------+---------+----------+
| id    | order_status | payment_status | payment_method   | order_amount | delivery_man_id | user_id | is_guest |
+-------+--------------+----------------+------------------+--------------+-----------------+---------+----------+
| 91823 | canceled     | unpaid         | cash_on_delivery |         5.00 |               2 |       6 |        0 |
+-------+--------------+----------------+------------------+--------------+-----------------+---------+----------+
-- parcel_cancellation
+----------+-----------------------+------------+---------------------------+---------------+----------------+---------------------+-------------+-------------------------------+---------+
| order_id | cancel_by             | return_fee | return_fee_payment_status | before_pickup | dm_penalty_fee | return_date         | is_refunded | is_delivery_charge_refundable | has_otp |
+----------+-----------------------+------------+---------------------------+---------------+----------------+---------------------+-------------+-------------------------------+---------+
|    91823 | admin_for_deliveryman |        2.5 | unpaid                    |             0 |            1.5 | 2026-10-10 01:21:32 |           0 |                             0 |       1 |
+----------+-----------------------+------------+---------------------------+---------------+----------------+---------------------+-------------+-------------------------------+---------+
-- order_transactions(order)
(no rows)
-- expenses(order)
(no rows)
-- order_payments(order)
(no rows)
-- parcel_return_fees(order)
(no rows)
-- parcel_penalty_fees(order)
(no rows)
-- global row counts
+--------------------+----------+----------------+----------------------+---------------------+--------------------+---------------------+
| order_transactions | expenses | order_payments | account_transactions | wallet_transactions | parcel_return_fees | parcel_penalty_fees |
+--------------------+----------+----------------+----------------------+---------------------+--------------------+---------------------+
|                 29 |       29 |              2 |                   28 |                   5 |                  5 |                   1 |
+--------------------+----------+----------------+----------------------+---------------------+--------------------+---------------------+
-- admin_wallet
+--------------------------+------------------+-----------------+-----------------+
| total_commission_earning | digital_received | manual_received | delivery_charge |
+--------------------------+------------------+-----------------+-----------------+
|                     9.85 |             0.00 |           20.00 |           0.000 |
+--------------------------+------------------+-----------------+-----------------+
-- dm_wallet(dm 2)
+-----------------+----------------+---------------+-----------------+------------------+
| delivery_man_id | collected_cash | total_earning | total_withdrawn | pending_withdraw |
+-----------------+----------------+---------------+-----------------+------------------+
|               2 |          14.00 |        292.50 |          150.00 |            30.00 |
+-----------------+----------------+---------------+-----------------+------------------+
-- user_wallet
+----+----------------+
| id | wallet_balance |
+----+----------------+
|  6 |        100.000 |
+----+----------------+
RETURN via courier route -> (200, {'message': 'Parcel returned successfully'}) X-Request-Id: 568bd141-5ba4-4bbc-8c09-4ca31381023e
== AFTER return (order 91823)
-- order
+-------+--------------+----------------+------------------+--------------+-----------------+---------+----------+
| id    | order_status | payment_status | payment_method   | order_amount | delivery_man_id | user_id | is_guest |
+-------+--------------+----------------+------------------+--------------+-----------------+---------+----------+
| 91823 | returned     | unpaid         | cash_on_delivery |         5.00 |               2 |       6 |        0 |
+-------+--------------+----------------+------------------+--------------+-----------------+---------+----------+
-- parcel_cancellation
+----------+-----------------------+------------+---------------------------+---------------+----------------+---------------------+-------------+-------------------------------+---------+
| order_id | cancel_by             | return_fee | return_fee_payment_status | before_pickup | dm_penalty_fee | return_date         | is_refunded | is_delivery_charge_refundable | has_otp |
+----------+-----------------------+------------+---------------------------+---------------+----------------+---------------------+-------------+-------------------------------+---------+
|    91823 | admin_for_deliveryman |        2.5 | paid                      |             0 |            1.5 | 2026-10-10 01:21:32 |           0 |                             0 |       1 |
+----------+-----------------------+------------+---------------------------+---------------+----------------+---------------------+-------------+-------------------------------+---------+
-- order_transactions(order)
(no rows)
-- expenses(order)
(no rows)
-- order_payments(order)
(no rows)
-- parcel_return_fees(order)
+----+----------+-----------------+---------+
| id | order_id | delivery_man_id | amount  |
+----+----------+-----------------+---------+
|  8 |    91823 |               2 | 2.50000 |
+----+----------+-----------------+---------+
-- parcel_penalty_fees(order)
+----+----------+-----------------+---------+
| id | order_id | delivery_man_id | amount  |
+----+----------+-----------------+---------+
|  2 |    91823 |               2 | 1.50000 |
+----+----------+-----------------+---------+
-- global row counts
+--------------------+----------+----------------+----------------------+---------------------+--------------------+---------------------+
| order_transactions | expenses | order_payments | account_transactions | wallet_transactions | parcel_return_fees | parcel_penalty_fees |
+--------------------+----------+----------------+----------------------+---------------------+--------------------+---------------------+
|                 29 |       29 |              2 |                   28 |                   5 |                  6 |                   2 |
+--------------------+----------+----------------+----------------------+---------------------+--------------------+---------------------+
-- admin_wallet
+--------------------------+------------------+-----------------+-----------------+
| total_commission_earning | digital_received | manual_received | delivery_charge |
+--------------------------+------------------+-----------------+-----------------+
|                     9.85 |             0.00 |           20.00 |           0.000 |
+--------------------------+------------------+-----------------+-----------------+
-- dm_wallet(dm 2)
+-----------------+----------------+---------------+-----------------+------------------+
| delivery_man_id | collected_cash | total_earning | total_withdrawn | pending_withdraw |
+-----------------+----------------+---------------+-----------------+------------------+
|               2 |          18.00 |        295.00 |          150.00 |            30.00 |
+-----------------+----------------+---------------+-----------------+------------------+
-- user_wallet
+----+----------------+
| id | wallet_balance |
+----+----------------+
|  6 |        100.000 |
+----+----------------+
CHANGED SECTIONS: ['order', 'parcel_cancellation', 'parcel_return_fees(order)', 'parcel_penalty_fees(order)', 'global row counts', 'dm_wallet(dm 2)']
LOG lines scoped to order 91823 / [FAIL] / [ERR] since scenario start:
   (none)
WARN '[WARN] parcel return settlement refused' count for order 91823: 0
WARN count expectation (0): MET
