#### scenario ac4-customercancel-SETTLED-COD-customer-route | payment_method cash_on_delivery | return route: customer | cancel_by: customer | build f58d5403a | db multi_food_db_qa4115
step place cash_on_delivery 200 {'message': 'Order placed successfully', 'order_id': 91834, 'total_ammount': 5, 'status': 'pending'} rid 569519f8-1d8e-47c3-ae1d-0cd535f65179
step dm accept 200 {'message': 'Order accepted successfully'}
step dm picked_up 200 {'message': 'Status updated'}
order 91834 state after pickup: ['picked_up', 'unpaid', 'cash_on_delivery']
cancel by customer (expect cancel_by=customer) 200 {'message': 'Parcel canceled successfully'}
cancel_by now: [['customer']] order_status: ['canceled', 'unpaid', 'cash_on_delivery']
== BEFORE return (order 91834)
-- order
+-------+--------------+----------------+------------------+--------------+-----------------+---------+----------+
| id    | order_status | payment_status | payment_method   | order_amount | delivery_man_id | user_id | is_guest |
+-------+--------------+----------------+------------------+--------------+-----------------+---------+----------+
| 91834 | canceled     | unpaid         | cash_on_delivery |         5.00 |               2 |       6 |        0 |
+-------+--------------+----------------+------------------+--------------+-----------------+---------+----------+
-- parcel_cancellation
+----------+-----------+------------+---------------------------+---------------+----------------+---------------------+-------------+-------------------------------+---------+
| order_id | cancel_by | return_fee | return_fee_payment_status | before_pickup | dm_penalty_fee | return_date         | is_refunded | is_delivery_charge_refundable | has_otp |
+----------+-----------+------------+---------------------------+---------------+----------------+---------------------+-------------+-------------------------------+---------+
|    91834 | customer  |        2.5 | unpaid                    |             0 |            1.5 | 2026-10-12 01:22:50 |           0 |                             0 |       1 |
+----------+-----------+------------+---------------------------+---------------+----------------+---------------------+-------------+-------------------------------+---------+
-- order_transactions(order)
(no rows)
-- expenses(order)
(no rows)
-- order_payments(order)
(no rows)
-- parcel_return_fees(order)
(no rows)
-- parcel_penalty_fees(order)
(no rows)
-- global row counts
+--------------------+----------+----------------+----------------------+---------------------+--------------------+---------------------+
| order_transactions | expenses | order_payments | account_transactions | wallet_transactions | parcel_return_fees | parcel_penalty_fees |
+--------------------+----------+----------------+----------------------+---------------------+--------------------+---------------------+
|                 29 |       29 |              2 |                   28 |                  19 |                 14 |                   4 |
+--------------------+----------+----------------+----------------------+---------------------+--------------------+---------------------+
-- admin_wallet
+--------------------------+------------------+-----------------+-----------------+
| total_commission_earning | digital_received | manual_received | delivery_charge |
+--------------------------+------------------+-----------------+-----------------+
|                     9.85 |           -40.00 |           20.00 |           0.000 |
+--------------------------+------------------+-----------------+-----------------+
-- dm_wallet(dm 2)
+-----------------+----------------+---------------+-----------------+------------------+
| delivery_man_id | collected_cash | total_earning | total_withdrawn | pending_withdraw |
+-----------------+----------------+---------------+-----------------+------------------+
|               2 |          41.00 |        315.00 |          150.00 |            30.00 |
+-----------------+----------------+---------------+-----------------+------------------+
-- user_wallet
+----+----------------+
| id | wallet_balance |
+----+----------------+
|  6 |        110.000 |
+----+----------------+
RETURN via customer route -> (200, {'message': 'Parcel returned successfully'}) X-Request-Id: 3a8aad8a-0560-424b-ae86-7f5c84a2ffb8
== AFTER return (order 91834)
-- order
+-------+--------------+----------------+------------------+--------------+-----------------+---------+----------+
| id    | order_status | payment_status | payment_method   | order_amount | delivery_man_id | user_id | is_guest |
+-------+--------------+----------------+------------------+--------------+-----------------+---------+----------+
| 91834 | returned     | paid           | cash_on_delivery |         5.00 |               2 |       6 |        0 |
+-------+--------------+----------------+------------------+--------------+-----------------+---------+----------+
-- parcel_cancellation
+----------+-----------+------------+---------------------------+---------------+----------------+---------------------+-------------+-------------------------------+---------+
| order_id | cancel_by | return_fee | return_fee_payment_status | before_pickup | dm_penalty_fee | return_date         | is_refunded | is_delivery_charge_refundable | has_otp |
+----------+-----------+------------+---------------------------+---------------+----------------+---------------------+-------------+-------------------------------+---------+
|    91834 | customer  |        2.5 | paid                      |             0 |            1.5 | 2026-10-12 01:22:50 |           0 |                             0 |       1 |
+----------+-----------+------------+---------------------------+---------------+----------------+---------------------+-------------+-------------------------------+---------+
-- order_transactions(order)
+----+----------+-------------+--------------+------------------+-----------------+-----------------+--------+
| id | order_id | received_by | order_amount | admin_commission | delivery_charge | delivery_man_id | status |
+----+----------+-------------+--------------+------------------+-----------------+-----------------+--------+
| 50 |    91834 | deliveryman |         5.00 |             5.00 |            5.00 |               2 | NULL   |
+----+----------+-------------+--------------+------------------+-----------------+-----------------+--------+
-- expenses(order)
(no rows)
-- order_payments(order)
(no rows)
-- parcel_return_fees(order)
+----+----------+-----------------+---------+
| id | order_id | delivery_man_id | amount  |
+----+----------+-----------------+---------+
| 17 |    91834 |               2 | 2.50000 |
+----+----------+-----------------+---------+
-- parcel_penalty_fees(order)
(no rows)
-- global row counts
+--------------------+----------+----------------+----------------------+---------------------+--------------------+---------------------+
| order_transactions | expenses | order_payments | account_transactions | wallet_transactions | parcel_return_fees | parcel_penalty_fees |
+--------------------+----------+----------------+----------------------+---------------------+--------------------+---------------------+
|                 30 |       29 |              2 |                   29 |                  19 |                 15 |                   4 |
+--------------------+----------+----------------+----------------------+---------------------+--------------------+---------------------+
-- admin_wallet
+--------------------------+------------------+-----------------+-----------------+
| total_commission_earning | digital_received | manual_received | delivery_charge |
+--------------------------+------------------+-----------------+-----------------+
|                    14.85 |           -40.00 |           20.00 |           0.000 |
+--------------------------+------------------+-----------------+-----------------+
-- dm_wallet(dm 2)
+-----------------+----------------+---------------+-----------------+------------------+
| delivery_man_id | collected_cash | total_earning | total_withdrawn | pending_withdraw |
+-----------------+----------------+---------------+-----------------+------------------+
|               2 |          48.50 |        317.50 |          150.00 |            30.00 |
+-----------------+----------------+---------------+-----------------+------------------+
-- user_wallet
+----+----------------+
| id | wallet_balance |
+----+----------------+
|  6 |        110.000 |
+----+----------------+
CHANGED SECTIONS: ['order', 'parcel_cancellation', 'order_transactions(order)', 'parcel_return_fees(order)', 'global row counts', 'admin_wallet', 'dm_wallet(dm 2)']
LOG lines scoped to order 91834 / [FAIL] / [ERR] since scenario start:
   (none)
WARN '[WARN] parcel return settlement refused' count for order 91834: 0
WARN count expectation (0): MET
