1 package is discontinued.
182 packages have newer versions incompatible with dependency constraints.
Try `flutter pub outdated` for more information.
Launching lib/main.dart on sdk gphone16k arm64 in debug mode...
Running Gradle task 'assembleDebug'...                             13.6s
✓ Built build/app/outputs/flutter-apk/app-debug.apk
Installing build/app/outputs/flutter-apk/app-debug.apk...          375ms
D/FlutterJNI(15215): Beginning load of flutter...
D/FlutterJNI(15215): flutter (null) was loaded normally!
I/flutter (15215): [IMPORTANT:flutter/shell/platform/android/android_context_gl_impeller.cc(104)] Using the Impeller rendering backend (OpenGLES).
D/FlutterGeolocator(15215): Attaching Geolocator to activity
D/FlutterRenderer(15215): Width is zero. 0,0
D/FlutterGeolocator(15215): Creating service.
D/FlutterGeolocator(15215): Binding to location service.
D/FlutterLocationService(15215): Creating service.
D/FlutterLocationService(15215): Binding to location service.
D/FlutterRenderer(15215): Width is zero. 0,0
D/FlutterJNI(15215): Sending viewport metrics to the engine.
Syncing files to device sdk gphone16k arm64...                  
D/FlutterGeolocator(15215): Geolocator foreground service connected
D/FlutterGeolocator(15215): Initializing Geolocator services
D/FlutterGeolocator(15215): Flutter engine connected. Connected engine count 1
D/LocationPlugin(15215): Service connected: ComponentInfo{com.izzes.nears.nears_nears_3544_firebase_splash_hang/com.lyokone.location.FlutterLocationService}
D/FA      (15215): Connected to remote service
V/FA      (15215): Processing queued up service tasks: 1
D/WindowLayoutComponentImpl(15215): Register WindowLayoutInfoListener on Context=com.izzes.nears.MainActivity@c24f28a, of which baseContext=android.app.ContextImpl@543ce74
D/FlutterJNI(15215): Sending viewport metrics to the engine.
I/HWUI    (15215): Using FreeType backend (prop=Auto)
E/com.facebook.GraphResponse(15215): {HttpStatus: 400, errorCode: 190, subErrorCode: -1, errorType: OAuthException, errorMessage: Error validating application. Application has been deleted.}
I/flutter (15215): 📊 analytics: app_open {}
I/flutter (15215): AnalyticsService: FirebaseAnalytics.instance unresolvable: [core/no-app] No Firebase App '[DEFAULT]' has been created - call Firebase.initializeApp()
I/flutter (15215): [FAIL] endpoint=null http_status=null type=KilledLaunchNotificationFailure msg="killed-launch getInitialMessage failed (FirebaseException)"
I/flutter (15215): [INFO] msg="route: building splash route, hasData=false"
Syncing files to device sdk gphone16k arm64...                     147ms

Flutter run key commands.
