NEARS-686 AC1 — no-cache (fresh install) guest boot, device emulator-5558, build feat/NEARS-686-hygiene-batch @8ec2a845
Method: adb shell pm clear com.izzes.nears  (userAddress = NULL)  -> onboarding (Choose Language) -> guest home.
getAddressFormSharedPref() runs at init; featuredHeader() runs during home load (banners?featured=1 / stores?featured=1).

--- salient boot lines (Dart daemon capture, our app pid 8216; PII/tokens scrubbed) ---
I/flutter: 📊 analytics: app_open {}
I/flutter: [INFO] msg="route: building splash route, hasData=false"
I/flutter: [INFO] msg="route: navigating to splash screen"
I/flutter: ====> API Response: [200] /api/v1/config
I/flutter: ====> API Response: [200] /api/v1/auth/guest/request
I/flutter: ====> API Response: [200] /api/v1/config/get-zone-id?lat=<x>&lng=<x>
I/flutter: [INFO] msg="location: inZone=true"
I/flutter: [INFO] msg="home load started"
I/flutter: 📊 analytics: sectors_shown {sectors_count: 3, zone_id: 400}
I/flutter: ====> API Response: [200] /api/v1/banners?featured=1            <-- featuredHeader() executed (banner_repository)
I/flutter: ====> API Response: [200] /api/v1/stores/get-stores/all?featured=1&offset=1&limit=50   <-- featuredHeader() executed (store_repository)
I/flutter: ====> API Response: [200] /api/v1/module

RESULT: grep "cached location parse failed"  ->  0 matches.
        Zero [WARN] of any kind emitted by the app during the whole fresh boot.
        => NEITHER "language repo cached location parse failed" NOR "featured-header cached location parse failed" fired.
        featuredHeader() provably ran (both featured requests 200) yet produced no warn.
Repeated across 4 independent fresh (pm clear) boots — same result every time.
