--------- beginning of main
09-01 23:25:04.200 I/flutter ( 8942): [NET] POST endpoint=/api/v1/auth/delivery-man/login
09-01 23:25:05.007 I/flutter ( 8942): [NET] endpoint=/api/v1/auth/delivery-man/login http_status=200
09-01 23:25:05.010 I/flutter ( 8942): ----Device Token----- eiyEnuvsT5qYV6NRKpT_M5:APA91bERrV0UeRfu9fk1Kgoz7h_9PVM7ROoHHdSznwdYjyycJxbc--bMkeZ6aXCqDW1EdrAOfOQ8XFTYBhwBgCjSGxyyc4PqW7EdAwapDFZMVtieSwGE6G4
09-01 23:25:05.010 I/flutter ( 8942): [NET] POST endpoint=/api/v1/delivery-man/update-fcm-token
09-01 23:25:06.010 I/flutter ( 8942): [NET] endpoint=/api/v1/delivery-man/update-fcm-token http_status=200
09-01 23:25:06.012 I/flutter ( 8942): [NET] GET endpoint=/api/v1/delivery-man/profile
09-01 23:25:06.675 I/flutter ( 8942): [NET] endpoint=/api/v1/delivery-man/profile http_status=200
09-01 23:25:06.712 I/flutter ( 8942): [NET] GET endpoint=/api/v1/delivery-man/latest-orders
09-01 23:25:06.755 I/flutter ( 8942): [NET] GET endpoint=/api/v1/delivery-man/profile
09-01 23:25:07.228 I/flutter ( 8942): [NET] endpoint=/api/v1/delivery-man/profile http_status=200
09-01 23:25:07.230 I/flutter ( 8942): [NET] GET endpoint=/api/v1/delivery-man/current-orders
09-01 23:25:07.337 I/flutter ( 8942): [NET] endpoint=/api/v1/delivery-man/latest-orders http_status=200
09-01 23:25:07.443 I/flutter ( 8942): [NET] endpoint=/api/v1/delivery-man/current-orders http_status=200
09-01 23:25:07.446 I/flutter ( 8942): [NET] GET endpoint=/api/v1/delivery-man/notifications
09-01 23:25:08.128 I/flutter ( 8942): [NET] endpoint=/api/v1/delivery-man/notifications http_status=200
09-01 23:25:12.666 I/flutter ( 8942): [NET] POST endpoint=/api/v1/delivery-man/record-location-data
09-01 23:25:13.287 I/flutter ( 8942): [NET] endpoint=/api/v1/delivery-man/record-location-data http_status=200
09-01 23:26:02.021 I/flutter ( 8942): [NET] GET endpoint=/api/v1/delivery-man/profile
09-01 23:26:02.369 I/flutter ( 8942): [NET] endpoint=/api/v1/delivery-man/profile http_status=200
09-01 23:26:39.302 I/flutter ( 8942): [NET] POST endpoint=/api/v1/auth/delivery-man/login
09-01 23:26:39.920 I/flutter ( 8942): [NET] endpoint=/api/v1/auth/delivery-man/login http_status=200
09-01 23:26:39.922 I/flutter ( 8942): ----Device Token----- eiyEnuvsT5qYV6NRKpT_M5:APA91bERrV0UeRfu9fk1Kgoz7h_9PVM7ROoHHdSznwdYjyycJxbc--bMkeZ6aXCqDW1EdrAOfOQ8XFTYBhwBgCjSGxyyc4PqW7EdAwapDFZMVtieSwGE6G4
09-01 23:26:39.923 I/flutter ( 8942): [NET] POST endpoint=/api/v1/delivery-man/update-fcm-token
09-01 23:26:40.920 I/flutter ( 8942): [NET] endpoint=/api/v1/delivery-man/update-fcm-token http_status=200
09-01 23:26:40.921 I/flutter ( 8942): [NET] GET endpoint=/api/v1/delivery-man/profile
09-01 23:26:41.778 I/flutter ( 8942): [NET] endpoint=/api/v1/delivery-man/profile http_status=200
09-01 23:26:41.798 I/flutter ( 8942): [NET] GET endpoint=/api/v1/delivery-man/latest-orders
09-01 23:26:41.806 I/flutter ( 8942): [NET] GET endpoint=/api/v1/delivery-man/profile
09-01 23:26:42.782 I/flutter ( 8942): [NET] endpoint=/api/v1/delivery-man/latest-orders http_status=200
09-01 23:26:42.783 I/flutter ( 8942): [NET] endpoint=/api/v1/delivery-man/profile http_status=200
09-01 23:26:42.784 I/flutter ( 8942): [NET] GET endpoint=/api/v1/delivery-man/current-orders
09-01 23:26:43.584 I/flutter ( 8942): [NET] endpoint=/api/v1/delivery-man/current-orders http_status=200
09-01 23:26:43.585 I/flutter ( 8942): [NET] GET endpoint=/api/v1/delivery-man/notifications
09-01 23:26:44.192 I/flutter ( 8942): [NET] endpoint=/api/v1/delivery-man/notifications http_status=200
09-01 23:26:45.523 I/flutter ( 8942): [NET] POST endpoint=/api/v1/delivery-man/record-location-data
09-01 23:26:45.790 I/flutter ( 8942): [NET] endpoint=/api/v1/delivery-man/record-location-data http_status=200
