[2026-09-07 18:04:54] testing.ERROR: FCM API Error {"status":404,"reason":"Not Found","order_id":"92054"} 
[2026-09-07 18:04:54] testing.ERROR: FCM API Error {"status":400,"reason":"Bad Request","order_id":"92054"} 
[2026-09-07 18:04:58] testing.ERROR: FCM API Error {"status":404,"reason":"Not Found","order_id":"92055"} 
[2026-09-07 18:04:59] testing.ERROR: FCM API Error {"status":400,"reason":"Bad Request","order_id":"92055"} 
[2026-09-07 18:05:03] testing.ERROR: FCM API Error {"status":404,"reason":"Not Found","order_id":"92056"} 
[2026-09-07 18:05:04] testing.ERROR: FCM API Error {"status":400,"reason":"Bad Request","order_id":"92056"} 
[2026-09-07 18:05:07] testing.ERROR: FCM API Error {"status":404,"reason":"Not Found","order_id":"92057"} 
[2026-09-07 18:05:08] testing.ERROR: FCM API Error {"status":400,"reason":"Bad Request","order_id":"92057"} 
[2026-09-07 18:05:13] testing.ERROR: FCM API Error {"status":404,"reason":"Not Found","order_id":"92060"} 
[2026-09-07 18:05:14] testing.ERROR: FCM API Error {"status":400,"reason":"Bad Request","order_id":"92060"} 
[2026-09-07 18:05:18] testing.ERROR: FCM API Error {"status":404,"reason":"Not Found","order_id":"92061"} 
[2026-09-07 18:05:19] testing.ERROR: FCM API Error {"status":400,"reason":"Bad Request","order_id":"92061"} 
[2026-09-07 18:05:22] testing.ERROR: FCM API Error {"status":404,"reason":"Not Found","order_id":"92062"} 
[2026-09-07 18:05:23] testing.ERROR: FCM API Error {"status":400,"reason":"Bad Request","order_id":"92062"} 
[2026-09-07 18:05:27] testing.ERROR: FCM API Error {"correlation_id":"d08f735c-ff06-4d32-8e63-1ae21cfb2660","status":404,"reason":"Not Found","order_id":"92063"} 
[2026-09-07 18:05:28] testing.ERROR: FCM API Error {"correlation_id":"d08f735c-ff06-4d32-8e63-1ae21cfb2660","status":400,"reason":"Bad Request","order_id":"92063"} 
[2026-09-07 18:05:31] testing.ERROR: FCM API Error {"correlation_id":"d08f735c-ff06-4d32-8e63-1ae21cfb2660","status":404,"reason":"Not Found","order_id":"92064"} 
[2026-09-07 18:05:32] testing.ERROR: FCM API Error {"correlation_id":"d08f735c-ff06-4d32-8e63-1ae21cfb2660","status":400,"reason":"Bad Request","order_id":"92064"} 
[2026-09-07 18:05:35] testing.ERROR: FCM API Error {"correlation_id":"db4f3d1c-b388-49da-9b8f-d6db2262a9a4","status":404,"reason":"Not Found","order_id":"92065"} 
[2026-09-07 18:05:36] testing.ERROR: FCM API Error {"correlation_id":"db4f3d1c-b388-49da-9b8f-d6db2262a9a4","status":400,"reason":"Bad Request","order_id":"92065"} 
[2026-09-07 18:05:39] testing.ERROR: FCM API Error {"correlation_id":"db4f3d1c-b388-49da-9b8f-d6db2262a9a4","status":404,"reason":"Not Found","order_id":"92066"} 
[2026-09-07 18:05:40] testing.ERROR: FCM API Error {"correlation_id":"db4f3d1c-b388-49da-9b8f-d6db2262a9a4","status":400,"reason":"Bad Request","order_id":"92066"} 
[2026-09-07 18:21:46] production.ERROR: FCM API Error {"trace_id":"87138f044636e6e65fbde8f62411b9df","correlation_id":"8a308ac6-9eca-4f74-8015-e3c72adb847b","status":400,"reason":"Bad Request","order_id":"91188"} 
[2026-09-07 18:21:47] production.ERROR: FCM API Error {"trace_id":"87138f044636e6e65fbde8f62411b9df","correlation_id":"8a308ac6-9eca-4f74-8015-e3c72adb847b","status":400,"reason":"Bad Request","order_id":"91188"} 
[2026-09-07 18:22:55] production.ERROR: FCM API Error {"trace_id":"098c6104599696452a3cf174b13a0854","correlation_id":"7931b3bb-1920-4283-be9b-b27c343171b8","status":400,"reason":"Bad Request","order_id":"91189"} 
[2026-09-07 18:22:56] production.ERROR: FCM API Error {"trace_id":"098c6104599696452a3cf174b13a0854","correlation_id":"7931b3bb-1920-4283-be9b-b27c343171b8","status":400,"reason":"Bad Request","order_id":"91189"} 
[2026-09-07 18:23:09] production.ERROR: FCM API Error {"trace_id":"d0640740dc9e1019a0c132326336cd18","correlation_id":"c5367c11-84f1-4bb3-8a6e-98777a452368","status":400,"reason":"Bad Request","order_id":"91190"} 
[2026-09-07 18:23:11] production.ERROR: FCM API Error {"trace_id":"d0640740dc9e1019a0c132326336cd18","correlation_id":"c5367c11-84f1-4bb3-8a6e-98777a452368","status":400,"reason":"Bad Request","order_id":"91190"} 
[2026-09-07 18:24:59] production.ERROR: FCM API Error {"trace_id":"7a179274210352bc41f92697acb67429","correlation_id":"1804cbad-c1cf-475f-bdc7-02a0274dfcbf","status":400,"reason":"Bad Request","order_id":"91191"} 
[2026-09-07 18:46:59] production.ERROR: FCM API Error {"trace_id":"bf403b9fcaae7a835a33a939e97744fe","correlation_id":"727c009f-bf46-4073-9504-1ac4541d8475","status":400,"reason":"Bad Request","order_id":"91192"} 
[2026-09-07 18:47:53] production.ERROR: FCM API Error {"trace_id":"129e6e8db9d56ce90c3c623e3a5bc2fd","correlation_id":"d45bf664-8a99-44e0-b617-26abfee923e6","status":404,"reason":"Not Found","order_id":"91193"} 
[2026-09-07 18:47:54] production.ERROR: FCM API Error {"trace_id":"129e6e8db9d56ce90c3c623e3a5bc2fd","correlation_id":"d45bf664-8a99-44e0-b617-26abfee923e6","status":400,"reason":"Bad Request","order_id":"91193"} 
[2026-09-07 18:47:57] production.ERROR: FCM API Error {"trace_id":"129e6e8db9d56ce90c3c623e3a5bc2fd","correlation_id":"d45bf664-8a99-44e0-b617-26abfee923e6","status":404,"reason":"Not Found","order_id":"91194"} 
[2026-09-07 18:47:58] production.ERROR: FCM API Error {"trace_id":"129e6e8db9d56ce90c3c623e3a5bc2fd","correlation_id":"d45bf664-8a99-44e0-b617-26abfee923e6","status":400,"reason":"Bad Request","order_id":"91194"} 
[2026-09-07 18:48:20] production.ERROR: FCM API Error {"trace_id":"aed41868b89aa20b698b87cdcf8abc95","correlation_id":"46a576b4-3fef-4999-ac7e-c01dc9d681a1","status":404,"reason":"Not Found","order_id":"91195"} 
[2026-09-07 18:48:21] production.ERROR: FCM API Error {"trace_id":"aed41868b89aa20b698b87cdcf8abc95","correlation_id":"46a576b4-3fef-4999-ac7e-c01dc9d681a1","status":400,"reason":"Bad Request","order_id":"91195"} 
[2026-09-07 18:48:24] production.ERROR: FCM API Error {"trace_id":"aed41868b89aa20b698b87cdcf8abc95","correlation_id":"46a576b4-3fef-4999-ac7e-c01dc9d681a1","status":404,"reason":"Not Found","order_id":"91196"} 
[2026-09-07 18:48:25] production.ERROR: FCM API Error {"trace_id":"aed41868b89aa20b698b87cdcf8abc95","correlation_id":"46a576b4-3fef-4999-ac7e-c01dc9d681a1","status":400,"reason":"Bad Request","order_id":"91196"} 
[2026-09-07 18:51:09] production.ERROR: FCM API Error {"trace_id":"3230e11393b3f0a0308ea8a9fe2b73b1","correlation_id":"3f326e52-a437-4864-92fe-abc5034e8f79","status":400,"reason":"Bad Request","order_id":"91197"} 
[2026-09-07 18:56:11] production.ERROR: FCM API Error {"trace_id":"e023dafe777477237a9c8c81857102ca","correlation_id":"5852ce27-bf64-451a-95e4-148a7e930aeb","status":400,"reason":"Bad Request","order_id":"91198"} 
[2026-09-07 18:56:35] production.ERROR: FCM API Error {"trace_id":"b1cc95fef3470ff20024090c0b568eab","correlation_id":"45e9a9ec-a08c-4d54-a038-1339e37ac7e7","status":400,"reason":"Bad Request","order_id":"91199"} 
[2026-09-07 18:56:50] production.ERROR: FCM API Error {"trace_id":"241f303f5a9fc34509fb8f905e535fcb","correlation_id":"554610a0-aea6-4739-a890-6b86acdaa692","status":400,"reason":"Bad Request","order_id":"91200"} 
