# NEARS-3740 AC1/AC2 live log excerpt (emulator-5560, UserApp @07d4f8e77, backend :8047 fault-proxy -> :8048)
09-24 12:18:58.135 I/QA3740  (30585): MARK sheet1-update-en-to-ar
09-24 12:20:26.884 I/QA3740  (31180): MARK run2 grid EN-AR update
09-24 12:21:25.709 I/QA3740  (31546): MARK run3 grid AR-EN update
09-24 12:22:38.348 I/QA3740  (31972): MARK run4 food EN-AR
09-24 12:23:28.846 I/QA3740  (32304): MARK run5 food AR-EN
09-24 12:25:27.258 I/QA3740  (32745): MARK run6 grocery EN-AR
09-24 12:26:15.917 I/QA3740  ( 1144): MARK run7 grocery pull-refresh control
09-24 12:28:05.850 I/QA3740  ( 1771): MARK ac1 coldstart
09-24 12:29:14.429 I/QA3740  ( 2140): MARK grid pull-refresh while failing
09-24 12:29:57.490 I/QA3740  ( 2190): MARK fault off, pull refresh grid
09-24 12:31:25.199 I/QA3740  ( 2595): MARK ac1 zone change with fault ON
09-24 12:31:50.854 I/QA3740  ( 2668): MARK ac1 rebuilds start
09-24 12:32:04.124 I/QA3740  ( 2778): MARK ac1 rebuilds end
09-24 12:32:33.485 I/QA3740  ( 2815): MARK ac2 retry1 fault ON
09-24 12:32:52.218 I/QA3740  ( 2884): MARK ac2 retry2 fault OFF delay6
09-24 12:31:28.114 I/flutter ( 1823): 📊 analytics: location_confirmed {zone_id: 1, source: gps, screen: pick_map, section: confirm_cta, in_zone: 1}
09-24 12:31:28.119 I/flutter ( 1823): [NET] GET endpoint=/api/v1/module
09-24 12:31:29.114 I/flutter ( 1823): [NET] endpoint=/api/v1/module http_status=503
09-24 12:31:29.114 I/flutter ( 1823): [FAIL] endpoint=/api/v1/module http_status=503 type=ApiFailure msg="api request failed"
09-24 12:31:30.164 I/flutter ( 1823): [NET] GET endpoint=/api/v1/module
09-24 12:31:31.130 I/flutter ( 1823): [NET] endpoint=/api/v1/module http_status=503
09-24 12:31:31.130 I/flutter ( 1823): [FAIL] endpoint=/api/v1/module http_status=503 type=ApiFailure msg="api request failed"
09-24 12:31:31.131 I/flutter ( 1823): [FAIL] endpoint=/api/v1/module http_status=null type=ModuleFetchFailure msg="zone module list fetch failed"
09-24 12:31:31.145 I/flutter ( 1823): [ERR] msg="home app bar: module switch row rendering error state (no cache)"
09-24 12:32:00.089 I/flutter ( 1823): [ERR] msg="category app bar: module switch row rendering error state (no cache)"
09-24 12:32:02.136 I/flutter ( 1823): [ERR] msg="home app bar: module switch row rendering error state (no cache)"
09-24 12:32:03.920 I/flutter ( 1823): [NET] GET endpoint=/api/v1/module
09-24 12:32:04.907 I/flutter ( 1823): [NET] endpoint=/api/v1/module http_status=503
09-24 12:32:04.908 I/flutter ( 1823): [FAIL] endpoint=/api/v1/module http_status=503 type=ApiFailure msg="api request failed"
09-24 12:32:04.908 I/flutter ( 1823): [FAIL] endpoint=/api/v1/module http_status=null type=ModuleFetchFailure msg="zone module list fetch failed"
09-24 12:32:04.923 I/flutter ( 1823): [ERR] msg="home app bar: module switch row rendering error state (no cache)"
09-24 12:32:36.020 I/flutter ( 1823): [NET] GET endpoint=/api/v1/module
09-24 12:32:36.909 I/flutter ( 1823): [NET] endpoint=/api/v1/module http_status=503
09-24 12:32:36.910 I/flutter ( 1823): [FAIL] endpoint=/api/v1/module http_status=503 type=ApiFailure msg="api request failed"
09-24 12:32:36.910 I/flutter ( 1823): [FAIL] endpoint=/api/v1/module http_status=null type=ModuleFetchFailure msg="zone module list fetch failed"
09-24 12:32:36.920 I/flutter ( 1823): [ERR] msg="home app bar: module switch row rendering error state (no cache)"
09-24 12:32:54.285 I/flutter ( 1823): [NET] GET endpoint=/api/v1/module
09-24 12:33:00.517 I/flutter ( 1823): [NET] endpoint=/api/v1/module http_status=200
