# AC3 watcher logs (flags: ZERO_PILL/ZERO_PILL_AR/COULDNT_LOAD/ZERO_TOTAL/RETRY — regexes positive-controlled on synthetic bad strings first)
## run2
12:20:29 n=14 flags=[] :: رجوع|حساب تعريفي|مستخدم ضيف|لتجربة أكثر تخصيصًا وسلاسة.|تسجيل الدخول/إنشاء حساب|إعدادات الحساب|إعدادات|الوضع المظلم|الأرباح|انضم كمندوب توصيل|فتح المورد|الدعم|رسائل|سياسة استرداد الأموال|
12:20:32 n=14 flags=[] :: رجوع|حساب تعريفي|مستخدم ضيف|لتجربة أكثر تخصيصًا وسلاسة.|تسجيل الدخول/إنشاء حساب|إعدادات الحساب|إعدادات|الوضع المظلم|الأرباح|انضم كمندوب توصيل|فتح المورد|الدعم|رسائل|سياسة استرداد الأموال|
12:20:34 n=14 flags=[] :: رجوع|حساب تعريفي|مستخدم ضيف|لتجربة أكثر تخصيصًا وسلاسة.|تسجيل الدخول/إنشاء حساب|إعدادات الحساب|إعدادات|الوضع المظلم|الأرباح|انضم كمندوب توصيل|فتح المورد|الدعم|رسائل|سياسة استرداد الأموال|
12:20:36 n=14 flags=[] :: رجوع|حساب تعريفي|مستخدم ضيف|لتجربة أكثر تخصيصًا وسلاسة.|تسجيل الدخول/إنشاء حساب|إعدادات الحساب|إعدادات|الوضع المظلم|الأرباح|انضم كمندوب توصيل|فتح المورد|الدعم|رسائل|سياسة استرداد الأموال|
12:20:38 n=14 flags=[] :: رجوع|حساب تعريفي|مستخدم ضيف|لتجربة أكثر تخصيصًا وسلاسة.|تسجيل الدخول/إنشاء حساب|إعدادات الحساب|إعدادات|الوضع المظلم|الأرباح|انضم كمندوب توصيل|فتح المورد|الدعم|رسائل|سياسة استرداد الأموال|
12:20:40 n=14 flags=[] :: رجوع|حساب تعريفي|مستخدم ضيف|لتجربة أكثر تخصيصًا وسلاسة.|تسجيل الدخول/إنشاء حساب|إعدادات الحساب|إعدادات|الوضع المظلم|الأرباح|انضم كمندوب توصيل|فتح المورد|الدعم|رسائل|سياسة استرداد الأموال|
12:20:42 n=14 flags=[] :: رجوع|حساب تعريفي|مستخدم ضيف|لتجربة أكثر تخصيصًا وسلاسة.|تسجيل الدخول/إنشاء حساب|إعدادات الحساب|إعدادات|الوضع المظلم|الأرباح|انضم كمندوب توصيل|فتح المورد|الدعم|رسائل|سياسة استرداد الأموال|
12:20:44 n=14 flags=[] :: رجوع|حساب تعريفي|مستخدم ضيف|لتجربة أكثر تخصيصًا وسلاسة.|تسجيل الدخول/إنشاء حساب|إعدادات الحساب|إعدادات|الوضع المظلم|الأرباح|انضم كمندوب توصيل|فتح المورد|الدعم|رسائل|سياسة استرداد الأموال|
12:20:46 n=14 flags=[] :: رجوع|حساب تعريفي|مستخدم ضيف|لتجربة أكثر تخصيصًا وسلاسة.|تسجيل الدخول/إنشاء حساب|إعدادات الحساب|إعدادات|الوضع المظلم|الأرباح|انضم كمندوب توصيل|فتح المورد|الدعم|رسائل|سياسة استرداد الأموال|
12:20:48 n=14 flags=[] :: رجوع|حساب تعريفي|مستخدم ضيف|لتجربة أكثر تخصيصًا وسلاسة.|تسجيل الدخول/إنشاء حساب|إعدادات الحساب|إعدادات|الوضع المظلم|الأرباح|انضم كمندوب توصيل|فتح المورد|الدعم|رسائل|سياسة استرداد الأموال|
12:20:49 n=14 flags=[] :: رجوع|حساب تعريفي|مستخدم ضيف|لتجربة أكثر تخصيصًا وسلاسة.|تسجيل الدخول/إنشاء حساب|إعدادات الحساب|إعدادات|الوضع المظلم|الأرباح|انضم كمندوب توصيل|فتح المورد|الدعم|رسائل|سياسة استرداد الأموال|
12:20:51 n=14 flags=[] :: رجوع|حساب تعريفي|مستخدم ضيف|لتجربة أكثر تخصيصًا وسلاسة.|تسجيل الدخول/إنشاء حساب|إعدادات الحساب|إعدادات|الوضع المظلم|الأرباح|انضم كمندوب توصيل|فتح المورد|الدعم|رسائل|سياسة استرداد الأموال|
## run3
12:21:29 n=9 flags=[] :: 10 Mahdar Al Meel St - Al Manhal - W15 02 - Abu Dhabi - United Arab Emirates|Notification|Search all categories|Profile|What are you shopping for?|بقالة, 22 stores near you|مطعم, 15 restaurants n
12:21:31 n=9 flags=[] :: 10 Mahdar Al Meel St - Al Manhal - W15 02 - Abu Dhabi - United Arab Emirates|Notification|Search all categories|Profile|What are you shopping for?|بقالة, 22 stores near you|مطعم, 15 restaurants n
12:21:33 n=9 flags=[] :: 10 Mahdar Al Meel St - Al Manhal - W15 02 - Abu Dhabi - United Arab Emirates|Notification|Search all categories|Profile|What are you shopping for?|بقالة, 22 stores near you|مطعم, 15 restaurants n
12:21:35 n=9 flags=[] :: 10 Mahdar Al Meel St - Al Manhal - W15 02 - Abu Dhabi - United Arab Emirates|Notification|Search all categories|Profile|What are you shopping for?|بقالة, 22 stores near you|مطعم, 15 restaurants n
12:21:37 n=9 flags=[] :: 10 Mahdar Al Meel St - Al Manhal - W15 02 - Abu Dhabi - United Arab Emirates|Notification|Search all categories|Profile|What are you shopping for?|بقالة, 22 stores near you|مطعم, 15 restaurants n
12:21:39 n=9 flags=[] :: 10 Mahdar Al Meel St - Al Manhal - W15 02 - Abu Dhabi - United Arab Emirates|Notification|Search all categories|Profile|What are you shopping for?|بقالة, 22 stores near you|مطعم, 15 restaurants n
12:21:41 n=9 flags=[] :: 10 Mahdar Al Meel St - Al Manhal - W15 02 - Abu Dhabi - United Arab Emirates|Notification|Search all categories|Profile|What are you shopping for?|Grocery, 22 stores near you|Restaurant, 15 resta
12:21:43 n=9 flags=[] :: 10 Mahdar Al Meel St - Al Manhal - W15 02 - Abu Dhabi - United Arab Emirates|Notification|Search all categories|Profile|What are you shopping for?|Grocery, 22 stores near you|Restaurant, 15 resta
12:21:45 n=9 flags=[] :: 10 Mahdar Al Meel St - Al Manhal - W15 02 - Abu Dhabi - United Arab Emirates|Notification|Search all categories|Profile|What are you shopping for?|Grocery, 22 stores near you|Restaurant, 15 resta
12:21:47 n=9 flags=[] :: 10 Mahdar Al Meel St - Al Manhal - W15 02 - Abu Dhabi - United Arab Emirates|Notification|Search all categories|Profile|What are you shopping for?|Grocery, 22 stores near you|Restaurant, 15 resta
12:21:49 n=9 flags=[] :: 10 Mahdar Al Meel St - Al Manhal - W15 02 - Abu Dhabi - United Arab Emirates|Notification|Search all categories|Profile|What are you shopping for?|Grocery, 22 stores near you|Restaurant, 15 resta
12:21:51 n=9 flags=[] :: 10 Mahdar Al Meel St - Al Manhal - W15 02 - Abu Dhabi - United Arab Emirates|Notification|Search all categories|Profile|What are you shopping for?|Grocery, 22 stores near you|Restaurant, 15 resta
## run4
12:22:41 n=21 flags=[] :: البحث في كل الفئات|مطاعم الغداء بالقرب منك|بيع فلاش&#10;عرض لفترة محدودة&#10;رؤية الكل|ينتهي في ‪11 يناير, 2027‬|-22%&#10;Smash Burger&#10;‪⁦د.إ.‏ 17.21⁩‬&#10;‪⁦د.إ.‏ 22.07⁩‬|أضف إلى السلة|أفضل 
12:22:43 n=21 flags=[] :: البحث في كل الفئات|مطاعم الغداء بالقرب منك|بيع فلاش&#10;عرض لفترة محدودة&#10;رؤية الكل|ينتهي في ‪11 يناير, 2027‬|-22%&#10;Smash Burger&#10;‪⁦د.إ.‏ 17.21⁩‬&#10;‪⁦د.إ.‏ 22.07⁩‬|أضف إلى السلة|أفضل 
12:22:45 n=21 flags=[] :: البحث في كل الفئات|مطاعم الغداء بالقرب منك|بيع فلاش&#10;عرض لفترة محدودة&#10;رؤية الكل|ينتهي في ‪11 يناير, 2027‬|-22%&#10;Smash Burger&#10;‪⁦د.إ.‏ 17.21⁩‬&#10;‪⁦د.إ.‏ 22.07⁩‬|أضف إلى السلة|أفضل 
12:22:47 n=21 flags=[] :: البحث في كل الفئات|مطاعم الغداء بالقرب منك|بيع فلاش&#10;عرض لفترة محدودة&#10;رؤية الكل|ينتهي في ‪11 يناير, 2027‬|-22%&#10;Smash Burger&#10;‪⁦د.إ.‏ 17.21⁩‬&#10;‪⁦د.إ.‏ 22.07⁩‬|أضف إلى السلة|أفضل 
12:22:49 n=21 flags=[] :: البحث في كل الفئات|مطاعم الغداء بالقرب منك|بيع فلاش&#10;عرض لفترة محدودة&#10;رؤية الكل|ينتهي في ‪11 يناير, 2027‬|-22%&#10;Smash Burger&#10;‪⁦د.إ.‏ 17.21⁩‬&#10;‪⁦د.إ.‏ 22.07⁩‬|أضف إلى السلة|أفضل 
12:22:51 n=21 flags=[] :: البحث في كل الفئات|مطاعم الغداء بالقرب منك|بيع فلاش&#10;عرض لفترة محدودة&#10;رؤية الكل|ينتهي في ‪11 يناير, 2027‬|-22%&#10;Smash Burger&#10;‪⁦د.إ.‏ 17.21⁩‬&#10;‪⁦د.إ.‏ 22.07⁩‬|أضف إلى السلة|أفضل 
12:22:53 n=21 flags=[] :: البحث في كل الفئات|مطاعم الغداء بالقرب منك|بيع فلاش&#10;عرض لفترة محدودة&#10;رؤية الكل|ينتهي في ‪11 يناير, 2027‬|-22%&#10;Smash Burger&#10;‪⁦د.إ.‏ 17.21⁩‬&#10;‪⁦د.إ.‏ 22.07⁩‬|أضف إلى السلة|أفضل 
12:22:57 n=21 flags=[] :: البحث في كل الفئات|مطاعم الغداء بالقرب منك|بيع فلاش&#10;عرض لفترة محدودة&#10;رؤية الكل|ينتهي في ‪11 يناير, 2027‬|-22%&#10;Smash Burger&#10;‪⁦د.إ.‏ 17.21⁩‬&#10;‪⁦د.إ.‏ 22.07⁩‬|أضف إلى السلة|أفضل 
12:22:59 n=21 flags=[] :: البحث في كل الفئات|مطاعم الغداء بالقرب منك|بيع فلاش&#10;عرض لفترة محدودة&#10;رؤية الكل|ينتهي في ‪11 يناير, 2027‬|-22%&#10;Smash Burger&#10;‪⁦د.إ.‏ 17.21⁩‬&#10;‪⁦د.إ.‏ 22.07⁩‬|أضف إلى السلة|أفضل 
12:23:01 n=21 flags=[] :: البحث في كل الفئات|مطاعم الغداء بالقرب منك|بيع فلاش&#10;عرض لفترة محدودة&#10;رؤية الكل|ينتهي في ‪11 يناير, 2027‬|-22%&#10;Smash Burger&#10;‪⁦د.إ.‏ 17.21⁩‬&#10;‪⁦د.إ.‏ 22.07⁩‬|أضف إلى السلة|أفضل 
12:23:03 n=21 flags=[] :: البحث في كل الفئات|مطاعم الغداء بالقرب منك|بيع فلاش&#10;عرض لفترة محدودة&#10;رؤية الكل|ينتهي في ‪11 يناير, 2027‬|-22%&#10;Smash Burger&#10;‪⁦د.إ.‏ 17.21⁩‬&#10;‪⁦د.إ.‏ 22.07⁩‬|أضف إلى السلة|أفضل 
## run5
12:23:34 n=13 flags=[ ZERO_TOTAL] :: Search your desired items or stores|Stores|Delivery Type|All|Newly joined|Popular|Top Rated|0 total|Home|Categories|Search|Basket|Profile|
12:23:37 n=13 flags=[ ZERO_TOTAL] :: Search your desired items or stores|Stores|Delivery Type|All|Newly joined|Popular|Top Rated|0 total|Home|Categories|Search|Basket|Profile|
12:23:39 n=13 flags=[ ZERO_TOTAL] :: Search your desired items or stores|Stores|Delivery Type|All|Newly joined|Popular|Top Rated|0 total|Home|Categories|Search|Basket|Profile|
12:23:41 n=13 flags=[ ZERO_TOTAL] :: Search your desired items or stores|Stores|Delivery Type|All|Newly joined|Popular|Top Rated|0 total|Home|Categories|Search|Basket|Profile|
12:23:43 n=13 flags=[ ZERO_TOTAL] :: Search your desired items or stores|Stores|Delivery Type|All|Newly joined|Popular|Top Rated|0 total|Home|Categories|Search|Basket|Profile|
12:23:44 n=13 flags=[ ZERO_TOTAL] :: Search your desired items or stores|Stores|Delivery Type|All|Newly joined|Popular|Top Rated|0 total|Home|Categories|Search|Basket|Profile|
12:23:46 n=13 flags=[ ZERO_TOTAL] :: Search your desired items or stores|Stores|Delivery Type|All|Newly joined|Popular|Top Rated|0 total|Home|Categories|Search|Basket|Profile|
12:23:49 n=13 flags=[ ZERO_TOTAL] :: Search your desired items or stores|Stores|Delivery Type|All|Newly joined|Popular|Top Rated|0 total|Home|Categories|Search|Basket|Profile|
12:23:51 n=13 flags=[ ZERO_TOTAL] :: Search your desired items or stores|Stores|Delivery Type|All|Newly joined|Popular|Top Rated|0 total|Home|Categories|Search|Basket|Profile|
12:23:53 n=13 flags=[ ZERO_TOTAL] :: Search your desired items or stores|Stores|Delivery Type|All|Newly joined|Popular|Top Rated|0 total|Home|Categories|Search|Basket|Profile|
12:23:55 n=13 flags=[ ZERO_TOTAL] :: Search your desired items or stores|Stores|Delivery Type|All|Newly joined|Popular|Top Rated|0 total|Home|Categories|Search|Basket|Profile|
## run6
12:25:33 n=13 flags=[ ZERO_TOTAL] :: متاجر|ابحث عن العناصر أو المتاجر المطلوبة|نوع التسليم|الجميع|انضم حديثا|شائع|أعلى تصنيف|0 إجمالي|بيت|فئات|يبحث|سلة التسوق|حساب تعريفي|
12:25:35 n=13 flags=[ ZERO_TOTAL] :: متاجر|ابحث عن العناصر أو المتاجر المطلوبة|نوع التسليم|الجميع|انضم حديثا|شائع|أعلى تصنيف|0 إجمالي|بيت|فئات|يبحث|سلة التسوق|حساب تعريفي|
12:25:37 n=13 flags=[ ZERO_TOTAL] :: متاجر|ابحث عن العناصر أو المتاجر المطلوبة|نوع التسليم|الجميع|انضم حديثا|شائع|أعلى تصنيف|0 إجمالي|بيت|فئات|يبحث|سلة التسوق|حساب تعريفي|
12:25:39 n=13 flags=[ ZERO_TOTAL] :: متاجر|ابحث عن العناصر أو المتاجر المطلوبة|نوع التسليم|الجميع|انضم حديثا|شائع|أعلى تصنيف|0 إجمالي|بيت|فئات|يبحث|سلة التسوق|حساب تعريفي|
12:25:41 n=13 flags=[ ZERO_TOTAL] :: متاجر|ابحث عن العناصر أو المتاجر المطلوبة|نوع التسليم|الجميع|انضم حديثا|شائع|أعلى تصنيف|0 إجمالي|بيت|فئات|يبحث|سلة التسوق|حساب تعريفي|
12:25:43 n=13 flags=[ ZERO_TOTAL] :: متاجر|ابحث عن العناصر أو المتاجر المطلوبة|نوع التسليم|الجميع|انضم حديثا|شائع|أعلى تصنيف|0 إجمالي|بيت|فئات|يبحث|سلة التسوق|حساب تعريفي|
12:25:45 n=13 flags=[ ZERO_TOTAL] :: متاجر|ابحث عن العناصر أو المتاجر المطلوبة|نوع التسليم|الجميع|انضم حديثا|شائع|أعلى تصنيف|0 إجمالي|بيت|فئات|يبحث|سلة التسوق|حساب تعريفي|
12:25:47 n=13 flags=[ ZERO_TOTAL] :: متاجر|ابحث عن العناصر أو المتاجر المطلوبة|نوع التسليم|الجميع|انضم حديثا|شائع|أعلى تصنيف|0 إجمالي|بيت|فئات|يبحث|سلة التسوق|حساب تعريفي|
12:25:49 n=13 flags=[ ZERO_TOTAL] :: متاجر|ابحث عن العناصر أو المتاجر المطلوبة|نوع التسليم|الجميع|انضم حديثا|شائع|أعلى تصنيف|0 إجمالي|بيت|فئات|يبحث|سلة التسوق|حساب تعريفي|
12:25:51 n=13 flags=[ ZERO_TOTAL] :: متاجر|ابحث عن العناصر أو المتاجر المطلوبة|نوع التسليم|الجميع|انضم حديثا|شائع|أعلى تصنيف|0 إجمالي|بيت|فئات|يبحث|سلة التسوق|حساب تعريفي|
12:25:53 n=13 flags=[ ZERO_TOTAL] :: متاجر|ابحث عن العناصر أو المتاجر المطلوبة|نوع التسليم|الجميع|انضم حديثا|شائع|أعلى تصنيف|0 إجمالي|بيت|فئات|يبحث|سلة التسوق|حساب تعريفي|
12:25:55 n=13 flags=[ ZERO_TOTAL] :: متاجر|ابحث عن العناصر أو المتاجر المطلوبة|نوع التسليم|الجميع|انضم حديثا|شائع|أعلى تصنيف|0 إجمالي|بيت|فئات|يبحث|سلة التسوق|حساب تعريفي|
## run7
12:26:19 n=13 flags=[ ZERO_TOTAL] :: ابحث عن العناصر أو المتاجر المطلوبة|متاجر|نوع التسليم|الجميع|انضم حديثا|شائع|أعلى تصنيف|0 إجمالي|بيت|فئات|يبحث|سلة التسوق|حساب تعريفي|
12:26:21 n=13 flags=[ ZERO_TOTAL] :: متاجر|ابحث عن العناصر أو المتاجر المطلوبة|نوع التسليم|الجميع|انضم حديثا|شائع|أعلى تصنيف|0 إجمالي|بيت|فئات|يبحث|سلة التسوق|حساب تعريفي|
12:26:23 n=13 flags=[ ZERO_TOTAL] :: متاجر|ابحث عن العناصر أو المتاجر المطلوبة|نوع التسليم|الجميع|انضم حديثا|شائع|أعلى تصنيف|0 إجمالي|بيت|فئات|يبحث|سلة التسوق|حساب تعريفي|
12:26:25 n=13 flags=[ ZERO_TOTAL] :: متاجر|ابحث عن العناصر أو المتاجر المطلوبة|نوع التسليم|الجميع|انضم حديثا|شائع|أعلى تصنيف|0 إجمالي|بيت|فئات|يبحث|سلة التسوق|حساب تعريفي|
12:26:27 n=13 flags=[ ZERO_TOTAL] :: متاجر|ابحث عن العناصر أو المتاجر المطلوبة|نوع التسليم|الجميع|انضم حديثا|شائع|أعلى تصنيف|0 إجمالي|بيت|فئات|يبحث|سلة التسوق|حساب تعريفي|
12:26:29 n=13 flags=[ ZERO_TOTAL] :: متاجر|ابحث عن العناصر أو المتاجر المطلوبة|نوع التسليم|الجميع|انضم حديثا|شائع|أعلى تصنيف|0 إجمالي|بيت|فئات|يبحث|سلة التسوق|حساب تعريفي|
12:26:31 n=20 flags=[] :: 2-3 hours&#10;Fresh local&#10;شائع: Carrots, Pure Ghee 400g, Mozzarella 200g, Popcorn, Whole Milk 1L|2-3 hours&#10;Fresh supermarket&#10;شائع: Breakfast Cereal, Honey 500g, Ginger Ale, Dish Soap
12:26:33 n=20 flags=[] :: 2-3 hours&#10;Fresh local&#10;شائع: Carrots, Pure Ghee 400g, Mozzarella 200g, Popcorn, Whole Milk 1L|2-3 hours&#10;Fresh supermarket&#10;شائع: Breakfast Cereal, Honey 500g, Ginger Ale, Dish Soap
