# a11y-dump watcher (2s cadence) — food home run5 (AR->EN, 15s delayed store fetch), grocery run6 (EN->AR), control run7 (pull-to-refresh, no language switch)
## run5
12:23:34 n=13 flags=[ ZERO_TOTAL] :: Search your desired items or stores|Stores|Delivery Type|All|Newly joined|Popular|Top Rated|0 total|Home|Categories|Search|Basket|Profile|
12:23:37 n=13 flags=[ ZERO_TOTAL] :: Search your desired items or stores|Stores|Delivery Type|All|Newly joined|Popular|Top Rated|0 total|Home|Categories|Search|Basket|Profile|
12:23:39 n=13 flags=[ ZERO_TOTAL] :: Search your desired items or stores|Stores|Delivery Type|All|Newly joined|Popular|Top Rated|0 total|Home|Categories|Search|Basket|Profile|
12:23:41 n=13 flags=[ ZERO_TOTAL] :: Search your desired items or stores|Stores|Delivery Type|All|Newly joined|Popular|Top Rated|0 total|Home|Categories|Search|Basket|Profile|
12:23:43 n=13 flags=[ ZERO_TOTAL] :: Search your desired items or stores|Stores|Delivery Type|All|Newly joined|Popular|Top Rated|0 total|Home|Categories|Search|Basket|Profile|
12:23:44 n=13 flags=[ ZERO_TOTAL] :: Search your desired items or stores|Stores|Delivery Type|All|Newly joined|Popular|Top Rated|0 total|Home|Categories|Search|Basket|Profile|
12:23:46 n=13 flags=[ ZERO_TOTAL] :: Search your desired items or stores|Stores|Delivery Type|All|Newly joined|Popular|Top Rated|0 total|Home|Categories|Search|Basket|Profile|
12:23:49 n=13 flags=[ ZERO_TOTAL] :: Search your desired items or stores|Stores|Delivery Type|All|Newly joined|Popular|Top Rated|0 total|Home|Categories|Search|Basket|Profile|
12:23:51 n=13 flags=[ ZERO_TOTAL] :: Search your desired items or stores|Stores|Delivery Type|All|Newly joined|Popular|Top Rated|0 total|Home|Categories|Search|Basket|Profile|
12:23:53 n=13 flags=[ ZERO_TOTAL] :: Search your desired items or stores|Stores|Delivery Type|All|Newly joined|Popular|Top Rated|0 total|Home|Categories|Search|Basket|Profile|
12:23:55 n=13 flags=[ ZERO_TOTAL] :: Search your desired items or stores|Stores|Delivery Type|All|Newly joined|Popular|Top Rated|0 total|Home|Categories|Search|Basket|Profile|
## run6
12:25:33 n=13 flags=[ ZERO_TOTAL] :: متاجر|ابحث عن العناصر أو المتاجر المطلوبة|نوع التسليم|الجميع|انضم حديثا|شائع|أعلى تصنيف|0 إجمالي|بيت|فئات|يبحث|سلة التسوق|حساب تعريفي|
12:25:35 n=13 flags=[ ZERO_TOTAL] :: متاجر|ابحث عن العناصر أو المتاجر المطلوبة|نوع التسليم|الجميع|انضم حديثا|شائع|أعلى تصنيف|0 إجمالي|بيت|فئات|يبحث|سلة التسوق|حساب تعريفي|
12:25:37 n=13 flags=[ ZERO_TOTAL] :: متاجر|ابحث عن العناصر أو المتاجر المطلوبة|نوع التسليم|الجميع|انضم حديثا|شائع|أعلى تصنيف|0 إجمالي|بيت|فئات|يبحث|سلة التسوق|حساب تعريفي|
12:25:39 n=13 flags=[ ZERO_TOTAL] :: متاجر|ابحث عن العناصر أو المتاجر المطلوبة|نوع التسليم|الجميع|انضم حديثا|شائع|أعلى تصنيف|0 إجمالي|بيت|فئات|يبحث|سلة التسوق|حساب تعريفي|
12:25:41 n=13 flags=[ ZERO_TOTAL] :: متاجر|ابحث عن العناصر أو المتاجر المطلوبة|نوع التسليم|الجميع|انضم حديثا|شائع|أعلى تصنيف|0 إجمالي|بيت|فئات|يبحث|سلة التسوق|حساب تعريفي|
12:25:43 n=13 flags=[ ZERO_TOTAL] :: متاجر|ابحث عن العناصر أو المتاجر المطلوبة|نوع التسليم|الجميع|انضم حديثا|شائع|أعلى تصنيف|0 إجمالي|بيت|فئات|يبحث|سلة التسوق|حساب تعريفي|
12:25:45 n=13 flags=[ ZERO_TOTAL] :: متاجر|ابحث عن العناصر أو المتاجر المطلوبة|نوع التسليم|الجميع|انضم حديثا|شائع|أعلى تصنيف|0 إجمالي|بيت|فئات|يبحث|سلة التسوق|حساب تعريفي|
12:25:47 n=13 flags=[ ZERO_TOTAL] :: متاجر|ابحث عن العناصر أو المتاجر المطلوبة|نوع التسليم|الجميع|انضم حديثا|شائع|أعلى تصنيف|0 إجمالي|بيت|فئات|يبحث|سلة التسوق|حساب تعريفي|
12:25:49 n=13 flags=[ ZERO_TOTAL] :: متاجر|ابحث عن العناصر أو المتاجر المطلوبة|نوع التسليم|الجميع|انضم حديثا|شائع|أعلى تصنيف|0 إجمالي|بيت|فئات|يبحث|سلة التسوق|حساب تعريفي|
12:25:51 n=13 flags=[ ZERO_TOTAL] :: متاجر|ابحث عن العناصر أو المتاجر المطلوبة|نوع التسليم|الجميع|انضم حديثا|شائع|أعلى تصنيف|0 إجمالي|بيت|فئات|يبحث|سلة التسوق|حساب تعريفي|
12:25:53 n=13 flags=[ ZERO_TOTAL] :: متاجر|ابحث عن العناصر أو المتاجر المطلوبة|نوع التسليم|الجميع|انضم حديثا|شائع|أعلى تصنيف|0 إجمالي|بيت|فئات|يبحث|سلة التسوق|حساب تعريفي|
12:25:55 n=13 flags=[ ZERO_TOTAL] :: متاجر|ابحث عن العناصر أو المتاجر المطلوبة|نوع التسليم|الجميع|انضم حديثا|شائع|أعلى تصنيف|0 إجمالي|بيت|فئات|يبحث|سلة التسوق|حساب تعريفي|
## run7
12:26:19 n=13 flags=[ ZERO_TOTAL] :: ابحث عن العناصر أو المتاجر المطلوبة|متاجر|نوع التسليم|الجميع|انضم حديثا|شائع|أعلى تصنيف|0 إجمالي|بيت|فئات|يبحث|سلة التسوق|حساب تعريفي|
12:26:21 n=13 flags=[ ZERO_TOTAL] :: متاجر|ابحث عن العناصر أو المتاجر المطلوبة|نوع التسليم|الجميع|انضم حديثا|شائع|أعلى تصنيف|0 إجمالي|بيت|فئات|يبحث|سلة التسوق|حساب تعريفي|
12:26:23 n=13 flags=[ ZERO_TOTAL] :: متاجر|ابحث عن العناصر أو المتاجر المطلوبة|نوع التسليم|الجميع|انضم حديثا|شائع|أعلى تصنيف|0 إجمالي|بيت|فئات|يبحث|سلة التسوق|حساب تعريفي|
12:26:25 n=13 flags=[ ZERO_TOTAL] :: متاجر|ابحث عن العناصر أو المتاجر المطلوبة|نوع التسليم|الجميع|انضم حديثا|شائع|أعلى تصنيف|0 إجمالي|بيت|فئات|يبحث|سلة التسوق|حساب تعريفي|
12:26:27 n=13 flags=[ ZERO_TOTAL] :: متاجر|ابحث عن العناصر أو المتاجر المطلوبة|نوع التسليم|الجميع|انضم حديثا|شائع|أعلى تصنيف|0 إجمالي|بيت|فئات|يبحث|سلة التسوق|حساب تعريفي|
12:26:29 n=13 flags=[ ZERO_TOTAL] :: متاجر|ابحث عن العناصر أو المتاجر المطلوبة|نوع التسليم|الجميع|انضم حديثا|شائع|أعلى تصنيف|0 إجمالي|بيت|فئات|يبحث|سلة التسوق|حساب تعريفي|
12:26:31 n=20 flags=[] :: 2-3 hours&#10;Fresh local&#10;شائع: Carrots, Pure Ghee 400g, Mozzarella 200g, Popcorn, Whole Milk 1L|2-3 hours&#10;Fresh supermarket&#10;شائع: Breakfast Cereal, Honey 500g, Ginger Ale, Dish Soap 500ml, Mozzarella 200g|مفضل|2-3 hours&#
12:26:33 n=20 flags=[] :: 2-3 hours&#10;Fresh local&#10;شائع: Carrots, Pure Ghee 400g, Mozzarella 200g, Popcorn, Whole Milk 1L|2-3 hours&#10;Fresh supermarket&#10;شائع: Breakfast Cereal, Honey 500g, Ginger Ale, Dish Soap 500ml, Mozzarella 200g|مفضل|2-3 hours&#
## network (all 200 — no failure explains the zero):
09-24 12:24:03.181 I/flutter (30173): [NET] endpoint=/api/v1/stores/get-stores/all http_status=200
09-24 12:25:01.672 I/flutter (30173): [NET] endpoint=/api/v1/stores/get-stores/all http_status=200
09-24 12:25:08.727 I/flutter (30173): [NET] endpoint=/api/v1/stores/get-stores/all http_status=200
09-24 12:26:01.720 I/flutter (30173): [NET] endpoint=/api/v1/stores/get-stores/all http_status=500
09-24 12:26:01.720 I/flutter (30173): [FAIL] endpoint=/api/v1/stores/get-stores/all http_status=500 type=ApiFailure msg="api request failed" correlation_id=fc7ea5ce-aae5-459a-ae56-f5dd7ec65f30
09-24 12:26:31.230 I/flutter (30173): [NET] endpoint=/api/v1/stores/get-stores/all http_status=200
