# grid stuck on shimmer after no-cache module fetch failure (cold start, fault-injected 503 on /api/v1/module); pull-to-refresh re-fetch also fails -> still shimmer, no NearsErrorRetry
12:28:21 n=4 flags=[] :: 10 Mahdar Al Meel St - Al Manhal - W15 02 - Abu Dhabi - United Arab Emirates|Notification|Search all categories|Profile|
12:28:43 n=4 flags=[] :: 10 Mahdar Al Meel St - Al Manhal - W15 02 - Abu Dhabi - United Arab Emirates|Notification|Search all categories|Profile|
12:28:45 n=4 flags=[] :: 10 Mahdar Al Meel St - Al Manhal - W15 02 - Abu Dhabi - United Arab Emirates|Notification|Search all categories|Profile|
12:28:46 n=4 flags=[] :: 10 Mahdar Al Meel St - Al Manhal - W15 02 - Abu Dhabi - United Arab Emirates|Notification|Search all categories|Profile|
12:28:48 n=4 flags=[] :: 10 Mahdar Al Meel St - Al Manhal - W15 02 - Abu Dhabi - United Arab Emirates|Notification|Search all categories|Profile|
12:29:32 n=4 flags=[] :: 10 Mahdar Al Meel St - Al Manhal - W15 02 - Abu Dhabi - United Arab Emirates|Notification|Search all categories|Profile|
09-24 12:28:09.237 I/flutter ( 1823): [NET] GET endpoint=/api/v1/module
09-24 12:28:09.688 I/flutter ( 1823): [NET] endpoint=/api/v1/module http_status=503
09-24 12:28:09.689 I/flutter ( 1823): [FAIL] endpoint=/api/v1/module http_status=503 type=ApiFailure msg="api request failed"
09-24 12:28:09.704 I/flutter ( 1823): [WARN] msg="splash-resolver: module fetch failed → fallback"
09-24 12:28:09.717 I/flutter ( 1823): [INFO] msg="route: initial route module=grocery-food"
09-24 12:28:09.931 I/flutter ( 1823): [NET] GET endpoint=/api/v1/module
09-24 12:28:10.689 I/flutter ( 1823): [NET] endpoint=/api/v1/module http_status=503
09-24 12:28:10.689 I/flutter ( 1823): [FAIL] endpoint=/api/v1/module http_status=503 type=ApiFailure msg="api request failed"
09-24 12:28:10.689 I/flutter ( 1823): [FAIL] endpoint=/api/v1/module http_status=null type=ModuleFetchFailure msg="zone module list fetch failed"
09-24 12:29:15.149 I/flutter ( 1823): [NET] GET endpoint=/api/v1/module
09-24 12:29:16.095 I/flutter ( 1823): [NET] endpoint=/api/v1/module http_status=503
09-24 12:29:16.095 I/flutter ( 1823): [FAIL] endpoint=/api/v1/module http_status=503 type=ApiFailure msg="api request failed"
09-24 12:29:16.095 I/flutter ( 1823): [FAIL] endpoint=/api/v1/module http_status=null type=ModuleFetchFailure msg="zone module list fetch failed"
