# NEARS-3740 [8] cycle 1 (delta) — AC3 / TB1 (NEARS-3741) watcher evidence. emulator-5560 (NEARS_2424_QA), UserApp @ 4a01fc77f, zone 400, guest.
# Backend: own php artisan serve :8048 from /Users/Apple/Projects/nears-NEARS-3740-home-module-refresh @ 4a01fc77f; app -> delay proxy :8047 (API_HOST=10.0.2.2:8047); DELAY file slows /home/all, /module, /stores/get-stores/*.
# a11y dump every ~2s. flags: ZERO_PILL/ZERO_PILL_AR/COULDNT_LOAD/ZERO_TOTAL/RETRY (regexes positive-controlled: '0 total' and '0 إجمالي' -> ZERO; '22 total' and '3 open · 22 total' -> no flag). HDR=1 means header chips are on screen. count=[] with HDR=1 means no count label (the TB1 fix). bounds give header geometry.

## run C — grocery(1) EN->AR RTL
12:57:35 n=30 flags=[] HDR=0 title=[] count=[]
12:57:38 n=17 flags=[] HDR=0 title=[] count=[]
12:57:41 n=23 flags=[] HDR=0 title=[] count=[]
12:57:44 n=23 flags=[] HDR=0 title=[متاجر,] count=[]
12:57:47 n=16 flags=[] HDR=1 title=[متاجر,] count=[]
12:57:49 n=16 flags=[] HDR=1 title=[متاجر,] count=[]
12:57:51 n=16 flags=[] HDR=1 title=[متاجر,] count=[]
12:57:53 n=16 flags=[] HDR=1 title=[متاجر,] count=[]
12:57:55 n=16 flags=[] HDR=1 title=[متاجر,] count=[]
12:57:57 n=16 flags=[] HDR=1 title=[متاجر,] count=[]
12:57:59 n=16 flags=[] HDR=1 title=[متاجر,] count=[]
12:58:01 n=16 flags=[] HDR=1 title=[متاجر,] count=[]
12:58:03 n=16 flags=[] HDR=1 title=[متاجر,] count=[]
12:58:05 n=16 flags=[] HDR=1 title=[متاجر,] count=[]
12:58:07 n=16 flags=[] HDR=1 title=[متاجر,] count=[]
12:58:09 n=16 flags=[] HDR=1 title=[متاجر,] count=[]
12:58:11 n=16 flags=[] HDR=1 title=[متاجر,] count=[]
12:58:13 n=16 flags=[] HDR=1 title=[متاجر,] count=[]
12:58:15 n=16 flags=[] HDR=1 title=[متاجر,] count=[]
12:58:17 n=16 flags=[] HDR=1 title=[متاجر,] count=[]
12:58:19 n=16 flags=[] HDR=1 title=[متاجر,] count=[]
12:58:21 n=16 flags=[] HDR=1 title=[متاجر,] count=[]
12:58:23 n=21 flags=[] HDR=1 title=[متاجر,] count=[22 إجمالي,]
12:58:26 n=21 flags=[] HDR=1 title=[متاجر,] count=[22 إجمالي,]
12:58:28 n=21 flags=[] HDR=1 title=[متاجر,] count=[22 إجمالي,]
12:58:30 n=21 flags=[] HDR=1 title=[متاجر,] count=[22 إجمالي,]
12:58:32 n=21 flags=[] HDR=1 title=[متاجر,] count=[22 إجمالي,]
12:58:34 n=21 flags=[] HDR=1 title=[متاجر,] count=[22 إجمالي,]
12:58:36 n=21 flags=[] HDR=1 title=[متاجر,] count=[22 إجمالي,]
12:58:38 n=21 flags=[] HDR=1 title=[متاجر,] count=[22 إجمالي,]
12:58:40 n=21 flags=[] HDR=1 title=[متاجر,] count=[22 إجمالي,]
12:58:41 n=21 flags=[] HDR=1 title=[متاجر,] count=[22 إجمالي,]
12:58:43 n=21 flags=[] HDR=1 title=[متاجر,] count=[22 إجمالي,]
12:58:45 n=21 flags=[] HDR=1 title=[متاجر,] count=[22 إجمالي,]
12:58:47 n=21 flags=[] HDR=1 title=[متاجر,] count=[22 إجمالي,]
12:58:49 n=21 flags=[] HDR=1 title=[متاجر,] count=[22 إجمالي,]
12:58:51 n=21 flags=[] HDR=1 title=[متاجر,] count=[22 إجمالي,]
12:58:53 n=21 flags=[] HDR=1 title=[متاجر,] count=[22 إجمالي,]
12:58:55 n=21 flags=[] HDR=1 title=[متاجر,] count=[22 إجمالي,]
12:58:57 n=21 flags=[] HDR=1 title=[متاجر,] count=[22 إجمالي,]
12:58:59 n=21 flags=[] HDR=1 title=[متاجر,] count=[22 إجمالي,]

## run D — food(2) AR->EN
13:00:46 n=24 flags=[] HDR=0 title=[] count=[] bounds=[]
13:00:49 n=26 flags=[] HDR=0 title=[] count=[] bounds=[]
13:00:52 n=25 flags=[] HDR=1 title=[Stores,] count=[] bounds=[Stores@[39,1915][218,1996],Popular@[690,2023][925,2128],Top Rated@[952,2023][1080,2128],]
13:00:54 n=25 flags=[] HDR=1 title=[Stores,] count=[] bounds=[Stores@[39,1915][218,1996],Popular@[690,2023][925,2128],Top Rated@[952,2023][1080,2128],]
13:00:56 n=25 flags=[] HDR=1 title=[Stores,] count=[] bounds=[Stores@[39,1915][218,1996],Popular@[690,2023][925,2128],Top Rated@[952,2023][1080,2128],]
13:00:58 n=25 flags=[] HDR=1 title=[Stores,] count=[] bounds=[Stores@[39,1915][218,1996],Popular@[690,2023][925,2128],Top Rated@[952,2023][1080,2128],]
13:01:00 n=25 flags=[] HDR=1 title=[Stores,] count=[] bounds=[Stores@[39,1915][218,1996],Popular@[690,2023][925,2128],Top Rated@[952,2023][1080,2128],]
13:01:02 n=25 flags=[] HDR=1 title=[Stores,] count=[] bounds=[Stores@[39,1915][218,1996],Popular@[690,2023][925,2128],Top Rated@[952,2023][1080,2128],]
13:01:04 n=25 flags=[] HDR=1 title=[Stores,] count=[] bounds=[Stores@[39,1915][218,1996],Popular@[690,2023][925,2128],Top Rated@[952,2023][1080,2128],]
13:01:06 n=25 flags=[] HDR=1 title=[Stores,] count=[] bounds=[Stores@[39,1915][218,1996],Popular@[690,2023][925,2128],Top Rated@[952,2023][1080,2128],]
13:01:08 n=25 flags=[] HDR=1 title=[Stores,] count=[] bounds=[Stores@[39,1915][218,1996],Popular@[690,2023][925,2128],Top Rated@[952,2023][1080,2128],]
13:01:12 n=25 flags=[] HDR=1 title=[Stores,] count=[] bounds=[Stores@[39,1915][218,1996],Popular@[690,2023][925,2128],Top Rated@[952,2023][1080,2128],]
13:01:14 n=25 flags=[] HDR=1 title=[Stores,] count=[] bounds=[Stores@[39,1915][218,1996],Popular@[690,2023][925,2128],Top Rated@[952,2023][1080,2128],]
13:01:16 n=25 flags=[] HDR=1 title=[Stores,] count=[] bounds=[Stores@[39,1915][218,1996],Popular@[690,2023][925,2128],Top Rated@[952,2023][1080,2128],]
13:01:18 n=25 flags=[] HDR=1 title=[Stores,] count=[] bounds=[Stores@[39,1915][218,1996],Popular@[690,2023][925,2128],Top Rated@[952,2023][1080,2128],]
13:01:20 n=25 flags=[] HDR=1 title=[Stores,] count=[] bounds=[Stores@[39,1915][218,1996],Popular@[690,2023][925,2128],Top Rated@[952,2023][1080,2128],]
13:01:22 n=25 flags=[] HDR=1 title=[Stores,] count=[] bounds=[Stores@[39,1915][218,1996],Popular@[690,2023][925,2128],Top Rated@[952,2023][1080,2128],]
13:01:24 n=25 flags=[] HDR=1 title=[Stores,] count=[] bounds=[Stores@[39,1915][218,1996],Popular@[690,2023][925,2128],Top Rated@[952,2023][1080,2128],]
13:01:26 n=25 flags=[] HDR=1 title=[Stores,] count=[] bounds=[Stores@[39,1915][218,1996],Popular@[690,2023][925,2128],Top Rated@[952,2023][1080,2128],]
13:01:28 n=25 flags=[] HDR=1 title=[Stores,] count=[] bounds=[Stores@[39,1915][218,1996],Popular@[690,2023][925,2128],Top Rated@[952,2023][1080,2128],]
13:01:30 n=25 flags=[] HDR=1 title=[Stores,] count=[] bounds=[Stores@[39,1915][218,1996],Popular@[690,2023][925,2128],Top Rated@[952,2023][1080,2128],]
13:01:32 n=25 flags=[] HDR=1 title=[Stores,] count=[] bounds=[Stores@[39,1915][218,1996],Popular@[690,2023][925,2128],Top Rated@[952,2023][1080,2128],]
13:01:34 n=32 flags=[] HDR=1 title=[Stores,] count=[15 total,] bounds=[Stores@[39,2083][218,2164],Popular@[690,2191][925,2296],]
13:01:37 n=32 flags=[] HDR=1 title=[Stores,] count=[15 total,] bounds=[Stores@[39,2083][218,2164],Popular@[690,2191][925,2296],]
13:01:39 n=32 flags=[] HDR=1 title=[Stores,] count=[15 total,] bounds=[Stores@[39,2083][218,2164],Popular@[690,2191][925,2296],]
13:01:41 n=32 flags=[] HDR=1 title=[Stores,] count=[15 total,] bounds=[Stores@[39,2083][218,2164],Popular@[690,2191][925,2296],]
13:01:42 n=32 flags=[] HDR=1 title=[Stores,] count=[15 total,] bounds=[Stores@[39,2083][218,2164],Popular@[690,2191][925,2296],]
13:01:44 n=32 flags=[] HDR=1 title=[Stores,] count=[15 total,] bounds=[Stores@[39,2083][218,2164],Popular@[690,2191][925,2296],]
13:01:46 n=32 flags=[] HDR=1 title=[Stores,] count=[15 total,] bounds=[Stores@[39,2083][218,2164],Popular@[690,2191][925,2296],]
13:01:48 n=32 flags=[] HDR=1 title=[Stores,] count=[15 total,] bounds=[Stores@[39,2083][218,2164],Popular@[690,2191][925,2296],]
13:01:50 n=32 flags=[] HDR=1 title=[Stores,] count=[15 total,] bounds=[Stores@[39,2083][218,2164],Popular@[690,2191][925,2296],]
13:01:52 n=32 flags=[] HDR=1 title=[Stores,] count=[15 total,] bounds=[Stores@[39,2083][218,2164],Popular@[690,2191][925,2296],]
13:01:54 n=32 flags=[] HDR=1 title=[Stores,] count=[15 total,] bounds=[Stores@[39,2083][218,2164],Popular@[690,2191][925,2296],]
13:01:56 n=32 flags=[] HDR=1 title=[Stores,] count=[15 total,] bounds=[Stores@[39,2083][218,2164],Popular@[690,2191][925,2296],]
13:01:58 n=32 flags=[] HDR=1 title=[Stores,] count=[15 total,] bounds=[Stores@[39,2083][218,2164],Popular@[690,2191][925,2296],]
13:02:00 n=32 flags=[] HDR=1 title=[Stores,] count=[15 total,] bounds=[Stores@[39,2083][218,2164],Popular@[690,2191][925,2296],]
13:02:02 n=32 flags=[] HDR=1 title=[Stores,] count=[15 total,] bounds=[Stores@[39,2083][218,2164],Popular@[690,2191][925,2296],]
13:02:04 n=32 flags=[] HDR=1 title=[Stores,] count=[15 total,] bounds=[Stores@[39,2083][218,2164],Popular@[690,2191][925,2296],]
13:02:06 n=32 flags=[] HDR=1 title=[Stores,] count=[15 total,] bounds=[Stores@[39,2083][218,2164],Popular@[690,2191][925,2296],]
13:02:08 n=32 flags=[] HDR=1 title=[Stores,] count=[15 total,] bounds=[Stores@[39,2083][218,2164],Popular@[690,2191][925,2296],]
13:02:10 n=32 flags=[] HDR=1 title=[Stores,] count=[15 total,] bounds=[Stores@[39,2083][218,2164],Popular@[690,2191][925,2296],]

## run E — food(2) pull-to-refresh EN, no language switch
13:02:29 n=24 flags=[] HDR=0 title=[] count=[] bounds=[]
13:02:34 n=26 flags=[] HDR=0 title=[] count=[] bounds=[]
13:02:37 n=33 flags=[] HDR=1 title=[Stores,] count=[15 total,] bounds=[Stores@[39,2062][218,2143],Popular@[690,2170][925,2275],]
13:02:39 n=33 flags=[] HDR=1 title=[Stores,] count=[15 total,] bounds=[Stores@[39,2062][218,2143],Popular@[690,2170][925,2275],]
13:02:41 n=33 flags=[] HDR=1 title=[Stores,] count=[15 total,] bounds=[Stores@[39,2062][218,2143],Popular@[690,2170][925,2275],]
13:02:43 n=33 flags=[] HDR=1 title=[Stores,] count=[15 total,] bounds=[Stores@[39,2062][218,2143],Popular@[690,2170][925,2275],]
13:02:45 n=33 flags=[] HDR=1 title=[Stores,] count=[15 total,] bounds=[Stores@[39,2062][218,2143],Popular@[690,2170][925,2275],]
13:02:47 n=33 flags=[] HDR=1 title=[Stores,] count=[15 total,] bounds=[Stores@[39,2062][218,2143],Popular@[690,2170][925,2275],]
13:02:49 n=33 flags=[] HDR=1 title=[Stores,] count=[15 total,] bounds=[Stores@[39,2062][218,2143],Popular@[690,2170][925,2275],]
13:02:50 n=33 flags=[] HDR=1 title=[Stores,] count=[15 total,] bounds=[Stores@[39,2062][218,2143],Popular@[690,2170][925,2275],]
13:02:52 n=33 flags=[] HDR=1 title=[Stores,] count=[15 total,] bounds=[Stores@[39,2062][218,2143],Popular@[690,2170][925,2275],]
13:02:54 n=33 flags=[] HDR=1 title=[Stores,] count=[15 total,] bounds=[Stores@[39,2062][218,2143],Popular@[690,2170][925,2275],]
13:02:56 n=33 flags=[] HDR=1 title=[Stores,] count=[15 total,] bounds=[Stores@[39,2062][218,2143],Popular@[690,2170][925,2275],]
13:02:58 n=33 flags=[] HDR=1 title=[Stores,] count=[15 total,] bounds=[Stores@[39,2062][218,2143],Popular@[690,2170][925,2275],]
13:03:00 n=33 flags=[] HDR=1 title=[Stores,] count=[15 total,] bounds=[Stores@[39,2062][218,2143],Popular@[690,2170][925,2275],]
13:03:02 n=33 flags=[] HDR=1 title=[Stores,] count=[15 total,] bounds=[Stores@[39,2062][218,2143],Popular@[690,2170][925,2275],]
13:03:04 n=33 flags=[] HDR=1 title=[Stores,] count=[15 total,] bounds=[Stores@[39,2062][218,2143],Popular@[690,2170][925,2275],]
13:03:06 n=33 flags=[] HDR=1 title=[Stores,] count=[15 total,] bounds=[Stores@[39,2062][218,2143],Popular@[690,2170][925,2275],]
13:03:08 n=33 flags=[] HDR=1 title=[Stores,] count=[15 total,] bounds=[Stores@[39,2062][218,2143],Popular@[690,2170][925,2275],]
13:03:10 n=33 flags=[] HDR=1 title=[Stores,] count=[15 total,] bounds=[Stores@[39,2062][218,2143],Popular@[690,2170][925,2275],]
13:03:12 n=33 flags=[] HDR=1 title=[Stores,] count=[15 total,] bounds=[Stores@[39,2062][218,2143],Popular@[690,2170][925,2275],]
13:03:14 n=33 flags=[] HDR=1 title=[Stores,] count=[15 total,] bounds=[Stores@[39,2062][218,2143],Popular@[690,2170][925,2275],]
13:03:16 n=33 flags=[] HDR=1 title=[Stores,] count=[15 total,] bounds=[Stores@[39,2062][218,2143],Popular@[690,2170][925,2275],]
13:03:18 n=33 flags=[] HDR=1 title=[Stores,] count=[15 total,] bounds=[Stores@[39,2062][218,2143],Popular@[690,2170][925,2275],]
13:03:20 n=33 flags=[] HDR=1 title=[Stores,] count=[15 total,] bounds=[Stores@[39,2062][218,2143],Popular@[690,2170][925,2275],]
13:03:22 n=33 flags=[] HDR=1 title=[Stores,] count=[15 total,] bounds=[Stores@[39,2062][218,2143],Popular@[690,2170][925,2275],]
13:03:24 n=33 flags=[] HDR=1 title=[Stores,] count=[15 total,] bounds=[Stores@[39,2062][218,2143],Popular@[690,2170][925,2275],]
13:03:26 n=33 flags=[] HDR=1 title=[Stores,] count=[15 total,] bounds=[Stores@[39,2062][218,2143],Popular@[690,2170][925,2275],]
13:03:28 n=33 flags=[] HDR=1 title=[Stores,] count=[15 total,] bounds=[Stores@[39,2062][218,2143],Popular@[690,2170][925,2275],]
13:03:30 n=33 flags=[] HDR=1 title=[Stores,] count=[15 total,] bounds=[Stores@[39,2062][218,2143],Popular@[690,2170][925,2275],]
13:03:32 n=33 flags=[] HDR=1 title=[Stores,] count=[15 total,] bounds=[Stores@[39,2062][218,2143],Popular@[690,2170][925,2275],]
13:03:34 n=33 flags=[] HDR=1 title=[Stores,] count=[15 total,] bounds=[Stores@[39,2062][218,2143],Popular@[690,2170][925,2275],]
13:03:36 n=33 flags=[] HDR=1 title=[Stores,] count=[15 total,] bounds=[Stores@[39,2062][218,2143],Popular@[690,2170][925,2275],]
13:03:38 n=33 flags=[] HDR=1 title=[Stores,] count=[15 total,] bounds=[Stores@[39,2062][218,2143],Popular@[690,2170][925,2275],]

## run F — GRID EN->AR
13:05:33 n=9 flags=[]
13:05:35 n=9 flags=[]
13:05:37 n=9 flags=[]
13:05:39 n=9 flags=[]
13:05:41 n=9 flags=[]
13:05:42 n=9 flags=[]
13:05:44 n=9 flags=[]
13:05:46 n=9 flags=[]
13:05:48 n=9 flags=[]
13:05:50 n=9 flags=[]
13:05:52 n=9 flags=[]
13:05:54 n=9 flags=[]
13:05:56 n=9 flags=[]
13:05:58 n=9 flags=[]
13:06:00 n=9 flags=[]
13:06:02 n=9 flags=[]
13:06:04 n=9 flags=[]
13:06:06 n=9 flags=[]
13:06:08 n=9 flags=[]
13:06:10 n=9 flags=[]
13:06:12 n=9 flags=[]
13:06:14 n=9 flags=[]
13:06:15 n=9 flags=[]
13:06:17 n=9 flags=[]
13:06:19 n=9 flags=[]
13:06:21 n=9 flags=[]
13:06:23 n=9 flags=[]
13:06:25 n=9 flags=[]
13:06:27 n=9 flags=[]
13:06:29 n=9 flags=[]
13:06:31 n=9 flags=[]
13:06:33 n=9 flags=[]
13:06:35 n=9 flags=[]
13:06:37 n=9 flags=[]
13:06:39 n=9 flags=[]
13:06:41 n=9 flags=[]
13:06:43 n=9 flags=[]
13:06:45 n=9 flags=[]
13:06:47 n=9 flags=[]
13:06:48 n=9 flags=[]
13:06:50 n=9 flags=[]
13:06:52 n=9 flags=[]

## run G — GRID AR->EN
13:07:26 n=9 flags=[]
13:07:28 n=9 flags=[]
13:07:30 n=9 flags=[]
13:07:32 n=9 flags=[]
13:07:34 n=9 flags=[]
13:07:36 n=9 flags=[]
13:07:37 n=9 flags=[]
13:07:39 n=9 flags=[]
13:07:41 n=9 flags=[]
13:07:43 n=9 flags=[]
13:07:45 n=9 flags=[]
13:07:47 n=9 flags=[]
13:07:49 n=9 flags=[]
13:07:51 n=9 flags=[]
13:07:53 n=9 flags=[]
13:07:55 n=9 flags=[]
13:07:57 n=9 flags=[]
13:07:59 n=9 flags=[]
13:08:01 n=9 flags=[]
13:08:03 n=9 flags=[]
13:08:05 n=9 flags=[]
13:08:07 n=9 flags=[]
13:08:09 n=9 flags=[]
13:08:10 n=9 flags=[]
13:08:12 n=9 flags=[]
13:08:14 n=9 flags=[]
13:08:16 n=9 flags=[]
13:08:18 n=9 flags=[]
13:08:20 n=9 flags=[]
13:08:22 n=9 flags=[]
13:08:24 n=9 flags=[]

## run I — grocery(1) AR->EN
13:11:55 n=30 flags=[] HDR=0 title=[] count=[] bounds=[]
13:11:58 n=17 flags=[] HDR=0 title=[] count=[] bounds=[]
13:12:01 n=23 flags=[] HDR=0 title=[] count=[] bounds=[]
13:12:04 n=21 flags=[] HDR=0 title=[Stores,] count=[] bounds=[Stores@[39,2250][218,2332],]
13:12:07 n=16 flags=[] HDR=1 title=[Stores,] count=[] bounds=[Stores@[39,701][218,782],Popular@[690,809][925,914],Top Rated@[952,809][1080,914],]
13:12:09 n=16 flags=[] HDR=1 title=[Stores,] count=[] bounds=[Stores@[39,701][218,782],Popular@[690,809][925,914],Top Rated@[952,809][1080,914],]
13:12:11 n=16 flags=[] HDR=1 title=[Stores,] count=[] bounds=[Stores@[39,701][218,782],Popular@[690,809][925,914],Top Rated@[952,809][1080,914],]
13:12:13 n=12 flags=[] HDR=1 title=[Stores,] count=[] bounds=[Stores@[39,173][218,255],Popular@[690,281][925,386],Top Rated@[952,281][1080,386],]
13:12:15 n=16 flags=[] HDR=1 title=[Stores,] count=[] bounds=[Stores@[39,701][218,782],Popular@[690,809][925,914],Top Rated@[952,809][1080,914],]
13:12:17 n=16 flags=[] HDR=1 title=[Stores,] count=[] bounds=[Stores@[39,701][218,782],Popular@[690,809][925,914],Top Rated@[952,809][1080,914],]
13:12:19 n=16 flags=[] HDR=1 title=[Stores,] count=[] bounds=[Stores@[39,701][218,782],Popular@[690,809][925,914],Top Rated@[952,809][1080,914],]
13:12:21 n=16 flags=[] HDR=1 title=[Stores,] count=[] bounds=[Stores@[39,701][218,782],Popular@[690,809][925,914],Top Rated@[952,809][1080,914],]
13:12:22 n=16 flags=[] HDR=1 title=[Stores,] count=[] bounds=[Stores@[39,701][218,782],Popular@[690,809][925,914],Top Rated@[952,809][1080,914],]
13:12:24 n=16 flags=[] HDR=1 title=[Stores,] count=[] bounds=[Stores@[39,701][218,782],Popular@[690,809][925,914],Top Rated@[952,809][1080,914],]
13:12:26 n=16 flags=[] HDR=1 title=[Stores,] count=[] bounds=[Stores@[39,701][218,782],Popular@[690,809][925,914],Top Rated@[952,809][1080,914],]
13:12:28 n=16 flags=[] HDR=1 title=[Stores,] count=[] bounds=[Stores@[39,701][218,782],Popular@[690,809][925,914],Top Rated@[952,809][1080,914],]
13:12:30 n=16 flags=[] HDR=1 title=[Stores,] count=[] bounds=[Stores@[39,701][218,782],Popular@[690,809][925,914],Top Rated@[952,809][1080,914],]
13:12:32 n=16 flags=[] HDR=1 title=[Stores,] count=[] bounds=[Stores@[39,701][218,782],Popular@[690,809][925,914],Top Rated@[952,809][1080,914],]
13:12:34 n=16 flags=[] HDR=1 title=[Stores,] count=[] bounds=[Stores@[39,701][218,782],Popular@[690,809][925,914],Top Rated@[952,809][1080,914],]
13:12:36 n=16 flags=[] HDR=1 title=[Stores,] count=[] bounds=[Stores@[39,701][218,782],Popular@[690,809][925,914],Top Rated@[952,809][1080,914],]
13:12:38 n=21 flags=[] HDR=1 title=[Stores,] count=[22 total,] bounds=[Stores@[39,701][218,782],Popular@[690,809][925,914],Top Rated@[952,809][1080,914],]
13:12:40 n=21 flags=[] HDR=1 title=[Stores,] count=[22 total,] bounds=[Stores@[39,701][218,782],Popular@[690,809][925,914],Top Rated@[952,809][1080,914],]
13:12:42 n=21 flags=[] HDR=1 title=[Stores,] count=[22 total,] bounds=[Stores@[39,701][218,782],Popular@[690,809][925,914],Top Rated@[952,809][1080,914],]
13:12:44 n=21 flags=[] HDR=1 title=[Stores,] count=[22 total,] bounds=[Stores@[39,701][218,782],Popular@[690,809][925,914],Top Rated@[952,809][1080,914],]
13:12:46 n=21 flags=[] HDR=1 title=[Stores,] count=[22 total,] bounds=[Stores@[39,701][218,782],Popular@[690,809][925,914],Top Rated@[952,809][1080,914],]
13:12:48 n=21 flags=[] HDR=1 title=[Stores,] count=[22 total,] bounds=[Stores@[39,701][218,782],Popular@[690,809][925,914],Top Rated@[952,809][1080,914],]
13:12:50 n=21 flags=[] HDR=1 title=[Stores,] count=[22 total,] bounds=[Stores@[39,701][218,782],Popular@[690,809][925,914],Top Rated@[952,809][1080,914],]
13:12:52 n=21 flags=[] HDR=1 title=[Stores,] count=[22 total,] bounds=[Stores@[39,701][218,782],Popular@[690,809][925,914],Top Rated@[952,809][1080,914],]
13:12:54 n=21 flags=[] HDR=1 title=[Stores,] count=[22 total,] bounds=[Stores@[39,701][218,782],Popular@[690,809][925,914],Top Rated@[952,809][1080,914],]
13:12:56 n=21 flags=[] HDR=1 title=[Stores,] count=[22 total,] bounds=[Stores@[39,701][218,782],Popular@[690,809][925,914],Top Rated@[952,809][1080,914],]
13:12:58 n=21 flags=[] HDR=1 title=[Stores,] count=[22 total,] bounds=[Stores@[39,701][218,782],Popular@[690,809][925,914],Top Rated@[952,809][1080,914],]
13:13:00 n=21 flags=[] HDR=1 title=[Stores,] count=[22 total,] bounds=[Stores@[39,701][218,782],Popular@[690,809][925,914],Top Rated@[952,809][1080,914],]
13:13:02 n=21 flags=[] HDR=1 title=[Stores,] count=[22 total,] bounds=[Stores@[39,701][218,782],Popular@[690,809][925,914],Top Rated@[952,809][1080,914],]
13:13:04 n=21 flags=[] HDR=1 title=[Stores,] count=[22 total,] bounds=[Stores@[39,701][218,782],Popular@[690,809][925,914],Top Rated@[952,809][1080,914],]
13:13:06 n=21 flags=[] HDR=1 title=[Stores,] count=[22 total,] bounds=[Stores@[39,701][218,782],Popular@[690,809][925,914],Top Rated@[952,809][1080,914],]
13:13:08 n=21 flags=[] HDR=1 title=[Stores,] count=[22 total,] bounds=[Stores@[39,701][218,782],Popular@[690,809][925,914],Top Rated@[952,809][1080,914],]
13:13:10 n=21 flags=[] HDR=1 title=[Stores,] count=[22 total,] bounds=[Stores@[39,701][218,782],Popular@[690,809][925,914],Top Rated@[952,809][1080,914],]
13:13:12 n=21 flags=[] HDR=1 title=[Stores,] count=[22 total,] bounds=[Stores@[39,701][218,782],Popular@[690,809][925,914],Top Rated@[952,809][1080,914],]
13:13:14 n=21 flags=[] HDR=1 title=[Stores,] count=[22 total,] bounds=[Stores@[39,701][218,782],Popular@[690,809][925,914],Top Rated@[952,809][1080,914],]

## run J — food(2) AR->EN (repeat)
13:16:05 n=24 flags=[] HDR=0 title=[] count=[] bounds=[]
13:16:08 n=26 flags=[] HDR=0 title=[] count=[] bounds=[]
13:16:11 n=26 flags=[] HDR=1 title=[Restaurants,] count=[] bounds=[Restaurants@[39,1918][369,1999],Popular@[690,2025][925,2130],Top Rated@[952,2025][1080,2130],]
13:16:13 n=26 flags=[] HDR=1 title=[Restaurants,] count=[] bounds=[Restaurants@[39,1918][369,1999],Popular@[690,2025][925,2130],Top Rated@[952,2025][1080,2130],]
13:16:15 n=26 flags=[] HDR=1 title=[Restaurants,] count=[] bounds=[Restaurants@[39,1918][369,1999],Popular@[690,2025][925,2130],Top Rated@[952,2025][1080,2130],]
13:16:17 n=26 flags=[] HDR=1 title=[Restaurants,] count=[] bounds=[Restaurants@[39,1918][369,1999],Popular@[690,2025][925,2130],Top Rated@[952,2025][1080,2130],]
13:16:19 n=26 flags=[] HDR=1 title=[Restaurants,] count=[] bounds=[Restaurants@[39,1918][369,1999],Popular@[690,2025][925,2130],Top Rated@[952,2025][1080,2130],]
13:16:21 n=26 flags=[] HDR=1 title=[Restaurants,] count=[] bounds=[Restaurants@[39,1918][369,1999],Popular@[690,2025][925,2130],Top Rated@[952,2025][1080,2130],]
13:16:23 n=26 flags=[] HDR=1 title=[Restaurants,] count=[] bounds=[Restaurants@[39,1918][369,1999],Popular@[690,2025][925,2130],Top Rated@[952,2025][1080,2130],]
13:16:25 n=26 flags=[] HDR=1 title=[Restaurants,] count=[] bounds=[Restaurants@[39,1918][369,1999],Popular@[690,2025][925,2130],Top Rated@[952,2025][1080,2130],]
13:16:28 n=26 flags=[] HDR=1 title=[Restaurants,] count=[] bounds=[Restaurants@[39,1918][369,1999],Popular@[690,2025][925,2130],Top Rated@[952,2025][1080,2130],]
13:16:29 n=26 flags=[] HDR=1 title=[Restaurants,] count=[] bounds=[Restaurants@[39,1918][369,1999],Popular@[690,2025][925,2130],Top Rated@[952,2025][1080,2130],]
13:16:31 n=26 flags=[] HDR=1 title=[Restaurants,] count=[] bounds=[Restaurants@[39,1918][369,1999],Popular@[690,2025][925,2130],Top Rated@[952,2025][1080,2130],]
13:16:33 n=26 flags=[] HDR=1 title=[Restaurants,] count=[] bounds=[Restaurants@[39,1918][369,1999],Popular@[690,2025][925,2130],Top Rated@[952,2025][1080,2130],]
13:16:35 n=26 flags=[] HDR=1 title=[Restaurants,] count=[] bounds=[Restaurants@[39,1918][369,1999],Popular@[690,2025][925,2130],Top Rated@[952,2025][1080,2130],]
13:16:37 n=26 flags=[] HDR=1 title=[Restaurants,] count=[] bounds=[Restaurants@[39,1918][369,1999],Popular@[690,2025][925,2130],Top Rated@[952,2025][1080,2130],]
13:16:39 n=26 flags=[] HDR=1 title=[Restaurants,] count=[] bounds=[Restaurants@[39,1918][369,1999],Popular@[690,2025][925,2130],Top Rated@[952,2025][1080,2130],]
13:16:41 n=26 flags=[] HDR=1 title=[Restaurants,] count=[] bounds=[Restaurants@[39,1918][369,1999],Popular@[690,2025][925,2130],Top Rated@[952,2025][1080,2130],]
13:16:43 n=26 flags=[] HDR=1 title=[Restaurants,] count=[] bounds=[Restaurants@[39,1918][369,1999],Popular@[690,2025][925,2130],Top Rated@[952,2025][1080,2130],]
13:16:45 n=26 flags=[] HDR=1 title=[Restaurants,] count=[] bounds=[Restaurants@[39,1918][369,1999],Popular@[690,2025][925,2130],Top Rated@[952,2025][1080,2130],]
13:16:47 n=26 flags=[] HDR=1 title=[Restaurants,] count=[] bounds=[Restaurants@[39,1918][369,1999],Popular@[690,2025][925,2130],Top Rated@[952,2025][1080,2130],]
13:16:49 n=33 flags=[] HDR=1 title=[Restaurants,] count=[15 total,] bounds=[Restaurants@[39,2086][369,2167],Popular@[690,2193][925,2298],]
13:16:51 n=33 flags=[] HDR=1 title=[Restaurants,] count=[15 total,] bounds=[Restaurants@[39,2086][369,2167],Popular@[690,2193][925,2298],]
13:16:53 n=33 flags=[] HDR=1 title=[Restaurants,] count=[15 total,] bounds=[Restaurants@[39,2086][369,2167],Popular@[690,2193][925,2298],]
13:16:55 n=33 flags=[] HDR=1 title=[Restaurants,] count=[15 total,] bounds=[Restaurants@[39,2086][369,2167],Popular@[690,2193][925,2298],]
13:16:57 n=33 flags=[] HDR=1 title=[Restaurants,] count=[15 total,] bounds=[Restaurants@[39,2086][369,2167],Popular@[690,2193][925,2298],]
13:16:59 n=33 flags=[] HDR=1 title=[Restaurants,] count=[15 total,] bounds=[Restaurants@[39,2086][369,2167],Popular@[690,2193][925,2298],]
13:17:01 n=33 flags=[] HDR=1 title=[Restaurants,] count=[15 total,] bounds=[Restaurants@[39,2086][369,2167],Popular@[690,2193][925,2298],]
13:17:03 n=33 flags=[] HDR=1 title=[Restaurants,] count=[15 total,] bounds=[Restaurants@[39,2086][369,2167],Popular@[690,2193][925,2298],]
13:17:05 n=33 flags=[] HDR=1 title=[Restaurants,] count=[15 total,] bounds=[Restaurants@[39,2086][369,2167],Popular@[690,2193][925,2298],]
13:17:07 n=33 flags=[] HDR=1 title=[Restaurants,] count=[15 total,] bounds=[Restaurants@[39,2086][369,2167],Popular@[690,2193][925,2298],]
13:17:09 n=33 flags=[] HDR=1 title=[Restaurants,] count=[15 total,] bounds=[Restaurants@[39,2086][369,2167],Popular@[690,2193][925,2298],]
13:17:11 n=33 flags=[] HDR=1 title=[Restaurants,] count=[15 total,] bounds=[Restaurants@[39,2086][369,2167],Popular@[690,2193][925,2298],]
13:17:13 n=33 flags=[] HDR=1 title=[Restaurants,] count=[15 total,] bounds=[Restaurants@[39,2086][369,2167],Popular@[690,2193][925,2298],]
13:17:15 n=33 flags=[] HDR=1 title=[Restaurants,] count=[15 total,] bounds=[Restaurants@[39,2086][369,2167],Popular@[690,2193][925,2298],]
13:17:17 n=33 flags=[] HDR=1 title=[Restaurants,] count=[15 total,] bounds=[Restaurants@[39,2086][369,2167],Popular@[690,2193][925,2298],]
13:17:19 n=33 flags=[] HDR=1 title=[Restaurants,] count=[15 total,] bounds=[Restaurants@[39,2086][369,2167],Popular@[690,2193][925,2298],]

## run H — food(2) EN->AR RTL (run H3)
13:17:55 n=21 flags=[] HDR=0 title=[] count=[] bounds=[]
13:17:58 n=26 flags=[] HDR=0 title=[] count=[] bounds=[]
13:18:01 n=25 flags=[] HDR=1 title=[متاجر,] count=[] bounds=[متاجر@[915,1905][1041,1986],شائع@[280,2012][426,2117],أعلى تصنيف@[0,2012][254,2117],]
13:18:03 n=25 flags=[] HDR=1 title=[متاجر,] count=[] bounds=[متاجر@[915,1905][1041,1986],شائع@[280,2012][426,2117],أعلى تصنيف@[0,2012][254,2117],]
13:18:05 n=25 flags=[] HDR=1 title=[متاجر,] count=[] bounds=[متاجر@[915,1905][1041,1986],شائع@[280,2012][426,2117],أعلى تصنيف@[0,2012][254,2117],]
13:18:07 n=25 flags=[] HDR=1 title=[متاجر,] count=[] bounds=[متاجر@[915,1905][1041,1986],شائع@[280,2012][426,2117],أعلى تصنيف@[0,2012][254,2117],]
13:18:09 n=25 flags=[] HDR=1 title=[متاجر,] count=[] bounds=[متاجر@[915,1905][1041,1986],شائع@[280,2012][426,2117],أعلى تصنيف@[0,2012][254,2117],]
13:18:11 n=25 flags=[] HDR=1 title=[متاجر,] count=[] bounds=[متاجر@[915,1905][1041,1986],شائع@[280,2012][426,2117],أعلى تصنيف@[0,2012][254,2117],]
13:18:13 n=25 flags=[] HDR=1 title=[متاجر,] count=[] bounds=[متاجر@[915,1905][1041,1986],شائع@[280,2012][426,2117],أعلى تصنيف@[0,2012][254,2117],]
13:18:16 n=25 flags=[] HDR=1 title=[متاجر,] count=[] bounds=[متاجر@[915,1905][1041,1986],شائع@[280,2012][426,2117],أعلى تصنيف@[0,2012][254,2117],]
13:18:18 n=25 flags=[] HDR=1 title=[متاجر,] count=[] bounds=[متاجر@[915,1905][1041,1986],شائع@[280,2012][426,2117],أعلى تصنيف@[0,2012][254,2117],]
13:18:20 n=25 flags=[] HDR=1 title=[متاجر,] count=[] bounds=[متاجر@[915,1905][1041,1986],شائع@[280,2012][426,2117],أعلى تصنيف@[0,2012][254,2117],]
13:18:22 n=25 flags=[] HDR=1 title=[متاجر,] count=[] bounds=[متاجر@[915,1905][1041,1986],شائع@[280,2012][426,2117],أعلى تصنيف@[0,2012][254,2117],]
13:18:24 n=25 flags=[] HDR=1 title=[متاجر,] count=[] bounds=[متاجر@[915,1905][1041,1986],شائع@[280,2012][426,2117],أعلى تصنيف@[0,2012][254,2117],]
13:18:26 n=25 flags=[] HDR=1 title=[متاجر,] count=[] bounds=[متاجر@[915,1905][1041,1986],شائع@[280,2012][426,2117],أعلى تصنيف@[0,2012][254,2117],]
13:18:28 n=25 flags=[] HDR=1 title=[متاجر,] count=[] bounds=[متاجر@[915,1905][1041,1986],شائع@[280,2012][426,2117],أعلى تصنيف@[0,2012][254,2117],]
13:18:30 n=25 flags=[] HDR=1 title=[متاجر,] count=[] bounds=[متاجر@[915,1905][1041,1986],شائع@[280,2012][426,2117],أعلى تصنيف@[0,2012][254,2117],]
13:18:32 n=25 flags=[] HDR=1 title=[متاجر,] count=[] bounds=[متاجر@[915,1905][1041,1986],شائع@[280,2012][426,2117],أعلى تصنيف@[0,2012][254,2117],]
13:18:34 n=25 flags=[] HDR=1 title=[متاجر,] count=[] bounds=[متاجر@[915,1905][1041,1986],شائع@[280,2012][426,2117],أعلى تصنيف@[0,2012][254,2117],]
13:18:36 n=25 flags=[] HDR=1 title=[متاجر,] count=[] bounds=[متاجر@[915,1905][1041,1986],شائع@[280,2012][426,2117],أعلى تصنيف@[0,2012][254,2117],]
13:18:38 n=25 flags=[] HDR=1 title=[متاجر,] count=[] bounds=[متاجر@[915,1905][1041,1986],شائع@[280,2012][426,2117],أعلى تصنيف@[0,2012][254,2117],]
13:18:39 n=33 flags=[] HDR=1 title=[متاجر,] count=[15 إجمالي,] bounds=[متاجر@[915,2073][1041,2154],شائع@[280,2180][426,2285],]
13:18:41 n=33 flags=[] HDR=1 title=[متاجر,] count=[15 إجمالي,] bounds=[متاجر@[915,2073][1041,2154],شائع@[280,2180][426,2285],]
13:18:43 n=33 flags=[] HDR=1 title=[متاجر,] count=[15 إجمالي,] bounds=[متاجر@[915,2073][1041,2154],شائع@[280,2180][426,2285],]
13:18:45 n=33 flags=[] HDR=1 title=[متاجر,] count=[15 إجمالي,] bounds=[متاجر@[915,2073][1041,2154],شائع@[280,2180][426,2285],]
13:18:47 n=33 flags=[] HDR=1 title=[متاجر,] count=[15 إجمالي,] bounds=[متاجر@[915,2073][1041,2154],شائع@[280,2180][426,2285],]
13:18:49 n=33 flags=[] HDR=1 title=[متاجر,] count=[15 إجمالي,] bounds=[متاجر@[915,2073][1041,2154],شائع@[280,2180][426,2285],]
13:18:51 n=33 flags=[] HDR=1 title=[متاجر,] count=[15 إجمالي,] bounds=[متاجر@[915,2073][1041,2154],شائع@[280,2180][426,2285],]
13:18:53 n=33 flags=[] HDR=1 title=[متاجر,] count=[15 إجمالي,] bounds=[متاجر@[915,2073][1041,2154],شائع@[280,2180][426,2285],]
13:18:55 n=33 flags=[] HDR=1 title=[متاجر,] count=[15 إجمالي,] bounds=[متاجر@[915,2073][1041,2154],شائع@[280,2180][426,2285],]
13:18:57 n=33 flags=[] HDR=1 title=[متاجر,] count=[15 إجمالي,] bounds=[متاجر@[915,2073][1041,2154],شائع@[280,2180][426,2285],]
13:18:59 n=33 flags=[] HDR=1 title=[متاجر,] count=[15 إجمالي,] bounds=[متاجر@[915,2073][1041,2154],شائع@[280,2180][426,2285],]
13:19:01 n=33 flags=[] HDR=1 title=[متاجر,] count=[15 إجمالي,] bounds=[متاجر@[915,2073][1041,2154],شائع@[280,2180][426,2285],]
13:19:03 n=33 flags=[] HDR=1 title=[متاجر,] count=[15 إجمالي,] bounds=[متاجر@[915,2073][1041,2154],شائع@[280,2180][426,2285],]
13:19:05 n=33 flags=[] HDR=1 title=[متاجر,] count=[15 إجمالي,] bounds=[متاجر@[915,2073][1041,2154],شائع@[280,2180][426,2285],]
13:19:07 n=33 flags=[] HDR=1 title=[متاجر,] count=[15 إجمالي,] bounds=[متاجر@[915,2073][1041,2154],شائع@[280,2180][426,2285],]
13:19:09 n=33 flags=[] HDR=1 title=[متاجر,] count=[15 إجمالي,] bounds=[متاجر@[915,2073][1041,2154],شائع@[280,2180][426,2285],]

## run chip — sweep: food Popular chip, 12s delay
13:20:35 n=12 flags=[] HDR=1 title=[Stores,] count=[] bounds=[Stores@[39,173][218,255],Popular@[696,281][925,386],Top Rated@[952,281][1080,386],]
13:20:37 n=12 flags=[] HDR=1 title=[Stores,] count=[] bounds=[Stores@[39,173][218,255],Popular@[696,281][925,386],Top Rated@[952,281][1080,386],]
13:20:39 n=12 flags=[] HDR=1 title=[Stores,] count=[] bounds=[Stores@[39,173][218,255],Popular@[696,281][925,386],Top Rated@[952,281][1080,386],]
13:20:41 n=12 flags=[] HDR=1 title=[Stores,] count=[] bounds=[Stores@[39,173][218,255],Popular@[696,281][925,386],Top Rated@[952,281][1080,386],]
13:20:43 n=12 flags=[] HDR=1 title=[Stores,] count=[] bounds=[Stores@[39,173][218,255],Popular@[696,281][925,386],Top Rated@[952,281][1080,386],]
13:20:45 n=12 flags=[] HDR=1 title=[Stores,] count=[] bounds=[Stores@[39,173][218,255],Popular@[696,281][925,386],Top Rated@[952,281][1080,386],]
13:20:47 n=22 flags=[] HDR=1 title=[Stores,] count=[15 total,] bounds=[Stores@[39,173][218,255],Popular@[696,281][925,386],]
13:20:49 n=22 flags=[] HDR=1 title=[Stores,] count=[15 total,] bounds=[Stores@[39,173][218,255],Popular@[696,281][925,386],]
13:20:51 n=22 flags=[] HDR=1 title=[Stores,] count=[15 total,] bounds=[Stores@[39,173][218,255],Popular@[696,281][925,386],]
13:20:53 n=22 flags=[] HDR=1 title=[Stores,] count=[15 total,] bounds=[Stores@[39,173][218,255],Popular@[696,281][925,386],]
13:20:55 n=22 flags=[] HDR=1 title=[Stores,] count=[15 total,] bounds=[Stores@[39,173][218,255],Popular@[696,281][925,386],]
13:20:57 n=22 flags=[] HDR=1 title=[Stores,] count=[15 total,] bounds=[Stores@[39,173][218,255],Popular@[696,281][925,386],]
13:20:59 n=22 flags=[] HDR=1 title=[Stores,] count=[15 total,] bounds=[Stores@[39,173][218,255],Popular@[696,281][925,386],]

## runs A, B, B2, H, H2 are VOID (header never on screen: home at scroll-top, Update label miss, or on-home marker miss). They are neither pass nor fail and are kept out of the verdict.

## app [NET] get-stores status: all http_status=200 (28 in session log), 0 4xx/5xx. [FAIL] lines: only launch-time Firebase env failures on the suffixed package (FirebaseInitFailure/KilledLaunchNotificationFailure/FcmTokenFetchFailure/FcmTopicConfigFailure). Pre-existing, not in any AC action window.
