NEARS-2253 AC1 — GET /api/v1/vendor/order?order_id=163 (vendor 1, DM 4), decoded HTTP body.
KEY NAMES ONLY — no values: the pre-fix payload carries real courier PII.

PRE-FIX  delivery_man keys (27):
  active
  application_status
  assigned_order_count
  created_at
  current_orders
  earning
  email
  f_name
  fcm_token
  id
  identity_number
  identity_type
  image
  image_full_url
  l_name
  loyalty_point
  order_count
  phone
  ref_by
  ref_code
  status
  storage
  store_id
  type
  updated_at
  vehicle_id
  zone_id

POST-FIX delivery_man keys (10):
  available
  avg_rating
  f_name
  id
  image_full_url
  l_name
  lat
  lng
  location
  rating_count

REMOVED (23): active, application_status, assigned_order_count, created_at, current_orders, earning, email, fcm_token, identity_number, identity_type, image, loyalty_point, order_count, phone, ref_by, ref_code, status, storage, store_id, type, updated_at, vehicle_id, zone_id
ADDED   (6): available, avg_rating, lat, lng, location, rating_count
