SOURCED_RC=0
UIFIND_RESOLVES_TO=/Users/Apple/Projects/nears-NEARS-1502-uifind-failopen/scripts/app-nav/uifind.py
ec145b17dd45d40c82cccb9a74a3f779
=== STEP1 home ui_list ===
STEP1_RC=0
uifind: emulator-5562 dumped 12200 bytes from /sdcard/uinav-f66976a31de349b89f8ee823b798afc4.xml; parsed 34 node(s), 13 labelled
STEP1_LABELS=29
=== STEP2 ui_tap Categories ===
STEP2_RC=0
tap 'Categories' @ 672 421
uifind: emulator-5562 dumped 12200 bytes from /sdcard/uinav-e43101ae085c40a291729b2d8d78f366.xml; parsed 34 node(s), 13 labelled
=== STEP3 categories ui_list ===
STEP3_RC=0
uifind: emulator-5562 dumped 7151 bytes from /sdcard/uinav-ad80b0f5df194430a53e9ddeddebb348.xml; parsed 20 node(s), 11 labelled
STEP3_LABELS=10
Back
Burger
Chicken
Coffee
Deliver To: 9 Av 2, Dhaka 1216, Bangladesh
Grocery
Pizza
Salad
=== STEP4 back ===
STEP4_RC=0
uifind: emulator-5562 dumped 12200 bytes from /sdcard/uinav-520a0efad2664a11bc7acb1f870d592e.xml; parsed 34 node(s), 13 labelled
STEP4_LABELS=29
=== FRESHNESS: label-set disjointness home vs categories ===
ONLY_IN_CATEGORIES=9
ONLY_IN_HOME=18
--- sample labels unique to Categories ---
Back
Burger
Chicken
Coffee
Deliver To: 9 Av 2, Dhaka 1216, Bangladesh
Grocery
=== home(step1) vs back(step4) identical? ===
HOME_EQ_BACK_RC=0  (0 = returned to same screen)
