07-03 13:41:34.203  2969  2969 I flutter : ====> API Call: /api/v1/vendor/order?order_id=171
07-03 13:41:34.203  2969  2969 I flutter : Header: {Content-Type: application/json; charset=UTF-8, X-localization: en, moduleId: 1, Authorization: Bearer Et0r7t1..., vendorType: owner}
07-03 13:41:34.448  2969  2969 I flutter : ====> API Response: [200] /api/v1/vendor/order?order_id=171
07-03 13:41:34.448  2969  2969 I flutter : [NET] endpoint=/api/v1/vendor/order http_status=200
07-03 13:41:34.448  2969  2969 I flutter : ====> API Call: /api/v1/vendor/order-details?order_id=171
07-03 13:41:34.449  2969  2969 I flutter : Header: {Content-Type: application/json; charset=UTF-8, X-localization: en, moduleId: 1, Authorization: Bearer Et0r7t1..., vendorType: owner}
07-03 13:41:34.573  2969  2969 I flutter : ====> API Response: [200] /api/v1/vendor/order-details?order_id=171
07-03 13:41:34.573  2969  2969 I flutter : [NET] endpoint=/api/v1/vendor/order-details http_status=200
07-03 13:41:44.451  2969  2969 I flutter : ====> API Call: /api/v1/vendor/order?order_id=171
07-03 13:41:44.451  2969  2969 I flutter : Header: {Content-Type: application/json; charset=UTF-8, X-localization: en, moduleId: 1, Authorization: Bearer Et0r7t1..., vendorType: owner}
07-03 13:41:44.576  2969  2969 I flutter : ====> API Response: [200] /api/v1/vendor/order?order_id=171
07-03 13:41:44.577  2969  2969 I flutter : [NET] endpoint=/api/v1/vendor/order http_status=200
07-03 13:41:54.454  2969  2969 I flutter : ====> API Call: /api/v1/vendor/order?order_id=171
07-03 13:41:54.454  2969  2969 I flutter : Header: {Content-Type: application/json; charset=UTF-8, X-localization: en, moduleId: 1, Authorization: Bearer Et0r7t1..., vendorType: owner}
07-03 13:41:54.583  2969  2969 I flutter : ====> API Response: [200] /api/v1/vendor/order?order_id=171
07-03 13:41:54.583  2969  2969 I flutter : [NET] endpoint=/api/v1/vendor/order http_status=200
07-03 13:42:04.450  2969  2969 I flutter : ====> API Call: /api/v1/vendor/order?order_id=171
07-03 13:42:04.450  2969  2969 I flutter : Header: {Content-Type: application/json; charset=UTF-8, X-localization: en, moduleId: 1, Authorization: Bearer Et0r7t1..., vendorType: owner}
07-03 13:42:04.570  2969  2969 I flutter : ====> API Response: [200] /api/v1/vendor/order?order_id=171
07-03 13:42:04.570  2969  2969 I flutter : [NET] endpoint=/api/v1/vendor/order http_status=200
07-03 13:42:14.455  2969  2969 I flutter : ====> API Call: /api/v1/vendor/order?order_id=171
07-03 13:42:14.455  2969  2969 I flutter : Header: {Content-Type: application/json; charset=UTF-8, X-localization: en, moduleId: 1, Authorization: Bearer Et0r7t1..., vendorType: owner}
07-03 13:42:14.549  2969  2969 I flutter : ====> API Response: [200] /api/v1/vendor/order?order_id=171
07-03 13:42:14.550  2969  2969 I flutter : [NET] endpoint=/api/v1/vendor/order http_status=200
07-03 13:42:24.452  2969  2969 I flutter : ====> API Call: /api/v1/vendor/order?order_id=171
07-03 13:42:24.452  2969  2969 I flutter : Header: {Content-Type: application/json; charset=UTF-8, X-localization: en, moduleId: 1, Authorization: Bearer Et0r7t1..., vendorType: owner}
07-03 13:42:24.591  2969  2969 I flutter : ====> API Response: [200] /api/v1/vendor/order?order_id=171
07-03 13:42:24.591  2969  2969 I flutter : [NET] endpoint=/api/v1/vendor/order http_status=200
07-03 13:42:34.450  2969  2969 I flutter : ====> API Call: /api/v1/vendor/order?order_id=171
07-03 13:42:34.450  2969  2969 I flutter : Header: {Content-Type: application/json; charset=UTF-8, X-localization: en, moduleId: 1, Authorization: Bearer Et0r7t1..., vendorType: owner}
07-03 13:42:34.550  2969  2969 I flutter : ====> API Response: [200] /api/v1/vendor/order?order_id=171
07-03 13:42:34.550  2969  2969 I flutter : [NET] endpoint=/api/v1/vendor/order http_status=200
07-03 13:42:44.451  2969  2969 I flutter : ====> API Call: /api/v1/vendor/order?order_id=171
07-03 13:42:44.451  2969  2969 I flutter : Header: {Content-Type: application/json; charset=UTF-8, X-localization: en, moduleId: 1, Authorization: Bearer Et0r7t1..., vendorType: owner}
07-03 13:42:44.552  2969  2969 I flutter : ====> API Response: [200] /api/v1/vendor/order?order_id=171
07-03 13:42:44.552  2969  2969 I flutter : [NET] endpoint=/api/v1/vendor/order http_status=200
07-03 13:42:54.452  2969  2969 I flutter : ====> API Call: /api/v1/vendor/order?order_id=171
07-03 13:42:54.452  2969  2969 I flutter : Header: {Content-Type: application/json; charset=UTF-8, X-localization: en, moduleId: 1, Authorization: Bearer Et0r7t1..., vendorType: owner}
07-03 13:42:54.571  2969  2969 I flutter : ====> API Response: [200] /api/v1/vendor/order?order_id=171
07-03 13:42:54.571  2969  2969 I flutter : [NET] endpoint=/api/v1/vendor/order http_status=200
