boot-session QA-3721 — root /Users/Apple/Projects/nears-NEARS-3721-live-boot@d115570e7 · primary /Users/Apple/Projects/nears · state /Users/Apple/Projects/nears-NEARS-3721-live-boot/docs/qa-evidence/NEARS-3721/c1/state/state.tsv
== backend :8000
  · listener pid 7597 (/Users/Apple/Projects/nears@53e4dda4f) — reused
    |   head:   53e4dda4f (53e4dda4fefb5d959754f219f4e3e51eed2ec4a8)
    |   behind 'feat/userapp-reskin2': 2 commit(s)
    |   ticket: none derivable from branch 'feat/human-qa-uiux' — not a per-ticket worktree, no Done-status check applies
    | -- PASS: /Users/Apple/Projects/nears @ 53e4dda4f, not a per-ticket worktree --
== nears monitor (/Users/Apple/Projects/nears-monitor)
  · monitor pid 18060 — reused (started by this session)
  · monitor-reverb pid 17917 — reused (started by this session)
  · monitor-queue pid 17964 — reused (started by this session)
== widgetbook (/Users/Apple/Projects/nears-NEARS-3721-live-boot/widgetbook)
  · widgetbook :8090 pid 18154 — reused (started by this session)
== emulators (one per app)
SKIP emulator-5554: foreign — driven from another tree: pid 67790 (/Users/Apple/Projects/nears-live-NEARS-3720/UserApp), pid 68125 (/Users/Apple/Projects/nears-live-NEARS-3720/UserApp)
SKIP emulator-5556: foreign — driven from another tree: pid 5947 (/Users/Apple/Projects/nears-live-NEARS-3720/VendorApp), pid 6138 (/Users/Apple/Projects/nears-live-NEARS-3720/VendorApp)
SKIP emulator-5558: foreign — driven from another tree: pid 6158 (/Users/Apple/Projects/nears-live-NEARS-3720/DeliveryApp), pid 6359 (/Users/Apple/Projects/nears-live-NEARS-3720/DeliveryApp)
  · booting AVD NEARS_2411_QA as emulator-5560 for VendorApp (pid 24410, log /Users/Apple/Projects/nears-NEARS-3721-live-boot/docs/qa-evidence/NEARS-3721/c1/state/emulator-5560.log)
  · VendorApp: AVD NEARS_2411_QA (emulator-5560) booted with only 570MB free on /data (floor 800MB) — stopping it, trying the next AVD
  · booting AVD NEARS_2414_QA as emulator-5562 for VendorApp (pid 24812, log /Users/Apple/Projects/nears-NEARS-3721-live-boot/docs/qa-evidence/NEARS-3721/c1/state/emulator-5562.log)
  · VendorApp: AVD NEARS_2414_QA (emulator-5562) booted with only 611MB free on /data (floor 800MB) — stopping it, trying the next AVD
  · booting AVD Pixel_10_Pro as emulator-5566 for VendorApp (pid 25170, log /Users/Apple/Projects/nears-NEARS-3721-live-boot/docs/qa-evidence/NEARS-3721/c1/state/emulator-5566.log)
  · VendorApp: AVD Pixel_10_Pro (emulator-5566) booted with only 657MB free on /data (floor 800MB) — stopping it, trying the next AVD
== watchers -> /Users/Apple/Projects/nears-NEARS-3721-live-boot/docs/qa-evidence/NEARS-3721/c1/state/watch.log
== apps
== re-probe web surfaces
== chrome tabs

READY — QA-3721
| surface | status | detail |
|---|---|---|
| backend | UP | port 8000 pid 7597 /Users/Apple/Projects/nears@53e4dda4f · freshness rc 0 |
| admin-panel | UP | 200 http://127.0.0.1:8000/login/admin |
| store-panel | UP | 200 http://127.0.0.1:8000/login/vendor |
| emulator:UserApp | UP | serial=emulator-5568 avd=nears_qa_wave56 pid 19935 ppid=1 /data=3819MB reverse tcp:80->8000 · reused (started by this session) |
| emulator:VendorApp | DOWN | every free AVD booted below the 800MB /data floor: NEARS_2411_QA=570MB NEARS_2414_QA=611MB Pixel_10_Pro=657MB — reclaim space in one by hand (read-only survey: source scripts/qa-lock-guard.sh; qa_disk_reclaim <serial>) and re-run. Boot never wipes or uninstalls. |
| emulator:DeliveryApp | UP | serial=emulator-5564 avd=NEARS_2424_QA pid 19256 ppid=1 /data=893MB reverse tcp:80->8000 · reused (started by this session) |
| app:UserApp | UP | serial=emulator-5568 pkg=com.izzes.nears.nears_nears_3721_live_boot pid 20840 /Users/Apple/Projects/nears-NEARS-3721-live-boot@d115570e7 · reload: kill -USR1 20840 · reused (started by this session) |
| app:VendorApp | DOWN | no UP emulator for VendorApp |
| app:DeliveryApp | UP | serial=emulator-5564 pkg=com.izzes.nearsdelivery pid 21556 /Users/Apple/Projects/nears-NEARS-3721-live-boot@d115570e7 · reload: kill -USR1 21556 · reused (started by this session) |
| widgetbook | UP | port=8090 pid 18154 /Users/Apple/Projects/nears-NEARS-3721-live-boot@d115570e7 http://127.0.0.1:8090/ |
| monitor | UP | port=9090 pid 18060 http://127.0.0.1:9090/ |
| monitor-reverb | UP | port=9091 pid 17917 |
| monitor-queue | UP | queue:work pid 17964 in /Users/Apple/Projects/nears-monitor |
| tab:admin | UP | reused tab http://127.0.0.1:8000/login/admin |
| tab:store | UP | reused tab http://127.0.0.1:8000/login/vendor |
| tab:widgetbook | UP | reused tab http://127.0.0.1:8090/ |
| tab:monitor | UP | reused tab http://127.0.0.1:9090/ |
| watchers | UP | 6/6 pipelines -> /Users/Apple/Projects/nears-NEARS-3721-live-boot/docs/qa-evidence/NEARS-3721/c1/state/watch.log |

DOWN emulator:VendorApp: every free AVD booted below the 800MB /data floor: NEARS_2411_QA=570MB NEARS_2414_QA=611MB Pixel_10_Pro=657MB — reclaim space in one by hand (read-only survey: source scripts/qa-lock-guard.sh; qa_disk_reclaim <serial>) and re-run. Boot never wipes or uninstalls.
DOWN app:VendorApp: no UP emulator for VendorApp
READY: 16 UP · 2 DOWN · 0 OPENED-UNCONFIRMED
validity: 18 surfaces asserted
FAIL boot-session: DOWN — emulator:VendorApp, app:VendorApp
