09-19 16:59:46.457 20875 20875 I flutter : [FAIL] framework_error library=widgets library type=_TypeError msg="Null check operator used on a null value"
09-19 16:59:46.457 20875 20875 I flutter : [FAIL] framework_error   at #0      MenuScreen.build (package:nears_vendor/features/menu/screens/menu_screen.dart:27:24)
09-19 16:59:46.457 20875 20875 I flutter : [FAIL] framework_error   at #1      StatelessElement.build (package:flutter/src/widgets/framework.dart:5889:49)
09-19 16:59:46.458 20875 20875 I flutter : [FAIL] framework_error   at #2      ComponentElement.performRebuild (package:flutter/src/widgets/framework.dart:5817:15)
09-19 16:59:46.458 20875 20875 I flutter : [FAIL] framework_error   at #3      Element.rebuild (package:flutter/src/widgets/framework.dart:5529:7)
09-19 16:59:46.458 20875 20875 I flutter : [FAIL] framework_error   at #4      ComponentElement._firstBuild (package:flutter/src/widgets/framework.dart:5799:5)
09-19 16:59:46.458 20875 20875 I flutter : [FAIL] framework_error   at #5      ComponentElement.mount (package:flutter/src/widgets/framework.dart:5793:5)
09-19 16:59:46.458 20875 20875 I flutter : [FAIL] framework_error   at #6      Element.inflateWidget (package:flutter/src/widgets/framework.dart:4587:20)
09-19 16:59:46.458 20875 20875 I flutter : [FAIL] framework_error   at #7      Element.updateChild (package:flutter/src/widgets/framework.dart:4059:18)
09-19 16:59:46.486 22777 22777 D AndroidRuntime: >>>>>> START com.android.internal.os.RuntimeInit uid 2000 <<<<<<
09-19 16:59:46.487 22777 22777 I AndroidRuntime: Using default boot image
09-19 16:59:46.487 22777 22777 I AndroidRuntime: Leaving lock profiling enabled
09-19 16:59:46.488 22777 22777 I app_process: Core platform API enforcement enabled from the hiddenapi_platform_enforcement flag and the device API level
09-19 16:59:46.488 22777 22777 I app_process: Using generational CollectorTypeCMC GC.
09-19 16:59:46.498   475   518 D AudioFlinger: mixer(0xb40078fe5a6b3790) throttle end: throttle time(33)
09-19 16:59:46.505 22777 22777 D nativeloader: InitDefaultPublicLibraries for_preload=1: libandroid.so:libaaudio.so:libamidi.so:libbinder_ndk.so:libc.so:libcamera2ndk.so:libdl.so:libEGL.so:libGLESv1_CM.so:libGLESv2.so:libGLESv3.so:libicu.so:libicui18n.so:libicuuc.so:libjnigraphics.so:liblog.so:libmediandk.so:libm.so:libnativehelper.so:libnativewindow.so:libOpenMAXAL.so:libOpenSLES.so:libRS.so:libstdc++.so:libsync.so:libvulkan.so:libwebviewchromium_plat_support.so:libz.so
09-19 16:59:46.509 22777 22777 D nativeloader: Load libicu_jni.so using APEX ns com_android_art for caller /apex/com.android.art/javalib/core-oj.jar: ok
09-19 16:59:46.509 22777 22777 D app_process: u_setTimeZoneFilesDirectory("/apex/com.android.tzdata/etc/tz/versioned/10/icu") succeeded. 
09-19 16:59:46.509 22777 22777 D app_process: I18n APEX ICU file found: /apex/com.android.i18n/etc/icu/icudt78l.dat
09-19 16:59:46.509 22777 22777 D nativeloader: Load libjavacore.so using APEX ns com_android_art for caller /apex/com.android.art/javalib/core-oj.jar: ok
09-19 16:59:46.510 22777 22777 D nativeloader: Load libopenjdk.so using APEX ns com_android_art for caller /apex/com.android.art/javalib/core-oj.jar: ok
09-19 16:59:46.510 22777 22777 I app_process: Priority-to-niceness mapping: 19, 16, 13, 10, 0, -2, -4, -5, -6, -8
09-19 16:59:46.511 22777 22777 W app_process: ClassLoaderContext shared library size mismatch. Expected=2, found=0 (PCL[]{PCL[/system/framework/android.test.base.jar*736588042]#PCL[/system/framework/android.test.mock.jar*4008448454]} | PCL[])
09-19 16:59:46.511 22777 22777 W app_process: ClassLoaderContext classpath size mismatch. expected=0, found=1 (PCL[]{PCL[/system/framework/android.test.runner.jar*805256125]{PCL[/system/framework/android.test.base.jar*736588042]#PCL[/system/framework/android.test.mock.jar*4008448454]}#PCL[/system/framework/android.test.base.jar*736588042]} | PCL[/system/framework/android.test.runner.jar*805256125])
09-19 16:59:46.516   633   938 D FileUtils: Rounded bytes from 3155017728 to 4000000000
09-19 16:59:46.520 22777 22777 D nativeloader: Load libframework-connectivity-tiramisu-jni.so using APEX ns com_android_tethering for caller /apex/com.android.tethering/javalib/framework-connectivity-t.jar: ok
09-19 16:59:46.520 22777 22777 D AndroidRuntime: Calling main entry com.android.commands.uiautomator.Launcher
09-19 16:59:46.521 22777 22777 I AconfigPackage: android.media.swcodec.flags is mapped to com.android.media.swcodec
09-19 16:59:46.521 22777 22777 I AconfigPackage: com.android.permission.flags is mapped to com.android.permission
09-19 16:59:46.521 22777 22777 I AconfigPackage: com.android.permissioncontroller.flags is mapped to com.android.permission
09-19 16:59:46.522 22777 22777 I AconfigPackage: com.google.android.widevine.flags is mapped to com.google.android.widevine
09-19 16:59:46.522 22777 22777 I AconfigPackage: com.android.icu is mapped to com.android.i18n
09-19 16:59:46.522 22777 22777 I AconfigPackage: com.android.appsearch.flags is mapped to com.android.appsearch
09-19 16:59:46.522 22777 22777 I AconfigPackage: com.android.uprobestats.flags is mapped to com.android.uprobestats
09-19 16:59:46.522 22777 22777 I AconfigPackage: android.uprobestats.mainline.flags is mapped to com.android.uprobestats
09-19 16:59:46.522 22777 22777 I AconfigPackage: com.android.crashrecovery.flags is mapped to com.android.crashrecovery
09-19 16:59:46.522 22777 22777 I AconfigPackage: android.provider.flags is mapped to com.android.configinfrastructure
09-19 16:59:46.522 22777 22777 I AconfigPackage: com.android.server.deviceconfig is mapped to com.android.configinfrastructure
09-19 16:59:46.522 22777 22777 I AconfigPackage: com.android.art.flags is mapped to com.android.art
09-19 16:59:46.522 22777 22777 I AconfigPackage: com.android.art.rw.flags is mapped to com.android.art
09-19 16:59:46.522 22777 22777 I AconfigPackage: com.android.libcore is mapped to com.android.art
