06-17 13:31:55.617 I/flutter (14114): 📊 analytics: app_open {}
06-17 13:31:59.789 I/flutter (14114): ====> API Response: [200] /api/v1/customer/cart/list?guest_id=101
06-17 13:32:00.041 I/flutter (14114): ====> API Response: [200] /api/v1/config
06-17 13:32:00.723 I/flutter (14114): ===== Home Screen Load Data =====
06-17 13:32:02.574 I/flutter (14114): ====> API Response: [200] /api/v1/config/get-zone-id?lat=24.3999983&lng=54.45
06-17 13:32:02.582 I/flutter (14114): ====in zone: true
06-17 13:32:02.657 I/flutter (14114): ====> API Response: [200] /api/v1/config/get-zone-id?lat=24.3999983&lng=54.45
06-17 13:32:02.657 I/flutter (14114): ====in zone: true
06-17 13:32:02.674 I/flutter (14114): ====> API Response: [200] /api/v1/banners?featured=1
06-17 13:32:02.690 I/flutter (14114): ====> API Response: [200] /api/v1/module
06-17 13:32:02.703 I/flutter (14114): 📊 analytics: sectors_shown {sectors_count: 4, zone_id: 2}
06-17 13:32:02.984 I/flutter (14114): ====> API Response: [200] /api/v1/stores/get-stores/all?featured=1&offset=1&limit=50
06-17 13:37:10.162 I/adbd    (  492): adbd service requested 'shell,v2,TERM=xterm-256color,raw:log -t QAMARK ===NEARS-415 LOGIN-SUBMIT-BEGIN==='
06-17 13:37:10.179 I/QAMARK  (14964): ===NEARS-415 LOGIN-SUBMIT-BEGIN===
06-17 13:37:11.179 I/flutter (14114): ====> API Response: [200] /api/v1/auth/login
06-17 13:37:12.193 I/flutter (14114): ====> API Response: [200] /api/v1/customer/cm-firebase-token
06-17 13:37:12.224 I/flutter (14114): 📊 analytics: login {method: phone}
06-17 13:37:12.896 I/flutter (14114): ====> API Response: [200] /api/v1/customer/info
06-17 13:37:13.206 I/flutter (14114): ====> API Response: [200] /api/v1/customer/info
06-17 13:37:13.206 I/flutter (14114): ====> API Response: [200] /api/v1/customer/cart/list
06-17 13:39:03.735 I/adbd    (  492): adbd service requested 'shell,v2,TERM=xterm-256color,raw:log -t QAMARK ===NEARS-415 ADDRESS-LIST-BEGIN==='
06-17 13:39:03.758 I/QAMARK  (15061): ===NEARS-415 ADDRESS-LIST-BEGIN===
06-17 13:39:06.860 I/flutter (14114): ====> API Response: [200] /api/v1/customer/address/list
