# VM logging listen started 13:34:52
[LOG] Instance "AnalyticsService" has been created
[LOG] Instance "AnalyticsService" has been initialized
[LOG] Instance "PricingServiceInterface" has been created
[LOG] Instance "ThemeController" has been created
[LOG] Instance "SharedPreferences" has been created
[LOG] Instance "ThemeController" has been initialized
[LOG] Instance "LocalizationController" has been created
[LOG] Instance "LanguageServiceInterface" has been created
[LOG] Instance "LanguageRepositoryInterface" has been created
[LOG] Instance "ApiClient" has been created
[LOG] Instance "ApiClient" has been initialized
[LOG] Instance "LocalizationController" has been initialized
[LOG] Instance "SplashController" has been created
[LOG] Instance "SplashServiceInterface" has been created
[LOG] Instance "SplashRepositoryInterface" has been created
[LOG] Instance "SplashController" has been initialized
[LOG] Instance "GetMaterialController" has been created
[LOG] Instance "GetMaterialController" has been initialized
[LOG] GOING TO ROUTE /splash?data=null&deeplink=null
[LOG] Instance "ModuleController" has been created
[LOG] Instance "ModuleController" has been initialized
[LOG] Instance "AuthController" has been created
[LOG] Instance "AuthServiceInterface" has been created
[LOG] Instance "AuthRepositoryInterface" has been created
[LOG] Instance "AuthController" has been initialized
[LOG] Instance "CartController" has been created
[LOG] Instance "CartServiceInterface" has been created
[LOG] Instance "CartRepositoryInterface<dynamic>" has been created
[LOG] Instance "CartController" has been initialized
[LOG] ====> API Call: /api/v1/customer/cart/list?guest_id=101
Header: {Content-Type: application/json; charset=UTF-8, X-localization: 
[LOG] ====> API Call: /api/v1/config
Header: {moduleId: 3, Content-Type: application/json; charset=UTF-8, zoneId: [2], X-localization:
[LOG] REPLACE ROUTE /splash?data=null&deeplink=null
[LOG] NEW ROUTE /?module=pharmacy&from-splash=true
[LOG] Instance "HomeController" has been created
[LOG] Instance "HomeServiceInterface" has been created
[LOG] Instance "HomeRepositoryInterface<dynamic>" has been created
[LOG] Instance "HomeController" has been initialized
[LOG] Instance "OrderController" has been created
[LOG] Instance "OrderServiceInterface" has been created
[LOG] Instance "OrderRepositoryInterface" has been created
[LOG] Instance "OrderController" has been initialized
[LOG] Instance "LocationController" has been created
[LOG] Instance "LocationServiceInterface" has been created
[LOG] Instance "LocationRepositoryInterface<dynamic>" has been created
[LOG] Instance "LocationController" has been initialized
[LOG] Instance "FlashSaleController" has been created
[LOG] Instance "FlashSaleServiceInterface" has been created
[LOG] Instance "FlashSaleRepositoryInterface<dynamic>" has been created
[LOG] Instance "FlashSaleController" has been initialized
[LOG] Instance "BannerController" has been created
[LOG] Instance "BannerServiceInterface" has been created
[LOG] Instance "BannerRepositoryInterface" has been created
[LOG] Instance "BannerController" has been initialized
[LOG] ====> API Call: /api/v1/banners?featured=1
Header: {Content-Type: application/json; charset=UTF-8, zoneId: [2], X-localization: 
[LOG] Instance "StoreController" has been created
[LOG] Instance "StoreServiceInterface" has been created
[LOG] Instance "StoreRepositoryInterface" has been created
[LOG] Instance "StoreController" has been initialized
[LOG] ====> API Call: /api/v1/config/get-zone-id?lat=24.3999983&lng=54.45
Header: {moduleId: 3, Content-Type: application/json; charse
[LOG] Instance "AddressController" has been created
[LOG] Instance "AddressServiceInterface" has been created
[LOG] Instance "AddressRepositoryInterface<dynamic>" has been created
[LOG] Instance "AddressController" has been initialized
[LOG] Instance "NotificationController" has been created
[LOG] Instance "NotificationServiceInterface" has been created
[LOG] Instance "NotificationRepositoryInterface" has been created
[LOG] Instance "NotificationController" has been initialized
[LOG] Instance "ProfileController" has been created
[LOG] Instance "ProfileServiceInterface" has been created
[LOG] Instance "ProfileRepositoryInterface" has been created
[LOG] Instance "ProfileController" has been initialized
[LOG] ====> API Call: /api/v1/module
Header: {moduleId: 3, Content-Type: application/json; charset=UTF-8, zoneId: [2], X-localization:
[LOG] ====> API Call: /api/v1/stores/get-stores/all?featured=1&offset=1&limit=50
Header: {Content-Type: application/json; charset=UTF-
[LOG] ====> API Call: /api/v1/config/get-zone-id?lat=24.3999983&lng=54.45
Header: {moduleId: 3, Content-Type: application/json; charse
[LOG] Instance "FavouriteController" has been created
[LOG] Instance "FavouriteServiceInterface" has been created
[LOG] Instance "FavouriteRepositoryInterface<dynamic>" has been created
[LOG] Instance "FavouriteController" has been initialized
[LOG] Instance "MenuController" has been created
[LOG] Instance "MenuController" has been initialized
[LOG] GOING TO ROUTE /sign-in?page=/?module=pharmacy&from-splash=true
[OUT] flutter: 📊 analytics: app_open {}[OUT] 
[OUT] flutter: =======splash screen calling-------------: /splash?data=null&deeplink=null[OUT] 
[OUT] flutter: -------going to splash screen======2[OUT] 
[OUT] flutter: ====> API Response: [200] /api/v1/customer/cart/list?guest_id=101[OUT] 
[OUT] flutter: ====> API Response: [200] /api/v1/config[OUT] 
[OUT] flutter: =====deeplink url: null and canRoute: true[OUT] 
[OUT] flutter: =======route: pharmacy // true[OUT] 
[OUT] flutter: =======wait for module: pharmacy[OUT] 
[OUT] flutter: -----111-----config model is null: false // address: Instance of 'AddressModel' // false[OUT] 
[OUT] flutter: -------address is not null, proceeding----[OUT] 
[OUT] flutter: -------from deeplink, not executing function[OUT] 
[OUT] flutter: -------module future builder: ConnectionState.waiting // has data: false // error: false[OUT] 
[OUT] flutter: -------module future builder: ConnectionState.done // has data: false // error: false[OUT] 
[OUT] flutter: ===== Home Screen Load Data =====[OUT] 
[OUT] flutter: ====> API Response: [200] /api/v1/config/get-zone-id?lat=24.3999983&lng=54.45[OUT] 
[OUT] flutter: ====in zone: true[OUT] 
[OUT] flutter: ====> API Response: [200] /api/v1/config/get-zone-id?lat=24.3999983&lng=54.45[OUT] 
[OUT] flutter: ====in zone: true[OUT] 
[OUT] flutter: ====> API Response: [200] /api/v1/banners?featured=1[OUT] 
[OUT] flutter: ====> API Response: [200] /api/v1/module[OUT] 
[OUT] flutter: 📊 analytics: sectors_shown {sectors_count: 4, zone_id: 2}[OUT] 
[OUT] flutter: ====> API Response: [200] /api/v1/stores/get-stores/all?featured=1&offset=1&limit=50[OUT] 
[LOG] GOING TO ROUTE /forgot-password
[LOG] Instance "VerificationController" has been created
[LOG] Instance "VerificationServiceInterface" has been created
[LOG] Instance "VerificationRepositoryInterface<dynamic>" has been created
[LOG] Instance "VerificationController" has been initialized
[LOG] CLOSE TO ROUTE /forgot-password
[LOG] GOING TO ROUTE /forgot-password
[LOG] CLOSE TO ROUTE /forgot-password
# done
# VM logging listen started 13:37:22
[LOG] Instance "AnalyticsService" has been created
[LOG] Instance "AnalyticsService" has been initialized
[LOG] Instance "PricingServiceInterface" has been created
[LOG] Instance "ThemeController" has been created
[LOG] Instance "SharedPreferences" has been created
[LOG] Instance "ThemeController" has been initialized
[LOG] Instance "LocalizationController" has been created
[LOG] Instance "LanguageServiceInterface" has been created
[LOG] Instance "LanguageRepositoryInterface" has been created
[LOG] Instance "ApiClient" has been created
[LOG] Instance "ApiClient" has been initialized
[LOG] Instance "LocalizationController" has been initialized
[LOG] Instance "SplashController" has been created
[LOG] Instance "SplashServiceInterface" has been created
[LOG] Instance "SplashRepositoryInterface" has been created
[LOG] Instance "SplashController" has been initialized
[LOG] Instance "GetMaterialController" has been created
[LOG] Instance "GetMaterialController" has been initialized
[LOG] GOING TO ROUTE /splash?data=null&deeplink=null
[LOG] Instance "ModuleController" has been created
[LOG] Instance "ModuleController" has been initialized
[LOG] Instance "AuthController" has been created
[LOG] Instance "AuthServiceInterface" has been created
[LOG] Instance "AuthRepositoryInterface" has been created
[LOG] Instance "AuthController" has been initialized
[LOG] Instance "CartController" has been created
[LOG] Instance "CartServiceInterface" has been created
[LOG] Instance "CartRepositoryInterface<dynamic>" has been created
[LOG] Instance "CartController" has been initialized
[LOG] ====> API Call: /api/v1/customer/cart/list?guest_id=101
Header: {Content-Type: application/json; charset=UTF-8, X-localization: 
[LOG] ====> API Call: /api/v1/config
Header: {moduleId: 3, Content-Type: application/json; charset=UTF-8, zoneId: [2], X-localization:
[LOG] REPLACE ROUTE /splash?data=null&deeplink=null
[LOG] NEW ROUTE /?module=pharmacy&from-splash=true
[LOG] Instance "HomeController" has been created
[LOG] Instance "HomeServiceInterface" has been created
[LOG] Instance "HomeRepositoryInterface<dynamic>" has been created
[LOG] Instance "HomeController" has been initialized
[LOG] Instance "OrderController" has been created
[LOG] Instance "OrderServiceInterface" has been created
[LOG] Instance "OrderRepositoryInterface" has been created
[LOG] Instance "OrderController" has been initialized
[LOG] Instance "LocationController" has been created
[LOG] Instance "LocationServiceInterface" has been created
[LOG] Instance "LocationRepositoryInterface<dynamic>" has been created
[LOG] Instance "LocationController" has been initialized
[LOG] Instance "FlashSaleController" has been created
[LOG] Instance "FlashSaleServiceInterface" has been created
[LOG] Instance "FlashSaleRepositoryInterface<dynamic>" has been created
[LOG] Instance "FlashSaleController" has been initialized
[LOG] Instance "BannerController" has been created
[LOG] Instance "BannerServiceInterface" has been created
[LOG] Instance "BannerRepositoryInterface" has been created
[LOG] Instance "BannerController" has been initialized
[LOG] ====> API Call: /api/v1/banners?featured=1
Header: {Content-Type: application/json; charset=UTF-8, zoneId: [2], X-localization: 
[LOG] Instance "StoreController" has been created
[LOG] Instance "StoreServiceInterface" has been created
[LOG] Instance "StoreRepositoryInterface" has been created
[LOG] Instance "StoreController" has been initialized
[LOG] ====> API Call: /api/v1/config/get-zone-id?lat=24.3999983&lng=54.45
Header: {moduleId: 3, Content-Type: application/json; charse
[LOG] Instance "AddressController" has been created
[LOG] Instance "AddressServiceInterface" has been created
[LOG] Instance "AddressRepositoryInterface<dynamic>" has been created
[LOG] Instance "AddressController" has been initialized
[LOG] Instance "NotificationController" has been created
[LOG] Instance "NotificationServiceInterface" has been created
[LOG] Instance "NotificationRepositoryInterface" has been created
[LOG] Instance "NotificationController" has been initialized
[LOG] Instance "ProfileController" has been created
[LOG] Instance "ProfileServiceInterface" has been created
[LOG] Instance "ProfileRepositoryInterface" has been created
[LOG] Instance "ProfileController" has been initialized
[LOG] ====> API Call: /api/v1/module
Header: {moduleId: 3, Content-Type: application/json; charset=UTF-8, zoneId: [2], X-localization:
[LOG] ====> API Call: /api/v1/stores/get-stores/all?featured=1&offset=1&limit=50
Header: {Content-Type: application/json; charset=UTF-
[LOG] ====> API Call: /api/v1/config/get-zone-id?lat=24.3999983&lng=54.45
Header: {moduleId: 3, Content-Type: application/json; charse
[LOG] Instance "FavouriteController" has been created
[LOG] Instance "FavouriteServiceInterface" has been created
[LOG] Instance "FavouriteRepositoryInterface<dynamic>" has been created
[LOG] Instance "FavouriteController" has been initialized
[LOG] Instance "MenuController" has been created
[LOG] Instance "MenuController" has been initialized
[LOG] GOING TO ROUTE /sign-in?page=/?module=pharmacy&from-splash=true
[LOG] GOING TO ROUTE /forgot-password
[LOG] Instance "VerificationController" has been created
[LOG] Instance "VerificationServiceInterface" has been created
[LOG] Instance "VerificationRepositoryInterface<dynamic>" has been created
[LOG] Instance "VerificationController" has been initialized
[LOG] CLOSE TO ROUTE /forgot-password
[LOG] GOING TO ROUTE /forgot-password
[LOG] CLOSE TO ROUTE /forgot-password
[OUT] flutter: 📊 analytics: app_open {}[OUT] 
[OUT] flutter: =======splash screen calling-------------: /splash?data=null&deeplink=null[OUT] 
[OUT] flutter: -------going to splash screen======2[OUT] 
[OUT] flutter: ====> API Response: [200] /api/v1/customer/cart/list?guest_id=101[OUT] 
[OUT] flutter: ====> API Response: [200] /api/v1/config[OUT] 
[OUT] flutter: =====deeplink url: null and canRoute: true[OUT] 
[OUT] flutter: =======route: pharmacy // true[OUT] 
[OUT] flutter: =======wait for module: pharmacy[OUT] 
[OUT] flutter: -----111-----config model is null: false // address: Instance of 'AddressModel' // false[OUT] 
[OUT] flutter: -------address is not null, proceeding----[OUT] 
[OUT] flutter: -------from deeplink, not executing function[OUT] 
[OUT] flutter: -------module future builder: ConnectionState.waiting // has data: false // error: false[OUT] 
[OUT] flutter: -------module future builder: ConnectionState.done // has data: false // error: false[OUT] 
[OUT] flutter: ===== Home Screen Load Data =====[OUT] 
[OUT] flutter: ====> API Response: [200] /api/v1/config/get-zone-id?lat=24.3999983&lng=54.45[OUT] 
[OUT] flutter: ====in zone: true[OUT] 
[OUT] flutter: ====> API Response: [200] /api/v1/config/get-zone-id?lat=24.3999983&lng=54.45[OUT] 
[OUT] flutter: ====in zone: true[OUT] 
[OUT] flutter: ====> API Response: [200] /api/v1/banners?featured=1[OUT] 
[OUT] flutter: ====> API Response: [200] /api/v1/module[OUT] 
[OUT] flutter: 📊 analytics: sectors_shown {sectors_count: 4, zone_id: 2}[OUT] 
[OUT] flutter: ====> API Response: [200] /api/v1/stores/get-stores/all?featured=1&offset=1&limit=50[OUT] 
[LOG] ====> API Call: /api/v1/auth/login
Header: {moduleId: 3, Content-Type: application/json; charset=UTF-8, zoneId: [2], X-localizat
[OUT] flutter: ====> API Response: [200] /api/v1/auth/login[OUT] 
[OUT] flutter: --------Device Token---------- dw3j_xsxSDu2s8owfTKkUD:APA91bFJJZZL5dToakXsst_oHzB1Bt-KI3uiRFepN4hN1aIJfcQswE4lgSjRciZs1fFDkprjA5OzqC-q6JvTrbIGHmVQZa6rRlSJEn_GpQZYO9OVXcQrUIQ[OUT] 
[LOG] ====> API Call: /api/v1/customer/cm-firebase-token
Header: {moduleId: 3, Content-Type: application/json; charset=UTF-8, zoneId: 
[OUT] flutter: ====> API Response: [200] /api/v1/customer/cm-firebase-token[OUT] 
[LOG] ====> API Call: /api/v1/customer/info
Header: {moduleId: 3, Content-Type: application/json; charset=UTF-8, zoneId: [2], X-locali
[LOG] ====> API Call: /api/v1/customer/cart/list
Header: {Content-Type: application/json; charset=UTF-8, X-localization: en, moduleId:
[OUT] flutter: 📊 analytics: login {method: phone}[OUT] 
[LOG] CLOSE TO ROUTE /sign-in?page=/?module=pharmacy&from-splash=true
[LOG] ====> API Call: /api/v1/customer/info
Header: {moduleId: 3, Content-Type: application/json; charset=UTF-8, zoneId: [2], X-locali
[OUT] flutter: ====> API Response: [200] /api/v1/customer/info[OUT] 
[OUT] flutter: ====> API Response: [200] /api/v1/customer/info[OUT] 
[OUT] flutter: ====> API Response: [200] /api/v1/customer/cart/list[OUT] 
# done
