# NEARS-3971 @ 805a1fbdb, UserApp debug, emulator-5640, pkg com.izzes.nears.nears_nears_3971, API_HOST=10.0.2.2:8139
# first launch after install (flutter run via scripts/qa-run.sh), run log lines 87-101:
E/flutter (25992): [ERROR:flutter/runtime/dart_vm_initializer.cc(40)] Unhandled Exception: "PricingServiceInterface?" not found. You need to call "Get.put(PricingServiceInterface?())" or "Get.lazyPut(()=>PricingServiceInterface?())"
E/flutter (25992): #0      GetInstance.find (package:get/get_instance/src/get_instance.dart:306:7)
E/flutter (25992): #1      Inst.find (package:get/get_instance/src/extension_instance.dart:69:45)
E/flutter (25992): #2      init.<anonymous closure> (package:nears/helper/get_di.dart:435:99)
E/flutter (25992): #3      _InstanceBuilderFactory.getDependency (package:get/get_instance/src/get_instance.dart:544:33)
E/flutter (25992): #4      GetInstance._startController (package:get/get_instance/src/get_instance.dart:252:28)
E/flutter (25992): #5      GetInstance._initDependencies (package:get/get_instance/src/get_instance.dart:205:11)
E/flutter (25992): #6      GetInstance.find (package:get/get_instance/src/get_instance.dart:302:17)
E/flutter (25992): #7      Inst.find (package:get/get_instance/src/extension_instance.dart:69:45)
E/flutter (25992): #8      SplashController._handleConfigResponse (package:nears/features/splash/controllers/splash_controller.dart:351:23)
E/flutter (25992): #9      SplashController._fetchConfigData (package:nears/features/splash/controllers/splash_controller.dart:303:7)
E/flutter (25992): <asynchronous suspension>
E/flutter (25992): #10     SplashController.getConfigData (package:nears/features/splash/controllers/splash_controller.dart:121:7)
E/flutter (25992): <asynchronous suspension>
E/flutter (25992): 

# cold relaunch (am start) -> English -> Not now -> Use my current location -> Confirm Location: screen never advances; logcat:
 26210 26210 E flutter : [ERROR:flutter/runtime/dart_vm_initializer.cc(40)] Unhandled Exception: "PricingServiceInterface?" not found. You need to call "Get.put(PricingServiceInterface?())" or "Get.lazyPut(()=>PricingServiceInterface?())"
 26210 26210 E flutter : #0      GetInstance.find (package:get/get_instance/src/get_instance.dart:306:7)
 26210 26210 E flutter : #1      Inst.find (package:get/get_instance/src/extension_instance.dart:69:45)
 26210 26210 E flutter : #2      init.<anonymous closure> (package:nears/helper/get_di.dart:435:99)
 26210 26210 E flutter : #3      _InstanceBuilderFactory.getDependency (package:get/get_instance/src/get_instance.dart:544:33)
 26210 26210 E flutter : #4      GetInstance._startController (package:get/get_instance/src/get_instance.dart:252:28)
 26210 26210 E flutter : #5      GetInstance._initDependencies (package:get/get_instance/src/get_instance.dart:205:11)
 26210 26210 E flutter : #6      GetInstance.find (package:get/get_instance/src/get_instance.dart:302:17)
 26210 26210 E flutter : #7      Inst.find (package:get/get_instance/src/extension_instance.dart:69:45)
 26210 26210 E flutter : #8      LocationController._prepareZoneData.<anonymous closure> (package:nears/features/location/controllers/location_controller.dart:1031:23)
 26210 26210 E flutter : #9      Future._propagateToListeners.handleValueCallback (dart:async/future_impl.dart:948:45)
 26210 26210 E flutter : #10     Future._propagateToListeners (dart:async/future_impl.dart:977:13)
 26210 26210 E flutter : #11     Future._completeWithValue (dart:async/future_impl.dart:720:5)
