[2026-09-13 14:49:53] testing.WARNING: [FAIL] meal period lookup failed — stores served without meal period tags {"correlation_id":"38ad7785-6479-4787-a7b0-5142ad9aafdb","source":"StoreLogic::get_stores","store_count":6,"exception":"Illuminate\\Database\\QueryException","code":"42S02"} 
[2026-09-13 14:49:53] testing.WARNING: [FAIL] meal period lookup failed — stores served without meal period tags {"correlation_id":"ad01b37c-2d98-43d7-9410-eecf98f6a1ff","source":"StoreLogic::get_stores","store_count":6,"exception":"Illuminate\\Database\\QueryException","code":"42S02"} 
[2026-09-13 14:49:53] testing.WARNING: [FAIL] meal period lookup failed — stores served without meal period tags {"correlation_id":"84c6f722-37b2-4533-b368-43ae9da10402","source":"StoreLogic::get_stores","store_count":6,"exception":"Illuminate\\Database\\QueryException","code":"42S02"} 
[2026-09-13 14:49:53] testing.WARNING: [FAIL] meal period lookup failed — stores served without meal period tags {"correlation_id":"2ac049c9-3c75-4925-8ce0-a49c8e7b886f","source":"StoreLogic::get_stores","store_count":6,"exception":"Illuminate\\Database\\QueryException","code":"42S02"} 
[2026-09-13 14:49:53] testing.WARNING: [FAIL] meal period lookup failed — stores served without meal period tags {"correlation_id":"54135bdd-a14c-43e3-89b2-e1ae13087656","source":"StoreLogic::get_stores","store_count":6,"exception":"Illuminate\\Database\\QueryException","code":"42S02"} 
[2026-09-13 14:49:53] testing.WARNING: [FAIL] meal period lookup failed — stores served without meal period tags {"correlation_id":"7c009cca-2936-4280-9c28-ba9d30d1b956","source":"StoreLogic::get_stores","store_count":6,"exception":"Illuminate\\Database\\QueryException","code":"42S02"} 
[2026-09-13 14:49:53] testing.WARNING: [FAIL] meal period lookup failed — stores served without meal period tags {"correlation_id":"7c7fe992-5988-439c-a0d6-a941d5134420","source":"StoreLogic::get_stores","store_count":6,"exception":"Illuminate\\Database\\QueryException","code":"42S02"} 
[2026-09-13 14:49:53] testing.WARNING: [FAIL] meal period lookup failed — stores served without meal period tags {"correlation_id":"76cf8022-ffbc-4417-83cf-71d38a1227bf","source":"StoreLogic::get_stores","store_count":6,"exception":"Illuminate\\Database\\QueryException","code":"42S02"} 
[2026-09-13 14:49:53] testing.WARNING: [FAIL] meal period lookup failed — stores served without meal period tags {"correlation_id":"0ca2217b-aa44-411c-abdb-078bcd9416f3","source":"StoreLogic::get_stores","store_count":6,"exception":"Illuminate\\Database\\QueryException","code":"42S02"} 
[2026-09-13 14:49:54] testing.WARNING: [FAIL] meal period lookup failed — stores served without meal period tags {"correlation_id":"3f70a4fe-4b7c-42d2-8585-d1253a252250","source":"StoreLogic::get_stores","store_count":6,"exception":"Illuminate\\Database\\QueryException","code":"42S02"} 
[2026-09-13 14:49:54] testing.WARNING: [FAIL] meal period lookup failed — stores served without meal period tags {"correlation_id":"d710c1f0-9612-44ac-80e6-cba43256d127","source":"StoreLogic::get_stores","store_count":6,"exception":"Illuminate\\Database\\QueryException","code":"42S02"} 
[2026-09-13 14:49:54] testing.WARNING: [FAIL] meal period lookup failed — stores served without meal period tags {"correlation_id":"e26dbd8d-b803-4980-8ba1-dd7f25fb3cbe","source":"StoreLogic::get_stores","store_count":6,"exception":"Illuminate\\Database\\QueryException","code":"42S02"} 
[2026-09-13 14:49:54] testing.WARNING: [FAIL] meal period lookup failed — stores served without meal period tags {"correlation_id":"3789f789-b28c-40fa-b3fd-42e18e634180","source":"StoreLogic::get_stores","store_count":6,"exception":"Illuminate\\Database\\QueryException","code":"42S02"} 
[2026-09-13 14:49:54] testing.WARNING: [FAIL] meal period lookup failed — stores served without meal period tags {"correlation_id":"759c26cc-cb53-4eaa-ba7d-a106a7c97fc9","source":"StoreLogic::get_stores","store_count":6,"exception":"Illuminate\\Database\\QueryException","code":"42S02"} 
[2026-09-13 14:49:54] testing.WARNING: [FAIL] meal period lookup failed — stores served without meal period tags {"correlation_id":"c10a1712-0dc5-42ac-b724-f8bde394f3d2","source":"StoreLogic::get_stores","store_count":6,"exception":"Illuminate\\Database\\QueryException","code":"42S02"} 
[2026-09-13 14:49:54] testing.WARNING: [FAIL] meal period lookup failed — stores served without meal period tags {"correlation_id":"0d00d3e1-8e9d-4418-8137-8b00b9e97ad7","source":"StoreLogic::get_stores","store_count":6,"exception":"Illuminate\\Database\\QueryException","code":"42S02"} 
[2026-09-13 14:50:14] testing.WARNING: [FAIL] meal period lookup failed — stores served without meal period tags {"correlation_id":"9deb6765-5db3-4e4f-a3bf-1350650f911e","source":"StoreLogic::get_store_details","store_count":1,"exception":"Illuminate\\Database\\QueryException","code":"42S02"} 
[2026-09-13 14:50:14] testing.WARNING: [FAIL] meal period lookup failed — stores served without meal period tags {"correlation_id":"6e81b198-3a5a-469b-a32c-7b48c40b9e70","source":"StoreLogic::get_store_details","store_count":1,"exception":"Illuminate\\Database\\QueryException","code":"42S02"} 
[2026-09-13 14:50:14] testing.WARNING: [FAIL] meal period lookup failed — stores served without meal period tags {"correlation_id":"74d9ac0b-94e6-42dc-b452-8f0855131388","source":"StoreLogic::get_store_details","store_count":1,"exception":"Illuminate\\Database\\QueryException","code":"42S02"} 
[2026-09-13 14:50:14] testing.WARNING: [FAIL] meal period lookup failed — stores served without meal period tags {"correlation_id":"4f004a5c-b687-4bdd-bc5b-221e9cb00a95","source":"StoreLogic::get_store_details","store_count":1,"exception":"Illuminate\\Database\\QueryException","code":"42S02"} 
[2026-09-13 14:50:14] testing.WARNING: [FAIL] meal period lookup failed — stores served without meal period tags {"correlation_id":"9c47462c-46e9-478a-a4ff-49d6ce476029","source":"StoreLogic::get_store_details","store_count":1,"exception":"Illuminate\\Database\\QueryException","code":"42S02"} 
[2026-09-13 14:50:14] testing.WARNING: [FAIL] meal period lookup failed — stores served without meal period tags {"correlation_id":"8d220ea7-871a-4171-9fd7-3cb0c4fffd90","source":"StoreLogic::get_store_details","store_count":1,"exception":"Illuminate\\Database\\QueryException","code":"42S02"} 
[2026-09-13 14:50:14] testing.WARNING: [FAIL] meal period lookup failed — stores served without meal period tags {"correlation_id":"5df4f5b4-aff8-4494-9f45-bea8fd3d8b53","source":"StoreLogic::get_store_details","store_count":1,"exception":"Illuminate\\Database\\QueryException","code":"42S02"} 
[2026-09-13 14:50:14] testing.WARNING: [FAIL] meal period lookup failed — stores served without meal period tags {"correlation_id":"e32b3056-c831-42e8-a778-e886211663d1","source":"StoreLogic::get_store_details","store_count":1,"exception":"Illuminate\\Database\\QueryException","code":"42S02"} 
[2026-09-13 14:50:15] testing.WARNING: [FAIL] meal period lookup failed — stores served without meal period tags {"correlation_id":"bfcf4b82-30f9-42c8-a303-a1dfc991b773","source":"StoreLogic::get_store_details","store_count":1,"exception":"Illuminate\\Database\\QueryException","code":"42S02"} 
[2026-09-13 14:50:15] testing.WARNING: [FAIL] meal period lookup failed — stores served without meal period tags {"correlation_id":"70f7c94a-cee7-40bc-9703-32a385529441","source":"StoreLogic::get_store_details","store_count":1,"exception":"Illuminate\\Database\\QueryException","code":"42S02"} 
[2026-09-13 14:50:15] testing.WARNING: [FAIL] meal period lookup failed — stores served without meal period tags {"correlation_id":"e5cbd4f6-eb2c-41a0-898b-e5bac2d1236c","source":"StoreLogic::get_store_details","store_count":1,"exception":"Illuminate\\Database\\QueryException","code":"42S02"} 
[2026-09-13 14:50:15] testing.WARNING: [FAIL] meal period lookup failed — stores served without meal period tags {"correlation_id":"3ed2bd2c-dce4-4309-a483-9d992ec1cd4e","source":"StoreLogic::get_store_details","store_count":1,"exception":"Illuminate\\Database\\QueryException","code":"42S02"} 
[2026-09-13 14:50:15] testing.WARNING: [FAIL] meal period lookup failed — stores served without meal period tags {"correlation_id":"f9de7ac0-94ac-479e-973d-e0f205a3e69c","source":"StoreLogic::get_store_details","store_count":1,"exception":"Illuminate\\Database\\QueryException","code":"42S02"} 
[2026-09-13 14:50:15] testing.WARNING: [FAIL] meal period lookup failed — stores served without meal period tags {"correlation_id":"bb89d7e0-ecfe-4bae-bd1d-5b49cceb6f7c","source":"StoreLogic::get_store_details","store_count":1,"exception":"Illuminate\\Database\\QueryException","code":"42S02"} 
[2026-09-13 14:50:15] testing.WARNING: [FAIL] meal period lookup failed — stores served without meal period tags {"correlation_id":"8ed88d2b-452e-4bfb-9e43-d13f5972565f","source":"StoreLogic::get_store_details","store_count":1,"exception":"Illuminate\\Database\\QueryException","code":"42S02"} 
[2026-09-13 14:50:15] testing.WARNING: [FAIL] meal period lookup failed — stores served without meal period tags {"correlation_id":"dbb72054-6ca8-45be-b85d-0c65e0a3f57c","source":"StoreLogic::get_store_details","store_count":1,"exception":"Illuminate\\Database\\QueryException","code":"42S02"} 
[2026-09-13 14:50:15] testing.WARNING: [FAIL] meal period lookup failed — stores served without meal period tags {"correlation_id":"bab77480-7f51-4ed2-a9ae-38b4528a1839","source":"StoreLogic::get_store_details","store_count":1,"exception":"Illuminate\\Database\\QueryException","code":"42S02"} 
[2026-09-13 14:50:15] testing.WARNING: [FAIL] meal period lookup failed — stores served without meal period tags {"correlation_id":"6b537071-5197-4a05-9c67-72f638f47640","source":"StoreLogic::get_store_details","store_count":1,"exception":"Illuminate\\Database\\QueryException","code":"42S02"} 
[2026-09-13 14:50:15] testing.WARNING: [FAIL] meal period lookup failed — stores served without meal period tags {"correlation_id":"ac9297f3-8b2f-483f-862b-dbcf774b53dd","source":"StoreLogic::get_store_details","store_count":1,"exception":"Illuminate\\Database\\QueryException","code":"42S02"} 
[2026-09-13 14:50:33] testing.WARNING: [FAIL] meal period lookup failed — stores served without meal period tags {"correlation_id":"25e80fd9-8f53-40ad-b180-9e89c994ae80","source":"StoreLogic::get_store_details","store_count":1,"exception":"Illuminate\\Database\\QueryException","code":"42S02"} 
[2026-09-13 14:50:33] testing.WARNING: [FAIL] meal period lookup failed — stores served without meal period tags {"correlation_id":"4f151d26-bd04-4541-ba6c-51cac5d44c8c","source":"StoreLogic::get_store_details","store_count":1,"exception":"Illuminate\\Database\\QueryException","code":"42S02"} 
[2026-09-13 14:50:33] testing.WARNING: [FAIL] meal period lookup failed — stores served without meal period tags {"correlation_id":"e17cde55-0c4f-4d67-a647-f97a4316147a","source":"StoreLogic::get_store_details","store_count":1,"exception":"Illuminate\\Database\\QueryException","code":"42S02"} 
[2026-09-13 14:50:33] testing.WARNING: [FAIL] meal period lookup failed — stores served without meal period tags {"correlation_id":"7f3f354b-0494-4d67-9fb1-f421bd09273e","source":"StoreLogic::get_store_details","store_count":1,"exception":"Illuminate\\Database\\QueryException","code":"42S02"} 
[2026-09-13 18:16:20] testing.WARNING: [FAIL] meal period lookup failed — stores served without meal period tags {"source":"StoreLogic::get_stores","store_count":2,"exception":"Illuminate\\Database\\QueryException","code":"42S02"} 
[2026-09-13 18:16:20] testing.WARNING: [FAIL] meal period lookup failed — stores served without meal period tags {"source":"StoreLogic::get_stores","store_count":7,"exception":"Illuminate\\Database\\QueryException","code":"42S02"} 
[2026-09-13 18:16:20] testing.WARNING: [FAIL] meal period lookup failed — stores served without meal period tags {"correlation_id":"b4ea2c5f-943e-4953-aa07-da1367eaaf7e","source":"StoreLogic::get_stores","store_count":6,"exception":"Illuminate\\Database\\QueryException","code":"42S02"} 
[2026-09-13 18:16:21] testing.WARNING: [FAIL] meal period lookup failed — stores served without meal period tags {"correlation_id":"555bab40-0414-478c-908a-aff0124cf3f6","source":"StoreLogic::get_store_details","store_count":1,"exception":"Illuminate\\Database\\QueryException","code":"42S02"} 
[2026-09-13 18:16:22] testing.WARNING: [FAIL] meal period lookup failed — stores served without meal period tags {"correlation_id":"86794a9e-e570-4b85-8a77-33ab7c95f1ff","source":"StoreLogic::get_stores","store_count":6,"exception":"Illuminate\\Database\\QueryException","code":"42S02"} 
[2026-09-13 18:16:22] testing.WARNING: [FAIL] meal period lookup failed — stores served without meal period tags {"correlation_id":"aab70d78-dcdf-41ec-b486-9ffb0a781df1","source":"StoreLogic::get_stores","store_count":6,"exception":"Illuminate\\Database\\QueryException","code":"42S02"} 
[2026-09-13 18:16:23] testing.WARNING: [FAIL] meal period lookup failed — stores served without meal period tags {"correlation_id":"603b0c01-d143-441d-9e00-3d22fadab0d8","source":"StoreLogic::get_store_details","store_count":1,"exception":"Illuminate\\Database\\QueryException","code":"42S02"} 
