I/flutter (17886): ----------------FIREBASE CRASHLYTICS----------------
I/flutter (17886): The following exception was thrown uncaught async error (FlutterError):
I/flutter (17886): UncaughtAsyncError
I/flutter (17886): #0      Element.markNeedsBuild.<anonymous closure> (package:flutter/src/widgets/framework.dart:5373:9)
I/flutter (17886): #1      Element.markNeedsBuild (package:flutter/src/widgets/framework.dart:5385:6)
I/flutter (17886): #2      State.setState (package:flutter/src/widgets/framework.dart:1219:15)
I/flutter (17886): #3      GetStateUpdaterMixin.getUpdate (package:get/get_state_manager/src/simple/get_state.dart:22:18)
I/flutter (17886): #4      ListNotifierMixin._notifyUpdate (package:get/get_state_manager/src/simple/list_notifier.dart:45:15)
I/flutter (17886): #5      ListNotifierMixin.refresh (package:get/get_state_manager/src/simple/list_notifier.dart:38:5)
I/flutter (17886): #6      GetxController.update (package:get/get_state_manager/src/simple/get_controllers.dart:22:7)
I/flutter (17886): #7      CheckoutController.initCheckoutData (package:sixam_mart/features/checkout/controllers/checkout_controller.dart:464:5)
I/flutter (17886): #8      CheckoutScreenState.initCall (package:sixam_mart/features/checkout/screens/checkout_screen.dart:157:40)
I/flutter (17886): #9      CheckoutScreenState.initState (package:sixam_mart/features/checkout/screens/checkout_screen.dart:100:5)
I/flutter (17886): ----------------------------------------------------
I/flutter (17886): [FAIL] endpoint=null http_status=null type=UncaughtAsyncError msg="uncaught async error (FlutterError)"
I/flutter (17886): ----------------FIREBASE CRASHLYTICS----------------
I/flutter (17886): The following exception was thrown uncaught async error (FlutterError):
I/flutter (17886): setState() or markNeedsBuild() called during build.
I/flutter (17886): This GetBuilder<CheckoutController> widget cannot be marked as needing to build because the framework is already in the process of building widgets. A widget can be marked as needing to be built during the build phase only if one of its ancestors is currently building. This exception is allowed because the framework builds parent widgets before children, which means a dirty descendant will always be built. Otherwise, the framework might not visit this widget during this build phase.
I/flutter (17886): The widget on which setState() or markNeedsBuild() was called was:
I/flutter (17886):   GetBuilder<CheckoutController>
I/flutter (17886): The widget which was currently being built when the offending call was made was:
I/flutter (17886):   FutureBuilder<void>
I/flutter (17886): #0      Element.markNeedsBuild.<anonymous closure> (package:flutter/src/widgets/framework.dart:5373:9)
I/flutter (17886): #1      Element.markNeedsBuild (package:flutter/src/widgets/framework.dart:5385:6)
I/flutter (17886): #2      State.setState (package:flutter/src/widgets/framework.dart:1219:15)
I/flutter (17886): #3      GetStateUpdaterMixin.getUpdate (package:get/get_state_manager/src/simple/get_state.dart:22:18)
I/flutter (17886): #4      ListNotifierMixin._notifyUpdate (package:get/get_state_manager/src/simple/list_notifier.dart:45:15)
I/flutter (17886): #5      ListNotifierMixin.refresh (package:get/get_state_manager/src/simple/list_notifier.dart:38:5)
I/flutter (17886): #6      GetxController.update (package:get/get_state_manager/src/simple/get_controllers.dart:22:7)
I/flutter (17886): #7      CheckoutController.initCheckoutData (package:sixam_mart/features/checkout/controllers/checkout_controller.dart:464:5)
I/flutter (17886): #8      CheckoutScreenState.initCall (package:sixam_mart/features/checkout/screens/checkout_screen.dart:157:40)
I/flutter (17886): #9      CheckoutScreenState.initState (package:sixam_mart/features/checkout/screens/checkout_screen.dart:100:5)
I/flutter (17886): ----------------------------------------------------
