09-18 16:01:59.338  5555  5555 I flutter : [NET] endpoint=/api/v1/customer/order/buy-it-again http_status=200
09-18 16:02:08.220  5555  5555 I flutter : [NET] GET endpoint=/api/v1/coupon/list
09-18 16:02:08.840  5555  5555 I flutter : [NET] endpoint=/api/v1/coupon/list http_status=200
09-18 16:02:08.840  5555  5555 I flutter : 📊 analytics: view_promotion {promotion_count: 6, eligible_count: 5, expiring_count: 0, screen: coupons, source: profile_menu}
09-18 16:02:20.177  5555  5555 I flutter : 📊 analytics: coupon_apply_tapped {coupon_id: 16, position: 0, eligible: 1, expiring_soon: 0, screen: coupons, section: coupon_list}
09-18 16:02:20.177  5555  5555 I flutter : [NET] GET endpoint=/api/v1/coupon/apply
09-18 16:02:20.838  5555  5555 I flutter : [NET] endpoint=/api/v1/coupon/apply http_status=200
09-18 16:02:20.842  5555  5555 I flutter : 📊 analytics: coupon_applied {coupon_id: 16, result: success, source: coupons_page, position: 0, screen: coupons, section: offers}
09-18 16:02:45.699  5555  5555 I flutter : [NET] GET endpoint=/api/v1/customer/order/running-orders
09-18 16:02:46.289  5555  5555 I flutter : [NET] endpoint=/api/v1/customer/order/running-orders http_status=200
09-18 16:02:55.173  5555  5555 I flutter : [NET] GET endpoint=/api/v1/stores/details/13
09-18 16:02:55.781  5555  5555 I flutter : [NET] endpoint=/api/v1/stores/details/13 http_status=200
09-18 16:02:55.783  5555  5555 I flutter : [NET] GET endpoint=/api/v1/items/suggested
09-18 16:02:56.412  5555  5555 I flutter : [NET] endpoint=/api/v1/items/suggested http_status=200
09-18 16:03:04.239  5555  5555 I flutter : [NET] GET endpoint=/api/v1/most-tips
09-18 16:03:04.240  5555  5555 I flutter : [NET] GET endpoint=/api/v1/offline_payment_method_list
09-18 16:03:04.241  5555  5555 I flutter : [NET] GET endpoint=/api/v1/coupon/list
09-18 16:03:04.241  5555  5555 I flutter : [NET] GET endpoint=/api/v1/stores/details/13
09-18 16:03:04.910  5555  5555 I flutter : [NET] endpoint=/api/v1/offline_payment_method_list http_status=200
09-18 16:03:04.912  5555  5555 I flutter : [NET] endpoint=/api/v1/most-tips http_status=200
09-18 16:03:04.913  5555  5555 I flutter : [NET] endpoint=/api/v1/stores/details/13 http_status=200
09-18 16:03:04.914  5555  5555 I flutter : [NET] GET endpoint=/api/v1/config/distance-api
09-18 16:03:04.915  5555  5555 I flutter : [NET] POST endpoint=/api/v1/customer/order/get-surge-price
09-18 16:03:04.916  5555  5555 I flutter : [NET] endpoint=/api/v1/coupon/list http_status=200
09-18 16:03:04.916  5555  5555 I flutter : 📊 analytics: view_promotion {promotion_count: 6, eligible_count: 5, expiring_count: 0, screen: coupons, source: profile_menu}
09-18 16:03:05.908  5555  5555 I flutter : [NET] endpoint=/api/v1/config/distance-api http_status=200
09-18 16:03:05.908  5555  5555 I flutter : [NET] GET endpoint=/api/v1/vehicle/extra_charge
09-18 16:03:05.950  5555  5555 I flutter : [NET] endpoint=/api/v1/customer/order/get-surge-price http_status=200
09-18 16:03:05.954  5555  5555 I flutter : 📊 analytics: begin_checkout {value: 370.3, currency: AED, item_count: 1, source: basket, store_count: 1}
09-18 16:03:06.029  5555  5555 I flutter : [INFO] msg="checkout: payment method selected index=0"
09-18 16:03:06.029  5555  5555 I flutter : 📊 analytics: add_payment_info {payment_type: cash_on_delivery, value: 306.35, currency: AED, screen: checkout, section: payment}
09-18 16:03:06.031  5555  5555 I flutter : [NET] POST endpoint=/api/v1/customer/order/get-Tax
09-18 16:03:06.093  5555  5555 I flutter : [NET] endpoint=/api/v1/vehicle/extra_charge http_status=200
09-18 16:03:06.357  5555  5555 I flutter : [NET] POST endpoint=/api/v1/config/delivery-quote
09-18 16:03:06.756  5555  5555 I flutter : [NET] GET endpoint=/api/v1/cashback/getCashback
09-18 16:03:07.013  5555  5555 I flutter : [NET] endpoint=/api/v1/config/delivery-quote http_status=200
09-18 16:03:07.014  5555  5555 I flutter : [NET] endpoint=/api/v1/customer/order/get-Tax http_status=200
09-18 16:03:07.512  5555  5555 I flutter : [NET] endpoint=/api/v1/cashback/getCashback http_status=200
09-18 16:03:07.822  5555  5555 I flutter : [NET] GET endpoint=/api/v1/cashback/getCashback
09-18 16:03:08.513  5555  5555 I flutter : [NET] endpoint=/api/v1/cashback/getCashback http_status=200
