09-08 16:25:58.165 23407 23407 I flutter : #0      new CartSuggestItemModel.fromJson (package:nears/features/store/domain/models/cart_suggested_item_model.dart:13:5)
09-08 16:25:58.165 23407 23407 I flutter : #1      StoreRepository.getCartStoreSuggestedItemList (package:nears/features/store/domain/repositories/store_repository.dart:420:51)
09-08 16:25:58.165 23407 23407 I flutter : <asynchronous suspension>
09-08 16:25:58.165 23407 23407 I flutter : #2      StoreService.getCartStoreSuggestedItemList (package:nears/features/store/domain/services/store_service.dart:175:12)
09-08 16:25:58.165 23407 23407 I flutter : <asynchronous suspension>
09-08 16:25:58.165 23407 23407 I flutter : #3      StoreController.getCartStoreSuggestedItemListForStores (package:nears/features/store/controllers/store_controller.dart:437:43)
09-08 16:25:58.165 23407 23407 I flutter : <asynchronous suspension>
09-08 16:25:58.166 23407 23407 I flutter : ----------------------------------------------------
09-08 16:25:58.168 23407 23407 I flutter : [FAIL] endpoint=null http_status=null type=UncaughtAsyncError msg="uncaught async error (_TypeError)"
09-08 16:25:58.168 23407 23407 I flutter : ----------------FIREBASE CRASHLYTICS----------------
09-08 16:25:58.169 23407 23407 I flutter : The following exception was thrown uncaught async error (_TypeError):
09-08 16:25:58.169 23407 23407 I flutter : type 'int' is not a subtype of type 'String?'
09-08 16:25:58.169 23407 23407 I flutter : #0      new CartSuggestItemModel.fromJson (package:nears/features/store/domain/models/cart_suggested_item_model.dart:13:5)
09-08 16:25:58.169 23407 23407 I flutter : #1      StoreRepository.getCartStoreSuggestedItemList (package:nears/features/store/domain/repositories/store_repository.dart:420:51)
09-08 16:25:58.169 23407 23407 I flutter : <asynchronous suspension>
09-08 16:25:58.169 23407 23407 I flutter : #2      StoreService.getCartStoreSuggestedItemList (package:nears/features/store/domain/services/store_service.dart:175:12)
09-08 16:25:58.169 23407 23407 I flutter : <asynchronous suspension>
09-08 16:25:58.169 23407 23407 I flutter : #3      StoreController.getCartStoreSuggestedItemListForStores (package:nears/features/store/controllers/store_controller.dart:437:43)
09-08 16:25:58.169 23407 23407 I flutter : <asynchronous suspension>
09-08 16:25:58.169 23407 23407 I flutter : ----------------------------------------------------
