0.50 KM FROM YOU
0.56 KM FROM YOU
0.93 KM FROM YOU
0.94 KM FROM YOU
1.09 KM FROM YOU
1.52 KM FROM YOU
123 Market Street, Downtown
20-40
25-35
30-40 MIN
30-45
456 Green Avenue, Uptown
Available Near You
Basket
CLOSES 21:00
CLOSES 22:00
CLOSES 23:00
CORNER GROCER
Categories
Coca Cola 500ml
Corner Grocer
Corner Grocer, Downtown
Daily Fresh Market
Daily Fresh Market, Downtown
FRESH MART GROCERY
Favourite
Fresh Mart Grocery
Home
House, road
Mozzarella 200g
NEW
Nears Mart
Organic Paradise
Profile
Search
Search your desired items or stores
See All
Tower Mart
Tower Mart, Downtown
Trending Nearby
bottle
kg
⁦2 AED⁩
⁦20 AED⁩
