NEARS-475 API verification (worktree backend, GET /api/v1/module)
==================================================================

### ZONE 1 (zoneId: [1]) ###
        "id": 1,
        "module_name": "Grocery & Food",
        "module_type": "grocery",
        "stores_count": 6,
        "active_stores_count": 6,
                "id": 1,
                "key": "module_name",
                "id": 2,
                "id": 29,
                "id": 169,
                "id": 170,
                "id": 299,
                "id": 300,
                "id": 1,
                        "id": 3,
                "id": 2,
                "id": 364,
                "id": 365,
                "id": 366,
                "id": 367,
                "id": 368,
                "id": 369,
                "id": 370,
                "id": 371,
                "id": 372,
                "id": 373,
                "id": 374,
                "id": 375,
                "id": 376,
                "id": 377,
                "id": 378,
                "id": 379,
                "id": 380,
                "id": 381,
                "id": 382,
                "id": 383,
                "id": 384,
                "id": 385,
                "id": 386,
                "id": 387,
                "id": 388,
                "id": 389,
                "id": 390,
                "id": 391,
                "id": 392,
                "id": 393,
                "id": 394,
                "id": 395,
                "id": 396,
                "id": 397,
                "id": 398,
                "id": 399,
                "id": 400,
                "id": 401,
                "id": 402,
                "id": 403,
                "id": 404,
                "id": 405,
                "id": 406,
                "id": 407,
                "id": 408,
                "id": 409,
                "id": 410,
                "id": 411,
                "id": 412,
                "id": 413,
                "id": 414,
                "id": 415,
                "id": 416,
                "id": 417,
                "id": 418,
                "id": 419,
                "id": 420,
                "id": 421,
                "id": 422,
                "id": 423,
                "id": 424,
                "id": 425,
                "id": 426,
                "id": 427,
                "id": 428,
                "id": 429,
                "id": 430,
                "id": 431,
                "id": 432,
                "id": 433,
                "id": 434,
                "id": 435,
                "id": 436,
                "id": 437,
                "id": 438,
                "id": 439,
                "id": 440,
                "id": 441,
                "id": 442,
                "id": 443,
                "id": 444,
                "id": 445,
                "id": 446,
                "id": 447,
                "id": 448,
                "id": 449,
                "id": 450,
                "id": 451,
                "id": 452,
                "id": 453,
        "single_store_id": null
        "id": 2,
        "module_name": "Food & Restaurant",
        "module_type": "food",
        "stores_count": 6,
        "active_stores_count": 6,
                "id": 171,
                "id": 172,
                "id": 301,
                "id": 302,
                "id": 1,
                        "id": 3,
                "id": 2,
        "single_store_id": null
        "id": 3,
        "module_name": "Pharmacy",
        "module_type": "pharmacy",
        "stores_count": 6,
        "active_stores_count": 6,
                "id": 173,
                "id": 174,
                "id": 303,
                "id": 304,
                "id": 1,
                        "id": 3,
                "id": 2,
        "single_store_id": null
        "id": 5,
        "module_name": "Parcel Delivery",
        "module_type": "parcel",
        "stores_count": 0,
        "active_stores_count": 0,
                "id": 1950,
                "id": 1951,
                "id": 1,
                        "id": 3,
                "id": 2,
        "single_store_id": null
        "id": 6,
        "module_name": "NEARS-475 Suspended Grocery",
        "module_type": "grocery",
        "stores_count": 1,
        "active_stores_count": 0,
                "id": 1,
                        "id": 3,
        "single_store_id": null

### ZONE 3 (zoneId: [3]) — single-store hero ###
        "id": 4,
        "module_name": "QA Single-Store Grocery",
        "active_stores_count": 1,
                "id": 3,
        "single_store_id": 59

CHECKS:
module 6 active_stores_count == 0 (HIDE): True
module 1 active_stores_count == 6 (SHOW): True
all active_stores_count are int        : True
single_store_candidate_id absent       : True
parcel (module 5) returned (exempt)    : True
