08-30 04:26:50.946 I/flutter ( 5415): [NET] endpoint=/api/v1/customer/cm-firebase-token http_status=401
08-30 04:26:50.947 I/flutter ( 5415): ----------------FIREBASE CRASHLYTICS----------------
08-30 04:26:50.947 I/flutter ( 5415): The following exception was thrown unhandled api response:
08-30 04:26:50.947 I/flutter ( 5415): ApiFailure(status: 401)
08-30 04:26:50.949 I/flutter ( 5415): #0      ApiClient.handleResponse (package:sixam_mart/api/api_client.dart:1227:22)
08-30 04:26:50.949 I/flutter ( 5415): #1      ApiClient._send (package:sixam_mart/api/api_client.dart:802:14)
08-30 04:26:50.949 I/flutter ( 5415): <asynchronous suspension>
08-30 04:26:50.949 I/flutter ( 5415): ----------------------------------------------------
08-30 04:26:50.956 I/flutter ( 5415): [FAIL] endpoint=/api/v1/customer/cm-firebase-token http_status=401 type=ApiFailure msg="unhandled api response" correlation_id=8bb03230-f86d-49d0-8707-6d08611d1b4f
08-30 04:26:51.024 I/flutter ( 5415): [NET] endpoint=/api/v1/auth/guest/request http_status=200
08-30 04:26:51.090 I/flutter ( 5415): [NET] endpoint=/api/v1/customer/cm-firebase-token http_status=401
08-30 04:26:51.090 I/flutter ( 5415): ----------------FIREBASE CRASHLYTICS----------------
08-30 04:26:51.090 I/flutter ( 5415): The following exception was thrown unhandled api response:
08-30 04:26:51.090 I/flutter ( 5415): ApiFailure(status: 401)
08-30 04:26:51.090 I/flutter ( 5415): #0      ApiClient.handleResponse (package:sixam_mart/api/api_client.dart:1227:22)
08-30 04:26:51.090 I/flutter ( 5415): #1      ApiClient._send (package:sixam_mart/api/api_client.dart:802:14)
08-30 04:26:51.090 I/flutter ( 5415): <asynchronous suspension>
08-30 04:26:51.090 I/flutter ( 5415): ----------------------------------------------------
08-30 04:26:51.090 I/flutter ( 5415): [FAIL] endpoint=/api/v1/customer/cm-firebase-token http_status=401 type=ApiFailure msg="unhandled api response" correlation_id=ea898362-07c2-4018-a0bb-51865f1f85df
08-30 04:26:51.152 I/flutter ( 5415): [NET] endpoint=/api/v1/customer/cm-firebase-token http_status=401
08-30 04:26:51.152 I/flutter ( 5415): ----------------FIREBASE CRASHLYTICS----------------
