test/features/order/track_details_null_degrade_test.dart
test/features/order/track_details_null_degrade_test.dart: AC1 — non-parcel order with a null store renders instead of throwing, and withholds the chat action
test/features/order/order_tracking_chat_guard_test.dart: S3 — no delivery partner: the chat action is not rendered
test/features/order/track_details_null_degrade_test.dart: AC1 — non-parcel order with a null store renders instead of throwing, and withholds the chat action
test/features/order/order_tracking_chat_guard_test.dart: S3 — no delivery partner: the chat action is not rendered
test/features/order/order_tracking_chat_guard_test.dart: S3 — no delivery partner: the chat action is not rendered
test/features/order/track_details_null_degrade_test.dart: AC1 — non-parcel order with a null store records exactly one PII-safe [FAIL] on a query-free endpoint
test/features/order/order_tracking_chat_guard_test.dart: S3 — no delivery partner: the chat action is not rendered
test/features/order/track_details_null_degrade_test.dart: AC1 — non-parcel order with a null store logs once, not once per rebuild, under the tracking poll
test/features/order/order_tracking_chat_guard_test.dart: S5a — delivery partner assigned: exactly one chat action renders
test/features/order/track_details_null_degrade_test.dart: AC1 — non-parcel order with a null store logs once, not once per rebuild, under the tracking poll
test/features/order/order_tracking_chat_guard_test.dart: S5a — delivery partner assigned: exactly one chat action renders
test/features/order/track_details_null_degrade_test.dart: AC1 — non-parcel order with a null store logs once, not once per rebuild, under the tracking poll
test/features/order/track_details_null_degrade_test.dart: AC1 — non-parcel order with a null store logs once, not once per rebuild, under the tracking poll
test/features/order/order_tracking_chat_guard_test.dart: NEARS-1815 AC4 — the chat glyph resolves through NIcon._names, never to the Symbols.help fallback
test/features/order/order_tracking_chat_guard_test.dart: NEARS-1815 AC4 — the chat glyph resolves through NIcon._names, never to the Symbols.help fallback
test/features/order/track_details_null_degrade_test.dart: AC1 — non-parcel order with a null store a store-bearing take_away order logs nothing and keeps chat
test/features/order/track_details_null_degrade_test.dart: AC1 — non-parcel order with a null store a store-bearing take_away order logs nothing and keeps chat
test/features/order/order_tracking_chat_guard_test.dart: S4 — no delivery partner: invoking the chat callback throws nothing and navigates nowhere
test/features/order/track_details_null_degrade_test.dart: AC1 — non-parcel order with a null store a store-bearing take_away order logs nothing and keeps chat
test/features/order/order_tracking_chat_guard_test.dart: S5b — delivery partner assigned: the emitted chat route is byte-identical to the NEARS-1686 base build
test/features/order/order_tracking_chat_guard_test.dart: S5b — delivery partner assigned: the emitted chat route is byte-identical to the NEARS-1686 base build
test/features/order/order_tracking_chat_guard_test.dart: S5b — delivery partner assigned: the emitted chat route is byte-identical to the NEARS-1686 base build
test/features/order/track_details_null_degrade_test.dart: AC3 — take_away store with no address on file renders an empty address slot instead of throwing
test/features/order/order_tracking_chat_guard_test.dart: S6 — take_away with no partner: chat renders and opens the store conversation carrying the store's vendor_id (7), never its id (1)
test/features/order/order_tracking_chat_guard_test.dart: S6 — take_away with no partner: chat renders and opens the store conversation carrying the store's vendor_id (7), never its id (1)
test/features/order/track_details_null_degrade_test.dart: AC3 — take_away store with no address on file records one PII-safe [FAIL], deduped across rebuilds
test/features/order/track_details_null_degrade_test.dart: AC3 — take_away store with no address on file records one PII-safe [FAIL], deduped across rebuilds
test/features/order/track_details_null_degrade_test.dart: AC3 — take_away store with no address on file the log carries no address text
test/features/order/track_details_null_degrade_test.dart: AC3 — take_away store with no address on file a store WITH an address renders it and logs nothing
test/features/order/track_details_null_degrade_test.dart: AC3 — take_away store with no address on file a NULL store renders empty and logs nothing — that path is pre-existing and already guarded
test/features/order/track_details_null_degrade_test.dart: NEARS-1813 — the driver card with no dialable counterparty AC1 — no partner assigned: the call action is absent
test/features/order/track_details_null_degrade_test.dart: NEARS-1813 — the driver card with no dialable counterparty AC2 — the placeholder is rendered exactly once
test/features/order/track_details_null_degrade_test.dart: NEARS-1813 — the driver card with no dialable counterparty AC3 negative control — an assigned partner with a number still renders the call action and dials that number
test/features/order/track_details_null_degrade_test.dart: NEARS-1813 — the driver card with no dialable counterparty AC4 — a partner on file with no number: withheld, logged exactly once across rebuilds
test/features/order/track_details_null_degrade_test.dart: NEARS-1813 — the driver card with no dialable counterparty AC4 — a whitespace-only number is not dialable either
test/features/order/track_details_null_degrade_test.dart: NEARS-1813 — the driver card with no dialable counterparty AC4 — the record names no phone number and no partner
test/features/order/track_details_null_degrade_test.dart: NEARS-1813 — the driver card with no dialable counterparty AC4 — the reason is a constant, nothing interpolated
test/features/order/track_details_null_degrade_test.dart: NEARS-1813 — the driver card with no dialable counterparty AC5 — the unassigned arm stays silent and stays explained
test/features/order/track_details_null_degrade_test.dart: NEARS-1813 — the driver card with no dialable counterparty a nameless counterparty keeps its rating
test/features/order/track_details_null_degrade_test.dart: NEARS-1813 — the driver card with no dialable counterparty UX-1 — with both actions withheld, no dead gap survives them
test/features/order/track_details_null_degrade_test.dart: NEARS-1813 — the driver card with no dialable counterparty UX-1 control — the spacer returns for the call action
test/features/order/track_details_null_degrade_test.dart: NEARS-1813 — the driver card with no dialable counterparty UX-1 control — and for a chat action standing alone
test/features/order/track_details_null_degrade_test.dart: NEARS-1815 — the circles render via NIconButton AC4 — with both circles up, neither glyph falls back to Symbols.help
test/features/order/track_details_null_degrade_test.dart: NEARS-1815 — the circles render via NIconButton AC1 — both circles keep the 44px tap target
test/features/order/track_details_null_degrade_test.dart: NEARS-1815 — the circles render via NIconButton AC1 — the fills survive, and mint still comes from the theme
test/features/order/track_details_null_degrade_test.dart: suite validity — every assertion above actually ran
00:01 +33: All tests passed!
