[UserApp] E/com.facebook.GraphResponse( 3899): {HttpStatus: 400, errorCode: 190, subErrorCode: -1, errorType: OAuthException, errorMessage: Error validating application. Application has been deleted.}
[UserApp] E/com.facebook.GraphResponse( 3899): {HttpStatus: 400, errorCode: 190, subErrorCode: -1, errorType: OAuthException, errorMessage: Error validating application. Application has been deleted.}
[UserApp] E/com.facebook.GraphResponse( 3899): {HttpStatus: 400, errorCode: 190, subErrorCode: -1, errorType: OAuthException, errorMessage: Error validating application. Application has been deleted.}
[UserApp] I/flutter ( 3899): [FAIL] endpoint=null http_status=null type=FirebaseInitFailure msg="firebase init failed (PlatformException)"
[UserApp] E/com.facebook.GraphResponse( 3899): {HttpStatus: 400, errorCode: 190, subErrorCode: -1, errorType: OAuthException, errorMessage: Error validating application. Application has been deleted.}
[UserApp] I/flutter ( 3899): [FAIL] endpoint=null http_status=null type=KilledLaunchNotificationFailure msg="killed-launch getInitialMessage failed (FirebaseException)"
[UserApp] E/com.facebook.GraphResponse( 3899): {HttpStatus: 400, errorCode: 190, subErrorCode: -1, errorType: OAuthException, errorMessage: Error validating application. Application has been deleted.}
[laravel] [2026-09-22 19:52:53] production.ERROR: [FAIL] OpenTelemetry export failed (telemetry batch dropped): Export failure {"trace_id":"7484fad9b7324040eee5999896980c32","correlation_id":"79503ff8-746b-4f25-aafe-d6aa5ee5998b","suppressed_since_last":0,"source":"OpenTelemetry\\Contrib\\Otlp\\MetricExporter","signal":"metrics","otlp_endpoint":"localhost:5080/api/default","error_type":"GuzzleHttp\\Exception\\ConnectException","error_message":"cURL error 7: Failed to connect to localhost:5080 after 0 ms: Could not connect to server (see https://curl.se/libcurl/c/libcurl-errors.html) for http://localhost:5080/api/default/v1/metrics"} 
[laravel] [2026-09-22 19:52:54] production.ERROR: [FAIL] OpenTelemetry export failed (telemetry batch dropped): Export failure {"trace_id":"7484fad9b7324040eee5999896980c32","correlation_id":"79503ff8-746b-4f25-aafe-d6aa5ee5998b","suppressed_since_last":0,"source":"OpenTelemetry\\Contrib\\Otlp\\SpanExporter","signal":"traces","otlp_endpoint":"localhost:5080/api/default","error_type":"GuzzleHttp\\Exception\\ConnectException","error_message":"cURL error 7: Failed to connect to localhost:5080 after 0 ms: Could not connect to server (see https://curl.se/libcurl/c/libcurl-errors.html) for http://localhost:5080/api/default/v1/traces"} 
[DeliveryApp] I/flutter (22598): [FAIL] endpoint=null http_status=null type=FirebaseInitFailure msg="firebase init failed (PlatformException)"
[DeliveryApp] E/flutter (22598): [ERROR:flutter/runtime/dart_vm_initializer.cc(40)] Unhandled Exception: [core/no-app] No Firebase App '[DEFAULT]' has been created - call Firebase.initializeApp()
[DeliveryApp] I/flutter (22598): [FAIL] endpoint=/api/v1/delivery-man/profile http_status=401 type=ApiFailure msg="api request failed" correlation_id=bf15b26e-eee3-47bf-8683-9b5ba4ac14fd
[DeliveryApp] E/flutter (22598): [ERROR:flutter/runtime/dart_vm_initializer.cc(40)] Unhandled Exception: Null check operator used on a null value
[DeliveryApp] E/flutter (22598): [ERROR:flutter/runtime/dart_vm_initializer.cc(40)] Unhandled Exception: [core/no-app] No Firebase App '[DEFAULT]' has been created - call Firebase.initializeApp()
[DeliveryApp] I/flutter (22598): [FAIL] endpoint=/api/v1/delivery-man/logout http_status=401 type=ApiFailure msg="unhandled api response" correlation_id=5e80a4e5-3202-4d7a-b416-0c34ee33342f
[DeliveryApp] I/flutter (22598): [FAIL] endpoint=/api/v1/delivery-man/profile http_status=401 type=ApiFailure msg="api request failed" correlation_id=a005ccfb-c1d4-40a7-8a1f-3622cf2c21a6
[DeliveryApp] I/flutter (22598): [FAIL] endpoint=/api/v1/delivery-man/latest-orders http_status=401 type=ApiFailure msg="unhandled api response" correlation_id=ec0ea5e4-9757-4548-a955-e3a93958cb62
[DeliveryApp] I/flutter (22598): [FAIL] endpoint=/api/v1/delivery-man/latest-orders http_status=401 type=ApiFailure msg="api request failed" correlation_id=ec0ea5e4-9757-4548-a955-e3a93958cb62
[DeliveryApp] I/flutter (22598): [FAIL] endpoint=/api/v1/delivery-man/current-orders http_status=401 type=ApiFailure msg="unhandled api response" correlation_id=1ef2d427-d699-496f-b27c-323bac6ceeff
[DeliveryApp] I/flutter (22598): [FAIL] endpoint=/api/v1/delivery-man/current-orders http_status=401 type=ApiFailure msg="api request failed" correlation_id=1ef2d427-d699-496f-b27c-323bac6ceeff
[DeliveryApp] I/flutter (22598): [FAIL] endpoint=/api/v1/delivery-man/notifications http_status=401 type=ApiFailure msg="api request failed" correlation_id=b245797b-d9d0-4051-a0ca-dd35c8662204
[UserApp] E/com.facebook.GraphResponse( 3899): {HttpStatus: 400, errorCode: 190, subErrorCode: -1, errorType: OAuthException, errorMessage: Error validating application. Application has been deleted.}
[UserApp] E/com.facebook.GraphResponse( 3899): {HttpStatus: 400, errorCode: 190, subErrorCode: -1, errorType: OAuthException, errorMessage: Error validating application. Application has been deleted.}
[UserApp] E/com.facebook.GraphResponse( 3899): {HttpStatus: 400, errorCode: 190, subErrorCode: -1, errorType: OAuthException, errorMessage: Error validating application. Application has been deleted.}
[laravel] [2026-09-22 19:55:03] production.ERROR: [FAIL] OpenTelemetry export failed (telemetry batch dropped): Export failure {"trace_id":"80aec9adfe5e5ce99c280afd69f92872","correlation_id":"53cf8f9b-b61e-4f85-ba87-4e7cd13eeaae","suppressed_since_last":0,"source":"OpenTelemetry\\Contrib\\Otlp\\MetricExporter","signal":"metrics","otlp_endpoint":"localhost:5080/api/default","error_type":"GuzzleHttp\\Exception\\ConnectException","error_message":"cURL error 7: Failed to connect to localhost:5080 after 0 ms: Could not connect to server (see https://curl.se/libcurl/c/libcurl-errors.html) for http://localhost:5080/api/default/v1/metrics"} 
[laravel] [2026-09-22 19:55:03] production.ERROR: [FAIL] OpenTelemetry export failed (telemetry batch dropped): Export failure {"trace_id":"80aec9adfe5e5ce99c280afd69f92872","correlation_id":"53cf8f9b-b61e-4f85-ba87-4e7cd13eeaae","suppressed_since_last":0,"source":"OpenTelemetry\\Contrib\\Otlp\\SpanExporter","signal":"traces","otlp_endpoint":"localhost:5080/api/default","error_type":"GuzzleHttp\\Exception\\ConnectException","error_message":"cURL error 7: Failed to connect to localhost:5080 after 0 ms: Could not connect to server (see https://curl.se/libcurl/c/libcurl-errors.html) for http://localhost:5080/api/default/v1/traces"} 
[laravel] [2026-09-22 19:56:18] production.ERROR: [FAIL] OpenTelemetry export failed (telemetry batch dropped): Export failure {"trace_id":"e7c18969cdb865ea081d715ce5e1593d","correlation_id":"1c1b563e-93d5-454f-aeb0-b4487d7f0b6b","suppressed_since_last":0,"source":"OpenTelemetry\\Contrib\\Otlp\\MetricExporter","signal":"metrics","otlp_endpoint":"localhost:5080/api/default","error_type":"GuzzleHttp\\Exception\\ConnectException","error_message":"cURL error 7: Failed to connect to localhost:5080 after 0 ms: Could not connect to server (see https://curl.se/libcurl/c/libcurl-errors.html) for http://localhost:5080/api/default/v1/metrics"} 
[laravel] [2026-09-22 19:56:18] production.ERROR: [FAIL] OpenTelemetry export failed (telemetry batch dropped): Export failure {"trace_id":"e7c18969cdb865ea081d715ce5e1593d","correlation_id":"1c1b563e-93d5-454f-aeb0-b4487d7f0b6b","suppressed_since_last":0,"source":"OpenTelemetry\\Contrib\\Otlp\\SpanExporter","signal":"traces","otlp_endpoint":"localhost:5080/api/default","error_type":"GuzzleHttp\\Exception\\ConnectException","error_message":"cURL error 7: Failed to connect to localhost:5080 after 0 ms: Could not connect to server (see https://curl.se/libcurl/c/libcurl-errors.html) for http://localhost:5080/api/default/v1/traces"} 
