# NEARS-3842 cycle 3 — outgoing moduleId header / quote body capture (qaproxy :8242 -> worktree backend :8243 @572563fe1, nears_qa_3842). Logged: method, path (query values redacted), status, moduleId header value, delivery-quote body module_id/order_amount only. No tokens, no bodies otherwise.
## items/details (TB-4) — every call:
11:04:16 GET /api/v1/items/details/122 status=200 moduleId=2 zoneId=present
11:04:57 GET /api/v1/items/details/2 status=200 moduleId=1 zoneId=present
11:10:50 GET /api/v1/items/details/116 status=200 moduleId=2 zoneId=present
11:15:51 GET /api/v1/items/details/84 status=200 moduleId=1 zoneId=present
11:15:52 GET /api/v1/items/details/84 status=200 moduleId=1 zoneId=present
11:16:43 GET /api/v1/items/details/122 status=500 INJECTED#1 moduleId=2
11:17:04 GET /api/v1/items/details/122 status=200 moduleId=2 zoneId=present
11:18:44 GET /api/v1/items/details/2 status=200 moduleId=1 zoneId=present
11:20:56 GET /api/v1/items/details/98 status=200 moduleId=1 zoneId=present
11:24:50 GET /api/v1/items/details/122 status=200 moduleId=2 zoneId=present
11:30:06 GET /api/v1/items/details/3 status=200 moduleId=1 zoneId=present
11:33:57 GET /api/v1/items/details/3 status=200 moduleId=1 zoneId=present
11:36:34 GET /api/v1/items/details/102 status=200 moduleId=1 zoneId=present
11:39:24 GET /api/v1/items/details/97 status=200 moduleId=1 zoneId=present
11:39:57 GET /api/v1/items/details/122 status=200 moduleId=2 zoneId=present
## items/suggested (TB-2) — every call:
10:56:50 GET /api/v1/items/suggested moduleId=1 zoneId=present
10:56:50 GET /api/v1/items/suggested moduleId=2 zoneId=present
10:58:14 GET /api/v1/items/suggested moduleId=1 zoneId=present
10:58:16 GET /api/v1/items/suggested moduleId=1 zoneId=present
10:58:16 GET /api/v1/items/suggested moduleId=2 zoneId=present
11:01:48 GET /api/v1/items/suggested moduleId=1 zoneId=present
11:01:50 GET /api/v1/items/suggested moduleId=1 zoneId=present
11:01:50 GET /api/v1/items/suggested moduleId=2 zoneId=present
11:13:37 GET /api/v1/items/suggested moduleId=1 zoneId=present
11:13:38 GET /api/v1/items/suggested moduleId=1 zoneId=present
11:13:39 GET /api/v1/items/suggested moduleId=2 zoneId=present
11:20:21 GET /api/v1/items/suggested moduleId=1 zoneId=present
11:20:22 GET /api/v1/items/suggested moduleId=1 zoneId=present
11:20:23 GET /api/v1/items/suggested moduleId=2 zoneId=present
11:23:48 GET /api/v1/items/suggested moduleId=1 zoneId=present
11:23:49 GET /api/v1/items/suggested moduleId=1 zoneId=present
11:23:50 GET /api/v1/items/suggested moduleId=2 zoneId=present
11:25:35 GET /api/v1/items/suggested moduleId=1 zoneId=present
11:25:37 GET /api/v1/items/suggested moduleId=1 zoneId=present
11:25:37 GET /api/v1/items/suggested moduleId=2 zoneId=present
11:26:51 GET /api/v1/items/suggested moduleId=1 zoneId=present
11:26:53 GET /api/v1/items/suggested moduleId=1 zoneId=present
11:26:53 GET /api/v1/items/suggested moduleId=2 zoneId=present
11:28:26 GET /api/v1/items/suggested moduleId=1 zoneId=present
11:28:28 GET /api/v1/items/suggested moduleId=1 zoneId=present
11:34:40 GET /api/v1/items/suggested moduleId=1 zoneId=present
11:35:36 GET /api/v1/items/suggested moduleId=1 zoneId=present
11:35:37 GET /api/v1/items/suggested moduleId=1 zoneId=present
11:38:04 GET /api/v1/items/suggested moduleId=1 zoneId=present
11:38:06 GET /api/v1/items/suggested moduleId=1 zoneId=present
11:38:06 GET /api/v1/items/suggested moduleId=2 zoneId=present
11:38:33 GET /api/v1/items/suggested moduleId=1 zoneId=present
11:38:34 GET /api/v1/items/suggested moduleId=1 zoneId=present
11:38:35 GET /api/v1/items/suggested moduleId=2 zoneId=present
## delivery-quote bodies (TB-1):
11:38:06 POST /api/v1/config/delivery-quote body.module_id=2 body.order_amount=25.8714 moduleId=ABSENT zoneId=present
11:38:06 POST /api/v1/config/delivery-quote body.module_id=1 body.order_amount=6.65 moduleId=ABSENT zoneId=present
11:38:06 POST /api/v1/config/delivery-quote body.module_id=1 body.order_amount=27.054 moduleId=ABSENT zoneId=present
11:39:01 POST /api/v1/config/delivery-quote body.module_id=2 body.order_amount=25.8714 moduleId=3 zoneId=present
11:39:01 POST /api/v1/config/delivery-quote body.module_id=1 body.order_amount=9.975000000000001 moduleId=3 zoneId=present
11:39:01 POST /api/v1/config/delivery-quote body.module_id=1 body.order_amount=27.054 moduleId=3 zoneId=present
11:39:10 POST /api/v1/config/delivery-quote body.module_id=2 body.order_amount=25.8714 moduleId=3 zoneId=present
11:39:10 POST /api/v1/config/delivery-quote body.module_id=1 body.order_amount=6.65 moduleId=3 zoneId=present
11:39:10 POST /api/v1/config/delivery-quote body.module_id=1 body.order_amount=27.054 moduleId=3 zoneId=present
## state map: 11:04-11:17 module null (cart via getCartRoute); 11:18-11:21 module 2; 11:24 module 1; 11:38:04 module null; 11:38:33+ module 3; stores: 1 Nears Mart(m1) 2 Fresh Mart(m1) 4 Burger Palace(m2); items 97/98->s1, 2/84->s2, 122/116->s4
