--------- beginning of main
08-19 03:46:12.708 I/flutter (10481): [NET] GET endpoint=/api/v1/stores/get-stores/all
08-19 03:46:13.411 I/flutter (10481): [NET] endpoint=/api/v1/stores/get-stores/all http_status=200
08-19 03:46:24.315 I/flutter (10481): [NET] GET endpoint=/api/v1/stores/get-stores/all
08-19 03:46:24.911 I/flutter (10481): [NET] endpoint=/api/v1/stores/get-stores/all http_status=200
08-19 03:46:31.090 I/flutter (10481): [NET] GET endpoint=/api/v1/stores/get-stores/all
08-19 03:46:31.916 I/flutter (10481): [NET] endpoint=/api/v1/stores/get-stores/all http_status=200
08-19 03:47:37.514 I/flutter (10481): [NET] GET endpoint=/api/v1/customer/order/running-orders
08-19 03:47:37.516 I/flutter (10481): [NET] GET endpoint=/api/v1/customer/order/list
08-19 03:47:38.397 I/flutter (10481): [NET] endpoint=/api/v1/customer/order/list http_status=200
08-19 03:47:38.399 I/flutter (10481): [NET] endpoint=/api/v1/customer/order/running-orders http_status=200
08-19 03:48:06.896 I/flutter (10481): [INFO] msg="home load started"
08-19 03:48:06.896 I/flutter (10481): [NET] GET endpoint=/api/v1/config/get-zone-id
08-19 03:48:07.086 I/flutter (10481): [NET] GET endpoint=/api/v1/config/get-zone-id
08-19 03:48:07.889 I/flutter (10481): [NET] endpoint=/api/v1/config/get-zone-id http_status=200
08-19 03:48:07.889 I/flutter (10481): [INFO] msg="location: inZone=true"
08-19 03:48:07.890 I/flutter (10481): [NET] endpoint=/api/v1/config/get-zone-id http_status=200
08-19 03:48:07.890 I/flutter (10481): [INFO] msg="location: inZone=true"
08-19 03:48:07.893 I/flutter (10481): [NET] GET endpoint=/api/v1/home/all
08-19 03:48:09.176 I/flutter (10481): [NET] endpoint=/api/v1/home/all http_status=200
08-19 03:48:09.177 I/flutter (10481): [NET] GET endpoint=/api/v1/customer/info
08-19 03:48:09.180 I/flutter (10481): [NET] GET endpoint=/api/v1/items/discounted
08-19 03:48:09.181 I/flutter (10481): [NET] GET endpoint=/api/v1/items/popular
08-19 03:48:09.181 I/flutter (10481): [NET] GET endpoint=/api/v1/items/most-reviewed
08-19 03:48:09.182 I/flutter (10481): [NET] GET endpoint=/api/v1/customer/order/buy-it-again
08-19 03:48:09.183 I/flutter (10481): [NET] GET endpoint=/api/v1/stores/get-stores/all
08-19 03:48:09.183 I/flutter (10481): [NET] GET endpoint=/api/v1/advertisement/list
08-19 03:48:10.179 I/flutter (10481): [NET] endpoint=/api/v1/advertisement/list http_status=200
08-19 03:48:10.180 I/flutter (10481): [NET] endpoint=/api/v1/customer/info http_status=200
08-19 03:48:10.181 I/flutter (10481): [NET] GET endpoint=/api/v1/coupon/list
08-19 03:48:10.182 I/flutter (10481): [NET] endpoint=/api/v1/items/discounted http_status=200
08-19 03:48:10.186 I/flutter (10481): [NET] GET endpoint=/api/v1/module
08-19 03:48:10.373 I/flutter (10481): [NET] endpoint=/api/v1/items/popular http_status=200
08-19 03:48:10.516 I/flutter (10481): [NET] endpoint=/api/v1/items/most-reviewed http_status=200
08-19 03:48:10.598 I/flutter (10481): [NET] endpoint=/api/v1/customer/order/buy-it-again http_status=200
08-19 03:48:10.888 I/flutter (10481): [NET] endpoint=/api/v1/stores/get-stores/all http_status=200
08-19 03:48:10.890 I/flutter (10481): [NET] GET endpoint=/api/v1/customer/order/buy-it-again
08-19 03:48:11.029 I/flutter (10481): [NET] endpoint=/api/v1/coupon/list http_status=200
08-19 03:48:11.132 I/flutter (10481): [NET] endpoint=/api/v1/module http_status=200
08-19 03:48:11.223 I/flutter (10481): [NET] endpoint=/api/v1/customer/order/buy-it-again http_status=200
08-19 03:48:23.643 I/flutter (10481): [INFO] msg="route: waiting for module=grocery-food"
08-19 03:48:23.643 I/flutter (10481): [INFO] msg="route: checkModuleId configNull=false hasAddress=true fromDeeplink=false"
08-19 03:48:23.643 I/flutter (10481): [INFO] msg="route: not from deeplink, skipping module fetch"
08-19 03:48:23.643 I/flutter (10481): [INFO] msg="route: module future state=ConnectionState.waiting hasData=false hasError=false"
08-19 03:48:23.660 I/flutter (10481): [INFO] msg="route: module future state=ConnectionState.done hasData=false hasError=false"
08-19 03:48:23.680 I/flutter (10481): [NET] GET endpoint=/api/v1/flash-sales/items
08-19 03:48:24.226 I/flutter (10481): [NET] endpoint=/api/v1/flash-sales/items http_status=200
08-19 03:48:48.232 I/flutter (10481): [NET] GET endpoint=/api/v1/items/details/150
08-19 03:48:49.098 I/flutter (10481): [NET] endpoint=/api/v1/items/details/150 http_status=200
08-19 03:48:49.103 I/flutter (10481): 📊 analytics: view_item {item_id: 150, item_category: 6, price: 18.08, value: 18.08}
08-19 03:48:58.094 I/flutter (10481): [FAIL] framework_error library=image resource service type=SocketException msg="SocketException: Connection refused (OS Error: Connection refused, errno = 111), address = localhost, port = 34348"
08-19 03:48:58.096 I/flutter (10481): [FAIL] framework_error   at #0      _NativeSocket.startConnect (dart:io-patch/socket_patch.dart:817:35)
08-19 03:48:58.096 I/flutter (10481): [FAIL] framework_error   at #1      _RawSocket.startConnect (dart:io-patch/socket_patch.dart:2281:26)
08-19 03:48:58.096 I/flutter (10481): [FAIL] framework_error   at #2      RawSocket.startConnect (dart:io-patch/socket_patch.dart:41:23)
08-19 03:48:58.096 I/flutter (10481): [FAIL] framework_error   at #3      Socket._startConnect (dart:io-patch/socket_patch.dart:2542:22)
08-19 03:48:58.096 I/flutter (10481): [FAIL] framework_error   at #4      Socket.startConnect (dart:io/socket.dart:897:21)
08-19 03:48:58.096 I/flutter (10481): [FAIL] framework_error   at #5      _ConnectionTarget.connect (dart:_http/http_impl.dart:2699:20)
08-19 03:48:58.096 I/flutter (10481): [FAIL] framework_error   at #6      _HttpClient._getConnection.connect (dart:_http/http_impl.dart:3193:12)
08-19 03:48:58.096 I/flutter (10481): [FAIL] framework_error   at #7      _HttpClient._getConnection (dart:_http/http_impl.dart:3198:12)
08-19 03:49:15.587 I/flutter (10481): [NET] GET endpoint=/api/v1/stores/get-stores/all
08-19 03:49:16.137 I/flutter (10481): [NET] endpoint=/api/v1/stores/get-stores/all http_status=200
08-19 03:49:33.962 I/flutter (10481): [NET] GET endpoint=/api/v1/stores/get-stores/all
08-19 03:49:34.651 I/flutter (10481): [NET] endpoint=/api/v1/stores/get-stores/all http_status=200
08-19 03:49:41.532 I/flutter (10481): [NET] GET endpoint=/api/v1/cashback/list
08-19 03:49:41.532 I/flutter (10481): [NET] GET endpoint=/api/v1/customer/wish-list
08-19 03:49:41.532 I/flutter (10481): [NET] GET endpoint=/api/v1/customer/cart/list
08-19 03:49:41.549 I/flutter (10481): [INFO] msg="route: waiting for module=grocery-food"
08-19 03:49:41.549 I/flutter (10481): [INFO] msg="route: checkModuleId configNull=false hasAddress=true fromDeeplink=false"
08-19 03:49:41.552 I/flutter (10481): [INFO] msg="route: not from deeplink, skipping module fetch"
08-19 03:49:41.555 I/flutter (10481): [INFO] msg="route: module future state=ConnectionState.waiting hasData=false hasError=false"
08-19 03:49:41.628 I/flutter (10481): [INFO] msg="route: module future state=ConnectionState.done hasData=false hasError=false"
08-19 03:49:41.634 I/flutter (10481): [NET] GET endpoint=/api/v1/stores/details/19
08-19 03:49:42.145 I/flutter (10481): [NET] endpoint=/api/v1/cashback/list http_status=200
08-19 03:49:42.168 I/flutter (10481): [NET] endpoint=/api/v1/customer/wish-list http_status=200
08-19 03:49:42.171 I/flutter (10481): [NET] endpoint=/api/v1/customer/cart/list http_status=200
08-19 03:49:42.644 I/flutter (10481): [NET] endpoint=/api/v1/stores/details/19 http_status=200
08-19 03:49:42.653 I/flutter (10481): [NET] GET endpoint=/api/v1/config/distance-api
08-19 03:49:42.654 I/flutter (10481): 📊 analytics: view_store {store_id: 19}
08-19 03:49:42.655 I/flutter (10481): [NET] GET endpoint=/api/v1/categories/offers
08-19 03:49:42.655 I/flutter (10481): [NET] GET endpoint=/api/v1/items/recommended
08-19 03:49:42.656 I/flutter (10481): [NET] GET endpoint=/api/v1/items/latest
08-19 03:49:43.647 I/flutter (10481): [NET] endpoint=/api/v1/categories/offers http_status=200
08-19 03:49:43.657 I/flutter (10481): [NET] endpoint=/api/v1/items/latest http_status=200
08-19 03:49:44.027 I/flutter (10481): [NET] endpoint=/api/v1/config/distance-api http_status=200
08-19 03:49:44.027 I/flutter (10481): [NET] GET endpoint=/api/v1/vehicle/extra_charge
08-19 03:49:44.266 I/flutter (10481): [NET] endpoint=/api/v1/items/recommended http_status=200
08-19 03:49:44.388 I/flutter (10481): [NET] endpoint=/api/v1/vehicle/extra_charge http_status=200
08-19 03:50:07.293 I/flutter (10481): [NET] GET endpoint=/api/v1/items/latest
08-19 03:50:07.885 I/flutter (10481): [NET] endpoint=/api/v1/items/latest http_status=200
08-19 03:50:40.137 I/flutter (11819): [IMPORTANT:flutter/shell/platform/android/android_context_gl_impeller.cc(104)] Using the Impeller rendering backend (OpenGLES).
08-19 03:50:40.186 I/flutter (11819): The Dart VM service is listening on http://127.0.0.1:46309/sk-PQPILXMM=/
08-19 03:50:41.948 I/flutter (11819): 📊 analytics: app_open {}
08-19 03:50:41.990 I/flutter (11819): [INFO] msg="route: building splash route, hasData=false"
08-19 03:50:42.166 I/flutter (11819): [INFO] msg="route: navigating to splash screen"
08-19 03:50:42.172 I/flutter (11819): [INFO] msg="splash: location prefetch initiated"
08-19 03:50:42.212 I/flutter (11819): [NET] GET endpoint=/api/v1/customer/cart/list
08-19 03:50:42.495 I/flutter (11819): [INFO] msg="splash: deeplink resolved canRoute=true"
08-19 03:50:42.495 I/flutter (11819): [INFO] msg="splash: routing"
08-19 03:50:42.498 I/flutter (11819): [NET] GET endpoint=/api/v1/config/get-zone-id
08-19 03:50:42.499 I/flutter (11819): [NET] GET endpoint=/api/v1/module
08-19 03:50:42.500 I/flutter (11819): [NET] GET endpoint=/api/v1/config
08-19 03:50:42.579 I/flutter (11819): [IMPORTANT:flutter/shell/platform/android/android_context_gl_impeller.cc(104)] Using the Impeller rendering backend (OpenGLES).
08-19 03:50:43.015 I/flutter (11819): [INFO] msg="FCM registration id obtained"
08-19 03:50:43.016 I/flutter (11819): [NET] POST endpoint=/api/v1/customer/cm-firebase-token
08-19 03:50:43.181 I/flutter (11819): [NET] endpoint=/api/v1/module http_status=200
08-19 03:50:43.252 I/flutter (11819): [NET] endpoint=/api/v1/customer/cart/list http_status=200
08-19 03:50:43.368 I/flutter (11819): [NET] endpoint=/api/v1/config http_status=200
08-19 03:50:43.370 I/flutter (11819): [INFO] msg="splash: deeplink resolved canRoute=true"
08-19 03:50:43.370 I/flutter (11819): [INFO] msg="splash: routing"
08-19 03:50:43.370 I/flutter (11819): [INFO] msg="splash-nav: duplicate boot resolution skipped (config cache+network chain)"
08-19 03:50:43.373 I/flutter (11819): [INFO] msg="FCM registration id obtained"
08-19 03:50:43.375 I/flutter (11819): [NET] POST endpoint=/api/v1/customer/cm-firebase-token
08-19 03:50:43.463 I/flutter (11819): [NET] endpoint=/api/v1/customer/cm-firebase-token http_status=200
08-19 03:50:43.551 I/flutter (11819): [NET] endpoint=/api/v1/config/get-zone-id http_status=200
08-19 03:50:43.552 I/flutter (11819): [INFO] msg="location: inZone=true"
08-19 03:50:43.557 I/flutter (11819): 📊 analytics: sectors_shown {sectors_count: 3, zone_id: 417}
08-19 03:50:43.578 I/flutter (11819): [INFO] msg="route: initial route module=grocery-food"
08-19 03:50:43.579 I/flutter (11819): [INFO] msg="route: waiting for module=grocery-food"
08-19 03:50:43.579 I/flutter (11819): [INFO] msg="route: checkModuleId configNull=false hasAddress=true fromDeeplink=false"
08-19 03:50:43.579 I/flutter (11819): [INFO] msg="route: not from deeplink, skipping module fetch"
08-19 03:50:43.581 I/flutter (11819): [INFO] msg="route: module future state=ConnectionState.waiting hasData=false hasError=false"
08-19 03:50:43.610 I/flutter (11819): [INFO] msg="route: module future state=ConnectionState.done hasData=false hasError=false"
08-19 03:50:43.613 I/flutter (11819): [NET] GET endpoint=/api/v1/customer/order/running-orders
08-19 03:50:43.614 I/flutter (11819): [NET] GET endpoint=/api/v1/customer/order/payment-failed
08-19 03:50:43.650 I/flutter (11819): [INFO] msg="home load started"
08-19 03:50:43.844 I/flutter (11819): [NET] GET endpoint=/api/v1/config/get-zone-id
08-19 03:50:43.857 I/flutter (11819): [NET] endpoint=/api/v1/customer/cm-firebase-token http_status=200
08-19 03:50:44.130 I/flutter (11819): [NET] endpoint=/api/v1/config/get-zone-id http_status=200
08-19 03:50:44.130 I/flutter (11819): [INFO] msg="location: inZone=true"
08-19 03:50:44.134 I/flutter (11819): [NET] GET endpoint=/api/v1/customer/info
08-19 03:50:44.153 I/flutter (11819): [NET] endpoint=/api/v1/customer/order/running-orders http_status=200
08-19 03:50:44.237 I/flutter (11819): [NET] endpoint=/api/v1/customer/order/payment-failed http_status=200
08-19 03:50:44.334 I/flutter (11819): [NET] endpoint=/api/v1/customer/info http_status=200
08-19 03:50:44.335 I/flutter (11819): [NET] GET endpoint=/api/v1/customer/notifications
08-19 03:50:44.336 I/flutter (11819): [NET] GET endpoint=/api/v1/coupon/list
08-19 03:50:44.338 I/flutter (11819): [NET] GET endpoint=/api/v1/banners
08-19 03:50:44.340 I/flutter (11819): [NET] GET endpoint=/api/v1/customer/address/list
08-19 03:50:44.351 I/flutter (11819): [NET] GET endpoint=/api/v1/module
08-19 03:50:44.352 I/flutter (11819): [NET] GET endpoint=/api/v1/stores/get-stores/all
08-19 03:50:45.624 I/flutter (11819): [NET] endpoint=/api/v1/stores/get-stores/all http_status=200
08-19 03:50:45.819 I/flutter (11819): [NET] endpoint=/api/v1/banners http_status=200
08-19 03:50:45.904 I/flutter (11819): [NET] endpoint=/api/v1/coupon/list http_status=200
08-19 03:50:45.990 I/flutter (11819): [NET] endpoint=/api/v1/customer/notifications http_status=200
08-19 03:50:46.077 I/flutter (11819): [NET] endpoint=/api/v1/customer/address/list http_status=200
08-19 03:50:46.202 I/flutter (11819): [NET] endpoint=/api/v1/module http_status=200
08-19 03:50:47.273 I/flutter (11819): [INFO] msg="location: within 1km of selected address: true"
08-19 03:50:47.273 I/flutter (11819): [INFO] msg="splash: location prefetch completed"
08-19 03:50:56.590 I/flutter (11819): [NET] GET endpoint=/api/v1/cashback/list
08-19 03:50:56.592 I/flutter (11819): [NET] GET endpoint=/api/v1/customer/wish-list
08-19 03:50:56.595 I/flutter (11819): [NET] GET endpoint=/api/v1/cashback/list
08-19 03:50:56.597 I/flutter (11819): [NET] GET endpoint=/api/v1/customer/cart/list
08-19 03:50:56.597 I/flutter (11819): [NET] GET endpoint=/api/v1/customer/cart/list
08-19 03:50:56.598 I/flutter (11819): [INFO] msg="home load started"
08-19 03:50:56.797 I/flutter (11819): [NET] GET endpoint=/api/v1/config/get-zone-id
08-19 03:50:57.715 I/flutter (11819): [NET] endpoint=/api/v1/customer/cart/list http_status=200
08-19 03:50:57.824 I/flutter (11819): [NET] endpoint=/api/v1/cashback/list http_status=200
08-19 03:50:57.915 I/flutter (11819): [NET] endpoint=/api/v1/cashback/list http_status=200
08-19 03:50:58.212 I/flutter (11819): [NET] endpoint=/api/v1/customer/cart/list http_status=200
08-19 03:50:58.372 I/flutter (11819): [NET] endpoint=/api/v1/customer/wish-list http_status=200
08-19 03:50:58.765 I/flutter (11819): [NET] endpoint=/api/v1/config/get-zone-id http_status=200
08-19 03:50:58.765 I/flutter (11819): [INFO] msg="location: inZone=true"
08-19 03:50:58.771 I/flutter (11819): [NET] GET endpoint=/api/v1/home/all
08-19 03:50:59.691 I/flutter (11819): [NET] GET endpoint=/api/v1/config/get-zone-id
08-19 03:51:00.636 I/flutter (11819): [NET] endpoint=/api/v1/home/all http_status=200
08-19 03:51:00.644 I/flutter (11819): [NET] GET endpoint=/api/v1/other-banners
08-19 03:51:00.654 I/flutter (11819): [NET] GET endpoint=/api/v1/customer/info
08-19 03:51:00.773 I/flutter (11819): [NET] GET endpoint=/api/v1/flash-sales
08-19 03:51:00.782 I/flutter (11819): [NET] GET endpoint=/api/v1/items/discounted
08-19 03:51:00.849 I/flutter (11819): [NET] GET endpoint=/api/v1/items/popular
08-19 03:51:00.853 I/flutter (11819): [NET] GET endpoint=/api/v1/items/most-reviewed
08-19 03:51:00.856 I/flutter (11819): [NET] GET endpoint=/api/v1/campaigns/basic
08-19 03:51:00.858 I/flutter (11819): [NET] GET endpoint=/api/v1/campaigns/item
08-19 03:51:00.875 I/flutter (11819): [NET] GET endpoint=/api/v1/items/recommended
08-19 03:51:00.882 I/flutter (11819): [NET] GET endpoint=/api/v1/customer/order/buy-it-again
08-19 03:51:00.882 I/flutter (11819): [NET] GET endpoint=/api/v1/stores/get-stores/all
08-19 03:51:00.884 I/flutter (11819): [NET] GET endpoint=/api/v1/advertisement/list
08-19 03:51:01.332 I/flutter (11819): [NET] endpoint=/api/v1/config/get-zone-id http_status=200
08-19 03:51:01.332 I/flutter (11819): [INFO] msg="location: inZone=true"
08-19 03:51:01.338 I/flutter (11819): [NET] GET endpoint=/api/v1/other-banners
08-19 03:51:01.356 I/flutter (11819): [NET] GET endpoint=/api/v1/banners
08-19 03:51:01.358 I/flutter (11819): [NET] GET endpoint=/api/v1/flash-sales
08-19 03:51:01.359 I/flutter (11819): [NET] GET endpoint=/api/v1/items/discounted
08-19 03:51:01.361 I/flutter (11819): [NET] GET endpoint=/api/v1/categories
08-19 03:51:01.363 I/flutter (11819): [NET] GET endpoint=/api/v1/stores/popular
08-19 03:51:01.369 I/flutter (11819): [NET] GET endpoint=/api/v1/campaigns/item
08-19 03:51:01.370 I/flutter (11819): [NET] GET endpoint=/api/v1/items/popular
08-19 03:51:01.374 I/flutter (11819): [NET] GET endpoint=/api/v1/stores/latest
08-19 03:51:01.375 I/flutter (11819): [NET] GET endpoint=/api/v1/items/most-reviewed
08-19 03:51:01.380 I/flutter (11819): [NET] GET endpoint=/api/v1/customer/order/buy-it-again
08-19 03:51:01.381 I/flutter (11819): [NET] GET endpoint=/api/v1/stores/get-stores/all
08-19 03:51:01.857 I/flutter (11819): [NET] endpoint=/api/v1/campaigns/basic http_status=200
08-19 03:51:01.888 I/flutter (11819): [NET] endpoint=/api/v1/customer/info http_status=200
08-19 03:51:01.888 I/flutter (11819): [NET] GET endpoint=/api/v1/customer/notifications
08-19 03:51:01.889 I/flutter (11819): [NET] GET endpoint=/api/v1/coupon/list
08-19 03:51:01.900 I/flutter (11819): [NET] endpoint=/api/v1/other-banners http_status=200
08-19 03:51:01.905 I/flutter (11819): [NET] GET endpoint=/api/v1/module
08-19 03:51:02.268 I/flutter (11819): [NET] endpoint=/api/v1/items/discounted http_status=200
08-19 03:51:02.426 I/flutter (11819): [NET] endpoint=/api/v1/flash-sales http_status=200
08-19 03:51:02.673 I/flutter (11819): [NET] endpoint=/api/v1/items/popular http_status=200
08-19 03:51:02.712 I/flutter (11819): [NET] GET endpoint=/api/v1/stores/get-stores/all
08-19 03:51:02.865 I/flutter (11819): [NET] endpoint=/api/v1/items/most-reviewed http_status=200
08-19 03:51:03.864 I/flutter (11819): [NET] endpoint=/api/v1/items/recommended http_status=200
08-19 03:51:03.938 I/flutter (11819): [NET] endpoint=/api/v1/campaigns/item http_status=200
08-19 03:51:04.024 I/flutter (11819): [NET] endpoint=/api/v1/customer/order/buy-it-again http_status=200
08-19 03:51:04.402 I/flutter (11819): [NET] endpoint=/api/v1/stores/get-stores/all http_status=200
08-19 03:51:04.403 I/flutter (11819): [NET] GET endpoint=/api/v1/customer/order/buy-it-again
08-19 03:51:04.405 I/flutter (11819): [NET] endpoint=/api/v1/advertisement/list http_status=200
08-19 03:51:04.490 I/flutter (11819): [NET] endpoint=/api/v1/other-banners http_status=200
08-19 03:51:04.641 I/flutter (11819): [NET] endpoint=/api/v1/banners http_status=200
08-19 03:51:04.774 I/flutter (11819): [NET] endpoint=/api/v1/flash-sales http_status=200
08-19 03:51:05.047 I/flutter (11819): [NET] endpoint=/api/v1/items/discounted http_status=200
08-19 03:51:05.177 I/flutter (11819): [NET] endpoint=/api/v1/categories http_status=200
08-19 03:51:05.178 I/flutter (11819): [NET] GET endpoint=/api/v1/customer/info
08-19 03:51:05.178 I/flutter (11819): [NET] GET endpoint=/api/v1/customer/notifications
08-19 03:51:05.185 I/flutter (11819): [NET] GET endpoint=/api/v1/campaigns/basic
08-19 03:51:05.186 I/flutter (11819): [NET] GET endpoint=/api/v1/advertisement/list
08-19 03:51:05.527 I/flutter (11819): [NET] endpoint=/api/v1/stores/popular http_status=200
08-19 03:51:05.684 I/flutter (11819): [NET] endpoint=/api/v1/campaigns/item http_status=200
08-19 03:51:05.955 I/flutter (11819): [NET] endpoint=/api/v1/items/popular http_status=200
08-19 03:51:06.316 I/flutter (11819): [NET] endpoint=/api/v1/stores/latest http_status=200
08-19 03:51:06.465 I/flutter (11819): [NET] endpoint=/api/v1/items/most-reviewed http_status=200
08-19 03:51:06.544 I/flutter (11819): [NET] endpoint=/api/v1/customer/order/buy-it-again http_status=200
08-19 03:51:06.819 I/flutter (11819): [NET] endpoint=/api/v1/stores/get-stores/all http_status=200
08-19 03:51:06.820 I/flutter (11819): [NET] GET endpoint=/api/v1/customer/order/buy-it-again
08-19 03:51:06.897 I/flutter (11819): [NET] endpoint=/api/v1/coupon/list http_status=200
08-19 03:51:06.977 I/flutter (11819): [NET] endpoint=/api/v1/customer/notifications http_status=200
08-19 03:51:07.068 I/flutter (11819): [NET] endpoint=/api/v1/module http_status=200
08-19 03:51:07.352 I/flutter (11819): [NET] endpoint=/api/v1/stores/get-stores/all http_status=200
08-19 03:51:07.523 I/flutter (11819): [NET] endpoint=/api/v1/customer/order/buy-it-again http_status=200
08-19 03:51:07.524 I/flutter (11819): [NET] endpoint=/api/v1/customer/notifications http_status=200
08-19 03:51:07.592 I/flutter (11819): [NET] endpoint=/api/v1/customer/info http_status=200
08-19 03:51:07.593 I/flutter (11819): [NET] GET endpoint=/api/v1/coupon/list
08-19 03:51:07.674 I/flutter (11819): [NET] endpoint=/api/v1/campaigns/basic http_status=200
08-19 03:51:07.739 I/flutter (11819): [NET] endpoint=/api/v1/advertisement/list http_status=200
08-19 03:51:07.811 I/flutter (11819): [NET] endpoint=/api/v1/customer/order/buy-it-again http_status=200
08-19 03:51:07.889 I/flutter (11819): [NET] endpoint=/api/v1/coupon/list http_status=200
08-19 03:51:33.747 I/flutter (12133): [IMPORTANT:flutter/shell/platform/android/android_context_gl_impeller.cc(104)] Using the Impeller rendering backend (OpenGLES).
08-19 03:51:33.791 I/flutter (12133): The Dart VM service is listening on http://127.0.0.1:43087/SdnJB2FYQH4=/
08-19 03:51:34.810 I/flutter (12133): 📊 analytics: app_open {}
08-19 03:51:34.857 I/flutter (12133): [INFO] msg="route: building splash route, hasData=false"
08-19 03:51:35.078 I/flutter (12133): [INFO] msg="route: navigating to splash screen"
08-19 03:51:35.085 I/flutter (12133): [INFO] msg="splash: location prefetch initiated"
08-19 03:51:35.118 I/flutter (12133): [NET] GET endpoint=/api/v1/customer/cart/list
08-19 03:51:35.391 I/flutter (12133): [INFO] msg="splash: deeplink resolved canRoute=true"
08-19 03:51:35.391 I/flutter (12133): [INFO] msg="splash: routing"
08-19 03:51:35.399 I/flutter (12133): [NET] GET endpoint=/api/v1/config/get-zone-id
08-19 03:51:35.401 I/flutter (12133): [NET] GET endpoint=/api/v1/module
08-19 03:51:35.402 I/flutter (12133): [NET] GET endpoint=/api/v1/config
08-19 03:51:35.483 I/flutter (12133): [IMPORTANT:flutter/shell/platform/android/android_context_gl_impeller.cc(104)] Using the Impeller rendering backend (OpenGLES).
08-19 03:51:35.771 I/flutter (12133): [INFO] msg="FCM registration id obtained"
08-19 03:51:35.772 I/flutter (12133): [NET] POST endpoint=/api/v1/customer/cm-firebase-token
08-19 03:51:35.875 I/flutter (12133): [NET] endpoint=/api/v1/config http_status=200
08-19 03:51:35.889 I/flutter (12133): [INFO] msg="splash: deeplink resolved canRoute=true"
08-19 03:51:35.889 I/flutter (12133): [INFO] msg="splash: routing"
08-19 03:51:35.890 I/flutter (12133): [INFO] msg="splash-nav: duplicate boot resolution skipped (config cache+network chain)"
08-19 03:51:35.900 I/flutter (12133): [INFO] msg="FCM registration id obtained"
08-19 03:51:35.902 I/flutter (12133): [NET] POST endpoint=/api/v1/customer/cm-firebase-token
08-19 03:51:35.987 I/flutter (12133): [NET] endpoint=/api/v1/customer/cart/list http_status=200
08-19 03:51:36.085 I/flutter (12133): [NET] endpoint=/api/v1/config/get-zone-id http_status=200
08-19 03:51:36.085 I/flutter (12133): [INFO] msg="location: inZone=true"
08-19 03:51:36.201 I/flutter (12133): [NET] endpoint=/api/v1/module http_status=200
08-19 03:51:36.211 I/flutter (12133): 📊 analytics: sectors_shown {sectors_count: 3, zone_id: 417}
08-19 03:51:36.224 I/flutter (12133): [INFO] msg="route: initial route module=grocery-food"
08-19 03:51:36.225 I/flutter (12133): [INFO] msg="route: waiting for module=grocery-food"
08-19 03:51:36.226 I/flutter (12133): [INFO] msg="route: checkModuleId configNull=false hasAddress=true fromDeeplink=false"
08-19 03:51:36.226 I/flutter (12133): [INFO] msg="route: not from deeplink, skipping module fetch"
08-19 03:51:36.227 I/flutter (12133): [INFO] msg="route: module future state=ConnectionState.waiting hasData=false hasError=false"
08-19 03:51:36.243 I/flutter (12133): [INFO] msg="route: module future state=ConnectionState.done hasData=false hasError=false"
08-19 03:51:36.247 I/flutter (12133): [NET] GET endpoint=/api/v1/customer/order/running-orders
08-19 03:51:36.248 I/flutter (12133): [NET] GET endpoint=/api/v1/customer/order/payment-failed
08-19 03:51:36.281 I/flutter (12133): [INFO] msg="home load started"
08-19 03:51:36.440 I/flutter (12133): [NET] GET endpoint=/api/v1/config/get-zone-id
08-19 03:51:36.453 I/flutter (12133): [NET] endpoint=/api/v1/customer/cm-firebase-token http_status=200
08-19 03:51:36.453 I/flutter (12133): [NET] endpoint=/api/v1/customer/cm-firebase-token http_status=200
08-19 03:51:36.571 I/flutter (12133): [NET] endpoint=/api/v1/customer/order/running-orders http_status=200
08-19 03:51:36.670 I/flutter (12133): [NET] endpoint=/api/v1/config/get-zone-id http_status=200
08-19 03:51:36.670 I/flutter (12133): [INFO] msg="location: inZone=true"
08-19 03:51:36.674 I/flutter (12133): [NET] GET endpoint=/api/v1/customer/info
08-19 03:51:36.769 I/flutter (12133): [NET] endpoint=/api/v1/customer/order/payment-failed http_status=200
08-19 03:51:36.863 I/flutter (12133): [NET] endpoint=/api/v1/customer/info http_status=200
08-19 03:51:36.864 I/flutter (12133): [NET] GET endpoint=/api/v1/customer/notifications
08-19 03:51:36.865 I/flutter (12133): [NET] GET endpoint=/api/v1/coupon/list
08-19 03:51:36.867 I/flutter (12133): [NET] GET endpoint=/api/v1/banners
08-19 03:51:36.869 I/flutter (12133): [NET] GET endpoint=/api/v1/customer/address/list
08-19 03:51:36.879 I/flutter (12133): [NET] GET endpoint=/api/v1/module
08-19 03:51:36.881 I/flutter (12133): [NET] GET endpoint=/api/v1/stores/get-stores/all
08-19 03:51:37.132 I/flutter (12133): [NET] endpoint=/api/v1/stores/get-stores/all http_status=200
08-19 03:51:37.224 I/flutter (12133): [NET] endpoint=/api/v1/customer/notifications http_status=200
08-19 03:51:37.308 I/flutter (12133): [NET] endpoint=/api/v1/coupon/list http_status=200
08-19 03:51:37.544 I/flutter (12133): [NET] endpoint=/api/v1/banners http_status=200
08-19 03:51:37.681 I/flutter (12133): [NET] endpoint=/api/v1/customer/address/list http_status=200
08-19 03:51:37.791 I/flutter (12133): [NET] endpoint=/api/v1/module http_status=200
08-19 03:51:38.556 I/flutter (12133): [NET] GET endpoint=/api/v1/cashback/list
08-19 03:51:38.558 I/flutter (12133): [NET] GET endpoint=/api/v1/customer/wish-list
08-19 03:51:38.563 I/flutter (12133): [NET] GET endpoint=/api/v1/cashback/list
08-19 03:51:38.563 I/flutter (12133): [NET] GET endpoint=/api/v1/customer/cart/list
08-19 03:51:38.565 I/flutter (12133): [NET] GET endpoint=/api/v1/customer/cart/list
08-19 03:51:38.566 I/flutter (12133): [INFO] msg="home load started"
08-19 03:51:38.768 I/flutter (12133): [NET] GET endpoint=/api/v1/config/get-zone-id
08-19 03:51:39.300 I/flutter (12133): [NET] endpoint=/api/v1/cashback/list http_status=200
08-19 03:51:39.301 I/flutter (12133): [NET] endpoint=/api/v1/customer/wish-list http_status=200
08-19 03:51:39.302 I/flutter (12133): [NET] endpoint=/api/v1/cashback/list http_status=200
08-19 03:51:39.303 I/flutter (12133): [NET] endpoint=/api/v1/customer/cart/list http_status=200
08-19 03:51:39.415 I/flutter (12133): [NET] endpoint=/api/v1/customer/cart/list http_status=200
08-19 03:51:39.453 I/flutter (12133): [INFO] msg="location: within 1km of selected address: true"
08-19 03:51:39.453 I/flutter (12133): [INFO] msg="splash: location prefetch completed"
08-19 03:51:39.500 I/flutter (12133): [NET] endpoint=/api/v1/config/get-zone-id http_status=200
08-19 03:51:39.500 I/flutter (12133): [INFO] msg="location: inZone=true"
08-19 03:51:39.502 I/flutter (12133): [NET] GET endpoint=/api/v1/home/all
08-19 03:51:40.879 I/flutter (12133): [NET] endpoint=/api/v1/home/all http_status=200
08-19 03:51:40.882 I/flutter (12133): [NET] GET endpoint=/api/v1/other-banners
08-19 03:51:40.886 I/flutter (12133): [NET] GET endpoint=/api/v1/customer/info
08-19 03:51:40.942 I/flutter (12133): [NET] GET endpoint=/api/v1/flash-sales
08-19 03:51:40.946 I/flutter (12133): [NET] GET endpoint=/api/v1/items/discounted
08-19 03:51:40.948 I/flutter (12133): [NET] GET endpoint=/api/v1/items/popular
08-19 03:51:40.950 I/flutter (12133): [NET] GET endpoint=/api/v1/items/most-reviewed
08-19 03:51:40.952 I/flutter (12133): [NET] GET endpoint=/api/v1/campaigns/basic
08-19 03:51:40.957 I/flutter (12133): [NET] GET endpoint=/api/v1/campaigns/item
08-19 03:51:40.962 I/flutter (12133): [NET] GET endpoint=/api/v1/items/recommended
08-19 03:51:40.964 I/flutter (12133): [NET] GET endpoint=/api/v1/customer/order/buy-it-again
08-19 03:51:40.965 I/flutter (12133): [NET] GET endpoint=/api/v1/stores/get-stores/all
08-19 03:51:40.966 I/flutter (12133): [NET] GET endpoint=/api/v1/advertisement/list
08-19 03:51:41.884 I/flutter (12133): [NET] endpoint=/api/v1/other-banners http_status=200
08-19 03:51:41.885 I/flutter (12133): [NET] endpoint=/api/v1/advertisement/list http_status=200
08-19 03:51:41.886 I/flutter (12133): [NET] endpoint=/api/v1/customer/info http_status=200
08-19 03:51:41.886 I/flutter (12133): [NET] GET endpoint=/api/v1/customer/notifications
08-19 03:51:41.886 I/flutter (12133): [NET] GET endpoint=/api/v1/coupon/list
08-19 03:51:41.887 I/flutter (12133): [NET] endpoint=/api/v1/flash-sales http_status=200
08-19 03:51:41.893 I/flutter (12133): [NET] GET endpoint=/api/v1/module
08-19 03:51:42.139 I/flutter (12133): [NET] endpoint=/api/v1/items/discounted http_status=200
08-19 03:51:42.398 I/flutter (12133): [NET] endpoint=/api/v1/items/popular http_status=200
08-19 03:51:42.547 I/flutter (12133): [NET] endpoint=/api/v1/items/most-reviewed http_status=200
08-19 03:51:42.640 I/flutter (12133): [NET] endpoint=/api/v1/campaigns/basic http_status=200
08-19 03:51:42.755 I/flutter (12133): [NET] endpoint=/api/v1/campaigns/item http_status=200
08-19 03:51:43.805 I/flutter (12133): [NET] endpoint=/api/v1/items/recommended http_status=200
08-19 03:51:43.914 I/flutter (12133): [NET] endpoint=/api/v1/customer/order/buy-it-again http_status=200
08-19 03:51:44.197 I/flutter (12133): [NET] endpoint=/api/v1/stores/get-stores/all http_status=200
08-19 03:51:44.199 I/flutter (12133): [NET] GET endpoint=/api/v1/customer/order/buy-it-again
08-19 03:51:44.291 I/flutter (12133): [NET] endpoint=/api/v1/coupon/list http_status=200
08-19 03:51:44.384 I/flutter (12133): [NET] endpoint=/api/v1/customer/notifications http_status=200
08-19 03:51:44.499 I/flutter (12133): [NET] endpoint=/api/v1/module http_status=200
08-19 03:51:44.588 I/flutter (12133): [NET] endpoint=/api/v1/customer/order/buy-it-again http_status=200
08-19 03:52:28.962 I/flutter (12133): [NET] GET endpoint=/api/v1/categories/childes/6
08-19 03:52:29.610 I/flutter (12133): [NET] endpoint=/api/v1/categories/childes/6 http_status=200
08-19 03:52:29.611 I/flutter (12133): [NET] GET endpoint=/api/v1/categories/items/6
08-19 03:52:30.642 I/flutter (12133): [NET] endpoint=/api/v1/categories/items/6 http_status=200
08-19 03:52:46.835 I/flutter (12485): [IMPORTANT:flutter/shell/platform/android/android_context_gl_impeller.cc(104)] Using the Impeller rendering backend (OpenGLES).
08-19 03:52:46.887 I/flutter (12485): The Dart VM service is listening on http://127.0.0.1:43977/r3AsPwDo0_c=/
08-19 03:52:47.848 I/flutter (12485): 📊 analytics: app_open {}
08-19 03:52:47.884 I/flutter (12485): [INFO] msg="route: building splash route, hasData=false"
08-19 03:52:48.080 I/flutter (12485): [INFO] msg="route: navigating to splash screen"
08-19 03:52:48.086 I/flutter (12485): [INFO] msg="splash: location prefetch initiated"
08-19 03:52:48.123 I/flutter (12485): [NET] GET endpoint=/api/v1/customer/cart/list
08-19 03:52:48.366 I/flutter (12485): [INFO] msg="splash: deeplink resolved canRoute=true"
08-19 03:52:48.366 I/flutter (12485): [INFO] msg="splash: routing"
08-19 03:52:48.369 I/flutter (12485): [NET] GET endpoint=/api/v1/config/get-zone-id
08-19 03:52:48.372 I/flutter (12485): [NET] GET endpoint=/api/v1/module
08-19 03:52:48.373 I/flutter (12485): [NET] GET endpoint=/api/v1/config
08-19 03:52:48.444 I/flutter (12485): [IMPORTANT:flutter/shell/platform/android/android_context_gl_impeller.cc(104)] Using the Impeller rendering backend (OpenGLES).
08-19 03:52:48.679 I/flutter (12485): [INFO] msg="FCM registration id obtained"
08-19 03:52:48.679 I/flutter (12485): [NET] POST endpoint=/api/v1/customer/cm-firebase-token
08-19 03:52:48.831 I/flutter (12485): [NET] endpoint=/api/v1/customer/cm-firebase-token http_status=200
08-19 03:52:48.957 I/flutter (12485): [NET] endpoint=/api/v1/customer/cart/list http_status=200
08-19 03:52:49.047 I/flutter (12485): [NET] endpoint=/api/v1/config/get-zone-id http_status=200
08-19 03:52:49.047 I/flutter (12485): [INFO] msg="location: inZone=true"
08-19 03:52:49.151 I/flutter (12485): [NET] endpoint=/api/v1/config http_status=200
08-19 03:52:49.167 I/flutter (12485): [INFO] msg="splash: deeplink resolved canRoute=true"
08-19 03:52:49.167 I/flutter (12485): [INFO] msg="splash: routing"
08-19 03:52:49.167 I/flutter (12485): [INFO] msg="splash-nav: duplicate boot resolution skipped (config cache+network chain)"
08-19 03:52:49.177 I/flutter (12485): [INFO] msg="FCM registration id obtained"
08-19 03:52:49.178 I/flutter (12485): [NET] POST endpoint=/api/v1/customer/cm-firebase-token
08-19 03:52:49.254 I/flutter (12485): [NET] endpoint=/api/v1/module http_status=200
08-19 03:52:49.259 I/flutter (12485): 📊 analytics: sectors_shown {sectors_count: 3, zone_id: 417}
08-19 03:52:49.269 I/flutter (12485): [INFO] msg="route: initial route module=grocery-food"
08-19 03:52:49.270 I/flutter (12485): [INFO] msg="route: waiting for module=grocery-food"
08-19 03:52:49.271 I/flutter (12485): [INFO] msg="route: checkModuleId configNull=false hasAddress=true fromDeeplink=false"
08-19 03:52:49.271 I/flutter (12485): [INFO] msg="route: not from deeplink, skipping module fetch"
08-19 03:52:49.272 I/flutter (12485): [INFO] msg="route: module future state=ConnectionState.waiting hasData=false hasError=false"
08-19 03:52:49.293 I/flutter (12485): [INFO] msg="route: module future state=ConnectionState.done hasData=false hasError=false"
08-19 03:52:49.297 I/flutter (12485): [NET] GET endpoint=/api/v1/customer/order/running-orders
08-19 03:52:49.297 I/flutter (12485): [NET] GET endpoint=/api/v1/customer/order/payment-failed
08-19 03:52:49.328 I/flutter (12485): [INFO] msg="home load started"
08-19 03:52:49.464 I/flutter (12485): [NET] GET endpoint=/api/v1/config/get-zone-id
08-19 03:52:49.475 I/flutter (12485): [NET] endpoint=/api/v1/customer/cm-firebase-token http_status=200
08-19 03:52:49.721 I/flutter (12485): [NET] endpoint=/api/v1/config/get-zone-id http_status=200
08-19 03:52:49.721 I/flutter (12485): [INFO] msg="location: inZone=true"
08-19 03:52:49.722 I/flutter (12485): [NET] endpoint=/api/v1/customer/order/running-orders http_status=200
08-19 03:52:49.725 I/flutter (12485): [NET] GET endpoint=/api/v1/customer/info
08-19 03:52:49.801 I/flutter (12485): [NET] endpoint=/api/v1/customer/order/payment-failed http_status=200
08-19 03:52:49.888 I/flutter (12485): [NET] endpoint=/api/v1/customer/info http_status=200
08-19 03:52:49.890 I/flutter (12485): [NET] GET endpoint=/api/v1/customer/notifications
08-19 03:52:49.891 I/flutter (12485): [NET] GET endpoint=/api/v1/coupon/list
08-19 03:52:49.893 I/flutter (12485): [NET] GET endpoint=/api/v1/banners
08-19 03:52:49.895 I/flutter (12485): [NET] GET endpoint=/api/v1/customer/address/list
08-19 03:52:49.904 I/flutter (12485): [NET] GET endpoint=/api/v1/module
08-19 03:52:49.906 I/flutter (12485): [NET] GET endpoint=/api/v1/stores/get-stores/all
08-19 03:52:50.893 I/flutter (12485): [NET] endpoint=/api/v1/coupon/list http_status=200
08-19 03:52:50.896 I/flutter (12485): [NET] endpoint=/api/v1/customer/notifications http_status=200
08-19 03:52:50.898 I/flutter (12485): [NET] endpoint=/api/v1/stores/get-stores/all http_status=200
08-19 03:52:50.940 I/flutter (12485): [NET] endpoint=/api/v1/banners http_status=200
08-19 03:52:51.024 I/flutter (12485): [NET] endpoint=/api/v1/customer/address/list http_status=200
08-19 03:52:51.124 I/flutter (12485): [NET] endpoint=/api/v1/module http_status=200
08-19 03:52:51.587 I/flutter (12485): [NET] GET endpoint=/api/v1/cashback/list
08-19 03:52:51.589 I/flutter (12485): [NET] GET endpoint=/api/v1/customer/wish-list
08-19 03:52:51.593 I/flutter (12485): [NET] GET endpoint=/api/v1/cashback/list
08-19 03:52:51.593 I/flutter (12485): [NET] GET endpoint=/api/v1/customer/cart/list
08-19 03:52:51.593 I/flutter (12485): [NET] GET endpoint=/api/v1/customer/cart/list
08-19 03:52:51.593 I/flutter (12485): [INFO] msg="home load started"
08-19 03:52:51.821 I/flutter (12485): [NET] GET endpoint=/api/v1/config/get-zone-id
08-19 03:52:52.628 I/flutter (12485): [NET] endpoint=/api/v1/cashback/list http_status=200
08-19 03:52:52.641 I/flutter (12485): [NET] endpoint=/api/v1/cashback/list http_status=200
08-19 03:52:52.642 I/flutter (12485): [NET] endpoint=/api/v1/customer/wish-list http_status=200
08-19 03:52:52.643 I/flutter (12485): [NET] endpoint=/api/v1/customer/cart/list http_status=200
08-19 03:52:52.644 I/flutter (12485): [NET] endpoint=/api/v1/config/get-zone-id http_status=200
08-19 03:52:52.644 I/flutter (12485): [INFO] msg="location: inZone=true"
08-19 03:52:52.647 I/flutter (12485): [NET] GET endpoint=/api/v1/home/all
08-19 03:52:52.713 I/flutter (12485): [INFO] msg="location: within 1km of selected address: true"
08-19 03:52:52.713 I/flutter (12485): [INFO] msg="splash: location prefetch completed"
08-19 03:52:52.725 I/flutter (12485): [NET] endpoint=/api/v1/customer/cart/list http_status=200
08-19 03:52:53.518 I/flutter (12485): [NET] endpoint=/api/v1/home/all http_status=200
08-19 03:52:53.521 I/flutter (12485): [NET] GET endpoint=/api/v1/other-banners
08-19 03:52:53.526 I/flutter (12485): [NET] GET endpoint=/api/v1/customer/info
08-19 03:52:53.573 I/flutter (12485): [NET] GET endpoint=/api/v1/flash-sales
08-19 03:52:53.577 I/flutter (12485): [NET] GET endpoint=/api/v1/items/discounted
08-19 03:52:53.580 I/flutter (12485): [NET] GET endpoint=/api/v1/items/popular
08-19 03:52:53.582 I/flutter (12485): [NET] GET endpoint=/api/v1/items/most-reviewed
08-19 03:52:53.584 I/flutter (12485): [NET] GET endpoint=/api/v1/campaigns/basic
08-19 03:52:53.591 I/flutter (12485): [NET] GET endpoint=/api/v1/campaigns/item
08-19 03:52:53.595 I/flutter (12485): [NET] GET endpoint=/api/v1/items/recommended
08-19 03:52:53.598 I/flutter (12485): [NET] GET endpoint=/api/v1/customer/order/buy-it-again
08-19 03:52:53.598 I/flutter (12485): [NET] GET endpoint=/api/v1/stores/get-stores/all
08-19 03:52:53.599 I/flutter (12485): [NET] GET endpoint=/api/v1/advertisement/list
08-19 03:52:54.519 I/flutter (12485): [NET] endpoint=/api/v1/customer/info http_status=200
08-19 03:52:54.520 I/flutter (12485): [NET] GET endpoint=/api/v1/customer/notifications
08-19 03:52:54.520 I/flutter (12485): [NET] GET endpoint=/api/v1/coupon/list
08-19 03:52:54.521 I/flutter (12485): [NET] endpoint=/api/v1/other-banners http_status=200
08-19 03:52:54.523 I/flutter (12485): [NET] endpoint=/api/v1/advertisement/list http_status=200
08-19 03:52:54.526 I/flutter (12485): [NET] GET endpoint=/api/v1/module
08-19 03:52:54.528 I/flutter (12485): [NET] endpoint=/api/v1/flash-sales http_status=200
08-19 03:52:54.697 I/flutter (12485): [NET] endpoint=/api/v1/items/discounted http_status=200
08-19 03:52:54.925 I/flutter (12485): [NET] endpoint=/api/v1/items/popular http_status=200
08-19 03:52:55.066 I/flutter (12485): [NET] endpoint=/api/v1/items/most-reviewed http_status=200
08-19 03:52:55.154 I/flutter (12485): [NET] endpoint=/api/v1/campaigns/basic http_status=200
08-19 03:52:55.276 I/flutter (12485): [NET] endpoint=/api/v1/campaigns/item http_status=200
08-19 03:52:56.232 I/flutter (12485): [NET] endpoint=/api/v1/items/recommended http_status=200
08-19 03:52:56.317 I/flutter (12485): [NET] endpoint=/api/v1/customer/order/buy-it-again http_status=200
08-19 03:52:56.593 I/flutter (12485): [NET] endpoint=/api/v1/stores/get-stores/all http_status=200
08-19 03:52:56.594 I/flutter (12485): [NET] GET endpoint=/api/v1/customer/order/buy-it-again
08-19 03:52:56.669 I/flutter (12485): [NET] endpoint=/api/v1/customer/notifications http_status=200
08-19 03:52:56.757 I/flutter (12485): [NET] endpoint=/api/v1/coupon/list http_status=200
08-19 03:52:56.856 I/flutter (12485): [NET] endpoint=/api/v1/module http_status=200
08-19 03:52:56.955 I/flutter (12485): [NET] endpoint=/api/v1/customer/order/buy-it-again http_status=200
08-19 03:53:05.953 I/flutter (12485): [NET] POST endpoint=/api/v1/customer/wish-list/add
08-19 03:53:06.942 I/flutter (12485): [NET] endpoint=/api/v1/customer/wish-list/add http_status=200
08-19 03:53:18.840 I/flutter (12823): [IMPORTANT:flutter/shell/platform/android/android_context_gl_impeller.cc(104)] Using the Impeller rendering backend (OpenGLES).
08-19 03:53:18.908 I/flutter (12823): The Dart VM service is listening on http://127.0.0.1:39565/PSbA3Ip7KnA=/
08-19 03:53:19.758 I/flutter (12823): 📊 analytics: app_open {}
08-19 03:53:19.802 I/flutter (12823): [INFO] msg="route: building splash route, hasData=false"
08-19 03:53:19.959 I/flutter (12823): [INFO] msg="route: navigating to splash screen"
08-19 03:53:19.972 I/flutter (12823): [INFO] msg="splash: location prefetch initiated"
08-19 03:53:20.014 I/flutter (12823): [NET] GET endpoint=/api/v1/customer/cart/list
08-19 03:53:20.273 I/flutter (12823): [INFO] msg="splash: deeplink resolved canRoute=true"
08-19 03:53:20.273 I/flutter (12823): [INFO] msg="splash: routing"
08-19 03:53:20.277 I/flutter (12823): [NET] GET endpoint=/api/v1/config/get-zone-id
08-19 03:53:20.279 I/flutter (12823): [NET] GET endpoint=/api/v1/module
08-19 03:53:20.280 I/flutter (12823): [NET] GET endpoint=/api/v1/config
08-19 03:53:20.359 I/flutter (12823): [IMPORTANT:flutter/shell/platform/android/android_context_gl_impeller.cc(104)] Using the Impeller rendering backend (OpenGLES).
08-19 03:53:20.589 I/flutter (12823): [INFO] msg="FCM registration id obtained"
08-19 03:53:20.590 I/flutter (12823): [NET] POST endpoint=/api/v1/customer/cm-firebase-token
08-19 03:53:20.779 I/flutter (12823): [NET] endpoint=/api/v1/customer/cm-firebase-token http_status=200
08-19 03:53:20.905 I/flutter (12823): [NET] endpoint=/api/v1/customer/cart/list http_status=200
08-19 03:53:20.998 I/flutter (12823): [NET] endpoint=/api/v1/config/get-zone-id http_status=200
08-19 03:53:20.999 I/flutter (12823): [INFO] msg="location: inZone=true"
08-19 03:53:21.102 I/flutter (12823): [NET] endpoint=/api/v1/module http_status=200
08-19 03:53:21.121 I/flutter (12823): 📊 analytics: sectors_shown {sectors_count: 3, zone_id: 417}
08-19 03:53:21.137 I/flutter (12823): [INFO] msg="route: initial route module=grocery-food"
08-19 03:53:21.137 I/flutter (12823): [INFO] msg="route: waiting for module=grocery-food"
08-19 03:53:21.138 I/flutter (12823): [INFO] msg="route: checkModuleId configNull=false hasAddress=true fromDeeplink=false"
08-19 03:53:21.138 I/flutter (12823): [INFO] msg="route: not from deeplink, skipping module fetch"
08-19 03:53:21.139 I/flutter (12823): [INFO] msg="route: module future state=ConnectionState.waiting hasData=false hasError=false"
08-19 03:53:21.161 I/flutter (12823): [INFO] msg="route: module future state=ConnectionState.done hasData=false hasError=false"
08-19 03:53:21.164 I/flutter (12823): [NET] GET endpoint=/api/v1/customer/order/running-orders
08-19 03:53:21.165 I/flutter (12823): [NET] GET endpoint=/api/v1/customer/order/payment-failed
08-19 03:53:21.195 I/flutter (12823): [INFO] msg="home load started"
08-19 03:53:21.324 I/flutter (12823): [NET] GET endpoint=/api/v1/config/get-zone-id
08-19 03:53:21.329 I/flutter (12823): [NET] endpoint=/api/v1/config http_status=200
08-19 03:53:21.330 I/flutter (12823): [INFO] msg="splash: deeplink resolved canRoute=true"
08-19 03:53:21.330 I/flutter (12823): [INFO] msg="splash: routing"
08-19 03:53:21.331 I/flutter (12823): [INFO] msg="splash-nav: duplicate boot resolution skipped (config cache+network chain)"
08-19 03:53:21.337 I/flutter (12823): [INFO] msg="FCM registration id obtained"
08-19 03:53:21.337 I/flutter (12823): [NET] POST endpoint=/api/v1/customer/cm-firebase-token
08-19 03:53:21.601 I/flutter (12823): [NET] endpoint=/api/v1/customer/cm-firebase-token http_status=200
08-19 03:53:21.602 I/flutter (12823): [NET] endpoint=/api/v1/customer/order/running-orders http_status=200
08-19 03:53:21.677 I/flutter (12823): [NET] endpoint=/api/v1/customer/order/payment-failed http_status=200
08-19 03:53:21.762 I/flutter (12823): [NET] endpoint=/api/v1/config/get-zone-id http_status=200
08-19 03:53:21.762 I/flutter (12823): [INFO] msg="location: inZone=true"
08-19 03:53:21.765 I/flutter (12823): [NET] GET endpoint=/api/v1/customer/info
08-19 03:53:21.935 I/flutter (12823): [NET] endpoint=/api/v1/customer/info http_status=200
08-19 03:53:21.936 I/flutter (12823): [NET] GET endpoint=/api/v1/customer/notifications
08-19 03:53:21.937 I/flutter (12823): [NET] GET endpoint=/api/v1/coupon/list
08-19 03:53:21.938 I/flutter (12823): [NET] GET endpoint=/api/v1/banners
08-19 03:53:21.940 I/flutter (12823): [NET] GET endpoint=/api/v1/customer/address/list
08-19 03:53:21.950 I/flutter (12823): [NET] GET endpoint=/api/v1/module
08-19 03:53:21.951 I/flutter (12823): [NET] GET endpoint=/api/v1/stores/get-stores/all
08-19 03:53:22.940 I/flutter (12823): [NET] endpoint=/api/v1/customer/address/list http_status=200
08-19 03:53:22.941 I/flutter (12823): [NET] endpoint=/api/v1/customer/notifications http_status=200
08-19 03:53:22.942 I/flutter (12823): [NET] endpoint=/api/v1/coupon/list http_status=200
08-19 03:53:22.944 I/flutter (12823): [NET] endpoint=/api/v1/stores/get-stores/all http_status=200
08-19 03:53:23.037 I/flutter (12823): [NET] endpoint=/api/v1/banners http_status=200
08-19 03:53:23.131 I/flutter (12823): [NET] endpoint=/api/v1/module http_status=200
08-19 03:53:23.606 I/flutter (12823): [NET] GET endpoint=/api/v1/cashback/list
08-19 03:53:23.608 I/flutter (12823): [NET] GET endpoint=/api/v1/customer/wish-list
08-19 03:53:23.610 I/flutter (12823): [NET] GET endpoint=/api/v1/cashback/list
08-19 03:53:23.611 I/flutter (12823): [NET] GET endpoint=/api/v1/customer/cart/list
08-19 03:53:23.611 I/flutter (12823): [NET] GET endpoint=/api/v1/customer/cart/list
08-19 03:53:23.611 I/flutter (12823): [INFO] msg="home load started"
08-19 03:53:23.625 I/flutter (12823): [NET] GET endpoint=/api/v1/config/get-zone-id
08-19 03:53:24.136 I/flutter (12823): [NET] endpoint=/api/v1/cashback/list http_status=200
08-19 03:53:24.137 I/flutter (12823): [NET] endpoint=/api/v1/customer/cart/list http_status=200
08-19 03:53:24.139 I/flutter (12823): [NET] endpoint=/api/v1/customer/wish-list http_status=200
08-19 03:53:24.252 I/flutter (12823): [NET] endpoint=/api/v1/cashback/list http_status=200
08-19 03:53:24.342 I/flutter (12823): [NET] endpoint=/api/v1/customer/cart/list http_status=200
08-19 03:53:24.438 I/flutter (12823): [NET] endpoint=/api/v1/config/get-zone-id http_status=200
08-19 03:53:24.438 I/flutter (12823): [INFO] msg="location: inZone=true"
08-19 03:53:24.442 I/flutter (12823): [NET] GET endpoint=/api/v1/home/all
08-19 03:53:24.802 I/flutter (12823): [INFO] msg="location: within 1km of selected address: true"
08-19 03:53:24.802 I/flutter (12823): [INFO] msg="splash: location prefetch completed"
08-19 03:53:25.728 I/flutter (12823): [NET] endpoint=/api/v1/home/all http_status=200
08-19 03:53:25.731 I/flutter (12823): [NET] GET endpoint=/api/v1/other-banners
08-19 03:53:25.735 I/flutter (12823): [NET] GET endpoint=/api/v1/customer/info
08-19 03:53:25.774 I/flutter (12823): [NET] GET endpoint=/api/v1/flash-sales
08-19 03:53:25.779 I/flutter (12823): [NET] GET endpoint=/api/v1/items/discounted
08-19 03:53:25.781 I/flutter (12823): [NET] GET endpoint=/api/v1/items/popular
08-19 03:53:25.783 I/flutter (12823): [NET] GET endpoint=/api/v1/items/most-reviewed
08-19 03:53:25.785 I/flutter (12823): [NET] GET endpoint=/api/v1/campaigns/basic
08-19 03:53:25.791 I/flutter (12823): [NET] GET endpoint=/api/v1/campaigns/item
08-19 03:53:25.795 I/flutter (12823): [NET] GET endpoint=/api/v1/items/recommended
08-19 03:53:25.798 I/flutter (12823): [NET] GET endpoint=/api/v1/customer/order/buy-it-again
08-19 03:53:25.799 I/flutter (12823): [NET] GET endpoint=/api/v1/stores/get-stores/all
08-19 03:53:25.800 I/flutter (12823): [NET] GET endpoint=/api/v1/advertisement/list
08-19 03:53:26.737 I/flutter (12823): [NET] endpoint=/api/v1/customer/info http_status=200
08-19 03:53:26.737 I/flutter (12823): [NET] GET endpoint=/api/v1/customer/notifications
08-19 03:53:26.737 I/flutter (12823): [NET] GET endpoint=/api/v1/coupon/list
08-19 03:53:26.738 I/flutter (12823): [NET] endpoint=/api/v1/other-banners http_status=200
08-19 03:53:26.739 I/flutter (12823): [NET] endpoint=/api/v1/advertisement/list http_status=200
08-19 03:53:26.740 I/flutter (12823): [NET] endpoint=/api/v1/flash-sales http_status=200
08-19 03:53:26.743 I/flutter (12823): [NET] GET endpoint=/api/v1/module
08-19 03:53:26.902 I/flutter (12823): [NET] endpoint=/api/v1/items/discounted http_status=200
08-19 03:53:27.137 I/flutter (12823): [NET] endpoint=/api/v1/items/popular http_status=200
08-19 03:53:27.280 I/flutter (12823): [NET] endpoint=/api/v1/items/most-reviewed http_status=200
08-19 03:53:27.368 I/flutter (12823): [NET] endpoint=/api/v1/campaigns/basic http_status=200
08-19 03:53:27.484 I/flutter (12823): [NET] endpoint=/api/v1/campaigns/item http_status=200
08-19 03:53:28.433 I/flutter (12823): [NET] endpoint=/api/v1/items/recommended http_status=200
08-19 03:53:28.514 I/flutter (12823): [NET] endpoint=/api/v1/customer/order/buy-it-again http_status=200
08-19 03:53:28.786 I/flutter (12823): [NET] endpoint=/api/v1/stores/get-stores/all http_status=200
08-19 03:53:28.787 I/flutter (12823): [NET] GET endpoint=/api/v1/customer/order/buy-it-again
08-19 03:53:28.875 I/flutter (12823): [NET] endpoint=/api/v1/coupon/list http_status=200
08-19 03:53:28.957 I/flutter (12823): [NET] endpoint=/api/v1/customer/notifications http_status=200
08-19 03:53:29.056 I/flutter (12823): [NET] endpoint=/api/v1/module http_status=200
08-19 03:53:29.135 I/flutter (12823): [NET] endpoint=/api/v1/customer/order/buy-it-again http_status=200
