=== ROW4 H2 set (fence-aware)
-- template:
## Identity and scope boundary
## Project context
## Rules and standards
## Known traps
## Investigation protocol
## Answer contract
## One-hop rule
## Never-do list
-- brief:
## Identity and scope boundary
## Project context
## Rules and standards
## Known traps
## Investigation protocol
## Answer contract
## One-hop rule
## Never-do list
-- diff (template vs brief, order-sensitive):
IDENTICAL
-- diff sorted:
IDENTICAL-SET
template H2 count=       8 brief H2 count=       8
-- wc -l:
     236 docs/workflow/advisors/advisor-workflow.md
-- brief H2 line numbers:
3: ## Identity and scope boundary
18: ## Project context
37: ## Rules and standards
100: ## Known traps
140: ## Investigation protocol
166: ## Answer contract
204: ## One-hop rule
218: ## Never-do list
