== ORPHAN — on disk, NOT in catalog (invisible / taxonomy violation) ==
== NEW ORPHAN — not in /Users/Apple/Projects/nears-NEARS-3191-advisor-workflow-brief/scripts/docs-catalog-orphan-baseline.txt, must be catalogued or grandfathered ==
docs/design/NEARS-2723-cart-qty-stepper-column-width.md
docs/design/NEARS-2774-cart-outer-row-rtl-width-budget.md
docs/design/NEARS-2910-nrating-input-spec.md
docs/design/audit-f2-f7.md
docs/design/n-linear-progress.md
docs/solutions/NEARS-1620-nskeletonlistrow.md
docs/solutions/NEARS-1913-dls-golden-glyph-blind-rtl-audit.md
docs/solutions/NEARS-1928-date-bidi-delivery-vendor.md
docs/solutions/NEARS-1988-cart-minimum-gate.md
docs/solutions/NEARS-1992-guest-cart-merge-diagnosis.md
docs/solutions/NEARS-2363-facebook-sdk-init.md
docs/solutions/NEARS-2483-flash-card-ar-scale-overflow.md
docs/solutions/NEARS-2552-fcm-token-module-check-403.md
docs/solutions/NEARS-2721-coldstart-deeplink-403.md
docs/solutions/NEARS-2723-cart-qty-stepper-column-width.md
docs/solutions/NEARS-2726-cart-outer-column-overflow.md
docs/solutions/NEARS-2745-vendor-register-403-diagnosis.md
docs/solutions/NEARS-2770-navy-hero-consolidation.md
docs/solutions/NEARS-2774-cart-outer-row-overflow-rtl.md
docs/solutions/NEARS-2777-flash-card-2x-scale-overflow.md
docs/solutions/NEARS-2781-signin-zero-height-bounds.md
docs/solutions/NEARS-2788-coldboot-location-timeout.md
docs/solutions/NEARS-2790-web-widget-cleanup.md
docs/solutions/NEARS-2815-cart-merged-tristate.md
docs/solutions/NEARS-2845-orphan-widget-cleanup.md
docs/solutions/NEARS-2867-nswitch-promotion.md
docs/solutions/NEARS-2876-textbutton-nbutton-sweep.md
docs/solutions/NEARS-2877-nspinner-nskeleton-sweep.md
docs/solutions/NEARS-2878-nbottomsheet-sheet-sweep.md
docs/solutions/NEARS-2879-nicon-raw-icon-sweep.md
docs/solutions/NEARS-2883-nearscolors-nearstokens-sweep.md
docs/solutions/NEARS-2894-map-address-module-crash.md
docs/solutions/NEARS-2900-fab-double-lookup.md
docs/solutions/NEARS-2902-order-controller-addons-null.md
docs/solutions/NEARS-2910-rating-input.md
docs/solutions/NEARS-2918-notpinput-error-signal.md
docs/solutions/NEARS-3119-nlinearprogress.md
docs/solutions/NEARS-3120-search-filter-icon-zero-width.md
docs/solutions/NEARS-3126-workflow-audit.md

== DEAD — in catalog, missing on disk ==
docs/design/F7 launch plan.md
docs/design/F7 master spec.md

== INCOMPLETE — missing domain/surface/summary ==
(none)

FAIL — see above.
