=== NEARS-2323 attempt 2: on-device AC1/AC2/AC3 evidence ===
Device: emulator-5566, package com.izzes.nearsdelivery
Build: DeliveryApp/build/app/outputs/flutter-apk/app-debug.apk (worktree HEAD 20f78b69)

=== AC1-install: adb install -r ===
Performing Streamed Install
Success

=== AC2: FA/FA-SVC init lines (grep -s FA:V FA-SVC:V) ===
08-26 05:40:47.638 23320 23377 V FA      : App measurement enabled for app package, google app id: com.izzes.nearsdelivery, 1:1033648887925:android:b7f5d4c6c9f68fa7cf003c
08-26 05:40:47.640 23320 23377 I FA      :   adb shell setprop debug.firebase.analytics.app com.izzes.nearsdelivery
08-26 05:40:47.640 23320 23377 V FA      : Default prefs file: com.izzes.nearsdelivery_preferences
08-26 05:40:50.808  1648 23418 V FA-SVC  : dsid successfully retrieved, isEmpty: com.izzes.nearsdelivery, true
08-26 05:40:50.935  1648 23418 V FA-SVC  : EES not loaded for: com.izzes.nearsdelivery
08-26 05:40:50.995  1648 23418 V FA-SVC  : EES not loaded for: com.izzes.nearsdelivery
08-26 05:40:51.289  1648 23418 V FA-SVC  : EES not loaded for: com.izzes.nearsdelivery
08-26 05:40:51.319  1648 23418 V FA-SVC  : Fetching remote configuration: com.izzes.nearsdelivery
08-26 05:40:51.319  1648 23418 V FA-SVC  : Fetching config with GmsCore network library. app: com.izzes.nearsdelivery
08-26 05:40:51.991  1648 23418 V FA-SVC  : EES not loaded for: com.izzes.nearsdelivery
08-26 05:40:52.529  1648 23437 V FA-SVC  : Gms url request successful. app: com.izzes.nearsdelivery, CONFIG
08-26 05:40:52.791  1648 23418 V FA-SVC  : Uploading data. app, uncompressed size, data: com.izzes.nearsdelivery, 1441, 
08-26 05:40:52.791  1648 23418 V FA-SVC  :     app_id: com.izzes.nearsdelivery
08-26 05:40:52.791  1648 23418 V FA-SVC  :     app_id: com.izzes.nearsdelivery
08-26 05:40:52.791  1648 23418 V FA-SVC  : Uploading bundle with GmsCore network library. app: com.izzes.nearsdelivery
08-26 05:40:52.928  1648 23437 V FA-SVC  : Gms url request successful. app: com.izzes.nearsdelivery, GOOGLE_ANALYTICS
08-26 05:41:17.216  1648 23418 V FA-SVC  : Populate EES config from database on cache miss. appId: com.izzes.nearsdelivery
08-26 05:41:17.231  1648 23418 V FA-SVC  : EES not loaded for: com.izzes.nearsdelivery
08-26 05:42:01.150  1648 23646 V FA-SVC  : Populate EES config from database on cache miss. appId: com.izzes.nearsdelivery
08-26 05:42:01.155  1648 23646 V FA-SVC  : EES not loaded for: com.izzes.nearsdelivery

=== AC2: 'Missing google_app_id' check across full session logcat ===
(no output above == clean, zero matches)

=== API-key related error scan (full session) ===
(no output above == clean, zero matches)

=== FATAL EXCEPTION scan (full session) ===
(no output above == clean, zero matches)

=== AC3: order_location/Maps screen reachability ===
Logged in as Ali Hassan (+971565656656). Dashboard reached, no crash.
Request tab: 'No order request available' -- confirms the pre-existing Data DoR
gap documented in docs/apps/deliveryapp/deliveryapp-screen-inventory.md 'Gaps /
not reachable in this config': order_location map requires an active assigned
order, not available for the seeded delivery man test data. Same limitation hit
in NEARS-893's own QA -- pre-existing, not introduced by NEARS-2323.
Partial evidence in lieu of the exact screen: zero API-key/Maps-init errors in
logcat across the full session (login, permission grants, dashboard, Request tab).
