--
E/ConsumerBase(13244): [ImageReader-1x1f22m7-13244-9] abandonLocked: ConsumerBase is abandoned!
I/flutter (13244): [NET] GET endpoint=/api/v1/cashback/getCashback
I/flutter (13244): [NET] endpoint=/api/v1/customer/order/get-Tax http_status=403
--
I/flutter (13244): <asynchronous suspension>
I/flutter (13244): ----------------------------------------------------
I/flutter (13244): [FAIL] endpoint=/api/v1/customer/order/get-Tax http_status=403 type=ApiFailure msg="api request failed" correlation_id=947f4b71-a331-49e8-bb45-111b98787d3c
I/flutter (13244): [NET] endpoint=/api/v1/customer/order/get-Tax http_status=403
--
I/flutter (13244): <asynchronous suspension>
I/flutter (13244): ----------------------------------------------------
I/flutter (13244): [FAIL] endpoint=/api/v1/customer/order/get-Tax http_status=403 type=ApiFailure msg="api request failed" correlation_id=1418cf06-f5c3-4975-8361-f36cea924a1c
I/flutter (13244): [NET] POST endpoint=/api/v1/customer/order/get-Tax
I/flutter (13244): [NET] endpoint=/api/v1/cashback/getCashback http_status=200
I/flutter (13244): [NET] endpoint=/api/v1/customer/order/get-Tax http_status=403
--
I/flutter (13244): <asynchronous suspension>
I/flutter (13244): ----------------------------------------------------
I/flutter (13244): [FAIL] endpoint=/api/v1/customer/order/get-Tax http_status=403 type=ApiFailure msg="api request failed" correlation_id=7c638a39-53d0-43fa-a6ae-a0607be67cfa
