--------- beginning of main
09-30 15:28:34.572 14693 14693 I flutter : [INFO] msg="route: waiting for module=grocery-food"
09-30 15:28:34.577 14693 14693 I flutter : [INFO] msg="route: checkModuleId configNull=false hasAddress=true fromDeeplink=false"
09-30 15:28:34.577 14693 14693 I flutter : [INFO] msg="route: not from deeplink, skipping module fetch"
09-30 15:28:34.579 14693 14693 I flutter : [INFO] msg="route: module future state=ConnectionState.waiting hasData=false hasError=false"
09-30 15:28:34.620 14693 14693 I flutter : [INFO] msg="route: module future state=ConnectionState.done hasData=false hasError=false"
09-30 15:28:34.634 14693 14693 I flutter : [NET] GET endpoint=/api/v1/most-tips
09-30 15:28:34.637 14693 14693 I flutter : [NET] GET endpoint=/api/v1/offline_payment_method_list
09-30 15:28:34.645 14693 14693 I flutter : [NET] GET endpoint=/api/v1/coupon/list
09-30 15:28:34.648 14693 14693 I flutter : [NET] GET endpoint=/api/v1/customer/address/list
09-30 15:28:34.650 14693 14693 I flutter : [NET] GET endpoint=/api/v1/stores/details/35
09-30 15:28:35.398 14693 14693 I flutter : [NET] endpoint=/api/v1/stores/details/35 http_status=200
09-30 15:28:35.412 14693 14693 I flutter : [NET] GET endpoint=/api/v1/config/distance-api
09-30 15:28:35.415 14693 14693 I flutter : 📊 analytics: view_store {store_id: 35, is_open: 1}
09-30 15:28:35.431 14693 14693 I flutter : [NET] endpoint=/api/v1/most-tips http_status=200
09-30 15:28:35.442 14693 14693 I flutter : 📊 analytics: begin_checkout {value: 10.0, currency: AED, item_count: 1, source: basket, store_count: 1}
09-30 15:28:35.826 14693 14693 I flutter : [INFO] msg="checkout: payment method selected index=0"
09-30 15:28:35.826 14693 14693 I flutter : 📊 analytics: add_payment_info {payment_type: cash_on_delivery, value: 9.0, currency: AED, screen: checkout, section: payment}
09-30 15:28:35.843 14693 14693 I flutter : [NET] POST endpoint=/api/v1/customer/order/get-Tax
09-30 15:28:35.856 14693 14693 I flutter : [NET] endpoint=/api/v1/offline_payment_method_list http_status=200
09-30 15:28:35.861 14693 14693 I flutter : [NET] endpoint=/api/v1/coupon/list http_status=200
09-30 15:28:35.865 14693 14693 I flutter : 📊 analytics: view_promotion {promotion_count: 7, eligible_count: 0, expiring_count: 0, screen: coupons, source: profile_menu}
09-30 15:28:35.876 14693 14693 I flutter : [NET] endpoint=/api/v1/customer/address/list http_status=200
09-30 15:28:35.887 14693 14693 I flutter : [NET] POST endpoint=/api/v1/customer/order/get-surge-price
09-30 15:28:36.323 14693 14693 I flutter : [NET] endpoint=/api/v1/config/distance-api http_status=200
09-30 15:28:36.326 14693 14693 I flutter : [NET] GET endpoint=/api/v1/vehicle/extra_charge
09-30 15:28:36.492 14693 14693 I flutter : [NET] endpoint=/api/v1/customer/order/get-Tax http_status=200
09-30 15:28:36.602 14693 14693 I flutter : [NET] endpoint=/api/v1/customer/order/get-surge-price http_status=200
09-30 15:28:36.605 14693 14693 I flutter : [NET] POST endpoint=/api/v1/config/delivery-quote
09-30 15:28:36.692 14693 14693 I flutter : [NET] endpoint=/api/v1/vehicle/extra_charge http_status=200
09-30 15:28:36.743 14693 14693 I flutter : [NET] GET endpoint=/api/v1/cashback/getCashback
09-30 15:28:36.786 14693 14693 I flutter : [NET] endpoint=/api/v1/config/delivery-quote http_status=200
09-30 15:28:36.920 14693 14693 I flutter : [NET] endpoint=/api/v1/cashback/getCashback http_status=200
09-30 15:28:36.926 14693 14693 I flutter : [NET] POST endpoint=/api/v1/config/delivery-quote
09-30 15:28:37.913 14693 14693 I flutter : [NET] endpoint=/api/v1/config/delivery-quote http_status=200
09-30 15:28:38.917 14693 14693 I flutter : [NET] GET endpoint=/api/v1/cashback/getCashback
09-30 15:28:39.912 14693 14693 I flutter : [NET] endpoint=/api/v1/cashback/getCashback http_status=200
09-30 15:29:46.487 14693 14693 I flutter : [NET] POST endpoint=/api/v1/customer/order/get-surge-price
09-30 15:29:48.244 14693 14693 I flutter : [NET] endpoint=/api/v1/customer/order/get-surge-price http_status=200
09-30 15:29:48.246 14693 14693 I flutter : [NET] POST endpoint=/api/v1/config/delivery-quote
09-30 15:29:49.244 14693 14693 I flutter : [NET] endpoint=/api/v1/config/delivery-quote http_status=200
09-30 15:30:29.254 14693 14693 I flutter : 📊 analytics: place_order_tapped {pricing_settled: 1, store_count: 1, screen: checkout, section: place_order}
09-30 15:30:29.313 14693 14693 I flutter : [NET] POST endpoint=/api/v1/customer/order/get-Tax
09-30 15:30:29.338 14693 14693 I flutter : 📊 analytics: screen_view {screen_name: order_confirm_sheet, source: checkout}
09-30 15:30:30.282 14693 14693 I flutter : [NET] endpoint=/api/v1/customer/order/get-Tax http_status=200
09-30 15:30:30.291 14693 14693 I flutter : 📊 analytics: order_confirm_sheet_shown {store_count: 1, item_count: 1, value: 10.5, currency: AED, price_changed: 0, stock_changed: 0, screen: order_confirm_sheet, source: checkout}
09-30 15:30:45.865 14693 14693 I flutter : 📊 analytics: order_confirm_confirmed {value: 10.5, currency: AED, store_count: 1, price_changed: 0, screen: order_confirm_sheet, section: footer_cta}
09-30 15:30:45.879 14693 14693 I flutter : [INFO] msg="checkout: place-order button clicked"
09-30 15:30:45.895 14693 14693 I flutter : [INFO] msg="multipart POST endpoint=/api/v1/customer/order/place"
09-30 15:30:47.306 14693 14693 I flutter : [NET] endpoint=/api/v1/customer/order/place http_status=200
09-30 15:30:47.318 14693 14693 I flutter : 📊 analytics: purchase {transaction_id: 91416, value: 10.5, currency: AED, tax: 0.5, shipping: 0.0, store_count: 1, source: confirm_sheet}
09-30 15:30:47.338 14693 14693 I flutter : [INFO] msg="home load started"
09-30 15:30:47.347 14693 14693 I flutter : [INFO] msg="checkout: order placed successfully orderID=91416"
09-30 15:30:47.348 14693 14693 I flutter : [NET] DELETE endpoint=/api/v1/customer/cart/remove
09-30 15:30:47.370 14693 14693 I flutter : [NET] GET endpoint=/api/v1/config/get-zone-id
09-30 15:30:47.393 14693 14693 I flutter : [INFO] msg="pusher init skipped: websocket disabled"
09-30 15:30:47.397 14693 14693 I flutter : [INFO] msg="order: trackOrder orderID=91416"
09-30 15:30:47.399 14693 14693 I flutter : [INFO] msg="trackOrder called for orderID=91416 source=rowTap"
09-30 15:30:47.399 14693 14693 I flutter : [NET] GET endpoint=/api/v1/customer/order/track
09-30 15:30:48.309 14693 14693 I flutter : [NET] endpoint=/api/v1/customer/cart/remove http_status=200
09-30 15:30:48.309 14693 14693 I flutter : [NET] GET endpoint=/api/v1/customer/cart/list
09-30 15:30:48.315 14693 14693 I flutter : [NET] endpoint=/api/v1/config/get-zone-id http_status=200
09-30 15:30:48.317 14693 14693 I flutter : [INFO] msg="location: inZone=true"
09-30 15:30:48.324 14693 14693 I flutter : [NET] endpoint=/api/v1/customer/order/track http_status=200
09-30 15:30:48.330 14693 14693 I flutter : [INFO] msg="trackOrder called for orderID=91416 source=timerPoll"
09-30 15:30:48.330 14693 14693 I flutter : [NET] GET endpoint=/api/v1/customer/order/track
09-30 15:30:48.337 14693 14693 I flutter : [NET] GET endpoint=/api/v1/home/all
09-30 15:30:48.347 14693 14693 I flutter : 📊 analytics: order_tracking_opened {order_id: 91416, order_status: pending, screen: order_tracking, section: sheet}
09-30 15:30:49.319 14693 14693 I flutter : [NET] endpoint=/api/v1/customer/cart/list http_status=200
09-30 15:30:49.421 14693 14693 I flutter : [NET] endpoint=/api/v1/customer/order/track http_status=200
09-30 15:30:49.440 14693 14693 I flutter : [NET] endpoint=/api/v1/home/all http_status=200
09-30 15:30:49.446 14693 14693 I flutter : [NET] GET endpoint=/api/v1/other-banners
09-30 15:30:49.450 14693 14693 I flutter : [NET] GET endpoint=/api/v1/customer/info
09-30 15:30:49.468 14693 14693 I flutter : [NET] GET endpoint=/api/v1/flash-sales
09-30 15:30:49.480 14693 14693 I flutter : [NET] GET endpoint=/api/v1/items/popular
09-30 15:30:49.488 14693 14693 I flutter : [NET] GET endpoint=/api/v1/items/most-reviewed
09-30 15:30:49.494 14693 14693 I flutter : [NET] GET endpoint=/api/v1/campaigns/basic
09-30 15:30:49.498 14693 14693 I flutter : [NET] GET endpoint=/api/v1/campaigns/item
09-30 15:30:49.501 14693 14693 I flutter : [NET] GET endpoint=/api/v1/items/recommended
09-30 15:30:49.508 14693 14693 I flutter : 📊 analytics: view_item_list {item_list_id: store_card_popular_items, item_list_name: store_card_popular_items, item_count: 5, screen: home, store_id: 12, section: stores_list, position: 1}
09-30 15:30:49.508 14693 14693 I flutter : 📊 analytics: view_item_list {item_list_id: store_card_popular_items, item_list_name: store_card_popular_items, item_count: 5, screen: home, store_id: 13, section: stores_list, position: 2}
09-30 15:30:49.509 14693 14693 I flutter : 📊 analytics: view_item_list {item_list_id: store_card_popular_items, item_list_name: store_card_popular_items, item_count: 5, screen: home, store_id: 14, section: stores_list, position: 3}
09-30 15:30:49.509 14693 14693 I flutter : 📊 analytics: view_item_list {item_list_id: store_card_popular_items, item_list_name: store_card_popular_items, item_count: 5, screen: home, store_id: 16, section: stores_list, position: 5}
09-30 15:30:49.509 14693 14693 I flutter : 📊 analytics: view_item_list {item_list_id: store_card_popular_items, item_list_name: store_card_popular_items, item_count: 5, screen: home, store_id: 17, section: stores_list, position: 6}
09-30 15:30:49.509 14693 14693 I flutter : 📊 analytics: view_item_list {item_list_id: store_card_popular_items, item_list_name: store_card_popular_items, item_count: 5, screen: home, store_id: 18, section: stores_list, position: 7}
09-30 15:30:49.509 14693 14693 I flutter : 📊 analytics: view_item_list {item_list_id: store_card_popular_items, item_list_name: store_card_popular_items, item_count: 5, screen: home, store_id: 19, section: stores_list, position: 8}
09-30 15:30:49.509 14693 14693 I flutter : 📊 analytics: view_item_list {item_list_id: store_card_popular_items, item_list_name: store_card_popular_items, item_count: 5, screen: home, store_id: 20, section: stores_list, position: 9}
09-30 15:30:49.510 14693 14693 I flutter : 📊 analytics: view_item_list {item_list_id: store_card_popular_items, item_list_name: store_card_popular_items, item_count: 5, screen: home, store_id: 21, section: stores_list, position: 10}
09-30 15:30:49.510 14693 14693 I flutter : 📊 analytics: view_item_list {item_list_id: store_card_popular_items, item_list_name: store_card_popular_items, item_count: 5, screen: home, store_id: 22, section: stores_list, position: 11}
09-30 15:30:49.511 14693 14693 I flutter : 📊 analytics: view_item_list {item_list_id: store_card_popular_items, item_list_name: store_card_popular_items, item_count: 5, screen: home, store_id: 35, section: stores_list, position: 12}
09-30 15:30:49.511 14693 14693 I flutter : 📊 analytics: view_store_list {item_list_id: stores_list, item_list_name: stores_list, count: 12, screen: home, with_popular_items_count: 11}
09-30 15:30:49.511 14693 14693 I flutter : [NET] GET endpoint=/api/v1/customer/order/buy-it-again
09-30 15:30:49.512 14693 14693 I flutter : [NET] GET endpoint=/api/v1/stores/get-stores/all
09-30 15:30:49.517 14693 14693 I flutter : [NET] GET endpoint=/api/v1/advertisement/list
09-30 15:30:50.417 14693 14693 I flutter : [NET] endpoint=/api/v1/advertisement/list http_status=200
09-30 15:30:50.429 14693 14693 I flutter : [NET] endpoint=/api/v1/customer/info http_status=200
09-30 15:30:50.433 14693 14693 I flutter : [NET] GET endpoint=/api/v1/customer/notifications
09-30 15:30:50.438 14693 14693 I flutter : [NET] GET endpoint=/api/v1/coupon/list
09-30 15:30:50.450 14693 14693 I flutter : [NET] endpoint=/api/v1/other-banners http_status=200
09-30 15:30:50.460 14693 14693 I flutter : [NET] endpoint=/api/v1/flash-sales http_status=200
09-30 15:30:50.486 14693 14693 I flutter : [NET] endpoint=/api/v1/items/popular http_status=200
09-30 15:30:50.510 14693 14693 I flutter : [NET] GET endpoint=/api/v1/module
09-30 15:30:50.586 14693 14693 I flutter : [NET] endpoint=/api/v1/items/most-reviewed http_status=200
09-30 15:30:50.667 14693 14693 I flutter : [NET] endpoint=/api/v1/campaigns/basic http_status=200
09-30 15:30:50.751 14693 14693 I flutter : [NET] endpoint=/api/v1/campaigns/item http_status=200
09-30 15:30:51.048 14693 14693 I flutter : [NET] endpoint=/api/v1/items/recommended http_status=200
09-30 15:30:51.064 14693 14693 I flutter : [NET] endpoint=/api/v1/customer/order/buy-it-again http_status=200
09-30 15:30:51.184 14693 14693 I flutter : [NET] endpoint=/api/v1/stores/get-stores/all http_status=200
09-30 15:30:51.205 14693 14693 I flutter : 📊 analytics: view_item_list {item_list_id: store_card_popular_items, item_list_name: store_card_popular_items, item_count: 5, screen: home, store_id: 12, section: stores_list, position: 1}
09-30 15:30:51.205 14693 14693 I flutter : 📊 analytics: view_item_list {item_list_id: store_card_popular_items, item_list_name: store_card_popular_items, item_count: 5, screen: home, store_id: 13, section: stores_list, position: 2}
09-30 15:30:51.206 14693 14693 I flutter : 📊 analytics: view_item_list {item_list_id: store_card_popular_items, item_list_name: store_card_popular_items, item_count: 5, screen: home, store_id: 14, section: stores_list, position: 3}
09-30 15:30:51.208 14693 14693 I flutter : 📊 analytics: view_item_list {item_list_id: store_card_popular_items, item_list_name: store_card_popular_items, item_count: 5, screen: home, store_id: 16, section: stores_list, position: 5}
09-30 15:30:51.209 14693 14693 I flutter : 📊 analytics: view_item_list {item_list_id: store_card_popular_items, item_list_name: store_card_popular_items, item_count: 5, screen: home, store_id: 17, section: stores_list, position: 6}
09-30 15:30:51.209 14693 14693 I flutter : 📊 analytics: view_item_list {item_list_id: store_card_popular_items, item_list_name: store_card_popular_items, item_count: 5, screen: home, store_id: 18, section: stores_list, position: 7}
09-30 15:30:51.209 14693 14693 I flutter : 📊 analytics: view_item_list {item_list_id: store_card_popular_items, item_list_name: store_card_popular_items, item_count: 5, screen: home, store_id: 19, section: stores_list, position: 8}
09-30 15:30:51.209 14693 14693 I flutter : 📊 analytics: view_item_list {item_list_id: store_card_popular_items, item_list_name: store_card_popular_items, item_count: 5, screen: home, store_id: 20, section: stores_list, position: 9}
09-30 15:30:51.211 14693 14693 I flutter : 📊 analytics: view_item_list {item_list_id: store_card_popular_items, item_list_name: store_card_popular_items, item_count: 5, screen: home, store_id: 21, section: stores_list, position: 10}
09-30 15:30:51.211 14693 14693 I flutter : 📊 analytics: view_item_list {item_list_id: store_card_popular_items, item_list_name: store_card_popular_items, item_count: 5, screen: home, store_id: 22, section: stores_list, position: 11}
09-30 15:30:51.213 14693 14693 I flutter : 📊 analytics: view_item_list {item_list_id: store_card_popular_items, item_list_name: store_card_popular_items, item_count: 5, screen: home, store_id: 35, section: stores_list, position: 12}
09-30 15:30:51.214 14693 14693 I flutter : 📊 analytics: view_store_list {item_list_id: stores_list, item_list_name: stores_list, count: 12, screen: home, with_popular_items_count: 11}
09-30 15:30:51.402 14693 14693 I flutter : [NET] endpoint=/api/v1/customer/notifications http_status=200
09-30 15:30:51.451 14693 14693 I flutter : [NET] endpoint=/api/v1/coupon/list http_status=200
09-30 15:30:51.453 14693 14693 I flutter : 📊 analytics: view_promotion {promotion_count: 7, eligible_count: 0, expiring_count: 0, screen: coupons, source: profile_menu}
09-30 15:30:51.544 14693 14693 I flutter : [FAIL] endpoint=null http_status=null type=GetPositionFailure msg="location: getPosition threw (TimeoutException) — trying the AD1 fallback ladder"
09-30 15:30:51.544 14693 14693 I flutter : [INFO] msg="location: fallback ladder -> caller-supplied override"
09-30 15:30:51.545 14693 14693 I flutter : [INFO] msg="location: getCurrentLocation resolved via fallback rung=callerSupplied"
09-30 15:30:51.545 14693 14693 I flutter : 📊 analytics: location_fallback_used {screen: add_address, section: location_fallback, step: callerSupplied}
09-30 15:30:51.546 14693 14693 I flutter : [NET] GET endpoint=/api/v1/config/geocode-api
09-30 15:30:51.551 14693 14693 I flutter : [INFO] msg="location: zone resolved from short-TTL coord cache (T2 dedupe)"
09-30 15:30:51.551 14693 14693 I flutter : [INFO] msg="location: inZone=true"
09-30 15:30:51.559 14693 14693 I flutter : [NET] endpoint=/api/v1/module http_status=200
09-30 15:30:51.904 14693 14693 I flutter : [NET] POST endpoint=/api/v1/config/delivery-quote
09-30 15:30:52.897 14693 14693 I flutter : [NET] endpoint=/api/v1/config/geocode-api http_status=200
09-30 15:30:52.974 14693 14693 I flutter : [NET] endpoint=/api/v1/config/delivery-quote http_status=200
09-30 15:30:58.477 14693 14693 I flutter : [INFO] msg="trackOrder called for orderID=91416 source=timerPoll"
09-30 15:30:58.483 14693 14693 I flutter : [NET] GET endpoint=/api/v1/customer/order/track
09-30 15:30:59.487 14693 14693 I flutter : [NET] endpoint=/api/v1/customer/order/track http_status=200
09-30 15:31:08.342 14693 14693 I flutter : [INFO] msg="trackOrder called for orderID=91416 source=timerPoll"
09-30 15:31:08.343 14693 14693 I flutter : [NET] GET endpoint=/api/v1/customer/order/track
09-30 15:31:08.999 14693 14693 I flutter : [NET] endpoint=/api/v1/customer/order/track http_status=200
09-30 15:31:12.269 14693 14693 I flutter : [INFO] msg="checkout: basket changed under checkout — rows re-synced rows=0 stores=0"
09-30 15:31:15.850 14693 14693 I flutter : [NET] GET endpoint=/api/v1/customer/order/running-orders
09-30 15:31:16.715 14693 14693 I flutter : [NET] endpoint=/api/v1/customer/order/running-orders http_status=200
09-30 15:31:26.859 14693 14693 I flutter : [INFO] msg="home load started"
09-30 15:31:26.862 14693 14693 I flutter : [NET] GET endpoint=/api/v1/config/get-zone-id
09-30 15:31:28.698 14693 14693 I flutter : [NET] endpoint=/api/v1/config/get-zone-id http_status=200
09-30 15:31:28.702 14693 14693 I flutter : [INFO] msg="location: inZone=true"
09-30 15:31:28.713 14693 14693 I flutter : [NET] GET endpoint=/api/v1/home/all
09-30 15:31:29.776 14693 14693 I flutter : [NET] endpoint=/api/v1/home/all http_status=200
09-30 15:31:29.785 14693 14693 I flutter : [NET] GET endpoint=/api/v1/customer/info
09-30 15:31:29.801 14693 14693 I flutter : [NET] GET endpoint=/api/v1/items/popular
09-30 15:31:29.806 14693 14693 I flutter : [NET] GET endpoint=/api/v1/items/most-reviewed
09-30 15:31:29.811 14693 14693 I flutter : 📊 analytics: view_item_list {item_list_id: store_card_popular_items, item_list_name: store_card_popular_items, item_count: 5, screen: home, store_id: 12, section: stores_list, position: 1}
09-30 15:31:29.811 14693 14693 I flutter : 📊 analytics: view_item_list {item_list_id: store_card_popular_items, item_list_name: store_card_popular_items, item_count: 5, screen: home, store_id: 13, section: stores_list, position: 2}
09-30 15:31:29.811 14693 14693 I flutter : 📊 analytics: view_item_list {item_list_id: store_card_popular_items, item_list_name: store_card_popular_items, item_count: 5, screen: home, store_id: 14, section: stores_list, position: 3}
09-30 15:31:29.811 14693 14693 I flutter : 📊 analytics: view_item_list {item_list_id: store_card_popular_items, item_list_name: store_card_popular_items, item_count: 5, screen: home, store_id: 16, section: stores_list, position: 5}
09-30 15:31:29.811 14693 14693 I flutter : 📊 analytics: view_item_list {item_list_id: store_card_popular_items, item_list_name: store_card_popular_items, item_count: 5, screen: home, store_id: 17, section: stores_list, position: 6}
09-30 15:31:29.811 14693 14693 I flutter : 📊 analytics: view_item_list {item_list_id: store_card_popular_items, item_list_name: store_card_popular_items, item_count: 5, screen: home, store_id: 18, section: stores_list, position: 7}
09-30 15:31:29.811 14693 14693 I flutter : 📊 analytics: view_item_list {item_list_id: store_card_popular_items, item_list_name: store_card_popular_items, item_count: 5, screen: home, store_id: 19, section: stores_list, position: 8}
09-30 15:31:29.811 14693 14693 I flutter : 📊 analytics: view_item_list {item_list_id: store_card_popular_items, item_list_name: store_card_popular_items, item_count: 5, screen: home, store_id: 20, section: stores_list, position: 9}
09-30 15:31:29.811 14693 14693 I flutter : 📊 analytics: view_item_list {item_list_id: store_card_popular_items, item_list_name: store_card_popular_items, item_count: 5, screen: home, store_id: 21, section: stores_list, position: 10}
09-30 15:31:29.811 14693 14693 I flutter : 📊 analytics: view_item_list {item_list_id: store_card_popular_items, item_list_name: store_card_popular_items, item_count: 5, screen: home, store_id: 22, section: stores_list, position: 11}
09-30 15:31:29.811 14693 14693 I flutter : 📊 analytics: view_item_list {item_list_id: store_card_popular_items, item_list_name: store_card_popular_items, item_count: 5, screen: home, store_id: 35, section: stores_list, position: 12}
09-30 15:31:29.812 14693 14693 I flutter : 📊 analytics: view_store_list {item_list_id: stores_list, item_list_name: stores_list, count: 12, screen: home, with_popular_items_count: 11}
09-30 15:31:29.812 14693 14693 I flutter : [NET] GET endpoint=/api/v1/customer/order/buy-it-again
09-30 15:31:29.812 14693 14693 I flutter : [NET] GET endpoint=/api/v1/stores/get-stores/all
09-30 15:31:29.818 14693 14693 I flutter : [NET] GET endpoint=/api/v1/advertisement/list
09-30 15:31:30.856 14693 14693 I flutter : [NET] endpoint=/api/v1/advertisement/list http_status=200
09-30 15:31:30.858 14693 14693 I flutter : [NET] endpoint=/api/v1/customer/info http_status=200
09-30 15:31:30.859 14693 14693 I flutter : [NET] GET endpoint=/api/v1/coupon/list
09-30 15:31:30.875 14693 14693 I flutter : [NET] endpoint=/api/v1/items/most-reviewed http_status=200
09-30 15:31:30.881 14693 14693 I flutter : [NET] endpoint=/api/v1/items/popular http_status=200
09-30 15:31:30.893 14693 14693 I flutter : [NET] endpoint=/api/v1/customer/order/buy-it-again http_status=200
09-30 15:31:31.321 14693 14693 I flutter : [NET] GET endpoint=/api/v1/module
09-30 15:31:31.358 14693 14693 I flutter : [NET] endpoint=/api/v1/stores/get-stores/all http_status=200
09-30 15:31:31.363 14693 14693 I flutter : 📊 analytics: view_item_list {item_list_id: store_card_popular_items, item_list_name: store_card_popular_items, item_count: 5, screen: home, store_id: 12, section: stores_list, position: 1}
09-30 15:31:31.363 14693 14693 I flutter : 📊 analytics: view_item_list {item_list_id: store_card_popular_items, item_list_name: store_card_popular_items, item_count: 5, screen: home, store_id: 13, section: stores_list, position: 2}
09-30 15:31:31.363 14693 14693 I flutter : 📊 analytics: view_item_list {item_list_id: store_card_popular_items, item_list_name: store_card_popular_items, item_count: 5, screen: home, store_id: 14, section: stores_list, position: 3}
09-30 15:31:31.364 14693 14693 I flutter : 📊 analytics: view_item_list {item_list_id: store_card_popular_items, item_list_name: store_card_popular_items, item_count: 5, screen: home, store_id: 16, section: stores_list, position: 5}
09-30 15:31:31.364 14693 14693 I flutter : 📊 analytics: view_item_list {item_list_id: store_card_popular_items, item_list_name: store_card_popular_items, item_count: 5, screen: home, store_id: 17, section: stores_list, position: 6}
09-30 15:31:31.364 14693 14693 I flutter : 📊 analytics: view_item_list {item_list_id: store_card_popular_items, item_list_name: store_card_popular_items, item_count: 5, screen: home, store_id: 18, section: stores_list, position: 7}
09-30 15:31:31.364 14693 14693 I flutter : 📊 analytics: view_item_list {item_list_id: store_card_popular_items, item_list_name: store_card_popular_items, item_count: 5, screen: home, store_id: 19, section: stores_list, position: 8}
09-30 15:31:31.364 14693 14693 I flutter : 📊 analytics: view_item_list {item_list_id: store_card_popular_items, item_list_name: store_card_popular_items, item_count: 5, screen: home, store_id: 20, section: stores_list, position: 9}
09-30 15:31:31.364 14693 14693 I flutter : 📊 analytics: view_item_list {item_list_id: store_card_popular_items, item_list_name: store_card_popular_items, item_count: 5, screen: home, store_id: 21, section: stores_list, position: 10}
09-30 15:31:31.364 14693 14693 I flutter : 📊 analytics: view_item_list {item_list_id: store_card_popular_items, item_list_name: store_card_popular_items, item_count: 5, screen: home, store_id: 22, section: stores_list, position: 11}
09-30 15:31:31.364 14693 14693 I flutter : 📊 analytics: view_item_list {item_list_id: store_card_popular_items, item_list_name: store_card_popular_items, item_count: 5, screen: home, store_id: 35, section: stores_list, position: 12}
09-30 15:31:31.364 14693 14693 I flutter : 📊 analytics: view_store_list {item_list_id: stores_list, item_list_name: stores_list, count: 12, screen: home, with_popular_items_count: 11}
09-30 15:31:31.763 14693 14693 I flutter : [NET] endpoint=/api/v1/coupon/list http_status=200
09-30 15:31:31.765 14693 14693 I flutter : 📊 analytics: view_promotion {promotion_count: 7, eligible_count: 0, expiring_count: 0, screen: coupons, source: profile_menu}
09-30 15:31:32.035 14693 14693 I flutter : [NET] endpoint=/api/v1/module http_status=200
09-30 15:31:44.282 14693 14693 I flutter : [NET] POST endpoint=/api/v1/customer/cart/add
09-30 15:31:44.943 14693 14693 I flutter : [NET] endpoint=/api/v1/customer/cart/add http_status=200
09-30 15:31:44.945 14693 14693 I flutter : 📊 analytics: add_to_cart {item_id: 95, price: 10.0, quantity: 1, currency: AED, value: 10.0, screen: home, item_list_id: buy_it_again, item_list_name: buy_it_again, index: 2, store_id: 35, is_available: 1}
09-30 15:31:49.860 14693 14693 I flutter : [INFO] msg="cart restored with 1 items"
09-30 15:31:49.861 14693 14693 I flutter : [NET] GET endpoint=/api/v1/stores/details/35
09-30 15:31:50.047 14693 14693 I flutter : 📊 analytics: view_item_list {item_list_id: basket_suggestions, item_list_name: basket_suggestions, item_count: 7, store_count: 1, screen: basket}
09-30 15:31:50.951 14693 14693 I flutter : [NET] endpoint=/api/v1/stores/details/35 http_status=200
09-30 15:31:50.957 14693 14693 I flutter : 📊 analytics: view_store {store_id: 35, is_open: 1}
09-30 15:31:50.958 14693 14693 I flutter : [NET] GET endpoint=/api/v1/items/suggested
09-30 15:31:50.961 14693 14693 I flutter : 📊 analytics: view_cart {value: 10.0, currency: AED, item_count: 1, store_count: 1, screen: basket, source: bottom_nav}
09-30 15:31:52.760 14693 14693 I flutter : [NET] endpoint=/api/v1/items/suggested http_status=200
09-30 15:31:57.719 14693 14693 I flutter : [INFO] msg="route: waiting for module=grocery-food"
09-30 15:31:57.720 14693 14693 I flutter : [INFO] msg="route: checkModuleId configNull=false hasAddress=true fromDeeplink=false"
09-30 15:31:57.721 14693 14693 I flutter : [INFO] msg="route: not from deeplink, skipping module fetch"
09-30 15:31:57.722 14693 14693 I flutter : [INFO] msg="route: module future state=ConnectionState.waiting hasData=false hasError=false"
09-30 15:31:57.764 14693 14693 I flutter : [INFO] msg="route: module future state=ConnectionState.done hasData=false hasError=false"
09-30 15:31:57.765 14693 14693 I flutter : [NET] GET endpoint=/api/v1/most-tips
09-30 15:31:57.770 14693 14693 I flutter : [NET] GET endpoint=/api/v1/offline_payment_method_list
09-30 15:31:57.775 14693 14693 I flutter : [NET] GET endpoint=/api/v1/coupon/list
09-30 15:31:57.776 14693 14693 I flutter : [NET] GET endpoint=/api/v1/stores/details/35
09-30 15:31:57.816 14693 14693 I flutter : [INFO] msg="checkout: payment method selected index=0"
09-30 15:31:57.818 14693 14693 I flutter : 📊 analytics: add_payment_info {payment_type: cash_on_delivery, value: 9.5, currency: AED, screen: checkout, section: payment}
09-30 15:31:58.463 14693 14693 I flutter : [NET] endpoint=/api/v1/offline_payment_method_list http_status=200
09-30 15:31:58.465 14693 14693 I flutter : [NET] endpoint=/api/v1/most-tips http_status=200
09-30 15:31:58.468 14693 14693 I flutter : [NET] endpoint=/api/v1/stores/details/35 http_status=200
09-30 15:31:58.474 14693 14693 I flutter : [NET] GET endpoint=/api/v1/config/distance-api
09-30 15:31:58.475 14693 14693 I flutter : 📊 analytics: view_store {store_id: 35, is_open: 1}
09-30 15:31:58.490 14693 14693 I flutter : [NET] endpoint=/api/v1/coupon/list http_status=200
09-30 15:31:58.492 14693 14693 I flutter : 📊 analytics: view_promotion {promotion_count: 7, eligible_count: 0, expiring_count: 0, screen: coupons, source: profile_menu}
09-30 15:31:58.497 14693 14693 I flutter : 📊 analytics: begin_checkout {value: 10.0, currency: AED, item_count: 1, source: basket, store_count: 1}
09-30 15:31:58.633 14693 14693 I flutter : [NET] POST endpoint=/api/v1/customer/order/get-Tax
09-30 15:31:58.904 14693 14693 I flutter : [NET] POST endpoint=/api/v1/customer/order/get-surge-price
09-30 15:31:59.474 14693 14693 I flutter : [NET] endpoint=/api/v1/customer/order/get-surge-price http_status=200
09-30 15:31:59.475 14693 14693 I flutter : [NET] POST endpoint=/api/v1/config/delivery-quote
09-30 15:31:59.703 14693 14693 I flutter : [NET] endpoint=/api/v1/config/distance-api http_status=200
09-30 15:31:59.703 14693 14693 I flutter : [NET] GET endpoint=/api/v1/vehicle/extra_charge
09-30 15:31:59.831 14693 14693 I flutter : [NET] endpoint=/api/v1/customer/order/get-Tax http_status=200
09-30 15:31:59.935 14693 14693 I flutter : [NET] endpoint=/api/v1/config/delivery-quote http_status=200
09-30 15:32:00.021 14693 14693 I flutter : [NET] endpoint=/api/v1/vehicle/extra_charge http_status=200
09-30 15:32:00.254 14693 14693 I flutter : [NET] POST endpoint=/api/v1/config/delivery-quote
09-30 15:32:00.645 14693 14693 I flutter : [NET] GET endpoint=/api/v1/cashback/getCashback
09-30 15:32:00.999 14693 14693 I flutter : [NET] endpoint=/api/v1/config/delivery-quote http_status=200
09-30 15:32:01.502 14693 14693 I flutter : [NET] endpoint=/api/v1/cashback/getCashback http_status=200
09-30 15:32:01.933 14693 14693 I flutter : [NET] GET endpoint=/api/v1/cashback/getCashback
09-30 15:32:02.491 14693 14693 I flutter : [NET] endpoint=/api/v1/cashback/getCashback http_status=200
09-30 15:32:29.789 14693 14693 I flutter : [NET] POST endpoint=/api/v1/customer/order/get-surge-price
09-30 15:32:30.703 14693 14693 I flutter : [NET] endpoint=/api/v1/customer/order/get-surge-price http_status=200
09-30 15:32:30.704 14693 14693 I flutter : [NET] POST endpoint=/api/v1/config/delivery-quote
09-30 15:32:31.709 14693 14693 I flutter : [NET] endpoint=/api/v1/config/delivery-quote http_status=200
09-30 15:32:50.268 14693 14693 I flutter : [NET] POST endpoint=/api/v1/customer/order/get-surge-price
09-30 15:32:51.049 14693 14693 I flutter : [NET] endpoint=/api/v1/customer/order/get-surge-price http_status=200
09-30 15:32:51.050 14693 14693 I flutter : [NET] POST endpoint=/api/v1/config/delivery-quote
09-30 15:32:52.084 14693 14693 I flutter : [NET] endpoint=/api/v1/config/delivery-quote http_status=200
09-30 15:33:08.545 14693 14693 I flutter : [NET] POST endpoint=/api/v1/config/delivery-quote
09-30 15:33:09.100 14693 14693 I flutter : [NET] endpoint=/api/v1/config/delivery-quote http_status=200
09-30 15:33:26.261 14693 14693 I flutter : 📊 analytics: place_order_tapped {pricing_settled: 1, store_count: 1, screen: checkout, section: place_order}
09-30 15:33:26.265 14693 14693 I flutter : [NET] POST endpoint=/api/v1/customer/order/get-Tax
09-30 15:33:26.281 14693 14693 I flutter : 📊 analytics: screen_view {screen_name: order_confirm_sheet, source: checkout}
09-30 15:33:27.123 14693 14693 I flutter : [NET] endpoint=/api/v1/customer/order/get-Tax http_status=200
09-30 15:33:27.125 14693 14693 I flutter : 📊 analytics: order_confirm_sheet_shown {store_count: 1, item_count: 1, value: 10.5, currency: AED, price_changed: 0, stock_changed: 0, screen: order_confirm_sheet, source: checkout}
09-30 15:33:42.917 14693 14693 I flutter : 📊 analytics: order_confirm_confirmed {value: 10.5, currency: AED, store_count: 1, price_changed: 0, screen: order_confirm_sheet, section: footer_cta}
09-30 15:33:42.918 14693 14693 I flutter : [INFO] msg="checkout: place-order button clicked"
09-30 15:33:42.918 14693 14693 I flutter : [FAIL] endpoint=null http_status=null type=RangeError msg="checkout: place-order cascade threw"
09-30 15:33:42.921 14693 14693 I flutter : [ERR] msg="error snackbar shown"
09-30 15:34:05.038 14693 14693 I flutter : 📊 analytics: order_confirm_edited {field: general, screen: order_confirm_sheet, section: footer_cta}
