10-01 01:03:39.124 [FAIL] endpoint=/api/v1/config/delivery-quote http_status=500 type=ApiFailure msg="delivery-quote fetch failed" correlation_id=2417f3a2-f130-45df-94e2-c48ef5548d95
10-01 01:03:40.126 [FAIL] endpoint=/api/v1/config/delivery-quote http_status=500 type=ApiFailure msg="delivery-quote fetch failed" correlation_id=6ef95070-3831-4b89-bd55-f33e61f070aa
10-01 01:04:00.694 [FAIL] framework_error library=rendering library type=FlutterError msg="A RenderConstraintsTransformBox overflowed by 15 pixels on the bottom."
10-01 01:04:05.831 [FAIL] framework_error library=rendering library type=FlutterError msg="A RenderFlex overflowed by 63 pixels on the right."
10-01 01:04:05.832 [FAIL] framework_error   at Row Row:file:///Users/Apple/Projects/nears-NEARS-3937-total-unresolved-state/UserApp/lib/features/checkout/widgets/checkout_screen_shimmer_view.dart:53:11
10-01 01:04:07.327 [FAIL] endpoint=/api/v1/config/delivery-quote http_status=500 type=ApiFailure msg="delivery-quote fetch failed" correlation_id=f5f61520-b595-4ade-acbf-80318ba8a583
10-01 01:04:08.333 [FAIL] endpoint=/api/v1/config/delivery-quote http_status=500 type=ApiFailure msg="delivery-quote fetch failed" correlation_id=bf08f5f8-f422-49a1-b55e-5bdfd559fde2
10-01 01:04:30.454 [FAIL] endpoint=/api/v1/config/delivery-quote http_status=500 type=ApiFailure msg="delivery-quote fetch failed" correlation_id=ecb07804-bc88-4ec1-a0e1-ac325046576b
10-01 01:05:04.976 [FAIL] framework_error library=rendering library type=FlutterError msg="A RenderFlex overflowed by 63 pixels on the right."
10-01 01:05:04.976 [FAIL] framework_error   at Row Row:file:///Users/Apple/Projects/nears-NEARS-3937-total-unresolved-state/UserApp/lib/features/checkout/widgets/checkout_screen_shimmer_view.dart:53:11
10-01 01:05:05.933 [FAIL] endpoint=/api/v1/config/delivery-quote http_status=null type=ApiFailure msg="checkout: delivery quote not scheduled (no zone/module)"
10-01 01:05:26.921 [FAIL] endpoint=/api/v1/config/delivery-quote http_status=null type=ApiFailure msg="checkout: delivery-quote retry has no zone/module"
10-01 01:05:30.980 [FAIL] endpoint=/api/v1/config/delivery-quote http_status=null type=ApiFailure msg="checkout: delivery-quote retry has no zone/module"
10-01 01:06:09.861 [FAIL] framework_error library=rendering library type=FlutterError msg="A RenderConstraintsTransformBox overflowed by 19 pixels on the bottom."
10-01 01:06:14.975 [FAIL] framework_error library=rendering library type=FlutterError msg="A RenderFlex overflowed by 63 pixels on the right."
10-01 01:06:14.975 [FAIL] framework_error   at Row Row:file:///Users/Apple/Projects/nears-NEARS-3937-total-unresolved-state/UserApp/lib/features/checkout/widgets/checkout_screen_shimmer_view.dart:53:11
10-01 01:06:15.845 [FAIL] endpoint=/api/v1/config/delivery-quote http_status=null type=ApiFailure msg="checkout: delivery quote not scheduled (no zone/module)"
10-01 01:06:38.767 [FAIL] endpoint=/api/v1/config/delivery-quote http_status=null type=ApiFailure msg="checkout: delivery-quote retry has no zone/module"
10-01 01:06:54.061 [FAIL] framework_error library=rendering library type=FlutterError msg="A RenderFlex overflowed by 63 pixels on the right."
10-01 01:06:54.062 [FAIL] framework_error   at Row Row:file:///Users/Apple/Projects/nears-NEARS-3937-total-unresolved-state/UserApp/lib/features/checkout/widgets/checkout_screen_shimmer_view.dart:53:11
10-01 01:06:55.909 [FAIL] endpoint=/api/v1/config/delivery-quote http_status=500 type=ApiFailure msg="delivery-quote fetch failed" correlation_id=50e103be-0d97-4016-9ddf-683ce1ff6f1b
10-01 01:06:57.000 [FAIL] endpoint=/api/v1/config/delivery-quote http_status=500 type=ApiFailure msg="delivery-quote fetch failed" correlation_id=6fcc6194-c8bb-4812-b8e4-42980f5a641e
10-01 01:07:21.808 [FAIL] endpoint=/api/v1/config/delivery-quote http_status=500 type=ApiFailure msg="delivery-quote fetch failed" correlation_id=93bfff44-5588-4ed5-8018-3e82a5e4ccf1
