NEARS-1718 pre-fix measurement pass — evidence for: UserApp swallows ALL uncaught Flutter
framework errors in debug builds (no console line, no logcat, no Crashlytics).

Device emulator-5558 · Android 17 (API 37) · debug APK md5 6a315d7fd608f15c7142d18a7cceabaf
Worktree /Users/Apple/Projects/nears-NEARS-1718-chat-order-id-overflow @ d84d464b (clean)

CODE
  UserApp/lib/main.dart:90
      FlutterError.onError = FirebaseCrashlytics.instance.recordFlutterError;
  UserApp/lib/main.dart:81
      final bool collectionEnabled = !kDebugMode;      // => false in a debug build
      await FirebaseCrashlytics.instance.setCrashlyticsCollectionEnabled(collectionEnabled);

  Assigning FlutterError.onError REPLACES the framework default (FlutterError.presentError ->
  dumpErrorToConsole -> debugPrint -> logcat tag "flutter"). The replacement never chains to it.
  With collection disabled in debug, recordFlutterError is a no-op. Net effect: the error is
  reported by the framework and then discarded with no output on any channel.

DIRECT PROOF (not inference) — a RenderFlex overflow that the framework DID report:
  Screen : chat conversation 47, order-card bubble (order 158), locale es, text scale 1.3
  Visual : docs/qa-evidence/NEARS-1718/10-chat-es-scale1.3.png
           - 1164 hazard-stripe px at x[576,597] y[1086,1172]
           - debug overflow label painted, legible: "RIGHT OVERFLOWED BY 1..." (clipped by the
             card's ClipRRect)
           => RenderObject.debugPaintOverflowIndicator ran, i.e. the overflow WAS detected and
              FlutterError.reportError WAS called.
  Logcat : buffer cleared immediately before the capture, then read pid-scoped:
             $ adb -s emulator-5558 logcat -c
             $ adb -s emulator-5558 logcat -d --pid=1702 | grep -c 'RenderFlex overflowed'
             0
             $ adb -s emulator-5558 logcat -d | grep -c 'RenderFlex overflowed'
             0
             $ adb -s emulator-5558 logcat -d | grep -icE 'overflow|EXCEPTION CAUGHT'
             0
           The same window contained 121 live "flutter"-tagged lines from this pid
           (e.g. "I flutter : [NET] endpoint=/api/v1/customer/message/list http_status=200"),
           so the logcat channel itself was healthy — only the framework error was missing.

REPRODUCED IDENTICALLY on a second locale/geometry:
  bn @ text scale 1.3   -> indicator painted (1221 hazard px), logcat silent
  es @ 720x2992 (240dp) -> indicator painted (red label px), logcat silent

BLAST RADIUS
  Every uncaught framework error in every debug build of UserApp is invisible on the console:
  RenderFlex overflows, "RenderBox was not laid out", assertion failures, red-screen details.
  Any QA pass that read "no exceptions in logcat" as clean was reading a silenced channel.

DIRECT CONSEQUENCE FOR NEARS-1718
  docs/solutions/NEARS-1718-chat-order-id-row-overflow.md §4.3 specifies AC4's instrument as
  "the live app, pre-fix, read off RenderFlex's own report ... Flutter prints
  'A RenderFlex overflowed by NN pixels on the right.'". In THIS app that print does not exist.
  §4.3 steps 3/4/5 and §8 QA points 1/2 are not executable as written, in either direction:
  step 5's en control would have produced its required "zero" for the wrong reason.

SUGGESTED FIX SHAPE (not applied — QA does not write product code)
  FlutterError.onError = (FlutterErrorDetails details) {
    FlutterError.presentError(details);                       // keep the console/logcat dump
    FirebaseCrashlytics.instance.recordFlutterError(details); // keep the RUM route
  };
