09-18 20:08:13.068 16483 16483 I flutter : [FAIL] framework_error library=rendering library type=FlutterError msg="SliverGeometry is not valid: The "layoutExtent" exceeds the "paintExtent"."
09-18 20:08:13.069 16483 16483 I flutter : [FAIL] framework_error   at #0      SliverGeometry.debugAssertIsValid.<anonymous closure>.verify (package:flutter/src/rendering/sliver.dart:870:9)
09-18 20:08:13.069 16483 16483 I flutter : [FAIL] framework_error   at #1      SliverGeometry.debugAssertIsValid.<anonymous closure> (package:flutter/src/rendering/sliver.dart:882:9)
09-18 20:08:13.069 16483 16483 I flutter : [FAIL] framework_error   at #2      SliverGeometry.debugAssertIsValid (package:flutter/src/rendering/sliver.dart:905:6)
09-18 20:08:13.069 16483 16483 I flutter : [FAIL] framework_error   at #3      RenderSliver.debugAssertDoesMeetConstraints (package:flutter/src/rendering/sliver.dart:1414:17)
09-18 20:08:13.069 16483 16483 I flutter : [FAIL] framework_error   at #4      RenderObject.layout.<anonymous closure> (package:flutter/src/rendering/object.dart:2771:9)
09-18 20:08:13.069 16483 16483 I flutter : [FAIL] framework_error   at #5      RenderObject.layout (package:flutter/src/rendering/object.dart:2773:8)
09-18 20:08:13.069 16483 16483 I flutter : [FAIL] framework_error   at #6      RenderViewportBase.layoutChildSequence (package:flutter/src/rendering/viewport.dart:673:13)
09-18 20:08:13.069 16483 16483 I flutter : [FAIL] framework_error   at #7      RenderViewport._attemptLayout (package:flutter/src/rendering/viewport.dart:1684:12)
09-18 20:08:13.092 16483 16483 I flutter : [FAIL] framework_error library=rendering library type=FlutterError msg="SliverGeometry is not valid: The "layoutExtent" exceeds the "paintExtent"."
09-18 20:08:13.092 16483 16483 I flutter : [FAIL] framework_error   at #0      SliverGeometry.debugAssertIsValid.<anonymous closure>.verify (package:flutter/src/rendering/sliver.dart:870:9)
09-18 20:08:13.092 16483 16483 I flutter : [FAIL] framework_error   at #1      SliverGeometry.debugAssertIsValid.<anonymous closure> (package:flutter/src/rendering/sliver.dart:882:9)
09-18 20:08:13.092 16483 16483 I flutter : [FAIL] framework_error   at #2      SliverGeometry.debugAssertIsValid (package:flutter/src/rendering/sliver.dart:905:6)
09-18 20:08:13.093 16483 16483 I flutter : [FAIL] framework_error   at #3      RenderViewportBase.layoutChildSequence (package:flutter/src/rendering/viewport.dart:695:34)
09-18 20:08:13.093 16483 16483 I flutter : [FAIL] framework_error   at #4      RenderViewport._attemptLayout (package:flutter/src/rendering/viewport.dart:1684:12)
09-18 20:08:13.093 16483 16483 I flutter : [FAIL] framework_error   at #5      RenderViewport.performLayout (package:flutter/src/rendering/viewport.dart:1575:20)
09-18 20:08:13.093 16483 16483 I flutter : [FAIL] framework_error   at #6      RenderObject._layoutWithoutResize (package:flutter/src/rendering/object.dart:2616:7)
09-18 20:08:13.093 16483 16483 I flutter : [FAIL] framework_error   at #7      PipelineOwner.flushLayout (package:flutter/src/rendering/object.dart:1174:18)
09-18 20:08:13.122 16483 16483 I flutter : [FAIL] framework_error library=rendering library type=FlutterError msg="SliverGeometry is not valid: The "layoutExtent" exceeds the "paintExtent"."
09-18 20:08:13.122 16483 16483 I flutter : [FAIL] framework_error   at #0      SliverGeometry.debugAssertIsValid.<anonymous closure>.verify (package:flutter/src/rendering/sliver.dart:870:9)
