## Flow D: submitted partial order 91419 with a 133-char offline method name (method id 5); first an UNAUTHENTICATED POST (control iv), then the real admin verify
### BEFORE unauth POST (order 91419) @ 2026-10-10 23:57:08
id	order_status	payment_status	payment_method	order_amount	partially_paid_amount	updated_at
91419	pending	partially_paid	offline_payment	15.75	10.000	2026-10-10 23:57:08
id	order_id	amount	payment_status	payment_method	updated_at
9	91419	10.00	paid	wallet	2026-10-10 23:57:08
10	91419	5.75	unpaid	offline_payment	2026-10-10 23:57:08
id	order_id	status	payment_info	updated_at
54	91419	pending	{"method_id":5,"method_name":"NEARS-4113 QA Long Offline Method Name XXXXXXXXXXXXXXXXXXXXXXXXXXXXXXXXXXXXXXXXXXXXXXXXXXXXXXXXXXXXXXXXXXXXXXXXXXXXXXXXXXXXXXXXXX END","transaction_id":"QA4113-TXN-D"}	2026-10-10 23:57:08

-- unauthenticated POST (no session cookie, no CSRF)
unauth(no csrf) http=419 -> 
unauth(valid csrf, no admin session) http=302 -> http://127.0.0.1:8413/
### AFTER unauth POSTs (must be identical to BEFORE) (order 91419) @ 2026-10-10 23:57:09
id	order_status	payment_status	payment_method	order_amount	partially_paid_amount	updated_at
91419	pending	partially_paid	offline_payment	15.75	10.000	2026-10-10 23:57:08
id	order_id	amount	payment_status	payment_method	updated_at
9	91419	10.00	paid	wallet	2026-10-10 23:57:08
10	91419	5.75	unpaid	offline_payment	2026-10-10 23:57:08
id	order_id	status	payment_info	updated_at
54	91419	pending	{"method_id":5,"method_name":"NEARS-4113 QA Long Offline Method Name XXXXXXXXXXXXXXXXXXXXXXXXXXXXXXXXXXXXXXXXXXXXXXXXXXXXXXXXXXXXXXXXXXXXXXXXXXXXXXXXXXXXXXXXXX END","transaction_id":"QA4113-TXN-D"}	2026-10-10 23:57:08

admin verify http=302 -> http://127.0.0.1:8413/admin
### AFTER admin verify-yes (long method name) (order 91419) @ 2026-10-10 23:57:17
id	order_status	payment_status	payment_method	order_amount	partially_paid_amount	updated_at
91419	confirmed	paid	offline_payment	15.75	10.000	2026-10-10 23:57:14
id	order_id	amount	payment_status	payment_method	updated_at
9	91419	10.00	paid	wallet	2026-10-10 23:57:08
10	91419	5.75	paid	NEARS-4113 QA Long Offline Method Name XXXXXXXXXXXXXXXXXXXXXXXXXXXXXXXXXXXXXXXXXXXXXXXXXXXXXXXXXXXXX	2026-10-10 23:57:17
id	order_id	status	payment_info	updated_at
54	91419	verified	{"method_id":5,"method_name":"NEARS-4113 QA Long Offline Method Name XXXXXXXXXXXXXXXXXXXXXXXXXXXXXXXXXXXXXXXXXXXXXXXXXXXXXXXXXXXXXXXXXXXXXXXXXXXXXXXXXXXXXXXXXX END","transaction_id":"QA4113-TXN-D"}	2026-10-10 23:57:17

lengths:
id	payment_status	row_method_len
9	paid	6
10	paid	100
payment_info_name_len
133
row_is_first_100_chars
1
