## Flow B: pre-submit partial_payment order (91417) -> real admin switch_to_cod route (POST admin/order/switch-to-cod/91417)
### BEFORE switch-to-cod (placed partial, not submitted) (order 91417) @ 2026-10-10 23:56:12
id	order_status	payment_status	payment_method	order_amount	partially_paid_amount	updated_at
91417	failed	partially_paid	partial_payment	15.75	10.000	2026-10-10 23:56:07
id	order_id	amount	payment_status	payment_method	updated_at
5	91417	10.00	paid	wallet	2026-10-10 23:56:07
6	91417	5.75	unpaid	offline_payment	2026-10-10 23:56:07

switch_to_cod http=302 -> http://127.0.0.1:8413/admin
### AFTER switch-to-cod (order 91417) @ 2026-10-10 23:56:12
id	order_status	payment_status	payment_method	order_amount	partially_paid_amount	updated_at
91417	pending	partially_paid	cash_on_delivery	15.75	10.000	2026-10-10 23:56:12
id	order_id	amount	payment_status	payment_method	updated_at
5	91417	10.00	paid	wallet	2026-10-10 23:56:07
6	91417	5.75	unpaid	cash_on_delivery	2026-10-10 23:56:12


## Flow C: submitted partial order (91418) -> admin DENY -> real admin verify=switched_to_cod route (the 4107 AC3 shape: partial + COD remainder, offline_payments row deleted by the route)
### BEFORE deny (submitted) (order 91418) @ 2026-10-10 23:56:25
id	order_status	payment_status	payment_method	order_amount	partially_paid_amount	updated_at
91418	pending	partially_paid	offline_payment	15.75	10.000	2026-10-10 23:56:25
id	order_id	amount	payment_status	payment_method	updated_at
7	91418	10.00	paid	wallet	2026-10-10 23:56:25
8	91418	5.75	unpaid	offline_payment	2026-10-10 23:56:25
id	order_id	status	payment_info	updated_at
52	91418	pending	{"method_id":4,"method_name":"NEARS-2647 Bank Transfer","transaction_id":"QA4113-TXN-C"}	2026-10-10 23:56:25

deny http=302 -> http://127.0.0.1:8413/admin
### AFTER deny (order 91418) @ 2026-10-10 23:56:25
id	order_status	payment_status	payment_method	order_amount	partially_paid_amount	updated_at
91418	pending	partially_paid	offline_payment	15.75	10.000	2026-10-10 23:56:25
id	order_id	amount	payment_status	payment_method	updated_at
7	91418	10.00	paid	wallet	2026-10-10 23:56:25
8	91418	5.75	unpaid	offline_payment	2026-10-10 23:56:25
id	order_id	status	payment_info	updated_at
52	91418	denied	{"method_id":4,"method_name":"NEARS-2647 Bank Transfer","transaction_id":"QA4113-TXN-C"}	2026-10-10 23:56:25

switched_to_cod http=302 -> http://127.0.0.1:8413/admin
### AFTER verify=switched_to_cod (order 91418) @ 2026-10-10 23:56:26
id	order_status	payment_status	payment_method	order_amount	partially_paid_amount	updated_at
91418	pending	partially_paid	cash_on_delivery	15.75	10.000	2026-10-10 23:56:26
id	order_id	amount	payment_status	payment_method	updated_at
7	91418	10.00	paid	wallet	2026-10-10 23:56:25
8	91418	5.75	unpaid	offline_payment	2026-10-10 23:56:25

