## NEARS-4107 gate: unverified submitted partial order 91421 cannot progress; verified order 91416 can
### submitted, NOT verified (order 91421) @ 2026-10-10 23:59:07
id	order_status	payment_status	payment_method	order_amount	partially_paid_amount	updated_at
91421	pending	partially_paid	offline_payment	11.34	10.000	2026-10-10 23:59:06
id	order_id	amount	payment_status	payment_method	updated_at
11	91421	10.00	paid	wallet	2026-10-10 23:59:06
12	91421	1.34	unpaid	offline_payment	2026-10-10 23:59:06
id	order_id	status	payment_info	updated_at
56	91421	pending	{"method_id":4,"method_name":"NEARS-2647 Bank Transfer","transaction_id":"QA4113-TXN-F"}	2026-10-10 23:59:06

status->processing on UNVERIFIED http=302 -> http://127.0.0.1:8413/admin
### after attempted status change on unverified order (expect still pending) (order 91421) @ 2026-10-10 23:59:07
id	order_status	payment_status	payment_method	order_amount	partially_paid_amount	updated_at
91421	pending	partially_paid	offline_payment	11.34	10.000	2026-10-10 23:59:06
id	order_id	amount	payment_status	payment_method	updated_at
11	91421	10.00	paid	wallet	2026-10-10 23:59:06
12	91421	1.34	unpaid	offline_payment	2026-10-10 23:59:06
id	order_id	status	payment_info	updated_at
56	91421	pending	{"method_id":4,"method_name":"NEARS-2647 Bank Transfer","transaction_id":"QA4113-TXN-F"}	2026-10-10 23:59:06

### verified order BEFORE status change (order 91416) @ 2026-10-10 23:59:07
id	order_status	payment_status	payment_method	order_amount	partially_paid_amount	updated_at
91416	confirmed	paid	offline_payment	15.75	10.000	2026-10-10 23:55:46
id	order_id	amount	payment_status	payment_method	updated_at
3	91416	10.00	paid	wallet	2026-10-10 23:54:44
4	91416	5.75	paid	NEARS-2647 Bank Transfer	2026-10-10 23:55:39
id	order_id	status	payment_info	updated_at
51	91416	verified	{"method_id":4,"method_name":"NEARS-2647 Bank Transfer","transaction_id":"QA4113-TXN-001"}	2026-10-10 23:55:48

status->processing on VERIFIED 91416 http=302 -> http://127.0.0.1:8413/admin
### verified order AFTER status change (expect processing, payment rows still paid) (order 91416) @ 2026-10-10 23:59:07
id	order_status	payment_status	payment_method	order_amount	partially_paid_amount	updated_at
91416	processing	paid	offline_payment	15.75	10.000	2026-10-10 23:59:07
id	order_id	amount	payment_status	payment_method	updated_at
3	91416	10.00	paid	wallet	2026-10-10 23:54:44
4	91416	5.75	paid	NEARS-2647 Bank Transfer	2026-10-10 23:55:39
id	order_id	status	payment_info	updated_at
51	91416	verified	{"method_id":4,"method_name":"NEARS-2647 Bank Transfer","transaction_id":"QA4113-TXN-001"}	2026-10-10 23:55:48

