boot-session QA-3721 — root /Users/Apple/Projects/nears-NEARS-3721-live-boot@da5614f41 · primary /Users/Apple/Projects/nears · state /Users/Apple/Projects/nears-NEARS-3721-live-boot/docs/qa-evidence/NEARS-3721/c2/state/state.tsv
== backend :8000
  · listener pid 7597 (/Users/Apple/Projects/nears@53e4dda4f) — reused
    |   head:   53e4dda4f (53e4dda4fefb5d959754f219f4e3e51eed2ec4a8)
    |   behind 'feat/userapp-reskin2': 2 commit(s)
    |   ticket: none derivable from branch 'feat/human-qa-uiux' — not a per-ticket worktree, no Done-status check applies
    | -- PASS: /Users/Apple/Projects/nears @ 53e4dda4f, not a per-ticket worktree --
== nears monitor (/Users/Apple/Projects/nears-monitor)
  · starting monitor (pgid 54628)
  · starting monitor-reverb (pgid 54695)
  · starting monitor-queue (pgid 54784)
== widgetbook (/Users/Apple/Projects/nears-NEARS-3721-live-boot/widgetbook)
  · starting widgetbook on :8090 (pgid 55020)
== app secrets
== emulators (one per app)
SKIP emulator-5554: foreign — driven from another tree: pid 51856 (/Users/Apple/Projects/nears-live-NEARS-3720/UserApp), pid 52003 (/Users/Apple/Projects/nears-live-NEARS-3720/UserApp)
SKIP emulator-5556: foreign — driven from another tree: pid 5947 (/Users/Apple/Projects/nears-live-NEARS-3720/VendorApp), pid 6138 (/Users/Apple/Projects/nears-live-NEARS-3720/VendorApp)
SKIP emulator-5558: foreign — driven from another tree: pid 6158 (/Users/Apple/Projects/nears-live-NEARS-3720/DeliveryApp), pid 6359 (/Users/Apple/Projects/nears-live-NEARS-3720/DeliveryApp)
  · booting AVD NEARS_2411_QA as emulator-5560 for UserApp (pid 56000, log /Users/Apple/Projects/nears-NEARS-3721-live-boot/docs/qa-evidence/NEARS-3721/c2/state/emulator-5560.log)
  · booting AVD NEARS_2414_QA as emulator-5562 for VendorApp (pid 56075, log /Users/Apple/Projects/nears-NEARS-3721-live-boot/docs/qa-evidence/NEARS-3721/c2/state/emulator-5562.log)
  · booting AVD NEARS_2424_QA as emulator-5564 for DeliveryApp (pid 56153, log /Users/Apple/Projects/nears-NEARS-3721-live-boot/docs/qa-evidence/NEARS-3721/c2/state/emulator-5564.log)
  · UserApp: AVD NEARS_2411_QA (emulator-5560) booted with only 572MB free on /data (floor 800MB) — stopping it, trying the next AVD
  · booting AVD Pixel_10_Pro as emulator-5566 for UserApp (pid 56615, log /Users/Apple/Projects/nears-NEARS-3721-live-boot/docs/qa-evidence/NEARS-3721/c2/state/emulator-5566.log)
  · UserApp: AVD Pixel_10_Pro (emulator-5566) booted with only 657MB free on /data (floor 800MB) — stopping it, trying the next AVD
  · booting AVD nears_qa_wave56 as emulator-5568 for UserApp (pid 56863, log /Users/Apple/Projects/nears-NEARS-3721-live-boot/docs/qa-evidence/NEARS-3721/c2/state/emulator-5568.log)
  · VendorApp: AVD NEARS_2414_QA (emulator-5562) booted with only 611MB free on /data (floor 800MB) — stopping it, trying the next AVD
== watchers -> /Users/Apple/Projects/nears-NEARS-3721-live-boot/docs/qa-evidence/NEARS-3721/c2/state/watch.log
== apps
  · building UserApp on emulator-5568 via qa-run.sh (pid 58133, log /Users/Apple/Projects/nears-NEARS-3721-live-boot/docs/qa-evidence/NEARS-3721/c2/state/UserApp.log) — waiting before the next build
  · building DeliveryApp on emulator-5564 via qa-run.sh (pid 59123, log /Users/Apple/Projects/nears-NEARS-3721-live-boot/docs/qa-evidence/NEARS-3721/c2/state/DeliveryApp.log) — waiting before the next build
== re-probe web surfaces
== chrome tabs

READY — QA-3721
| surface | status | detail |
|---|---|---|
| backend | UP | port 8000 pid 7597 /Users/Apple/Projects/nears@53e4dda4f · freshness rc 0 |
| admin-panel | UP | 200 http://127.0.0.1:8000/login/admin |
| store-panel | UP | 200 http://127.0.0.1:8000/login/vendor |
| emulator:UserApp | UP | serial=emulator-5568 avd=nears_qa_wave56 pid 56863 ppid=1 /data=4191MB reverse tcp:80->8000 · started |
| emulator:VendorApp | DOWN | every free AVD booted below the 800MB /data floor: NEARS_2411_QA=572MB Pixel_10_Pro=657MB NEARS_2414_QA=611MB — reclaim space in one by hand (read-only survey: source scripts/qa-lock-guard.sh; qa_disk_reclaim <serial>) and re-run. Boot never wipes or uninstalls. |
| emulator:DeliveryApp | UP | serial=emulator-5564 avd=NEARS_2424_QA pid 56153 ppid=1 /data=894MB reverse tcp:80->8000 · started |
| app:UserApp | UP | serial=emulator-5568 pkg=com.izzes.nears.nears_nears_3721_live_boot pid 58133 /Users/Apple/Projects/nears-NEARS-3721-live-boot@da5614f41 · reload: kill -USR1 58133 · started |
| app:VendorApp | DOWN | no UP emulator for VendorApp |
| app:DeliveryApp | UP | serial=emulator-5564 pkg=com.izzes.nearsdelivery pid 59123 /Users/Apple/Projects/nears-NEARS-3721-live-boot@da5614f41 · reload: kill -USR1 59123 · started |
| widgetbook | UP | port=8090 pid 55020 /Users/Apple/Projects/nears-NEARS-3721-live-boot@da5614f41 http://127.0.0.1:8090/ |
| monitor | UP | port=9090 pid 54896 http://127.0.0.1:9090/ |
| monitor-reverb | UP | port=9091 pid 54695 |
| monitor-queue | UP | queue:work pid 54784 in /Users/Apple/Projects/nears-monitor |
| tab:admin | UP | opened http://127.0.0.1:8000/login/admin |
| tab:store | UP | opened http://127.0.0.1:8000/login/vendor |
| tab:widgetbook | UP | opened http://127.0.0.1:8090/ |
| tab:monitor | UP | reused tab http://127.0.0.1:9090/ |
| watchers | UP | 6/6 pipelines -> /Users/Apple/Projects/nears-NEARS-3721-live-boot/docs/qa-evidence/NEARS-3721/c2/state/watch.log |
| secrets:UserApp | UP | copied |
| secrets:VendorApp | WARN | absent-in-primary |
| secrets:DeliveryApp | WARN | absent-in-primary |

DOWN emulator:VendorApp: every free AVD booted below the 800MB /data floor: NEARS_2411_QA=572MB Pixel_10_Pro=657MB NEARS_2414_QA=611MB — reclaim space in one by hand (read-only survey: source scripts/qa-lock-guard.sh; qa_disk_reclaim <serial>) and re-run. Boot never wipes or uninstalls.
DOWN app:VendorApp: no UP emulator for VendorApp
READY: 17 UP · 2 DOWN · 0 OPENED-UNCONFIRMED · 2 WARN
validity: 21 surfaces asserted
FAIL boot-session: DOWN — emulator:VendorApp, app:VendorApp
real 89.21
user 3.58
sys 5.25
exit=1
