[UserApp] E/com.facebook.GraphResponse( 3968): {HttpStatus: 400, errorCode: 190, subErrorCode: -1, errorType: OAuthException, errorMessage: Error validating application. Application has been deleted.}
[UserApp] E/com.facebook.GraphResponse( 3968): {HttpStatus: 400, errorCode: 190, subErrorCode: -1, errorType: OAuthException, errorMessage: Error validating application. Application has been deleted.}
[UserApp] E/com.facebook.GraphResponse( 3968): {HttpStatus: 400, errorCode: 190, subErrorCode: -1, errorType: OAuthException, errorMessage: Error validating application. Application has been deleted.}
[UserApp] I/flutter ( 3968): [FAIL] endpoint=null http_status=null type=FirebaseInitFailure msg="firebase init failed (PlatformException)"
[UserApp] E/com.facebook.GraphResponse( 3968): {HttpStatus: 400, errorCode: 190, subErrorCode: -1, errorType: OAuthException, errorMessage: Error validating application. Application has been deleted.}
[UserApp] I/flutter ( 3968): [FAIL] endpoint=null http_status=null type=KilledLaunchNotificationFailure msg="killed-launch getInitialMessage failed (FirebaseException)"
[UserApp] E/com.facebook.GraphResponse( 3968): {HttpStatus: 400, errorCode: 190, subErrorCode: -1, errorType: OAuthException, errorMessage: Error validating application. Application has been deleted.}
[UserApp] E/com.facebook.GraphResponse( 3968): {HttpStatus: 400, errorCode: 190, subErrorCode: -1, errorType: OAuthException, errorMessage: Error validating application. Application has been deleted.}
[UserApp] E/com.facebook.GraphResponse( 3968): {HttpStatus: 400, errorCode: 190, subErrorCode: -1, errorType: OAuthException, errorMessage: Error validating application. Application has been deleted.}
[DeliveryApp] I/flutter (22634): [FAIL] endpoint=null http_status=null type=FirebaseInitFailure msg="firebase init failed (PlatformException)"
[DeliveryApp] E/flutter (22634): [ERROR:flutter/runtime/dart_vm_initializer.cc(40)] Unhandled Exception: [core/no-app] No Firebase App '[DEFAULT]' has been created - call Firebase.initializeApp()
[DeliveryApp] I/flutter (22634): [FAIL] endpoint=/api/v1/delivery-man/profile http_status=401 type=ApiFailure msg="api request failed" correlation_id=4a6c8e1e-8788-481c-8d62-01c387cfce28
[DeliveryApp] E/flutter (22634): [ERROR:flutter/runtime/dart_vm_initializer.cc(40)] Unhandled Exception: Null check operator used on a null value
[DeliveryApp] E/flutter (22634): [ERROR:flutter/runtime/dart_vm_initializer.cc(40)] Unhandled Exception: [core/no-app] No Firebase App '[DEFAULT]' has been created - call Firebase.initializeApp()
[DeliveryApp] I/flutter (22634): [FAIL] endpoint=/api/v1/delivery-man/latest-orders http_status=401 type=ApiFailure msg="unhandled api response" correlation_id=c67f8520-d365-4e64-84fe-ed892761b2f7
[DeliveryApp] I/flutter (22634): [FAIL] endpoint=/api/v1/delivery-man/latest-orders http_status=401 type=ApiFailure msg="api request failed" correlation_id=c67f8520-d365-4e64-84fe-ed892761b2f7
[DeliveryApp] I/flutter (22634): [FAIL] endpoint=/api/v1/delivery-man/profile http_status=401 type=ApiFailure msg="api request failed" correlation_id=ed35716a-b1f3-4b4f-a596-33976cd568f4
[DeliveryApp] I/flutter (22634): [FAIL] endpoint=/api/v1/delivery-man/logout http_status=401 type=ApiFailure msg="unhandled api response" correlation_id=d8e544bb-467e-40c9-a281-f4eb61d13d9a
[DeliveryApp] I/flutter (22634): [FAIL] endpoint=/api/v1/delivery-man/current-orders http_status=401 type=ApiFailure msg="unhandled api response" correlation_id=75349c6c-2659-48c7-9b92-6389478e81c5
[DeliveryApp] I/flutter (22634): [FAIL] endpoint=/api/v1/delivery-man/current-orders http_status=401 type=ApiFailure msg="api request failed" correlation_id=75349c6c-2659-48c7-9b92-6389478e81c5
[DeliveryApp] I/flutter (22634): [FAIL] endpoint=/api/v1/delivery-man/notifications http_status=401 type=ApiFailure msg="api request failed" correlation_id=57e53f54-b3ce-4343-ad1a-0164487c33ea
[UserApp] E/com.facebook.GraphResponse( 3968): {HttpStatus: 400, errorCode: 190, subErrorCode: -1, errorType: OAuthException, errorMessage: Error validating application. Application has been deleted.}
[UserApp] E/com.facebook.GraphResponse( 3968): {HttpStatus: 400, errorCode: 190, subErrorCode: -1, errorType: OAuthException, errorMessage: Error validating application. Application has been deleted.}
[UserApp] E/com.facebook.GraphResponse( 3968): {HttpStatus: 400, errorCode: 190, subErrorCode: -1, errorType: OAuthException, errorMessage: Error validating application. Application has been deleted.}
[UserApp] E/com.facebook.GraphResponse( 3968): {HttpStatus: 400, errorCode: 190, subErrorCode: -1, errorType: OAuthException, errorMessage: Error validating application. Application has been deleted.}
[UserApp] E/com.facebook.GraphResponse( 3968): {HttpStatus: 400, errorCode: 190, subErrorCode: -1, errorType: OAuthException, errorMessage: Error validating application. Application has been deleted.}
[UserApp] E/com.facebook.GraphResponse( 3968): {HttpStatus: 400, errorCode: 190, subErrorCode: -1, errorType: OAuthException, errorMessage: Error validating application. Application has been deleted.}
[UserApp] E/com.facebook.GraphResponse( 3968): {HttpStatus: 400, errorCode: 190, subErrorCode: -1, errorType: OAuthException, errorMessage: Error validating application. Application has been deleted.}
[laravel] [2026-09-22 20:47:13] production.ERROR: [FAIL] OpenTelemetry export failed (telemetry batch dropped): Export failure {"trace_id":"3b23201e2c864b44ec05d014885b729f","correlation_id":"8ec2d6ac-dcb6-4f8d-b1c6-28ca342ba00f","suppressed_since_last":0,"source":"OpenTelemetry\\Contrib\\Otlp\\MetricExporter","signal":"metrics","otlp_endpoint":"localhost:5080/api/default","error_type":"GuzzleHttp\\Exception\\ConnectException","error_message":"cURL error 7: Failed to connect to localhost:5080 after 0 ms: Could not connect to server (see https://curl.se/libcurl/c/libcurl-errors.html) for http://localhost:5080/api/default/v1/metrics"} 
[laravel] [2026-09-22 20:47:13] production.ERROR: [FAIL] OpenTelemetry export failed (telemetry batch dropped): Export failure {"trace_id":"3b23201e2c864b44ec05d014885b729f","correlation_id":"8ec2d6ac-dcb6-4f8d-b1c6-28ca342ba00f","suppressed_since_last":0,"source":"OpenTelemetry\\Contrib\\Otlp\\SpanExporter","signal":"traces","otlp_endpoint":"localhost:5080/api/default","error_type":"GuzzleHttp\\Exception\\ConnectException","error_message":"cURL error 7: Failed to connect to localhost:5080 after 0 ms: Could not connect to server (see https://curl.se/libcurl/c/libcurl-errors.html) for http://localhost:5080/api/default/v1/traces"} 
[UserApp] I/flutter ( 3968): [FAIL] endpoint=null http_status=null type=FcmTokenFetchFailure msg="FCM registration id fetch failed"
[UserApp] E/GoogleApiManager( 3968): java.lang.SecurityException: Unknown calling package name 'com.google.android.gms'.
[UserApp] E/GoogleApiManager( 3968): 	at android.os.Parcel.createExceptionOrNull(Parcel.java:3392)
[UserApp] E/GoogleApiManager( 3968): 	at android.os.Parcel.createException(Parcel.java:3376)
[UserApp] E/GoogleApiManager( 3968): 	at android.os.Parcel.readException(Parcel.java:3359)
[UserApp] E/GoogleApiManager( 3968): 	at android.os.Parcel.readException(Parcel.java:3301)
