11:57:36 GET /api/v1/config -> 200 554ms
11:58:00 GET /api/v1/config -> 200 137ms
11:58:17 GET /api/v1/module -> 200 200ms
11:58:19 POST /api/v1/auth/guest/request -> 200 97ms
11:58:20 GET /api/v1/config/get-zone-id?lat=24.4499989&lng=54.4249987 -> 200 95ms
11:58:20 GET /api/v1/config/geocode-api?lat=24.4499989&lng=54.4249987 -> 200 683ms
11:58:21 GET /api/v1/zone/list -> 200 79ms
11:58:35 GET /api/v1/config/get-zone-id?lat=24.4499989&lng=54.4249987 -> 200 87ms
11:58:36 GET /api/v1/stores/get-stores/all?featured=1&offset=1&limit=50 -> 200 150ms
11:58:36 GET /api/v1/banners?featured=1 -> 200 188ms
11:58:37 GET /api/v1/module -> 200 151ms
11:58:38 GET /api/v1/home/all -> 200 442ms
11:58:38 GET /api/v1/customer/cart/list?guest_id=1968 -> 200 131ms
11:58:38 GET /api/v1/customer/cart/list?guest_id=1968 -> 200 162ms
11:58:38 GET /api/v1/other-banners -> 200 77ms
11:58:38 GET /api/v1/common-condition -> 200 77ms
11:58:38 GET /api/v1/flash-sales -> 200 172ms
11:58:39 GET /api/v1/items/popular?type=all&offset=1&limit=25&min_price=0.0&max_price=9999999999.0 -> 200 136ms
11:58:39 GET /api/v1/items/most-reviewed?type=all&offset=1&limit=25&min_price=0.0&max_price=9999999999.0 -> 200 88ms
11:58:39 GET /api/v1/campaigns/basic -> 200 85ms
11:58:39 GET /api/v1/campaigns/item -> 200 70ms
11:58:39 GET /api/v1/items/recommended?filter=all&limit=30 -> 200 124ms
11:58:39 GET /api/v1/stores/get-stores/all?store_type=all&offset=1&limit=12 -> 200 109ms
11:58:39 GET /api/v1/advertisement/list -> 200 62ms
11:58:39 GET /api/v1/module -> 200 107ms
11:58:39 GET /api/v1/items/basic?offset=1&limit=50 -> 200 66ms
11:58:40 GET /api/v1/stores/get-stores/all?featured=1&offset=1&limit=50 -> 200 84ms
11:58:40 GET /api/v1/common-condition/items/1?limit=15&offset=1 -> 200 60ms
11:59:10 POST /api/v1/auth/login -> 200 184ms
11:59:10 GET /api/v1/customer/info -> 200 76ms
11:59:11 POST /api/v1/customer/cm-firebase-token -> 200 53ms
11:59:12 GET /api/v1/customer/cart/list -> 200 72ms
11:59:13 GET /api/v1/customer/info -> 200 56ms
11:59:13 GET /api/v1/customer/order/buy-it-again?limit=25&offset=1 -> 200 82ms
11:59:13 GET /api/v1/customer/order/running-orders?offset=1&limit=50 -> 200 210ms
11:59:24 POST /api/v1/auth/login -> 200 117ms
11:59:25 GET /api/v1/customer/order/list?offset=1&limit=10 -> 200 120ms
11:59:25 GET /api/v1/customer/order/list?offset=2&limit=10 -> 200 97ms
11:59:25 GET /api/v1/customer/order/list?offset=3&limit=10 -> 200 92ms
11:59:25 GET /api/v1/customer/order/list?offset=4&limit=10 -> 200 85ms
11:59:25 GET /api/v1/customer/order/list?offset=5&limit=10 -> 200 81ms
11:59:25 GET /api/v1/customer/order/list?offset=6&limit=10 -> 200 91ms
11:59:25 GET /api/v1/customer/order/list?offset=7&limit=10 -> 200 168ms
11:59:26 GET /api/v1/customer/order/list?offset=8&limit=10 -> 200 161ms
11:59:42 GET /api/v1/config -> 200 88ms
11:59:56 GET /api/v1/customer/order/list?offset=1&limit=10 -> 200 111ms
11:59:56 GET /api/v1/customer/order/running-orders?offset=1&limit=10 -> 200 118ms
12:00:10 GET /api/v1/customer/order/list?offset=2&limit=10 -> 200 188ms
12:00:25 GET /api/v1/customer/order/details?order_id=91131 -> 200 70ms
12:00:25 GET /api/v1/customer/order/payment-failed?order_id=91131 -> 200 61ms
12:00:25 GET /api/v1/customer/order/track?order_id=91131 -> 200 78ms
12:00:26 POST /api/v1/config/delivery-quote -> 200 60ms
12:00:35 GET /api/v1/customer/order/track?order_id=91131 -> 200 77ms
12:00:45 GET /api/v1/customer/order/track?order_id=91131 -> 200 71ms
12:00:55 GET /api/v1/customer/order/track?order_id=91131 -> 200 77ms
12:00:56 GET /api/v1/customer/automated-message -> 200 56ms
12:01:05 GET /api/v1/customer/order/track?order_id=91131 -> 200 72ms
12:01:08 GET /api/v1/customer/order/refund-reasons -> 200 64ms
12:01:15 GET /api/v1/customer/order/track?order_id=91131 -> 200 79ms
12:01:24 GET /api/v1/customer/order/track?order_id=91131 -> 200 74ms
12:01:34 GET /api/v1/customer/order/track?order_id=91131 -> 200 76ms
12:01:44 GET /api/v1/customer/order/track?order_id=91131 -> 200 75ms
12:01:54 GET /api/v1/customer/order/track?order_id=91131 -> 200 90ms
12:02:04 GET /api/v1/customer/order/track?order_id=91131 -> 200 83ms
12:02:14 GET /api/v1/customer/order/track?order_id=91131 -> 200 78ms
12:02:24 GET /api/v1/customer/order/track?order_id=91131 -> 200 84ms
12:02:35 GET /api/v1/customer/order/track?order_id=91131 -> 200 77ms
12:02:45 GET /api/v1/customer/order/track?order_id=91131 -> 200 115ms
12:02:55 GET /api/v1/customer/order/track?order_id=91131 -> 200 110ms
12:03:05 GET /api/v1/customer/order/track?order_id=91131 -> 200 79ms
12:03:15 GET /api/v1/customer/order/track?order_id=91131 -> 200 132ms
12:03:25 GET /api/v1/customer/order/track?order_id=91131 -> 200 106ms
12:03:35 GET /api/v1/customer/order/track?order_id=91131 -> 200 74ms
12:03:45 GET /api/v1/customer/order/track?order_id=91131 -> 200 76ms
12:03:55 GET /api/v1/customer/order/track?order_id=91131 -> 200 89ms
12:04:05 GET /api/v1/customer/order/track?order_id=91131 -> 200 77ms
12:04:15 GET /api/v1/customer/order/track?order_id=91131 -> 200 75ms
12:04:25 GET /api/v1/customer/order/track?order_id=91131 -> 200 78ms
12:04:34 GET /api/v1/customer/order/track?order_id=91131 -> 200 87ms
12:04:44 GET /api/v1/customer/order/track?order_id=91131 -> 200 77ms
12:04:54 GET /api/v1/customer/order/track?order_id=91131 -> 200 173ms
12:05:04 GET /api/v1/customer/order/track?order_id=91131 -> 200 75ms
12:05:14 GET /api/v1/customer/order/track?order_id=91131 -> 200 80ms
12:05:17 POST /api/v1/customer/order/refund-request -> 200 163ms files=image
12:05:18 GET /api/v1/customer/order/running-orders?offset=1&limit=50 -> 200 278ms
12:05:18 GET /api/v1/customer/order/payment-failed -> 200 56ms
12:05:18 GET /api/v1/config/get-zone-id?lat=24.4499989&lng=54.4249987 -> 200 94ms
12:05:19 GET /api/v1/home/all -> 200 149ms
12:05:20 GET /api/v1/advertisement/list -> 200 50ms
12:05:20 GET /api/v1/customer/info -> 200 62ms
12:05:20 GET /api/v1/items/popular?type=all&offset=1&limit=25&min_price=0.0&max_price=9999999999.0 -> 200 84ms
12:05:20 GET /api/v1/items/most-reviewed?type=all&offset=1&limit=25&min_price=0.0&max_price=9999999999.0 -> 200 58ms
12:05:20 GET /api/v1/customer/order/buy-it-again?limit=25&offset=1 -> 200 57ms
12:05:20 GET /api/v1/stores/get-stores/all?store_type=all&offset=1&limit=12 -> 200 86ms
12:05:20 GET /api/v1/stores/get-stores/all?featured=1&offset=1&limit=50 -> 200 69ms
12:05:20 GET /api/v1/customer/notifications -> 200 68ms
12:05:20 GET /api/v1/coupon/list -> 200 54ms
12:05:20 GET /api/v1/common-condition -> 200 68ms
12:05:21 GET /api/v1/module -> 200 77ms
12:05:21 GET /api/v1/common-condition/items/1?limit=15&offset=1 -> 200 82ms
12:06:09 GET /api/v1/config -> 200 251ms
12:06:15 GET /api/v1/customer/order/list?offset=1&limit=10 -> 200 123ms
12:06:15 GET /api/v1/customer/order/running-orders?offset=1&limit=10 -> 200 96ms
12:06:23 GET /api/v1/customer/order/list?offset=2&limit=10 -> 200 103ms
12:06:24 GET /api/v1/customer/order/list?offset=3&limit=10 -> 200 195ms
12:06:40 GET /api/v1/customer/order/details?order_id=91131 -> 200 71ms
12:06:40 GET /api/v1/customer/order/payment-failed?order_id=91131 -> 200 57ms
12:06:40 GET /api/v1/customer/order/track?order_id=91131 -> 200 80ms
12:06:50 GET /api/v1/customer/order/track?order_id=91131 -> 200 76ms
12:07:14 GET /api/v1/customer/order/details?order_id=166 -> 200 74ms
12:07:14 GET /api/v1/customer/order/payment-failed?order_id=166 -> 200 58ms
12:07:14 GET /api/v1/customer/order/track?order_id=166 -> 200 74ms
12:07:15 POST /api/v1/config/delivery-quote -> 200 52ms
12:07:24 GET /api/v1/customer/order/track?order_id=166 -> 200 172ms
12:07:30 GET /api/v1/customer/automated-message -> 200 53ms
12:07:34 GET /api/v1/customer/order/track?order_id=166 -> 200 89ms
12:07:35 GET /api/v1/customer/order/refund-reasons -> 200 55ms
12:07:44 GET /api/v1/customer/order/track?order_id=166 -> 200 90ms
12:07:54 GET /api/v1/customer/order/track?order_id=166 -> 200 79ms
12:07:57 POST /api/v1/customer/order/refund-request -> 200 129ms
12:07:58 GET /api/v1/customer/order/running-orders?offset=1&limit=50 -> 200 273ms
12:07:58 GET /api/v1/config/get-zone-id?lat=24.4499989&lng=54.4249987 -> 200 55ms
12:07:58 GET /api/v1/home/all -> 200 159ms
12:07:59 GET /api/v1/customer/info -> 200 71ms
12:07:59 GET /api/v1/items/popular?type=all&offset=1&limit=25&min_price=0.0&max_price=9999999999.0 -> 200 151ms
12:07:59 GET /api/v1/items/most-reviewed?type=all&offset=1&limit=25&min_price=0.0&max_price=9999999999.0 -> 200 58ms
12:07:59 GET /api/v1/customer/order/buy-it-again?limit=25&offset=1 -> 200 56ms
12:07:59 GET /api/v1/stores/get-stores/all?store_type=all&offset=1&limit=12 -> 200 85ms
12:07:59 GET /api/v1/advertisement/list -> 200 52ms
12:07:59 GET /api/v1/coupon/list -> 200 53ms
12:07:59 GET /api/v1/common-condition -> 200 60ms
12:08:00 GET /api/v1/module -> 200 90ms
12:08:00 GET /api/v1/stores/get-stores/all?featured=1&offset=1&limit=50 -> 200 192ms
12:08:00 GET /api/v1/common-condition/items/1?limit=15&offset=1 -> 200 100ms
12:09:36 GET /api/v1/config -> 200 80ms
12:09:41 GET /api/v1/customer/order/list?offset=1&limit=10 -> 200 99ms
12:09:41 GET /api/v1/customer/order/running-orders?offset=1&limit=10 -> 200 102ms
12:09:52 GET /api/v1/customer/order/list?offset=2&limit=10 -> 200 122ms
12:10:05 GET /api/v1/customer/order/list?offset=3&limit=10 -> 200 168ms
12:10:17 GET /api/v1/customer/order/details?order_id=166 -> 200 66ms
12:10:17 GET /api/v1/customer/order/payment-failed?order_id=166 -> 200 83ms
12:10:17 GET /api/v1/customer/order/track?order_id=166 -> 200 85ms
12:10:27 GET /api/v1/customer/order/track?order_id=166 -> 200 78ms
12:10:37 GET /api/v1/customer/order/track?order_id=166 -> 200 86ms
12:10:41 GET /api/v1/customer/automated-message -> 200 84ms
12:10:46 GET /api/v1/customer/order/refund-reasons -> 200 76ms
12:10:47 GET /api/v1/customer/order/track?order_id=166 -> 200 76ms
12:10:55 POST /api/v1/customer/order/refund-request -> 200 68ms
12:10:56 GET /api/v1/customer/order/running-orders?offset=1&limit=50 -> 200 220ms
12:10:56 GET /api/v1/config/get-zone-id?lat=24.4499989&lng=54.4249987 -> 200 57ms
12:10:56 GET /api/v1/home/all -> 200 122ms
12:10:57 GET /api/v1/customer/info -> 200 58ms
12:10:57 GET /api/v1/items/popular?type=all&offset=1&limit=25&min_price=0.0&max_price=9999999999.0 -> 200 85ms
12:10:57 GET /api/v1/items/most-reviewed?type=all&offset=1&limit=25&min_price=0.0&max_price=9999999999.0 -> 200 57ms
12:10:57 GET /api/v1/customer/order/buy-it-again?limit=25&offset=1 -> 200 60ms
12:10:57 GET /api/v1/stores/get-stores/all?store_type=all&offset=1&limit=12 -> 200 89ms
12:10:57 GET /api/v1/advertisement/list -> 200 52ms
12:10:57 GET /api/v1/coupon/list -> 200 54ms
12:10:57 GET /api/v1/common-condition -> 200 54ms
12:10:57 GET /api/v1/module -> 200 81ms
12:10:58 GET /api/v1/stores/get-stores/all?featured=1&offset=1&limit=50 -> 200 99ms
12:10:58 GET /api/v1/common-condition/items/1?limit=15&offset=1 -> 200 63ms
12:11:30 GET /api/v1/config -> 200 72ms
12:11:35 GET /api/v1/customer/order/list?offset=1&limit=10 -> 200 113ms
12:11:35 GET /api/v1/customer/order/running-orders?offset=1&limit=10 -> 200 102ms
12:11:46 GET /api/v1/customer/order/list?offset=2&limit=10 -> 200 342ms
12:11:59 GET /api/v1/customer/order/list?offset=3&limit=10 -> 200 162ms
12:12:12 GET /api/v1/customer/order/details?order_id=166 -> 200 73ms
12:12:12 GET /api/v1/customer/order/payment-failed?order_id=166 -> 200 77ms
12:12:12 GET /api/v1/customer/order/track?order_id=166 -> 200 80ms
12:12:22 GET /api/v1/customer/order/track?order_id=166 -> 200 75ms
12:12:28 GET /api/v1/customer/automated-message -> 200 54ms
12:12:32 GET /api/v1/customer/order/track?order_id=166 -> 200 91ms
12:12:33 GET /api/v1/customer/order/refund-reasons -> 200 68ms
12:12:42 GET /api/v1/customer/order/track?order_id=166 -> 200 90ms
12:12:42 POST /api/v1/customer/order/refund-request -> 200 63ms
12:12:43 GET /api/v1/customer/order/running-orders?offset=1&limit=50 -> 200 250ms
12:12:43 GET /api/v1/config/get-zone-id?lat=24.4499989&lng=54.4249987 -> 200 54ms
12:12:43 GET /api/v1/home/all -> 200 145ms
12:12:44 GET /api/v1/customer/info -> 200 61ms
12:12:44 GET /api/v1/items/popular?type=all&offset=1&limit=25&min_price=0.0&max_price=9999999999.0 -> 200 83ms
12:12:44 GET /api/v1/items/most-reviewed?type=all&offset=1&limit=25&min_price=0.0&max_price=9999999999.0 -> 200 59ms
12:12:44 GET /api/v1/customer/order/buy-it-again?limit=25&offset=1 -> 200 56ms
12:12:44 GET /api/v1/stores/get-stores/all?store_type=all&offset=1&limit=12 -> 200 85ms
12:12:44 GET /api/v1/advertisement/list -> 200 53ms
12:12:44 GET /api/v1/coupon/list -> 200 52ms
12:12:44 GET /api/v1/common-condition -> 200 55ms
12:12:44 GET /api/v1/module -> 200 79ms
12:12:44 GET /api/v1/stores/get-stores/all?featured=1&offset=1&limit=50 -> 200 71ms
12:12:44 GET /api/v1/common-condition/items/1?limit=15&offset=1 -> 200 63ms
12:13:33 GET /api/v1/config -> 200 110ms
12:13:38 GET /api/v1/customer/order/list?offset=1&limit=10 -> 200 183ms
12:13:38 GET /api/v1/customer/order/running-orders?offset=1&limit=10 -> 200 145ms
12:13:48 GET /api/v1/customer/order/list?offset=2&limit=10 -> 200 129ms
12:14:02 GET /api/v1/customer/order/list?offset=3&limit=10 -> 200 226ms
12:14:12 GET /api/v1/customer/order/list?offset=4&limit=10 -> 200 141ms
12:14:18 GET /api/v1/customer/order/details?order_id=163 -> 200 78ms
12:14:18 GET /api/v1/customer/order/payment-failed?order_id=163 -> 200 82ms
12:14:18 GET /api/v1/customer/order/track?order_id=163 -> 200 103ms
12:14:19 POST /api/v1/config/delivery-quote -> 200 69ms
12:14:28 GET /api/v1/customer/order/track?order_id=163 -> 200 89ms
12:14:34 GET /api/v1/customer/automated-message -> 200 73ms
12:14:38 GET /api/v1/customer/order/track?order_id=163 -> 200 83ms
12:14:39 GET /api/v1/customer/order/refund-reasons -> 200 64ms
12:14:48 GET /api/v1/customer/order/track?order_id=163 -> 200 90ms
12:14:50 POST /api/v1/customer/order/refund-request -> 403 67ms
12:14:58 GET /api/v1/customer/order/track?order_id=163 -> 200 129ms
12:15:08 GET /api/v1/customer/order/track?order_id=163 -> 200 82ms
12:15:36 GET /api/v1/customer/order/list?offset=5&limit=10 -> 200 210ms
12:15:47 GET /api/v1/customer/order/list?offset=6&limit=10 -> 200 136ms
12:16:04 GET /api/v1/customer/order/running-orders?offset=1&limit=50 -> 200 258ms
12:16:28 POST /api/v1/auth/logout -> 200 101ms
12:16:28 POST /api/v1/customer/cm-firebase-token -> 401 53ms
12:16:30 POST /api/v1/auth/guest/request -> 200 97ms
12:16:56 POST /api/v1/auth/login -> 200 166ms
12:16:56 GET /api/v1/customer/info -> 200 64ms
12:16:57 POST /api/v1/customer/cm-firebase-token -> 200 69ms
12:16:58 GET /api/v1/customer/info -> 200 67ms
12:16:59 GET /api/v1/customer/info -> 200 63ms
12:16:59 GET /api/v1/customer/order/buy-it-again?limit=25&offset=1 -> 200 102ms
12:16:59 GET /api/v1/customer/order/running-orders?offset=1&limit=50 -> 200 215ms
12:17:18 GET /api/v1/customer/order/list?offset=1&limit=10 -> 200 113ms
12:17:18 GET /api/v1/customer/order/running-orders?offset=1&limit=10 -> 200 124ms
12:17:28 GET /api/v1/customer/order/list?offset=2&limit=10 -> 200 129ms
12:17:41 GET /api/v1/customer/order/list?offset=3&limit=10 -> 200 144ms
12:17:52 GET /api/v1/customer/order/list?offset=4&limit=10 -> 200 107ms
12:18:01 GET /api/v1/customer/address/list -> 200 81ms
12:19:31 GET /api/v1/customer/address/list -> 200 83ms
12:20:43 GET /api/v1/customer/address/list -> 200 102ms
12:21:51 GET /api/v1/customer/address/list -> 200 94ms
12:23:08 GET /api/v1/config/get-zone-id?lat=24.45&lng=54.425 -> 200 69ms
12:23:09 GET /api/v1/customer/order/track?order_id=163&contact_number=null -> 200 85ms
12:23:10 GET /api/v1/customer/update-zone -> 200 64ms
12:23:10 GET /api/v1/config -> 200 62ms
12:23:10 GET /api/v1/customer/info -> 200 64ms
12:23:10 GET /api/v1/customer/order/payment-failed?order_id=163 -> 200 60ms
12:23:10 GET /api/v1/stores/get-stores/all?featured=1&offset=1&limit=50 -> 200 82ms
12:23:11 GET /api/v1/customer/notifications -> 200 72ms
12:23:11 GET /api/v1/coupon/list -> 200 61ms
12:23:11 GET /api/v1/banners?featured=1 -> 200 107ms
12:23:11 GET /api/v1/customer/address/list -> 200 70ms
12:23:11 GET /api/v1/customer/order/track?order_id=163&contact_number=null -> 200 79ms
12:23:11 GET /api/v1/customer/order/details?order_id=163 -> 200 65ms
12:23:11 GET /api/v1/customer/info -> 200 71ms
12:23:11 GET /api/v1/module -> 200 87ms
12:23:11 GET /api/v1/module -> 200 85ms
12:23:11 POST /api/v1/customer/cm-firebase-token -> 200 69ms
12:23:12 GET /api/v1/customer/order/running-orders?offset=1&limit=50 -> 200 243ms
12:23:12 GET /api/v1/customer/info -> 200 63ms
12:23:12 GET /api/v1/coupon/list -> 200 56ms
12:23:12 GET /api/v1/banners?featured=1 -> 200 90ms
12:23:12 GET /api/v1/customer/address/list -> 200 69ms
12:23:12 GET /api/v1/module -> 200 79ms
12:23:12 GET /api/v1/stores/get-stores/all?featured=1&offset=1&limit=50 -> 200 87ms
12:26:02 GET /api/v1/config/get-zone-id?lat=24.45&lng=54.425 -> 200 135ms
12:26:03 GET /api/v1/cashback/list -> 200 90ms
12:26:03 GET /api/v1/customer/wish-list -> 200 154ms
12:26:03 GET /api/v1/cashback/list -> 200 81ms
12:26:03 GET /api/v1/customer/cart/list -> 200 149ms
12:26:03 GET /api/v1/customer/cart/list -> 200 279ms
12:26:04 GET /api/v1/home/all -> 200 209ms
12:26:04 GET /api/v1/advertisement/list -> 200 77ms
12:26:04 GET /api/v1/other-banners -> 200 70ms
12:26:04 GET /api/v1/customer/info -> 200 77ms
12:26:05 GET /api/v1/flash-sales -> 200 172ms
12:26:05 GET /api/v1/items/popular?type=all&offset=1&limit=25&min_price=0.0&max_price=9999999999.0 -> 200 121ms
12:26:05 GET /api/v1/items/most-reviewed?type=all&offset=1&limit=25&min_price=0.0&max_price=9999999999.0 -> 200 171ms
12:26:05 GET /api/v1/campaigns/basic -> 200 72ms
12:26:05 GET /api/v1/campaigns/item -> 200 83ms
12:26:05 GET /api/v1/items/recommended?filter=all&limit=30 -> 200 142ms
12:26:06 GET /api/v1/stores/get-stores/all?store_type=all&offset=1&limit=12 -> 200 163ms
12:26:06 GET /api/v1/customer/notifications -> 200 81ms
12:26:06 GET /api/v1/coupon/list -> 200 68ms
12:26:06 GET /api/v1/common-condition -> 200 60ms
12:26:06 GET /api/v1/module -> 200 87ms
12:26:06 GET /api/v1/items/basic?offset=1&limit=50 -> 200 74ms
12:26:06 GET /api/v1/stores/get-stores/all?featured=1&offset=1&limit=50 -> 200 93ms
12:26:06 GET /api/v1/customer/order/buy-it-again?limit=25&offset=1 -> 200 71ms
12:26:06 GET /api/v1/common-condition/items/1?limit=15&offset=1 -> 200 70ms
12:26:16 GET /api/v1/config -> 200 96ms
12:26:21 GET /api/v1/customer/order/list?offset=1&limit=10 -> 200 118ms
12:26:21 GET /api/v1/customer/order/running-orders?offset=1&limit=10 -> 200 121ms
12:26:31 GET /api/v1/customer/order/list?offset=2&limit=10 -> 200 141ms
12:26:45 GET /api/v1/customer/order/list?offset=3&limit=10 -> 200 339ms
12:26:55 GET /api/v1/customer/order/list?offset=4&limit=10 -> 200 275ms
12:27:03 GET /api/v1/customer/order/details?order_id=163 -> 200 78ms
12:27:03 GET /api/v1/customer/order/payment-failed?order_id=163 -> 200 64ms
12:27:03 GET /api/v1/customer/order/track?order_id=163 -> 200 88ms
12:27:13 GET /api/v1/customer/order/track?order_id=163 -> 200 87ms
12:27:22 GET /api/v1/customer/automated-message -> 200 68ms
12:27:23 GET /api/v1/customer/order/track?order_id=163 -> 200 107ms
12:27:27 GET /api/v1/customer/order/refund-reasons -> 200 93ms
12:27:33 GET /api/v1/customer/order/track?order_id=163 -> 200 90ms
12:27:43 GET /api/v1/customer/order/track?order_id=163 -> 200 86ms
12:27:50 GET /api/v1/customer/order/running-orders?offset=1&limit=50 -> 200 273ms
12:27:54 GET /api/v1/customer/order/list?offset=1&limit=10 -> 200 214ms
12:27:55 GET /api/v1/customer/order/running-orders?offset=1&limit=10 -> 200 171ms
