12:28:33 GET /api/v1/config -> 200 118ms
12:28:53 GET /api/v1/module -> 200 133ms
12:28:55 POST /api/v1/auth/guest/request -> 200 89ms
12:28:56 GET /api/v1/config/get-zone-id?lat=24.4499989&lng=54.4249987 -> 200 96ms
12:28:56 GET /api/v1/config/geocode-api?lat=24.4499989&lng=54.4249987 -> 200 701ms
12:28:57 GET /api/v1/zone/list -> 200 101ms
12:28:59 GET /api/v1/stores/get-stores/all?featured=1&offset=1&limit=50 -> 200 190ms
12:29:00 GET /api/v1/banners?featured=1 -> 200 252ms
12:29:00 GET /api/v1/module -> 200 133ms
12:29:00 GET /api/v1/stores/get-stores/all?featured=1&offset=1&limit=50 -> 200 181ms
12:29:00 GET /api/v1/banners?featured=1 -> 200 224ms
12:29:01 GET /api/v1/module -> 200 173ms
12:29:01 GET /api/v1/customer/cart/list?guest_id=1968 -> 200 158ms
12:29:01 GET /api/v1/customer/cart/list?guest_id=1968 -> 200 173ms
12:29:01 GET /api/v1/home/all -> 200 300ms
12:29:02 GET /api/v1/stores/get-stores/all?featured=1&offset=1&limit=50 -> 200 213ms
12:29:02 GET /api/v1/other-banners -> 200 119ms
12:29:02 GET /api/v1/common-condition -> 200 129ms
12:29:03 GET /api/v1/flash-sales -> 200 347ms
12:29:03 GET /api/v1/items/popular?type=all&offset=1&limit=25&min_price=0.0&max_price=9999999999.0 -> 200 186ms
12:29:03 GET /api/v1/items/most-reviewed?type=all&offset=1&limit=25&min_price=0.0&max_price=9999999999.0 -> 200 81ms
12:29:03 GET /api/v1/campaigns/basic -> 200 60ms
12:29:03 GET /api/v1/campaigns/item -> 200 75ms
12:29:03 GET /api/v1/items/recommended?filter=all&limit=30 -> 200 107ms
12:29:04 GET /api/v1/stores/get-stores/all?store_type=all&offset=1&limit=12 -> 200 108ms
12:29:04 GET /api/v1/advertisement/list -> 200 60ms
12:29:04 GET /api/v1/module -> 200 89ms
12:29:04 GET /api/v1/items/basic?offset=1&limit=50 -> 200 68ms
12:29:04 GET /api/v1/common-condition/items/1?limit=15&offset=1 -> 200 60ms
12:29:23 POST /api/v1/auth/login -> 200 137ms
12:29:24 GET /api/v1/customer/info -> 200 99ms
12:29:25 POST /api/v1/customer/cm-firebase-token -> 200 65ms
12:29:26 GET /api/v1/customer/cart/list -> 200 94ms
12:29:26 GET /api/v1/customer/info -> 200 74ms
12:29:26 GET /api/v1/customer/order/buy-it-again?limit=25&offset=1 -> 200 69ms
12:29:27 GET /api/v1/customer/order/running-orders?offset=1&limit=50 -> 200 259ms
12:29:32 GET /api/v1/config -> 200 91ms
12:29:37 GET /api/v1/customer/order/list?offset=1&limit=10 -> 200 145ms
12:29:37 GET /api/v1/customer/order/running-orders?offset=1&limit=10 -> 200 121ms
12:29:43 GET /api/v1/customer/order/list?offset=2&limit=10 -> 200 166ms
12:29:58 GET /api/v1/customer/order/details?order_id=91131 -> 200 119ms
12:29:58 GET /api/v1/customer/order/payment-failed?order_id=91131 -> 200 82ms
12:29:58 GET /api/v1/customer/order/track?order_id=91131 -> 200 94ms
12:29:59 POST /api/v1/config/delivery-quote -> 200 62ms
12:30:08 GET /api/v1/customer/order/track?order_id=91131 -> 200 96ms
12:30:16 GET /api/v1/customer/automated-message -> 200 114ms
12:30:18 GET /api/v1/customer/order/track?order_id=91131 -> 200 73ms
12:30:28 GET /api/v1/customer/order/track?order_id=91131 -> 200 80ms
12:30:29 GET /api/v1/customer/order/refund-reasons -> 200 58ms
12:30:38 GET /api/v1/customer/order/track?order_id=91131 -> 200 87ms
12:30:48 GET /api/v1/customer/order/track?order_id=91131 -> 200 89ms
12:30:58 GET /api/v1/customer/order/track?order_id=91131 -> 200 75ms
12:31:08 GET /api/v1/customer/order/track?order_id=91131 -> 200 73ms
12:31:18 GET /api/v1/customer/order/track?order_id=91131 -> 200 82ms
12:31:28 GET /api/v1/customer/order/track?order_id=91131 -> 200 76ms
12:31:38 GET /api/v1/customer/order/track?order_id=91131 -> 200 78ms
12:31:48 GET /api/v1/customer/order/track?order_id=91131 -> 200 80ms
12:31:58 GET /api/v1/customer/order/track?order_id=91131 -> 200 76ms
12:32:08 GET /api/v1/customer/order/track?order_id=91131 -> 200 78ms
12:32:18 GET /api/v1/customer/order/track?order_id=91131 -> 200 78ms
12:32:28 GET /api/v1/customer/order/track?order_id=91131 -> 200 77ms
12:32:38 GET /api/v1/customer/order/track?order_id=91131 -> 200 83ms
12:32:48 GET /api/v1/customer/order/track?order_id=91131 -> 200 79ms
12:32:55 POST /api/v1/customer/order/refund-request -> 200 140ms files=image
12:32:57 GET /api/v1/customer/order/running-orders?offset=1&limit=50 -> 200 264ms
12:32:57 GET /api/v1/customer/order/payment-failed -> 200 56ms
12:32:57 GET /api/v1/config/get-zone-id?lat=24.4499989&lng=54.4249987 -> 200 57ms
12:32:57 GET /api/v1/home/all -> 200 140ms
12:32:57 GET /api/v1/customer/info -> 200 63ms
12:32:57 GET /api/v1/items/popular?type=all&offset=1&limit=25&min_price=0.0&max_price=9999999999.0 -> 200 95ms
12:32:57 GET /api/v1/items/most-reviewed?type=all&offset=1&limit=25&min_price=0.0&max_price=9999999999.0 -> 200 60ms
12:32:57 GET /api/v1/customer/order/buy-it-again?limit=25&offset=1 -> 200 58ms
12:32:58 GET /api/v1/stores/get-stores/all?store_type=all&offset=1&limit=12 -> 200 85ms
12:32:58 GET /api/v1/advertisement/list -> 200 54ms
12:32:58 GET /api/v1/customer/notifications -> 200 68ms
12:32:58 GET /api/v1/coupon/list -> 200 55ms
12:32:58 GET /api/v1/common-condition -> 200 53ms
12:32:58 GET /api/v1/module -> 200 81ms
12:32:58 GET /api/v1/stores/get-stores/all?featured=1&offset=1&limit=50 -> 200 83ms
12:32:58 GET /api/v1/common-condition/items/1?limit=15&offset=1 -> 200 64ms
12:33:37 GET /api/v1/config -> 200 69ms
12:33:42 GET /api/v1/customer/order/list?offset=1&limit=10 -> 200 103ms
12:33:42 GET /api/v1/customer/order/running-orders?offset=1&limit=10 -> 200 85ms
12:33:50 GET /api/v1/customer/order/list?offset=2&limit=10 -> 200 114ms
12:34:03 GET /api/v1/customer/order/details?order_id=91131 -> 200 65ms
12:34:03 GET /api/v1/customer/order/payment-failed?order_id=91131 -> 200 59ms
12:34:03 GET /api/v1/customer/order/track?order_id=91131 -> 200 73ms
12:34:13 GET /api/v1/customer/order/track?order_id=91131 -> 200 81ms
12:34:23 GET /api/v1/customer/order/list?offset=3&limit=10 -> 200 118ms
12:34:38 GET /api/v1/customer/order/details?order_id=166 -> 200 75ms
12:34:38 GET /api/v1/customer/order/payment-failed?order_id=166 -> 200 61ms
12:34:38 GET /api/v1/customer/order/track?order_id=166 -> 200 74ms
12:34:39 POST /api/v1/config/delivery-quote -> 200 54ms
12:34:48 GET /api/v1/customer/order/track?order_id=166 -> 200 83ms
12:34:54 GET /api/v1/customer/automated-message -> 200 65ms
12:34:58 GET /api/v1/customer/order/track?order_id=166 -> 200 79ms
12:34:59 GET /api/v1/customer/order/refund-reasons -> 200 117ms
12:35:08 GET /api/v1/customer/order/track?order_id=166 -> 200 94ms
12:35:10 POST /api/v1/customer/order/refund-request -> 200 66ms
12:35:11 GET /api/v1/customer/order/running-orders?offset=1&limit=50 -> 200 313ms
12:35:12 GET /api/v1/config/get-zone-id?lat=24.4499989&lng=54.4249987 -> 200 58ms
12:35:12 GET /api/v1/home/all -> 200 214ms
12:35:12 GET /api/v1/customer/info -> 200 71ms
12:35:12 GET /api/v1/items/popular?type=all&offset=1&limit=25&min_price=0.0&max_price=9999999999.0 -> 200 82ms
12:35:12 GET /api/v1/items/most-reviewed?type=all&offset=1&limit=25&min_price=0.0&max_price=9999999999.0 -> 200 80ms
12:35:12 GET /api/v1/customer/order/buy-it-again?limit=25&offset=1 -> 200 56ms
12:35:13 GET /api/v1/stores/get-stores/all?store_type=all&offset=1&limit=12 -> 200 82ms
12:35:13 GET /api/v1/advertisement/list -> 200 63ms
12:35:13 GET /api/v1/coupon/list -> 200 100ms
12:35:13 GET /api/v1/common-condition -> 200 90ms
12:35:13 GET /api/v1/module -> 200 92ms
12:35:13 GET /api/v1/stores/get-stores/all?featured=1&offset=1&limit=50 -> 200 81ms
12:35:13 GET /api/v1/common-condition/items/1?limit=15&offset=1 -> 200 68ms
12:35:23 GET /api/v1/config -> 200 93ms
12:35:29 GET /api/v1/customer/order/running-orders?offset=1&limit=10 -> 200 214ms
12:35:29 GET /api/v1/customer/order/list?offset=1&limit=10 -> 200 191ms
12:35:39 GET /api/v1/customer/order/list?offset=2&limit=10 -> 200 263ms
12:35:52 GET /api/v1/customer/order/list?offset=3&limit=10 -> 200 194ms
12:36:07 GET /api/v1/customer/order/payment-failed?order_id=166 -> 200 217ms
12:36:07 GET /api/v1/customer/order/track?order_id=166 -> 200 141ms
12:36:07 GET /api/v1/customer/order/details?order_id=166 -> 200 74ms
12:36:17 GET /api/v1/customer/order/track?order_id=166 -> 200 81ms
12:36:23 GET /api/v1/customer/automated-message -> 200 90ms
12:36:27 GET /api/v1/customer/order/track?order_id=166 -> 200 99ms
12:36:28 GET /api/v1/customer/order/refund-reasons -> 200 74ms
12:36:37 GET /api/v1/customer/order/track?order_id=166 -> 200 254ms
12:36:37 POST /api/v1/customer/order/refund-request -> 200 81ms
12:36:39 GET /api/v1/customer/order/running-orders?offset=1&limit=50 -> 200 438ms
12:36:39 GET /api/v1/config/get-zone-id?lat=24.4499989&lng=54.4249987 -> 200 114ms
12:36:40 GET /api/v1/home/all -> 200 311ms
12:36:41 GET /api/v1/advertisement/list -> 200 71ms
12:36:41 GET /api/v1/customer/info -> 200 98ms
12:36:41 GET /api/v1/items/popular?type=all&offset=1&limit=25&min_price=0.0&max_price=9999999999.0 -> 200 110ms
12:36:41 GET /api/v1/items/most-reviewed?type=all&offset=1&limit=25&min_price=0.0&max_price=9999999999.0 -> 200 71ms
12:36:41 GET /api/v1/customer/order/buy-it-again?limit=25&offset=1 -> 200 151ms
12:36:41 GET /api/v1/stores/get-stores/all?store_type=all&offset=1&limit=12 -> 200 113ms
12:36:41 GET /api/v1/coupon/list -> 200 64ms
12:36:42 GET /api/v1/common-condition -> 200 65ms
12:36:42 GET /api/v1/module -> 200 82ms
12:36:42 GET /api/v1/stores/get-stores/all?featured=1&offset=1&limit=50 -> 200 96ms
12:36:42 GET /api/v1/common-condition/items/1?limit=15&offset=1 -> 200 90ms
12:37:14 GET /api/v1/config -> 200 73ms
12:37:19 GET /api/v1/customer/order/list?offset=1&limit=10 -> 200 153ms
12:37:19 GET /api/v1/customer/order/running-orders?offset=1&limit=10 -> 200 192ms
12:37:30 GET /api/v1/customer/order/list?offset=2&limit=10 -> 200 484ms
12:37:43 GET /api/v1/customer/order/list?offset=3&limit=10 -> 200 214ms
12:37:54 GET /api/v1/customer/order/list?offset=4&limit=10 -> 200 121ms
12:38:01 GET /api/v1/customer/order/details?order_id=163 -> 200 64ms
12:38:01 GET /api/v1/customer/order/payment-failed?order_id=163 -> 200 65ms
12:38:01 GET /api/v1/customer/order/track?order_id=163 -> 200 82ms
12:38:02 POST /api/v1/config/delivery-quote -> 200 56ms
12:38:11 GET /api/v1/customer/order/track?order_id=163 -> 200 88ms
12:38:17 GET /api/v1/customer/automated-message -> 200 63ms
12:38:21 GET /api/v1/customer/order/track?order_id=163 -> 200 92ms
12:38:22 GET /api/v1/customer/order/refund-reasons -> 200 58ms
12:38:31 GET /api/v1/customer/order/track?order_id=163 -> 200 81ms
12:38:33 POST /api/v1/customer/order/refund-request -> 403 66ms
12:38:41 GET /api/v1/customer/order/track?order_id=163 -> 200 82ms
12:38:51 GET /api/v1/customer/order/track?order_id=163 -> 200 113ms
12:39:01 GET /api/v1/customer/order/track?order_id=163 -> 200 242ms
12:39:04 POST /api/v1/customer/order/refund-request -> 403 199ms
12:39:11 GET /api/v1/customer/order/track?order_id=163 -> 200 86ms
12:39:21 GET /api/v1/customer/order/track?order_id=163 -> 200 99ms
12:39:25 GET /api/v1/customer/order/running-orders?offset=1&limit=50 -> 200 230ms
12:39:39 POST /api/v1/auth/logout -> 200 150ms
12:39:40 POST /api/v1/customer/cm-firebase-token -> 401 46ms
12:39:41 POST /api/v1/auth/guest/request -> 200 57ms
12:40:08 POST /api/v1/auth/login -> 200 129ms
12:40:09 GET /api/v1/customer/info -> 200 58ms
12:40:10 POST /api/v1/customer/cm-firebase-token -> 200 66ms
12:40:11 GET /api/v1/customer/info -> 200 60ms
12:40:11 GET /api/v1/customer/info -> 200 60ms
12:40:12 GET /api/v1/customer/order/buy-it-again?limit=25&offset=1 -> 200 109ms
12:40:12 GET /api/v1/customer/order/running-orders?offset=1&limit=50 -> 200 404ms
12:40:20 GET /api/v1/customer/order/list?offset=1&limit=10 -> 200 132ms
12:40:20 GET /api/v1/customer/order/running-orders?offset=1&limit=10 -> 200 296ms
12:40:30 GET /api/v1/customer/order/list?offset=2&limit=10 -> 200 126ms
12:40:43 GET /api/v1/customer/order/list?offset=3&limit=10 -> 200 103ms
12:40:54 GET /api/v1/customer/order/list?offset=4&limit=10 -> 200 106ms
12:41:04 GET /api/v1/customer/address/list -> 200 78ms
12:41:21 GET /api/v1/customer/address/list -> 200 74ms
12:41:28 GET /api/v1/config/get-zone-id?lat=24.45&lng=54.425 -> 200 117ms
12:41:29 GET /api/v1/customer/info -> 200 60ms
12:41:29 GET /api/v1/customer/update-zone -> 200 57ms
12:41:29 GET /api/v1/config -> 200 61ms
12:41:30 GET /api/v1/customer/order/payment-failed?order_id=163 -> 200 70ms
12:41:30 GET /api/v1/customer/order/track?order_id=163&contact_number=null -> 200 72ms
12:41:30 GET /api/v1/stores/get-stores/all?featured=1&offset=1&limit=50 -> 200 83ms
12:41:30 GET /api/v1/customer/notifications -> 200 80ms
12:41:31 GET /api/v1/coupon/list -> 200 57ms
12:41:31 GET /api/v1/banners?featured=1 -> 200 83ms
12:41:31 GET /api/v1/customer/address/list -> 200 71ms
12:41:31 GET /api/v1/customer/order/track?order_id=163&contact_number=null -> 200 108ms
12:41:31 GET /api/v1/customer/order/details?order_id=163 -> 200 66ms
12:41:31 GET /api/v1/customer/info -> 200 74ms
12:41:31 GET /api/v1/module -> 200 86ms
12:41:31 GET /api/v1/module -> 200 85ms
12:41:31 POST /api/v1/customer/cm-firebase-token -> 200 61ms
12:41:32 GET /api/v1/customer/order/running-orders?offset=1&limit=50 -> 200 229ms
12:41:32 GET /api/v1/customer/info -> 200 60ms
12:41:32 GET /api/v1/coupon/list -> 200 62ms
12:41:32 GET /api/v1/banners?featured=1 -> 200 103ms
12:41:32 GET /api/v1/customer/address/list -> 200 80ms
12:41:32 GET /api/v1/module -> 200 116ms
12:41:32 GET /api/v1/stores/get-stores/all?featured=1&offset=1&limit=50 -> 200 102ms
12:41:37 GET /api/v1/customer/cart/list -> 200 105ms
12:41:37 GET /api/v1/cashback/list -> 200 64ms
12:41:37 GET /api/v1/customer/wish-list -> 200 129ms
12:41:37 GET /api/v1/cashback/list -> 200 69ms
12:41:38 GET /api/v1/customer/cart/list -> 200 89ms
12:41:38 GET /api/v1/config/get-zone-id?lat=24.45&lng=54.425 -> 200 60ms
12:41:38 GET /api/v1/home/all -> 200 178ms
12:41:39 GET /api/v1/advertisement/list -> 200 65ms
12:41:39 GET /api/v1/other-banners -> 200 82ms
12:41:39 GET /api/v1/customer/info -> 200 74ms
12:41:40 GET /api/v1/flash-sales -> 200 130ms
12:41:40 GET /api/v1/items/popular?type=all&offset=1&limit=25&min_price=0.0&max_price=9999999999.0 -> 200 93ms
12:41:40 GET /api/v1/items/most-reviewed?type=all&offset=1&limit=25&min_price=0.0&max_price=9999999999.0 -> 200 66ms
12:41:40 GET /api/v1/campaigns/basic -> 200 59ms
12:41:40 GET /api/v1/campaigns/item -> 200 162ms
12:41:40 GET /api/v1/items/recommended?filter=all&limit=30 -> 200 95ms
12:41:40 GET /api/v1/stores/get-stores/all?store_type=all&offset=1&limit=12 -> 200 88ms
12:41:40 GET /api/v1/customer/notifications -> 200 73ms
12:41:41 GET /api/v1/coupon/list -> 200 72ms
12:41:41 GET /api/v1/common-condition -> 200 58ms
12:41:41 GET /api/v1/module -> 200 74ms
12:41:41 GET /api/v1/items/basic?offset=1&limit=50 -> 200 62ms
12:41:41 GET /api/v1/stores/get-stores/all?featured=1&offset=1&limit=50 -> 200 72ms
12:41:41 GET /api/v1/customer/order/buy-it-again?limit=25&offset=1 -> 200 63ms
12:41:41 GET /api/v1/common-condition/items/1?limit=15&offset=1 -> 200 73ms
12:41:45 GET /api/v1/config -> 200 105ms
12:41:50 GET /api/v1/customer/order/list?offset=1&limit=10 -> 200 106ms
12:41:50 GET /api/v1/customer/order/running-orders?offset=1&limit=10 -> 200 101ms
12:42:01 GET /api/v1/customer/order/list?offset=2&limit=10 -> 200 178ms
12:42:14 GET /api/v1/customer/order/list?offset=3&limit=10 -> 200 114ms
12:42:25 GET /api/v1/customer/order/list?offset=4&limit=10 -> 200 283ms
12:42:32 GET /api/v1/customer/order/details?order_id=163 -> 200 72ms
12:42:32 GET /api/v1/customer/order/payment-failed?order_id=163 -> 200 56ms
12:42:32 GET /api/v1/customer/order/track?order_id=163 -> 200 68ms
12:42:42 GET /api/v1/customer/order/track?order_id=163 -> 200 73ms
12:42:48 GET /api/v1/customer/automated-message -> 200 58ms
12:42:52 GET /api/v1/customer/order/track?order_id=163 -> 200 79ms
12:42:53 GET /api/v1/customer/order/refund-reasons -> 200 60ms
12:43:02 GET /api/v1/customer/order/track?order_id=163 -> 200 77ms
12:43:15 GET /api/v1/customer/order/running-orders?offset=1&limit=50 -> 200 500ms
12:43:19 GET /api/v1/customer/order/list?offset=1&limit=10 -> 200 104ms
12:43:20 GET /api/v1/customer/order/running-orders?offset=1&limit=10 -> 200 116ms
