# delta-2 F evidence (fix cycle 2, F cells only) - build c9a5ee788 (worktree nears-NEARS-3860-qa-delta), private copy nears_qa_3860, emulator-5662, UserApp debug, English, light, user 6
Backend: /Users/Apple/Projects/nears-NEARS-3860-qa-delta @ c9a5ee788 (own artisan serve --no-reload :8170, freshness PASS; ids-only proxy :8171 -> :8170)
Basket (built at address 45, never edited until the F1 Remove): cart 1031 Rice 5kg (Dama baqala 3168, zone 400, module 1, LEAD) + cart 1032 Beef Shawarma (Spice Route Kitchen 49, zone 2, module 2). Admin free delivery ON (bs120=1, free_delivery_to_all_store). Store 3168 open (13:3x local, hours 08:00-23:00) - no temp schedule this run.

Timeline (local +04):
13:41:07 Cart @45 baseline: no card, fees 0.00/0.00, Proceed enabled            -> delta2-f4-00-cart-addr45-baseline.xml
13:42:55 Home location -> address 60; 13:43:07 Basket opened directly (no edit)
13:43:19 Cart @60: 'Not available for this address: Dama baqala' + Remove (1 node), fee '—', ETA '—', Proceed enabled=false -> delta2-f1-01-cart-addr60-card.xml/.png
13:43:29..13:44:35 F5 window (card on screen, 66 s): 0 requests of any kind
13:44:48 tap on the disabled Proceed: still Basket, 0 requests                  -> delta2-f1-02-cart-addr60-after-proceed-tap.xml
13:45:18 Home location -> address 45; Basket (no edit): card gone, fees 0.00/0.00, Proceed enabled=true -> delta2-f4-02-cart-back-addr45.xml
13:46:11 Home -> 60 with proxy DELAY 12 s on details/3168 + group/validate (QA instrument, widens the pending window; cleared at 13:46:33); 13:46:30 Proceed tapped while pending
13:46:47 Checkout panel: 'Not available for this address: Dama baqala' / 'Change your delivery location or edit your cart to continue' / Change Location / Edit Cart; no Total, no Place -> delta2-f2-01-panel-addr60.xml/.png
13:46:57..13:47:59 F5 window on the panel (62 s): 0 requests of any kind
13:48:1x Change Location -> Marina Heights (address 45): resolved in place: Dama baqala 12.94, Spice Route 44.53, Total Amount 57.47, Place Order enabled -> delta2-f2-02-checkout-after-change-location-addr45.xml (NOT placed)
13:49:09 back to Cart: no card, Proceed enabled                                   -> delta2-f2-03-cart-after-change-location.xml
13:49:38 Home -> 60 (same delay instrument), 13:49:54 Proceed -> named panel; 13:50:13 Edit Cart
13:50:23 Cart reached from the panel: named card + Remove, fee '—', Proceed enabled=false -> delta2-f1-03-cart-from-panel-editcart.xml
13:50:31 Remove: cart/remove-item 200, no group/validate; card gone, single-store Cart, Proceed enabled -> delta2-f1-04-cart-after-remove.xml
13:50:5x Proceed: checkout loads at address 60 (Spice Route only), Total Amount + Place Order enabled -> delta2-f1-05-checkout-after-remove.xml (NOT placed)

## Proxy (ids only): store details + pre-flight, 13:41-13:51
13:41:11 GET /api/v1/stores/details/49 200 1065ms rid=e6eb2460-d799-46e4-a18d-810412f730cb resp={"id":49,"status":1,"tax":5,"zone_id":2,"module_id":2,"extra_packaging_amount":0,"discount":null}
13:41:11 GET /api/v1/stores/details/3168 200 1209ms rid=d2268530-d037-4117-a8e1-37b29f3dae62 resp={"id":3168,"status":1,"tax":0,"zone_id":400,"module_id":1,"extra_packaging_amount":0,"discount":null}
13:41:11 GET /api/v1/stores/details/3168 200 1317ms rid=1fb5c24a-e63f-4d3c-bc9f-2cfc8397711c resp={"id":3168,"status":1,"tax":0,"zone_id":400,"module_id":1,"extra_packaging_amount":0,"discount":null}
13:41:12 POST /api/v1/customer/order/group/validate 200 1193ms rid=fc864db5-7872-4c67-a089-fc4735a8ac0c req={"stores":[{"store_id":3168,"dm_tips":0.0},{"store_id":49,"dm_tips":0.0}],"payment_method":"cash_on_delivery"} resp={"valid":true,"stores":[{"store_id":3168,"reason":null,"message":null,"amounts":{"order_amount":12.94,"del
13:41:12 GET /api/v1/stores/details/49 200 111ms rid=84442410-dc03-4bb4-bc20-febcc0c9d584 resp={"id":49,"status":1,"tax":5,"zone_id":2,"module_id":2,"extra_packaging_amount":0,"discount":null}
13:41:12 GET /api/v1/stores/details/3168 200 212ms rid=cae14a81-ec16-420e-87a3-a817fcf5a3b4 resp={"id":3168,"status":1,"tax":0,"zone_id":400,"module_id":1,"extra_packaging_amount":0,"discount":null}
13:43:09 GET /api/v1/stores/details/3168 403 144ms rid=ad92893d-2f46-444b-98fc-376b391448a7 resp={"errors":[{"code":"out_of_zone","message":"Store not available in your zone"}]}
13:43:10 POST /api/v1/customer/order/group/validate 200 299ms rid=33e21343-6e77-49e8-a79f-3237fda02446 req={"stores":[{"store_id":3168,"dm_tips":0.0},{"store_id":49,"dm_tips":0.0}],"payment_method":"cash_on_delivery"} resp={"valid":false,"stores":[{"store_id":3168,"reason":"out_of_coverage_area","message":"Out of coverage area",
13:43:10 GET /api/v1/stores/details/49 200 128ms rid=993458c8-8c1d-42ce-aecd-f483d3a0e1e7 resp={"id":49,"status":1,"tax":5,"zone_id":2,"module_id":2,"extra_packaging_amount":0,"discount":null}
13:43:10 GET /api/v1/stores/details/3168 403 216ms rid=350364ff-6dc3-4cc3-b404-ad8a2b1f915c resp={"errors":[{"code":"out_of_zone","message":"Store not available in your zone"}]}
13:45:33 GET /api/v1/stores/details/3168 200 146ms rid=8ccc75d4-f1df-4ed0-8520-82a3cfa7232a resp={"id":3168,"status":1,"tax":0,"zone_id":400,"module_id":1,"extra_packaging_amount":0,"discount":null}
13:45:34 POST /api/v1/customer/order/group/validate 200 484ms rid=565200d1-de23-4713-a8b1-ff00b2823c7d req={"stores":[{"store_id":3168,"dm_tips":0.0},{"store_id":49,"dm_tips":0.0}],"payment_method":"cash_on_delivery"} resp={"valid":true,"stores":[{"store_id":3168,"reason":null,"message":null,"amounts":{"order_amount":12.94,"deli
13:45:34 GET /api/v1/stores/details/49 200 112ms rid=8a3ff358-a65b-4545-93ef-7623d1fa7a58 resp={"id":49,"status":1,"tax":5,"zone_id":2,"module_id":2,"extra_packaging_amount":0,"discount":null}
13:45:35 GET /api/v1/stores/details/3168 200 218ms rid=906b4761-e25b-435b-ad4a-37410e276e7a resp={"id":3168,"status":1,"tax":0,"zone_id":400,"module_id":1,"extra_packaging_amount":0,"discount":null}
13:46:26 GET /api/v1/stores/details/3168 DELAY 12s rid=1a42cace-47b1-4d53-84e6-27ad77647960
13:46:27 POST /api/v1/customer/order/group/validate DELAY 12s rid=e5877486-a277-47c0-a93f-97b24008cb4c
13:46:31 GET /api/v1/stores/details/3168 DELAY 12s rid=847655b6-cf6b-4650-bcde-1e24a6a7d63a
13:46:38 GET /api/v1/stores/details/3168 403 12147ms rid=1a42cace-47b1-4d53-84e6-27ad77647960 resp={"errors":[{"code":"out_of_zone","message":"Store not available in your zone"}]}
13:46:39 GET /api/v1/stores/details/49 200 255ms rid=0c3918b1-725d-4a6a-a001-e103f9798fdf resp={"id":49,"status":1,"tax":5,"zone_id":2,"module_id":2,"extra_packaging_amount":0,"discount":null}
13:46:39 GET /api/v1/stores/details/3168 403 467ms rid=983c70af-48c6-4e48-99b6-bef0e1702c63 resp={"errors":[{"code":"out_of_zone","message":"Store not available in your zone"}]}
13:46:40 POST /api/v1/customer/order/group/validate 200 12608ms rid=e5877486-a277-47c0-a93f-97b24008cb4c req={"stores":[{"store_id":3168,"dm_tips":0.0},{"store_id":49,"dm_tips":0.0}],"payment_method":"cash_on_delivery"} resp={"valid":false,"stores":[{"store_id":3168,"reason":"out_of_coverage_area","message":"Out of coverage area
13:46:43 GET /api/v1/stores/details/3168 403 12150ms rid=847655b6-cf6b-4650-bcde-1e24a6a7d63a resp={"errors":[{"code":"out_of_zone","message":"Store not available in your zone"}]}
13:48:19 GET /api/v1/stores/details/49 200 917ms rid=2456a5ae-ee82-46a5-bc30-a51d7d49cd1e resp={"id":49,"status":1,"tax":5,"zone_id":2,"module_id":2,"extra_packaging_amount":0,"discount":null}
13:48:19 GET /api/v1/stores/details/3168 200 1029ms rid=ee2a525a-da51-4bb3-8947-4b2754b83528 resp={"id":3168,"status":1,"tax":0,"zone_id":400,"module_id":1,"extra_packaging_amount":0,"discount":null}
13:48:19 GET /api/v1/stores/details/3168 200 1138ms rid=417b7f37-a43c-429e-93ad-aecd1e54147a resp={"id":3168,"status":1,"tax":0,"zone_id":400,"module_id":1,"extra_packaging_amount":0,"discount":null}
13:48:19 POST /api/v1/customer/order/group/validate 200 1377ms rid=00b070a7-d8ed-40c1-9e1c-b4619f773b0c req={"stores":[{"store_id":3168,"dm_tips":0.0},{"store_id":49,"dm_tips":0.0}],"payment_method":"digital_payment","coupon_discount_amount":0.0} resp={"valid":false,"stores":[{"store_id":3168,"reason":null,"message":null,"amount
13:48:24 POST /api/v1/customer/order/group/validate 200 299ms rid=6ae3929b-0248-45c8-a4ba-60cf6bc811d7 req={"stores":[{"store_id":3168,"dm_tips":0.0},{"store_id":49,"dm_tips":0.0}],"payment_method":"cash_on_delivery","coupon_discount_amount":0.0} resp={"valid":true,"stores":[{"store_id":3168,"reason":null,"message":null,"amounts
13:49:04 POST /api/v1/customer/order/group/validate 200 245ms rid=15c0b81d-bf9c-40e4-b27e-1ca6cf48e1ff req={"stores":[{"store_id":3168,"dm_tips":0.0},{"store_id":49,"dm_tips":0.0}],"payment_method":"cash_on_delivery"} resp={"valid":true,"stores":[{"store_id":3168,"reason":null,"message":null,"amounts":{"order_amount":12.94,"deli
13:49:50 GET /api/v1/stores/details/3168 DELAY 12s rid=0b4c95ec-ff65-4b86-b45d-82a2ca0c43b4
13:49:51 POST /api/v1/customer/order/group/validate DELAY 12s rid=982b3e35-28ce-43cd-b654-ba7ac011f4c5
13:49:54 GET /api/v1/stores/details/3168 DELAY 12s rid=80b03286-2c76-4288-a29e-6e9f534c645c
13:50:02 GET /api/v1/stores/details/3168 403 12107ms rid=0b4c95ec-ff65-4b86-b45d-82a2ca0c43b4 resp={"errors":[{"code":"out_of_zone","message":"Store not available in your zone"}]}
13:50:03 POST /api/v1/customer/order/group/validate 200 12203ms rid=982b3e35-28ce-43cd-b654-ba7ac011f4c5 req={"stores":[{"store_id":3168,"dm_tips":0.0},{"store_id":49,"dm_tips":0.0}],"payment_method":"cash_on_delivery"} resp={"valid":false,"stores":[{"store_id":3168,"reason":"out_of_coverage_area","message":"Out of coverage area
13:50:03 GET /api/v1/stores/details/49 200 194ms rid=5df1a3f5-af22-4907-b35d-05592c7d25b3 resp={"id":49,"status":1,"tax":5,"zone_id":2,"module_id":2,"extra_packaging_amount":0,"discount":null}
13:50:03 GET /api/v1/stores/details/3168 403 296ms rid=2d2f55fe-0e9a-4231-881a-fc5cd8eff15d resp={"errors":[{"code":"out_of_zone","message":"Store not available in your zone"}]}
13:50:06 GET /api/v1/stores/details/3168 403 12100ms rid=80b03286-2c76-4288-a29e-6e9f534c645c resp={"errors":[{"code":"out_of_zone","message":"Store not available in your zone"}]}
13:50:15 GET /api/v1/stores/details/3168 403 97ms rid=6259ba2c-a564-488d-94f1-b0f87cbd8626 resp={"errors":[{"code":"out_of_zone","message":"Store not available in your zone"}]}
13:50:33 DELETE /api/v1/customer/cart/remove-item 200 135ms rid=93154370-190d-4ca2-9f5e-e0a2f0b24cec resp=[{"id":1032,"module_id":2}]
13:50:51 GET /api/v1/stores/details/49 200 96ms rid=c0d2fcbb-cce4-44a8-977d-476212aeb635 resp={"id":49,"status":1,"tax":5,"zone_id":2,"module_id":2,"extra_packaging_amount":0,"discount":null}

## App log: [FAIL]/[ERR] lines after login (FCM emulator lines omitted)
I/flutter (19843): [FAIL] endpoint=/api/v1/customer/order/group/validate http_status=200 type=PlaceOrderBlocked msg="cart: store pre-flight flagged store_ids=3168 reasons=out_of_coverage_area rx_rows=0 notice=none"
I/flutter (19843): [FAIL] endpoint=/api/v1/stores/details/ http_status=403 type=ApiFailure msg="checkout: group store out of zone store_id=3168" correlation_id=350364ff-6dc3-4cc3-b404-ad8a2b1f915c
I/flutter (19843): [FAIL] endpoint=/api/v1/stores/details/ http_status=403 type=ApiFailure msg="checkout: group store out of zone store_id=3168" correlation_id=983c70af-48c6-4e48-99b6-bef0e1702c63
I/flutter (19843): [FAIL] endpoint=/api/v1/customer/order/group/validate http_status=200 type=PlaceOrderBlocked msg="cart: store pre-flight flagged store_ids=3168 reasons=out_of_coverage_area rx_rows=0 notice=none"
I/flutter (19843): [FAIL] endpoint=/api/v1/stores/details/ http_status=403 type=ApiFailure msg="store: details out of zone" correlation_id=847655b6-cf6b-4650-bcde-1e24a6a7d63a
I/flutter (19843): [FAIL] endpoint=/api/v1/customer/order/group/validate http_status=200 type=PlaceOrderBlocked msg="cart: store pre-flight flagged store_ids=3168 reasons=out_of_coverage_area rx_rows=0 notice=none"
I/flutter (19843): [FAIL] endpoint=/api/v1/stores/details/ http_status=403 type=ApiFailure msg="checkout: group store out of zone store_id=3168" correlation_id=2d2f55fe-0e9a-4231-881a-fc5cd8eff15d
I/flutter (19843): [FAIL] endpoint=/api/v1/stores/details/ http_status=403 type=ApiFailure msg="store: details out of zone" correlation_id=80b03286-2c76-4288-a29e-6e9f534c645c

## Setup-only line (fresh worktree lacked the gitignored Passport keys; fixed by copying them, then login 200)
13:36:56 POST /api/v1/auth/login 500 199ms rid=7c4d24b9-4df9-4c5e-b1b7-89776c5332cf
13:37:22 POST /api/v1/auth/login 200 223ms rid=db9b542e-d3bc-4ec3-a4d3-43fe3be424f9
