=== AC1 spot-check: derived geometry ===
5562 (1080x2400, non-pool): 540 1764 720
5556 (1344x2992, pool):     672 2199 897   (legacy hardcoded: 672 2200 900 -- matches within 1px int-div tolerance)

=== AC2: emulator-5562 (1080x2400, non-pool) ui_list diff before/after ui_scroll_down ===
7d6
< 00
10,12d8
< 144
< 26
< 39
13a10
> Available Near You
17c14
< Cart
---
> Beverages
19c16,17
< Days
---
> Cheese
> Dairy & Eggs
21,25c19,21
< Flash Sale
< Flash Sale
< Food & Restaurant
< Good evening, Customer
< Grocery & Food
---
> Fresh Vegetables
> Fruits & Vegetables
> General Items
27,31d22
< Hours
< LIMITED TIME OFFER
< LIMITED TIME OFFER
< LIVE
< LIVE
33a25
> Milk
38d29
< Notification
41c32
< Pharmacy
---
> Personal Care
43d33
< R989+PPW, Dhaka 1216, Bangladesh
50a41
> See All
53,54d43
< mins
< sec

=== Regression: emulator-5556 (1344x2992, pool) Home screen ui_list diff before/after ui_scroll_down ===
0a1,2
> (10)
> (10)
9,10c11,24
< 00
< 144
---
> 1.5
> 1.5
> 2.11 KM FROM YOU
> 2.11 KM FROM YOU
> 2.26 KM FROM YOU
> 2.26 KM FROM YOU
> 2.81 KM FROM YOU
> 2.81 KM FROM YOU
> 20-30
> 20-30
> 20-40
> 20-40
> 20-40
> 20-40
12a27,28
> 3.05 KM FROM YOU
> 3.05 KM FROM YOU
15,17c31,32
< 37
< 57
< Add To Cart
---
> 789 Food Court, Mall Road
> 789 Food Court, Mall Road
20a36,37
> Burger Palace
> Burger Palace
23c40,44
< Cart
---
> CLOSES 23:00
> CLOSES 23:00
> CLOSES 23:00
> CLOSES 23:59
> CLOSES 23:59
25d45
< Days
27a48
> Fastest Delivery
30,33d50
< Flash Sale
< Flash Sale
< Food & Restaurant
< Grocery & Food
35d51
< Hours
37,40d52
< LIMITED TIME OFFER
< LIMITED TIME OFFER
< LIVE
< LIVE
43d54
< Notification
45,46c56,59
< Open late
< Pharmacy
---
> Pasta Corner
> Pasta Corner
> Pasta Corner, Downtown
> Pasta Corner, Downtown
50d62
< R86W+5M4, Dhaka, Bangladesh
52a65
> Same restaurants, sorted by delivery speed
55,56c68,73
< See All
< See All
---
> Spice Route Kitchen
> Spice Route Kitchen
> Spice Route Kitchen, Downtown
> Spice Route Kitchen, Downtown
> The Grill House
> The Grill House
59,60d75
< mins
< sec
