sheet: Worksheet  dims: A1:H5
A1	type=s	repr='Contact messages'
A2	type=s	repr='Message Analytics'
D2	type=s	repr='Total: 1'
A3	type=s	repr='Search Criteria'
D3	type=s	repr='Search Bar Content: : N/A'
A4	type=s	repr='Sl'
B4	type=s	repr='Name'
C4	type=s	repr='Email'
D4	type=s	repr='Subject'
E4	type=s	repr='Message'
F4	type=s	repr='Reply'
G4	type=s	repr='Seen'
H4	type=s	repr='Created at'
A5	type=n	repr='1'
B5	type=s	repr='QA Injection Tester'
C5	type=s	repr='qa-inject@test.example'
D5	type=s	repr="'=1+1"
E5	type=s	repr='\'=HYPERLINK("http://evil.example/steal","Click me")'
F5	type=s	repr='N/A'
G5	type=s	repr='Unseen'
H5	type=s	repr='07 Sep 2026 12:47:pm'
