sheet: Worksheet  dims: A1:I30
A1	type=s	repr='Wallet transaction history'
A2	type=s	repr='Search Criteria'
C2	type=s	repr='\nTransaction type- All\nCustomers- All'
A3	type=s	repr='Analytics'
C3	type=s	repr='Debit- د.إ.\u200f 82.00\nCredit- د.إ.\u200f 126.86\nBalance- د.إ.\u200f 44.86'
A4	type=s	repr='Sl'
B4	type=s	repr='Transaction id'
C4	type=s	repr='Transaction date'
D4	type=s	repr='Customer'
E4	type=s	repr='Credit'
F4	type=s	repr='Debit'
G4	type=s	repr='Balance'
H4	type=s	repr='Transaction type'
I4	type=s	repr='Reference'
A5	type=n	repr='1'
B5	type=s	repr='ee27c3a4-aa98-11f1-bd17-d1e713a5052b'
C5	type=s	repr='07-09-2026'
D5	type=s	repr='Emily Johnson'
E5	type=n	repr='0'
F5	type=n	repr='25'
G5	type=n	repr='-25'
H5	type=s	repr='Order place'
I5	type=s	repr='Wallet debit adjustment for refund'
A6	type=n	repr='2'
B6	type=s	repr='ee27bbf2-aa98-11f1-bd17-d1e713a5052b'
C6	type=s	repr='07-09-2026'
D6	type=s	repr='James Wilson'
E6	type=n	repr='0'
F6	type=n	repr='2'
G6	type=n	repr='8'
H6	type=s	repr='Order place'
I6	type=s	repr="'-2+3+cmd"
A7	type=n	repr='3'
B7	type=s	repr='413705c1-11ca-41e5-8364-52001c1ed972'
C7	type=s	repr='01-09-2026'
D7	type=s	repr='Customer Nears'
E7	type=n	repr='3.25'
F7	type=n	repr='0'
G7	type=n	repr='15.84'
H7	type=s	repr='Add fund'
I7	type=s	repr='nears1791-wallet-txn-2'
A8	type=n	repr='4'
B8	type=s	repr='2f92e448-c260-45d8-b0f3-f3b11c5d6f6b'
C8	type=s	repr='01-09-2026'
D8	type=s	repr='Customer Nears'
E8	type=n	repr='7.5'
F8	type=n	repr='0'
G8	type=n	repr='12.59'
H8	type=s	repr='Add fund'
I8	type=s	repr='nears1791-wallet-txn-1'
A9	type=n	repr='5'
B9	type=s	repr='9da17285-ca10-48a9-a96f-e3192ccbb8e6'
C9	type=s	repr='01-09-2026'
D9	type=s	repr='Customer Nears'
E9	type=n	repr='5'
F9	type=n	repr='0'
G9	type=n	repr='5.09'
H9	type=s	repr='Add fund'
I9	type=s	repr='nears1791-wallet-txn-0'
A10	type=n	repr='6'
B10	type=s	repr='6992f8cd-20dc-4595-beee-dacde89c7843'
C10	type=s	repr='30-08-2026'
D10	type=s	repr='James Wilson'
E10	type=n	repr='10'
F10	type=n	repr='0'
G10	type=n	repr='10'
H10	type=s	repr='Add fund by admin'
I10	type=s	repr='NEARS-2629 QA partial-pay setup'
A11	type=n	repr='7'
B11	type=s	repr='e2d9e761-f382-4678-a867-916f2c5583eb'
C11	type=s	repr='23-08-2026'
D11	type=s	repr='QA SingleStore'
E11	type=n	repr='0.01'
F11	type=n	repr='0'
G11	type=n	repr='0.02'
H11	type=s	repr='Add fund by admin'
A12	type=n	repr='8'
B12	type=s	repr='791d5ae1-5f92-4d01-9aa6-9bd21501aefa'
C12	type=s	repr='23-08-2026'
D12	type=s	repr='QA SingleStore'
E12	type=n	repr='0.01'
F12	type=n	repr='0'
G12	type=n	repr='0.01'
H12	type=s	repr='Add fund by admin'
A13	type=n	repr='9'
B13	type=s	repr='9c5da755-7a4e-495d-a2d3-fdca348a6ce2'
C13	type=s	repr='21-08-2026'
D13	type=s	repr='Customer Nears'
E13	type=n	repr='0.01'
F13	type=n	repr='0'
G13	type=n	repr='0.09'
H13	type=s	repr='Add fund by admin'
I13	type=s	repr='NEARS-2156-c1-clean-attempt2'
A14	type=n	repr='10'
B14	type=s	repr='1bafc2ee-9c17-4993-b7ee-7c0dde1b3552'
C14	type=s	repr='21-08-2026'
D14	type=s	repr='Customer Nears'
E14	type=n	repr='0.01'
F14	type=n	repr='0'
G14	type=n	repr='0.08'
H14	type=s	repr='Add fund by admin'
I14	type=s	repr='NEARS-2156-c1-clean-attempt1'
A15	type=n	repr='11'
B15	type=s	repr='33c0031d-d288-4764-b7c0-2226cf6ebe88'
C15	type=s	repr='21-08-2026'
D15	type=s	repr='Customer Nears'
E15	type=n	repr='0.01'
F15	type=n	repr='0'
G15	type=n	repr='0.07'
H15	type=s	repr='Add fund by admin'
I15	type=s	repr='NEARS-2156-c1-attempt1-killed'
A16	type=n	repr='12'
B16	type=s	repr='2c4bb8aa-02bd-40f7-92b8-338cae02fede'
C16	type=s	repr='21-08-2026'
D16	type=s	repr='Customer Nears'
E16	type=n	repr='0.01'
F16	type=n	repr='0'
G16	type=n	repr='0.06'
H16	type=s	repr='Add fund by admin'
I16	type=s	repr='NEARS-2156-c1-a1-killed'
A17	type=n	repr='13'
B17	type=s	repr='e2355c1f-727a-457e-8720-78b950c4361f'
C17	type=s	repr='21-08-2026'
D17	type=s	repr='Customer Nears'
E17	type=n	repr='0.01'
F17	type=n	repr='0'
G17	type=n	repr='0.05'
H17	type=s	repr='Add fund by admin'
I17	type=s	repr='NEARS-2156-cycle1-attempt1'
A18	type=n	repr='14'
B18	type=s	repr='d35ae03f-c672-4eed-81bd-f9383364063a'
C18	type=s	repr='20-08-2026'
D18	type=s	repr='Customer Nears'
E18	type=n	repr='0.01'
F18	type=n	repr='0'
G18	type=n	repr='0.04'
H18	type=s	repr='Add fund by admin'
A19	type=n	repr='15'
B19	type=s	repr='f028e2c9-4e41-4e95-82c4-79a81c28afe6'
C19	type=s	repr='20-08-2026'
D19	type=s	repr='Customer Nears'
E19	type=n	repr='0.01'
F19	type=n	repr='0'
G19	type=n	repr='0.03'
H19	type=s	repr='Add fund by admin'
A20	type=n	repr='16'
B20	type=s	repr='7607892b-117b-4262-af5f-2c0b80d7ee8b'
C20	type=s	repr='20-08-2026'
D20	type=s	repr='Customer Nears'
E20	type=n	repr='0.01'
F20	type=n	repr='0'
G20	type=n	repr='0.02'
H20	type=s	repr='Add fund by admin'
A21	type=n	repr='17'
B21	type=s	repr='3790c405-1666-4060-87ef-34531652af5c'
C21	type=s	repr='20-08-2026'
D21	type=s	repr='Customer Nears'
E21	type=n	repr='0.01'
F21	type=n	repr='0'
G21	type=n	repr='0.01'
H21	type=s	repr='Add fund by admin'
A22	type=n	repr='18'
B22	type=s	repr='72759fce-57f0-4202-b559-df7c98cf2054'
C22	type=s	repr='07-08-2026'
D22	type=s	repr='Michael Brown'
E22	type=n	repr='1'
F22	type=n	repr='0'
G22	type=n	repr='151'
H22	type=s	repr='Loyalty point'
A23	type=n	repr='19'
B23	type=s	repr='da38e2ad-563e-4bd6-b563-1e346ebddcdc'
C23	type=s	repr='07-08-2026'
D23	type=s	repr='Michael Brown'
E23	type=n	repr='50'
F23	type=n	repr='0'
G23	type=n	repr='150'
H23	type=s	repr='Loyalty point'
A24	type=n	repr='20'
B24	type=s	repr='a1e6c0d2-1630-4a01-9f10-000000000003'
C24	type=s	repr='21-07-2026'
D24	type=s	repr='Sophie Davis'
E24	type=n	repr='0'
F24	type=n	repr='0'
G24	type=n	repr='10'
H24	type=s	repr='Admin bonus'
I24	type=s	repr='nears1630-seed-u4-bonus'
A25	type=n	repr='21'
B25	type=s	repr='a1e6c0d2-1630-4a01-9f10-000000000002'
C25	type=s	repr='20-07-2026'
D25	type=s	repr='Emily Johnson'
E25	type=n	repr='0'
F25	type=n	repr='5'
G25	type=n	repr='25'
H25	type=s	repr='Order place'
I25	type=s	repr='nears1630-seed-u2-order'
A26	type=n	repr='22'
B26	type=s	repr='a1e6c0d2-1630-4a01-9f10-000000000001'
C26	type=s	repr='20-07-2026'
D26	type=s	repr='Emily Johnson'
E26	type=n	repr='0'
F26	type=n	repr='0'
G26	type=n	repr='30'
H26	type=s	repr='Admin bonus'
I26	type=s	repr='nears1630-seed-u2-bonus'
A27	type=n	repr='23'
B27	type=s	repr='7cd56712-fd1f-4584-b856-bfed7c8add4d'
C27	type=s	repr='03-07-2026'
D27	type=s	repr='James Wilson'
E27	type=n	repr='0'
F27	type=n	repr='27'
G27	type=n	repr='0'
H27	type=s	repr='Partial payment'
I27	type=n	repr='172'
A28	type=n	repr='24'
B28	type=s	repr='95413d27-027f-4b92-8f5d-b8f4d66ed60d'
C28	type=s	repr='03-07-2026'
D28	type=s	repr='James Wilson'
E28	type=n	repr='0'
F28	type=n	repr='23'
G28	type=n	repr='27'
H28	type=s	repr='Order place'
I28	type=n	repr='171'
A29	type=n	repr='25'
B29	type=s	repr='32260916-534e-4635-bde4-1cb7f744ca41'
C29	type=s	repr='16-06-2026'
D29	type=s	repr='Michael Brown'
E29	type=n	repr='50'
F29	type=n	repr='0'
G29	type=n	repr='100'
H29	type=s	repr='Order place'
I29	type=s	repr='nears411-wallet-order-place'
A30	type=n	repr='26'
B30	type=s	repr='4789c70a-732a-48d0-b404-569563dc6038'
C30	type=s	repr='16-06-2026'
D30	type=s	repr='Michael Brown'
E30	type=n	repr='0'
F30	type=n	repr='0'
G30	type=n	repr='50'
H30	type=s	repr='Admin bonus'
I30	type=s	repr='nears411-wallet-admin-bonus'

--- numeric-safety control (genuine negative wallet balance -25.000) ---
G5	type=n	repr=-25 (TYPE_NUMERIC preserved, not force-converted to string)
--- negative control (ordinary free text, no trigger chars) ---
I5	type=s	repr='Wallet debit adjustment for refund' (no leading quote added)
