sheet: Worksheet  dims: A1:I40
A1	type=s	repr='Loyalty point transaction history'
A2	type=s	repr='Search Criteria'
C2	type=s	repr='\nTransaction type- All\nCustomers- All'
A3	type=s	repr='Analytics'
C3	type=s	repr='Earned- 51.000\nConverted- 1002.000\nBalance- 951'
A4	type=s	repr='Sl'
B4	type=s	repr='Transaction id'
C4	type=s	repr='Transaction date'
D4	type=s	repr='Customer'
E4	type=s	repr='Earned'
F4	type=s	repr='Converted'
G4	type=s	repr='Balance'
H4	type=s	repr='Transaction type'
I4	type=s	repr='Reference'
A5	type=n	repr='1'
B5	type=s	repr='e1356458-aa98-11f1-bd17-d1e713a5052b'
C5	type=s	repr='07-09-2026'
D5	type=s	repr='James Wilson'
E5	type=n	repr='10'
F5	type=n	repr='0'
G5	type=n	repr='10'
H5	type=s	repr='Order place'
I5	type=s	repr="'-2+3+cmd"
A6	type=n	repr='2'
B6	type=s	repr='9e43d132-3f6c-4979-8775-328a2be9c238'
C6	type=s	repr='30-08-2026'
D6	type=s	repr='Customer Nears'
E6	type=n	repr='0'
F6	type=n	repr='0'
G6	type=n	repr='0'
H6	type=s	repr='Order place'
I6	type=n	repr='91131'
A7	type=n	repr='3'
B7	type=s	repr='50171ba3-05c6-452f-b078-eaac41709777'
C7	type=s	repr='30-08-2026'
D7	type=s	repr='Customer Nears'
E7	type=n	repr='0'
F7	type=n	repr='0'
G7	type=n	repr='0'
H7	type=s	repr='Order place'
I7	type=n	repr='91132'
A8	type=n	repr='4'
B8	type=s	repr='ed8d8503-2409-46a4-821f-416211c7e21a'
C8	type=s	repr='25-08-2026'
D8	type=s	repr='Customer Nears'
E8	type=n	repr='0'
F8	type=n	repr='0'
G8	type=n	repr='0'
H8	type=s	repr='Order place'
I8	type=n	repr='91129'
A9	type=n	repr='5'
B9	type=s	repr='324d9c5f-c478-4a90-8e72-d66a7138b53a'
C9	type=s	repr='07-08-2026'
D9	type=s	repr='Michael Brown'
E9	type=n	repr='0'
F9	type=n	repr='1'
G9	type=n	repr='199'
H9	type=s	repr='Point to wallet'
I9	type=s	repr='72759fce-57f0-4202-b559-df7c98cf2054'
A10	type=n	repr='6'
B10	type=s	repr='803443c8-d513-493a-b87a-519c24cf35d1'
C10	type=s	repr='07-08-2026'
D10	type=s	repr='Michael Brown'
E10	type=n	repr='0'
F10	type=n	repr='50'
G10	type=n	repr='200'
H10	type=s	repr='Point to wallet'
I10	type=s	repr='da38e2ad-563e-4bd6-b563-1e346ebddcdc'
A11	type=n	repr='7'
B11	type=s	repr='df8e5115-364b-427e-bea0-a8ffe31e4501'
C11	type=s	repr='02-08-2026'
D11	type=s	repr='Customer Nears'
E11	type=n	repr='21'
F11	type=n	repr='0'
G11	type=n	repr='742'
H11	type=s	repr='Order place'
I11	type=s	repr='nears2153-order_place-24'
A12	type=n	repr='8'
B12	type=s	repr='5df8af53-c88f-4e58-bcf7-45a7582d7bc9'
C12	type=s	repr='30-07-2026'
D12	type=s	repr='Customer Nears'
E12	type=n	repr='19'
F12	type=n	repr='0'
G12	type=n	repr='721'
H12	type=s	repr='Order place'
I12	type=s	repr='nears2153-order_place-23'
A13	type=n	repr='9'
B13	type=s	repr='34acc6e2-3c71-485c-b96e-b7bb37fccda9'
C13	type=s	repr='27-07-2026'
D13	type=s	repr='Customer Nears'
E13	type=n	repr='26'
F13	type=n	repr='0'
G13	type=n	repr='702'
H13	type=s	repr='Order place'
I13	type=s	repr='nears2153-order_place-22'
A14	type=n	repr='10'
B14	type=s	repr='c7454fce-5732-49ff-a2e0-a3394b247fe9'
C14	type=s	repr='24-07-2026'
D14	type=s	repr='Customer Nears'
E14	type=n	repr='14'
F14	type=n	repr='0'
G14	type=n	repr='676'
H14	type=s	repr='Order place'
I14	type=s	repr='nears2153-order_place-21'
A15	type=n	repr='11'
B15	type=s	repr='0920ac94-2448-4a10-b7d6-f36a9957094b'
C15	type=s	repr='21-07-2026'
D15	type=s	repr='Customer Nears'
E15	type=n	repr='100'
F15	type=n	repr='0'
G15	type=n	repr='662'
H15	type=s	repr='Sign up bonus'
I15	type=s	repr='nears2153-sign_up_bonus-20'
A16	type=n	repr='12'
B16	type=s	repr='a91e57d4-1c4f-475e-8d23-7f9b80fb85b7'
C16	type=s	repr='18-07-2026'
D16	type=s	repr='Customer Nears'
E16	type=n	repr='24'
F16	type=n	repr='0'
G16	type=n	repr='562'
H16	type=s	repr='Order place'
I16	type=s	repr='nears2153-order_place-19'
A17	type=n	repr='13'
B17	type=s	repr='2270e2e8-49bd-46ae-ab27-5c3b2ec7f986'
C17	type=s	repr='15-07-2026'
D17	type=s	repr='Customer Nears'
E17	type=n	repr='16'
F17	type=n	repr='0'
G17	type=n	repr='538'
H17	type=s	repr='Order place'
I17	type=s	repr='nears2153-order_place-18'
A18	type=n	repr='14'
B18	type=s	repr='4f8ec5c9-cb36-4474-a76c-8e290e4c93f1'
C18	type=s	repr='12-07-2026'
D18	type=s	repr='Customer Nears'
E18	type=n	repr='20'
F18	type=n	repr='0'
G18	type=n	repr='522'
H18	type=s	repr='Order place'
I18	type=s	repr='nears2153-order_place-17'
A19	type=n	repr='15'
B19	type=s	repr='da79e029-08b7-4e3a-b8d0-d971f44bfcf2'
C19	type=s	repr='09-07-2026'
D19	type=s	repr='Customer Nears'
E19	type=n	repr='15'
F19	type=n	repr='0'
G19	type=n	repr='502'
H19	type=s	repr='Review bonus'
I19	type=s	repr='nears2153-review_bonus-16'
A20	type=n	repr='16'
B20	type=s	repr='02cd9966-bf1a-477b-b794-720f81f3e56f'
C20	type=s	repr='06-07-2026'
D20	type=s	repr='Customer Nears'
E20	type=n	repr='32'
F20	type=n	repr='0'
G20	type=n	repr='487'
H20	type=s	repr='Order place'
I20	type=s	repr='nears2153-order_place-15'
A21	type=n	repr='17'
B21	type=s	repr='fcf5af0f-c1a5-417c-8739-9c0791983155'
C21	type=s	repr='03-07-2026'
D21	type=s	repr='Customer Nears'
E21	type=n	repr='12'
F21	type=n	repr='0'
G21	type=n	repr='455'
H21	type=s	repr='Order place'
I21	type=s	repr='nears2153-order_place-14'
A22	type=n	repr='18'
B22	type=s	repr='1adc3e46-2844-462d-b10b-7da2c5503a2e'
C22	type=s	repr='03-07-2026'
D22	type=s	repr='Customer Nears'
E22	type=n	repr='0'
F22	type=n	repr='0'
G22	type=n	repr='0'
H22	type=s	repr='Order place'
I22	type=n	repr='164'
A23	type=n	repr='19'
B23	type=s	repr='6650fb64-9765-40b8-b6a8-e3ed6b344aa7'
C23	type=s	repr='03-07-2026'
D23	type=s	repr='Customer Nears'
E23	type=n	repr='0'
F23	type=n	repr='0'
G23	type=n	repr='0'
H23	type=s	repr='Order place'
I23	type=n	repr='166'
A24	type=n	repr='20'
B24	type=s	repr='86053c72-f546-4395-987b-70d4eda3ea6d'
C24	type=s	repr='03-07-2026'
D24	type=s	repr='Customer Nears'
E24	type=n	repr='0'
F24	type=n	repr='0'
G24	type=n	repr='0'
H24	type=s	repr='Order place'
I24	type=n	repr='161'
A25	type=n	repr='21'
B25	type=s	repr='b529c1aa-671c-4804-88a4-2a746e5f463a'
C25	type=s	repr='03-07-2026'
D25	type=s	repr='Customer Nears'
E25	type=n	repr='0'
F25	type=n	repr='0'
G25	type=n	repr='0'
H25	type=s	repr='Order place'
I25	type=n	repr='163'
A26	type=n	repr='22'
B26	type=s	repr='1bef24bc-7fd4-4b28-8256-d48f4ebad807'
C26	type=s	repr='30-06-2026'
D26	type=s	repr='Customer Nears'
E26	type=n	repr='28'
F26	type=n	repr='0'
G26	type=n	repr='443'
H26	type=s	repr='Order place'
I26	type=s	repr='nears2153-order_place-13'
A27	type=n	repr='23'
B27	type=s	repr='6e077a54-8229-4a5f-83df-560015b37725'
C27	type=s	repr='27-06-2026'
D27	type=s	repr='Customer Nears'
E27	type=n	repr='50'
F27	type=n	repr='0'
G27	type=n	repr='415'
H27	type=s	repr='Referral'
I27	type=s	repr='nears2153-referral-12'
A28	type=n	repr='24'
B28	type=s	repr='deab276a-71dd-43fb-b293-fb332119606d'
C28	type=s	repr='24-06-2026'
D28	type=s	repr='Customer Nears'
E28	type=n	repr='22'
F28	type=n	repr='0'
G28	type=n	repr='365'
H28	type=s	repr='Order place'
I28	type=s	repr='nears2153-order_place-11'
A29	type=n	repr='25'
B29	type=s	repr='d2115c45-2729-4a01-9ea5-c604607d4c48'
C29	type=s	repr='21-06-2026'
D29	type=s	repr='Customer Nears'
E29	type=n	repr='18'
F29	type=n	repr='0'
G29	type=n	repr='343'
H29	type=s	repr='Order place'
I29	type=s	repr='nears2153-order_place-10'
A30	type=n	repr='26'
B30	type=s	repr='67ea313d-b24d-4c39-bdb0-32718581fb05'
C30	type=s	repr='18-06-2026'
D30	type=s	repr='Customer Nears'
E30	type=n	repr='25'
F30	type=n	repr='0'
G30	type=n	repr='325'
H30	type=s	repr='Order place'
I30	type=s	repr='nears2153-order_place-9'
A31	type=n	repr='27'
B31	type=s	repr='10b23e8f-32e1-495b-abc9-8d43720b3d98'
C31	type=s	repr='16-06-2026'
D31	type=s	repr='Michael Brown'
E31	type=n	repr='250'
F31	type=n	repr='0'
G31	type=n	repr='250'
H31	type=s	repr='Order place'
I31	type=s	repr='nears411-loyalty-order-place'
A32	type=n	repr='28'
B32	type=s	repr='92ff5e8b-45f8-4922-bfac-faeb2f5563da'
C32	type=s	repr='15-06-2026'
D32	type=s	repr='Customer Nears'
E32	type=n	repr='35'
F32	type=n	repr='0'
G32	type=n	repr='300'
H32	type=s	repr='Order place'
I32	type=s	repr='nears2153-order_place-8'
A33	type=n	repr='29'
B33	type=s	repr='906c9f6a-c668-478e-b3b9-e39fc9015055'
C33	type=s	repr='12-06-2026'
D33	type=s	repr='Customer Nears'
E33	type=n	repr='15'
F33	type=n	repr='0'
G33	type=n	repr='265'
H33	type=s	repr='Review bonus'
I33	type=s	repr='nears2153-review_bonus-7'
A34	type=n	repr='30'
B34	type=s	repr='d84c39b0-99a8-4283-8fd7-a7359292fb4a'
C34	type=s	repr='09-06-2026'
D34	type=s	repr='Customer Nears'
E34	type=n	repr='10'
F34	type=n	repr='0'
G34	type=n	repr='250'
H34	type=s	repr='Order place'
I34	type=s	repr='nears2153-order_place-6'
A35	type=n	repr='31'
B35	type=s	repr='94b1d798-990d-4abb-a7c3-f1f000eb4308'
C35	type=s	repr='06-06-2026'
D35	type=s	repr='Customer Nears'
E35	type=n	repr='20'
F35	type=n	repr='0'
G35	type=n	repr='240'
H35	type=s	repr='Order place'
I35	type=s	repr='nears2153-order_place-5'
A36	type=n	repr='32'
B36	type=s	repr='8974744e-721b-4caa-8a2c-b72836fa7889'
C36	type=s	repr='03-06-2026'
D36	type=s	repr='Customer Nears'
E36	type=n	repr='100'
F36	type=n	repr='0'
G36	type=n	repr='220'
H36	type=s	repr='Sign up bonus'
I36	type=s	repr='nears2153-sign_up_bonus-4'
A37	type=n	repr='33'
B37	type=s	repr='87e13680-7d2e-4f86-abf7-c31818b6d16d'
C37	type=s	repr='31-05-2026'
D37	type=s	repr='Customer Nears'
E37	type=n	repr='50'
F37	type=n	repr='0'
G37	type=n	repr='120'
H37	type=s	repr='Referral'
I37	type=s	repr='nears2153-referral-3'
A38	type=n	repr='34'
B38	type=s	repr='6163f6e8-d519-4e06-a809-4cf1e1a43586'
C38	type=s	repr='28-05-2026'
D38	type=s	repr='Customer Nears'
E38	type=n	repr='30'
F38	type=n	repr='0'
G38	type=n	repr='70'
H38	type=s	repr='Order place'
I38	type=s	repr='nears2153-order_place-2'
A39	type=n	repr='35'
B39	type=s	repr='a7c6ad01-e03d-4cd9-844c-d337a5bf78f1'
C39	type=s	repr='25-05-2026'
D39	type=s	repr='Customer Nears'
E39	type=n	repr='15'
F39	type=n	repr='0'
G39	type=n	repr='40'
H39	type=s	repr='Order place'
I39	type=s	repr='nears2153-order_place-1'
A40	type=n	repr='36'
B40	type=s	repr='5080e0b3-d361-4814-99bb-297a1092046d'
C40	type=s	repr='22-05-2026'
D40	type=s	repr='Customer Nears'
E40	type=n	repr='25'
F40	type=n	repr='0'
G40	type=n	repr='25'
H40	type=s	repr='Order place'
I40	type=s	repr='nears2153-order_place-0'
