sheet: Worksheet  dims: A1:H5
A1	type=s	repr='Basic Campaign List'
A2	type=s	repr='Message Analytics'
D2	type=s	repr='Total Campaign: 1\nCurrently Running: 1'
A3	type=s	repr='Search Criteria'
D3	type=s	repr='Search Bar Content: : SUM'
A4	type=s	repr='Sl'
B4	type=s	repr='Campaign Name'
C4	type=s	repr='Description'
D4	type=s	repr='Start Date'
E4	type=s	repr='End Date'
F4	type=s	repr='Daily Start Time'
G4	type=s	repr='Daily End Time'
H4	type=s	repr='Total Store Joined'
A5	type=n	repr='1'
B5	type=s	repr="'+SUM(1,2)"
C5	type=s	repr="'=cmd|'/c calc'!A1 QA injection description"
D5	type=s	repr='01 Jan 2026'
E5	type=s	repr='31 Dec 2026'
F5	type=s	repr='09:00 AM'
G5	type=s	repr='18:00 PM'
H5	type=n	repr='0'
