sheet: Worksheet  dims: A1:L4
A1	type=s	repr='Coupon List'
A2	type=s	repr='Search Criteria'
D2	type=s	repr='Search Bar Content: QAINJECT01'
A3	type=s	repr='Sl'
B3	type=s	repr='Coupon Title'
C3	type=s	repr='Coupon Code'
D3	type=s	repr='Module'
E3	type=s	repr='Coupon Type'
F3	type=s	repr='Number of Uses'
G3	type=s	repr='Min Purchase Amount'
H3	type=s	repr='Max Discount Amount'
I3	type=s	repr='Discount Type'
J3	type=s	repr='Discount'
K3	type=s	repr='Start Date'
L3	type=s	repr='End Date'
A4	type=n	repr='1'
B4	type=s	repr="'=cmd|'/c calc'!A1 QA Coupon"
C4	type=s	repr='QAINJECT01'
D4	type=s	repr='Grocery & Food'
E4	type=s	repr='Default'
F4	type=n	repr='0'
G4	type=n	repr='0'
H4	type=n	repr='100'
I4	type=n	repr='10'
J4	type=s	repr='Percent'
K4	type=s	repr='01 Jan 2026'
L4	type=s	repr='31 Dec 2026'
