I/flutter ( 3503): [NET] endpoint=/api/v1/stores/details/2 http_status=200
I/flutter ( 3503): [NET] GET endpoint=/api/v1/config/distance-api
I/flutter ( 3503): 📊 analytics: view_store {store_id: 2}
I/flutter ( 3503): [NET] POST endpoint=/api/v1/customer/order/get-surge-price
I/flutter ( 3503): [NET] endpoint=/api/v1/config/distance-api http_status=200
I/flutter ( 3503): ----------------FIREBASE CRASHLYTICS----------------
--
I/flutter ( 3503): ----------------------------------------------------
I/flutter ( 3503): [ERR] msg="checkout: distance response shape invalid, using straight-line fallback" type=ApiFailure
I/flutter ( 3503): [NET] GET endpoint=/api/v1/vehicle/extra_charge
--
I/flutter ( 3503): [NET] endpoint=/api/v1/stores/details/1 http_status=200
I/flutter ( 3503): [NET] GET endpoint=/api/v1/config/distance-api
I/flutter ( 3503): [NET] GET endpoint=/api/v1/config/distance-api
I/flutter ( 3503): [NET] GET endpoint=/api/v1/cashback/getCashback
I/flutter ( 3503): [NET] endpoint=/api/v1/config/distance-api http_status=200
I/flutter ( 3503): ----------------FIREBASE CRASHLYTICS----------------
I/flutter ( 3503): The following exception was thrown checkout: group per-store distance response shape invalid:
I/flutter ( 3503): ApiFailure(status: 200)
--
I/flutter ( 3503): ----------------------------------------------------
I/flutter ( 3503): [FAIL] endpoint=/api/v1/config/distance-api http_status=null type=ApiFailure msg="checkout: group per-store distance response shape invalid"
I/flutter ( 3503): [NET] GET endpoint=/api/v1/vehicle/extra_charge
I/flutter ( 3503): [NET] endpoint=/api/v1/config/distance-api http_status=200
I/flutter ( 3503): [NET] GET endpoint=/api/v1/vehicle/extra_charge
--
I/flutter ( 3503): [NET] endpoint=/api/v1/stores/details/2 http_status=200
I/flutter ( 3503): [NET] GET endpoint=/api/v1/config/distance-api
I/flutter ( 3503): 📊 analytics: view_store {store_id: 2}
--
I/flutter ( 3503): [NET] endpoint=/api/v1/offline_payment_method_list http_status=200
I/flutter ( 3503): [NET] endpoint=/api/v1/config/distance-api http_status=200
I/flutter ( 3503): ----------------FIREBASE CRASHLYTICS----------------
--
I/flutter ( 3503): ----------------------------------------------------
I/flutter ( 3503): [ERR] msg="checkout: distance response shape invalid, using straight-line fallback" type=ApiFailure
I/flutter ( 3503): [NET] GET endpoint=/api/v1/vehicle/extra_charge
--
I/flutter ( 3503): [NET] endpoint=/api/v1/stores/details/1 http_status=200
I/flutter ( 3503): [NET] GET endpoint=/api/v1/config/distance-api
I/flutter ( 3503): [NET] GET endpoint=/api/v1/config/distance-api
I/flutter ( 3503): [NET] GET endpoint=/api/v1/cashback/getCashback
I/flutter ( 3503): [NET] endpoint=/api/v1/config/distance-api http_status=200
I/flutter ( 3503): ----------------FIREBASE CRASHLYTICS----------------
I/flutter ( 3503): The following exception was thrown checkout: group per-store distance response shape invalid:
I/flutter ( 3503): ApiFailure(status: 200)
--
I/flutter ( 3503): ----------------------------------------------------
I/flutter ( 3503): [FAIL] endpoint=/api/v1/config/distance-api http_status=null type=ApiFailure msg="checkout: group per-store distance response shape invalid"
I/flutter ( 3503): [NET] GET endpoint=/api/v1/vehicle/extra_charge
I/flutter ( 3503): [NET] endpoint=/api/v1/config/distance-api http_status=200
I/flutter ( 3503): [NET] GET endpoint=/api/v1/vehicle/extra_charge
--
I/flutter ( 3503): [NET] endpoint=/api/v1/stores/details/1 http_status=200
I/flutter ( 3503): [NET] GET endpoint=/api/v1/config/distance-api
I/flutter ( 3503): 📊 analytics: view_store {store_id: 1}
--
E/ConsumerBase( 3503): [ImageReader-1x1f22m7-3503-4] abandonLocked: ConsumerBase is abandoned!
I/flutter ( 3503): [NET] endpoint=/api/v1/config/distance-api http_status=200
I/flutter ( 3503): [NET] GET endpoint=/api/v1/vehicle/extra_charge
--
I/flutter ( 3503): [NET] endpoint=/api/v1/stores/details/2 http_status=200
I/flutter ( 3503): [NET] GET endpoint=/api/v1/config/distance-api
I/flutter ( 3503): 📊 analytics: view_store {store_id: 2}
--
E/ConsumerBase( 3503): [ImageReader-1x1f22m7-3503-8] abandonLocked: ConsumerBase is abandoned!
I/flutter ( 3503): [NET] endpoint=/api/v1/config/distance-api http_status=200
I/flutter ( 3503): ----------------FIREBASE CRASHLYTICS----------------
--
I/flutter ( 3503): ----------------------------------------------------
I/flutter ( 3503): [ERR] msg="checkout: distance response shape invalid, using straight-line fallback" type=ApiFailure
I/flutter ( 3503): [NET] GET endpoint=/api/v1/vehicle/extra_charge
--
I/flutter ( 3503): [NET] endpoint=/api/v1/stores/details/1 http_status=200
I/flutter ( 3503): [NET] GET endpoint=/api/v1/config/distance-api
I/flutter ( 3503): 📊 analytics: view_store {store_id: 1}
I/flutter ( 3503): [NET] POST endpoint=/api/v1/customer/order/get-surge-price
I/flutter ( 3503): [NET] endpoint=/api/v1/config/distance-api http_status=200
I/flutter ( 3503): [NET] GET endpoint=/api/v1/vehicle/extra_charge
