# NEARS-3790 re-QA cycle 1 — emulator-5564, UserApp @72980e95c, EN font_scale 1.3, Test Store (id 35) store screen open
I/flutter (21805): [FAIL] framework_error library=rendering library type=FlutterError msg="A RenderFlex overflowed by 17 pixels on the bottom."
I/flutter (21805): [FAIL] framework_error   at Column Column:file:///Users/Apple/Projects/nears-NEARS-3790-itemcard-grid-spacing/packages/nears_dls/lib/components/nappbar/n_appbar.dart:1136:30

══╡ EXCEPTION CAUGHT BY RENDERING LIBRARY ╞═════════════════════════════════════════════════════════
The following assertion was thrown during layout:
A RenderFlex overflowed by 17 pixels on the bottom.

The relevant error-causing widget was:
  Column
  Column:file:///Users/Apple/Projects/nears-NEARS-3790-itemcard-grid-spacing/packages/nears_dls/lib/components/nappbar/n_appbar.dart:1136:30

To inspect this widget in Flutter DevTools, visit:
<devtools-url>

The overflowing RenderFlex has an orientation of Axis.vertical.
The edge of the RenderFlex that is overflowing has been marked in the rendering with a yellow and
black striped pattern. This is usually caused by the contents being too big for the RenderFlex.
Consider applying a flex factor (e.g. using an Expanded widget) to force the children of the
RenderFlex to fit within the available space instead of being sized to their natural size.
This is considered an error condition because it indicates that there is content that cannot be
seen. If the content is legitimately bigger than the available space, consider clipping it with a
ClipRect widget before putting it in the flex, or using a scrollable container rather than a Flex,
like a ListView.
The specific RenderFlex in question is: RenderFlex#3b7b3 OVERFLOWING:
  needs compositing
  creator: Column ← Padding ← OverflowBox ← ClipRect ← Opacity ← Positioned ← PositionedDirectional ←
    Stack ← ColoredBox ← Container ← AnnotatedRegion<SystemUiOverlayStyle> ←
    _SliverPinnedPersistentHeader ← ⋯
  parentData: offset=Offset(16.0, 4.0) (can use size)
  constraints: BoxConstraints(w=416.0, h=336.0)
  size: Size(416.0, 336.0)
  direction: vertical
  mainAxisAlignment: start
  mainAxisSize: max
  crossAxisAlignment: start
  textDirection: ltr
  verticalDirection: down
  spacing: 0.0
◢◤◢◤◢◤◢◤◢◤◢◤◢◤◢◤◢◤◢◤◢◤◢◤◢◤◢◤◢◤◢◤◢◤◢◤◢◤◢◤◢◤◢◤◢◤◢◤◢◤◢◤◢◤◢◤◢◤◢◤◢◤◢◤◢◤◢◤◢◤◢◤◢◤◢◤◢◤◢◤◢◤◢◤◢◤◢◤◢◤◢◤◢◤◢◤◢◤◢◤
════════════════════════════════════════════════════════════════════════════════════════════════════

I/flutter (21805): [NET] endpoint=/api/v1/config/distance-api http_status=200
I/flutter (21805): [NET] GET endpoint=/api/v1/vehicle/extra_charge
I/flutter (21805): [NET] endpoint=/api/v1/categories/offers http_status=200
I/flutter (21805): [NET] endpoint=/api/v1/items/recommended http_status=200
I/flutter (21805): [NET] endpoint=/api/v1/items/latest http_status=200
I/flutter (21805): [NET] endpoint=/api/v1/vehicle/extra_charge http_status=200
I/m140.btg(21805): Request m140.jgl failed with Status bxs{errorCode=REQUEST_TIMEOUT, description=last attempt state: REQUIREMENT_START, cause=m140.hdz: m140.hoa: Timed out: m140.hlk@fff39d4[status=PENDING, info=[inputFuture=[m140.hll@142677d[status=PENDING, info=[inputFuture=[m140.hlz@c7c5672[status=PENDING, info=[futures=[m140.hnw@eadb9ca[status=SUCCESS, result=[m140.bxj@acfd73b]], m140.hnc@173bac3[status=SUCCESS, result=[{connectivity, true}]], m140.hmx@7001f40[status=PENDING, info=[delegate=[m140.hnw@ad47804[status=PENDING]]]]]]]], function=[m140.bwx@12fe79]]]], function=[m140.bsx@c3567be]]]
I/m140.btg(21805): 	at m140.heg.a(:com.google.android.gms.policy_maps_core_dynamite@260830213@260830204025.951593635.951593635:189)
