I/flutter (29284): [FAIL] framework_error library=rendering library type=FlutterError msg="A RenderFlex overflowed by 7.9 pixels on the right."
I/flutter (29284): [FAIL] framework_error   at Row Row:file:///Users/Apple/Projects/nears-NEARS-3790-itemcard-grid-spacing/packages/nears_dls/lib/components/nitemcard/n_item_card.dart:1226:32
I/flutter (29284): [FAIL] framework_error library=rendering library type=FlutterError msg="A RenderFlex overflowed by 7.9 pixels on the right."
I/flutter (29284): [FAIL] framework_error   at Row Row:file:///Users/Apple/Projects/nears-NEARS-3790-itemcard-grid-spacing/packages/nears_dls/lib/components/nitemcard/n_item_card.dart:1226:32

══╡ EXCEPTION CAUGHT BY RENDERING LIBRARY ╞═════════════════════════════════════════════════════════
The following assertion was thrown during layout:
A RenderFlex overflowed by 7.9 pixels on the right.

The relevant error-causing widget was:
  Row
  Row:file:///Users/Apple/Projects/nears-NEARS-3790-itemcard-grid-spacing/packages/nears_dls/lib/components/nitemcard/n_item_card.dart:1226:32

To inspect this widget in Flutter DevTools, visit:
http://127.0.0.1:56582/E-W45TpNajA=/devtools//#/inspector?uri=http%3A%2F%2F127.0.0.1%3A56582%2FE-W45TpNajA%3D%2F&inspectorRef=inspector-0

The overflowing RenderFlex has an orientation of Axis.horizontal.
The edge of the RenderFlex that is overflowing has been marked in the rendering with a yellow and
black striped pattern. This is usually caused by the contents being too big for the RenderFlex.
Consider applying a flex factor (e.g. using an Expanded widget) to force the children of the
RenderFlex to fit within the available space instead of being sized to their natural size.
This is considered an error condition because it indicates that there is content that cannot be
seen. If the content is legitimately bigger than the available space, consider clipping it with a
ClipRect widget before putting it in the flex, or using a scrollable container rather than a Flex,
like a ListView.
The specific RenderFlex in question is: RenderFlex#9f9bd relayoutBoundary=up5 OVERFLOWING:
  creator: Row ← Flexible ← Column ← LayoutBuilder ← _IntrinsicSizeProbe ← Padding ← Expanded ← Column
    ← Padding ← Listener ← RawGestureDetector ← GestureDetector ← ⋯
  parentData: offset=Offset(0.0, 0.0); flex=1; fit=FlexFit.loose (can use size)
  constraints: BoxConstraints(0.0<=w<=86.0, 0.0<=h<=45.0)
  size: Size(86.0, 45.0)
  direction: horizontal
  mainAxisAlignment: start
  mainAxisSize: max
  crossAxisAlignment: start
  textDirection: ltr
  verticalDirection: down
  spacing: 0.0
◢◤◢◤◢◤◢◤◢◤◢◤◢◤◢◤◢◤◢◤◢◤◢◤◢◤◢◤◢◤◢◤◢◤◢◤◢◤◢◤◢◤◢◤◢◤◢◤◢◤◢◤◢◤◢◤◢◤◢◤◢◤◢◤◢◤◢◤◢◤◢◤◢◤◢◤◢◤◢◤◢◤◢◤◢◤◢◤◢◤◢◤◢◤◢◤◢◤◢◤
════════════════════════════════════════════════════════════════════════════════════════════════════

Another exception was thrown: A RenderFlex overflowed by 7.9 pixels on the right.
