# NEARS-3906 QA cycle 1 — O3 CONTROL: same guest 2-store basket, stored latitude RESTORED (pref identical to original), checkout re-opened; body mounted (debugDumpApp: CheckoutGroupInfoBanners x1, CheckoutScreenShimmerView x0).
# RESULT: 'group fee summary skipped' count = 0 ; delivery-quote/get-Tax lines = 8
# --- raw adb logcat -s flutter lines 740..783 (analytics elided) ---
09-30 03:18:19.507 I/flutter (21805): [INFO] msg="route: waiting for module=food-restaurant"
09-30 03:18:19.507 I/flutter (21805): [INFO] msg="route: checkModuleId configNull=false hasAddress=true fromDeeplink=false"
09-30 03:18:19.507 I/flutter (21805): [INFO] msg="route: not from deeplink, skipping module fetch"
09-30 03:18:19.507 I/flutter (21805): [INFO] msg="route: module future state=ConnectionState.waiting hasData=false hasError=false"
09-30 03:18:19.517 I/flutter (21805): [INFO] msg="route: module future state=ConnectionState.done hasData=false hasError=false"
09-30 03:18:19.517 I/flutter (21805): [NET] GET endpoint=/api/v1/most-tips
09-30 03:18:19.518 I/flutter (21805): [NET] GET endpoint=/api/v1/offline_payment_method_list
09-30 03:18:19.518 I/flutter (21805): [NET] GET endpoint=/api/v1/stores/details/39
09-30 03:18:19.525 I/flutter (21805): [INFO] msg="checkout: payment method selected index=0"
09-30 03:18:20.225 I/flutter (21805): [NET] endpoint=/api/v1/offline_payment_method_list http_status=200
09-30 03:18:20.225 I/flutter (21805): [NET] endpoint=/api/v1/most-tips http_status=200
09-30 03:18:20.226 I/flutter (21805): [NET] endpoint=/api/v1/stores/details/39 http_status=200
09-30 03:18:20.229 I/flutter (21805): [NET] GET endpoint=/api/v1/config/distance-api
09-30 03:18:20.230 I/flutter (21805): [NET] POST endpoint=/api/v1/customer/order/get-surge-price
09-30 03:18:21.222 I/flutter (21805): [NET] endpoint=/api/v1/config/distance-api http_status=200
09-30 03:18:21.223 I/flutter (21805): [NET] GET endpoint=/api/v1/vehicle/extra_charge
09-30 03:18:21.286 I/flutter (21805): [NET] endpoint=/api/v1/customer/order/get-surge-price http_status=200
09-30 03:18:21.304 I/flutter (21805): [WARN] msg="checkout: map preview dropped store 39 — missing coordinates"
09-30 03:18:21.304 I/flutter (21805): [WARN] msg="checkout: map preview dropped store 91159 — missing coordinates"
09-30 03:18:21.456 I/flutter (21805): [NET] GET endpoint=/api/v1/stores/details/39
09-30 03:18:21.456 I/flutter (21805): [NET] GET endpoint=/api/v1/stores/details/91159
09-30 03:18:21.462 I/flutter (21805): [NET] endpoint=/api/v1/vehicle/extra_charge http_status=200
09-30 03:18:22.357 I/flutter (21805): [NET] endpoint=/api/v1/stores/details/91159 http_status=200
09-30 03:18:22.358 I/flutter (21805): [NET] endpoint=/api/v1/stores/details/39 http_status=200
09-30 03:18:22.358 I/flutter (21805): [NET] GET endpoint=/api/v1/config/distance-api
09-30 03:18:22.358 I/flutter (21805): [NET] GET endpoint=/api/v1/config/distance-api
09-30 03:18:22.941 I/flutter (21805): [NET] endpoint=/api/v1/config/distance-api http_status=200
09-30 03:18:22.941 I/flutter (21805): [WARN] msg="checkout: group per-store distance response near-zero (ROUTE_EXISTS, no distanceMeters) — using straight-line fallback"
09-30 03:18:22.941 I/flutter (21805): [NET] GET endpoint=/api/v1/vehicle/extra_charge
09-30 03:18:23.472 I/flutter (21805): [NET] endpoint=/api/v1/config/distance-api http_status=200
09-30 03:18:23.472 I/flutter (21805): [NET] GET endpoint=/api/v1/vehicle/extra_charge
09-30 03:18:23.539 I/flutter (21805): [NET] endpoint=/api/v1/vehicle/extra_charge http_status=200
09-30 03:18:23.606 I/flutter (21805): [NET] endpoint=/api/v1/vehicle/extra_charge http_status=200
09-30 03:18:23.607 I/flutter (21805): [NET] POST endpoint=/api/v1/config/delivery-quote
09-30 03:18:23.607 I/flutter (21805): [NET] POST endpoint=/api/v1/config/delivery-quote
09-30 03:18:24.609 I/flutter (21805): [NET] endpoint=/api/v1/config/delivery-quote http_status=200
09-30 03:18:24.609 I/flutter (21805): [NET] endpoint=/api/v1/config/delivery-quote http_status=200
09-30 03:18:24.609 I/flutter (21805): [NET] POST endpoint=/api/v1/customer/order/get-Tax
09-30 03:18:24.610 I/flutter (21805): [NET] POST endpoint=/api/v1/customer/order/get-Tax
09-30 03:18:25.609 I/flutter (21805): [NET] endpoint=/api/v1/customer/order/get-Tax http_status=200
09-30 03:18:25.610 I/flutter (21805): [NET] endpoint=/api/v1/customer/order/get-Tax http_status=200
