# NEARS-3906 QA cycle 2 — negative control (b): single-store guest checkout (The Grill House only, latitude present) -> 0 AC5 WARN
# build worktree fix/NEARS-3906-guest-group-fee-address @ 865c405c8 (fresh qa-run.sh install; running source confirmed via VM getObject: checkout_screen.dart contains 'NEARS-3924' and 2 AC5 WARN sites), emulator-5590 (AVD nears_qa_wave56), pkg com.izzes.nears.nears_nears_3906_guest_group_fee_address, API_HOST=10.0.2.2:8106 -> own backend /Users/Apple/Projects/nears-NEARS-3906-guest-group-fee-address @ 865c405c8, DB nears3906qa. Guest; basket = The Grill House (39) Chef Salad + NEARS-3858 QA Mixed Kitchen (91159) NEARS-3858 Falafel Wrap (same module food). (Falafel removed -> single-store basket)
# AC5 WARN count = 0 ; no [ERR]/[FAIL]/[WARN] at all ; debugDumpApp:
#   CheckoutScreenShimmerView 0
#   CheckoutGroupInfoBanners 0
#   ErrorWidget 0
#   Place Order found by label
09-30 03:52:14.818 I/flutter (25186): [INFO] msg="route: waiting for module=food-restaurant"
09-30 03:52:14.818 I/flutter (25186): [INFO] msg="route: checkModuleId configNull=false hasAddress=true fromDeeplink=false"
09-30 03:52:14.818 I/flutter (25186): [INFO] msg="route: not from deeplink, skipping module fetch"
09-30 03:52:14.818 I/flutter (25186): [INFO] msg="route: module future state=ConnectionState.waiting hasData=false hasError=false"
09-30 03:52:14.835 I/flutter (25186): [INFO] msg="route: module future state=ConnectionState.done hasData=false hasError=false"
09-30 03:52:14.835 I/flutter (25186): [NET] GET endpoint=/api/v1/most-tips
09-30 03:52:14.836 I/flutter (25186): [NET] GET endpoint=/api/v1/offline_payment_method_list
09-30 03:52:14.836 I/flutter (25186): [NET] GET endpoint=/api/v1/stores/details/39
09-30 03:52:14.844 I/flutter (25186): [INFO] msg="checkout: payment method selected index=0"
09-30 03:52:14.844 I/flutter (25186): 📊 analytics: add_payment_info {payment_type: cash_on_delivery, value: 60.81, currency: AED, screen: checkout, section: payment}
09-30 03:52:15.585 I/flutter (25186): [NET] endpoint=/api/v1/offline_payment_method_list http_status=200
09-30 03:52:15.585 I/flutter (25186): [NET] endpoint=/api/v1/most-tips http_status=200
09-30 03:52:15.586 I/flutter (25186): [NET] endpoint=/api/v1/stores/details/39 http_status=200
09-30 03:52:15.587 I/flutter (25186): [NET] GET endpoint=/api/v1/config/distance-api
09-30 03:52:15.587 I/flutter (25186): 📊 analytics: view_store {store_id: 39, is_open: 1}
09-30 03:52:15.587 I/flutter (25186): [NET] POST endpoint=/api/v1/customer/order/get-surge-price
09-30 03:52:16.586 I/flutter (25186): [NET] endpoint=/api/v1/customer/order/get-surge-price http_status=200
09-30 03:52:16.590 I/flutter (25186): 📊 analytics: begin_checkout {value: 43.75, currency: AED, item_count: 1, source: basket, store_count: 1}
09-30 03:52:16.623 I/flutter (25186): [NET] POST endpoint=/api/v1/customer/order/get-Tax
09-30 03:52:16.691 I/flutter (25186): [NET] endpoint=/api/v1/config/distance-api http_status=200
09-30 03:52:16.692 I/flutter (25186): [NET] GET endpoint=/api/v1/vehicle/extra_charge
09-30 03:52:16.824 I/flutter (25186): [NET] endpoint=/api/v1/customer/order/get-Tax http_status=200
09-30 03:52:16.898 I/flutter (25186): [NET] endpoint=/api/v1/vehicle/extra_charge http_status=200
09-30 03:52:17.235 I/flutter (25186): [NET] POST endpoint=/api/v1/config/delivery-quote
09-30 03:52:17.900 I/flutter (25186): [NET] endpoint=/api/v1/config/delivery-quote http_status=200
#
# --- scope sweep of the new pre-gate site: single-store guest WITH INJECTED null latitude (state-injected, same instrument) -> expect 0 AC5 WARN (site gated on _isMultiStoreBasket) ---
# AC5 WARN count = 0 ; probes:
#   Get.find<CheckoutController>().store == null => false
#   Get.find<PricingSummaryController>().distance == null => true
#   Get.find<CheckoutController>().addressDeliveryOptionController.selectedDeliveryAddress?.la => true
# debugDumpApp:
#   CheckoutScreenShimmerView 1
#   CheckoutGroupInfoBanners 0
#   ErrorWidget 0
# (single-store null-lat also sits on the shimmer — same pre-existing distance gate; out of scope, noted as followup)
09-30 03:52:46.001 I/flutter (25186): [INFO] msg="route: waiting for module=food-restaurant"
09-30 03:52:46.001 I/flutter (25186): [INFO] msg="route: checkModuleId configNull=false hasAddress=true fromDeeplink=false"
09-30 03:52:46.001 I/flutter (25186): [INFO] msg="route: not from deeplink, skipping module fetch"
09-30 03:52:46.002 I/flutter (25186): [INFO] msg="route: module future state=ConnectionState.waiting hasData=false hasError=false"
09-30 03:52:46.020 I/flutter (25186): [INFO] msg="route: module future state=ConnectionState.done hasData=false hasError=false"
09-30 03:52:46.021 I/flutter (25186): [NET] GET endpoint=/api/v1/most-tips
09-30 03:52:46.021 I/flutter (25186): [NET] GET endpoint=/api/v1/offline_payment_method_list
09-30 03:52:46.021 I/flutter (25186): [NET] GET endpoint=/api/v1/stores/details/39
09-30 03:52:46.028 I/flutter (25186): [INFO] msg="checkout: payment method selected index=0"
09-30 03:52:46.028 I/flutter (25186): 📊 analytics: add_payment_info {payment_type: cash_on_delivery, value: 45.94, currency: AED, screen: checkout, section: payment}
09-30 03:52:46.939 I/flutter (25186): [NET] endpoint=/api/v1/offline_payment_method_list http_status=200
09-30 03:52:46.940 I/flutter (25186): [NET] endpoint=/api/v1/most-tips http_status=200
09-30 03:52:46.940 I/flutter (25186): [NET] endpoint=/api/v1/stores/details/39 http_status=200
09-30 03:52:46.942 I/flutter (25186): 📊 analytics: view_store {store_id: 39, is_open: 1}
09-30 03:52:46.942 I/flutter (25186): [NET] POST endpoint=/api/v1/customer/order/get-surge-price
09-30 03:52:47.765 I/flutter (25186): [NET] endpoint=/api/v1/customer/order/get-surge-price http_status=200
09-30 03:52:47.775 I/flutter (25186): 📊 analytics: begin_checkout {value: 43.75, currency: AED, item_count: 1, source: basket, store_count: 1}
09-30 03:52:47.777 I/flutter (25186): [NET] POST endpoint=/api/v1/customer/order/get-Tax
09-30 03:52:48.180 I/flutter (25186): [NET] POST endpoint=/api/v1/config/delivery-quote
09-30 03:52:48.769 I/flutter (25186): [NET] endpoint=/api/v1/config/delivery-quote http_status=200
09-30 03:52:48.769 I/flutter (25186): [NET] endpoint=/api/v1/customer/order/get-Tax http_status=200
# Restore #2: cmp BYTE-IDENTICAL to the pre-injection value.
