# NEARS-3906 QA cycle 2 — AC5 STATE-INJECTED PRECONDITION, real app + real screen, NOT a user route (no user route exists — see cycle-1 routes i/ii/iii)
# build worktree fix/NEARS-3906-guest-group-fee-address @ 865c405c8 (fresh qa-run.sh install; running source confirmed via VM getObject: checkout_screen.dart contains 'NEARS-3924' and 2 AC5 WARN sites), emulator-5590 (AVD nears_qa_wave56), pkg com.izzes.nears.nears_nears_3906_guest_group_fee_address, API_HOST=10.0.2.2:8106 -> own backend /Users/Apple/Projects/nears-NEARS-3906-guest-group-fee-address @ 865c405c8, DB nears3906qa. Guest; basket = The Grill House (39) Chef Salad + NEARS-3858 QA Mixed Kitchen (91159) NEARS-3858 Falafel Wrap (same module food).
# Injection (VM-service evaluate in package:nears/helper/address_helper.dart, app on the CART screen; same instrument as cycle 1):
#   Get.find<SharedPreferences>().setString(AppConstants.userAddress, <stored>.replaceFirst(RegExp(r'"latitude":"[^"]*"'), '"latitude":""'))
#   probes after: getUserAddressFromSharedPref()?.latitude == null -> true ; longitude == null -> false ; zoneIds.length -> 1
# Then 'Proceed to Checkout' tapped by label (open #1), Back, 'Proceed to Checkout' again (open #2). Each open re-counted after a further 8-10s of rebuilds.
#
# RESULT: AC5 WARN count open#1 = 1 ; open#2 = 1  (expected exactly 1 per screen). Line text carries no coordinates, address text or ids.
# No [ERR]/[FAIL] in either open window.
# VM probes (checkout_screen.dart scope) open#1:
#   Get.find<CheckoutController>().store == null => false
#   Get.find<CheckoutController>().isCheckoutDataLoading => false
#   Get.find<CheckoutController>().addressDeliveryOptionController.selectedDeliveryAddress ==  => false
#   Get.find<CheckoutController>().addressDeliveryOptionController.selectedDeliveryAddress?.la => true
#   Get.find<PricingSummaryController>().distance == null => true
# debugDumpApp targeted counts open#1:
#   CheckoutScreenShimmerView 1
#   CheckoutGroupInfoBanners 0
#   ErrorWidget 0
#   CheckoutScreen( 1
# VM probes open#2:
#   Get.find<CheckoutController>().store == null => false
#   Get.find<CheckoutController>().isCheckoutDataLoading => false
#   Get.find<CheckoutController>().addressDeliveryOptionController.selectedDeliveryAddress?.la => true
#   Get.find<PricingSummaryController>().distance == null => true
# debugDumpApp targeted counts open#2:
#   CheckoutScreenShimmerView 1
#   CheckoutGroupInfoBanners 0
#   ErrorWidget 0
#   CheckoutScreen( 1
# => checkoutController.store is NON-NULL in this state (the new site depends on it); distance stays null; shimmer shown (shimmer itself out of scope).
# Instrument-live neighbours: the [INFO]/[NET]/analytics lines of the same screen in each window, immediately preceding the WARN.
# --- raw adb logcat -v time -s flutter, open #1 (all lines after the pre-tap mark) ---
09-30 03:49:49.101 I/flutter (25186): [INFO] msg="route: waiting for module=food-restaurant"
09-30 03:49:49.101 I/flutter (25186): [INFO] msg="route: checkModuleId configNull=false hasAddress=true fromDeeplink=false"
09-30 03:49:49.101 I/flutter (25186): [INFO] msg="route: not from deeplink, skipping module fetch"
09-30 03:49:49.101 I/flutter (25186): [INFO] msg="route: module future state=ConnectionState.waiting hasData=false hasError=false"
09-30 03:49:49.121 I/flutter (25186): [INFO] msg="route: module future state=ConnectionState.done hasData=false hasError=false"
09-30 03:49:49.121 I/flutter (25186): [NET] GET endpoint=/api/v1/most-tips
09-30 03:49:49.121 I/flutter (25186): [NET] GET endpoint=/api/v1/offline_payment_method_list
09-30 03:49:49.122 I/flutter (25186): [NET] GET endpoint=/api/v1/stores/details/39
09-30 03:49:49.129 I/flutter (25186): [INFO] msg="checkout: payment method selected index=0"
09-30 03:49:49.129 I/flutter (25186): 📊 analytics: add_payment_info {payment_type: cash_on_delivery, value: 60.81, currency: AED, screen: checkout, section: payment}
09-30 03:49:49.716 I/flutter (25186): [NET] endpoint=/api/v1/offline_payment_method_list http_status=200
09-30 03:49:49.716 I/flutter (25186): [NET] endpoint=/api/v1/most-tips http_status=200
09-30 03:49:49.722 I/flutter (25186): [NET] endpoint=/api/v1/stores/details/39 http_status=200
09-30 03:49:49.730 I/flutter (25186): 📊 analytics: view_store {store_id: 39, is_open: 1}
09-30 03:49:49.730 I/flutter (25186): [NET] POST endpoint=/api/v1/customer/order/get-surge-price
09-30 03:49:50.713 I/flutter (25186): [NET] endpoint=/api/v1/customer/order/get-surge-price http_status=200
09-30 03:49:50.717 I/flutter (25186): 📊 analytics: begin_checkout {value: 53.15, currency: AED, item_count: 2, source: basket, store_count: 2}
09-30 03:49:50.717 I/flutter (25186): [WARN] msg="checkout: group fee summary skipped, no address latitude"
# --- raw, open #2 ---
09-30 03:50:43.501 I/flutter (25186): [INFO] msg="route: waiting for module=food-restaurant"
09-30 03:50:43.501 I/flutter (25186): [INFO] msg="route: checkModuleId configNull=false hasAddress=true fromDeeplink=false"
09-30 03:50:43.501 I/flutter (25186): [INFO] msg="route: not from deeplink, skipping module fetch"
09-30 03:50:43.501 I/flutter (25186): [INFO] msg="route: module future state=ConnectionState.waiting hasData=false hasError=false"
09-30 03:50:43.519 I/flutter (25186): [INFO] msg="route: module future state=ConnectionState.done hasData=false hasError=false"
09-30 03:50:43.519 I/flutter (25186): [NET] GET endpoint=/api/v1/most-tips
09-30 03:50:43.520 I/flutter (25186): [NET] GET endpoint=/api/v1/offline_payment_method_list
09-30 03:50:43.520 I/flutter (25186): [NET] GET endpoint=/api/v1/stores/details/39
09-30 03:50:43.527 I/flutter (25186): [INFO] msg="checkout: payment method selected index=0"
09-30 03:50:43.527 I/flutter (25186): 📊 analytics: add_payment_info {payment_type: cash_on_delivery, value: 52.15, currency: AED, screen: checkout, section: payment}
09-30 03:50:44.131 I/flutter (25186): [NET] endpoint=/api/v1/offline_payment_method_list http_status=200
09-30 03:50:44.132 I/flutter (25186): [NET] endpoint=/api/v1/most-tips http_status=200
09-30 03:50:44.133 I/flutter (25186): [NET] endpoint=/api/v1/stores/details/39 http_status=200
09-30 03:50:44.136 I/flutter (25186): 📊 analytics: view_store {store_id: 39, is_open: 1}
09-30 03:50:44.136 I/flutter (25186): [NET] POST endpoint=/api/v1/customer/order/get-surge-price
09-30 03:50:45.131 I/flutter (25186): [NET] endpoint=/api/v1/customer/order/get-surge-price http_status=200
09-30 03:50:45.134 I/flutter (25186): 📊 analytics: begin_checkout {value: 53.15, currency: AED, item_count: 2, source: basket, store_count: 2}
09-30 03:50:45.134 I/flutter (25186): [WARN] msg="checkout: group fee summary skipped, no address latitude"
# Restore: setString(original) -> getString sha1 8a218168... == pre-injection sha1 8a218168... (cmp BYTE-IDENTICAL); on-disk FlutterSharedPreferences.xml latitude present again.
