# NEARS-3906 QA cycle 1 — O1 NEGATIVE CONTROL: guest, 2-store (Grill House 39 + QA Mixed Kitchen 91159), stored address WITH latitude (test-provider GPS 23.8175,90.3700 -> Use my current location). Checkout opened once.
# build: worktree @ 4bc15d18e, emulator-5590, pkg com.izzes.nears.nears_nears_3906_guest_group_fee_address, API_HOST=10.0.2.2:8106 (DB nears3906qa)
# raw flutter-run.log lines 1333..    1441, I/flutter only, unfiltered otherwise
# count of 'group fee summary skipped': 0
# instrument-live proof: [NET] delivery-quote / get-Tax + a neighbouring [WARN] from the same screen below
I/flutter (17981): 📊 analytics: basket_bar_tapped {item_count: 2, screen: store_basket_bar}
I/flutter (17981): [INFO] msg="route: waiting for module=food-restaurant"
I/flutter (17981): [INFO] msg="route: checkModuleId configNull=false hasAddress=true fromDeeplink=false"
I/flutter (17981): [INFO] msg="route: not from deeplink, skipping module fetch"
I/flutter (17981): [INFO] msg="route: module future state=ConnectionState.waiting hasData=false hasError=false"
I/flutter (17981): [INFO] msg="route: module future state=ConnectionState.done hasData=false hasError=false"
I/flutter (17981): [INFO] msg="cart restored with 2 items"
I/flutter (17981): [NET] GET endpoint=/api/v1/stores/details/39
I/flutter (17981): [NET] GET endpoint=/api/v1/stores/details/39
I/flutter (17981): [NET] GET endpoint=/api/v1/stores/details/91159
I/flutter (17981): [NET] endpoint=/api/v1/stores/details/91159 http_status=200
I/flutter (17981): [NET] endpoint=/api/v1/stores/details/39 http_status=200
I/flutter (17981): [NET] endpoint=/api/v1/stores/details/39 http_status=200
I/flutter (17981): 📊 analytics: view_store {store_id: 39, is_open: 1}
I/flutter (17981): [NET] GET endpoint=/api/v1/items/suggested
I/flutter (17981): [NET] GET endpoint=/api/v1/stores/details/39
I/flutter (17981): [NET] GET endpoint=/api/v1/stores/details/91159
I/flutter (17981): 📊 analytics: view_cart {value: 53.15, currency: AED, item_count: 2, store_count: 2, screen: basket, source: store_basket_bar}
I/flutter (17981): [NET] endpoint=/api/v1/stores/details/91159 http_status=200
I/flutter (17981): [NET] endpoint=/api/v1/stores/details/39 http_status=200
I/flutter (17981): [NET] GET endpoint=/api/v1/config/distance-api
I/flutter (17981): [NET] GET endpoint=/api/v1/config/distance-api
I/flutter (17981): [NET] endpoint=/api/v1/items/suggested http_status=200
I/flutter (17981): [NET] GET endpoint=/api/v1/items/suggested
I/flutter (17981): [NET] endpoint=/api/v1/items/suggested http_status=200
I/flutter (17981): 📊 analytics: view_item_list {item_list_id: basket_suggestions, item_list_name: basket_suggestions, item_count: 8, store_count: 2, screen: basket}
I/flutter (17981): [NET] endpoint=/api/v1/config/distance-api http_status=200
I/flutter (17981): [NET] GET endpoint=/api/v1/vehicle/extra_charge
I/flutter (17981): [NET] endpoint=/api/v1/config/distance-api http_status=200
I/flutter (17981): [WARN] msg="checkout: group per-store distance response near-zero (ROUTE_EXISTS, no distanceMeters) — using straight-line fallback"
I/flutter (17981): [NET] GET endpoint=/api/v1/vehicle/extra_charge
I/flutter (17981): [NET] endpoint=/api/v1/vehicle/extra_charge http_status=200
I/flutter (17981): [NET] endpoint=/api/v1/vehicle/extra_charge http_status=200
I/flutter (17981): [NET] POST endpoint=/api/v1/config/delivery-quote
I/flutter (17981): [NET] POST endpoint=/api/v1/config/delivery-quote
I/flutter (17981): [NET] endpoint=/api/v1/config/delivery-quote http_status=200
I/flutter (17981): [NET] endpoint=/api/v1/config/delivery-quote http_status=200
I/flutter (17981): [NET] POST endpoint=/api/v1/customer/order/get-Tax
I/flutter (17981): [NET] POST endpoint=/api/v1/customer/order/get-Tax
I/flutter (17981): [NET] endpoint=/api/v1/customer/order/get-Tax http_status=200
I/flutter (17981): [NET] endpoint=/api/v1/customer/order/get-Tax http_status=200
I/flutter (17981): [INFO] msg="route: waiting for module=food-restaurant"
I/flutter (17981): [INFO] msg="route: checkModuleId configNull=false hasAddress=true fromDeeplink=false"
I/flutter (17981): [INFO] msg="route: not from deeplink, skipping module fetch"
I/flutter (17981): [INFO] msg="route: module future state=ConnectionState.waiting hasData=false hasError=false"
I/flutter (17981): [INFO] msg="route: module future state=ConnectionState.done hasData=false hasError=false"
I/flutter (17981): [NET] GET endpoint=/api/v1/most-tips
I/flutter (17981): [NET] GET endpoint=/api/v1/offline_payment_method_list
I/flutter (17981): [NET] GET endpoint=/api/v1/stores/details/39
I/flutter (17981): [NET] endpoint=/api/v1/offline_payment_method_list http_status=200
I/flutter (17981): [NET] endpoint=/api/v1/most-tips http_status=200
I/flutter (17981): [NET] endpoint=/api/v1/stores/details/39 http_status=200
I/flutter (17981): [NET] GET endpoint=/api/v1/config/distance-api
I/flutter (17981): 📊 analytics: view_store {store_id: 39, is_open: 1}
I/flutter (17981): [NET] POST endpoint=/api/v1/customer/order/get-surge-price
I/flutter (17981): [NET] endpoint=/api/v1/config/distance-api http_status=200
I/flutter (17981): [NET] GET endpoint=/api/v1/vehicle/extra_charge
I/flutter (17981): [NET] endpoint=/api/v1/customer/order/get-surge-price http_status=200
I/flutter (17981): 📊 analytics: begin_checkout {value: 53.15, currency: AED, item_count: 2, source: basket, store_count: 2}
I/flutter (17981): [WARN] msg="checkout: map preview dropped store 39 — missing coordinates"
I/flutter (17981): [WARN] msg="checkout: map preview dropped store 91159 — missing coordinates"
I/flutter (17981): [INFO] msg="checkout: payment method selected index=0"
I/flutter (17981): 📊 analytics: add_payment_info {payment_type: cash_on_delivery, value: 52.15, currency: AED, screen: checkout, section: payment}
I/flutter (17981): [NET] GET endpoint=/api/v1/stores/details/39
I/flutter (17981): [NET] GET endpoint=/api/v1/stores/details/91159
I/flutter (17981): [NET] endpoint=/api/v1/vehicle/extra_charge http_status=200
I/flutter (17981): [NET] endpoint=/api/v1/stores/details/91159 http_status=200
I/flutter (17981): [NET] endpoint=/api/v1/stores/details/39 http_status=200
I/flutter (17981): [NET] GET endpoint=/api/v1/config/distance-api
I/flutter (17981): [NET] GET endpoint=/api/v1/config/distance-api
I/flutter (17981): [NET] endpoint=/api/v1/config/distance-api http_status=200
I/flutter (17981): [WARN] msg="checkout: group per-store distance response near-zero (ROUTE_EXISTS, no distanceMeters) — using straight-line fallback"
I/flutter (17981): [NET] GET endpoint=/api/v1/vehicle/extra_charge
I/flutter (17981): [NET] endpoint=/api/v1/config/distance-api http_status=200
I/flutter (17981): [NET] GET endpoint=/api/v1/vehicle/extra_charge
I/flutter (17981): [NET] endpoint=/api/v1/vehicle/extra_charge http_status=200
I/flutter (17981): [NET] endpoint=/api/v1/vehicle/extra_charge http_status=200
I/flutter (17981): [NET] POST endpoint=/api/v1/config/delivery-quote
I/flutter (17981): [NET] POST endpoint=/api/v1/config/delivery-quote
I/flutter (17981): [NET] endpoint=/api/v1/config/delivery-quote http_status=200
I/flutter (17981): [NET] endpoint=/api/v1/config/delivery-quote http_status=200
I/flutter (17981): [NET] POST endpoint=/api/v1/customer/order/get-Tax
I/flutter (17981): [NET] POST endpoint=/api/v1/customer/order/get-Tax
I/flutter (17981): [NET] endpoint=/api/v1/customer/order/get-Tax http_status=200
I/flutter (17981): [NET] endpoint=/api/v1/customer/order/get-Tax http_status=200
