I/m140.cbt( 4112): Requested experimentIds= []
I/m140.bof( 4112): Fetching new client parameters: Account {name=signedout@, type=com.google.android.apps.maps}  en_US
I/flutter ( 4112): [FAIL] framework_error library=scheduler library type=_AssertionError msg="'package:flutter/src/semantics/semantics.dart': Failed assertion: line 3252 pos 12: 'owner!._nodes.containsKey(id)': is not true."
I/flutter ( 4112): [FAIL] framework_error   at #0      _AssertionError._doThrowNew (dart:core-patch/errors_patch.dart:67:4)
I/flutter ( 4112): [FAIL] framework_error   at #1      _AssertionError._throwNew (dart:core-patch/errors_patch.dart:49:5)
I/flutter ( 4112): [FAIL] framework_error   at #2      SemanticsNode.detach (package:flutter/src/semantics/semantics.dart:3252:12)
I/flutter ( 4112): [FAIL] framework_error   at #3      SemanticsNode._dropChild (package:flutter/src/semantics/semantics.dart:3221:13)
I/flutter ( 4112): [FAIL] framework_error   at #4      SemanticsNode._replaceChildren (package:flutter/src/semantics/semantics.dart:2974:13)
I/flutter ( 4112): [FAIL] framework_error   at #5      SemanticsNode.updateWith (package:flutter/src/semantics/semantics.dart:3732:5)
I/flutter ( 4112): [FAIL] framework_error   at #6      RenderTable.assembleSemanticsNode (package:flutter/src/rendering/table.dart:731:15)
I/flutter ( 4112): [FAIL] framework_error   at #7      _RenderObjectSemantics._buildSemanticsSubtree (package:flutter/src/rendering/object.dart:5972:20)

══╡ EXCEPTION CAUGHT BY SCHEDULER LIBRARY ╞═════════════════════════════════════════════════════════
The following assertion was thrown during a scheduler callback:
'package:flutter/src/semantics/semantics.dart': Failed assertion: line 3252 pos 12:
'owner!._nodes.containsKey(id)': is not true.

Either the assertion indicates an error in the framework itself, or we should provide substantially
more information in this error message to help you determine and fix the underlying cause.
In either case, please report this assertion by filing a bug on GitHub:
  https://github.com/flutter/flutter/issues/new?template=02_bug.yml

When the exception was thrown, this was the stack:
#2      SemanticsNode.detach (package:flutter/src/semantics/semantics.dart:3252:12)
#3      SemanticsNode._dropChild (package:flutter/src/semantics/semantics.dart:3221:13)
#4      SemanticsNode._replaceChildren (package:flutter/src/semantics/semantics.dart:2974:13)
I/flutter ( 4112): [FAIL] framework_error library=scheduler library type=_AssertionError msg="'package:flutter/src/semantics/semantics.dart': Failed assertion: line 2990 pos 16: '!child.attached': is not true."
I/flutter ( 4112): [FAIL] framework_error   at #0      _AssertionError._doThrowNew (dart:core-patch/errors_patch.dart:67:4)
I/flutter ( 4112): [FAIL] framework_error   at #1      _AssertionError._throwNew (dart:core-patch/errors_patch.dart:49:5)
I/flutter ( 4112): [FAIL] framework_error   at #2      SemanticsNode._replaceChildren (package:flutter/src/semantics/semantics.dart:2990:16)
I/flutter ( 4112): [FAIL] framework_error   at #3      SemanticsNode.updateWith (package:flutter/src/semantics/semantics.dart:3732:5)
I/flutter ( 4112): [FAIL] framework_error   at #4      RenderTable.assembleSemanticsNode (package:flutter/src/rendering/table.dart:791:10)
I/flutter ( 4112): [FAIL] framework_error   at #5      _RenderObjectSemantics._buildSemanticsSubtree (package:flutter/src/rendering/object.dart:5972:20)
I/flutter ( 4112): [FAIL] framework_error   at #6      _RenderObjectSemantics._produceSemanticsNode (package:flutter/src/rendering/object.dart:5989:5)
I/flutter ( 4112): [FAIL] framework_error   at #7      _RenderObjectSemantics._buildSemantics (package:flutter/src/rendering/object.dart:5932:7)
Another exception was thrown: 'package:flutter/src/semantics/semantics.dart': Failed assertion: line 2990 pos 16: '!child.attached': is not true.
Another exception was thrown: 'package:flutter/src/semantics/semantics.dart': Failed assertion: line 2990 pos 16: '!child.attached': is not true.
I/flutter ( 4112): [FAIL] framework_error library=scheduler library type=_AssertionError msg="'package:flutter/src/semantics/semantics.dart': Failed assertion: line 2990 pos 16: '!child.attached': is not true."
