10:07:03.003 [FAIL] endpoint=null http_status=null type=FirebaseInitFailure msg="firebase init failed (PlatformException)"
10:07:03.147 [FAIL] endpoint=null http_status=null type=KilledLaunchNotificationFailure msg="killed-launch getInitialMessage failed (FirebaseException)"
10:07:03.173 [INFO] msg="route: building splash route, hasData=false"
10:07:03.328 [INFO] msg="route: navigating to splash screen"
10:07:03.333 [INFO] msg="splash: cart fetch skipped reason=no_cached_module"
10:07:03.333 [INFO] msg="splash: location prefetch initiated"
10:07:03.640 [INFO] msg="splash: deeplink resolved canRoute=true"
10:07:03.641 [INFO] msg="splash: routing"
10:07:03.721 [INFO] msg="location: within 1km of selected address: true"
10:07:03.722 [INFO] msg="splash: location prefetch completed"
10:07:03.901 [INFO] msg="location: inZone=true"
10:07:04.069 [INFO] msg="route: initial route module=null"
10:07:04.105 [INFO] msg="home load started"
10:07:04.290 [INFO] msg="cart: cold-start basket load triggered reason=no_cached_module"
10:07:04.291 [INFO] msg="splash: deeplink resolved canRoute=true"
10:07:04.291 [INFO] msg="splash: routing"
10:07:04.292 [INFO] msg="splash-nav: duplicate boot resolution skipped (config cache+network chain)"
10:07:04.298 [INFO] msg="location: zone resolved from short-TTL coord cache (T2 dedupe)"
10:07:04.298 [INFO] msg="location: inZone=true"
10:07:05.850 [FAIL] endpoint=null http_status=null type=FcmTokenFetchFailure msg="FCM registration id fetch failed"
10:07:05.850 [FAIL] endpoint=null http_status=null type=FcmTokenFetchFailure msg="firebase messaging unavailable during token update"
10:07:06.607 [FAIL] endpoint=null http_status=null type=FcmTokenFetchFailure msg="FCM registration id fetch failed"
10:07:06.607 [FAIL] endpoint=null http_status=null type=FcmTokenFetchFailure msg="firebase messaging unavailable during token update"
10:07:25.000 [INFO] msg="location: inZone=true"
10:07:25.002 [FAIL] endpoint=/api/v1/config/geocode-api http_status=200 type=ApiFailure msg="location getAddressFromGeocode failed"
10:07:30.858 [INFO] msg="pick-map: saving location and navigating"
10:07:31.306 [INFO] msg="location: inZone=true"
10:07:31.308 [FAIL] endpoint=null http_status=null type=FcmTopicConfigFailure msg="configureFirebaseMessaging: FCM topic subscribe/unsubscribe failed"
10:07:31.311 [INFO] msg="location: triggering config data fetch"
10:07:31.312 [INFO] msg="home load started"
10:07:31.319 [INFO] msg="location handleRoute canRoute=false"
10:07:31.329 [INFO] msg="route: initial route module=null"
10:07:31.333 [INFO] msg="home load skipped: already loading"
10:07:31.385 [INFO] msg="location: zone resolved from short-TTL coord cache (T2 dedupe)"
10:07:31.385 [INFO] msg="location: inZone=true"
10:07:31.388 [INFO] msg="splash: deeplink resolved canRoute=true"
10:07:31.388 [INFO] msg="splash: routing"
10:07:31.388 [INFO] msg="splash-nav: duplicate boot resolution skipped (config cache+network chain)"
10:07:31.391 [INFO] msg="location: zone resolved from short-TTL coord cache (T2 dedupe)"
10:07:31.391 [INFO] msg="location: inZone=true"
10:07:32.315 [INFO] msg="splash: deeplink resolved canRoute=true"
10:07:32.315 [INFO] msg="splash: routing"
10:07:32.315 [INFO] msg="splash-nav: duplicate boot resolution skipped (config cache+network chain)"
10:07:34.324 [FAIL] endpoint=null http_status=null type=FcmTokenFetchFailure msg="FCM registration id fetch failed"
10:07:34.324 [FAIL] endpoint=null http_status=null type=FcmTokenFetchFailure msg="firebase messaging unavailable during token update"
10:07:34.767 [FAIL] endpoint=null http_status=null type=FcmTokenFetchFailure msg="FCM registration id fetch failed"
10:07:34.767 [FAIL] endpoint=null http_status=null type=FcmTokenFetchFailure msg="firebase messaging unavailable during token update"
