10:06:27.602 GET /api/v1/config status=200 req_xrid=a3c0cf37-6f47-4a9a-96dc-38f4dd88b98a resp_xrid=a3c0cf37-6f47-4a9a-96dc-38f4dd88b98a
10:06:27.716 GET /api/v1/module status=200 req_xrid=8494018b-2a23-4c0b-8b44-72ee0969e38f resp_xrid=8494018b-2a23-4c0b-8b44-72ee0969e38f
10:06:27.796 GET /api/v1/config/get-zone-id status=200 req_xrid=747364aa-bbc1-46ba-8954-a5a5a3035ea2 resp_xrid=747364aa-bbc1-46ba-8954-a5a5a3035ea2
10:06:27.883 GET /api/v1/customer/info status=200 req_xrid=ba0033c4-91c6-49aa-8401-61789ecf26a2 resp_xrid=ba0033c4-91c6-49aa-8401-61789ecf26a2
10:06:27.967 GET /api/v1/customer/info status=200 req_xrid=16686482-ae87-4165-8e4c-dee787d08935 resp_xrid=16686482-ae87-4165-8e4c-dee787d08935
10:06:28.346 GET /api/v1/customer/info status=200 req_xrid=f25c058b-8007-4903-8bd9-54d3743a1986 resp_xrid=f25c058b-8007-4903-8bd9-54d3743a1986
10:06:28.421 GET /api/v1/customer/order/payment-failed status=200 req_xrid=a865e938-7d56-4dcd-8162-c004ab55cdc4 resp_xrid=a865e938-7d56-4dcd-8162-c004ab55cdc4
10:06:28.528 GET /api/v1/customer/order/running-orders status=200 req_xrid=a7ef1bab-1aca-443e-8477-8c9b610f8fc0 resp_xrid=a7ef1bab-1aca-443e-8477-8c9b610f8fc0
10:06:28.917 GET /api/v1/stores/get-stores/all status=200 req_xrid=90e67372-5b40-4196-a117-8de88aed6e24 resp_xrid=90e67372-5b40-4196-a117-8de88aed6e24
10:06:29.021 GET /api/v1/module status=200 req_xrid=7d88b1fb-77b8-420d-a72a-4f74076062d3 resp_xrid=7d88b1fb-77b8-420d-a72a-4f74076062d3
10:06:29.099 GET /api/v1/customer/address/list status=200 req_xrid=fb423b75-dfe4-4ac4-8b6f-c058a33408a7 resp_xrid=fb423b75-dfe4-4ac4-8b6f-c058a33408a7
10:06:29.213 GET /api/v1/banners status=200 req_xrid=7116473e-4ceb-41b0-a0e1-1aa104dd7ee5 resp_xrid=7116473e-4ceb-41b0-a0e1-1aa104dd7ee5
10:06:29.290 GET /api/v1/coupon/list status=200 req_xrid=3de8a7f6-b19d-4908-9b08-b8fc9362a311 resp_xrid=3de8a7f6-b19d-4908-9b08-b8fc9362a311
10:06:29.373 GET /api/v1/customer/notifications status=200 req_xrid=d626378e-69dd-4291-8b37-428a96583d77 resp_xrid=d626378e-69dd-4291-8b37-428a96583d77
10:06:30.454 POST /api/v1/customer/cm-firebase-token status=200 req_xrid=7e2fda73-fc4f-4f88-8992-d0ca74291be1 resp_xrid=7e2fda73-fc4f-4f88-8992-d0ca74291be1
10:06:30.525 POST /api/v1/customer/cm-firebase-token status=200 req_xrid=816d814f-d82f-4b6a-a393-f68594470ec3 resp_xrid=816d814f-d82f-4b6a-a393-f68594470ec3
10:06:47.912 GET /api/v1/customer/address/list status=200 req_xrid=f005e06f-8519-44f9-aea3-8236181d6363 resp_xrid=f005e06f-8519-44f9-aea3-8236181d6363
10:06:48.921 GET /api/v1/config/get-zone-id status=200 req_xrid=05346fa8-60e4-46e1-abc8-79e29ba02c8b resp_xrid=05346fa8-60e4-46e1-abc8-79e29ba02c8b
10:06:49.000 GET /api/v1/config/geocode-api status=200 req_xrid=02616a37-ee84-4d69-b606-f60b24970642 resp_xrid=02616a37-ee84-4d69-b606-f60b24970642
10:06:49.084 GET /api/v1/zone/list status=200 req_xrid=c5fe61de-07eb-4a7e-9631-af7a6da55dca resp_xrid=c5fe61de-07eb-4a7e-9631-af7a6da55dca
10:06:55.184 GET /api/v1/config/get-zone-id status=200 req_xrid=5479bb70-2f9a-46c2-94b3-e16fd0e112e7 resp_xrid=5479bb70-2f9a-46c2-94b3-e16fd0e112e7
10:06:56.191 GET /api/v1/customer/info status=200 req_xrid=5ae78b65-84c8-44ce-a883-95a8b9885bfd resp_xrid=5ae78b65-84c8-44ce-a883-95a8b9885bfd
10:06:56.277 GET /api/v1/config status=200 req_xrid=8a5297b6-d821-4500-bcd5-8efc11ccfb60 resp_xrid=8a5297b6-d821-4500-bcd5-8efc11ccfb60
10:06:56.364 GET /api/v1/customer/info status=200 req_xrid=ecf18a5f-61fd-4d98-a7b3-6f4325274b06 resp_xrid=ecf18a5f-61fd-4d98-a7b3-6f4325274b06
10:06:56.440 GET /api/v1/customer/order/payment-failed status=200 req_xrid=d2d59fed-fd66-4d4d-858a-31562a581fac resp_xrid=d2d59fed-fd66-4d4d-858a-31562a581fac
10:06:56.544 GET /api/v1/customer/order/running-orders status=200 req_xrid=51bf2da9-2502-4f67-b7e5-8d76e854ec41 resp_xrid=51bf2da9-2502-4f67-b7e5-8d76e854ec41
10:06:56.620 GET /api/v1/customer/update-zone status=200 req_xrid=6a776190-2896-4759-aaaa-a2e2d8c0aba0 resp_xrid=6a776190-2896-4759-aaaa-a2e2d8c0aba0
10:06:56.730 GET /api/v1/customer/cart/list status=200 req_xrid=f91def9e-6af8-4860-bfb1-c38b5c456180 resp_xrid=f91def9e-6af8-4860-bfb1-c38b5c456180 cart_rows=1
10:06:56.844 GET /api/v1/stores/get-stores/all status=200 req_xrid=d3e04f11-7d2a-49c7-b37e-bbd85a0a9e78 resp_xrid=d3e04f11-7d2a-49c7-b37e-bbd85a0a9e78
10:06:56.948 GET /api/v1/module status=200 req_xrid=02c15008-406b-466d-bf52-2cf14ab9043a resp_xrid=02c15008-406b-466d-bf52-2cf14ab9043a
10:06:57.031 GET /api/v1/customer/info status=200 req_xrid=a4bb0a9b-c19d-4b60-873d-1028cc2dbf28 resp_xrid=a4bb0a9b-c19d-4b60-873d-1028cc2dbf28
10:06:57.102 GET /api/v1/customer/address/list status=200 req_xrid=f01c4f01-fdd5-4552-ba11-30de0c9997ba resp_xrid=f01c4f01-fdd5-4552-ba11-30de0c9997ba
10:06:57.213 GET /api/v1/banners status=200 req_xrid=e0237f75-7ee0-4a02-87d5-60fc3f327b3c resp_xrid=e0237f75-7ee0-4a02-87d5-60fc3f327b3c
10:06:57.289 GET /api/v1/coupon/list status=200 req_xrid=3ca18296-db7d-4640-b6a8-27e7697bf87a resp_xrid=3ca18296-db7d-4640-b6a8-27e7697bf87a
10:06:57.365 GET /api/v1/customer/notifications status=200 req_xrid=f0eae5f0-be95-455b-bdb0-b841f1316c13 resp_xrid=f0eae5f0-be95-455b-bdb0-b841f1316c13
10:06:58.944 POST /api/v1/customer/cm-firebase-token status=200 req_xrid=beaeba3f-5c87-45e1-935c-4f3ed0a58f11 resp_xrid=beaeba3f-5c87-45e1-935c-4f3ed0a58f11
10:06:59.443 POST /api/v1/customer/cm-firebase-token status=200 req_xrid=3650c8cb-da2f-4d77-8e00-a55e089270a5 resp_xrid=3650c8cb-da2f-4d77-8e00-a55e089270a5
