10:06:20.302 [FAIL] endpoint=null http_status=null type=FirebaseInitFailure msg="firebase init failed (PlatformException)"
10:06:20.413 [FAIL] endpoint=null http_status=null type=KilledLaunchNotificationFailure msg="killed-launch getInitialMessage failed (FirebaseException)"
10:06:20.458 [INFO] msg="route: building splash route, hasData=false"
10:06:20.610 [INFO] msg="route: navigating to splash screen"
10:06:20.615 [INFO] msg="splash: cart fetch skipped reason=no_cached_module"
10:06:20.615 [INFO] msg="splash: location prefetch initiated"
10:06:20.903 [INFO] msg="splash: deeplink resolved canRoute=true"
10:06:20.903 [INFO] msg="splash: routing"
10:06:21.097 [INFO] msg="splash: deeplink resolved canRoute=true"
10:06:21.097 [INFO] msg="splash: routing"
10:06:21.098 [INFO] msg="splash-nav: duplicate boot resolution skipped (config cache+network chain)"
10:06:21.267 [INFO] msg="location: inZone=true"
10:06:21.288 [INFO] msg="route: initial route module=null"
10:06:21.319 [INFO] msg="home load started"
10:06:21.492 [INFO] msg="location: zone resolved from short-TTL coord cache (T2 dedupe)"
10:06:21.492 [INFO] msg="location: inZone=true"
10:06:23.510 [FAIL] endpoint=null http_status=null type=FcmTokenFetchFailure msg="FCM registration id fetch failed"
10:06:23.510 [FAIL] endpoint=null http_status=null type=FcmTokenFetchFailure msg="firebase messaging unavailable during token update"
10:06:23.511 [FAIL] endpoint=null http_status=null type=FcmTokenFetchFailure msg="FCM registration id fetch failed"
10:06:23.511 [FAIL] endpoint=null http_status=null type=FcmTokenFetchFailure msg="firebase messaging unavailable during token update"
10:06:24.965 [INFO] msg="location: within 1km of selected address: true"
10:06:24.965 [INFO] msg="splash: location prefetch completed"
10:06:42.386 [INFO] msg="location: inZone=true"
10:06:42.466 [FAIL] endpoint=/api/v1/config/geocode-api http_status=200 type=ApiFailure msg="location getAddressFromGeocode failed"
10:06:48.317 [INFO] msg="pick-map: saving location and navigating"
10:06:49.062 [INFO] msg="location: inZone=true"
10:06:49.065 [FAIL] endpoint=null http_status=null type=FcmTopicConfigFailure msg="configureFirebaseMessaging: FCM topic subscribe/unsubscribe failed"
10:06:49.067 [INFO] msg="location: triggering config data fetch"
10:06:49.067 [INFO] msg="home load started"
10:06:49.071 [INFO] msg="location handleRoute canRoute=false"
10:06:49.078 [INFO] msg="route: initial route module=null"
10:06:49.081 [INFO] msg="home load skipped: already loading"
10:06:49.134 [INFO] msg="location: zone resolved from short-TTL coord cache (T2 dedupe)"
10:06:49.134 [INFO] msg="location: inZone=true"
10:06:49.138 [INFO] msg="splash: deeplink resolved canRoute=true"
10:06:49.138 [INFO] msg="splash: routing"
10:06:49.139 [INFO] msg="splash-nav: duplicate boot resolution skipped (config cache+network chain)"
10:06:49.141 [INFO] msg="location: zone resolved from short-TTL coord cache (T2 dedupe)"
10:06:49.141 [INFO] msg="location: inZone=true"
10:06:50.071 [INFO] msg="splash: deeplink resolved canRoute=true"
10:06:50.071 [INFO] msg="splash: routing"
10:06:50.071 [INFO] msg="splash-nav: duplicate boot resolution skipped (config cache+network chain)"
10:06:52.083 [FAIL] endpoint=null http_status=null type=FcmTokenFetchFailure msg="FCM registration id fetch failed"
10:06:52.083 [FAIL] endpoint=null http_status=null type=FcmTokenFetchFailure msg="firebase messaging unavailable during token update"
10:06:52.501 [FAIL] endpoint=null http_status=null type=FcmTokenFetchFailure msg="FCM registration id fetch failed"
10:06:52.501 [FAIL] endpoint=null http_status=null type=FcmTokenFetchFailure msg="firebase messaging unavailable during token update"
