10:00:32.917 [FAIL] endpoint=null http_status=null type=FirebaseInitFailure msg="firebase init failed (PlatformException)"
10:00:33.034 [FAIL] endpoint=null http_status=null type=KilledLaunchNotificationFailure msg="killed-launch getInitialMessage failed (FirebaseException)"
10:00:33.058 [INFO] msg="route: building splash route, hasData=false"
10:00:33.230 [INFO] msg="route: navigating to splash screen"
10:00:33.234 [INFO] msg="splash: cart fetch skipped reason=no_cached_module"
10:00:33.235 [INFO] msg="splash: location prefetch initiated"
10:00:33.503 [INFO] msg="splash: deeplink resolved canRoute=true"
10:00:33.503 [INFO] msg="splash: routing"
10:00:33.578 [INFO] msg="location: within 1km of selected address: false"
10:00:33.578 [INFO] msg="splash: location prefetch completed"
10:00:33.723 [INFO] msg="cart: cold-start basket load triggered reason=no_cached_module"
10:00:33.724 [INFO] msg="splash: deeplink resolved canRoute=true"
10:00:33.724 [INFO] msg="splash: routing"
10:00:33.724 [INFO] msg="splash-nav: duplicate boot resolution skipped (config cache+network chain)"
10:00:33.900 [INFO] msg="location: inZone=true"
10:00:33.924 [INFO] msg="route: initial route module=null"
10:00:33.953 [INFO] msg="home load started"
10:00:34.136 [INFO] msg="location: zone resolved from short-TTL coord cache (T2 dedupe)"
10:00:34.136 [INFO] msg="location: inZone=true"
10:00:36.146 [FAIL] endpoint=null http_status=null type=FcmTokenFetchFailure msg="FCM registration id fetch failed"
10:00:36.146 [FAIL] endpoint=null http_status=null type=FcmTokenFetchFailure msg="firebase messaging unavailable during token update"
10:00:36.206 [FAIL] endpoint=null http_status=null type=FcmTokenFetchFailure msg="FCM registration id fetch failed"
10:00:36.206 [FAIL] endpoint=null http_status=null type=FcmTokenFetchFailure msg="firebase messaging unavailable during token update"
