09:54:14.083 [FAIL] endpoint=null http_status=null type=FirebaseInitFailure msg="firebase init failed (PlatformException)"
09:54:14.197 [FAIL] endpoint=null http_status=null type=KilledLaunchNotificationFailure msg="killed-launch getInitialMessage failed (FirebaseException)"
09:54:14.221 [INFO] msg="route: building splash route, hasData=false"
09:54:14.374 [INFO] msg="route: navigating to splash screen"
09:54:14.379 [INFO] msg="splash: cart fetch skipped reason=no_cached_module"
09:54:14.381 [INFO] msg="splash: location prefetch initiated"
09:54:15.111 [INFO] msg="cart: cold-start basket load triggered reason=no_cached_module"
09:54:15.112 [INFO] msg="splash: deeplink resolved canRoute=true"
09:54:15.112 [INFO] msg="splash: routing"
09:54:15.637 [INFO] msg="location: inZone=true"
09:54:15.651 [INFO] msg="route: initial route module=null"
09:54:15.679 [INFO] msg="home load started"
09:54:15.857 [INFO] msg="location: zone resolved from short-TTL coord cache (T2 dedupe)"
09:54:15.857 [INFO] msg="location: inZone=true"
09:54:17.875 [FAIL] endpoint=null http_status=null type=FcmTokenFetchFailure msg="FCM registration id fetch failed"
09:54:17.875 [FAIL] endpoint=null http_status=null type=FcmTokenFetchFailure msg="firebase messaging unavailable during token update"
09:54:18.780 [FAIL] endpoint=null http_status=null type=GetPositionFailure msg="location: getPosition threw (TimeoutException) — trying the AD1 fallback ladder"
09:54:18.780 [INFO] msg="location: fallback ladder -> stale last-known GPS fix"
09:54:18.780 [INFO] msg="location: within 1km of selected address: true"
09:54:18.780 [INFO] msg="splash: location prefetch completed"
