10:01:02.448 [FAIL] endpoint=null http_status=null type=FirebaseInitFailure msg="firebase init failed (PlatformException)"
10:01:02.566 [FAIL] endpoint=null http_status=null type=KilledLaunchNotificationFailure msg="killed-launch getInitialMessage failed (FirebaseException)"
10:01:02.590 [INFO] msg="route: building splash route, hasData=false"
10:01:02.737 [INFO] msg="route: navigating to splash screen"
10:01:02.742 [INFO] msg="splash: cart fetch skipped reason=no_cached_module"
10:01:02.743 [INFO] msg="splash: location prefetch initiated"
10:01:03.116 [INFO] msg="splash: deeplink resolved canRoute=true"
10:01:03.116 [INFO] msg="splash: routing"
10:01:03.140 [INFO] msg="location: within 1km of selected address: true"
10:01:03.140 [INFO] msg="splash: location prefetch completed"
10:01:03.408 [INFO] msg="splash: deeplink resolved canRoute=true"
10:01:03.408 [INFO] msg="splash: routing"
10:01:03.408 [INFO] msg="splash-nav: duplicate boot resolution skipped (config cache+network chain)"
10:01:03.583 [INFO] msg="location: inZone=true"
10:01:03.604 [INFO] msg="route: initial route module=null"
10:01:03.632 [INFO] msg="home load started"
10:01:03.792 [INFO] msg="location: zone resolved from short-TTL coord cache (T2 dedupe)"
10:01:03.792 [INFO] msg="location: inZone=true"
10:01:05.808 [FAIL] endpoint=null http_status=null type=FcmTokenFetchFailure msg="FCM registration id fetch failed"
10:01:05.808 [FAIL] endpoint=null http_status=null type=FcmTokenFetchFailure msg="firebase messaging unavailable during token update"
10:01:05.808 [FAIL] endpoint=null http_status=null type=FcmTokenFetchFailure msg="FCM registration id fetch failed"
10:01:05.808 [FAIL] endpoint=null http_status=null type=FcmTokenFetchFailure msg="firebase messaging unavailable during token update"
