10:23:23.324 GET /api/v1/customer/cart/list status=200 req_xrid=cd4ddb50-8ef1-45bd-8cf4-314532bf983c resp_xrid=cd4ddb50-8ef1-45bd-8cf4-314532bf983c cart_rows=5
10:23:23.551 GET /api/v1/config status=200 req_xrid=8e0c5206-4500-486b-9685-e7ca34a4c5be resp_xrid=8e0c5206-4500-486b-9685-e7ca34a4c5be
10:23:24.212 GET /api/v1/module status=200 req_xrid=b638efb0-065e-45a4-811b-8dc2873534a2 resp_xrid=b638efb0-065e-45a4-811b-8dc2873534a2
10:23:24.309 GET /api/v1/config/get-zone-id status=200 req_xrid=2eb75847-39da-423e-a54e-a4a1a069fb70 resp_xrid=2eb75847-39da-423e-a54e-a4a1a069fb70
10:23:24.427 GET /api/v1/customer/info status=200 req_xrid=a53ea358-883f-4960-9886-77a9013b81cf resp_xrid=a53ea358-883f-4960-9886-77a9013b81cf
10:23:25.043 GET /api/v1/customer/cart/list status=200 req_xrid=ea8429b4-bd4e-422c-ac8a-13e783f39dc2 resp_xrid=ea8429b4-bd4e-422c-ac8a-13e783f39dc2 cart_rows=5
10:23:25.191 GET /api/v1/customer/cart/list status=200 req_xrid=15ecbb29-270e-4b6f-8c0f-70694c97ead1 resp_xrid=15ecbb29-270e-4b6f-8c0f-70694c97ead1 cart_rows=5
10:23:25.341 GET /api/v1/customer/wish-list status=200 req_xrid=37fbdcaa-ce76-4ef7-bc02-7ddba9d900eb resp_xrid=37fbdcaa-ce76-4ef7-bc02-7ddba9d900eb
10:23:25.454 GET /api/v1/cashback/list status=200 req_xrid=9fa51844-c273-48c0-b728-656ae29e4109 resp_xrid=9fa51844-c273-48c0-b728-656ae29e4109
10:23:25.590 GET /api/v1/customer/order/running-orders status=200 req_xrid=cf48b238-84aa-42bd-a03d-1a796f7f765f resp_xrid=cf48b238-84aa-42bd-a03d-1a796f7f765f
10:23:25.699 GET /api/v1/customer/order/payment-failed status=200 req_xrid=15c99631-c141-463d-a50b-346829063dbb resp_xrid=15c99631-c141-463d-a50b-346829063dbb
10:23:26.292 GET /api/v1/home/all status=200 req_xrid=15e1928e-66a0-40c9-85c4-730a68d324fe resp_xrid=15e1928e-66a0-40c9-85c4-730a68d324fe
10:23:26.957 GET /api/v1/advertisement/list status=200 req_xrid=755ed58f-a796-487d-9619-c61b90083069 resp_xrid=755ed58f-a796-487d-9619-c61b90083069
10:23:27.143 GET /api/v1/stores/get-stores/all status=200 req_xrid=449e32b3-19d1-49ff-9012-c453fb882e85 resp_xrid=449e32b3-19d1-49ff-9012-c453fb882e85
10:23:27.255 POST /api/v1/customer/cm-firebase-token status=200 req_xrid=d31b77e4-6288-4b0d-9bc0-03374d2b06be resp_xrid=d31b77e4-6288-4b0d-9bc0-03374d2b06be
10:23:27.373 GET /api/v1/customer/order/buy-it-again status=200 req_xrid=3760349c-e945-419e-9c84-6958ef361676 resp_xrid=3760349c-e945-419e-9c84-6958ef361676
10:23:27.566 GET /api/v1/items/recommended status=200 req_xrid=7584e7b6-ebc3-4c05-87b3-bfe700a3cf06 resp_xrid=7584e7b6-ebc3-4c05-87b3-bfe700a3cf06
10:23:27.687 GET /api/v1/campaigns/item status=200 req_xrid=f761317d-af1e-4789-b434-1c6487de5a70 resp_xrid=f761317d-af1e-4789-b434-1c6487de5a70
10:23:27.801 GET /api/v1/campaigns/basic status=200 req_xrid=dcd1a1b2-4015-4df4-bc3f-f1fc82593289 resp_xrid=dcd1a1b2-4015-4df4-bc3f-f1fc82593289
10:23:27.948 GET /api/v1/items/most-reviewed status=200 req_xrid=5097cd6b-bc8e-43bf-8a41-596f04382470 resp_xrid=5097cd6b-bc8e-43bf-8a41-596f04382470
10:23:28.107 GET /api/v1/items/popular status=200 req_xrid=c458a664-c6d0-40e9-9dc2-7b807ec0b029 resp_xrid=c458a664-c6d0-40e9-9dc2-7b807ec0b029
10:23:28.287 GET /api/v1/flash-sales status=200 req_xrid=145c2841-28a3-4049-8d34-c7060511825e resp_xrid=145c2841-28a3-4049-8d34-c7060511825e
10:23:28.400 GET /api/v1/customer/info status=200 req_xrid=000ea9cf-9f4a-4c8e-8b4d-b11153e45f5d resp_xrid=000ea9cf-9f4a-4c8e-8b4d-b11153e45f5d
10:23:28.513 GET /api/v1/other-banners status=200 req_xrid=4398ab96-45e6-4f59-929b-5af74f3874bd resp_xrid=4398ab96-45e6-4f59-929b-5af74f3874bd
10:23:28.664 GET /api/v1/module status=200 req_xrid=310acb5a-1d00-48a7-9947-a2206905c112 resp_xrid=310acb5a-1d00-48a7-9947-a2206905c112
10:23:28.778 GET /api/v1/coupon/list status=200 req_xrid=30084cb7-c399-4467-96a3-be1a0e0dd2a1 resp_xrid=30084cb7-c399-4467-96a3-be1a0e0dd2a1
10:23:28.902 GET /api/v1/customer/notifications status=200 req_xrid=290f5982-ae8a-4de2-bfea-989e88d5290b resp_xrid=290f5982-ae8a-4de2-bfea-989e88d5290b
