10:13:56.852 [FAIL] endpoint=null http_status=null type=FirebaseInitFailure msg="firebase init failed (PlatformException)"
10:13:57.069 [FAIL] endpoint=null http_status=null type=KilledLaunchNotificationFailure msg="killed-launch getInitialMessage failed (FirebaseException)"
10:13:57.102 [INFO] msg="route: building splash route, hasData=false"
10:13:57.275 [INFO] msg="route: navigating to splash screen"
10:13:57.287 [INFO] msg="splash: location prefetch initiated"
10:13:57.811 [INFO] msg="location: within 1km of selected address: true"
10:13:57.811 [INFO] msg="splash: location prefetch completed"
10:13:58.080 [INFO] msg="splash: deeplink resolved canRoute=true"
10:13:58.080 [INFO] msg="splash: routing"
10:13:58.371 [INFO] msg="location: inZone=true"
10:13:58.421 [INFO] msg="route: initial route module=grocery-food"
10:13:58.422 [INFO] msg="route: waiting for module=grocery-food"
10:13:58.422 [INFO] msg="route: checkModuleId configNull=false hasAddress=true fromDeeplink=false"
10:13:58.423 [INFO] msg="route: not from deeplink, skipping module fetch"
10:13:58.424 [INFO] msg="route: module future state=ConnectionState.waiting hasData=false hasError=false"
10:13:58.446 [INFO] msg="route: module future state=ConnectionState.done hasData=false hasError=false"
10:13:58.548 [INFO] msg="home load started"
10:13:58.748 [INFO] msg="location: zone resolved from short-TTL coord cache (T2 dedupe)"
10:13:58.748 [INFO] msg="location: inZone=true"
10:14:00.054 [WARN] msg="isAvailable: minute-precision end time, treating as inclusive to :59 (item boundary degrade)"
10:14:00.772 [FAIL] endpoint=null http_status=null type=FcmTokenFetchFailure msg="FCM registration id fetch failed"
10:14:00.772 [FAIL] endpoint=null http_status=null type=FcmTokenFetchFailure msg="firebase messaging unavailable during token update"
