10:10:44.819 [FAIL] endpoint=null http_status=null type=FirebaseInitFailure msg="firebase init failed (PlatformException)"
10:10:45.005 [FAIL] endpoint=null http_status=null type=KilledLaunchNotificationFailure msg="killed-launch getInitialMessage failed (FirebaseException)"
10:10:45.032 [INFO] msg="route: building splash route, hasData=false"
10:10:45.211 [INFO] msg="route: navigating to splash screen"
10:10:45.219 [INFO] msg="splash: location prefetch initiated"
10:10:45.680 [INFO] msg="location: within 1km of selected address: true"
10:10:45.680 [INFO] msg="splash: location prefetch completed"
10:10:45.915 [INFO] msg="splash: deeplink resolved canRoute=true"
10:10:45.915 [INFO] msg="splash: routing"
10:10:46.567 [INFO] msg="location: inZone=true"
10:10:46.612 [INFO] msg="route: initial route module=pharmacy"
10:10:46.613 [INFO] msg="route: waiting for module=pharmacy"
10:10:46.613 [INFO] msg="route: checkModuleId configNull=false hasAddress=true fromDeeplink=false"
10:10:46.613 [INFO] msg="route: not from deeplink, skipping module fetch"
10:10:46.614 [INFO] msg="route: module future state=ConnectionState.waiting hasData=false hasError=false"
10:10:46.646 [INFO] msg="route: module future state=ConnectionState.done hasData=false hasError=false"
10:10:46.746 [INFO] msg="home load started"
10:10:46.927 [INFO] msg="location: zone resolved from short-TTL coord cache (T2 dedupe)"
10:10:46.927 [INFO] msg="location: inZone=true"
10:10:47.760 [WARN] msg="isAvailable: minute-precision end time, treating as inclusive to :59 (item boundary degrade)"
10:10:47.760 [WARN] msg="isAvailable: minute-precision end time, treating as inclusive to :59 (item boundary degrade)"
