10:10:52.413 GET /api/v1/config status=200 req_xrid=59ff4c65-6f78-4f04-b6b5-1d9b3750eccc resp_xrid=59ff4c65-6f78-4f04-b6b5-1d9b3750eccc
10:10:52.597 GET /api/v1/customer/cart/list status=200 req_xrid=2e6d1c0f-eecc-443b-8218-2e8b3fd8a3ac resp_xrid=2e6d1c0f-eecc-443b-8218-2e8b3fd8a3ac cart_rows=1
10:10:52.761 GET /api/v1/module status=200 req_xrid=4c7cf5f8-b153-4169-b242-e016d73fbc92 resp_xrid=4c7cf5f8-b153-4169-b242-e016d73fbc92
10:10:52.860 GET /api/v1/config/get-zone-id status=200 req_xrid=cd078032-451e-4cd2-a73c-6a14f9d5a6ef resp_xrid=cd078032-451e-4cd2-a73c-6a14f9d5a6ef
10:10:53.886 GET /api/v1/home/all status=200 req_xrid=f127c5e1-87d8-4995-bbf4-1aa434ed45e7 resp_xrid=f127c5e1-87d8-4995-bbf4-1aa434ed45e7
10:10:54.034 GET /api/v1/customer/cart/list status=200 req_xrid=e10a54f1-b013-42a3-96dc-0b83db70e6ef resp_xrid=e10a54f1-b013-42a3-96dc-0b83db70e6ef cart_rows=1
10:10:54.175 GET /api/v1/customer/cart/list status=200 req_xrid=ed93a668-60bd-44e7-a23f-9ccaea3adcbb resp_xrid=ed93a668-60bd-44e7-a23f-9ccaea3adcbb cart_rows=1
10:10:54.373 GET /api/v1/campaigns/item status=200 req_xrid=1cc3c2e0-465d-4e02-96f0-27e12c17ac28 resp_xrid=1cc3c2e0-465d-4e02-96f0-27e12c17ac28
10:10:54.462 GET /api/v1/campaigns/basic status=200 req_xrid=7fab1a42-3f9d-4a4a-abd9-7454b8f296b5 resp_xrid=7fab1a42-3f9d-4a4a-abd9-7454b8f296b5
10:10:54.602 GET /api/v1/items/most-reviewed status=200 req_xrid=6766ec36-b5cb-4199-9731-bfdedf9fec5a resp_xrid=6766ec36-b5cb-4199-9731-bfdedf9fec5a
10:10:54.714 GET /api/v1/common-condition status=200 req_xrid=b23f0c2e-f155-4714-af09-c9667dea03dd resp_xrid=b23f0c2e-f155-4714-af09-c9667dea03dd
10:10:54.832 GET /api/v1/other-banners status=200 req_xrid=69c665b6-6602-4492-abd8-92af84cfceab resp_xrid=69c665b6-6602-4492-abd8-92af84cfceab
10:10:55.009 GET /api/v1/items/popular status=200 req_xrid=a3967953-c299-4bde-8baf-9a420f6c7f4d resp_xrid=a3967953-c299-4bde-8baf-9a420f6c7f4d
10:10:55.225 GET /api/v1/flash-sales status=200 req_xrid=f963a2b6-6e0e-4f34-b11b-a2ad73cc5550 resp_xrid=f963a2b6-6e0e-4f34-b11b-a2ad73cc5550
10:10:55.368 GET /api/v1/stores/get-stores/all status=200 req_xrid=5d329594-f213-4c78-9b27-a783e31b9e35 resp_xrid=5d329594-f213-4c78-9b27-a783e31b9e35
10:10:55.498 GET /api/v1/items/basic status=200 req_xrid=c86c09ec-382e-4dc2-be8a-455ab8843057 resp_xrid=c86c09ec-382e-4dc2-be8a-455ab8843057
10:10:55.637 GET /api/v1/module status=200 req_xrid=3c5020c5-712b-4897-8e0d-a946c59e75e4 resp_xrid=3c5020c5-712b-4897-8e0d-a946c59e75e4
10:10:55.724 GET /api/v1/advertisement/list status=200 req_xrid=82f4a6ff-96d0-4423-83be-0d250a542714 resp_xrid=82f4a6ff-96d0-4423-83be-0d250a542714
10:10:55.866 GET /api/v1/stores/get-stores/all status=200 req_xrid=8957dd55-855b-43e7-bb2c-659ce3aa8836 resp_xrid=8957dd55-855b-43e7-bb2c-659ce3aa8836
10:10:56.043 GET /api/v1/items/recommended status=200 req_xrid=65c71b79-6c8e-415c-aec0-f24ab50a739e resp_xrid=65c71b79-6c8e-415c-aec0-f24ab50a739e
10:10:56.150 GET /api/v1/common-condition/items/1 status=200 req_xrid=47082e8d-400d-4844-8240-04f78416ed5b resp_xrid=47082e8d-400d-4844-8240-04f78416ed5b
