09:58:30.687 [FAIL] endpoint=null http_status=null type=FirebaseInitFailure msg="firebase init failed (PlatformException)"
09:58:30.864 [FAIL] endpoint=null http_status=null type=KilledLaunchNotificationFailure msg="killed-launch getInitialMessage failed (FirebaseException)"
09:58:30.890 [INFO] msg="route: building splash route, hasData=false"
09:58:31.047 [INFO] msg="route: navigating to splash screen"
09:58:31.052 [INFO] msg="splash: cart fetch skipped reason=no_cached_module"
09:58:31.052 [INFO] msg="splash: location prefetch initiated"
09:58:31.323 [INFO] msg="splash: deeplink resolved canRoute=true"
09:58:31.323 [INFO] msg="splash: routing"
09:58:31.397 [INFO] msg="location: within 1km of selected address: true"
09:58:31.397 [INFO] msg="splash: location prefetch completed"
09:58:31.572 [INFO] msg="splash: deeplink resolved canRoute=true"
09:58:31.572 [INFO] msg="splash: routing"
09:58:31.573 [INFO] msg="splash-nav: duplicate boot resolution skipped (config cache+network chain)"
09:58:31.775 [INFO] msg="location: inZone=true"
09:58:31.814 [INFO] msg="route: initial route module=null"
09:58:31.851 [INFO] msg="home load started"
09:58:32.056 [INFO] msg="location: zone resolved from short-TTL coord cache (T2 dedupe)"
09:58:32.056 [INFO] msg="location: inZone=true"
09:58:34.069 [FAIL] endpoint=null http_status=null type=FcmTokenFetchFailure msg="FCM registration id fetch failed"
09:58:34.069 [FAIL] endpoint=null http_status=null type=FcmTokenFetchFailure msg="firebase messaging unavailable during token update"
09:58:34.072 [FAIL] endpoint=null http_status=null type=FcmTokenFetchFailure msg="FCM registration id fetch failed"
09:58:34.072 [FAIL] endpoint=null http_status=null type=FcmTokenFetchFailure msg="firebase messaging unavailable during token update"
