09:59:26.181 [FAIL] endpoint=null http_status=null type=FirebaseInitFailure msg="firebase init failed (PlatformException)"
09:59:26.366 [FAIL] endpoint=null http_status=null type=KilledLaunchNotificationFailure msg="killed-launch getInitialMessage failed (FirebaseException)"
09:59:26.393 [INFO] msg="route: building splash route, hasData=false"
09:59:26.590 [INFO] msg="route: navigating to splash screen"
09:59:26.595 [INFO] msg="splash: cart fetch skipped reason=no_cached_module"
09:59:26.596 [INFO] msg="splash: location prefetch initiated"
09:59:26.993 [INFO] msg="splash: deeplink resolved canRoute=true"
09:59:26.993 [INFO] msg="splash: routing"
09:59:27.197 [INFO] msg="location: within 1km of selected address: false"
09:59:27.199 [INFO] msg="splash: location prefetch completed"
09:59:27.561 [INFO] msg="splash: deeplink resolved canRoute=true"
09:59:27.561 [INFO] msg="splash: routing"
09:59:27.561 [INFO] msg="splash-nav: duplicate boot resolution skipped (config cache+network chain)"
09:59:28.068 [INFO] msg="location: inZone=true"
09:59:28.089 [INFO] msg="route: initial route module=null"
09:59:28.127 [INFO] msg="home load started"
09:59:28.358 [INFO] msg="location: zone resolved from short-TTL coord cache (T2 dedupe)"
09:59:28.358 [INFO] msg="location: inZone=true"
09:59:29.859 [FAIL] endpoint=null http_status=null type=FcmTokenFetchFailure msg="FCM registration id fetch failed"
09:59:29.859 [FAIL] endpoint=null http_status=null type=FcmTokenFetchFailure msg="firebase messaging unavailable during token update"
09:59:30.375 [FAIL] endpoint=null http_status=null type=FcmTokenFetchFailure msg="FCM registration id fetch failed"
09:59:30.375 [FAIL] endpoint=null http_status=null type=FcmTokenFetchFailure msg="firebase messaging unavailable during token update"
