09:59:02.784 [FAIL] endpoint=null http_status=null type=FirebaseInitFailure msg="firebase init failed (PlatformException)"
09:59:02.934 [FAIL] endpoint=null http_status=null type=KilledLaunchNotificationFailure msg="killed-launch getInitialMessage failed (FirebaseException)"
09:59:02.960 [INFO] msg="route: building splash route, hasData=false"
09:59:03.138 [INFO] msg="route: navigating to splash screen"
09:59:03.143 [INFO] msg="splash: cart fetch skipped reason=no_cached_module"
09:59:03.144 [INFO] msg="splash: location prefetch initiated"
09:59:03.612 [INFO] msg="splash: deeplink resolved canRoute=true"
09:59:03.612 [INFO] msg="splash: routing"
09:59:03.673 [INFO] msg="location: within 1km of selected address: true"
09:59:03.673 [INFO] msg="splash: location prefetch completed"
09:59:04.000 [INFO] msg="splash: deeplink resolved canRoute=true"
09:59:04.000 [INFO] msg="splash: routing"
09:59:04.001 [INFO] msg="splash-nav: duplicate boot resolution skipped (config cache+network chain)"
09:59:04.420 [INFO] msg="location: inZone=true"
09:59:04.447 [INFO] msg="route: initial route module=null"
09:59:04.481 [INFO] msg="home load started"
09:59:04.667 [INFO] msg="location: zone resolved from short-TTL coord cache (T2 dedupe)"
09:59:04.667 [INFO] msg="location: inZone=true"
09:59:06.730 [FAIL] endpoint=null http_status=null type=FcmTokenFetchFailure msg="FCM registration id fetch failed"
09:59:06.730 [FAIL] endpoint=null http_status=null type=FcmTokenFetchFailure msg="firebase messaging unavailable during token update"
09:59:06.970 [FAIL] endpoint=null http_status=null type=FcmTokenFetchFailure msg="FCM registration id fetch failed"
09:59:06.970 [FAIL] endpoint=null http_status=null type=FcmTokenFetchFailure msg="firebase messaging unavailable during token update"
