10:04:13.014 [FAIL] endpoint=null http_status=null type=FirebaseInitFailure msg="firebase init failed (PlatformException)"
10:04:13.155 [FAIL] endpoint=null http_status=null type=KilledLaunchNotificationFailure msg="killed-launch getInitialMessage failed (FirebaseException)"
10:04:13.178 [INFO] msg="route: building splash route, hasData=false"
10:04:13.315 [INFO] msg="route: navigating to splash screen"
10:04:13.320 [INFO] msg="splash: cart fetch skipped reason=no_cached_module"
10:04:13.320 [INFO] msg="splash: location prefetch initiated"
10:04:13.617 [INFO] msg="splash: deeplink resolved canRoute=true"
10:04:13.617 [INFO] msg="splash: routing"
10:04:13.876 [INFO] msg="location: inZone=true"
10:04:13.975 [INFO] msg="cart: cold-start basket load triggered reason=no_cached_module"
10:04:13.978 [INFO] msg="splash: deeplink resolved canRoute=true"
10:04:13.978 [INFO] msg="splash: routing"
10:04:13.978 [INFO] msg="splash-nav: duplicate boot resolution skipped (config cache+network chain)"
10:04:14.088 [INFO] msg="route: initial route module=null"
10:04:14.121 [INFO] msg="home load started"
10:04:14.366 [INFO] msg="location: zone resolved from short-TTL coord cache (T2 dedupe)"
10:04:14.366 [INFO] msg="location: inZone=true"
10:04:15.890 [FAIL] endpoint=null http_status=null type=FcmTokenFetchFailure msg="FCM registration id fetch failed"
10:04:15.890 [FAIL] endpoint=null http_status=null type=FcmTokenFetchFailure msg="firebase messaging unavailable during token update"
10:04:16.367 [FAIL] endpoint=null http_status=null type=FcmTokenFetchFailure msg="FCM registration id fetch failed"
10:04:16.367 [FAIL] endpoint=null http_status=null type=FcmTokenFetchFailure msg="firebase messaging unavailable during token update"
10:04:17.710 [FAIL] endpoint=null http_status=null type=GetPositionFailure msg="location: getPosition threw (TimeoutException) — trying the AD1 fallback ladder"
10:04:17.710 [INFO] msg="location: fallback ladder -> stale last-known GPS fix"
10:04:17.710 [INFO] msg="location: within 1km of selected address: false"
10:04:17.710 [INFO] msg="splash: location prefetch completed"
10:04:39.059 [FAIL] endpoint=null http_status=null type=GetPositionFailure msg="location: getPosition threw (TimeoutException) — trying the AD1 fallback ladder"
10:04:39.059 [INFO] msg="location: fallback ladder -> stale last-known GPS fix"
10:04:39.059 [INFO] msg="location: getCurrentLocation resolved via fallback rung=staleLastKnown"
10:04:39.803 [FAIL] endpoint=/api/v1/config/geocode-api http_status=200 type=ApiFailure msg="location getAddressFromGeocode failed"
10:04:39.806 [INFO] msg="location: inZone=true"
10:04:49.652 [INFO] msg="pick-map: saving location and navigating"
10:04:50.320 [INFO] msg="location: inZone=true"
10:04:50.321 [FAIL] endpoint=null http_status=null type=FcmTopicConfigFailure msg="configureFirebaseMessaging: FCM topic subscribe/unsubscribe failed"
10:04:50.344 [INFO] msg="location: triggering config data fetch"
10:04:50.344 [INFO] msg="home load started"
10:04:50.350 [INFO] msg="location handleRoute canRoute=false"
10:04:50.356 [INFO] msg="route: initial route module=null"
10:04:50.360 [INFO] msg="home load skipped: already loading"
10:04:50.406 [INFO] msg="location: zone resolved from short-TTL coord cache (T2 dedupe)"
10:04:50.406 [INFO] msg="location: inZone=true"
10:04:50.415 [INFO] msg="location: zone resolved from short-TTL coord cache (T2 dedupe)"
10:04:50.415 [INFO] msg="location: inZone=true"
10:04:51.331 [INFO] msg="splash: deeplink resolved canRoute=true"
10:04:51.331 [INFO] msg="splash: routing"
10:04:51.331 [INFO] msg="splash-nav: duplicate boot resolution skipped (config cache+network chain)"
10:04:51.942 [INFO] msg="home load started"
10:04:51.950 [INFO] msg="location: zone resolved from short-TTL coord cache (T2 dedupe)"
10:04:51.950 [INFO] msg="location: inZone=true"
10:04:53.953 [FAIL] endpoint=null http_status=null type=FcmTokenFetchFailure msg="FCM registration id fetch failed"
10:04:53.953 [FAIL] endpoint=null http_status=null type=FcmTokenFetchFailure msg="firebase messaging unavailable during token update"
