07-31 22:31:17.753 I/flutter (20920): [NET] POST endpoint=/api/v1/auth/delivery-man/login
07-31 22:31:18.465 I/flutter (20920): [NET] endpoint=/api/v1/auth/delivery-man/login http_status=200
07-31 22:31:19.469 I/flutter (20920): [NET] GET endpoint=/api/v1/delivery-man/profile
07-31 22:31:20.467 I/flutter (20920): [NET] endpoint=/api/v1/delivery-man/profile http_status=200
07-31 22:31:20.535 I/flutter (20920): [NET] GET endpoint=/api/v1/delivery-man/profile
07-31 22:31:20.934 I/flutter (20920): [NET] endpoint=/api/v1/delivery-man/profile http_status=200
07-31 22:31:20.935 I/flutter (20920): [NET] GET endpoint=/api/v1/delivery-man/current-orders
07-31 22:31:21.131 I/flutter (20920): [NET] endpoint=/api/v1/delivery-man/current-orders http_status=200
07-31 22:31:21.132 I/flutter (20920): [NET] GET endpoint=/api/v1/delivery-man/notifications
07-31 22:31:21.885 I/flutter (20920): [NET] endpoint=/api/v1/delivery-man/notifications http_status=200
07-31 22:31:24.682 I/flutter (20920): [NET] POST endpoint=/api/v1/delivery-man/record-location-data
07-31 22:31:24.897 I/flutter (20920): [NET] endpoint=/api/v1/delivery-man/record-location-data http_status=200
07-31 23:12:02.974 I/flutter (21563): [NET] GET endpoint=/api/v1/delivery-man/profile
07-31 23:12:04.021 I/flutter (21563): [NET] endpoint=/api/v1/delivery-man/profile http_status=200
07-31 23:12:05.029 I/flutter (21563): [NET] GET endpoint=/api/v1/delivery-man/profile
07-31 23:12:05.370 I/flutter (21563): [NET] endpoint=/api/v1/delivery-man/profile http_status=200
07-31 23:12:05.475 I/flutter (21563): [NET] GET endpoint=/api/v1/delivery-man/profile
07-31 23:12:05.816 I/flutter (21563): [NET] endpoint=/api/v1/delivery-man/profile http_status=200
07-31 23:12:05.823 I/flutter (21563): [NET] GET endpoint=/api/v1/delivery-man/current-orders
07-31 23:12:05.939 I/flutter (21563): [NET] endpoint=/api/v1/delivery-man/current-orders http_status=200
07-31 23:12:05.940 I/flutter (21563): [NET] GET endpoint=/api/v1/delivery-man/notifications
07-31 23:12:06.511 I/flutter (21563): [NET] endpoint=/api/v1/delivery-man/notifications http_status=200
07-31 23:12:08.360 I/flutter (21563): [NET] POST endpoint=/api/v1/delivery-man/record-location-data
07-31 23:12:08.666 I/flutter (21563): [NET] endpoint=/api/v1/delivery-man/record-location-data http_status=200
07-31 23:13:47.780 I/flutter (21563): [NET] GET endpoint=/api/v1/delivery-man/profile
07-31 23:13:48.783 I/flutter (21563): [NET] endpoint=/api/v1/delivery-man/profile http_status=200
07-31 23:14:14.035 I/flutter (21563): [NET] POST endpoint=/api/v1/delivery-man/record-location-data
07-31 23:14:14.775 I/flutter (21563): [NET] endpoint=/api/v1/delivery-man/record-location-data http_status=200
07-31 23:16:24.036 I/flutter (21563): [NET] POST endpoint=/api/v1/delivery-man/record-location-data
07-31 23:16:24.674 I/flutter (21563): [NET] endpoint=/api/v1/delivery-man/record-location-data http_status=200
07-31 23:18:30.582 I/flutter (21563): [NET] POST endpoint=/api/v1/auth/delivery-man/login
07-31 23:18:31.284 I/flutter (21563): [NET] endpoint=/api/v1/auth/delivery-man/login http_status=200
07-31 23:18:32.284 I/flutter (21563): [NET] GET endpoint=/api/v1/delivery-man/profile
07-31 23:18:33.174 I/flutter (21563): [NET] endpoint=/api/v1/delivery-man/profile http_status=200
07-31 23:18:33.201 I/flutter (21563): [NET] GET endpoint=/api/v1/delivery-man/profile
07-31 23:18:37.479 I/flutter (21563): [NET] POST endpoint=/api/v1/delivery-man/record-location-data
07-31 23:18:38.370 I/flutter (21563): [NET] endpoint=/api/v1/delivery-man/record-location-data http_status=200
07-31 23:18:40.484 I/flutter (21563): [NET] endpoint=/api/v1/delivery-man/profile http_status=200
07-31 23:18:40.484 I/flutter (21563): [NET] GET endpoint=/api/v1/delivery-man/current-orders
07-31 23:18:41.482 I/flutter (21563): [NET] endpoint=/api/v1/delivery-man/current-orders http_status=200
07-31 23:18:41.482 I/flutter (21563): [NET] GET endpoint=/api/v1/delivery-man/notifications
07-31 23:18:42.479 I/flutter (21563): [NET] endpoint=/api/v1/delivery-man/notifications http_status=200
07-31 23:19:30.307 I/flutter (21563): [NET] GET endpoint=/api/v1/delivery-man/profile
07-31 23:19:30.980 I/flutter (21563): [NET] endpoint=/api/v1/delivery-man/profile http_status=200
07-31 23:25:33.724 I/flutter (21563): [NET] POST endpoint=/api/v1/auth/delivery-man/login
07-31 23:25:34.530 I/flutter (21563): [NET] endpoint=/api/v1/auth/delivery-man/login http_status=200
07-31 23:25:35.533 I/flutter (21563): [NET] GET endpoint=/api/v1/delivery-man/profile
07-31 23:25:36.535 I/flutter (21563): [NET] endpoint=/api/v1/delivery-man/profile http_status=200
07-31 23:25:36.567 I/flutter (21563): [NET] GET endpoint=/api/v1/delivery-man/profile
07-31 23:25:37.134 I/flutter (21563): [NET] endpoint=/api/v1/delivery-man/profile http_status=200
07-31 23:25:37.134 I/flutter (21563): [NET] GET endpoint=/api/v1/delivery-man/current-orders
07-31 23:25:37.309 I/flutter (21563): [NET] endpoint=/api/v1/delivery-man/current-orders http_status=200
07-31 23:25:37.309 I/flutter (21563): [NET] GET endpoint=/api/v1/delivery-man/notifications
07-31 23:25:38.039 I/flutter (21563): [NET] endpoint=/api/v1/delivery-man/notifications http_status=200
07-31 23:25:40.496 I/flutter (21563): [NET] POST endpoint=/api/v1/delivery-man/record-location-data
07-31 23:25:41.373 I/flutter (21563): [NET] endpoint=/api/v1/delivery-man/record-location-data http_status=200
07-31 23:26:02.115 I/flutter (21563): [NET] GET endpoint=/api/v1/delivery-man/profile
07-31 23:26:02.135 I/flutter (21563): The following exception was thrown api request threw:
07-31 23:26:02.145 I/flutter (21563): [FAIL] endpoint=/api/v1/delivery-man/profile http_status=null type=ApiFailure msg="api request threw" correlation_id=450105db-112c-4502-a6a0-7b5a1edb696a
07-31 23:27:46.544 I/flutter (21563): [NET] POST endpoint=/api/v1/delivery-man/record-location-data
07-31 23:27:46.549 I/flutter (21563): The following exception was thrown api request threw:
07-31 23:27:46.550 I/flutter (21563): [FAIL] endpoint=/api/v1/delivery-man/record-location-data http_status=null type=ApiFailure msg="api request threw" correlation_id=879c1075-d3c7-4378-938a-55ff4031d0e3
07-31 23:28:41.651 I/flutter (21563): [NET] GET endpoint=/api/v1/delivery-man/profile
07-31 23:28:41.665 I/flutter (21563): The following exception was thrown api request threw:
07-31 23:28:41.666 I/flutter (21563): [FAIL] endpoint=/api/v1/delivery-man/profile http_status=null type=ApiFailure msg="api request threw" correlation_id=126d0d9a-fc2e-4ac0-9d54-04d7bcf69c79
07-31 23:28:41.667 I/flutter (21563): [NET] GET endpoint=/api/v1/delivery-man/current-orders
07-31 23:28:41.671 I/flutter (21563): The following exception was thrown api request threw:
07-31 23:28:41.672 I/flutter (21563): [FAIL] endpoint=/api/v1/delivery-man/current-orders http_status=null type=ApiFailure msg="api request threw" correlation_id=de25dcff-dbc6-4516-9772-d0611d6d1588
07-31 23:28:41.672 I/flutter (21563): [NET] GET endpoint=/api/v1/delivery-man/notifications
07-31 23:28:41.685 I/flutter (21563): The following exception was thrown api request threw:
07-31 23:28:41.685 I/flutter (21563): #5      NotificationService.getNotificationList (package:sixam_mart_delivery/features/notification/domain/services/notification_service.dart:11:12)
07-31 23:28:41.685 I/flutter (21563): [FAIL] endpoint=/api/v1/delivery-man/notifications http_status=null type=ApiFailure msg="api request threw" correlation_id=25331c06-a709-488e-8881-3fa8aa706053
07-31 23:29:28.732 I/flutter (21563): [NET] GET endpoint=/api/v1/delivery-man/profile
07-31 23:29:28.751 I/flutter (21563): The following exception was thrown api request threw:
07-31 23:29:28.751 I/flutter (21563): [FAIL] endpoint=/api/v1/delivery-man/profile http_status=null type=ApiFailure msg="api request threw" correlation_id=ff82d4f8-98cb-4424-b51c-5fc672c507af
07-31 23:31:59.991 I/adbd    (  495): adbd service requested 'shell,v2,TERM=xterm-256color,raw:log -t QAMARK offline-login-attempt-start'
07-31 23:32:00.010 I/QAMARK  (23498): offline-login-attempt-start
07-31 23:32:11.277 I/flutter (21563): [NET] POST endpoint=/api/v1/auth/delivery-man/login
07-31 23:32:11.317 I/flutter (21563): The following exception was thrown api request threw:
07-31 23:32:11.317 I/flutter (21563): [FAIL] endpoint=/api/v1/auth/delivery-man/login http_status=null type=ApiFailure msg="api request threw" correlation_id=ccf4dc81-e5ed-4b04-b4c6-de82a215dfdf
07-31 23:32:50.308 I/flutter (21563): [NET] POST endpoint=/api/v1/auth/delivery-man/login
07-31 23:32:50.980 I/flutter (21563): [NET] endpoint=/api/v1/auth/delivery-man/login http_status=401
07-31 23:32:50.982 I/flutter (21563): [FAIL] endpoint=/api/v1/auth/delivery-man/login http_status=401 type=ApiFailure msg="unhandled api response" correlation_id=b43c09ea-f7e4-4bb4-af7e-8445137b7e4b
07-31 23:33:21.337 I/adbd    (  495): adbd service requested 'shell,v2,TERM=xterm-256color,raw:log -t QAMARK LOGOUT-YES-NOW'
07-31 23:33:21.343 I/QAMARK  (23947): LOGOUT-YES-NOW
