Resolving dependencies...
Downloading packages...
  _flutterfire_internals 1.3.72 (1.3.73 available)
  alchemist 0.12.1 (0.14.0 available)
  app_links 7.0.0 (7.2.0 available)
  app_links_platform_interface 2.0.2 (2.0.3 available)
  audioplayers 6.6.0 (6.8.1 available)
  audioplayers_android 5.2.1 (5.3.0 available)
  audioplayers_darwin 6.4.0 (6.5.0 available)
  audioplayers_linux 4.2.1 (4.3.0 available)
  audioplayers_platform_interface 7.1.1 (7.2.0 available)
  audioplayers_web 5.2.0 (5.3.0 available)
  audioplayers_windows 4.3.0 (4.4.1 available)
  chewie 1.13.1 (1.14.1 available)
  code_assets 1.0.0 (1.2.1 available)
  connectivity_plus 7.1.1 (7.2.0 available)
  cross_file 0.3.5+2 (0.3.5+4 available)
  dbus 0.7.12 (0.7.14 available)
  device_info_plus 12.4.0 (13.2.0 available)
  device_info_plus_platform_interface 7.0.3 (8.1.0 available)
  drift 2.31.0 (2.34.1 available)
  drift_flutter 0.2.8 (0.3.0 available)
  dropdown_button2 2.3.9 (3.1.0 available)
  equatable 2.0.8 (2.1.0 available)
  expandable_bottom_sheet 1.1.1+1 (discontinued)
  facebook_auth_desktop 2.1.1 (2.1.3 available)
  file_picker 10.3.10 (11.0.2 available)
  firebase_analytics 12.4.2 (12.4.3 available)
  firebase_analytics_platform_interface 6.0.2 (6.0.3 available)
  firebase_analytics_web 0.6.1+8 (0.6.1+9 available)
  firebase_auth 6.5.2 (6.5.4 available)
  firebase_auth_platform_interface 9.0.2 (9.0.3 available)
  firebase_auth_web 6.2.2 (6.2.3 available)
  firebase_core 4.10.0 (4.11.0 available)
  firebase_core_platform_interface 7.0.1 (7.1.0 available)
  firebase_core_web 3.8.0 (3.9.0 available)
  firebase_crashlytics 5.2.3 (5.2.4 available)
  firebase_crashlytics_platform_interface 3.8.23 (3.8.24 available)
  firebase_messaging 16.3.0 (16.4.1 available)
  firebase_messaging_platform_interface 4.8.0 (4.9.0 available)
  firebase_messaging_web 4.2.0 (4.2.1 available)
  firebase_performance 0.11.4+2 (0.11.4+3 available)
  firebase_performance_platform_interface 0.2.0+2 (0.2.0+3 available)
  firebase_performance_web 0.1.8+8 (0.1.8+9 available)
  flutter_facebook_auth 7.1.5 (7.2.0 available)
  flutter_local_notifications 19.5.0 (22.0.1 available)
  flutter_local_notifications_linux 6.0.0 (8.0.1 available)
  flutter_local_notifications_platform_interface 9.1.0 (12.0.0 available)
  flutter_local_notifications_windows 1.0.3 (3.1.1 available)
  flutter_plugin_android_lifecycle 2.0.34 (2.0.35 available)
  flutter_secure_storage 9.2.4 (10.3.1 available)
  flutter_secure_storage_linux 1.2.3 (3.0.1 available)
  flutter_secure_storage_macos 3.1.3 (4.0.0 available)
  flutter_secure_storage_platform_interface 1.1.2 (2.0.1 available)
  flutter_secure_storage_web 1.2.1 (2.1.1 available)
  flutter_secure_storage_windows 3.1.2 (4.2.2 available)
  flutter_svg 2.2.4 (2.3.0 available)
  flutter_typeahead 5.2.0 (6.0.0 available)
  geolocator 14.0.2 (14.0.3 available)
  geolocator_android 5.0.2 (5.0.3 available)
  geolocator_apple 2.3.13 (2.3.14 available)
  geolocator_linux 0.2.4 (0.2.6 available)
  geolocator_platform_interface 4.2.6 (4.2.8 available)
  geolocator_web 4.1.3 (4.1.4 available)
  google_maps_flutter 2.14.2 (2.17.1 available)
  google_maps_flutter_android 2.19.8 (2.19.12 available)
  google_maps_flutter_ios 2.18.1 (2.18.4 available)
  google_maps_flutter_web 0.5.14+3 (0.6.2+3 available)
  google_sign_in_android 7.2.10 (7.2.15 available)
  gtk 2.1.0 (2.2.0 available)
  hooks 1.0.3 (2.0.2 available)
  image 4.8.0 (4.9.1 available)
  image_picker 1.2.2 (1.2.3 available)
  image_picker_android 0.8.13+17 (0.8.13+19 available)
  intl 0.20.2 (0.20.3 available)
  js 0.6.7 (0.7.2 available)
  json_annotation 4.11.0 (4.12.0 available)
  lottie 3.3.3 (3.5.0 available)
  matcher 0.12.19 (0.12.20 available)
  material_symbols_icons 4.2928.1 (4.2951.0 available)
  meta 1.17.0 (1.18.3 available)
  native_toolchain_c 0.17.6 (0.19.2 available)
  objective_c 9.3.0 (9.4.1 available)
  package_config 2.2.0 (3.0.0 available)
  package_info_plus 9.0.1 (10.2.0 available)
  package_info_plus_platform_interface 3.2.1 (4.1.0 available)
  path_provider 2.1.5 (2.1.6 available)
  path_provider_linux 2.2.1 (2.2.2 available)
  path_provider_platform_interface 2.1.2 (2.1.3 available)
  pdf 3.12.0 (3.13.0 available)
  permission_handler 12.0.1 (12.0.3 available)
  permission_handler_apple 9.4.7 (9.4.10 available)
  phone_numbers_parser 9.0.22 (9.0.24 available)
  pin_code_fields 8.0.1 (9.4.0 available)
  qr 3.0.2 (4.0.0 available)
  sanitize_html 2.1.0 (2.2.0 available)
  share_plus 12.0.2 (13.2.0 available)
  share_plus_platform_interface 6.1.0 (7.1.0 available)
  shared_preferences_android 2.4.23 (2.4.26 available)
  sign_in_with_apple 7.0.1 (8.1.0 available)
  speech_to_text 7.3.0 (7.4.0 available)
  speech_to_text_platform_interface 2.3.0 (2.4.0 available)
  speech_to_text_windows 1.0.0+beta.8 (1.0.1 available)
  sqflite 2.4.2+1 (2.4.3 available)
  sqflite_android 2.4.2+3 (2.4.3 available)
  sqflite_common 2.5.6+1 (2.5.11 available)
  sqflite_darwin 2.4.2 (2.4.3+1 available)
  sqflite_platform_interface 2.4.0 (2.4.1 available)
  sqlite3 2.9.4 (3.3.4 available)
  sqlite3_flutter_libs 0.5.42 (0.6.0+eol available)
  syncfusion_flutter_core 31.2.18 (34.1.29 available)
  syncfusion_flutter_datepicker 31.2.18 (34.1.29 available)
  synchronized 3.4.0+1 (3.4.1 available)
  test_api 0.7.10 (0.7.13 available)
  timezone 0.10.1 (0.11.1 available)
  url_launcher_android 6.3.29 (6.3.32 available)
  url_launcher_web 2.4.2 (2.4.3 available)
  vector_graphics 1.2.0 (1.2.2 available)
  vector_graphics_compiler 1.2.0 (1.2.6 available)
  vector_math 2.2.0 (2.4.0 available)
  vibration 3.1.8 (3.2.0 available)
  video_player_android 2.9.5 (2.10.0 available)
  video_player_avfoundation 2.9.4 (2.10.0 available)
  video_player_platform_interface 6.7.0 (6.9.0 available)
  wakelock_plus 1.5.2 (1.6.1 available)
  wakelock_plus_platform_interface 1.5.0 (1.5.1 available)
  webview_flutter 4.13.1 (4.14.1 available)
  webview_flutter_android 4.12.0 (4.13.0 available)
  webview_flutter_wkwebview 3.25.1 (3.26.0 available)
  win32 5.15.0 (6.3.0 available)
  win32_registry 2.1.0 (3.0.3 available)
  xml 6.6.1 (7.0.1 available)
  youtube_player_iframe 5.2.2 (6.0.2 available)
  youtube_player_iframe_web 3.1.2 (3.1.3 available)
Got dependencies!
1 package is discontinued.
131 packages have newer versions incompatible with dependency constraints.
Try `flutter pub outdated` for more information.
Launching lib/main.dart on sdk gphone16k arm64 in debug mode...
Running Gradle task 'assembleDebug'...                          
Note: Some input files use or override a deprecated API.
Note: Recompile with -Xlint:deprecation for details.
warning: [options] source value 8 is obsolete and will be removed in a future release
warning: [options] target value 8 is obsolete and will be removed in a future release
warning: [options] To suppress warnings about obsolete options, use -Xlint:-options.
3 warnings
warning: [options] source value 8 is obsolete and will be removed in a future release
warning: [options] target value 8 is obsolete and will be removed in a future release
warning: [options] To suppress warnings about obsolete options, use -Xlint:-options.
Note: Some input files use or override a deprecated API.
Note: Recompile with -Xlint:deprecation for details.
Note: Some input files use unchecked or unsafe operations.
Note: Recompile with -Xlint:unchecked for details.
3 warnings
warning: [options] source value 8 is obsolete and will be removed in a future release
warning: [options] target value 8 is obsolete and will be removed in a future release
warning: [options] To suppress warnings about obsolete options, use -Xlint:-options.
3 warnings
warning: [options] source value 8 is obsolete and will be removed in a future release
warning: [options] target value 8 is obsolete and will be removed in a future release
warning: [options] To suppress warnings about obsolete options, use -Xlint:-options.
3 warnings
warning: [options] source value 8 is obsolete and will be removed in a future release
warning: [options] target value 8 is obsolete and will be removed in a future release
warning: [options] To suppress warnings about obsolete options, use -Xlint:-options.
3 warnings
Note: Some input files use or override a deprecated API.
Note: Recompile with -Xlint:deprecation for details.
Running Gradle task 'assembleDebug'...                             31.5s
✓ Built build/app/outputs/flutter-apk/app-debug.apk
Installing build/app/outputs/flutter-apk/app-debug.apk...          609ms
D/FlutterJNI(16834): Beginning load of flutter...
D/FlutterJNI(16834): flutter (null) was loaded normally!
I/flutter (16834): [IMPORTANT:flutter/shell/platform/android/android_context_gl_impeller.cc(104)] Using the Impeller rendering backend (OpenGLES).
D/FlutterGeolocator(16834): Attaching Geolocator to activity
D/FlutterRenderer(16834): Width is zero. 0,0
D/FlutterGeolocator(16834): Creating service.
D/FlutterGeolocator(16834): Binding to location service.
D/FlutterLocationService(16834): Creating service.
D/FlutterLocationService(16834): Binding to location service.
D/FlutterRenderer(16834): Width is zero. 0,0
D/FlutterJNI(16834): Sending viewport metrics to the engine.
D/FlutterGeolocator(16834): Geolocator foreground service connected
D/FlutterGeolocator(16834): Initializing Geolocator services
D/FlutterGeolocator(16834): Flutter engine connected. Connected engine count 1
D/LocationPlugin(16834): Service connected: ComponentInfo{com.izzes.nears/com.lyokone.location.FlutterLocationService}
D/FA      (16834): Connected to remote service
V/FA      (16834): Processing queued up service tasks: 1
D/WindowLayoutComponentImpl(16834): Register WindowLayoutInfoListener on Context=com.izzes.nears.MainActivity@4bb604d, of which baseContext=android.app.ContextImpl@3805b73
D/FlutterJNI(16834): Sending viewport metrics to the engine.
D/FirebaseSessions(16834): Dependency to CRASHLYTICS added.
I/FirebaseApp(16834): Device unlocked: initializing all Firebase APIs for app [DEFAULT]
I/FirebaseCrashlytics(16834): Initializing Firebase Crashlytics 20.0.6 for com.izzes.nears
D/FirebaseSessions(16834): Subscriber CRASHLYTICS registered.
Syncing files to device sdk gphone16k arm64...                  
I/FirebaseCrashlytics(16834): No version control information found
D/nativeloader(16834): Load /data/app/~~Y5qkn8PZxIjHviar21vQIw==/com.izzes.nears-Z6ogiKGm5mWOoQFXIrAhog==/lib/arm64/libdatastore_shared_counter.so using class loader ns clns-9 (caller=/data/app/~~Y5qkn8PZxIjHviar21vQIw==/com.izzes.nears-Z6ogiKGm5mWOoQFXIrAhog==/base.apk!classes23.dex): ok
D/FirebaseSessions(16834): Initializing Firebase Sessions 3.0.6.
D/FirebaseSessions(16834): No Sessions subscribers. Not listening to lifecycle events.
I/HWUI    (16834): Using FreeType backend (prop=Auto)
D/FirebaseSessions(16834): Notified CRASHLYTICS of new session 4cd8c953871a4d77816a9bad0bb3c647
I/flutter (16834): 📊 analytics: app_open {}
I/flutter (16834): [INFO] msg="route: building splash route, hasData=false"
Syncing files to device sdk gphone16k arm64...                     147ms

Flutter run key commands.
r Hot reload. 🔥🔥🔥
R Hot restart.
h List all available interactive commands.
d Detach (terminate "flutter run" but leave application running).
c Clear the screen
q Quit (terminate the application on the device).

A Dart VM Service on sdk gphone16k arm64 is available at: http://127.0.0.1:64495/PuvV6f69vgg=/
The Flutter DevTools debugger and profiler on sdk gphone16k arm64 is available at: http://127.0.0.1:64495/PuvV6f69vgg=/devtools/?uri=ws://127.0.0.1:64495/PuvV6f69vgg=/ws
I/flutter (16834): [INFO] msg="route: navigating to splash screen"
I/flutter (16834): [NET] GET endpoint=/api/v1/customer/cart/list
V/FA      (16834): Logging screen view with name, class: /splash?data=null&deeplink=null, MainActivity
E/FA      (16834): Missing google_app_id. Firebase Analytics disabled. See https://goo.gl/NAOOOI
V/FA      (16834): Recording user engagement, ms: 1092
I/flutter (16834): [NET] GET endpoint=/api/v1/config
I/FLTFireBGExecutor(16834): Creating background FlutterEngine instance, with args: [--enable-dart-profiling]
W/libc    (16834): Access denied finding property "vendor.mesa.virtgpu.kumquat"
D/FLTFireContextHolder(16834): received application context.
I/flutter (16834): [IMPORTANT:flutter/shell/platform/android/android_context_gl_impeller.cc(104)] Using the Impeller rendering backend (OpenGLES).
W/libc    (16834): Access denied finding property "vendor.mesa.virtgpu.kumquat"
D/InsetsController(16834): hide(ime())
I/ImeTracker(16834): com.izzes.nears:5b277042: onCancelled at PHASE_CLIENT_ALREADY_HIDDEN
D/FlutterGeolocator(16834): Geolocator foreground service connected
D/FlutterGeolocator(16834): Initializing Geolocator services
D/FlutterGeolocator(16834): Flutter engine connected. Connected engine count 2
I/FLTFireMsgService(16834): FlutterFirebaseMessagingBackgroundService started!
I/flutter (16834): [NET] endpoint=/api/v1/customer/cart/list http_status=200
I/flutter (16834): [NET] endpoint=/api/v1/config http_status=200
I/flutter (16834): [INFO] msg="splash: deeplink resolved canRoute=true"
I/flutter (16834): [NET] GET endpoint=/api/v1/config/get-zone-id
I/flutter (16834): [NET] GET endpoint=/api/v1/module
I/flutter (16834): [INFO] msg="FCM registration id obtained"
I/flutter (16834): [NET] POST endpoint=/api/v1/customer/cm-firebase-token
I/flutter (16834): [NET] endpoint=/api/v1/customer/cm-firebase-token http_status=200
I/flutter (16834): [NET] endpoint=/api/v1/config/get-zone-id http_status=200
I/flutter (16834): [INFO] msg="location: inZone=true"
I/flutter (16834): [NET] endpoint=/api/v1/module http_status=200
I/flutter (16834): 📊 analytics: sectors_shown {sectors_count: 3, zone_id: 1}
E/FA      (16834): Missing google_app_id. Firebase Analytics disabled. See https://goo.gl/NAOOOI
I/flutter (16834): [INFO] msg="route: initial route module=grocery-food"
I/flutter (16834): [INFO] msg="route: waiting for module=grocery-food"
I/flutter (16834): [INFO] msg="route: checkModuleId configNull=false hasAddress=true fromDeeplink=false"
I/flutter (16834): [INFO] msg="route: not from deeplink, skipping module fetch"
I/flutter (16834): [INFO] msg="route: module future state=ConnectionState.waiting hasData=false hasError=false"
V/FA      (16834): Logging screen view with name, class: /?module=grocery-food&from-splash=true, MainActivity
V/FA      (16834): Recording user engagement, ms: 1804
D/WindowOnBackDispatcher(16834): setTopOnBackInvokedCallback (unwrapped): io.flutter.embedding.android.FlutterActivity$1@dbd2b3a
I/flutter (16834): [INFO] msg="route: module future state=ConnectionState.done hasData=false hasError=false"
I/flutter (16834): [NET] GET endpoint=/api/v1/customer/order/running-orders
I/flutter (16834): [NET] GET endpoint=/api/v1/customer/order/payment-failed
I/flutter (16834): [INFO] msg="home load started"
I/flutter (16834): [NET] GET endpoint=/api/v1/config/get-zone-id
I/flutter (16834): [NET] endpoint=/api/v1/config/get-zone-id http_status=200
I/flutter (16834): [INFO] msg="location: inZone=true"
I/flutter (16834): [NET] GET endpoint=/api/v1/customer/info
I/flutter (16834): [NET] endpoint=/api/v1/customer/order/payment-failed http_status=200
I/flutter (16834): [NET] endpoint=/api/v1/customer/order/running-orders http_status=200
I/flutter (16834): [NET] endpoint=/api/v1/customer/info http_status=200
I/flutter (16834): [NET] GET endpoint=/api/v1/customer/notifications
I/flutter (16834): [NET] GET endpoint=/api/v1/coupon/list
I/flutter (16834): [NET] GET endpoint=/api/v1/banners
I/flutter (16834): [NET] GET endpoint=/api/v1/customer/address/list
I/flutter (16834): [NET] GET endpoint=/api/v1/module
I/flutter (16834): [NET] GET endpoint=/api/v1/stores/get-stores/all
I/flutter (16834): [NET] endpoint=/api/v1/coupon/list http_status=200
I/flutter (16834): [NET] endpoint=/api/v1/customer/notifications http_status=200
I/flutter (16834): [NET] endpoint=/api/v1/banners http_status=200
I/flutter (16834): [NET] endpoint=/api/v1/stores/get-stores/all http_status=200
I/flutter (16834): [NET] endpoint=/api/v1/customer/address/list http_status=200
D/ProfileInstaller(16834): Installing profile for com.izzes.nears
I/flutter (16834): [NET] endpoint=/api/v1/module http_status=200
V/FA      (16834): Inactivity, disconnecting from the service
I/flutter (16834): 📊 analytics: global_search_opened {zone_id: 1}
I/flutter (16834): [NET] GET endpoint=/api/v1/search/trending
E/FA      (16834): Missing google_app_id. Firebase Analytics disabled. See https://goo.gl/NAOOOI
V/FA      (16834): Logging screen view with name, class: /global-search, MainActivity
V/FA      (16834): Recording user engagement, ms: 40271
V/FA      (16834): Connecting to remote service
D/FA      (16834): Connected to remote service
V/FA      (16834): Processing queued up service tasks: 1
I/flutter (16834): [NET] endpoint=/api/v1/search/trending http_status=200
V/FA      (16834): Inactivity, disconnecting from the service
I/ImeTracker(16834): com.izzes.nears:880534a7: onRequestShow at ORIGIN_CLIENT reason SHOW_SOFT_INPUT fromUser false userId 0 displayId 0
D/InsetsController(16834): show(ime())
D/InsetsController(16834): Setting requestedVisibleTypes to 511 (was 503)
I/AssistStructure(16834): Flattened final assist data: 500 bytes, containing 1 windows, 3 views
D/InputConnectionAdaptor(16834): The input method toggled cursor monitoring on
D/WindowOnBackDispatcher(16834): setTopOnBackInvokedCallback (unwrapped): android.view.ImeBackAnimationController@ee6f24b
D/FlutterJNI(16834): Sending viewport metrics to the engine.
W/InteractionJankMonitor(16834): Initializing without READ_DEVICE_CONFIG permission. enabled=false, interval=1, missedFrameThreshold=3, frameTimeThreshold=64, package=com.izzes.nears
D/FlutterJNI(16834): Sending viewport metrics to the engine.
D/FlutterJNI(16834): Sending viewport metrics to the engine.
D/FlutterJNI(16834): Sending viewport metrics to the engine.
D/FlutterJNI(16834): Sending viewport metrics to the engine.
D/FlutterJNI(16834): Sending viewport metrics to the engine.
D/FlutterJNI(16834): Sending viewport metrics to the engine.
D/FlutterJNI(16834): Sending viewport metrics to the engine.
D/FlutterJNI(16834): Sending viewport metrics to the engine.
D/FlutterJNI(16834): Sending viewport metrics to the engine.
D/FlutterJNI(16834): Sending viewport metrics to the engine.
D/FlutterJNI(16834): Sending viewport metrics to the engine.
D/FlutterJNI(16834): Sending viewport metrics to the engine.
I/ImeTracker(16834): com.izzes.nears:880534a7: onShown
D/FlutterJNI(16834): Sending viewport metrics to the engine.
D/FlutterJNI(16834): Sending viewport metrics to the engine.
D/FlutterJNI(16834): Sending viewport metrics to the engine.
D/VRI[MainActivity](16834): WindowInsets changed: ime:[0,0,0,72] 
D/FlutterJNI(16834): Sending viewport metrics to the engine.
D/VRI[MainActivity](16834): WindowInsets changed: ime:[0,0,0,144] 
D/FlutterJNI(16834): Sending viewport metrics to the engine.
I/ImeTracker(16834): system_server:64ef6951: onCancelled at PHASE_CLIENT_ON_CONTROLS_CHANGED
D/VRI[MainActivity](16834): WindowInsets changed: ime:[0,0,0,335] 
D/FlutterJNI(16834): Sending viewport metrics to the engine.
I/ImeTracker(16834): system_server:9656746e: onCancelled at PHASE_CLIENT_ON_CONTROLS_CHANGED
D/VRI[MainActivity](16834): WindowInsets changed: ime:[0,0,0,662] 
D/FlutterJNI(16834): Sending viewport metrics to the engine.
I/ImeTracker(16834): system_server:2b5639d0: onCancelled at PHASE_CLIENT_ON_CONTROLS_CHANGED
D/VRI[MainActivity](16834): WindowInsets changed: ime:[0,0,0,831] 
D/FlutterJNI(16834): Sending viewport metrics to the engine.
I/ImeTracker(16834): system_server:1e6f419d: onCancelled at PHASE_CLIENT_ON_CONTROLS_CHANGED
D/VRI[MainActivity](16834): WindowInsets changed: ime:[0,0,0,925] 
D/FlutterJNI(16834): Sending viewport metrics to the engine.
I/ImeTracker(16834): system_server:5a824d36: onCancelled at PHASE_CLIENT_ON_CONTROLS_CHANGED
I/ImeTracker(16834): system_server:384fc0e1: onCancelled at PHASE_CLIENT_ON_CONTROLS_CHANGED
D/VRI[MainActivity](16834): WindowInsets changed: ime:[0,0,0,975] 
D/FlutterJNI(16834): Sending viewport metrics to the engine.
I/ImeTracker(16834): system_server:3f348f04: onCancelled at PHASE_CLIENT_ON_CONTROLS_CHANGED
D/VRI[MainActivity](16834): WindowInsets changed: ime:[0,0,0,991] 
D/FlutterJNI(16834): Sending viewport metrics to the engine.
I/ImeTracker(16834): system_server:410ef6c5: onCancelled at PHASE_CLIENT_ON_CONTROLS_CHANGED
I/ImeTracker(16834): system_server:89f80b4f: onCancelled at PHASE_CLIENT_ON_CONTROLS_CHANGED
I/ImeTracker(16834): system_server:42fff558: onCancelled at PHASE_CLIENT_ON_CONTROLS_CHANGED
D/VRI[MainActivity](16834): WindowInsets changed: ime:[0,0,0,1008] 
D/FlutterJNI(16834): Sending viewport metrics to the engine.
I/ImeTracker(16834): com.izzes.nears:a600db3c: onRequestShow at ORIGIN_CLIENT reason SHOW_SOFT_INPUT fromUser false userId 0 displayId 0
D/InsetsController(16834): show(ime())
I/ImeTracker(16834): com.izzes.nears:a600db3c: onCancelled at PHASE_CLIENT_APPLY_ANIMATION
I/flutter (16834): [NET] GET endpoint=/api/v1/items/item-or-store-search
I/flutter (16834): [NET] GET endpoint=/api/v1/search/global
I/flutter (16834): [NET] endpoint=/api/v1/items/item-or-store-search http_status=200
I/flutter (16834): [NET] endpoint=/api/v1/search/global http_status=200
I/ImeTracker(16834): com.izzes.nears:ef7f2c6b: onRequestShow at ORIGIN_CLIENT reason SHOW_SOFT_INPUT fromUser false userId 0 displayId 0
D/InsetsController(16834): show(ime())
I/ImeTracker(16834): com.izzes.nears:ef7f2c6b: onCancelled at PHASE_CLIENT_APPLY_ANIMATION
I/ImeTracker(16834): com.izzes.nears:413257a4: onRequestShow at ORIGIN_CLIENT reason SHOW_SOFT_INPUT fromUser false userId 0 displayId 0
D/InsetsController(16834): show(ime())
I/ImeTracker(16834): com.izzes.nears:413257a4: onCancelled at PHASE_CLIENT_APPLY_ANIMATION
I/ImeTracker(16834): com.izzes.nears:a753277a: onRequestHide at ORIGIN_CLIENT reason HIDE_SOFT_INPUT fromUser false userId 0 displayId 0
D/InsetsController(16834): hide(ime())
D/WindowOnBackDispatcher(16834): setTopOnBackInvokedCallback (unwrapped): io.flutter.embedding.android.FlutterActivity$1@dbd2b3a
D/InsetsController(16834): Setting requestedVisibleTypes to 503 (was 511)
D/CompatChangeReporter(16834): Compat change id reported: 395521150; UID 10228; state: ENABLED
D/VRI[MainActivity](16834): WindowInsets changed: ime:null 
D/FlutterJNI(16834): Sending viewport metrics to the engine.
I/ImeTracker(16834): system_server:2bb33597: onCancelled at PHASE_CLIENT_ON_CONTROLS_CHANGED
D/InteractionJankMonitor(16834): Build configuration failed!
D/InteractionJankMonitor(16834): java.lang.IllegalArgumentException: Must pass in a valid surface control if only instrument surface; 
D/InteractionJankMonitor(16834): 	at com.android.internal.jank.InteractionJankMonitor$Configuration.validate(InteractionJankMonitor.java:946)
D/InteractionJankMonitor(16834): 	at com.android.internal.jank.InteractionJankMonitor$Configuration.<init>(InteractionJankMonitor.java:882)
D/InteractionJankMonitor(16834): 	at com.android.internal.jank.InteractionJankMonitor$Configuration.<init>(InteractionJankMonitor.java:0)
D/InteractionJankMonitor(16834): 	at com.android.internal.jank.InteractionJankMonitor$Configuration$Builder.build(InteractionJankMonitor.java:852)
D/InteractionJankMonitor(16834): 	at com.android.internal.jank.InteractionJankMonitor.begin(InteractionJankMonitor.java:400)
D/InteractionJankMonitor(16834): 	at android.view.inputmethod.ImeTracker$ImeJankTracker.lambda$onRequestAnimation$0(ImeTracker.java:970)
D/InteractionJankMonitor(16834): 	at android.view.inputmethod.ImeTracker$ImeJankTracker$$ExternalSyntheticLambda0.run(D8$$SyntheticClass:0)
D/InteractionJankMonitor(16834): 	at android.os.Handler.handleCallback(Handler.java:1095)
D/InteractionJankMonitor(16834): 	at android.os.Handler.dispatchMessageImpl(Handler.java:135)
D/InteractionJankMonitor(16834): 	at android.os.Handler.dispatchMessage(Handler.java:125)
D/InteractionJankMonitor(16834): 	at android.os.Looper.loopOnce(Looper.java:296)
D/InteractionJankMonitor(16834): 	at android.os.Looper.loop(Looper.java:397)
D/InteractionJankMonitor(16834): 	at android.app.ActivityThread.main(ActivityThread.java:9523)
D/InteractionJankMonitor(16834): 	at java.lang.reflect.Method.invoke(Native Method)
D/InteractionJankMonitor(16834): 	at com.android.internal.os.RuntimeInit$MethodAndArgsCaller.run(RuntimeInit.java:575)
D/InteractionJankMonitor(16834): 	at com.android.internal.os.ZygoteInit.main(ZygoteInit.java:939)
D/FlutterJNI(16834): Sending viewport metrics to the engine.
D/FlutterJNI(16834): Sending viewport metrics to the engine.
D/FlutterJNI(16834): Sending viewport metrics to the engine.
D/FlutterJNI(16834): Sending viewport metrics to the engine.
D/FlutterJNI(16834): Sending viewport metrics to the engine.
D/FlutterJNI(16834): Sending viewport metrics to the engine.
D/FlutterJNI(16834): Sending viewport metrics to the engine.
D/FlutterJNI(16834): Sending viewport metrics to the engine.
D/FlutterJNI(16834): Sending viewport metrics to the engine.
D/FlutterJNI(16834): Sending viewport metrics to the engine.
D/FlutterJNI(16834): Sending viewport metrics to the engine.
D/FlutterJNI(16834): Sending viewport metrics to the engine.
D/FlutterJNI(16834): Sending viewport metrics to the engine.
D/FlutterJNI(16834): Sending viewport metrics to the engine.
D/FlutterJNI(16834): Sending viewport metrics to the engine.
D/FlutterJNI(16834): Sending viewport metrics to the engine.
D/FlutterJNI(16834): Sending viewport metrics to the engine.
D/FlutterJNI(16834): Sending viewport metrics to the engine.
D/FlutterJNI(16834): Sending viewport metrics to the engine.
I/flutter (16834): 📊 analytics: search_result_tapped {item_id: 21, position: 0, query_hash: 8825e765}
E/FA      (16834): Missing google_app_id. Firebase Analytics disabled. See https://goo.gl/NAOOOI
I/flutter (16834): 📊 analytics: search_result_tapped {item_id: 6, position: 1, query_hash: 8825e765}
E/FA      (16834): Missing google_app_id. Firebase Analytics disabled. See https://goo.gl/NAOOOI
I/flutter (16834): [NET] DELETE endpoint=/api/v1/customer/cart/remove
I/flutter (16834): [NET] endpoint=/api/v1/customer/cart/remove http_status=200
I/flutter (16834): [NET] GET endpoint=/api/v1/customer/cart/list
I/flutter (16834): [NET] GET endpoint=/api/v1/cashback/list
I/flutter (16834): [NET] GET endpoint=/api/v1/customer/wish-list
I/flutter (16834): [NET] GET endpoint=/api/v1/customer/cart/list
V/FA      (16834): Logging screen view with name, class: /?module=grocery-food&from-splash=true, MainActivity
E/FA      (16834): Missing google_app_id. Firebase Analytics disabled. See https://goo.gl/NAOOOI
V/FA      (16834): Recording user engagement, ms: 317586
V/FA      (16834): Connecting to remote service
I/flutter (16834): [NET] GET endpoint=/api/v1/items/details/6
D/FA      (16834): Connected to remote service
V/FA      (16834): Processing queued up service tasks: 1
I/flutter (16834): [NET] endpoint=/api/v1/customer/cart/list http_status=200
I/flutter (16834): [NET] endpoint=/api/v1/cashback/list http_status=200
I/flutter (16834): [NET] endpoint=/api/v1/customer/cart/list http_status=200
I/flutter (16834): [NET] endpoint=/api/v1/items/details/6 http_status=200
I/flutter (16834): 📊 analytics: view_item {item_id: 6, item_category: 6, price: 4.5, value: 4.5}
I/flutter (16834): [NET] endpoint=/api/v1/customer/wish-list http_status=200
V/FA      (16834): Inactivity, disconnecting from the service
I/flutter (16834): [NET] POST endpoint=/api/v1/customer/cart/add
I/flutter (16834): [NET] GET endpoint=/api/v1/cashback/list
I/flutter (16834): [NET] GET endpoint=/api/v1/customer/wish-list
I/flutter (16834): [NET] GET endpoint=/api/v1/customer/cart/list
I/flutter (16834): [NET] endpoint=/api/v1/customer/cart/list http_status=200
I/flutter (16834): [NET] endpoint=/api/v1/cashback/list http_status=200
I/flutter (16834): [NET] endpoint=/api/v1/customer/cart/add http_status=200
I/flutter (16834): 📊 analytics: add_to_cart {item_id: 6, price: 4.5, quantity: 1, currency: AED, value: 4.5}
I/flutter (16834): 📊 analytics: search_add_to_cart {item_id: 6, store_id: 2, from_search: 1}
E/FA      (16834): Missing google_app_id. Firebase Analytics disabled. See https://goo.gl/NAOOOI
I/flutter (16834): [NET] endpoint=/api/v1/customer/wish-list http_status=200
I/flutter (16834): [NET] GET endpoint=/api/v1/categories/popular
I/flutter (16834): [NET] GET endpoint=/api/v1/customer/suggested-items
I/flutter (16834): [NET] endpoint=/api/v1/categories/popular http_status=200
I/flutter (16834): [NET] endpoint=/api/v1/customer/suggested-items http_status=200
I/ImeTracker(16834): com.izzes.nears:10331973: onRequestShow at ORIGIN_CLIENT reason SHOW_SOFT_INPUT fromUser false userId 0 displayId 0
D/InsetsController(16834): show(ime())
D/InsetsController(16834): Setting requestedVisibleTypes to 511 (was 503)
D/InputConnectionAdaptor(16834): The input method toggled cursor monitoring on
I/AssistStructure(16834): Flattened final assist data: 496 bytes, containing 1 windows, 3 views
D/WindowOnBackDispatcher(16834): setTopOnBackInvokedCallback (unwrapped): android.view.ImeBackAnimationController@ee6f24b
D/VRI[MainActivity](16834): WindowInsets changed: ime:[0,0,0,1008] 
D/FlutterJNI(16834): Sending viewport metrics to the engine.
D/FlutterJNI(16834): Sending viewport metrics to the engine.
D/FlutterJNI(16834): Sending viewport metrics to the engine.
D/FlutterJNI(16834): Sending viewport metrics to the engine.
D/FlutterJNI(16834): Sending viewport metrics to the engine.
D/FlutterJNI(16834): Sending viewport metrics to the engine.
D/FlutterJNI(16834): Sending viewport metrics to the engine.
D/FlutterJNI(16834): Sending viewport metrics to the engine.
D/FlutterJNI(16834): Sending viewport metrics to the engine.
D/FlutterJNI(16834): Sending viewport metrics to the engine.
D/FlutterJNI(16834): Sending viewport metrics to the engine.
D/FlutterJNI(16834): Sending viewport metrics to the engine.
D/FlutterJNI(16834): Sending viewport metrics to the engine.
D/FlutterJNI(16834): Sending viewport metrics to the engine.
D/FlutterJNI(16834): Sending viewport metrics to the engine.
D/FlutterJNI(16834): Sending viewport metrics to the engine.
D/FlutterJNI(16834): Sending viewport metrics to the engine.
D/FlutterJNI(16834): Sending viewport metrics to the engine.
I/ImeTracker(16834): com.izzes.nears:10331973: onShown
D/FlutterJNI(16834): Sending viewport metrics to the engine.
D/FlutterJNI(16834): Sending viewport metrics to the engine.
I/flutter (16834): [NET] GET endpoint=/api/v1/items/item-or-store-search
I/flutter (16834): [NET] GET endpoint=/api/v1/search/unified
I/flutter (16834): [NET] endpoint=/api/v1/items/item-or-store-search http_status=200
I/flutter (16834): [NET] endpoint=/api/v1/search/unified http_status=200
I/flutter (16834): 📊 analytics: search {search_term: milk, result_count: 5, store_count_returned: 0}
E/FA      (16834): Missing google_app_id. Firebase Analytics disabled. See https://goo.gl/NAOOOI
I/ImeTracker(16834): com.izzes.nears:b906f0d3: onRequestHide at ORIGIN_CLIENT reason HIDE_SOFT_INPUT fromUser false userId 0 displayId 0
D/InsetsController(16834): hide(ime())
D/WindowOnBackDispatcher(16834): setTopOnBackInvokedCallback (unwrapped): io.flutter.embedding.android.FlutterActivity$1@dbd2b3a
D/InsetsController(16834): Setting requestedVisibleTypes to 503 (was 511)
D/VRI[MainActivity](16834): WindowInsets changed: ime:null 
D/FlutterJNI(16834): Sending viewport metrics to the engine.
D/FlutterJNI(16834): Sending viewport metrics to the engine.
I/ImeTracker(16834): system_server:afc2dc4e: onCancelled at PHASE_CLIENT_ON_CONTROLS_CHANGED
D/FlutterJNI(16834): Sending viewport metrics to the engine.
D/FlutterJNI(16834): Sending viewport metrics to the engine.
D/FlutterJNI(16834): Sending viewport metrics to the engine.
D/FlutterJNI(16834): Sending viewport metrics to the engine.
D/FlutterJNI(16834): Sending viewport metrics to the engine.
D/FlutterJNI(16834): Sending viewport metrics to the engine.
D/FlutterJNI(16834): Sending viewport metrics to the engine.
D/FlutterJNI(16834): Sending viewport metrics to the engine.
D/FlutterJNI(16834): Sending viewport metrics to the engine.
D/FlutterJNI(16834): Sending viewport metrics to the engine.
D/FlutterJNI(16834): Sending viewport metrics to the engine.
D/FlutterJNI(16834): Sending viewport metrics to the engine.
D/FlutterJNI(16834): Sending viewport metrics to the engine.
D/FlutterJNI(16834): Sending viewport metrics to the engine.
D/FlutterJNI(16834): Sending viewport metrics to the engine.
D/FlutterJNI(16834): Sending viewport metrics to the engine.
D/FlutterJNI(16834): Sending viewport metrics to the engine.
D/FlutterJNI(16834): Sending viewport metrics to the engine.
D/FlutterJNI(16834): Sending viewport metrics to the engine.
I/flutter (16834): [NET] GET endpoint=/api/v1/items/details/6
I/flutter (16834): [NET] endpoint=/api/v1/items/details/6 http_status=200
I/flutter (16834): 📊 analytics: view_item {item_id: 6, item_category: 6, price: 4.5, value: 4.5}
I/flutter (16834): [NET] GET endpoint=/api/v1/customer/order/payment-failed
I/flutter (16834): [INFO] msg="order: trackOrder orderID=158"
I/flutter (16834): [INFO] msg="trackOrder called for orderID=158"
I/flutter (16834): [NET] GET endpoint=/api/v1/customer/order/track
I/flutter (16834): [NET] GET endpoint=/api/v1/customer/order/details
V/FA      (16834): Logging screen view with name, class: /order-details?id=158&from=null&from_offline=null&contact=null, MainActivity
E/FA      (16834): Missing google_app_id. Firebase Analytics disabled. See https://goo.gl/NAOOOI
V/FA      (16834): Recording user engagement, ms: 197655
V/FA      (16834): Connecting to remote service
D/FA      (16834): Connected to remote service
V/FA      (16834): Processing queued up service tasks: 1
I/flutter (16834): [NET] endpoint=/api/v1/customer/order/payment-failed http_status=200
I/flutter (16834): [NET] endpoint=/api/v1/customer/order/details http_status=200
I/flutter (16834): [NET] endpoint=/api/v1/customer/order/track http_status=200
D/MapsInitializer(16834): preferredRenderer: null
D/zzcc    (16834): preferredRenderer: null
I/zzcc    (16834): Making Creator dynamically
I/DynamiteModule(16834): Considering local module com.google.android.gms.maps_core_dynamite:0 and remote module com.google.android.gms.maps_core_dynamite:260830202
I/DynamiteModule(16834): Selected remote version of com.google.android.gms.maps_core_dynamite, version >= 260830202
V/DynamiteModule(16834): Dynamite loader version >= 2, using loadModule2NoCrashUtils
D/zzcc    (16834): early loading native code
W/NativeHelper(16834): Loading native library 'gmm-jni' on thread main
D/nativeloader(16834): Configuring clns-11 for other apk . target_sdk_version=36, uses_libraries=ALL, library_path=/data/user_de/0/com.google.android.gms/app_chimera/m/00000014/dl-MapsCoreDynamite.integ_260830202100400.apk!/lib/arm64-v8a, permitted_path=/data:/mnt/expand
D/nativeloader(16834): Load /data/user_de/0/com.google.android.gms/app_chimera/m/00000014/dl-MapsCoreDynamite.integ_260830202100400.apk!/lib/arm64-v8a/libgmm-jni.so using isolated ns clns-11 (caller=/data/user_de/0/com.google.android.gms/app_chimera/m/00000014/dl-MapsCoreDynamite.integ_260830202100400.apk!classes2.dex): ok
I/native  (16834): I0000 00:00:1783706437.427197   16834 jni_init.cc:36] Initializing JNI...
I/NativeHelper(16834): JNI initialized.
I/Google Android Maps SDK(16834): Google Play services client version: 20000000
D/bo      (16834): SDK type: 1, version: 260830202
D/ho      (16834): maps_core_dynamite module version in use (0 represents standalone library): 260830202
I/m140.fwg.a(16834): Shared storage file not found for com.google.android.gms.maps#com.izzes.nears
I/m140.fwg.a(16834): Unable to retrieve flag snapshot for com.google.android.gms.maps#com.izzes.nears, using defaults.
D/ho      (16834): Added event: 109
D/ho      (16834): Added event: 112
D/MapsInitializer(16834): loadedRenderer: LATEST
D/zzcc    (16834): preferredRenderer: null
D/bo      (16834): SDK type: 1, version: 260830202
I/Google Android Maps SDK(16834): Google Play services package version: 262532035
I/Google Android Maps SDK(16834): Google Play services maps renderer version(maps_core): 260830202
D/bo      (16834): SDK type: 1, version: 260830202
D/de      (16834): about to start loading native library asynchronously
W/PhFlagUpdateRegistry(16834): Failed to register flag update listener which may lead to stale flags.
W/PhFlagUpdateRegistry(16834): java.util.concurrent.ExecutionException: java.lang.SecurityException: GoogleCertificatesRslt: not allowed: pkg=com.izzes.nears, sha256=[9248c7c19399db2a66c258fdee11aefbbd22748f101050904772ca4ae255a193], atk=true, ver=262532035.true (go/gsrlt)
W/PhFlagUpdateRegistry(16834): 	at m140.hle.h(:com.google.android.gms.policy_maps_core_dynamite@260830207@260830202025.896086277.896086277:21)
W/PhFlagUpdateRegistry(16834): 	at m140.hlf.s(:com.google.android.gms.policy_maps_core_dynamite@260830207@260830202025.896086277.896086277:23)
W/PhFlagUpdateRegistry(16834): 	at m140.hle.get(:com.google.android.gms.policy_maps_core_dynamite@260830207@260830202025.896086277.896086277:395)
W/PhFlagUpdateRegistry(16834): 	at m140.hog.a(:com.google.android.gms.policy_maps_core_dynamite@260830207@260830202025.896086277.896086277:2)
W/PhFlagUpdateRegistry(16834): 	at m140.hmz.i(:com.google.android.gms.policy_maps_core_dynamite@260830207@260830202025.896086277.896086277:10)
W/PhFlagUpdateRegistry(16834): 	at m140.fzo.run(:com.google.android.gms.policy_maps_core_dynamite@260830207@260830202025.896086277.896086277:3)
W/PhFlagUpdateRegistry(16834): 	at java.util.concurrent.Executors$RunnableAdapter.call(Executors.java:520)
W/PhFlagUpdateRegistry(16834): 	at java.util.concurrent.FutureTask.run(FutureTask.java:328)
W/PhFlagUpdateRegistry(16834): 	at java.util.concurrent.ScheduledThreadPoolExecutor$ScheduledFutureTask.run(ScheduledThreadPoolExecutor.java:323)
W/PhFlagUpdateRegistry(16834): 	at java.util.concurrent.ThreadPoolExecutor.runWorker(ThreadPoolExecutor.java:1100)
W/PhFlagUpdateRegistry(16834): 	at java.util.concurrent.ThreadPoolExecutor$Worker.run(ThreadPoolExecutor.java:624)
W/PhFlagUpdateRegistry(16834): 	at java.lang.Thread.run(Thread.java:1572)
W/PhFlagUpdateRegistry(16834): Caused by: java.lang.SecurityException: GoogleCertificatesRslt: not allowed: pkg=com.izzes.nears, sha256=[9248c7c19399db2a66c258fdee11aefbbd22748f101050904772ca4ae255a193], atk=true, ver=262532035.true (go/gsrlt)
W/PhFlagUpdateRegistry(16834): 	at android.os.Parcel.createExceptionOrNull(Parcel.java:3392)
W/PhFlagUpdateRegistry(16834): 	at android.os.Parcel.createException(Parcel.java:3376)
W/PhFlagUpdateRegistry(16834): 	at android.os.Parcel.readException(Parcel.java:3359)
W/PhFlagUpdateRegistry(16834): 	at android.os.Parcel.readException(Parcel.java:3301)
W/PhFlagUpdateRegistry(16834): 	at m140.azb.c(:com.google.android.gms.policy_maps_core_dynamite@260830207@260830202025.896086277.896086277:11)
W/PhFlagUpdateRegistry(16834): 	at m140.cxk.a(:com.google.android.gms.policy_maps_core_dynamite@260830207@260830202025.896086277.896086277:32)
W/PhFlagUpdateRegistry(16834): 	at m140.cpg.b(:com.google.android.gms.policy_maps_core_dynamite@260830207@260830202025.896086277.896086277:5)
W/PhFlagUpdateRegistry(16834): 	at m140.cnq.b(:com.google.android.gms.policy_maps_core_dynamite@260830207@260830202025.896086277.896086277:9)
W/PhFlagUpdateRegistry(16834): 	at m140.cno.e(:com.google.android.gms.policy_maps_core_dynamite@260830207@260830202025.896086277.896086277:1)
W/PhFlagUpdateRegistry(16834): 	at m140.coq.u(:com.google.android.gms.policy_maps_core_dynamite@260830207@260830202025.896086277.896086277:10)
W/PhFlagUpdateRegistry(16834): 	at m140.coq.v(:com.google.android.gms.policy_maps_core_dynamite@260830207@260830202025.896086277.896086277:22)
W/PhFlagUpdateRegistry(16834): 	at m140.coq.e(:com.google.android.gms.policy_maps_core_dynamite@260830207@260830202025.896086277.896086277:16)
W/PhFlagUpdateRegistry(16834): 	at m140.cou.handleMessage(:com.google.android.gms.policy_maps_core_dynamite@260830207@260830202025.896086277.896086277:764)
W/PhFlagUpdateRegistry(16834): 	at android.os.Handler.dispatchMessageImpl(Handler.java:138)
W/PhFlagUpdateRegistry(16834): 	at android.os.Handler.dispatchMessage(Handler.java:125)
W/PhFlagUpdateRegistry(16834): 	at android.os.Looper.loopOnce(Looper.java:296)
W/PhFlagUpdateRegistry(16834): 	at android.os.Looper.loop(Looper.java:397)
W/PhFlagUpdateRegistry(16834): 	at android.os.HandlerThread.run(HandlerThread.java:139)
W/y       (16834): Suppressed StrictMode policy violation: StrictModeDiskReadViolation
I/o       (16834): Using GMM server: https://clients4.google.com/glm/mmap
W/y       (16834): Suppressed StrictMode policy violation: StrictModeDiskReadViolation
W/y       (16834): Suppressed StrictMode policy violation: StrictModeDiskWriteViolation
D/o       (16834): Using Non-null serverVersionMetadataManager to load previous metadata.
D/o       (16834): Previous session server version metadata loaded: CggIBhD/873SBgoICAMQkJ290gYKCggEENyHvdIGGAEKCAgBEM3ilNIG
D/DataRequestDispatcher(16834): Included server version metadata in dimens
W/y       (16834): Suppressed StrictMode policy violation: StrictModeDiskReadViolation
W/Google Android Maps SDK(16834): Map gestures are not supported in Lite Mode
W/Google Android Maps SDK(16834): Map gestures are not supported in Lite Mode
W/Google Android Maps SDK(16834): Map gestures are not supported in Lite Mode
W/Google Android Maps SDK(16834): Map gestures are not supported in Lite Mode
I/PlatformViewsController(16834): Hosting view in view hierarchy for platform view: 0
I/PlatformViewsController(16834): PlatformView is using SurfaceProducer backend
I/Surface (16834): Creating surface for consumer unnamed-16834-2 with slotExpansion=1 for 64 slots
I/Surface (16834): Creating surface for consumer ImageReader-1x1f22m7-16834-0 with slotExpansion=1 for 64 slots
W/Google Android Maps SDK(16834): Buildings are not supported in Lite Mode
I/GoogleMapController(16834): No TextureView found. Likely using the LEGACY renderer.
W/Google Android Maps SDK(16834): setOnCameraMoveStartedListener is not supported in Lite Mode
W/Google Android Maps SDK(16834): setOnCameraMoveListener is not supported in Lite Mode
W/Google Android Maps SDK(16834): setOnCameraIdleListener is not supported in Lite Mode
W/Google Android Maps SDK(16834): Ground overlays are not supported in Lite Mode
I/Surface (16834): Creating surface for consumer unnamed-16834-3 with slotExpansion=1 for 64 slots
I/Surface (16834): Creating surface for consumer ImageReader-1248x360f22m7-16834-1 with slotExpansion=1 for 64 slots
E/ConsumerBase(16834): [ImageReader-1x1f22m7-16834-0] abandonLocked: ConsumerBase is abandoned!
W/DynamiteModule(16834): Local module descriptor class for com.google.android.gms.googlecertificates not found.
I/DynamiteModule(16834): Considering local module com.google.android.gms.googlecertificates:0 and remote module com.google.android.gms.googlecertificates:7
I/DynamiteModule(16834): Selected remote version of com.google.android.gms.googlecertificates, version >= 7
V/FA      (16834): Inactivity, disconnecting from the service
I/flutter (16834): [INFO] msg="trackOrder called for orderID=158"
I/flutter (16834): [NET] GET endpoint=/api/v1/customer/order/track
I/flutter (16834): [NET] endpoint=/api/v1/customer/order/track http_status=200
I/flutter (16834): [INFO] msg="trackOrder called for orderID=158"
I/flutter (16834): [NET] GET endpoint=/api/v1/customer/order/track
I/flutter (16834): [NET] endpoint=/api/v1/customer/order/track http_status=200
I/flutter (16834): [INFO] msg="trackOrder called for orderID=158"
I/flutter (16834): [NET] GET endpoint=/api/v1/customer/order/track
V/FA      (16834): Logging screen view with name, class: /?module=grocery-food&from-splash=true, MainActivity
E/FA      (16834): Missing google_app_id. Firebase Analytics disabled. See https://goo.gl/NAOOOI
V/FA      (16834): Recording user engagement, ms: 30178
V/FA      (16834): Connecting to remote service
D/FA      (16834): Connected to remote service
V/FA      (16834): Processing queued up service tasks: 1
I/flutter (16834): [NET] endpoint=/api/v1/customer/order/track http_status=200
W/Google Android Maps SDK(16834): setOnCameraMoveStartedListener is not supported in Lite Mode
W/Google Android Maps SDK(16834): setOnCameraMoveListener is not supported in Lite Mode
W/Google Android Maps SDK(16834): setOnCameraIdleListener is not supported in Lite Mode
W/Google Android Maps SDK(16834): Ground overlays are not supported in Lite Mode
D/Google Android Maps SDK(16834): For capability in capabilities, log:
D/Google Android Maps SDK(16834): "AdvancedMarkers: false: Capabilities unavailable without a Map ID."Data-driven styling: false
W/Google Android Maps SDK(16834): setPoiClickListener is not supported in Lite Mode
E/ConsumerBase(16834): [ImageReader-1248x360f22m7-16834-1] abandonLocked: ConsumerBase is abandoned!
I/flutter (16834): [INFO] msg="home load started"
I/flutter (16834): [NET] GET endpoint=/api/v1/config/get-zone-id
I/flutter (16834): [NET] GET endpoint=/api/v1/config/get-zone-id
I/flutter (16834): [NET] endpoint=/api/v1/config/get-zone-id http_status=200
I/flutter (16834): [INFO] msg="location: inZone=true"
I/flutter (16834): [NET] endpoint=/api/v1/config/get-zone-id http_status=200
I/flutter (16834): [INFO] msg="location: inZone=true"
I/flutter (16834): [NET] GET endpoint=/api/v1/home/all
V/FA      (16834): Inactivity, disconnecting from the service
I/flutter (16834): [NET] endpoint=/api/v1/home/all http_status=200
I/flutter (16834): [NET] GET endpoint=/api/v1/other-banners
I/flutter (16834): [NET] GET endpoint=/api/v1/customer/info
I/flutter (16834): [NET] GET endpoint=/api/v1/flash-sales
I/flutter (16834): [NET] GET endpoint=/api/v1/items/discounted
I/flutter (16834): [NET] GET endpoint=/api/v1/items/popular
I/flutter (16834): [NET] GET endpoint=/api/v1/items/most-reviewed
I/flutter (16834): [NET] GET endpoint=/api/v1/campaigns/basic
I/flutter (16834): [NET] GET endpoint=/api/v1/campaigns/item
I/flutter (16834): [NET] GET endpoint=/api/v1/items/recommended
I/flutter (16834): [NET] GET endpoint=/api/v1/customer/order/buy-it-again
I/flutter (16834): [NET] GET endpoint=/api/v1/stores/get-stores/all
I/flutter (16834): [NET] GET endpoint=/api/v1/advertisement/list
I/flutter (16834): [NET] GET endpoint=/api/v1/config/get-zone-id
I/flutter (16834): [NET] endpoint=/api/v1/customer/info http_status=200
I/flutter (16834): [NET] GET endpoint=/api/v1/coupon/list
I/flutter (16834): [NET] endpoint=/api/v1/other-banners http_status=200
I/flutter (16834): [NET] endpoint=/api/v1/config/get-zone-id http_status=200
I/flutter (16834): [INFO] msg="location: inZone=true"
I/flutter (16834): [NET] endpoint=/api/v1/flash-sales http_status=200
I/flutter (16834): [NET] GET endpoint=/api/v1/other-banners
I/flutter (16834): [NET] GET endpoint=/api/v1/module
I/flutter (16834): [NET] GET endpoint=/api/v1/banners
I/flutter (16834): [NET] GET endpoint=/api/v1/flash-sales
I/flutter (16834): [NET] GET endpoint=/api/v1/items/discounted
I/flutter (16834): [NET] GET endpoint=/api/v1/categories
I/flutter (16834): [NET] GET endpoint=/api/v1/stores/popular
I/flutter (16834): [NET] GET endpoint=/api/v1/campaigns/item
I/flutter (16834): [NET] GET endpoint=/api/v1/items/popular
I/flutter (16834): [NET] GET endpoint=/api/v1/stores/latest
I/flutter (16834): [NET] GET endpoint=/api/v1/stores/top-offer-near-me
I/flutter (16834): [NET] GET endpoint=/api/v1/items/most-reviewed
I/flutter (16834): [NET] GET endpoint=/api/v1/customer/order/buy-it-again
I/flutter (16834): [NET] GET endpoint=/api/v1/stores/get-stores/all
I/flutter (16834): [NET] endpoint=/api/v1/items/discounted http_status=200
I/flutter (16834): [NET] endpoint=/api/v1/items/popular http_status=200
I/flutter (16834): [NET] endpoint=/api/v1/items/most-reviewed http_status=200
I/flutter (16834): [NET] endpoint=/api/v1/campaigns/basic http_status=200
I/flutter (16834): [NET] endpoint=/api/v1/campaigns/item http_status=200
I/flutter (16834): [NET] endpoint=/api/v1/items/recommended http_status=200
I/flutter (16834): [NET] endpoint=/api/v1/customer/order/buy-it-again http_status=200
I/flutter (16834): [NET] endpoint=/api/v1/stores/get-stores/all http_status=200
I/flutter (16834): [NET] GET endpoint=/api/v1/customer/order/buy-it-again
I/flutter (16834): [NET] endpoint=/api/v1/advertisement/list http_status=200
I/flutter (16834): [NET] endpoint=/api/v1/coupon/list http_status=200
I/flutter (16834): [NET] endpoint=/api/v1/other-banners http_status=200
I/flutter (16834): [NET] GET endpoint=/api/v1/customer/info
I/flutter (16834): [NET] GET endpoint=/api/v1/customer/notifications
I/flutter (16834): [NET] GET endpoint=/api/v1/campaigns/basic
I/flutter (16834): [NET] GET endpoint=/api/v1/advertisement/list
I/flutter (16834): [NET] endpoint=/api/v1/module http_status=200
I/flutter (16834): [NET] endpoint=/api/v1/banners http_status=200
I/flutter (16834): [NET] endpoint=/api/v1/flash-sales http_status=200
I/flutter (16834): [NET] endpoint=/api/v1/items/discounted http_status=200
I/flutter (16834): [NET] endpoint=/api/v1/categories http_status=200
I/flutter (16834): [NET] endpoint=/api/v1/stores/popular http_status=200
I/flutter (16834): [NET] endpoint=/api/v1/campaigns/item http_status=200
I/flutter (16834): [NET] endpoint=/api/v1/items/popular http_status=200
I/flutter (16834): [NET] endpoint=/api/v1/stores/latest http_status=200
I/flutter (16834): [NET] endpoint=/api/v1/stores/top-offer-near-me http_status=200
I/flutter (16834): [NET] endpoint=/api/v1/items/most-reviewed http_status=200
I/flutter (16834): [NET] endpoint=/api/v1/customer/order/buy-it-again http_status=200
I/flutter (16834): [NET] endpoint=/api/v1/stores/get-stores/all http_status=200
I/flutter (16834): [NET] GET endpoint=/api/v1/customer/order/buy-it-again
I/flutter (16834): [NET] endpoint=/api/v1/customer/order/buy-it-again http_status=200
I/flutter (16834): [NET] endpoint=/api/v1/customer/info http_status=200
I/flutter (16834): [NET] endpoint=/api/v1/customer/notifications http_status=200
I/flutter (16834): [NET] GET endpoint=/api/v1/coupon/list
I/flutter (16834): [NET] endpoint=/api/v1/advertisement/list http_status=200
I/flutter (16834): [NET] endpoint=/api/v1/campaigns/basic http_status=200
I/flutter (16834): [NET] endpoint=/api/v1/customer/order/buy-it-again http_status=200
I/flutter (16834): [NET] endpoint=/api/v1/coupon/list http_status=200
I/flutter (16834): [NET] GET endpoint=/api/v1/items/details/105
I/flutter (16834): [NET] endpoint=/api/v1/items/details/105 http_status=200
I/flutter (16834): 📊 analytics: view_item {item_id: 105, item_category: 3, price: 10.58, value: 10.58}
I/flutter (16834): [NET] GET endpoint=/api/v1/cashback/list
I/flutter (16834): [NET] GET endpoint=/api/v1/customer/wish-list
I/flutter (16834): [NET] GET endpoint=/api/v1/customer/cart/list
I/flutter (16834): [NET] endpoint=/api/v1/cashback/list http_status=200
I/flutter (16834): [NET] endpoint=/api/v1/customer/cart/list http_status=200
I/flutter (16834): [NET] endpoint=/api/v1/customer/wish-list http_status=200
I/flutter (16834): [NET] DELETE endpoint=/api/v1/customer/cart/remove
I/flutter (16834): [NET] endpoint=/api/v1/customer/cart/remove http_status=200
I/flutter (16834): [NET] GET endpoint=/api/v1/customer/cart/list
I/flutter (16834): [NET] POST endpoint=/api/v1/customer/cart/add
I/flutter (16834): [NET] endpoint=/api/v1/customer/cart/list http_status=200
I/flutter (16834): [NET] endpoint=/api/v1/customer/cart/add http_status=200
I/flutter (16834): 📊 analytics: add_to_cart {item_id: 105, price: 9.0988, quantity: 1, currency: AED, value: 9.0988}
E/FA      (16834): Missing google_app_id. Firebase Analytics disabled. See https://goo.gl/NAOOOI
I/flutter (16834): [NET] GET endpoint=/api/v1/config/get-zone-id
I/flutter (16834): [NET] endpoint=/api/v1/config/get-zone-id http_status=200
I/flutter (16834): [INFO] msg="location: inZone=true"
I/flutter (16834): [NET] GET endpoint=/api/v1/other-banners
I/flutter (16834): [NET] GET endpoint=/api/v1/banners
I/flutter (16834): [NET] GET endpoint=/api/v1/flash-sales
I/flutter (16834): [NET] GET endpoint=/api/v1/items/discounted
I/flutter (16834): [NET] GET endpoint=/api/v1/categories
I/flutter (16834): [NET] GET endpoint=/api/v1/stores/popular
I/flutter (16834): [NET] GET endpoint=/api/v1/campaigns/item
I/flutter (16834): [NET] GET endpoint=/api/v1/items/popular
I/flutter (16834): [NET] GET endpoint=/api/v1/stores/latest
I/flutter (16834): [NET] GET endpoint=/api/v1/stores/top-offer-near-me
I/flutter (16834): [NET] GET endpoint=/api/v1/items/most-reviewed
I/flutter (16834): [NET] GET endpoint=/api/v1/customer/order/buy-it-again
I/flutter (16834): [NET] GET endpoint=/api/v1/stores/get-stores/all
I/flutter (16834): [NET] endpoint=/api/v1/other-banners http_status=200
I/flutter (16834): [NET] GET endpoint=/api/v1/customer/info
I/flutter (16834): [NET] GET endpoint=/api/v1/customer/notifications
I/flutter (16834): [NET] GET endpoint=/api/v1/campaigns/basic
I/flutter (16834): [NET] GET endpoint=/api/v1/advertisement/list
I/flutter (16834): [NET] endpoint=/api/v1/stores/get-stores/all http_status=200
I/flutter (16834): [NET] GET endpoint=/api/v1/customer/order/buy-it-again
I/flutter (16834): [NET] endpoint=/api/v1/banners http_status=200
I/flutter (16834): [NET] endpoint=/api/v1/flash-sales http_status=200
I/flutter (16834): [NET] endpoint=/api/v1/items/discounted http_status=200
I/flutter (16834): [NET] endpoint=/api/v1/categories http_status=200
I/flutter (16834): [NET] endpoint=/api/v1/stores/popular http_status=200
I/flutter (16834): [NET] endpoint=/api/v1/campaigns/item http_status=200
I/flutter (16834): [NET] endpoint=/api/v1/items/popular http_status=200
I/flutter (16834): [NET] endpoint=/api/v1/items/most-reviewed http_status=200
I/flutter (16834): [NET] endpoint=/api/v1/stores/latest http_status=200
I/flutter (16834): [NET] endpoint=/api/v1/customer/order/buy-it-again http_status=200
I/flutter (16834): [NET] endpoint=/api/v1/stores/top-offer-near-me http_status=200
I/flutter (16834): [NET] endpoint=/api/v1/customer/info http_status=200
I/flutter (16834): [NET] endpoint=/api/v1/customer/notifications http_status=200
I/flutter (16834): [NET] GET endpoint=/api/v1/coupon/list
I/flutter (16834): [NET] endpoint=/api/v1/campaigns/basic http_status=200
I/flutter (16834): [NET] endpoint=/api/v1/advertisement/list http_status=200
I/flutter (16834): [NET] endpoint=/api/v1/customer/order/buy-it-again http_status=200
I/flutter (16834): [NET] endpoint=/api/v1/coupon/list http_status=200
I/flutter (16834): [NET] GET endpoint=/api/v1/banners
I/flutter (16834): [NET] GET endpoint=/api/v1/customer/address/list
I/flutter (16834): [NET] GET endpoint=/api/v1/module
I/flutter (16834): [NET] GET endpoint=/api/v1/stores/get-stores/all
I/flutter (16834): [NET] endpoint=/api/v1/customer/address/list http_status=200
I/flutter (16834): [NET] endpoint=/api/v1/banners http_status=200
I/flutter (16834): [NET] endpoint=/api/v1/module http_status=200
I/flutter (16834): [NET] endpoint=/api/v1/stores/get-stores/all http_status=200
I/flutter (16834): 📊 analytics: global_search_opened {zone_id: 1}
V/FA      (16834): Logging screen view with name, class: /global-search, MainActivity
E/FA      (16834): Missing google_app_id. Firebase Analytics disabled. See https://goo.gl/NAOOOI
V/FA      (16834): Recording user engagement, ms: 120800
V/FA      (16834): Connecting to remote service
D/FA      (16834): Connected to remote service
V/FA      (16834): Processing queued up service tasks: 1
I/ImeTracker(16834): com.izzes.nears:6281d53d: onRequestShow at ORIGIN_CLIENT reason SHOW_SOFT_INPUT fromUser false userId 0 displayId 0
D/InsetsController(16834): show(ime())
D/InsetsController(16834): Setting requestedVisibleTypes to 511 (was 503)
D/InputConnectionAdaptor(16834): The input method toggled cursor monitoring on
I/AssistStructure(16834): Flattened final assist data: 500 bytes, containing 1 windows, 3 views
D/WindowOnBackDispatcher(16834): setTopOnBackInvokedCallback (unwrapped): android.view.ImeBackAnimationController@ee6f24b
D/VRI[MainActivity](16834): WindowInsets changed: ime:[0,0,0,1008] 
D/FlutterJNI(16834): Sending viewport metrics to the engine.
D/FlutterJNI(16834): Sending viewport metrics to the engine.
D/FlutterJNI(16834): Sending viewport metrics to the engine.
D/FlutterJNI(16834): Sending viewport metrics to the engine.
D/FlutterJNI(16834): Sending viewport metrics to the engine.
D/FlutterJNI(16834): Sending viewport metrics to the engine.
D/FlutterJNI(16834): Sending viewport metrics to the engine.
D/FlutterJNI(16834): Sending viewport metrics to the engine.
D/FlutterJNI(16834): Sending viewport metrics to the engine.
D/FlutterJNI(16834): Sending viewport metrics to the engine.
D/FlutterJNI(16834): Sending viewport metrics to the engine.
D/FlutterJNI(16834): Sending viewport metrics to the engine.
D/FlutterJNI(16834): Sending viewport metrics to the engine.
D/FlutterJNI(16834): Sending viewport metrics to the engine.
D/FlutterJNI(16834): Sending viewport metrics to the engine.
D/FlutterJNI(16834): Sending viewport metrics to the engine.
D/FlutterJNI(16834): Sending viewport metrics to the engine.
D/FlutterJNI(16834): Sending viewport metrics to the engine.
D/FlutterJNI(16834): Sending viewport metrics to the engine.
I/ImeTracker(16834): com.izzes.nears:6281d53d: onShown
D/FlutterJNI(16834): Sending viewport metrics to the engine.
D/FlutterJNI(16834): Sending viewport metrics to the engine.
I/flutter (16834): [NET] GET endpoint=/api/v1/items/item-or-store-search
I/flutter (16834): [NET] GET endpoint=/api/v1/search/global
I/flutter (16834): [NET] endpoint=/api/v1/items/item-or-store-search http_status=200
I/flutter (16834): [NET] endpoint=/api/v1/search/global http_status=200
I/ImeTracker(16834): com.izzes.nears:88ab7070: onRequestHide at ORIGIN_CLIENT reason HIDE_SOFT_INPUT fromUser false userId 0 displayId 0
D/InsetsController(16834): hide(ime())
D/WindowOnBackDispatcher(16834): setTopOnBackInvokedCallback (unwrapped): io.flutter.embedding.android.FlutterActivity$1@dbd2b3a
D/InsetsController(16834): Setting requestedVisibleTypes to 503 (was 511)
D/VRI[MainActivity](16834): WindowInsets changed: ime:null 
D/FlutterJNI(16834): Sending viewport metrics to the engine.
D/FlutterJNI(16834): Sending viewport metrics to the engine.
I/ImeTracker(16834): system_server:2a6bf5b: onCancelled at PHASE_CLIENT_ON_CONTROLS_CHANGED
D/FlutterJNI(16834): Sending viewport metrics to the engine.
D/FlutterJNI(16834): Sending viewport metrics to the engine.
D/FlutterJNI(16834): Sending viewport metrics to the engine.
D/FlutterJNI(16834): Sending viewport metrics to the engine.
D/FlutterJNI(16834): Sending viewport metrics to the engine.
D/FlutterJNI(16834): Sending viewport metrics to the engine.
D/FlutterJNI(16834): Sending viewport metrics to the engine.
D/FlutterJNI(16834): Sending viewport metrics to the engine.
D/FlutterJNI(16834): Sending viewport metrics to the engine.
D/FlutterJNI(16834): Sending viewport metrics to the engine.
D/FlutterJNI(16834): Sending viewport metrics to the engine.
D/FlutterJNI(16834): Sending viewport metrics to the engine.
D/FlutterJNI(16834): Sending viewport metrics to the engine.
D/FlutterJNI(16834): Sending viewport metrics to the engine.
D/FlutterJNI(16834): Sending viewport metrics to the engine.
D/FlutterJNI(16834): Sending viewport metrics to the engine.
D/FlutterJNI(16834): Sending viewport metrics to the engine.
D/FlutterJNI(16834): Sending viewport metrics to the engine.
V/FA      (16834): Inactivity, disconnecting from the service
I/flutter (16834): 📊 analytics: global_search_section_see_all {module_id: 1, zone_id: 1}
E/FA      (16834): Missing google_app_id. Firebase Analytics disabled. See https://goo.gl/NAOOOI
