09-09 00:07:31.993 10385 10385 I flutter : UncaughtAsyncError
09-09 00:07:31.993 10385 10385 I flutter : #0      new CartSuggestItemModel.fromJson (package:nears/features/store/domain/models/cart_suggested_item_model.dart:13:5)
09-09 00:07:31.993 10385 10385 I flutter : #1      StoreRepository.getCartStoreSuggestedItemList (package:nears/features/store/domain/repositories/store_repository.dart:420:51)
09-09 00:07:31.993 10385 10385 I flutter : <asynchronous suspension>
09-09 00:07:31.993 10385 10385 I flutter : #2      StoreService.getCartStoreSuggestedItemList (package:nears/features/store/domain/services/store_service.dart:175:12)
09-09 00:07:31.993 10385 10385 I flutter : <asynchronous suspension>
09-09 00:07:31.993 10385 10385 I flutter : #3      StoreController.getCartStoreSuggestedItemListForStores (package:nears/features/store/controllers/store_controller.dart:438:43)
09-09 00:07:31.993 10385 10385 I flutter : <asynchronous suspension>
09-09 00:07:31.993 10385 10385 I flutter : ----------------------------------------------------
09-09 00:07:31.994 10385 10385 I flutter : [FAIL] endpoint=null http_status=null type=UncaughtAsyncError msg="uncaught async error (_TypeError)"
09-09 00:07:31.994 10385 10385 I flutter : ----------------FIREBASE CRASHLYTICS----------------
09-09 00:07:31.994 10385 10385 I flutter : The following exception was thrown uncaught async error (_TypeError):
09-09 00:07:31.994 10385 10385 I flutter : type 'int' is not a subtype of type 'String?'
09-09 00:07:31.994 10385 10385 I flutter : #0      new CartSuggestItemModel.fromJson (package:nears/features/store/domain/models/cart_suggested_item_model.dart:13:5)
09-09 00:07:31.994 10385 10385 I flutter : #1      StoreRepository.getCartStoreSuggestedItemList (package:nears/features/store/domain/repositories/store_repository.dart:420:51)
09-09 00:07:31.994 10385 10385 I flutter : <asynchronous suspension>
09-09 00:07:31.994 10385 10385 I flutter : #2      StoreService.getCartStoreSuggestedItemList (package:nears/features/store/domain/services/store_service.dart:175:12)
09-09 00:07:31.994 10385 10385 I flutter : <asynchronous suspension>
09-09 00:07:31.994 10385 10385 I flutter : #3      StoreController.getCartStoreSuggestedItemListForStores (package:nears/features/store/controllers/store_controller.dart:438:43)
09-09 00:07:31.994 10385 10385 I flutter : <asynchronous suspension>
09-09 00:07:31.994 10385 10385 I flutter : ----------------------------------------------------
