07-26 02:59:08.252 15017 15017 I flutter : [FAIL] endpoint=null http_status=null type=UncaughtAsyncError msg="uncaught async error (_TypeError)"
07-26 02:59:08.252 15017 15017 I flutter : The following exception was thrown uncaught async error (_TypeError):
07-26 02:59:08.252 15017 15017 I flutter : [FAIL] endpoint=null http_status=null type=UncaughtAsyncError msg="uncaught async error (_TypeError)"
07-26 02:59:08.252 15017 15017 I flutter : The following exception was thrown uncaught async error (_TypeError):
07-26 02:59:08.253 15017 15017 I flutter : #0      ItemRepository._getReviewedItemList (package:sixam_mart/features/item/domain/repositories/item_repository.dart:132:102)
07-26 02:59:08.253 15017 15017 I flutter : #1      ItemRepository.getList (package:sixam_mart/features/item/domain/repositories/item_repository.dart:91:20)
07-26 02:59:08.253 15017 15017 I flutter : [FAIL] endpoint=null http_status=null type=UncaughtAsyncError msg="uncaught async error (_TypeError)"
07-26 02:59:08.253 15017 15017 I flutter : The following exception was thrown uncaught async error (_TypeError):
07-26 02:59:08.253 15017 15017 I flutter : Null check operator used on a null value
07-26 02:59:08.253 15017 15017 I flutter : #0      ItemRepository._getReviewedItemList (package:sixam_mart/features/item/domain/repositories/item_repository.dart:132:102)
07-26 02:59:08.253 15017 15017 I flutter : #1      ItemRepository.getList (package:sixam_mart/features/item/domain/repositories/item_repository.dart:91:20)
07-26 02:59:08.253 15017 15017 I flutter : #0      CampaignRepository._getBasicCampaignList (package:sixam_mart/features/item/domain/repositories/campaign_repository.dart:25:100)
07-26 02:59:08.253 15017 15017 I flutter : #1      CampaignRepository.getList (package:sixam_mart/features/item/domain/repositories/campaign_repository.dart:18:20)
07-26 02:59:08.254 15017 15017 I flutter : [FAIL] endpoint=null http_status=null type=UncaughtAsyncError msg="uncaught async error (_TypeError)"
07-26 02:59:08.254 15017 15017 I flutter : The following exception was thrown uncaught async error (_TypeError):
07-26 02:59:08.254 15017 15017 I flutter : Null check operator used on a null value
07-26 02:59:08.254 15017 15017 I flutter : #0      CampaignRepository._getBasicCampaignList (package:sixam_mart/features/item/domain/repositories/campaign_repository.dart:25:100)
07-26 02:59:08.254 15017 15017 I flutter : #1      CampaignRepository.getList (package:sixam_mart/features/item/domain/repositories/campaign_repository.dart:18:20)
07-26 02:59:08.254 15017 15017 I flutter : #0      CampaignRepository._getItemCampaignList (package:sixam_mart/features/item/domain/repositories/campaign_repository.dart:39:93)
07-26 02:59:08.254 15017 15017 I flutter : #1      CampaignRepository.getList (package:sixam_mart/features/item/domain/repositories/campaign_repository.dart:20:20)
