10-04 11:42:40.040 I/flutter ( 3923): 📊 analytics: filter_sheet_opened {screen: item_view_all, section: filter_sheet}
10-04 11:42:40.040 I/flutter ( 3923): [EVT] name=filter_sheet_opened params=[screen, section, module_id, zone_id]
10-04 11:43:15.230 I/flutter ( 3923): 📊 analytics: filter_applied {screen: item_view_all, section: filter_sheet, applied_filters_count: 1, sort_key: high, list_id: item_view_all}
10-04 11:43:15.230 I/flutter ( 3923): [EVT] name=filter_applied params=[screen, section, module_id, zone_id, applied_filters_count, sort_key, list_id]
10-04 11:43:15.230 I/flutter ( 3923): [NET] GET endpoint=/api/v1/items/most-reviewed
10-04 11:43:15.787 I/flutter ( 3923): [NET] endpoint=/api/v1/items/most-reviewed http_status=200
10-04 11:43:15.789 I/flutter ( 3923): 📊 analytics: view_item_list {item_list_id: item_view_all, item_list_name: item_view_all, item_count: 25, screen: item_view_all}
10-04 11:43:30.641 I/flutter ( 3923): 📊 analytics: filter_sheet_opened {screen: item_view_all, section: filter_sheet}
10-04 11:43:30.641 I/flutter ( 3923): [EVT] name=filter_sheet_opened params=[screen, section, module_id, zone_id]
10-04 11:43:49.229 I/flutter ( 3923): 📊 analytics: filter_applied {screen: item_view_all, section: filter_sheet, applied_filters_count: 1, sort_key: high, list_id: item_view_all}
10-04 11:43:49.229 I/flutter ( 3923): [EVT] name=filter_applied params=[screen, section, module_id, zone_id, applied_filters_count, sort_key, list_id]
10-04 11:43:49.229 I/flutter ( 3923): [NET] GET endpoint=/api/v1/items/most-reviewed
10-04 11:43:49.822 I/flutter ( 3923): [NET] endpoint=/api/v1/items/most-reviewed http_status=200
10-04 11:43:49.824 I/flutter ( 3923): 📊 analytics: view_item_list {item_list_id: item_view_all, item_list_name: item_view_all, item_count: 25, screen: item_view_all}
10-04 11:44:02.486 I/flutter ( 3923): 📊 analytics: filter_sheet_opened {screen: item_view_all, section: filter_sheet}
10-04 11:44:02.486 I/flutter ( 3923): [EVT] name=filter_sheet_opened params=[screen, section, module_id, zone_id]
10-04 11:44:14.872 I/flutter ( 3923): 📊 analytics: filter_applied {screen: item_view_all, section: filter_sheet, applied_filters_count: 2, sort_key: high, availability: true, list_id: item_view_all}
10-04 11:44:14.873 I/flutter ( 3923): [EVT] name=filter_applied params=[screen, section, module_id, zone_id, applied_filters_count, sort_key, availability, list_id]
10-04 11:44:14.873 I/flutter ( 3923): [NET] GET endpoint=/api/v1/items/most-reviewed
10-04 11:44:15.562 I/flutter ( 3923): [NET] endpoint=/api/v1/items/most-reviewed http_status=200
10-04 11:44:15.572 I/flutter ( 3923): 📊 analytics: view_item_list {item_list_id: item_view_all, item_list_name: item_view_all, item_count: 25, screen: item_view_all}
10-04 11:44:39.206 I/flutter ( 3923): 📊 analytics: filter_sheet_opened {screen: item_view_all, section: filter_sheet}
10-04 11:44:39.206 I/flutter ( 3923): [EVT] name=filter_sheet_opened params=[screen, section, module_id, zone_id]
10-04 11:44:57.938 I/flutter ( 3923): 📊 analytics: filters_cleared {screen: item_view_all, section: applied_filters_bar, cleared_filters_count: 2}
10-04 11:44:57.939 I/flutter ( 3923): [EVT] name=filters_cleared params=[screen, section, module_id, zone_id, cleared_filters_count]
10-04 11:44:57.940 I/flutter ( 3923): [NET] GET endpoint=/api/v1/items/most-reviewed
10-04 11:44:58.596 I/flutter ( 3923): [NET] endpoint=/api/v1/items/most-reviewed http_status=200
10-04 11:44:58.606 I/flutter ( 3923): 📊 analytics: view_item_list {item_list_id: item_view_all, item_list_name: item_view_all, item_count: 25, screen: item_view_all}
10-04 11:45:22.930 I/flutter ( 3923): [NET] GET endpoint=/api/v1/items/most-reviewed
10-04 11:45:23.626 I/flutter ( 3923): [NET] endpoint=/api/v1/items/most-reviewed http_status=200
10-04 11:45:23.638 I/flutter ( 3923): 📊 analytics: view_item_list {item_list_id: item_view_all, item_list_name: item_view_all, item_count: 3, screen: item_view_all}
10-04 11:45:27.972 I/flutter ( 3923): [NET] GET endpoint=/api/v1/items/most-reviewed
10-04 11:45:28.631 I/flutter ( 3923): [NET] endpoint=/api/v1/items/most-reviewed http_status=200
10-04 11:45:28.638 I/flutter ( 3923): 📊 analytics: view_item_list {item_list_id: item_view_all, item_list_name: item_view_all, item_count: 25, screen: item_view_all}
10-04 11:45:57.720 I/flutter ( 3923): 📊 analytics: see_all_tapped {section: best_reviewed_item, module_id: 2, screen: home}
10-04 11:45:57.724 I/flutter ( 3923): [NET] GET endpoint=/api/v1/items/most-reviewed
10-04 11:45:58.661 I/flutter ( 3923): [NET] endpoint=/api/v1/items/most-reviewed http_status=200
10-04 11:45:58.686 I/flutter ( 3923): 📊 analytics: view_item_list {item_list_id: item_view_all, item_list_name: item_view_all, item_count: 25, screen: item_view_all}
10-04 11:46:13.999 I/flutter ( 3923): 📊 analytics: filter_sheet_opened {screen: item_view_all, section: filter_sheet}
10-04 11:46:14.000 I/flutter ( 3923): [EVT] name=filter_sheet_opened params=[screen, section, module_id, zone_id]
10-04 11:46:25.501 I/flutter ( 3923): 📊 analytics: filter_applied {screen: item_view_all, section: filter_sheet, applied_filters_count: 2, sort_key: high, availability: true, list_id: item_view_all}
10-04 11:46:25.501 I/flutter ( 3923): [EVT] name=filter_applied params=[screen, section, module_id, zone_id, applied_filters_count, sort_key, availability, list_id]
10-04 11:46:25.502 I/flutter ( 3923): [NET] GET endpoint=/api/v1/items/most-reviewed
10-04 11:46:26.196 I/flutter ( 3923): [NET] endpoint=/api/v1/items/most-reviewed http_status=200
10-04 11:46:26.205 I/flutter ( 3923): 📊 analytics: view_item_list {item_list_id: item_view_all, item_list_name: item_view_all, item_count: 25, screen: item_view_all}
10-04 11:46:38.967 I/flutter ( 3923): [NET] GET endpoint=/api/v1/items/most-reviewed
10-04 11:46:39.525 I/flutter ( 3923): [NET] endpoint=/api/v1/items/most-reviewed http_status=200
10-04 11:46:39.538 I/flutter ( 3923): 📊 analytics: view_item_list {item_list_id: item_view_all, item_list_name: item_view_all, item_count: 3, screen: item_view_all}
10-04 11:46:51.649 I/flutter ( 3923): 📊 analytics: filter_sheet_opened {screen: item_view_all, section: filter_sheet}
10-04 11:46:51.649 I/flutter ( 3923): [EVT] name=filter_sheet_opened params=[screen, section, module_id, zone_id]
10-04 11:46:54.702 I/flutter ( 3923): 📊 analytics: filters_cleared {screen: item_view_all, section: applied_filters_bar, cleared_filters_count: 2}
10-04 11:46:54.702 I/flutter ( 3923): [EVT] name=filters_cleared params=[screen, section, module_id, zone_id, cleared_filters_count]
10-04 11:46:54.703 I/flutter ( 3923): [NET] GET endpoint=/api/v1/items/most-reviewed
10-04 11:46:55.547 I/flutter ( 3923): [NET] endpoint=/api/v1/items/most-reviewed http_status=200
10-04 11:46:55.555 I/flutter ( 3923): 📊 analytics: view_item_list {item_list_id: item_view_all, item_list_name: item_view_all, item_count: 25, screen: item_view_all}
10-04 11:47:13.385 I/flutter ( 3923): 📊 analytics: filter_sheet_opened {screen: item_view_all, section: filter_sheet}
10-04 11:47:13.386 I/flutter ( 3923): [EVT] name=filter_sheet_opened params=[screen, section, module_id, zone_id]
10-04 11:47:24.915 I/flutter ( 3923): 📊 analytics: filter_applied {screen: item_view_all, section: filter_sheet, applied_filters_count: 2, sort_key: high, availability: true, list_id: item_view_all}
10-04 11:47:24.915 I/flutter ( 3923): [EVT] name=filter_applied params=[screen, section, module_id, zone_id, applied_filters_count, sort_key, availability, list_id]
10-04 11:47:24.916 I/flutter ( 3923): [NET] GET endpoint=/api/v1/items/most-reviewed
10-04 11:47:25.586 I/flutter ( 3923): [NET] endpoint=/api/v1/items/most-reviewed http_status=200
10-04 11:47:25.588 I/flutter ( 3923): 📊 analytics: view_item_list {item_list_id: item_view_all, item_list_name: item_view_all, item_count: 25, screen: item_view_all}
10-04 11:47:34.952 I/flutter ( 3923): [NET] GET endpoint=/api/v1/items/most-reviewed
10-04 11:47:35.600 I/flutter ( 3923): [NET] endpoint=/api/v1/items/most-reviewed http_status=200
10-04 11:47:35.606 I/flutter ( 3923): 📊 analytics: view_item_list {item_list_id: item_view_all, item_list_name: item_view_all, item_count: 25, screen: item_view_all}
10-04 11:47:51.226 I/flutter ( 3923): 📊 analytics: filter_sheet_opened {screen: item_view_all, section: filter_sheet}
10-04 11:47:51.226 I/flutter ( 3923): [EVT] name=filter_sheet_opened params=[screen, section, module_id, zone_id]
10-04 11:48:02.744 I/flutter ( 3923): 📊 analytics: filter_applied {screen: item_view_all, section: filter_sheet, applied_filters_count: 2, sort_key: high, rating_min: 4, availability: true, list_id: item_view_all}
10-04 11:48:02.744 I/flutter ( 3923): [EVT] name=filter_applied params=[screen, section, module_id, zone_id, applied_filters_count, sort_key, rating_min, availability, list_id]
10-04 11:48:02.744 I/flutter ( 3923): [NET] GET endpoint=/api/v1/items/most-reviewed
10-04 11:48:03.629 I/flutter ( 3923): [NET] endpoint=/api/v1/items/most-reviewed http_status=200
10-04 11:48:03.639 I/flutter ( 3923): 📊 analytics: view_item_list {item_list_id: item_view_all, item_list_name: item_view_all, item_count: 22, screen: item_view_all}
10-04 11:48:16.278 I/flutter ( 3923): [NET] GET endpoint=/api/v1/items/most-reviewed
10-04 11:48:17.147 I/flutter ( 3923): [NET] endpoint=/api/v1/items/most-reviewed http_status=200
10-04 11:48:17.155 I/flutter ( 3923): 📊 analytics: view_item_list {item_list_id: item_view_all, item_list_name: item_view_all, item_count: 25, screen: item_view_all}
10-04 11:48:32.766 I/flutter ( 3923): 📊 analytics: filter_sheet_opened {screen: item_view_all, section: filter_sheet}
10-04 11:48:32.766 I/flutter ( 3923): [EVT] name=filter_sheet_opened params=[screen, section, module_id, zone_id]
10-04 11:48:39.852 I/flutter ( 3923): 📊 analytics: filter_applied {screen: item_view_all, section: filter_sheet, applied_filters_count: 1, sort_key: high, list_id: item_view_all}
10-04 11:48:39.852 I/flutter ( 3923): [EVT] name=filter_applied params=[screen, section, module_id, zone_id, applied_filters_count, sort_key, list_id]
10-04 11:48:39.852 I/flutter ( 3923): [NET] GET endpoint=/api/v1/items/most-reviewed
10-04 11:48:40.670 I/flutter ( 3923): [NET] endpoint=/api/v1/items/most-reviewed http_status=200
10-04 11:48:40.672 I/flutter ( 3923): 📊 analytics: view_item_list {item_list_id: item_view_all, item_list_name: item_view_all, item_count: 25, screen: item_view_all}
10-04 11:48:48.011 I/flutter ( 3923): [NET] GET endpoint=/api/v1/items/most-reviewed
10-04 11:48:48.679 I/flutter ( 3923): [NET] endpoint=/api/v1/items/most-reviewed http_status=200
10-04 11:48:48.689 I/flutter ( 3923): 📊 analytics: view_item_list {item_list_id: item_view_all, item_list_name: item_view_all, item_count: 3, screen: item_view_all}
10-04 11:48:53.104 I/flutter ( 3923): [NET] GET endpoint=/api/v1/items/most-reviewed
10-04 11:48:53.689 I/flutter ( 3923): [NET] endpoint=/api/v1/items/most-reviewed http_status=200
10-04 11:48:53.691 I/flutter ( 3923): 📊 analytics: view_item_list {item_list_id: item_view_all, item_list_name: item_view_all, item_count: 25, screen: item_view_all}
10-04 11:49:05.228 I/flutter ( 3923): 📊 analytics: see_all_tapped {section: best_reviewed_item, module_id: 2, screen: home}
10-04 11:49:05.240 I/flutter ( 3923): [NET] GET endpoint=/api/v1/items/most-reviewed
10-04 11:49:06.200 I/flutter ( 3923): [NET] endpoint=/api/v1/items/most-reviewed http_status=200
10-04 11:49:06.205 I/flutter ( 3923): 📊 analytics: view_item_list {item_list_id: item_view_all, item_list_name: item_view_all, item_count: 25, screen: item_view_all}
10-04 11:49:20.363 I/flutter ( 3923): 📊 analytics: filter_sheet_opened {screen: item_view_all, section: filter_sheet}
10-04 11:49:20.363 I/flutter ( 3923): [EVT] name=filter_sheet_opened params=[screen, section, module_id, zone_id]
10-04 11:49:27.411 I/flutter ( 3923): 📊 analytics: filter_applied {screen: item_view_all, section: filter_sheet, applied_filters_count: 1, sort_key: high, list_id: item_view_all}
10-04 11:49:27.411 I/flutter ( 3923): [EVT] name=filter_applied params=[screen, section, module_id, zone_id, applied_filters_count, sort_key, list_id]
10-04 11:49:27.412 I/flutter ( 3923): [NET] GET endpoint=/api/v1/items/most-reviewed
10-04 11:49:28.219 I/flutter ( 3923): [NET] endpoint=/api/v1/items/most-reviewed http_status=200
10-04 11:49:28.222 I/flutter ( 3923): 📊 analytics: view_item_list {item_list_id: item_view_all, item_list_name: item_view_all, item_count: 25, screen: item_view_all}
10-04 11:49:40.161 I/flutter ( 3923): [INFO] msg="item view-all: reached end of pagination, offset=2"
10-04 11:49:40.161 I/flutter ( 3923): [NET] GET endpoint=/api/v1/items/most-reviewed
10-04 11:49:40.729 I/flutter ( 3923): [NET] endpoint=/api/v1/items/most-reviewed http_status=200
10-04 11:50:02.380 I/flutter ( 3923): [NET] GET endpoint=/api/v1/items/most-reviewed
10-04 11:50:03.261 I/flutter ( 3923): [NET] endpoint=/api/v1/items/most-reviewed http_status=200
10-04 11:50:20.961 I/flutter ( 3923): [NET] GET endpoint=/api/v1/config/get-zone-id
10-04 11:50:21.792 I/flutter ( 3923): [NET] endpoint=/api/v1/config/get-zone-id http_status=200
10-04 11:50:21.792 I/flutter ( 3923): [INFO] msg="location: inZone=true"
10-04 11:50:21.793 I/flutter ( 3923): [NET] GET endpoint=/api/v1/other-banners
10-04 11:50:21.794 I/flutter ( 3923): [NET] GET endpoint=/api/v1/banners
10-04 11:50:21.797 I/flutter ( 3923): [NET] GET endpoint=/api/v1/flash-sales
10-04 11:50:21.797 I/flutter ( 3923): [NET] GET endpoint=/api/v1/categories
10-04 11:50:21.798 I/flutter ( 3923): [NET] GET endpoint=/api/v1/stores/popular
10-04 11:50:21.799 I/flutter ( 3923): [NET] GET endpoint=/api/v1/campaigns/item
10-04 11:50:21.799 I/flutter ( 3923): [NET] GET endpoint=/api/v1/items/popular
10-04 11:50:21.800 I/flutter ( 3923): [NET] GET endpoint=/api/v1/stores/latest
10-04 11:50:21.800 I/flutter ( 3923): [NET] GET endpoint=/api/v1/items/most-reviewed
10-04 11:50:21.801 I/flutter ( 3923): 📊 analytics: view_item_list {item_list_id: store_card_popular_items, item_list_name: store_card_popular_items, item_count: 5, screen: home, store_id: 4, section: stores_list, position: 1}
10-04 11:50:21.801 I/flutter ( 3923): 📊 analytics: view_item_list {item_list_id: store_card_popular_items, item_list_name: store_card_popular_items, item_count: 5, screen: home, store_id: 5, section: stores_list, position: 2}
10-04 11:50:21.801 I/flutter ( 3923): 📊 analytics: view_item_list {item_list_id: store_card_popular_items, item_list_name: store_card_popular_items, item_count: 5, screen: home, store_id: 6, section: stores_list, position: 3}
10-04 11:50:21.801 I/flutter ( 3923): 📊 analytics: view_item_list {item_list_id: store_card_popular_items, item_list_name: store_card_popular_items, item_count: 5, screen: home, store_id: 39, section: stores_list, position: 4}
10-04 11:50:21.801 I/flutter ( 3923): 📊 analytics: view_item_list {item_list_id: store_card_popular_items, item_list_name: store_card_popular_items, item_count: 5, screen: home, store_id: 40, section: stores_list, position: 5}
10-04 11:50:21.801 I/flutter ( 3923): 📊 analytics: view_item_list {item_list_id: store_card_popular_items, item_list_name: store_card_popular_items, item_count: 5, screen: home, store_id: 41, section: stores_list, position: 6}
10-04 11:50:21.801 I/flutter ( 3923): 📊 analytics: view_store_list {item_list_id: stores_list, item_list_name: stores_list, count: 7, screen: home, with_popular_items_count: 6}
10-04 11:50:21.801 I/flutter ( 3923): [NET] GET endpoint=/api/v1/stores/get-stores/all
10-04 11:50:22.807 I/flutter ( 3923): [NET] endpoint=/api/v1/other-banners http_status=200
10-04 11:50:22.807 I/flutter ( 3923): [NET] endpoint=/api/v1/categories http_status=200
10-04 11:50:22.809 I/flutter ( 3923): [NET] endpoint=/api/v1/banners http_status=200
10-04 11:50:22.809 I/flutter ( 3923): [NET] endpoint=/api/v1/flash-sales http_status=200
10-04 11:50:22.810 I/flutter ( 3923): [NET] endpoint=/api/v1/campaigns/item http_status=200
10-04 11:50:22.811 I/flutter ( 3923): [NET] GET endpoint=/api/v1/campaigns/basic
10-04 11:50:22.812 I/flutter ( 3923): [NET] GET endpoint=/api/v1/advertisement/list
10-04 11:50:22.813 I/flutter ( 3923): [NET] endpoint=/api/v1/stores/get-stores/all http_status=200
10-04 11:50:22.813 I/flutter ( 3923): 📊 analytics: view_item_list {item_list_id: store_card_popular_items, item_list_name: store_card_popular_items, item_count: 5, screen: home, store_id: 4, section: stores_list, position: 1}
10-04 11:50:22.814 I/flutter ( 3923): 📊 analytics: view_item_list {item_list_id: store_card_popular_items, item_list_name: store_card_popular_items, item_count: 5, screen: home, store_id: 5, section: stores_list, position: 2}
10-04 11:50:22.814 I/flutter ( 3923): 📊 analytics: view_item_list {item_list_id: store_card_popular_items, item_list_name: store_card_popular_items, item_count: 5, screen: home, store_id: 6, section: stores_list, position: 3}
10-04 11:50:22.814 I/flutter ( 3923): 📊 analytics: view_item_list {item_list_id: store_card_popular_items, item_list_name: store_card_popular_items, item_count: 5, screen: home, store_id: 39, section: stores_list, position: 4}
10-04 11:50:22.814 I/flutter ( 3923): 📊 analytics: view_item_list {item_list_id: store_card_popular_items, item_list_name: store_card_popular_items, item_count: 5, screen: home, store_id: 40, section: stores_list, position: 5}
10-04 11:50:22.814 I/flutter ( 3923): 📊 analytics: view_item_list {item_list_id: store_card_popular_items, item_list_name: store_card_popular_items, item_count: 5, screen: home, store_id: 41, section: stores_list, position: 6}
10-04 11:50:22.814 I/flutter ( 3923): 📊 analytics: view_store_list {item_list_id: stores_list, item_list_name: stores_list, count: 7, screen: home, with_popular_items_count: 6}
10-04 11:50:22.829 I/flutter ( 3923): [NET] endpoint=/api/v1/stores/popular http_status=200
10-04 11:50:22.866 I/flutter ( 3923): [NET] endpoint=/api/v1/items/popular http_status=200
10-04 11:50:22.938 I/flutter ( 3923): [NET] endpoint=/api/v1/stores/latest http_status=200
10-04 11:50:23.012 I/flutter ( 3923): [NET] endpoint=/api/v1/items/most-reviewed http_status=200
10-04 11:50:23.063 I/flutter ( 3923): [NET] endpoint=/api/v1/campaigns/basic http_status=200
10-04 11:50:23.110 I/flutter ( 3923): [NET] endpoint=/api/v1/advertisement/list http_status=200
10-04 11:50:52.797 I/flutter ( 3923): 📊 analytics: see_all_tapped {section: most_popular_item, module_id: 2, screen: home}
10-04 11:50:52.806 I/flutter ( 3923): [NET] GET endpoint=/api/v1/items/popular
10-04 11:50:53.659 I/flutter ( 3923): [NET] endpoint=/api/v1/items/popular http_status=200
10-04 11:50:53.673 I/flutter ( 3923): 📊 analytics: view_item_list {item_list_id: item_view_all, item_list_name: item_view_all, item_count: 25, screen: item_view_all}
10-04 11:51:09.601 I/flutter ( 3923): 📊 analytics: filter_sheet_opened {screen: item_view_all, section: filter_sheet}
10-04 11:51:09.601 I/flutter ( 3923): [EVT] name=filter_sheet_opened params=[screen, section, module_id, zone_id]
10-04 11:51:21.078 I/flutter ( 3923): 📊 analytics: filter_applied {screen: item_view_all, section: filter_sheet, applied_filters_count: 2, sort_key: high, availability: true, list_id: item_view_all}
10-04 11:51:21.078 I/flutter ( 3923): [EVT] name=filter_applied params=[screen, section, module_id, zone_id, applied_filters_count, sort_key, availability, list_id]
10-04 11:51:21.079 I/flutter ( 3923): [NET] GET endpoint=/api/v1/items/popular
10-04 11:51:21.687 I/flutter ( 3923): [NET] endpoint=/api/v1/items/popular http_status=200
10-04 11:51:21.688 I/flutter ( 3923): 📊 analytics: view_item_list {item_list_id: item_view_all, item_list_name: item_view_all, item_count: 25, screen: item_view_all}
10-04 11:51:39.478 I/flutter ( 3923): [NET] GET endpoint=/api/v1/items/popular
10-04 11:51:40.130 I/flutter ( 3923): [NET] endpoint=/api/v1/items/popular http_status=200
10-04 11:51:40.139 I/flutter ( 3923): 📊 analytics: view_item_list {item_list_id: item_view_all, item_list_name: item_view_all, item_count: 14, screen: item_view_all}
10-04 11:51:46.564 I/flutter ( 3923): 📊 analytics: filter_sheet_opened {screen: item_view_all, section: filter_sheet}
10-04 11:51:46.564 I/flutter ( 3923): [EVT] name=filter_sheet_opened params=[screen, section, module_id, zone_id]
10-04 11:51:51.597 I/flutter ( 3923): 📊 analytics: filters_cleared {screen: item_view_all, section: applied_filters_bar, cleared_filters_count: 2}
10-04 11:51:51.598 I/flutter ( 3923): [EVT] name=filters_cleared params=[screen, section, module_id, zone_id, cleared_filters_count]
10-04 11:51:51.598 I/flutter ( 3923): [NET] GET endpoint=/api/v1/items/popular
10-04 11:51:52.169 I/flutter ( 3923): [NET] endpoint=/api/v1/items/popular http_status=200
10-04 11:51:52.172 I/flutter ( 3923): 📊 analytics: view_item_list {item_list_id: item_view_all, item_list_name: item_view_all, item_count: 25, screen: item_view_all}
10-04 11:52:11.629 I/flutter ( 3923): 📊 analytics: filter_sheet_opened {screen: item_view_all, section: filter_sheet}
10-04 11:52:11.629 I/flutter ( 3923): [EVT] name=filter_sheet_opened params=[screen, section, module_id, zone_id]
10-04 11:52:23.058 I/flutter ( 3923): 📊 analytics: filter_applied {screen: item_view_all, section: filter_sheet, applied_filters_count: 2, sort_key: high, availability: true, list_id: item_view_all}
10-04 11:52:23.058 I/flutter ( 3923): [EVT] name=filter_applied params=[screen, section, module_id, zone_id, applied_filters_count, sort_key, availability, list_id]
10-04 11:52:23.058 I/flutter ( 3923): [NET] GET endpoint=/api/v1/items/popular
10-04 11:52:23.687 I/flutter ( 3923): [NET] endpoint=/api/v1/items/popular http_status=200
10-04 11:52:23.689 I/flutter ( 3923): 📊 analytics: view_item_list {item_list_id: item_view_all, item_list_name: item_view_all, item_count: 25, screen: item_view_all}
10-04 11:52:28.095 I/flutter ( 3923): [NET] GET endpoint=/api/v1/items/popular
10-04 11:52:28.692 I/flutter ( 3923): [NET] endpoint=/api/v1/items/popular http_status=200
10-04 11:52:28.707 I/flutter ( 3923): 📊 analytics: view_item_list {item_list_id: item_view_all, item_list_name: item_view_all, item_count: 25, screen: item_view_all}
10-04 11:52:41.215 I/flutter ( 3923): 📊 analytics: filter_sheet_opened {screen: item_view_all, section: filter_sheet}
10-04 11:52:41.215 I/flutter ( 3923): [EVT] name=filter_sheet_opened params=[screen, section, module_id, zone_id]
10-04 11:52:52.743 I/flutter ( 3923): 📊 analytics: filter_applied {screen: item_view_all, section: filter_sheet, applied_filters_count: 2, sort_key: high, rating_min: 3, availability: true, list_id: item_view_all}
10-04 11:52:52.743 I/flutter ( 3923): [EVT] name=filter_applied params=[screen, section, module_id, zone_id, applied_filters_count, sort_key, rating_min, availability, list_id]
10-04 11:52:52.743 I/flutter ( 3923): [NET] GET endpoint=/api/v1/items/popular
10-04 11:52:53.721 I/flutter ( 3923): [NET] endpoint=/api/v1/items/popular http_status=200
10-04 11:52:53.722 I/flutter ( 3923): 📊 analytics: view_item_list {item_list_id: item_view_all, item_list_name: item_view_all, item_count: 25, screen: item_view_all}
10-04 11:53:01.758 I/flutter ( 3923): [NET] GET endpoint=/api/v1/items/popular
10-04 11:53:02.728 I/flutter ( 3923): [NET] endpoint=/api/v1/items/popular http_status=200
10-04 11:53:02.739 I/flutter ( 3923): 📊 analytics: view_item_list {item_list_id: item_view_all, item_list_name: item_view_all, item_count: 25, screen: item_view_all}
10-04 11:53:17.187 I/flutter ( 3923): 📊 analytics: filter_sheet_opened {screen: item_view_all, section: filter_sheet}
10-04 11:53:17.187 I/flutter ( 3923): [EVT] name=filter_sheet_opened params=[screen, section, module_id, zone_id]
10-04 11:53:24.259 I/flutter ( 3923): 📊 analytics: filter_applied {screen: item_view_all, section: filter_sheet, applied_filters_count: 1, sort_key: high, list_id: item_view_all}
10-04 11:53:24.260 I/flutter ( 3923): [EVT] name=filter_applied params=[screen, section, module_id, zone_id, applied_filters_count, sort_key, list_id]
10-04 11:53:24.260 I/flutter ( 3923): [NET] GET endpoint=/api/v1/items/popular
10-04 11:53:25.249 I/flutter ( 3923): [NET] endpoint=/api/v1/items/popular http_status=200
10-04 11:53:25.255 I/flutter ( 3923): 📊 analytics: view_item_list {item_list_id: item_view_all, item_list_name: item_view_all, item_count: 25, screen: item_view_all}
10-04 11:53:32.423 I/flutter ( 3923): [NET] GET endpoint=/api/v1/items/popular
10-04 11:53:33.255 I/flutter ( 3923): [NET] endpoint=/api/v1/items/popular http_status=200
10-04 11:53:33.255 I/flutter ( 3923): 📊 analytics: view_item_list {item_list_id: item_view_all, item_list_name: item_view_all, item_count: 14, screen: item_view_all}
10-04 11:53:37.474 I/flutter ( 3923): [NET] GET endpoint=/api/v1/items/popular
10-04 11:53:38.266 I/flutter ( 3923): [NET] endpoint=/api/v1/items/popular http_status=200
10-04 11:53:47.701 I/flutter ( 3923): 📊 analytics: see_all_tapped {section: most_popular_item, module_id: 2, screen: home}
10-04 11:53:47.708 I/flutter ( 3923): [NET] GET endpoint=/api/v1/items/popular
10-04 11:53:48.277 I/flutter ( 3923): [NET] endpoint=/api/v1/items/popular http_status=200
10-04 11:53:48.289 I/flutter ( 3923): 📊 analytics: view_item_list {item_list_id: item_view_all, item_list_name: item_view_all, item_count: 25, screen: item_view_all}
10-04 11:53:59.661 I/flutter ( 3923): 📊 analytics: filter_sheet_opened {screen: item_view_all, section: filter_sheet}
10-04 11:53:59.661 I/flutter ( 3923): [EVT] name=filter_sheet_opened params=[screen, section, module_id, zone_id]
10-04 11:54:06.761 I/flutter ( 3923): 📊 analytics: filter_applied {screen: item_view_all, section: filter_sheet, applied_filters_count: 1, sort_key: high, list_id: item_view_all}
10-04 11:54:06.761 I/flutter ( 3923): [EVT] name=filter_applied params=[screen, section, module_id, zone_id, applied_filters_count, sort_key, list_id]
10-04 11:54:06.762 I/flutter ( 3923): [NET] GET endpoint=/api/v1/items/popular
10-04 11:54:07.295 I/flutter ( 3923): [NET] endpoint=/api/v1/items/popular http_status=200
10-04 11:54:07.306 I/flutter ( 3923): 📊 analytics: view_item_list {item_list_id: item_view_all, item_list_name: item_view_all, item_count: 25, screen: item_view_all}
10-04 11:54:19.509 I/flutter ( 3923): [INFO] msg="item view-all: reached end of pagination, offset=2"
10-04 11:54:19.509 I/flutter ( 3923): [NET] GET endpoint=/api/v1/items/popular
10-04 11:54:20.315 I/flutter ( 3923): [NET] endpoint=/api/v1/items/popular http_status=200
10-04 11:54:28.542 I/flutter ( 3923): [INFO] msg="item view-all: reached end of pagination, offset=3"
10-04 11:54:28.542 I/flutter ( 3923): [NET] GET endpoint=/api/v1/items/popular
10-04 11:54:29.332 I/flutter ( 3923): [NET] endpoint=/api/v1/items/popular http_status=200
10-04 11:55:07.167 I/flutter ( 3923): [NET] GET endpoint=/api/v1/items/popular
10-04 11:55:07.900 I/flutter ( 3923): [NET] endpoint=/api/v1/items/popular http_status=200
10-04 11:55:11.812 I/flutter ( 3923): [NET] GET endpoint=/api/v1/config/get-zone-id
10-04 11:55:12.411 I/flutter ( 3923): [NET] endpoint=/api/v1/config/get-zone-id http_status=200
10-04 11:55:12.411 I/flutter ( 3923): [INFO] msg="location: inZone=true"
10-04 11:55:12.412 I/flutter ( 3923): [NET] GET endpoint=/api/v1/other-banners
10-04 11:55:12.413 I/flutter ( 3923): [NET] GET endpoint=/api/v1/banners
10-04 11:55:12.415 I/flutter ( 3923): [NET] GET endpoint=/api/v1/flash-sales
10-04 11:55:12.416 I/flutter ( 3923): [NET] GET endpoint=/api/v1/categories
10-04 11:55:12.417 I/flutter ( 3923): [NET] GET endpoint=/api/v1/stores/popular
10-04 11:55:12.417 I/flutter ( 3923): [NET] GET endpoint=/api/v1/campaigns/item
10-04 11:55:12.417 I/flutter ( 3923): [NET] GET endpoint=/api/v1/items/popular
10-04 11:55:12.418 I/flutter ( 3923): [NET] GET endpoint=/api/v1/stores/latest
10-04 11:55:12.419 I/flutter ( 3923): [NET] GET endpoint=/api/v1/items/most-reviewed
10-04 11:55:12.419 I/flutter ( 3923): 📊 analytics: view_item_list {item_list_id: store_card_popular_items, item_list_name: store_card_popular_items, item_count: 5, screen: home, store_id: 4, section: stores_list, position: 1}
10-04 11:55:12.420 I/flutter ( 3923): 📊 analytics: view_item_list {item_list_id: store_card_popular_items, item_list_name: store_card_popular_items, item_count: 5, screen: home, store_id: 5, section: stores_list, position: 2}
10-04 11:55:12.420 I/flutter ( 3923): 📊 analytics: view_item_list {item_list_id: store_card_popular_items, item_list_name: store_card_popular_items, item_count: 5, screen: home, store_id: 6, section: stores_list, position: 3}
10-04 11:55:12.420 I/flutter ( 3923): 📊 analytics: view_item_list {item_list_id: store_card_popular_items, item_list_name: store_card_popular_items, item_count: 5, screen: home, store_id: 39, section: stores_list, position: 4}
10-04 11:55:12.420 I/flutter ( 3923): 📊 analytics: view_item_list {item_list_id: store_card_popular_items, item_list_name: store_card_popular_items, item_count: 5, screen: home, store_id: 40, section: stores_list, position: 5}
10-04 11:55:12.420 I/flutter ( 3923): 📊 analytics: view_item_list {item_list_id: store_card_popular_items, item_list_name: store_card_popular_items, item_count: 5, screen: home, store_id: 41, section: stores_list, position: 6}
10-04 11:55:12.420 I/flutter ( 3923): 📊 analytics: view_store_list {item_list_id: stores_list, item_list_name: stores_list, count: 7, screen: home, with_popular_items_count: 6}
10-04 11:55:12.420 I/flutter ( 3923): [NET] GET endpoint=/api/v1/stores/get-stores/all
10-04 11:55:13.422 I/flutter ( 3923): [NET] endpoint=/api/v1/categories http_status=200
10-04 11:55:13.423 I/flutter ( 3923): [NET] endpoint=/api/v1/banners http_status=200
10-04 11:55:13.426 I/flutter ( 3923): [NET] endpoint=/api/v1/other-banners http_status=200
10-04 11:55:13.427 I/flutter ( 3923): [NET] endpoint=/api/v1/flash-sales http_status=200
10-04 11:55:13.428 I/flutter ( 3923): [NET] endpoint=/api/v1/stores/get-stores/all http_status=200
10-04 11:55:13.429 I/flutter ( 3923): 📊 analytics: view_item_list {item_list_id: store_card_popular_items, item_list_name: store_card_popular_items, item_count: 5, screen: home, store_id: 4, section: stores_list, position: 1}
10-04 11:55:13.429 I/flutter ( 3923): 📊 analytics: view_item_list {item_list_id: store_card_popular_items, item_list_name: store_card_popular_items, item_count: 5, screen: home, store_id: 5, section: stores_list, position: 2}
10-04 11:55:13.429 I/flutter ( 3923): 📊 analytics: view_item_list {item_list_id: store_card_popular_items, item_list_name: store_card_popular_items, item_count: 5, screen: home, store_id: 6, section: stores_list, position: 3}
10-04 11:55:13.429 I/flutter ( 3923): 📊 analytics: view_item_list {item_list_id: store_card_popular_items, item_list_name: store_card_popular_items, item_count: 5, screen: home, store_id: 39, section: stores_list, position: 4}
10-04 11:55:13.429 I/flutter ( 3923): 📊 analytics: view_item_list {item_list_id: store_card_popular_items, item_list_name: store_card_popular_items, item_count: 5, screen: home, store_id: 40, section: stores_list, position: 5}
10-04 11:55:13.429 I/flutter ( 3923): 📊 analytics: view_item_list {item_list_id: store_card_popular_items, item_list_name: store_card_popular_items, item_count: 5, screen: home, store_id: 41, section: stores_list, position: 6}
10-04 11:55:13.429 I/flutter ( 3923): 📊 analytics: view_store_list {item_list_id: stores_list, item_list_name: stores_list, count: 7, screen: home, with_popular_items_count: 6}
10-04 11:55:13.430 I/flutter ( 3923): [NET] endpoint=/api/v1/stores/popular http_status=200
10-04 11:55:13.432 I/flutter ( 3923): [NET] GET endpoint=/api/v1/campaigns/basic
10-04 11:55:13.434 I/flutter ( 3923): [NET] GET endpoint=/api/v1/advertisement/list
10-04 11:55:13.463 I/flutter ( 3923): [NET] endpoint=/api/v1/campaigns/item http_status=200
10-04 11:55:13.544 I/flutter ( 3923): [NET] endpoint=/api/v1/items/popular http_status=200
10-04 11:55:13.616 I/flutter ( 3923): [NET] endpoint=/api/v1/stores/latest http_status=200
10-04 11:55:13.698 I/flutter ( 3923): [NET] endpoint=/api/v1/items/most-reviewed http_status=200
10-04 11:55:13.749 I/flutter ( 3923): [NET] endpoint=/api/v1/advertisement/list http_status=200
10-04 11:55:13.801 I/flutter ( 3923): [NET] endpoint=/api/v1/campaigns/basic http_status=200
10-04 11:55:20.433 I/flutter ( 3923): 📊 analytics: module_switched {from_module: Restaurant, from_module_id: 2, to_module: Grocery, to_module_id: 1, source: categories_app_bar, screen: home, section: module_tabs, position: 0}
10-04 11:55:20.434 I/flutter ( 3923): [INFO] msg="home load started"
10-04 11:55:20.434 I/flutter ( 3923): [NET] GET endpoint=/api/v1/customer/cart/list
10-04 11:55:20.434 I/flutter ( 3923): [NET] GET endpoint=/api/v1/customer/cart/list
10-04 11:55:20.435 I/flutter ( 3923): [NET] GET endpoint=/api/v1/config/get-zone-id
10-04 11:55:21.319 I/flutter ( 3923): [NET] endpoint=/api/v1/customer/cart/list http_status=200
10-04 11:55:21.319 I/flutter ( 3923): [NET] endpoint=/api/v1/customer/cart/list http_status=200
10-04 11:55:21.320 I/flutter ( 3923): [NET] endpoint=/api/v1/config/get-zone-id http_status=200
10-04 11:55:21.320 I/flutter ( 3923): [INFO] msg="location: inZone=true"
10-04 11:55:21.321 I/flutter ( 3923): [NET] GET endpoint=/api/v1/home/all
10-04 11:55:22.339 I/flutter ( 3923): [NET] endpoint=/api/v1/home/all http_status=200
10-04 11:55:22.340 I/flutter ( 3923): [NET] GET endpoint=/api/v1/other-banners
10-04 11:55:22.366 I/flutter ( 3923): [NET] GET endpoint=/api/v1/flash-sales
10-04 11:55:22.367 I/flutter ( 3923): [NET] GET endpoint=/api/v1/items/popular
10-04 11:55:22.368 I/flutter ( 3923): [NET] GET endpoint=/api/v1/items/most-reviewed
10-04 11:55:22.369 I/flutter ( 3923): [NET] GET endpoint=/api/v1/campaigns/basic
10-04 11:55:22.369 I/flutter ( 3923): [NET] GET endpoint=/api/v1/campaigns/item
10-04 11:55:22.369 I/flutter ( 3923): [NET] GET endpoint=/api/v1/items/recommended
10-04 11:55:22.370 I/flutter ( 3923): [NET] GET endpoint=/api/v1/stores/get-stores/all
10-04 11:55:22.370 I/flutter ( 3923): [NET] GET endpoint=/api/v1/advertisement/list
10-04 11:55:22.370 I/flutter ( 3923): [NET] GET endpoint=/api/v1/module
10-04 11:55:23.366 I/flutter ( 3923): [NET] endpoint=/api/v1/other-banners http_status=200
10-04 11:55:23.392 I/flutter ( 3923): [NET] endpoint=/api/v1/module http_status=200
10-04 11:55:23.397 I/flutter ( 3923): [NET] endpoint=/api/v1/items/most-reviewed http_status=200
10-04 11:55:23.399 I/flutter ( 3923): [NET] endpoint=/api/v1/items/popular http_status=200
10-04 11:55:23.402 I/flutter ( 3923): [NET] endpoint=/api/v1/flash-sales http_status=200
10-04 11:55:23.447 I/flutter ( 3923): [NET] endpoint=/api/v1/campaigns/basic http_status=200
10-04 11:55:23.482 I/flutter ( 3923): [NET] endpoint=/api/v1/campaigns/item http_status=200
10-04 11:55:23.647 I/flutter ( 3923): [NET] endpoint=/api/v1/items/recommended http_status=200
10-04 11:55:23.718 I/flutter ( 3923): [NET] endpoint=/api/v1/stores/get-stores/all http_status=200
10-04 11:55:23.718 I/flutter ( 3923): 📊 analytics: view_item_list {item_list_id: store_card_popular_items, item_list_name: store_card_popular_items, item_count: 5, screen: home, store_id: 1, section: stores_list, position: 1}
10-04 11:55:23.719 I/flutter ( 3923): 📊 analytics: view_item_list {item_list_id: store_card_popular_items, item_list_name: store_card_popular_items, item_count: 5, screen: home, store_id: 2, section: stores_list, position: 2}
10-04 11:55:23.719 I/flutter ( 3923): 📊 analytics: view_item_list {item_list_id: store_card_popular_items, item_list_name: store_card_popular_items, item_count: 5, screen: home, store_id: 3, section: stores_list, position: 3}
10-04 11:55:23.719 I/flutter ( 3923): 📊 analytics: view_item_list {item_list_id: store_card_popular_items, item_list_name: store_card_popular_items, item_count: 5, screen: home, store_id: 36, section: stores_list, position: 4}
10-04 11:55:23.719 I/flutter ( 3923): 📊 analytics: view_item_list {item_list_id: store_card_popular_items, item_list_name: store_card_popular_items, item_count: 5, screen: home, store_id: 37, section: stores_list, position: 5}
10-04 11:55:23.719 I/flutter ( 3923): 📊 analytics: view_item_list {item_list_id: store_card_popular_items, item_list_name: store_card_popular_items, item_count: 5, screen: home, store_id: 38, section: stores_list, position: 6}
10-04 11:55:23.719 I/flutter ( 3923): 📊 analytics: view_store_list {item_list_id: stores_list, item_list_name: stores_list, count: 6, screen: home, with_popular_items_count: 6}
10-04 11:55:23.722 I/flutter ( 3923): [WARN] msg="isAvailable: minute-precision end time, treating as inclusive to :59 (item boundary degrade)"
10-04 11:55:23.831 I/flutter ( 3923): [NET] endpoint=/api/v1/advertisement/list http_status=200
10-04 11:55:41.333 I/flutter ( 3923): 📊 analytics: module_switched {from_module: Grocery, from_module_id: 1, to_module: NEARS-2897 Shop (Ecommerce), to_module_id: 9, source: categories_app_bar, screen: home, section: module_tabs, position: 3}
10-04 11:55:41.333 I/flutter ( 3923): [INFO] msg="home load started"
10-04 11:55:41.334 I/flutter ( 3923): [NET] GET endpoint=/api/v1/customer/cart/list
10-04 11:55:41.334 I/flutter ( 3923): [NET] GET endpoint=/api/v1/customer/cart/list
10-04 11:55:41.335 I/flutter ( 3923): [NET] GET endpoint=/api/v1/config/get-zone-id
10-04 11:55:41.928 I/flutter ( 3923): [NET] endpoint=/api/v1/customer/cart/list http_status=200
10-04 11:55:41.928 I/flutter ( 3923): [NET] endpoint=/api/v1/customer/cart/list http_status=200
10-04 11:55:41.928 I/flutter ( 3923): [NET] endpoint=/api/v1/config/get-zone-id http_status=200
10-04 11:55:41.928 I/flutter ( 3923): [INFO] msg="location: inZone=true"
10-04 11:55:41.929 I/flutter ( 3923): [NET] GET endpoint=/api/v1/home/all
10-04 11:55:42.934 I/flutter ( 3923): [NET] endpoint=/api/v1/home/all http_status=200
10-04 11:55:42.935 I/flutter ( 3923): [NET] GET endpoint=/api/v1/other-banners
10-04 11:55:42.939 I/flutter ( 3923): [NET] GET endpoint=/api/v1/flash-sales
10-04 11:55:42.941 I/flutter ( 3923): [NET] GET endpoint=/api/v1/categories/featured/items
10-04 11:55:42.942 I/flutter ( 3923): [NET] GET endpoint=/api/v1/brand
10-04 11:55:42.943 I/flutter ( 3923): [NET] GET endpoint=/api/v1/items/popular
10-04 11:55:42.943 I/flutter ( 3923): [NET] GET endpoint=/api/v1/items/most-reviewed
10-04 11:55:42.944 I/flutter ( 3923): [NET] GET endpoint=/api/v1/campaigns/basic
10-04 11:55:42.944 I/flutter ( 3923): [NET] GET endpoint=/api/v1/campaigns/item
10-04 11:55:42.944 I/flutter ( 3923): [NET] GET endpoint=/api/v1/items/recommended
10-04 11:55:42.968 I/flutter ( 3923): [NET] GET endpoint=/api/v1/stores/get-stores/all
10-04 11:55:42.968 I/flutter ( 3923): [NET] GET endpoint=/api/v1/advertisement/list
10-04 11:55:42.969 I/flutter ( 3923): [NET] GET endpoint=/api/v1/module
10-04 11:55:43.935 I/flutter ( 3923): [NET] endpoint=/api/v1/brand http_status=200
10-04 11:55:43.939 I/flutter ( 3923): [NET] endpoint=/api/v1/campaigns/basic http_status=200
10-04 11:55:43.940 I/flutter ( 3923): [NET] endpoint=/api/v1/categories/featured/items http_status=200
10-04 11:55:43.940 I/flutter ( 3923): [NET] endpoint=/api/v1/items/most-reviewed http_status=200
10-04 11:55:43.940 I/flutter ( 3923): [NET] endpoint=/api/v1/items/popular http_status=200
10-04 11:55:43.943 I/flutter ( 3923): [NET] endpoint=/api/v1/flash-sales http_status=200
10-04 11:55:43.950 I/flutter ( 3923): [NET] endpoint=/api/v1/other-banners http_status=200
10-04 11:55:43.952 I/flutter ( 3923): [NET] endpoint=/api/v1/module http_status=200
10-04 11:55:43.953 I/flutter ( 3923): [NET] endpoint=/api/v1/campaigns/item http_status=200
10-04 11:55:43.992 I/flutter ( 3923): [NET] endpoint=/api/v1/items/recommended http_status=200
10-04 11:55:44.063 I/flutter ( 3923): [NET] endpoint=/api/v1/stores/get-stores/all http_status=200
10-04 11:55:44.063 I/flutter ( 3923): 📊 analytics: view_store_list {item_list_id: stores_list, item_list_name: stores_list, count: 2, screen: home, with_popular_items_count: 0}
10-04 11:55:44.115 I/flutter ( 3923): [NET] endpoint=/api/v1/advertisement/list http_status=200
10-04 11:56:17.611 I/flutter ( 3923): [NET] GET endpoint=/api/v1/config/get-zone-id
10-04 11:56:18.125 I/flutter ( 3923): [NET] endpoint=/api/v1/config/get-zone-id http_status=200
10-04 11:56:18.125 I/flutter ( 3923): [INFO] msg="location: inZone=true"
10-04 11:56:18.127 I/flutter ( 3923): [NET] GET endpoint=/api/v1/other-banners
10-04 11:56:18.128 I/flutter ( 3923): [NET] GET endpoint=/api/v1/banners
10-04 11:56:18.129 I/flutter ( 3923): [NET] GET endpoint=/api/v1/flash-sales
10-04 11:56:18.130 I/flutter ( 3923): [NET] GET endpoint=/api/v1/categories
10-04 11:56:18.131 I/flutter ( 3923): [NET] GET endpoint=/api/v1/stores/popular
10-04 11:56:18.131 I/flutter ( 3923): [NET] GET endpoint=/api/v1/campaigns/item
10-04 11:56:18.131 I/flutter ( 3923): [NET] GET endpoint=/api/v1/items/popular
10-04 11:56:18.132 I/flutter ( 3923): [NET] GET endpoint=/api/v1/stores/latest
10-04 11:56:18.132 I/flutter ( 3923): [NET] GET endpoint=/api/v1/items/most-reviewed
10-04 11:56:18.132 I/flutter ( 3923): 📊 analytics: view_store_list {item_list_id: stores_list, item_list_name: stores_list, count: 2, screen: home, with_popular_items_count: 0}
10-04 11:56:18.133 I/flutter ( 3923): [NET] GET endpoint=/api/v1/stores/get-stores/all
10-04 11:56:19.133 I/flutter ( 3923): [NET] endpoint=/api/v1/items/popular http_status=200
10-04 11:56:19.134 I/flutter ( 3923): [NET] endpoint=/api/v1/campaigns/item http_status=200
10-04 11:56:19.135 I/flutter ( 3923): [NET] endpoint=/api/v1/categories http_status=200
10-04 11:56:19.135 I/flutter ( 3923): [NET] endpoint=/api/v1/flash-sales http_status=200
10-04 11:56:19.136 I/flutter ( 3923): [NET] endpoint=/api/v1/banners http_status=200
10-04 11:56:19.136 I/flutter ( 3923): [NET] endpoint=/api/v1/other-banners http_status=200
10-04 11:56:19.137 I/flutter ( 3923): [NET] endpoint=/api/v1/stores/get-stores/all http_status=200
10-04 11:56:19.137 I/flutter ( 3923): 📊 analytics: view_store_list {item_list_id: stores_list, item_list_name: stores_list, count: 2, screen: home, with_popular_items_count: 0}
10-04 11:56:19.138 I/flutter ( 3923): [NET] endpoint=/api/v1/stores/popular http_status=200
10-04 11:56:19.161 I/flutter ( 3923): [NET] GET endpoint=/api/v1/campaigns/basic
10-04 11:56:19.161 I/flutter ( 3923): [NET] GET endpoint=/api/v1/advertisement/list
10-04 11:56:19.162 I/flutter ( 3923): [NET] GET endpoint=/api/v1/categories/featured/items
10-04 11:56:19.162 I/flutter ( 3923): [NET] GET endpoint=/api/v1/brand
10-04 11:56:19.184 I/flutter ( 3923): [NET] endpoint=/api/v1/stores/latest http_status=200
10-04 11:56:19.232 I/flutter ( 3923): [NET] endpoint=/api/v1/items/most-reviewed http_status=200
10-04 11:56:19.285 I/flutter ( 3923): [NET] endpoint=/api/v1/campaigns/basic http_status=200
10-04 11:56:19.336 I/flutter ( 3923): [NET] endpoint=/api/v1/advertisement/list http_status=200
10-04 11:56:19.400 I/flutter ( 3923): [NET] endpoint=/api/v1/brand http_status=200
10-04 11:56:19.465 I/flutter ( 3923): [NET] endpoint=/api/v1/categories/featured/items http_status=200
10-04 11:56:19.977 I/flutter ( 3923): [INFO] msg="location: zone resolved from short-TTL coord cache (T2 dedupe)"
10-04 11:56:19.977 I/flutter ( 3923): [INFO] msg="location: inZone=true"
10-04 11:56:19.979 I/flutter ( 3923): [NET] GET endpoint=/api/v1/other-banners
10-04 11:56:19.982 I/flutter ( 3923): [NET] GET endpoint=/api/v1/banners
10-04 11:56:19.982 I/flutter ( 3923): [NET] GET endpoint=/api/v1/flash-sales
10-04 11:56:19.982 I/flutter ( 3923): [NET] GET endpoint=/api/v1/categories
10-04 11:56:19.983 I/flutter ( 3923): [NET] GET endpoint=/api/v1/stores/popular
10-04 11:56:19.983 I/flutter ( 3923): [NET] GET endpoint=/api/v1/campaigns/item
10-04 11:56:19.983 I/flutter ( 3923): [NET] GET endpoint=/api/v1/items/popular
10-04 11:56:19.984 I/flutter ( 3923): [NET] GET endpoint=/api/v1/stores/latest
10-04 11:56:19.984 I/flutter ( 3923): [NET] GET endpoint=/api/v1/items/most-reviewed
10-04 11:56:19.985 I/flutter ( 3923): 📊 analytics: view_store_list {item_list_id: stores_list, item_list_name: stores_list, count: 2, screen: home, with_popular_items_count: 0}
10-04 11:56:19.985 I/flutter ( 3923): [NET] GET endpoint=/api/v1/stores/get-stores/all
10-04 11:56:20.967 I/flutter ( 3923): [NET] endpoint=/api/v1/campaigns/item http_status=200
10-04 11:56:20.969 I/flutter ( 3923): [NET] endpoint=/api/v1/categories http_status=200
10-04 11:56:20.970 I/flutter ( 3923): [NET] endpoint=/api/v1/flash-sales http_status=200
10-04 11:56:20.970 I/flutter ( 3923): [NET] endpoint=/api/v1/banners http_status=200
10-04 11:56:20.971 I/flutter ( 3923): [NET] endpoint=/api/v1/other-banners http_status=200
10-04 11:56:20.973 I/flutter ( 3923): [NET] endpoint=/api/v1/stores/get-stores/all http_status=200
10-04 11:56:20.974 I/flutter ( 3923): 📊 analytics: view_store_list {item_list_id: stores_list, item_list_name: stores_list, count: 2, screen: home, with_popular_items_count: 0}
10-04 11:56:20.975 I/flutter ( 3923): [NET] endpoint=/api/v1/stores/latest http_status=200
10-04 11:56:20.992 I/flutter ( 3923): [NET] endpoint=/api/v1/stores/popular http_status=200
10-04 11:56:20.994 I/flutter ( 3923): [NET] GET endpoint=/api/v1/campaigns/basic
10-04 11:56:20.994 I/flutter ( 3923): [NET] GET endpoint=/api/v1/advertisement/list
10-04 11:56:20.995 I/flutter ( 3923): [NET] GET endpoint=/api/v1/categories/featured/items
10-04 11:56:20.995 I/flutter ( 3923): [NET] GET endpoint=/api/v1/brand
10-04 11:56:20.998 I/flutter ( 3923): [NET] endpoint=/api/v1/items/most-reviewed http_status=200
10-04 11:56:21.042 I/flutter ( 3923): [NET] endpoint=/api/v1/items/popular http_status=200
10-04 11:56:21.544 I/flutter ( 3923): [NET] endpoint=/api/v1/brand http_status=200
10-04 11:56:21.544 I/flutter ( 3923): [NET] endpoint=/api/v1/categories/featured/items http_status=200
10-04 11:56:21.546 I/flutter ( 3923): [NET] endpoint=/api/v1/advertisement/list http_status=200
10-04 11:56:21.548 I/flutter ( 3923): [NET] endpoint=/api/v1/campaigns/basic http_status=200
10-04 11:56:21.859 I/flutter ( 3923): [INFO] msg="location: zone resolved from short-TTL coord cache (T2 dedupe)"
10-04 11:56:21.859 I/flutter ( 3923): [INFO] msg="location: inZone=true"
10-04 11:56:21.860 I/flutter ( 3923): [NET] GET endpoint=/api/v1/other-banners
10-04 11:56:21.862 I/flutter ( 3923): [NET] GET endpoint=/api/v1/banners
10-04 11:56:21.863 I/flutter ( 3923): [NET] GET endpoint=/api/v1/flash-sales
10-04 11:56:21.863 I/flutter ( 3923): [NET] GET endpoint=/api/v1/categories
10-04 11:56:21.863 I/flutter ( 3923): [NET] GET endpoint=/api/v1/stores/popular
10-04 11:56:21.864 I/flutter ( 3923): [NET] GET endpoint=/api/v1/campaigns/item
10-04 11:56:21.864 I/flutter ( 3923): [NET] GET endpoint=/api/v1/items/popular
10-04 11:56:21.864 I/flutter ( 3923): [NET] GET endpoint=/api/v1/stores/latest
10-04 11:56:21.866 I/flutter ( 3923): [NET] GET endpoint=/api/v1/items/most-reviewed
10-04 11:56:21.867 I/flutter ( 3923): 📊 analytics: view_store_list {item_list_id: stores_list, item_list_name: stores_list, count: 2, screen: home, with_popular_items_count: 0}
10-04 11:56:21.867 I/flutter ( 3923): [NET] GET endpoint=/api/v1/stores/get-stores/all
10-04 11:56:22.548 I/flutter ( 3923): [NET] endpoint=/api/v1/items/popular http_status=200
10-04 11:56:22.549 I/flutter ( 3923): [NET] endpoint=/api/v1/campaigns/item http_status=200
10-04 11:56:22.549 I/flutter ( 3923): [NET] endpoint=/api/v1/categories http_status=200
10-04 11:56:22.550 I/flutter ( 3923): [NET] endpoint=/api/v1/flash-sales http_status=200
10-04 11:56:22.550 I/flutter ( 3923): [NET] endpoint=/api/v1/banners http_status=200
10-04 11:56:22.550 I/flutter ( 3923): [NET] endpoint=/api/v1/other-banners http_status=200
10-04 11:56:22.551 I/flutter ( 3923): [NET] endpoint=/api/v1/stores/get-stores/all http_status=200
10-04 11:56:22.551 I/flutter ( 3923): 📊 analytics: view_store_list {item_list_id: stores_list, item_list_name: stores_list, count: 2, screen: home, with_popular_items_count: 0}
10-04 11:56:22.552 I/flutter ( 3923): [NET] endpoint=/api/v1/stores/popular http_status=200
10-04 11:56:22.576 I/flutter ( 3923): [NET] GET endpoint=/api/v1/campaigns/basic
10-04 11:56:22.576 I/flutter ( 3923): [NET] GET endpoint=/api/v1/advertisement/list
10-04 11:56:22.577 I/flutter ( 3923): [NET] GET endpoint=/api/v1/categories/featured/items
10-04 11:56:22.577 I/flutter ( 3923): [NET] GET endpoint=/api/v1/brand
10-04 11:56:22.578 I/flutter ( 3923): [NET] endpoint=/api/v1/stores/latest http_status=200
10-04 11:56:22.614 I/flutter ( 3923): [NET] endpoint=/api/v1/items/most-reviewed http_status=200
10-04 11:56:23.114 I/flutter ( 3923): [NET] endpoint=/api/v1/brand http_status=200
10-04 11:56:23.115 I/flutter ( 3923): [NET] endpoint=/api/v1/categories/featured/items http_status=200
10-04 11:56:23.116 I/flutter ( 3923): [NET] endpoint=/api/v1/advertisement/list http_status=200
10-04 11:56:23.117 I/flutter ( 3923): [NET] endpoint=/api/v1/campaigns/basic http_status=200
10-04 11:56:37.942 I/flutter ( 3923): [NET] GET endpoint=/api/v1/config/get-zone-id
10-04 11:56:38.629 I/flutter ( 3923): [NET] endpoint=/api/v1/config/get-zone-id http_status=200
10-04 11:56:38.629 I/flutter ( 3923): [INFO] msg="location: inZone=true"
10-04 11:56:38.631 I/flutter ( 3923): [NET] GET endpoint=/api/v1/other-banners
10-04 11:56:38.632 I/flutter ( 3923): [NET] GET endpoint=/api/v1/banners
10-04 11:56:38.633 I/flutter ( 3923): [NET] GET endpoint=/api/v1/flash-sales
10-04 11:56:38.634 I/flutter ( 3923): [NET] GET endpoint=/api/v1/categories
10-04 11:56:38.635 I/flutter ( 3923): [NET] GET endpoint=/api/v1/stores/popular
10-04 11:56:38.635 I/flutter ( 3923): [NET] GET endpoint=/api/v1/campaigns/item
10-04 11:56:38.635 I/flutter ( 3923): [NET] GET endpoint=/api/v1/items/popular
10-04 11:56:38.636 I/flutter ( 3923): [NET] GET endpoint=/api/v1/stores/latest
10-04 11:56:38.636 I/flutter ( 3923): [NET] GET endpoint=/api/v1/items/most-reviewed
10-04 11:56:38.636 I/flutter ( 3923): 📊 analytics: view_store_list {item_list_id: stores_list, item_list_name: stores_list, count: 2, screen: home, with_popular_items_count: 0}
10-04 11:56:38.636 I/flutter ( 3923): [NET] GET endpoint=/api/v1/stores/get-stores/all
10-04 11:56:39.636 I/flutter ( 3923): [NET] endpoint=/api/v1/items/popular http_status=200
10-04 11:56:39.637 I/flutter ( 3923): [NET] endpoint=/api/v1/campaigns/item http_status=200
10-04 11:56:39.639 I/flutter ( 3923): [NET] endpoint=/api/v1/categories http_status=200
10-04 11:56:39.640 I/flutter ( 3923): [NET] endpoint=/api/v1/flash-sales http_status=200
10-04 11:56:39.646 I/flutter ( 3923): [NET] endpoint=/api/v1/banners http_status=200
10-04 11:56:39.647 I/flutter ( 3923): [NET] endpoint=/api/v1/other-banners http_status=200
10-04 11:56:39.648 I/flutter ( 3923): [NET] endpoint=/api/v1/stores/get-stores/all http_status=200
10-04 11:56:39.648 I/flutter ( 3923): 📊 analytics: view_store_list {item_list_id: stores_list, item_list_name: stores_list, count: 2, screen: home, with_popular_items_count: 0}
10-04 11:56:39.649 I/flutter ( 3923): [NET] endpoint=/api/v1/stores/popular http_status=200
10-04 11:56:39.673 I/flutter ( 3923): [NET] GET endpoint=/api/v1/campaigns/basic
10-04 11:56:39.674 I/flutter ( 3923): [NET] GET endpoint=/api/v1/advertisement/list
10-04 11:56:39.674 I/flutter ( 3923): [NET] GET endpoint=/api/v1/categories/featured/items
10-04 11:56:39.675 I/flutter ( 3923): [NET] GET endpoint=/api/v1/brand
10-04 11:56:39.676 I/flutter ( 3923): [NET] endpoint=/api/v1/stores/latest http_status=200
10-04 11:56:39.719 I/flutter ( 3923): [NET] endpoint=/api/v1/items/most-reviewed http_status=200
10-04 11:56:40.221 I/flutter ( 3923): [NET] endpoint=/api/v1/campaigns/basic http_status=200
10-04 11:56:40.222 I/flutter ( 3923): [NET] endpoint=/api/v1/brand http_status=200
10-04 11:56:40.224 I/flutter ( 3923): [NET] endpoint=/api/v1/advertisement/list http_status=200
10-04 11:56:40.229 I/flutter ( 3923): [NET] endpoint=/api/v1/categories/featured/items http_status=200
10-04 11:56:40.793 I/flutter ( 3923): [INFO] msg="location: zone resolved from short-TTL coord cache (T2 dedupe)"
10-04 11:56:40.793 I/flutter ( 3923): [INFO] msg="location: inZone=true"
10-04 11:56:40.794 I/flutter ( 3923): [NET] GET endpoint=/api/v1/other-banners
10-04 11:56:40.796 I/flutter ( 3923): [NET] GET endpoint=/api/v1/banners
10-04 11:56:40.796 I/flutter ( 3923): [NET] GET endpoint=/api/v1/flash-sales
10-04 11:56:40.796 I/flutter ( 3923): [NET] GET endpoint=/api/v1/categories
10-04 11:56:40.798 I/flutter ( 3923): [NET] GET endpoint=/api/v1/stores/popular
10-04 11:56:40.800 I/flutter ( 3923): [NET] GET endpoint=/api/v1/campaigns/item
10-04 11:56:40.801 I/flutter ( 3923): [NET] GET endpoint=/api/v1/items/popular
10-04 11:56:40.802 I/flutter ( 3923): [NET] GET endpoint=/api/v1/stores/latest
10-04 11:56:40.802 I/flutter ( 3923): [NET] GET endpoint=/api/v1/items/most-reviewed
10-04 11:56:40.803 I/flutter ( 3923): 📊 analytics: view_store_list {item_list_id: stores_list, item_list_name: stores_list, count: 2, screen: home, with_popular_items_count: 0}
10-04 11:56:40.803 I/flutter ( 3923): [NET] GET endpoint=/api/v1/stores/get-stores/all
10-04 11:56:41.729 I/flutter ( 3923): [NET] endpoint=/api/v1/items/popular http_status=200
10-04 11:56:41.730 I/flutter ( 3923): [NET] endpoint=/api/v1/campaigns/item http_status=200
10-04 11:56:41.731 I/flutter ( 3923): [NET] endpoint=/api/v1/categories http_status=200
10-04 11:56:41.731 I/flutter ( 3923): [NET] endpoint=/api/v1/flash-sales http_status=200
10-04 11:56:41.731 I/flutter ( 3923): [NET] endpoint=/api/v1/banners http_status=200
10-04 11:56:41.732 I/flutter ( 3923): [NET] endpoint=/api/v1/other-banners http_status=200
10-04 11:56:41.732 I/flutter ( 3923): [NET] endpoint=/api/v1/stores/get-stores/all http_status=200
10-04 11:56:41.733 I/flutter ( 3923): 📊 analytics: view_store_list {item_list_id: stores_list, item_list_name: stores_list, count: 2, screen: home, with_popular_items_count: 0}
10-04 11:56:41.733 I/flutter ( 3923): [NET] endpoint=/api/v1/stores/popular http_status=200
10-04 11:56:41.752 I/flutter ( 3923): [NET] GET endpoint=/api/v1/campaigns/basic
10-04 11:56:41.752 I/flutter ( 3923): [NET] GET endpoint=/api/v1/advertisement/list
10-04 11:56:41.753 I/flutter ( 3923): [NET] GET endpoint=/api/v1/categories/featured/items
10-04 11:56:41.753 I/flutter ( 3923): [NET] GET endpoint=/api/v1/brand
10-04 11:56:41.806 I/flutter ( 3923): [NET] endpoint=/api/v1/stores/latest http_status=200
10-04 11:56:41.854 I/flutter ( 3923): [NET] endpoint=/api/v1/items/most-reviewed http_status=200
10-04 11:56:41.911 I/flutter ( 3923): [NET] endpoint=/api/v1/brand http_status=200
10-04 11:56:41.962 I/flutter ( 3923): [NET] endpoint=/api/v1/campaigns/basic http_status=200
10-04 11:56:42.027 I/flutter ( 3923): [NET] endpoint=/api/v1/categories/featured/items http_status=200
10-04 11:56:42.078 I/flutter ( 3923): [NET] endpoint=/api/v1/advertisement/list http_status=200
10-04 11:56:42.682 I/flutter ( 3923): [INFO] msg="location: zone resolved from short-TTL coord cache (T2 dedupe)"
10-04 11:56:42.683 I/flutter ( 3923): [INFO] msg="location: inZone=true"
10-04 11:56:42.684 I/flutter ( 3923): [NET] GET endpoint=/api/v1/other-banners
10-04 11:56:42.685 I/flutter ( 3923): [NET] GET endpoint=/api/v1/banners
10-04 11:56:42.686 I/flutter ( 3923): [NET] GET endpoint=/api/v1/flash-sales
10-04 11:56:42.686 I/flutter ( 3923): [NET] GET endpoint=/api/v1/categories
10-04 11:56:42.688 I/flutter ( 3923): [NET] GET endpoint=/api/v1/stores/popular
10-04 11:56:42.689 I/flutter ( 3923): [NET] GET endpoint=/api/v1/campaigns/item
10-04 11:56:42.689 I/flutter ( 3923): [NET] GET endpoint=/api/v1/items/popular
10-04 11:56:42.690 I/flutter ( 3923): [NET] GET endpoint=/api/v1/stores/latest
10-04 11:56:42.691 I/flutter ( 3923): [NET] GET endpoint=/api/v1/items/most-reviewed
10-04 11:56:42.691 I/flutter ( 3923): 📊 analytics: view_store_list {item_list_id: stores_list, item_list_name: stores_list, count: 2, screen: home, with_popular_items_count: 0}
10-04 11:56:42.691 I/flutter ( 3923): [NET] GET endpoint=/api/v1/stores/get-stores/all
10-04 11:56:43.584 I/flutter ( 3923): [NET] endpoint=/api/v1/banners http_status=200
10-04 11:56:43.585 I/flutter ( 3923): [NET] endpoint=/api/v1/other-banners http_status=200
10-04 11:56:43.585 I/flutter ( 3923): [NET] endpoint=/api/v1/items/most-reviewed http_status=200
10-04 11:56:43.586 I/flutter ( 3923): [NET] endpoint=/api/v1/campaigns/item http_status=200
10-04 11:56:43.587 I/flutter ( 3923): [NET] endpoint=/api/v1/items/popular http_status=200
10-04 11:56:43.587 I/flutter ( 3923): [NET] endpoint=/api/v1/categories http_status=200
10-04 11:56:43.587 I/flutter ( 3923): [NET] endpoint=/api/v1/flash-sales http_status=200
10-04 11:56:43.588 I/flutter ( 3923): [NET] endpoint=/api/v1/stores/popular http_status=200
10-04 11:56:43.605 I/flutter ( 3923): [NET] GET endpoint=/api/v1/campaigns/basic
10-04 11:56:43.605 I/flutter ( 3923): [NET] GET endpoint=/api/v1/advertisement/list
10-04 11:56:43.606 I/flutter ( 3923): [NET] GET endpoint=/api/v1/categories/featured/items
10-04 11:56:43.606 I/flutter ( 3923): [NET] GET endpoint=/api/v1/brand
10-04 11:56:43.626 I/flutter ( 3923): [NET] endpoint=/api/v1/stores/latest http_status=200
10-04 11:56:43.686 I/flutter ( 3923): [NET] endpoint=/api/v1/stores/get-stores/all http_status=200
10-04 11:56:43.686 I/flutter ( 3923): 📊 analytics: view_store_list {item_list_id: stores_list, item_list_name: stores_list, count: 2, screen: home, with_popular_items_count: 0}
10-04 11:56:44.185 I/flutter ( 3923): [NET] endpoint=/api/v1/brand http_status=200
10-04 11:56:44.186 I/flutter ( 3923): [NET] endpoint=/api/v1/categories/featured/items http_status=200
10-04 11:56:44.187 I/flutter ( 3923): [NET] endpoint=/api/v1/advertisement/list http_status=200
10-04 11:56:44.187 I/flutter ( 3923): [NET] endpoint=/api/v1/campaigns/basic http_status=200
10-04 11:57:33.202 I/flutter ( 3923): 📊 analytics: module_switched {from_module: NEARS-2897 Shop (Ecommerce), from_module_id: 9, to_module: Restaurant, to_module_id: 2, source: categories_app_bar, screen: home, section: module_tabs, position: 1}
10-04 11:57:33.203 I/flutter ( 3923): [INFO] msg="home load started"
10-04 11:57:33.203 I/flutter ( 3923): [NET] GET endpoint=/api/v1/customer/cart/list
10-04 11:57:33.203 I/flutter ( 3923): [NET] GET endpoint=/api/v1/customer/cart/list
10-04 11:57:33.204 I/flutter ( 3923): [NET] GET endpoint=/api/v1/config/get-zone-id
10-04 11:57:33.736 I/flutter ( 3923): [NET] endpoint=/api/v1/customer/cart/list http_status=200
10-04 11:57:33.736 I/flutter ( 3923): [NET] endpoint=/api/v1/customer/cart/list http_status=200
10-04 11:57:33.737 I/flutter ( 3923): [NET] endpoint=/api/v1/config/get-zone-id http_status=200
10-04 11:57:33.737 I/flutter ( 3923): [INFO] msg="location: inZone=true"
10-04 11:57:33.744 I/flutter ( 3923): [NET] GET endpoint=/api/v1/home/all
10-04 11:57:34.752 I/flutter ( 3923): [NET] endpoint=/api/v1/home/all http_status=200
10-04 11:57:34.752 I/flutter ( 3923): [NET] GET endpoint=/api/v1/other-banners
10-04 11:57:34.762 I/flutter ( 3923): [NET] GET endpoint=/api/v1/flash-sales
10-04 11:57:34.763 I/flutter ( 3923): [NET] GET endpoint=/api/v1/items/popular
10-04 11:57:34.766 I/flutter ( 3923): [NET] GET endpoint=/api/v1/items/most-reviewed
10-04 11:57:34.768 I/flutter ( 3923): [NET] GET endpoint=/api/v1/campaigns/basic
10-04 11:57:34.768 I/flutter ( 3923): [NET] GET endpoint=/api/v1/campaigns/item
10-04 11:57:34.770 I/flutter ( 3923): [NET] GET endpoint=/api/v1/items/recommended
10-04 11:57:34.771 I/flutter ( 3923): 📊 analytics: view_item_list {item_list_id: store_card_popular_items, item_list_name: store_card_popular_items, item_count: 5, screen: home, store_id: 4, section: stores_list, position: 1}
10-04 11:57:34.771 I/flutter ( 3923): 📊 analytics: view_item_list {item_list_id: store_card_popular_items, item_list_name: store_card_popular_items, item_count: 5, screen: home, store_id: 5, section: stores_list, position: 2}
10-04 11:57:34.771 I/flutter ( 3923): 📊 analytics: view_item_list {item_list_id: store_card_popular_items, item_list_name: store_card_popular_items, item_count: 5, screen: home, store_id: 6, section: stores_list, position: 3}
10-04 11:57:34.771 I/flutter ( 3923): 📊 analytics: view_item_list {item_list_id: store_card_popular_items, item_list_name: store_card_popular_items, item_count: 5, screen: home, store_id: 39, section: stores_list, position: 4}
10-04 11:57:34.771 I/flutter ( 3923): 📊 analytics: view_item_list {item_list_id: store_card_popular_items, item_list_name: store_card_popular_items, item_count: 5, screen: home, store_id: 40, section: stores_list, position: 5}
10-04 11:57:34.771 I/flutter ( 3923): 📊 analytics: view_item_list {item_list_id: store_card_popular_items, item_list_name: store_card_popular_items, item_count: 5, screen: home, store_id: 41, section: stores_list, position: 6}
10-04 11:57:34.773 I/flutter ( 3923): 📊 analytics: view_store_list {item_list_id: stores_list, item_list_name: stores_list, count: 7, screen: home, with_popular_items_count: 6}
10-04 11:57:34.773 I/flutter ( 3923): [NET] GET endpoint=/api/v1/stores/get-stores/all
10-04 11:57:34.774 I/flutter ( 3923): [NET] GET endpoint=/api/v1/advertisement/list
10-04 11:57:34.774 I/flutter ( 3923): [NET] GET endpoint=/api/v1/module
10-04 11:57:35.754 I/flutter ( 3923): [NET] endpoint=/api/v1/campaigns/basic http_status=200
10-04 11:57:35.755 I/flutter ( 3923): [NET] endpoint=/api/v1/other-banners http_status=200
10-04 11:57:35.767 I/flutter ( 3923): [NET] endpoint=/api/v1/module http_status=200
10-04 11:57:35.768 I/flutter ( 3923): [NET] endpoint=/api/v1/items/most-reviewed http_status=200
10-04 11:57:35.769 I/flutter ( 3923): [NET] endpoint=/api/v1/items/popular http_status=200
10-04 11:57:35.770 I/flutter ( 3923): [NET] endpoint=/api/v1/flash-sales http_status=200
10-04 11:57:35.770 I/flutter ( 3923): [NET] endpoint=/api/v1/campaigns/item http_status=200
10-04 11:57:35.895 I/flutter ( 3923): [NET] endpoint=/api/v1/items/recommended http_status=200
10-04 11:57:35.972 I/flutter ( 3923): [NET] endpoint=/api/v1/stores/get-stores/all http_status=200
10-04 11:57:35.972 I/flutter ( 3923): 📊 analytics: view_item_list {item_list_id: store_card_popular_items, item_list_name: store_card_popular_items, item_count: 5, screen: home, store_id: 4, section: stores_list, position: 1}
10-04 11:57:35.972 I/flutter ( 3923): 📊 analytics: view_item_list {item_list_id: store_card_popular_items, item_list_name: store_card_popular_items, item_count: 5, screen: home, store_id: 5, section: stores_list, position: 2}
10-04 11:57:35.972 I/flutter ( 3923): 📊 analytics: view_item_list {item_list_id: store_card_popular_items, item_list_name: store_card_popular_items, item_count: 5, screen: home, store_id: 6, section: stores_list, position: 3}
10-04 11:57:35.972 I/flutter ( 3923): 📊 analytics: view_item_list {item_list_id: store_card_popular_items, item_list_name: store_card_popular_items, item_count: 5, screen: home, store_id: 39, section: stores_list, position: 4}
10-04 11:57:35.972 I/flutter ( 3923): 📊 analytics: view_item_list {item_list_id: store_card_popular_items, item_list_name: store_card_popular_items, item_count: 5, screen: home, store_id: 40, section: stores_list, position: 5}
10-04 11:57:35.972 I/flutter ( 3923): 📊 analytics: view_item_list {item_list_id: store_card_popular_items, item_list_name: store_card_popular_items, item_count: 5, screen: home, store_id: 41, section: stores_list, position: 6}
10-04 11:57:35.972 I/flutter ( 3923): 📊 analytics: view_store_list {item_list_id: stores_list, item_list_name: stores_list, count: 7, screen: home, with_popular_items_count: 6}
10-04 11:57:36.019 I/flutter ( 3923): [NET] endpoint=/api/v1/advertisement/list http_status=200
10-04 11:57:39.843 I/flutter ( 3923): [NET] GET endpoint=/api/v1/config/get-zone-id
10-04 11:57:40.518 I/flutter ( 3923): [NET] endpoint=/api/v1/config/get-zone-id http_status=200
10-04 11:57:40.518 I/flutter ( 3923): [INFO] msg="location: inZone=true"
10-04 11:57:40.520 I/flutter ( 3923): [NET] GET endpoint=/api/v1/other-banners
10-04 11:57:40.521 I/flutter ( 3923): [NET] GET endpoint=/api/v1/banners
10-04 11:57:40.523 I/flutter ( 3923): [NET] GET endpoint=/api/v1/flash-sales
10-04 11:57:40.523 I/flutter ( 3923): [NET] GET endpoint=/api/v1/categories
10-04 11:57:40.525 I/flutter ( 3923): [NET] GET endpoint=/api/v1/stores/popular
10-04 11:57:40.525 I/flutter ( 3923): [NET] GET endpoint=/api/v1/campaigns/item
10-04 11:57:40.526 I/flutter ( 3923): [NET] GET endpoint=/api/v1/items/popular
10-04 11:57:40.526 I/flutter ( 3923): [NET] GET endpoint=/api/v1/stores/latest
10-04 11:57:40.527 I/flutter ( 3923): [NET] GET endpoint=/api/v1/items/most-reviewed
10-04 11:57:40.543 I/flutter ( 3923): 📊 analytics: view_item_list {item_list_id: store_card_popular_items, item_list_name: store_card_popular_items, item_count: 5, screen: home, store_id: 4, section: stores_list, position: 1}
10-04 11:57:40.544 I/flutter ( 3923): 📊 analytics: view_item_list {item_list_id: store_card_popular_items, item_list_name: store_card_popular_items, item_count: 5, screen: home, store_id: 5, section: stores_list, position: 2}
10-04 11:57:40.544 I/flutter ( 3923): 📊 analytics: view_item_list {item_list_id: store_card_popular_items, item_list_name: store_card_popular_items, item_count: 5, screen: home, store_id: 6, section: stores_list, position: 3}
10-04 11:57:40.544 I/flutter ( 3923): 📊 analytics: view_item_list {item_list_id: store_card_popular_items, item_list_name: store_card_popular_items, item_count: 5, screen: home, store_id: 39, section: stores_list, position: 4}
10-04 11:57:40.544 I/flutter ( 3923): 📊 analytics: view_item_list {item_list_id: store_card_popular_items, item_list_name: store_card_popular_items, item_count: 5, screen: home, store_id: 40, section: stores_list, position: 5}
10-04 11:57:40.544 I/flutter ( 3923): 📊 analytics: view_item_list {item_list_id: store_card_popular_items, item_list_name: store_card_popular_items, item_count: 5, screen: home, store_id: 41, section: stores_list, position: 6}
10-04 11:57:40.544 I/flutter ( 3923): 📊 analytics: view_store_list {item_list_id: stores_list, item_list_name: stores_list, count: 7, screen: home, with_popular_items_count: 6}
10-04 11:57:40.544 I/flutter ( 3923): [NET] GET endpoint=/api/v1/stores/get-stores/all
10-04 11:57:41.530 I/flutter ( 3923): [NET] endpoint=/api/v1/categories http_status=200
10-04 11:57:41.533 I/flutter ( 3923): [NET] endpoint=/api/v1/other-banners http_status=200
10-04 11:57:41.535 I/flutter ( 3923): [NET] endpoint=/api/v1/banners http_status=200
10-04 11:57:41.540 I/flutter ( 3923): [NET] endpoint=/api/v1/flash-sales http_status=200
10-04 11:57:41.551 I/flutter ( 3923): [NET] GET endpoint=/api/v1/campaigns/basic
10-04 11:57:41.551 I/flutter ( 3923): [NET] GET endpoint=/api/v1/advertisement/list
10-04 11:57:41.554 I/flutter ( 3923): [NET] endpoint=/api/v1/stores/get-stores/all http_status=200
10-04 11:57:41.555 I/flutter ( 3923): 📊 analytics: view_item_list {item_list_id: store_card_popular_items, item_list_name: store_card_popular_items, item_count: 5, screen: home, store_id: 4, section: stores_list, position: 1}
10-04 11:57:41.555 I/flutter ( 3923): 📊 analytics: view_item_list {item_list_id: store_card_popular_items, item_list_name: store_card_popular_items, item_count: 5, screen: home, store_id: 5, section: stores_list, position: 2}
10-04 11:57:41.555 I/flutter ( 3923): 📊 analytics: view_item_list {item_list_id: store_card_popular_items, item_list_name: store_card_popular_items, item_count: 5, screen: home, store_id: 6, section: stores_list, position: 3}
10-04 11:57:41.555 I/flutter ( 3923): 📊 analytics: view_item_list {item_list_id: store_card_popular_items, item_list_name: store_card_popular_items, item_count: 5, screen: home, store_id: 39, section: stores_list, position: 4}
10-04 11:57:41.555 I/flutter ( 3923): 📊 analytics: view_item_list {item_list_id: store_card_popular_items, item_list_name: store_card_popular_items, item_count: 5, screen: home, store_id: 40, section: stores_list, position: 5}
10-04 11:57:41.555 I/flutter ( 3923): 📊 analytics: view_item_list {item_list_id: store_card_popular_items, item_list_name: store_card_popular_items, item_count: 5, screen: home, store_id: 41, section: stores_list, position: 6}
10-04 11:57:41.555 I/flutter ( 3923): 📊 analytics: view_store_list {item_list_id: stores_list, item_list_name: stores_list, count: 7, screen: home, with_popular_items_count: 6}
10-04 11:57:41.557 I/flutter ( 3923): [NET] endpoint=/api/v1/stores/popular http_status=200
10-04 11:57:41.559 I/flutter ( 3923): [NET] endpoint=/api/v1/campaigns/item http_status=200
10-04 11:57:41.621 I/flutter ( 3923): [NET] endpoint=/api/v1/items/popular http_status=200
10-04 11:57:41.693 I/flutter ( 3923): [NET] endpoint=/api/v1/stores/latest http_status=200
10-04 11:57:41.773 I/flutter ( 3923): [NET] endpoint=/api/v1/items/most-reviewed http_status=200
10-04 11:57:41.824 I/flutter ( 3923): [NET] endpoint=/api/v1/campaigns/basic http_status=200
10-04 11:57:41.876 I/flutter ( 3923): [NET] endpoint=/api/v1/advertisement/list http_status=200
10-04 11:57:59.319 I/flutter ( 3923): 📊 analytics: see_all_tapped {section: best_reviewed_item, module_id: 2, screen: home}
10-04 11:57:59.325 I/flutter ( 3923): [NET] GET endpoint=/api/v1/items/most-reviewed
10-04 11:57:59.900 I/flutter ( 3923): [NET] endpoint=/api/v1/items/most-reviewed http_status=200
10-04 11:57:59.905 I/flutter ( 3923): 📊 analytics: view_item_list {item_list_id: item_view_all, item_list_name: item_view_all, item_count: 25, screen: item_view_all}
10-04 11:58:09.367 I/flutter ( 3923): 📊 analytics: filter_sheet_opened {screen: item_view_all, section: filter_sheet}
10-04 11:58:09.367 I/flutter ( 3923): [EVT] name=filter_sheet_opened params=[screen, section, module_id, zone_id]
10-04 11:58:26.792 I/flutter ( 3923): 📊 analytics: filter_applied {screen: item_view_all, section: filter_sheet, applied_filters_count: 1, sort_key: low, list_id: item_view_all}
10-04 11:58:26.792 I/flutter ( 3923): [EVT] name=filter_applied params=[screen, section, module_id, zone_id, applied_filters_count, sort_key, list_id]
10-04 11:58:26.793 I/flutter ( 3923): [NET] GET endpoint=/api/v1/items/most-reviewed
10-04 11:58:27.429 I/flutter ( 3923): [NET] endpoint=/api/v1/items/most-reviewed http_status=200
10-04 11:58:27.439 I/flutter ( 3923): 📊 analytics: view_item_list {item_list_id: item_view_all, item_list_name: item_view_all, item_count: 25, screen: item_view_all}
10-04 11:58:34.325 I/flutter ( 3923): [NET] GET endpoint=/api/v1/items/most-reviewed
10-04 11:58:34.935 I/flutter ( 3923): [NET] endpoint=/api/v1/items/most-reviewed http_status=200
10-04 11:58:34.938 I/flutter ( 3923): 📊 analytics: view_item_list {item_list_id: item_view_all, item_list_name: item_view_all, item_count: 25, screen: item_view_all}
10-04 11:58:46.683 I/flutter ( 3923): [NET] GET endpoint=/api/v1/config
10-04 11:58:46.692 I/flutter ( 3923): 📊 analytics: screen_view {screen_name: profile, source: bottom_nav}
10-04 11:58:46.692 I/flutter ( 3923): [EVT] name=screen_view params=[screen_name, source]
10-04 11:58:47.445 I/flutter ( 3923): [NET] endpoint=/api/v1/config http_status=200
10-04 11:58:56.887 I/flutter ( 3923): 📊 analytics: profile_menu_tapped {row: settings, position: 1, screen: profile, section: menu_list, source: bottom_nav}
10-04 11:58:56.887 I/flutter ( 3923): [EVT] name=profile_menu_tapped params=[row, position, screen, section, source]
10-04 11:59:06.020 I/flutter ( 3923): 📊 analytics: settings_row_tapped {row: language, screen: settings, section: appearance, position: 1}
10-04 11:59:06.020 I/flutter ( 3923): [EVT] name=settings_row_tapped params=[row, screen, section, position]
10-04 11:59:06.021 I/flutter ( 3923): 📊 analytics: screen_view {screen: language_sheet, source: settings}
10-04 11:59:06.021 I/flutter ( 3923): [EVT] name=screen_view params=[screen, source]
10-04 11:59:06.021 I/flutter ( 3923): 📊 analytics: screen_view {screen_name: settings, section: language_sheet, source: profile_menu}
10-04 11:59:15.440 I/flutter ( 3923): 📊 analytics: language_changed {language_code: ar, previous_language_code: en, screen: settings, section: language_list, source: settings, position: 2, module_id: 2, zone_id: 1}
10-04 11:59:37.282 I/flutter ( 3923): [INFO] msg="home load started"
10-04 11:59:37.282 I/flutter ( 3923): 📊 analytics: language_changed {language_code: ar, screen: settings, section: appearance, source: settings}
10-04 11:59:37.282 I/flutter ( 3923): [EVT] name=language_changed params=[language_code, screen, section, source]
10-04 11:59:37.284 I/flutter ( 3923): [NET] GET endpoint=/api/v1/config/get-zone-id
10-04 11:59:38.015 I/flutter ( 3923): [NET] endpoint=/api/v1/config/get-zone-id http_status=200
10-04 11:59:38.015 I/flutter ( 3923): [INFO] msg="location: inZone=true"
10-04 11:59:38.018 I/flutter ( 3923): [NET] GET endpoint=/api/v1/home/all
10-04 11:59:39.027 I/flutter ( 3923): [NET] endpoint=/api/v1/home/all http_status=200
10-04 11:59:39.028 I/flutter ( 3923): [NET] GET endpoint=/api/v1/other-banners
10-04 11:59:39.029 I/flutter ( 3923): [NET] GET endpoint=/api/v1/flash-sales
10-04 11:59:39.030 I/flutter ( 3923): [NET] GET endpoint=/api/v1/items/popular
10-04 11:59:39.031 I/flutter ( 3923): [NET] GET endpoint=/api/v1/items/most-reviewed
10-04 11:59:39.032 I/flutter ( 3923): [NET] GET endpoint=/api/v1/campaigns/basic
10-04 11:59:39.032 I/flutter ( 3923): [NET] GET endpoint=/api/v1/campaigns/item
10-04 11:59:39.032 I/flutter ( 3923): [NET] GET endpoint=/api/v1/items/recommended
10-04 11:59:39.032 I/flutter ( 3923): [NET] GET endpoint=/api/v1/stores/get-stores/all
10-04 11:59:39.033 I/flutter ( 3923): [NET] GET endpoint=/api/v1/advertisement/list
10-04 11:59:39.033 I/flutter ( 3923): [NET] GET endpoint=/api/v1/module
10-04 11:59:40.028 I/flutter ( 3923): [NET] endpoint=/api/v1/other-banners http_status=200
10-04 11:59:40.029 I/flutter ( 3923): [NET] endpoint=/api/v1/campaigns/basic http_status=200
10-04 11:59:40.030 I/flutter ( 3923): [NET] endpoint=/api/v1/campaigns/item http_status=200
10-04 11:59:40.034 I/flutter ( 3923): [NET] endpoint=/api/v1/module http_status=200
10-04 11:59:40.036 I/flutter ( 3923): [NET] endpoint=/api/v1/items/most-reviewed http_status=200
10-04 11:59:40.037 I/flutter ( 3923): [NET] endpoint=/api/v1/items/popular http_status=200
10-04 11:59:40.037 I/flutter ( 3923): [NET] endpoint=/api/v1/flash-sales http_status=200
10-04 11:59:40.099 I/flutter ( 3923): [NET] endpoint=/api/v1/items/recommended http_status=200
10-04 11:59:40.163 I/flutter ( 3923): [NET] endpoint=/api/v1/stores/get-stores/all http_status=200
10-04 11:59:40.164 I/flutter ( 3923): 📊 analytics: view_item_list {item_list_id: store_card_popular_items, item_list_name: store_card_popular_items, item_count: 5, screen: home, store_id: 4, section: stores_list, position: 1}
10-04 11:59:40.164 I/flutter ( 3923): 📊 analytics: view_item_list {item_list_id: store_card_popular_items, item_list_name: store_card_popular_items, item_count: 5, screen: home, store_id: 5, section: stores_list, position: 2}
10-04 11:59:40.164 I/flutter ( 3923): 📊 analytics: view_item_list {item_list_id: store_card_popular_items, item_list_name: store_card_popular_items, item_count: 5, screen: home, store_id: 6, section: stores_list, position: 3}
10-04 11:59:40.164 I/flutter ( 3923): 📊 analytics: view_item_list {item_list_id: store_card_popular_items, item_list_name: store_card_popular_items, item_count: 5, screen: home, store_id: 39, section: stores_list, position: 4}
10-04 11:59:40.164 I/flutter ( 3923): 📊 analytics: view_item_list {item_list_id: store_card_popular_items, item_list_name: store_card_popular_items, item_count: 5, screen: home, store_id: 40, section: stores_list, position: 5}
10-04 11:59:40.164 I/flutter ( 3923): 📊 analytics: view_item_list {item_list_id: store_card_popular_items, item_list_name: store_card_popular_items, item_count: 5, screen: home, store_id: 41, section: stores_list, position: 6}
10-04 11:59:40.164 I/flutter ( 3923): 📊 analytics: view_store_list {item_list_id: stores_list, item_list_name: stores_list, count: 7, screen: home, with_popular_items_count: 6}
10-04 11:59:40.208 I/flutter ( 3923): [NET] endpoint=/api/v1/advertisement/list http_status=200
10-04 11:59:55.123 I/flutter ( 3923): [INFO] msg="home load started"
10-04 11:59:55.124 I/flutter ( 3923): [NET] GET endpoint=/api/v1/config/get-zone-id
10-04 11:59:55.729 I/flutter ( 3923): [NET] endpoint=/api/v1/config/get-zone-id http_status=200
10-04 11:59:55.729 I/flutter ( 3923): [INFO] msg="location: inZone=true"
10-04 11:59:55.730 I/flutter ( 3923): [NET] GET endpoint=/api/v1/home/all
10-04 11:59:56.749 I/flutter ( 3923): [NET] endpoint=/api/v1/home/all http_status=200
10-04 11:59:56.751 I/flutter ( 3923): [NET] GET endpoint=/api/v1/items/popular
10-04 11:59:56.751 I/flutter ( 3923): [NET] GET endpoint=/api/v1/items/most-reviewed
10-04 11:59:56.752 I/flutter ( 3923): 📊 analytics: view_item_list {item_list_id: store_card_popular_items, item_list_name: store_card_popular_items, item_count: 5, screen: home, store_id: 4, section: stores_list, position: 1}
10-04 11:59:56.753 I/flutter ( 3923): 📊 analytics: view_item_list {item_list_id: store_card_popular_items, item_list_name: store_card_popular_items, item_count: 5, screen: home, store_id: 5, section: stores_list, position: 2}
10-04 11:59:56.753 I/flutter ( 3923): 📊 analytics: view_item_list {item_list_id: store_card_popular_items, item_list_name: store_card_popular_items, item_count: 5, screen: home, store_id: 6, section: stores_list, position: 3}
10-04 11:59:56.753 I/flutter ( 3923): 📊 analytics: view_item_list {item_list_id: store_card_popular_items, item_list_name: store_card_popular_items, item_count: 5, screen: home, store_id: 39, section: stores_list, position: 4}
10-04 11:59:56.753 I/flutter ( 3923): 📊 analytics: view_item_list {item_list_id: store_card_popular_items, item_list_name: store_card_popular_items, item_count: 5, screen: home, store_id: 40, section: stores_list, position: 5}
10-04 11:59:56.753 I/flutter ( 3923): 📊 analytics: view_item_list {item_list_id: store_card_popular_items, item_list_name: store_card_popular_items, item_count: 5, screen: home, store_id: 41, section: stores_list, position: 6}
10-04 11:59:56.753 I/flutter ( 3923): 📊 analytics: view_store_list {item_list_id: stores_list, item_list_name: stores_list, count: 7, screen: home, with_popular_items_count: 6}
10-04 11:59:56.753 I/flutter ( 3923): [NET] GET endpoint=/api/v1/stores/get-stores/all
10-04 11:59:56.753 I/flutter ( 3923): [NET] GET endpoint=/api/v1/advertisement/list
10-04 11:59:56.754 I/flutter ( 3923): [NET] GET endpoint=/api/v1/module
10-04 11:59:57.748 I/flutter ( 3923): [NET] endpoint=/api/v1/advertisement/list http_status=200
10-04 11:59:57.752 I/flutter ( 3923): [NET] endpoint=/api/v1/module http_status=200
10-04 11:59:57.755 I/flutter ( 3923): [NET] endpoint=/api/v1/items/most-reviewed http_status=200
10-04 11:59:57.781 I/flutter ( 3923): [NET] endpoint=/api/v1/items/popular http_status=200
10-04 11:59:57.784 I/flutter ( 3923): [NET] endpoint=/api/v1/stores/get-stores/all http_status=200
10-04 11:59:57.784 I/flutter ( 3923): 📊 analytics: view_item_list {item_list_id: store_card_popular_items, item_list_name: store_card_popular_items, item_count: 5, screen: home, store_id: 4, section: stores_list, position: 1}
10-04 11:59:57.784 I/flutter ( 3923): 📊 analytics: view_item_list {item_list_id: store_card_popular_items, item_list_name: store_card_popular_items, item_count: 5, screen: home, store_id: 5, section: stores_list, position: 2}
10-04 11:59:57.784 I/flutter ( 3923): 📊 analytics: view_item_list {item_list_id: store_card_popular_items, item_list_name: store_card_popular_items, item_count: 5, screen: home, store_id: 6, section: stores_list, position: 3}
10-04 11:59:57.784 I/flutter ( 3923): 📊 analytics: view_item_list {item_list_id: store_card_popular_items, item_list_name: store_card_popular_items, item_count: 5, screen: home, store_id: 39, section: stores_list, position: 4}
10-04 11:59:57.784 I/flutter ( 3923): 📊 analytics: view_item_list {item_list_id: store_card_popular_items, item_list_name: store_card_popular_items, item_count: 5, screen: home, store_id: 40, section: stores_list, position: 5}
10-04 11:59:57.784 I/flutter ( 3923): 📊 analytics: view_item_list {item_list_id: store_card_popular_items, item_list_name: store_card_popular_items, item_count: 5, screen: home, store_id: 41, section: stores_list, position: 6}
10-04 11:59:57.785 I/flutter ( 3923): 📊 analytics: view_store_list {item_list_id: stores_list, item_list_name: stores_list, count: 7, screen: home, with_popular_items_count: 6}
10-04 12:00:26.014 I/flutter ( 3923): 📊 analytics: see_all_tapped {section: most_popular_item, module_id: 2, screen: home}
10-04 12:00:26.023 I/flutter ( 3923): [NET] GET endpoint=/api/v1/items/popular
10-04 12:00:26.782 I/flutter ( 3923): [NET] endpoint=/api/v1/items/popular http_status=200
10-04 12:00:26.788 I/flutter ( 3923): 📊 analytics: view_item_list {item_list_id: item_view_all, item_list_name: item_view_all, item_count: 25, screen: item_view_all}
10-04 12:00:40.088 I/flutter ( 3923): 📊 analytics: filter_sheet_opened {screen: item_view_all, section: filter_sheet}
10-04 12:00:40.088 I/flutter ( 3923): [EVT] name=filter_sheet_opened params=[screen, section, module_id, zone_id]
10-04 12:00:54.046 I/flutter ( 3923): 📊 analytics: filter_applied {screen: item_view_all, section: filter_sheet, applied_filters_count: 1, sort_key: high, list_id: item_view_all}
10-04 12:00:54.046 I/flutter ( 3923): [EVT] name=filter_applied params=[screen, section, module_id, zone_id, applied_filters_count, sort_key, list_id]
10-04 12:00:54.046 I/flutter ( 3923): [NET] GET endpoint=/api/v1/items/popular
10-04 12:00:54.814 I/flutter ( 3923): [NET] endpoint=/api/v1/items/popular http_status=200
10-04 12:00:54.824 I/flutter ( 3923): 📊 analytics: view_item_list {item_list_id: item_view_all, item_list_name: item_view_all, item_count: 25, screen: item_view_all}
10-04 12:01:01.358 I/flutter ( 3923): [NET] GET endpoint=/api/v1/items/popular
10-04 12:01:02.318 I/flutter ( 3923): [NET] endpoint=/api/v1/items/popular http_status=200
10-04 12:02:51.641 I/flutter (10887): [IMPORTANT:flutter/shell/platform/android/android_context_gl_impeller.cc(104)] Using the Impeller rendering backend (OpenGLES).
10-04 12:02:51.691 I/flutter (10887): The Dart VM service is listening on http://127.0.0.1:42365/ylk3VfZXTO4=/
10-04 12:02:52.775 I/flutter (10887): 📊 analytics: app_open {}
10-04 12:02:52.813 I/flutter (10887): [INFO] msg="route: building splash route, hasData=false"
10-04 12:02:52.962 I/flutter (10887): [INFO] msg="route: navigating to splash screen"
10-04 12:02:52.971 I/flutter (10887): [INFO] msg="splash: location prefetch initiated"
10-04 12:02:53.003 I/flutter (10887): [NET] GET endpoint=/api/v1/customer/cart/list
10-04 12:02:53.225 I/flutter (10887): [NET] GET endpoint=/api/v1/config
10-04 12:02:53.290 I/flutter (10887): [IMPORTANT:flutter/shell/platform/android/android_context_gl_impeller.cc(104)] Using the Impeller rendering backend (OpenGLES).
10-04 12:02:53.597 I/flutter (10887): [NET] endpoint=/api/v1/config http_status=200
10-04 12:02:53.608 I/flutter (10887): [INFO] msg="splash: deeplink resolved canRoute=true"
10-04 12:02:53.609 I/flutter (10887): [INFO] msg="splash: routing"
10-04 12:02:53.611 I/flutter (10887): [NET] GET endpoint=/api/v1/config/get-zone-id
10-04 12:02:53.613 I/flutter (10887): [NET] GET endpoint=/api/v1/module
10-04 12:02:53.614 I/flutter (10887): 📊 analytics: cold_start_completed {cold_start_ms: 1368, blocked_on: config, destination: home}
10-04 12:02:53.640 I/flutter (10887): [NET] endpoint=/api/v1/customer/cart/list http_status=200
10-04 12:02:53.782 I/flutter (10887): [NET] endpoint=/api/v1/config/get-zone-id http_status=200
10-04 12:02:53.785 I/flutter (10887): [INFO] msg="location: inZone=true"
10-04 12:02:53.794 I/flutter (10887): [NET] endpoint=/api/v1/module http_status=200
10-04 12:02:53.798 I/flutter (10887): 📊 analytics: sectors_shown {sectors_count: 5, zone_id: 1}
10-04 12:02:53.799 I/flutter (10887): 📊 analytics: module_restored {module_id: 2, zone_id: 1, module: food, source: last_used, modules_available: 5, screen: home, section: module_tabs}
10-04 12:02:53.824 I/flutter (10887): [NET] GET endpoint=/api/v1/customer/cart/list
10-04 12:02:53.824 I/flutter (10887): [NET] GET endpoint=/api/v1/customer/cart/list
10-04 12:02:53.830 I/flutter (10887): [INFO] msg="route: initial route module=food-restaurant"
10-04 12:02:53.831 I/flutter (10887): [INFO] msg="route: waiting for module=food-restaurant"
10-04 12:02:53.831 I/flutter (10887): [INFO] msg="route: checkModuleId configNull=false hasAddress=true fromDeeplink=false"
10-04 12:02:53.832 I/flutter (10887): [INFO] msg="route: not from deeplink, skipping module fetch"
10-04 12:02:53.833 I/flutter (10887): [INFO] msg="route: module future state=ConnectionState.waiting hasData=false hasError=false"
10-04 12:02:53.857 I/flutter (10887): [INFO] msg="route: module future state=ConnectionState.done hasData=false hasError=false"
10-04 12:02:53.940 I/flutter (10887): [INFO] msg="home load started"
10-04 12:02:54.166 I/flutter (10887): [INFO] msg="location: zone resolved from short-TTL coord cache (T2 dedupe)"
10-04 12:02:54.166 I/flutter (10887): [INFO] msg="location: inZone=true"
10-04 12:02:54.171 I/flutter (10887): [NET] GET endpoint=/api/v1/home/all
10-04 12:02:54.786 I/flutter (10887): [NET] endpoint=/api/v1/customer/cart/list http_status=200
10-04 12:02:54.786 I/flutter (10887): [NET] endpoint=/api/v1/customer/cart/list http_status=200
10-04 12:02:54.802 I/flutter (10887): [NET] endpoint=/api/v1/home/all http_status=200
10-04 12:02:54.809 I/flutter (10887): [NET] GET endpoint=/api/v1/other-banners
10-04 12:02:54.844 I/flutter (10887): [NET] GET endpoint=/api/v1/flash-sales
10-04 12:02:54.846 I/flutter (10887): [NET] GET endpoint=/api/v1/items/popular
10-04 12:02:54.847 I/flutter (10887): [NET] GET endpoint=/api/v1/items/most-reviewed
10-04 12:02:54.848 I/flutter (10887): [NET] GET endpoint=/api/v1/campaigns/basic
10-04 12:02:54.849 I/flutter (10887): [NET] GET endpoint=/api/v1/campaigns/item
10-04 12:02:54.852 I/flutter (10887): [NET] GET endpoint=/api/v1/items/recommended
10-04 12:02:54.857 I/flutter (10887): 📊 analytics: view_item_list {item_list_id: store_card_popular_items, item_list_name: store_card_popular_items, item_count: 5, screen: home, store_id: 4, section: stores_list, position: 1}
10-04 12:02:54.858 I/flutter (10887): 📊 analytics: view_item_list {item_list_id: store_card_popular_items, item_list_name: store_card_popular_items, item_count: 5, screen: home, store_id: 5, section: stores_list, position: 2}
10-04 12:02:54.858 I/flutter (10887): 📊 analytics: view_item_list {item_list_id: store_card_popular_items, item_list_name: store_card_popular_items, item_count: 5, screen: home, store_id: 6, section: stores_list, position: 3}
10-04 12:02:54.859 I/flutter (10887): 📊 analytics: view_item_list {item_list_id: store_card_popular_items, item_list_name: store_card_popular_items, item_count: 5, screen: home, store_id: 39, section: stores_list, position: 4}
10-04 12:02:54.859 I/flutter (10887): 📊 analytics: view_item_list {item_list_id: store_card_popular_items, item_list_name: store_card_popular_items, item_count: 5, screen: home, store_id: 40, section: stores_list, position: 5}
10-04 12:02:54.859 I/flutter (10887): 📊 analytics: view_item_list {item_list_id: store_card_popular_items, item_list_name: store_card_popular_items, item_count: 5, screen: home, store_id: 41, section: stores_list, position: 6}
10-04 12:02:54.859 I/flutter (10887): 📊 analytics: view_store_list {item_list_id: stores_list, item_list_name: stores_list, count: 7, screen: home, with_popular_items_count: 6}
10-04 12:02:54.859 I/flutter (10887): [NET] GET endpoint=/api/v1/stores/get-stores/all
10-04 12:02:54.861 I/flutter (10887): [NET] GET endpoint=/api/v1/advertisement/list
10-04 12:02:54.862 I/flutter (10887): [NET] GET endpoint=/api/v1/module
10-04 12:02:54.906 I/flutter (10887): [WARN] msg="isAvailable: minute-precision end time, treating as inclusive to :59 (item boundary degrade)"
10-04 12:02:54.908 I/flutter (10887): [WARN] msg="isAvailable: minute-precision end time, treating as inclusive to :59 (item boundary degrade)"
10-04 12:02:54.908 I/flutter (10887): [WARN] msg="isAvailable: minute-precision end time, treating as inclusive to :59 (item boundary degrade)"
10-04 12:02:55.791 I/flutter (10887): [NET] endpoint=/api/v1/campaigns/basic http_status=200
10-04 12:02:55.791 I/flutter (10887): [NET] endpoint=/api/v1/advertisement/list http_status=200
10-04 12:02:55.807 I/flutter (10887): [NET] endpoint=/api/v1/other-banners http_status=200
10-04 12:02:55.811 I/flutter (10887): [NET] endpoint=/api/v1/items/most-reviewed http_status=200
10-04 12:02:55.814 I/flutter (10887): [NET] endpoint=/api/v1/flash-sales http_status=200
10-04 12:02:55.817 I/flutter (10887): [NET] endpoint=/api/v1/items/popular http_status=200
10-04 12:02:55.818 I/flutter (10887): [NET] endpoint=/api/v1/campaigns/item http_status=200
10-04 12:02:55.962 I/flutter (10887): [NET] endpoint=/api/v1/items/recommended http_status=200
10-04 12:02:56.016 I/flutter (10887): [NET] endpoint=/api/v1/stores/get-stores/all http_status=200
10-04 12:02:56.017 I/flutter (10887): 📊 analytics: view_item_list {item_list_id: store_card_popular_items, item_list_name: store_card_popular_items, item_count: 5, screen: home, store_id: 4, section: stores_list, position: 1}
10-04 12:02:56.017 I/flutter (10887): 📊 analytics: view_item_list {item_list_id: store_card_popular_items, item_list_name: store_card_popular_items, item_count: 5, screen: home, store_id: 5, section: stores_list, position: 2}
10-04 12:02:56.017 I/flutter (10887): 📊 analytics: view_item_list {item_list_id: store_card_popular_items, item_list_name: store_card_popular_items, item_count: 5, screen: home, store_id: 6, section: stores_list, position: 3}
10-04 12:02:56.017 I/flutter (10887): 📊 analytics: view_item_list {item_list_id: store_card_popular_items, item_list_name: store_card_popular_items, item_count: 5, screen: home, store_id: 39, section: stores_list, position: 4}
10-04 12:02:56.017 I/flutter (10887): 📊 analytics: view_item_list {item_list_id: store_card_popular_items, item_list_name: store_card_popular_items, item_count: 5, screen: home, store_id: 40, section: stores_list, position: 5}
10-04 12:02:56.017 I/flutter (10887): 📊 analytics: view_item_list {item_list_id: store_card_popular_items, item_list_name: store_card_popular_items, item_count: 5, screen: home, store_id: 41, section: stores_list, position: 6}
10-04 12:02:56.018 I/flutter (10887): 📊 analytics: view_store_list {item_list_id: stores_list, item_list_name: stores_list, count: 7, screen: home, with_popular_items_count: 6}
10-04 12:02:56.100 I/flutter (10887): [NET] endpoint=/api/v1/module http_status=200
10-04 12:02:57.566 I/flutter (10887): ----------------FIREBASE CRASHLYTICS----------------
10-04 12:02:57.566 I/flutter (10887): The following exception was thrown location: getPosition threw (TimeoutException) — trying the AD1 fallback ladder:
10-04 12:02:57.566 I/flutter (10887): GetPositionFailure
10-04 12:02:57.566 I/flutter (10887): #0      Future.timeout.<anonymous closure> (dart:async/future_impl.dart:1042:24)
10-04 12:02:57.566 I/flutter (10887): <asynchronous suspension>
10-04 12:02:57.566 I/flutter (10887): #1      GeolocatorAndroid.getCurrentPosition (package:geolocator_android/src/geolocator_android.dart:126:27)
10-04 12:02:57.566 I/flutter (10887): <asynchronous suspension>
10-04 12:02:57.566 I/flutter (10887): #2      LocationService.getPosition (package:nears/features/location/domain/services/location_service.dart:134:13)
10-04 12:02:57.566 I/flutter (10887): <asynchronous suspension>
10-04 12:02:57.566 I/flutter (10887): #3      LocationController.checkLocationActive (package:nears/features/location/controllers/location_controller.dart:2031:47)
10-04 12:02:57.566 I/flutter (10887): <asynchronous suspension>
10-04 12:02:57.566 I/flutter (10887): #4      SplashController._prefetchDeviceLocation (package:nears/features/splash/controllers/splash_controller.dart:243:7)
10-04 12:02:57.566 I/flutter (10887): <asynchronous suspension>
10-04 12:02:57.566 I/flutter (10887): ----------------------------------------------------
10-04 12:02:57.577 I/flutter (10887): [FAIL] endpoint=null http_status=null type=GetPositionFailure msg="location: getPosition threw (TimeoutException) — trying the AD1 fallback ladder"
10-04 12:02:57.578 I/flutter (10887): [INFO] msg="location: fallback ladder -> stale last-known GPS fix"
10-04 12:02:57.581 I/flutter (10887): [INFO] msg="location: within 1km of selected address: true"
10-04 12:02:57.581 I/flutter (10887): [INFO] msg="splash: location prefetch completed"
10-04 12:03:41.541 I/flutter (10887): 📊 analytics: see_all_tapped {section: most_popular_item, module_id: 2, screen: home}
10-04 12:03:41.559 I/flutter (10887): [NET] GET endpoint=/api/v1/items/popular
10-04 12:03:42.151 I/flutter (10887): [NET] endpoint=/api/v1/items/popular http_status=200
10-04 12:03:42.155 I/flutter (10887): 📊 analytics: view_item_list {item_list_id: item_view_all, item_list_name: item_view_all, item_count: 25, screen: item_view_all}
10-04 12:03:51.569 I/flutter (10887): 📊 analytics: filter_sheet_opened {screen: item_view_all, section: filter_sheet}
10-04 12:03:51.570 I/flutter (10887): [EVT] name=filter_sheet_opened params=[screen, section, module_id, zone_id]
10-04 12:04:09.366 I/flutter (10887): 📊 analytics: filter_applied {screen: item_view_all, section: filter_sheet, applied_filters_count: 2, sort_key: high, availability: true, list_id: item_view_all}
10-04 12:04:09.367 I/flutter (10887): [EVT] name=filter_applied params=[screen, section, module_id, zone_id, applied_filters_count, sort_key, availability, list_id]
10-04 12:04:09.368 I/flutter (10887): [NET] GET endpoint=/api/v1/items/popular
10-04 12:04:09.977 I/flutter (10887): [NET] endpoint=/api/v1/items/popular http_status=200
10-04 12:04:09.988 I/flutter (10887): 📊 analytics: view_item_list {item_list_id: item_view_all, item_list_name: item_view_all, item_count: 25, screen: item_view_all}
10-04 12:04:25.859 I/flutter (10887): [NET] GET endpoint=/api/v1/items/popular
10-04 12:04:26.863 I/flutter (10887): [NET] endpoint=/api/v1/items/popular http_status=200
10-04 12:04:26.872 I/flutter (10887): 📊 analytics: view_item_list {item_list_id: item_view_all, item_list_name: item_view_all, item_count: 25, screen: item_view_all}
10-04 12:04:32.902 I/flutter (10887): [NET] GET endpoint=/api/v1/items/popular
10-04 12:04:33.871 I/flutter (10887): [NET] endpoint=/api/v1/items/popular http_status=200
10-04 12:04:33.872 I/flutter (10887): 📊 analytics: view_item_list {item_list_id: item_view_all, item_list_name: item_view_all, item_count: 25, screen: item_view_all}
10-04 12:04:39.933 I/flutter (10887): 📊 analytics: filter_sheet_opened {screen: item_view_all, section: filter_sheet}
10-04 12:04:39.933 I/flutter (10887): [EVT] name=filter_sheet_opened params=[screen, section, module_id, zone_id]
10-04 12:04:47.014 I/flutter (10887): 📊 analytics: filter_applied {screen: item_view_all, section: filter_sheet, applied_filters_count: 1, sort_key: high, list_id: item_view_all}
10-04 12:04:47.014 I/flutter (10887): [EVT] name=filter_applied params=[screen, section, module_id, zone_id, applied_filters_count, sort_key, list_id]
10-04 12:04:47.015 I/flutter (10887): [NET] GET endpoint=/api/v1/items/popular
10-04 12:04:47.878 I/flutter (10887): [NET] endpoint=/api/v1/items/popular http_status=200
10-04 12:04:47.888 I/flutter (10887): 📊 analytics: view_item_list {item_list_id: item_view_all, item_list_name: item_view_all, item_count: 25, screen: item_view_all}
10-04 12:04:59.744 I/flutter (10887): [INFO] msg="item view-all: reached end of pagination, offset=2"
10-04 12:04:59.744 I/flutter (10887): [NET] GET endpoint=/api/v1/items/popular
10-04 12:05:00.396 I/flutter (10887): [NET] endpoint=/api/v1/items/popular http_status=200
10-04 12:05:09.847 I/flutter (10887): [NET] GET endpoint=/api/v1/items/popular
10-04 12:05:10.412 I/flutter (10887): [NET] endpoint=/api/v1/items/popular http_status=200
10-04 12:05:10.422 I/flutter (10887): 📊 analytics: view_item_list {item_list_id: item_view_all, item_list_name: item_view_all, item_count: 25, screen: item_view_all}
10-04 12:05:56.494 I/flutter (10887): 📊 analytics: see_all_tapped {section: best_reviewed_item, module_id: 2, screen: home}
10-04 12:05:56.507 I/flutter (10887): [NET] GET endpoint=/api/v1/items/most-reviewed
10-04 12:05:57.464 I/flutter (10887): [NET] endpoint=/api/v1/items/most-reviewed http_status=200
10-04 12:05:57.472 I/flutter (10887): 📊 analytics: view_item_list {item_list_id: item_view_all, item_list_name: item_view_all, item_count: 25, screen: item_view_all}
10-04 12:06:09.734 I/flutter (10887): 📊 analytics: filter_sheet_opened {screen: item_view_all, section: filter_sheet}
10-04 12:06:09.734 I/flutter (10887): [EVT] name=filter_sheet_opened params=[screen, section, module_id, zone_id]
10-04 12:06:26.723 I/flutter (10887): 📊 analytics: filter_applied {screen: item_view_all, section: filter_sheet, applied_filters_count: 2, sort_key: high, availability: true, list_id: item_view_all}
10-04 12:06:26.724 I/flutter (10887): [EVT] name=filter_applied params=[screen, section, module_id, zone_id, applied_filters_count, sort_key, availability, list_id]
10-04 12:06:26.724 I/flutter (10887): [NET] GET endpoint=/api/v1/items/most-reviewed
10-04 12:06:27.550 I/flutter (10887): [NET] endpoint=/api/v1/items/most-reviewed http_status=200
10-04 12:06:27.555 I/flutter (10887): 📊 analytics: view_item_list {item_list_id: item_view_all, item_list_name: item_view_all, item_count: 25, screen: item_view_all}
10-04 12:06:33.758 I/flutter (10887): 📊 analytics: filter_sheet_opened {screen: item_view_all, section: filter_sheet}
10-04 12:06:33.758 I/flutter (10887): [EVT] name=filter_sheet_opened params=[screen, section, module_id, zone_id]
10-04 12:06:38.799 I/flutter (10887): 📊 analytics: filters_cleared {screen: item_view_all, section: applied_filters_bar, cleared_filters_count: 2}
10-04 12:06:38.799 I/flutter (10887): [EVT] name=filters_cleared params=[screen, section, module_id, zone_id, cleared_filters_count]
10-04 12:06:38.799 I/flutter (10887): [NET] GET endpoint=/api/v1/items/most-reviewed
10-04 12:06:39.564 I/flutter (10887): [NET] endpoint=/api/v1/items/most-reviewed http_status=200
10-04 12:06:39.572 I/flutter (10887): 📊 analytics: view_item_list {item_list_id: item_view_all, item_list_name: item_view_all, item_count: 25, screen: item_view_all}
10-04 12:06:51.010 I/flutter (10887): [NET] GET endpoint=/api/v1/items/most-reviewed
10-04 12:06:51.576 I/flutter (10887): [NET] endpoint=/api/v1/items/most-reviewed http_status=200
10-04 12:06:51.588 I/flutter (10887): 📊 analytics: view_item_list {item_list_id: item_view_all, item_list_name: item_view_all, item_count: 3, screen: item_view_all}
10-04 12:06:56.051 I/flutter (10887): [NET] GET endpoint=/api/v1/items/most-reviewed
10-04 12:06:56.597 I/flutter (10887): [NET] endpoint=/api/v1/items/most-reviewed http_status=200
10-04 12:06:56.607 I/flutter (10887): 📊 analytics: view_item_list {item_list_id: item_view_all, item_list_name: item_view_all, item_count: 25, screen: item_view_all}
