08-03 20:21:57.356 29215 29215 I flutter : #0      ModuleController.getModules (package:sixam_mart/features/splash/controllers/module_controller.dart:635:22)
08-03 20:21:57.356 29215 29215 I flutter : <asynchronous suspension>
08-03 20:21:57.356 29215 29215 I flutter : ----------------------------------------------------
08-03 20:21:57.356 29215 29215 I flutter : [FAIL] endpoint=/api/v1/module http_status=null type=ModuleFetchFailure msg="zone module list fetch failed"
--
08-03 20:22:18.711 29215 29215 I flutter : #3      LocalClient.cachedFetch (package:sixam_mart/api/local_client.dart:46:29)
08-03 20:22:18.711 29215 29215 I flutter : <asynchronous suspension>
08-03 20:22:18.711 29215 29215 I flutter : #4      SplashService.getModules (package:sixam_mart/features/splash/domain/services/splash_service.dart:66:12)
08-03 20:22:18.711 29215 29215 I flutter : <asynchronous suspension>
08-03 20:22:18.711 29215 29215 I flutter : #5      ModuleController.getModules (package:sixam_mart/features/splash/controllers/module_controller.dart:618:20)
08-03 20:22:18.711 29215 29215 I flutter : <asynchronous suspension>
08-03 20:22:18.711 29215 29215 I flutter : ----------------------------------------------------
08-03 20:22:18.711 29215 29215 I flutter : [FAIL] endpoint=/api/v1/module http_status=503 type=ApiFailure msg="api request failed"
08-03 20:22:18.711 29215 29215 I flutter : ----------------FIREBASE CRASHLYTICS----------------
08-03 20:22:18.711 29215 29215 I flutter : The following exception was thrown zone module list fetch failed:
08-03 20:22:18.711 29215 29215 I flutter : ModuleFetchFailure
08-03 20:22:18.711 29215 29215 I flutter : #0      ModuleController.getModules (package:sixam_mart/features/splash/controllers/module_controller.dart:635:22)
08-03 20:22:18.711 29215 29215 I flutter : <asynchronous suspension>
08-03 20:22:18.711 29215 29215 I flutter : ----------------------------------------------------
08-03 20:22:18.711 29215 29215 I flutter : [FAIL] endpoint=/api/v1/module http_status=null type=ModuleFetchFailure msg="zone module list fetch failed"
