I/flutter (26636): #2      CampaignService.getBasicCampaignList (package:sixam_mart/features/item/domain/services/campaign_service.dart:13:46)
I/flutter (26636): #3      CampaignController.getBasicCampaignList (package:sixam_mart/features/item/controllers/campaign_controller.dart:40:60)
I/flutter (26636): #4      HomeController._fetchModuleBlock (package:sixam_mart/features/home/controllers/home_controller.dart:188:38)
I/flutter (26636): <asynchronous suspension>
I/flutter (26636): #5      HomeController.loadData (package:sixam_mart/features/home/controllers/home_controller.dart:100:7)
I/flutter (26636): <asynchronous suspension>
I/flutter (26636): #6      _HomeScreenState.initState.<anonymous closure> (package:sixam_mart/features/home/screens/home_screen.dart:56:53)
I/flutter (26636): <asynchronous suspension>
I/flutter (26636): ----------------------------------------------------
I/flutter (26636): [FAIL] endpoint=null http_status=null type=UncaughtAsyncError msg="uncaught async error (_TypeError)"
I/flutter (26636): ----------------FIREBASE CRASHLYTICS----------------
I/flutter (26636): The following exception was thrown uncaught async error (_TypeError):
I/flutter (26636): Null check operator used on a null value
I/flutter (26636): #0      CampaignRepository._getBasicCampaignList (package:sixam_mart/features/item/domain/repositories/campaign_repository.dart:25:100)
I/flutter (26636): #1      CampaignRepository.getList (package:sixam_mart/features/item/domain/repositories/campaign_repository.dart:18:20)
I/flutter (26636): #2      CampaignService.getBasicCampaignList (package:sixam_mart/features/item/domain/services/campaign_service.dart:13:46)
I/flutter (26636): #3      CampaignController.getBasicCampaignList (package:sixam_mart/features/item/controllers/campaign_controller.dart:40:60)
I/flutter (26636): #4      HomeController._fetchModuleBlock (package:sixam_mart/features/home/controllers/home_controller.dart:188:38)
I/flutter (26636): <asynchronous suspension>
I/flutter (26636): #5      HomeController.loadData (package:sixam_mart/features/home/controllers/home_controller.dart:100:7)
I/flutter (26636): <asynchronous suspension>
