AC3 static check: grep -rn "itemDetails" UserApp/lib
Run from worktree /Users/Apple/Projects/nears-NEARS-1705-item-details-loader-reachability
====
UserApp/lib/util/app_constants.dart:210:  static const String itemDetailsUri = '/api/v1/items/details/';
UserApp/lib/features/order/screens/order_details_screen.dart:1127:      if (!orderDetailsIdList.contains(orderDetail.itemDetails!.id)) {
UserApp/lib/features/order/screens/order_details_screen.dart:1129:        orderDetailsIdList.add(orderDetail.itemDetails!.id);
UserApp/lib/features/order/domain/models/order_details_model.dart:10:  Item? itemDetails;
UserApp/lib/features/order/domain/models/order_details_model.dart:32:    this.itemDetails,
UserApp/lib/features/order/domain/models/order_details_model.dart:55:    itemDetails = json['item_details'] != null ? Item.fromJson(json['item_details']) : null;
UserApp/lib/features/order/domain/models/order_details_model.dart:95:    if (itemDetails != null) {
UserApp/lib/features/order/domain/models/order_details_model.dart:96:      data['item_details'] = itemDetails!.toJson();
UserApp/lib/features/order/widgets/order_banner_view_widget.dart:175:                orderController.orderDetails![0].itemDetails!.moduleType ==
UserApp/lib/features/order/widgets/order_banner_view_widget.dart:191:                orderController.orderDetails![0].itemDetails!.moduleType ==
UserApp/lib/features/order/widgets/order_banner_view_widget.dart:207:                orderController.orderDetails![0].itemDetails!.moduleType ==
UserApp/lib/features/order/widgets/order_info_widget.dart:93:                                .itemDetails!
UserApp/lib/features/order/widgets/order_info_widget.dart:115:                                          .itemDetails!
UserApp/lib/features/order/widgets/order_info_widget.dart:121:                                          .itemDetails!
UserApp/lib/features/order/widgets/order_info_widget.dart:127:                                          .itemDetails!
UserApp/lib/features/order/widgets/order_item_widget.dart:49:        if(variationTypes.length == orderDetails.itemDetails!.choiceOptions!.length) {
UserApp/lib/features/order/widgets/order_item_widget.dart:51:          for (var choice in orderDetails.itemDetails!.choiceOptions!) {
UserApp/lib/features/order/widgets/order_item_widget.dart:56:          variationText = orderDetails.itemDetails!.variations![0].type;
UserApp/lib/features/order/widgets/order_item_widget.dart:89:                  orderDetails.itemDetails!.name!,
UserApp/lib/features/order/widgets/order_item_widget.dart:139:                    color: orderDetails.itemDetails!.veg == 0 ? Theme.of(context).disabledColor.withValues(alpha: 0.1) : Theme.of(context).secondaryHeaderColor,
UserApp/lib/features/order/widgets/order_item_widget.dart:143:                   child: Text(orderDetails.itemDetails!.veg == 0 ? 'non_veg'.tr : 'veg'.tr, style: robotoMedium.copyWith(fontSize: NearsText.labelSm.fontSize, color: NearsColors.navy)),
UserApp/lib/features/order/widgets/order_item_widget.dart:146:                SizedBox(width: orderDetails.itemDetails!.isStoreHalalActive! && orderDetails.itemDetails!.isHalalItem! ? Dimensions.paddingSizeExtraSmall : 0),
UserApp/lib/features/location/controllers/location_controller.dart:857:        Get.currentRoute.startsWith(RouteHelper.itemDetails) &&
UserApp/lib/features/item/domain/repositories/item_repository.dart:47:      '${AppConstants.itemDetailsUri}$itemID${isCampaign ? '?campaign=1' : ''}',
UserApp/lib/features/item/controllers/item_controller.dart:958:    final (Item? itemDetails, ApiError? detailsError) =
UserApp/lib/features/item/controllers/item_controller.dart:960:    _item = itemDetails;
UserApp/lib/features/item/controllers/item_controller.dart:1355:            endpoint: AppConstants.itemDetailsUri,
UserApp/lib/features/item/controllers/item_controller.dart:1576:  double itemDetailsDiscountPrice(CartModel cart) {
UserApp/lib/features/review/widgets/item_review_widget.dart:110:                                        .itemDetails!
UserApp/lib/features/review/widgets/item_review_widget.dart:123:                                          .itemDetails!
UserApp/lib/features/review/widgets/item_review_widget.dart:295:                                                      .itemDetails!
UserApp/lib/helper/link_converter_helper.dart:125:      } else if (link.startsWith(RouteHelper.itemDetails)) {
UserApp/lib/helper/link_converter_helper.dart:129:          // `$itemDetails/:slug` GetPage (NAppBar + ItemBottomSheetShimmer) is
UserApp/lib/helper/link_converter_helper.dart:216:    // NEARS-1705: this now runs on top of the routed `$itemDetails/:slug`
UserApp/lib/helper/link_converter_helper.dart:224:    if (Get.currentRoute.startsWith(RouteHelper.itemDetails)) {
UserApp/lib/helper/route_helper.dart:155:  static const String itemDetails = '/item-details';
UserApp/lib/helper/route_helper.dart:422:    return '$itemDetails/$itemSlug?id=$itemID&page=${isRestaurant ? 'restaurant' : 'item'}&module=${moduleId ?? ModuleHelper.getModule()?.slug ?? ModuleHelper.getModule()?.id}${fromDeeplink ? '&from_deeplink=true' : ''}&is_campaign=$isCampaign';
UserApp/lib/helper/route_helper.dart:1228:    // `$itemDetails/...` URL (built by the share-link helper) AND an in-app
UserApp/lib/helper/route_helper.dart:1236:      name: '$itemDetails/:slug',
