--------- beginning of main
09-03 08:22:41.130  6506  6506 I flutter : [INFO] msg="route: waiting for module=grocery-food"
09-03 08:22:41.132  6506  6506 I flutter : [INFO] msg="route: checkModuleId configNull=false hasAddress=false fromDeeplink=false"
09-03 08:22:41.135  6506  6506 I flutter : [INFO] msg="route: module future state=ConnectionState.waiting hasData=false hasError=false"
09-03 08:22:41.140  6506  6506 I flutter : ----------------FIREBASE CRASHLYTICS----------------
09-03 08:22:41.140  6506  6506 I flutter : The following exception was thrown uncaught async error (FlutterError):
09-03 08:22:41.140  6506  6506 I flutter : UncaughtAsyncError
09-03 08:22:41.141  6506  6506 I flutter : #0      Element.markNeedsBuild.<anonymous closure> (package:flutter/src/widgets/framework.dart:5373:9)
09-03 08:22:41.141  6506  6506 I flutter : #1      Element.markNeedsBuild (package:flutter/src/widgets/framework.dart:5385:6)
09-03 08:22:41.141  6506  6506 I flutter : #2      State.setState (package:flutter/src/widgets/framework.dart:1219:15)
09-03 08:22:41.141  6506  6506 I flutter : #3      GetStateUpdaterMixin.getUpdate (package:get/get_state_manager/src/simple/get_state.dart:22:18)
09-03 08:22:41.141  6506  6506 I flutter : #4      ListNotifierMixin._notifyUpdate (package:get/get_state_manager/src/simple/list_notifier.dart:45:15)
09-03 08:22:41.141  6506  6506 I flutter : #5      ListNotifierMixin.refresh (package:get/get_state_manager/src/simple/list_notifier.dart:38:5)
09-03 08:22:41.141  6506  6506 I flutter : #6      GetxController.update (package:get/get_state_manager/src/simple/get_controllers.dart:22:7)
09-03 08:22:41.141  6506  6506 I flutter : #7      LocationController._fetchZone (package:sixam_mart/features/location/controllers/location_controller.dart:507:7)
09-03 08:22:41.141  6506  6506 I flutter : #8      LocationController.getZone (package:sixam_mart/features/location/controllers/location_controller.dart:473:46)
09-03 08:22:41.141  6506  6506 I flutter : #9      RouteHelper.checkModuleId (package:sixam_mart/helper/route_helper.dart:1741:16)
09-03 08:22:41.141  6506  6506 I flutter : #10     RouteHelper._wa
09-03 08:22:41.141  6506  6506 I flutter : ----------------------------------------------------
09-03 08:22:41.147  6506  6506 I flutter : [FAIL] endpoint=null http_status=null type=UncaughtAsyncError msg="uncaught async error (FlutterError)"
09-03 08:22:41.147  6506  6506 I flutter : ----------------FIREBASE CRASHLYTICS----------------
09-03 08:22:41.147  6506  6506 I flutter : The following exception was thrown uncaught async error (FlutterError):
09-03 08:22:41.148  6506  6506 I flutter : setState() or markNeedsBuild() called during build.
09-03 08:22:41.148  6506  6506 I flutter : This GetBuilder<LocationController> widget cannot be marked as needing to build because the framework is already in the process of building widgets. A widget can be marked as needing to be built during the build phase only if one of its ancestors is currently building. This exception is allowed because the framework builds parent widgets before children, which means a dirty descendant will always be built. Otherwise, the framework might not visit this widget during this build phase.
09-03 08:22:41.148  6506  6506 I flutter : The widget on which setState() or markNeedsBuild() was called was:
09-03 08:22:41.148  6506  6506 I flutter :   GetBuilder<LocationController>
09-03 08:22:41.148  6506  6506 I flutter : The widget which was currently being built when the offending call was made was:
09-03 08:22:41.148  6506  6506 I flutter :   Builder
09-03 08:22:41.148  6506  6506 I flutter : #0      Element.markNeedsBuild.<anonymous closure> (package:flutter/src/widgets/framework.dart:5373:9)
09-03 08:22:41.148  6506  6506 I flutter : #1      Element.markNeedsBuild (package:flutter/src/widgets/framework.dart:5385:6)
09-03 08:22:41.148  6506  6506 I flutter : #2      State.setState (package:flutter/src/widgets/framework.dart:1219:15)
09-03 08:22:41.148  6506  6506 I flutter : #3      GetStateUpdaterMixin.getUpdate (package:get/get_state_manager/src/simple/get_state.dart:22:18)
09-03 08:22:41.148  6506  6506 I flutter : #4      ListNotifierMixin._notifyUpdate (package:get/get_state_manager/src/simple/list_notifier.dart:45:15)
09-03 08:22:41.148  6506  6506 I flutter : #5      ListNotifierMixin.refresh (package:get/get_state_manager/src/simple/list_notifier.dart:38:5)
09-03 08:22:41.148  6506  6506 I flutter : #6      GetxController.update (package:get/get_state_manager/src/simple/get_controllers.dart:22:7)
09-03 08:22:41.148  6506  6506 I flutter : #7      LocationController._fetchZone (package:sixam_mart/features/location/controllers/location_controller.dart:507:7)
09-03 08:22:41.148  6506  6506 I flutter : #8      LocationController.getZone (package:sixam_mart/features/location/controllers/location_controller.dart:473:46)
09-03 08:22:41.148  6506  6506 I flutter : #9      RouteHelper.checkModuleId (package:sixam_mart/helper/route_helper.dart:1741:16)
09-03 08:22:41.148  6506  6506 I flutter : #10     RouteHelper._wa
09-03 08:22:41.148  6506  6506 I flutter : ----------------------------------------------------
09-03 08:22:41.163  6506  6506 I flutter : [INFO] msg="route: module future state=ConnectionState.done hasData=false hasError=true"
