I/flutter ( 3584): [NET] GET endpoint=/api/v1/customer/address/list
I/flutter ( 3584): [NET] endpoint=/api/v1/config http_status=200
I/flutter ( 3584): [NET] endpoint=/api/v1/customer/address/list http_status=200
E/FA      ( 3584): Missing google_app_id. Firebase Analytics disabled. See https://goo.gl/NAOOOI
I/flutter ( 3584): [INFO] msg="route: waiting for module=grocery-food"
I/flutter ( 3584): [INFO] msg="route: checkModuleId configNull=false hasAddress=false fromDeeplink=false"
I/flutter ( 3584): [INFO] msg="route: module future state=ConnectionState.waiting hasData=false hasError=false"
I/flutter ( 3584): [NET] GET endpoint=/api/v1/config/get-zone-id
I/flutter ( 3584): [NET] endpoint=/api/v1/config/get-zone-id http_status=200
I/flutter ( 3584): [INFO] msg="location: inZone=true"
I/flutter ( 3584): [INFO] msg="route: tapped-address zone resolved isSuccess=true"
I/flutter ( 3584): [NET] GET endpoint=/api/v1/module
I/flutter ( 3584): [NET] endpoint=/api/v1/module http_status=200
I/flutter ( 3584): [INFO] msg="route: module fetch (no-location path) status=true"
I/flutter ( 3584): [INFO] msg="route: comparing module slug=grocery-food to grocery-food"
I/flutter ( 3584): [INFO] msg="route: module match found=true canRoute=true"
I/flutter ( 3584): [NET] GET endpoint=/api/v1/cashback/list
I/flutter ( 3584): [NET] GET endpoint=/api/v1/customer/wish-list
I/flutter ( 3584): [NET] GET endpoint=/api/v1/customer/cart/list
I/flutter ( 3584): [INFO] msg="route: module future state=ConnectionState.done hasData=false hasError=false"
D/MapsInitializer( 3584): preferredRenderer: null
