2026-10-02T22:12:49+00:00 GET /api/v1/delivery-man/message/list?offset=2&limit=10&type=customer
2026-10-02T22:35:16+00:00 GET /api/v1/delivery-man/message/list?offset=1&limit=10&type=vendor
2026-10-02T22:36:38+00:00 GET /api/v1/delivery-man/message/list?offset=2&limit=10&type=
2026-10-02T22:36:38+00:00 GET /api/v1/delivery-man/message/list?offset=2&limit=10&type=customer
2026-10-02T22:36:38+00:00 GET /api/v1/delivery-man/message/list?offset=2&limit=10&type=vendor
2026-10-02T22:36:42+00:00 GET /api/v1/delivery-man/message/list?offset=2&limit=10&type=vendor
2026-10-02T22:37:31+00:00 GET /api/v1/delivery-man/message/list?offset=2&limit=10&type=
2026-10-02T22:37:31+00:00 GET /api/v1/delivery-man/message/list?offset=2&limit=10&type=customer
2026-10-02T22:37:32+00:00 GET /api/v1/delivery-man/message/list?offset=2&limit=10&type=vendor
2026-10-02T22:59:44+00:00 GET /api/v1/delivery-man/message/list?offset=1&limit=10&type=customer
2026-10-02T23:00:13+00:00 GET /api/v1/delivery-man/message/list?offset=1&limit=10&type=customer
2026-10-02T23:00:46+00:00 GET /api/v1/delivery-man/message/list?offset=2&limit=10&type=customer
2026-10-02T23:00:47+00:00 GET /api/v1/delivery-man/message/list?offset=2&limit=10&type=customer
2026-10-02T23:02:11+00:00 GET /api/v1/delivery-man/message/list?offset=3&limit=10&type=customer
2026-10-02T23:03:05+00:00 GET /api/v1/delivery-man/message/list?offset=1&limit=10&type=customer
2026-10-02T23:03:10+00:00 GET /api/v1/delivery-man/message/list?offset=1&limit=10&type=customer
2026-10-02T23:03:15+00:00 GET /api/v1/delivery-man/message/list?offset=1&limit=10&type=customer
2026-10-02T23:03:20+00:00 GET /api/v1/delivery-man/message/list?offset=1&limit=10&type=customer
2026-10-02T23:03:32+00:00 GET /api/v1/delivery-man/message/list?offset=2&limit=10&type=customer
2026-10-02T23:03:42+00:00 GET /api/v1/delivery-man/message/list?offset=3&limit=10&type=customer
2026-10-02T23:04:28+00:00 GET /api/v1/delivery-man/message/list?offset=1&limit=10&type=customer
2026-10-02T23:04:32+00:00 GET /api/v1/delivery-man/message/list?offset=2&limit=10&type=customer
2026-10-02T23:04:32+00:00 GET /api/v1/delivery-man/message/list?offset=2&limit=10&type=customer
2026-10-02T23:04:43+00:00 GET /api/v1/delivery-man/message/list?offset=1&limit=10&type=customer
2026-10-02T23:04:46+00:00 GET /api/v1/delivery-man/message/list?offset=2&limit=10&type=customer
2026-10-02T23:04:46+00:00 GET /api/v1/delivery-man/message/list?offset=2&limit=10&type=customer
2026-10-02T23:04:57+00:00 GET /api/v1/delivery-man/message/list?offset=1&limit=10&type=customer
2026-10-02T23:05:01+00:00 GET /api/v1/delivery-man/message/list?offset=2&limit=10&type=customer
2026-10-02T23:05:06+00:00 GET /api/v1/delivery-man/message/list?offset=3&limit=10&type=customer
2026-10-02T23:05:06+00:00 GET /api/v1/delivery-man/message/list?offset=3&limit=10&type=customer
2026-10-02T23:05:12+00:00 GET /api/v1/delivery-man/message/list?offset=1&limit=10&type=customer
2026-10-02T23:05:15+00:00 GET /api/v1/delivery-man/message/list?offset=2&limit=10&type=customer
2026-10-02T23:05:15+00:00 GET /api/v1/delivery-man/message/list?offset=2&limit=10&type=customer
2026-10-02T23:13:46+00:00 GET /api/v1/delivery-man/message/list?offset=1&limit=10&type=customer
2026-10-02T23:13:53+00:00 GET /api/v1/delivery-man/message/list?offset=1&limit=10&type=customer
2026-10-02T23:13:56+00:00 GET /api/v1/delivery-man/message/list?offset=2&limit=10&type=
2026-10-02T23:13:59+00:00 GET /api/v1/delivery-man/message/list?offset=3&limit=10&type=
2026-10-02T23:14:01+00:00 GET /api/v1/delivery-man/message/list?offset=4&limit=10&type=
2026-10-02T23:14:07+00:00 GET /api/v1/delivery-man/message/list?offset=1&limit=10&type=customer
2026-10-02T23:14:10+00:00 GET /api/v1/delivery-man/message/list?offset=2&limit=10&type=
2026-10-02T23:14:11+00:00 GET /api/v1/delivery-man/message/list?offset=2&limit=10&type=
2026-10-02T23:14:13+00:00 GET /api/v1/delivery-man/message/list?offset=3&limit=10&type=
2026-10-02T23:14:22+00:00 GET /api/v1/delivery-man/message/list?offset=1&limit=10&type=customer
2026-10-02T23:14:25+00:00 GET /api/v1/delivery-man/message/list?offset=2&limit=10&type=
2026-10-02T23:14:26+00:00 GET /api/v1/delivery-man/message/list?offset=3&limit=10&type=
2026-10-02T23:14:36+00:00 GET /api/v1/delivery-man/message/list?offset=1&limit=10&type=customer
2026-10-02T23:14:39+00:00 GET /api/v1/delivery-man/message/list?offset=2&limit=10&type=
2026-10-02T23:14:45+00:00 GET /api/v1/delivery-man/message/list?offset=3&limit=10&type=
2026-10-02T23:14:51+00:00 GET /api/v1/delivery-man/message/list?offset=1&limit=10&type=customer
2026-10-02T23:14:54+00:00 GET /api/v1/delivery-man/message/list?offset=2&limit=10&type=
2026-10-02T23:14:59+00:00 GET /api/v1/delivery-man/message/list?offset=3&limit=10&type=
2026-10-02T23:17:29+00:00 GET /api/v1/delivery-man/message/list?offset=1&limit=10&type=customer
2026-10-02T23:17:43+00:00 GET /api/v1/delivery-man/message/list?offset=1&limit=10&type=customer
2026-10-02T23:17:46+00:00 GET /api/v1/delivery-man/message/list?offset=2&limit=10&type=customer
2026-10-02T23:17:51+00:00 GET /api/v1/delivery-man/message/list?offset=3&limit=10&type=customer
2026-10-02T23:17:58+00:00 GET /api/v1/delivery-man/message/list?offset=1&limit=10&type=customer
2026-10-02T23:18:01+00:00 GET /api/v1/delivery-man/message/list?offset=2&limit=10&type=customer
2026-10-02T23:18:06+00:00 GET /api/v1/delivery-man/message/list?offset=3&limit=10&type=customer
2026-10-02T23:18:12+00:00 GET /api/v1/delivery-man/message/list?offset=1&limit=10&type=customer
2026-10-02T23:18:15+00:00 GET /api/v1/delivery-man/message/list?offset=2&limit=10&type=customer
2026-10-02T23:18:20+00:00 GET /api/v1/delivery-man/message/list?offset=3&limit=10&type=customer
2026-10-02T23:18:27+00:00 GET /api/v1/delivery-man/message/list?offset=1&limit=10&type=customer
2026-10-02T23:18:30+00:00 GET /api/v1/delivery-man/message/list?offset=2&limit=10&type=customer
2026-10-02T23:18:35+00:00 GET /api/v1/delivery-man/message/list?offset=3&limit=10&type=customer
2026-10-02T23:18:54+00:00 GET /api/v1/delivery-man/message/list?offset=1&limit=10&type=customer
2026-10-02T23:18:57+00:00 GET /api/v1/delivery-man/message/list?offset=2&limit=10&type=customer
2026-10-02T23:19:02+00:00 GET /api/v1/delivery-man/message/list?offset=3&limit=10&type=customer
2026-10-02T23:19:02+00:00 GET /api/v1/delivery-man/message/list?offset=3&limit=10&type=customer
2026-10-02T23:19:08+00:00 GET /api/v1/delivery-man/message/list?offset=1&limit=10&type=customer
2026-10-02T23:19:12+00:00 GET /api/v1/delivery-man/message/list?offset=2&limit=10&type=customer
2026-10-02T23:19:16+00:00 GET /api/v1/delivery-man/message/list?offset=3&limit=10&type=customer
2026-10-02T23:19:23+00:00 GET /api/v1/delivery-man/message/list?offset=1&limit=10&type=customer
2026-10-02T23:19:26+00:00 GET /api/v1/delivery-man/message/list?offset=2&limit=10&type=customer
2026-10-02T23:19:31+00:00 GET /api/v1/delivery-man/message/list?offset=3&limit=10&type=customer
2026-10-02T23:19:31+00:00 GET /api/v1/delivery-man/message/list?offset=3&limit=10&type=customer
2026-10-02T23:19:37+00:00 GET /api/v1/delivery-man/message/list?offset=1&limit=10&type=customer
2026-10-02T23:19:41+00:00 GET /api/v1/delivery-man/message/list?offset=2&limit=10&type=customer
2026-10-02T23:19:41+00:00 GET /api/v1/delivery-man/message/list?offset=2&limit=10&type=customer
2026-10-02T23:20:15+00:00 GET /api/v1/delivery-man/message/list?offset=1&limit=10&type=vendor
2026-10-02T23:20:21+00:00 GET /api/v1/delivery-man/message/list?offset=2&limit=10&type=vendor
2026-10-02T23:20:21+00:00 GET /api/v1/delivery-man/message/list?offset=2&limit=10&type=vendor
2026-10-02T23:20:40+00:00 GET /api/v1/delivery-man/message/list?offset=3&limit=10&type=vendor
2026-10-02T23:21:32+00:00 GET /api/v1/delivery-man/message/list?offset=1&limit=10&type=vendor
2026-10-02T23:21:42+00:00 GET /api/v1/delivery-man/message/list?offset=1&limit=10&type=vendor
2026-10-02T23:22:02+00:00 GET /api/v1/delivery-man/message/list?offset=2&limit=10&type=vendor
2026-10-02T23:22:12+00:00 GET /api/v1/delivery-man/message/list?offset=3&limit=10&type=vendor
2026-10-02T23:22:59+00:00 GET /api/v1/delivery-man/message/list?offset=1&limit=10&type=vendor
2026-10-02T23:23:04+00:00 GET /api/v1/delivery-man/message/list?offset=2&limit=10&type=vendor
2026-10-02T23:23:04+00:00 GET /api/v1/delivery-man/message/list?offset=2&limit=10&type=vendor
2026-10-02T23:23:26+00:00 GET /api/v1/delivery-man/message/list?offset=1&limit=10&type=customer
2026-10-02T23:23:29+00:00 GET /api/v1/delivery-man/message/list?offset=2&limit=10&type=customer
2026-10-02T23:23:29+00:00 GET /api/v1/delivery-man/message/list?offset=2&limit=10&type=customer
2026-10-02T23:23:37+00:00 GET /api/v1/delivery-man/message/list?offset=1&limit=10&type=customer
2026-10-02T23:23:40+00:00 GET /api/v1/delivery-man/message/list?offset=2&limit=10&type=customer
2026-10-02T23:24:53+00:00 GET /api/v1/delivery-man/message/list?offset=3&limit=10&type=customer
2026-10-02T23:25:31+00:00 GET /api/v1/delivery-man/message/list?offset=1&limit=10&type=customer
2026-10-02T23:25:34+00:00 GET /api/v1/delivery-man/message/list?offset=2&limit=10&type=customer
2026-10-02T23:25:37+00:00 GET /api/v1/delivery-man/message/list?offset=1&limit=10&type=vendor
2026-10-02T23:25:50+00:00 GET /api/v1/delivery-man/message/list?offset=2&limit=10&type=vendor
2026-10-02T23:25:50+00:00 GET /api/v1/delivery-man/message/list?offset=2&limit=10&type=vendor
2026-10-02T23:26:08+00:00 GET /api/v1/delivery-man/message/details?conversation_id=30038&offset=1&limit=10
2026-10-02T23:26:14+00:00 GET /api/v1/delivery-man/message/list?offset=1&limit=10&type=vendor
2026-10-02T23:26:28+00:00 GET /api/v1/delivery-man/message/search-list?name=Demo&limit=20&offset=1&type=vendor
2026-10-02T23:26:43+00:00 GET /api/v1/delivery-man/message/list?offset=1&limit=10&type=vendor
2026-10-02T23:26:59+00:00 GET /api/v1/delivery-man/message/list?offset=1&limit=10&type=customer
2026-10-02T23:27:02+00:00 GET /api/v1/delivery-man/message/list?offset=2&limit=10&type=customer
2026-10-02T23:27:10+00:00 GET /api/v1/delivery-man/message/list?offset=1&limit=10&type=customer
2026-10-02T23:27:13+00:00 GET /api/v1/delivery-man/message/list?offset=2&limit=10&type=customer
2026-10-02T23:27:20+00:00 GET /api/v1/delivery-man/message/list?offset=1&limit=10&type=customer
2026-10-02T23:27:24+00:00 GET /api/v1/delivery-man/message/list?offset=2&limit=10&type=customer
2026-10-02T23:27:31+00:00 GET /api/v1/delivery-man/message/list?offset=1&limit=10&type=customer
2026-10-02T23:27:34+00:00 GET /api/v1/delivery-man/message/list?offset=2&limit=10&type=customer
2026-10-02T23:27:42+00:00 GET /api/v1/delivery-man/message/list?offset=1&limit=10&type=customer
2026-10-02T23:27:45+00:00 GET /api/v1/delivery-man/message/list?offset=2&limit=10&type=customer
2026-10-02T23:27:52+00:00 GET /api/v1/delivery-man/message/list?offset=1&limit=10&type=customer
2026-10-02T23:27:55+00:00 GET /api/v1/delivery-man/message/list?offset=2&limit=10&type=customer
2026-10-02T23:28:09+00:00 GET /api/v1/delivery-man/message/list?offset=1&limit=10&type=customer
2026-10-02T23:28:12+00:00 GET /api/v1/delivery-man/message/list?offset=2&limit=10&type=customer
2026-10-02T23:28:19+00:00 GET /api/v1/delivery-man/message/list?offset=1&limit=10&type=customer
2026-10-02T23:28:22+00:00 GET /api/v1/delivery-man/message/list?offset=2&limit=10&type=customer
2026-10-02T23:28:30+00:00 GET /api/v1/delivery-man/message/list?offset=1&limit=10&type=customer
2026-10-02T23:28:33+00:00 GET /api/v1/delivery-man/message/list?offset=2&limit=10&type=customer
2026-10-02T23:28:40+00:00 GET /api/v1/delivery-man/message/list?offset=1&limit=10&type=customer
2026-10-02T23:28:44+00:00 GET /api/v1/delivery-man/message/list?offset=2&limit=10&type=customer
2026-10-02T23:28:51+00:00 GET /api/v1/delivery-man/message/list?offset=1&limit=10&type=customer
2026-10-02T23:28:54+00:00 GET /api/v1/delivery-man/message/list?offset=2&limit=10&type=customer
2026-10-02T23:28:54+00:00 GET /api/v1/delivery-man/message/list?offset=2&limit=10&type=customer
