I/flutter (22977): 📊 analytics: module_switched {from_module: Pharmacy, from_module_id: 3, to_module: Grocery, to_module_id: 1, source: categories_app_bar, screen: home, section: module_tabs, position: 0}
I/flutter (22977): [NET] GET endpoint=/api/v1/cashback/list
I/flutter (22977): [NET] GET endpoint=/api/v1/customer/cart/list
I/flutter (22977): [NET] GET endpoint=/api/v1/customer/cart/list
I/flutter (22977): [INFO] msg="home load started"
I/flutter (22977): [NET] GET endpoint=/api/v1/config/get-zone-id
I/flutter (22977): [NET] endpoint=/api/v1/cashback/list http_status=200
I/flutter (22977): [NET] endpoint=/api/v1/customer/wish-list http_status=200
I/flutter (22977): 📊 analytics: view_item_list {item_list_id: favourite_items, item_list_name: favourite_items, item_count: 2, screen: favourites}
I/flutter (22977): 📊 analytics: view_store_list {item_list_id: favourite_stores, item_list_name: favourite_stores, count: 2, screen: favourites}
I/flutter (22977): [NET] endpoint=/api/v1/cashback/list http_status=200
I/flutter (22977): [NET] endpoint=/api/v1/customer/cart/list http_status=200
I/flutter (22977): [NET] endpoint=/api/v1/customer/cart/list http_status=200
I/flutter (22977): [NET] endpoint=/api/v1/config/get-zone-id http_status=200
I/flutter (22977): [INFO] msg="location: inZone=true"
I/flutter (22977): [NET] GET endpoint=/api/v1/home/all
I/flutter (22977): [NET] endpoint=/api/v1/home/all http_status=200
I/flutter (22977): [NET] GET endpoint=/api/v1/other-banners
I/flutter (22977): [NET] GET endpoint=/api/v1/customer/info
I/flutter (22977): [NET] GET endpoint=/api/v1/flash-sales
I/flutter (22977): [NET] GET endpoint=/api/v1/items/popular
I/flutter (22977): [NET] GET endpoint=/api/v1/items/most-reviewed
I/flutter (22977): [NET] GET endpoint=/api/v1/campaigns/basic
I/flutter (22977): [NET] GET endpoint=/api/v1/campaigns/item
I/flutter (22977): [NET] GET endpoint=/api/v1/items/recommended
I/flutter (22977): 📊 analytics: view_item_list {item_list_id: store_card_popular_items, item_list_name: store_card_popular_items, item_count: 5, screen: home, store_id: 9, section: stores_list, position: 1}
I/flutter (22977): 📊 analytics: view_item_list {item_list_id: store_card_popular_items, item_list_name: store_card_popular_items, item_count: 5, screen: home, store_id: 12, section: stores_list, position: 2}
I/flutter (22977): 📊 analytics: view_item_list {item_list_id: store_card_popular_items, item_list_name: store_card_popular_items, item_count: 5, screen: home, store_id: 13, section: stores_list, position: 3}
I/flutter (22977): 📊 analytics: view_item_list {item_list_id: store_card_popular_items, item_list_name: store_card_popular_items, item_count: 5, screen: home, store_id: 14, section: stores_list, position: 4}
I/flutter (22977): 📊 analytics: view_item_list {item_list_id: store_card_popular_items, item_list_name: store_card_popular_items, item_count: 5, screen: home, store_id: 16, section: stores_list, position: 6}
I/flutter (22977): 📊 analytics: view_item_list {item_list_id: store_card_popular_items, item_list_name: store_card_popular_items, item_count: 5, screen: home, store_id: 17, section: stores_list, position: 7}
I/flutter (22977): 📊 analytics: view_item_list {item_list_id: store_card_popular_items, item_list_name: store_card_popular_items, item_count: 5, screen: home, store_id: 18, section: stores_list, position: 8}
I/flutter (22977): 📊 analytics: view_item_list {item_list_id: store_card_popular_items, item_list_name: store_card_popular_items, item_count: 5, screen: home, store_id: 19, section: stores_list, position: 9}
I/flutter (22977): 📊 analytics: view_item_list {item_list_id: store_card_popular_items, item_list_name: store_card_popular_items, item_count: 5, screen: home, store_id: 20, section: stores_list, position: 10}
I/flutter (22977): 📊 analytics: view_item_list {item_list_id: store_card_popular_items, item_list_name: store_card_popular_items, item_count: 5, screen: home, store_id: 21, section: stores_list, position: 11}
I/flutter (22977): 📊 analytics: view_item_list {item_list_id: store_card_popular_items, item_list_name: store_card_popular_items, item_count: 5, screen: home, store_id: 22, section: stores_list, position: 12}
I/flutter (22977): 📊 analytics: view_store_list {item_list_id: stores_list, item_list_name: stores_list, count: 12, screen: home, with_popular_items_count: 11}
I/flutter (22977): [NET] GET endpoint=/api/v1/customer/order/buy-it-again
I/flutter (22977): [NET] GET endpoint=/api/v1/stores/get-stores/all
I/flutter (22977): [NET] GET endpoint=/api/v1/advertisement/list
I/flutter (22977): [NET] endpoint=/api/v1/other-banners http_status=200
I/flutter (22977): [NET] endpoint=/api/v1/customer/info http_status=200
I/flutter (22977): [NET] GET endpoint=/api/v1/customer/notifications
I/flutter (22977): [NET] GET endpoint=/api/v1/coupon/list
I/flutter (22977): [NET] GET endpoint=/api/v1/module
I/flutter (22977): [NET] endpoint=/api/v1/flash-sales http_status=200
I/flutter (22977): [NET] endpoint=/api/v1/items/popular http_status=200
I/flutter (22977): [NET] endpoint=/api/v1/items/most-reviewed http_status=200
I/flutter (22977): [NET] endpoint=/api/v1/campaigns/basic http_status=200
I/flutter (22977): [NET] endpoint=/api/v1/campaigns/item http_status=200
I/flutter (22977): [NET] endpoint=/api/v1/items/recommended http_status=200
I/flutter (22977): [NET] endpoint=/api/v1/customer/order/buy-it-again http_status=200
I/flutter (22977): [NET] endpoint=/api/v1/stores/get-stores/all http_status=200
I/flutter (22977): 📊 analytics: view_item_list {item_list_id: store_card_popular_items, item_list_name: store_card_popular_items, item_count: 5, screen: home, store_id: 9, section: stores_list, position: 1}
I/flutter (22977): 📊 analytics: view_item_list {item_list_id: store_card_popular_items, item_list_name: store_card_popular_items, item_count: 5, screen: home, store_id: 12, section: stores_list, position: 2}
I/flutter (22977): 📊 analytics: view_item_list {item_list_id: store_card_popular_items, item_list_name: store_card_popular_items, item_count: 5, screen: home, store_id: 13, section: stores_list, position: 3}
I/flutter (22977): 📊 analytics: view_item_list {item_list_id: store_card_popular_items, item_list_name: store_card_popular_items, item_count: 5, screen: home, store_id: 14, section: stores_list, position: 4}
I/flutter (22977): 📊 analytics: view_item_list {item_list_id: store_card_popular_items, item_list_name: store_card_popular_items, item_count: 5, screen: home, store_id: 16, section: stores_list, position: 6}
I/flutter (22977): 📊 analytics: view_item_list {item_list_id: store_card_popular_items, item_list_name: store_card_popular_items, item_count: 5, screen: home, store_id: 17, section: stores_list, position: 7}
I/flutter (22977): 📊 analytics: view_item_list {item_list_id: store_card_popular_items, item_list_name: store_card_popular_items, item_count: 5, screen: home, store_id: 18, section: stores_list, position: 8}
I/flutter (22977): 📊 analytics: view_item_list {item_list_id: store_card_popular_items, item_list_name: store_card_popular_items, item_count: 5, screen: home, store_id: 19, section: stores_list, position: 9}
I/flutter (22977): 📊 analytics: view_item_list {item_list_id: store_card_popular_items, item_list_name: store_card_popular_items, item_count: 5, screen: home, store_id: 20, section: stores_list, position: 10}
I/flutter (22977): 📊 analytics: view_item_list {item_list_id: store_card_popular_items, item_list_name: store_card_popular_items, item_count: 5, screen: home, store_id: 21, section: stores_list, position: 11}
I/flutter (22977): 📊 analytics: view_item_list {item_list_id: store_card_popular_items, item_list_name: store_card_popular_items, item_count: 5, screen: home, store_id: 22, section: stores_list, position: 12}
I/flutter (22977): 📊 analytics: view_store_list {item_list_id: stores_list, item_list_name: stores_list, count: 12, screen: home, with_popular_items_count: 11}
I/flutter (22977): [NET] GET endpoint=/api/v1/customer/order/buy-it-again
I/flutter (22977): [NET] endpoint=/api/v1/advertisement/list http_status=200
I/flutter (22977): [NET] endpoint=/api/v1/customer/notifications http_status=200
I/flutter (22977): [NET] endpoint=/api/v1/coupon/list http_status=200
I/flutter (22977): 📊 analytics: view_promotion {promotion_count: 8, eligible_count: 0, expiring_count: 1, screen: coupons, source: profile_menu}
I/flutter (22977): [NET] endpoint=/api/v1/module http_status=200
I/flutter (22977): [NET] endpoint=/api/v1/customer/order/buy-it-again http_status=200
I/m140.btg(22977): Request m140.jgl failed with Status bxs{errorCode=REQUEST_TIMEOUT, description=last attempt state: REQUIREMENT_START, cause=m140.hdz: m140.hoa: Timed out: m140.hlk@ee71a9d[status=PENDING, info=[inputFuture=[m140.hll@4f05b12[status=PENDING, info=[inputFuture=[m140.hlz@80272e3[status=PENDING, info=[futures=[m140.hnw@6b32f4f[status=SUCCESS, result=[m140.bxj@8cf66dc]], m140.hnc@69e44e0[status=SUCCESS, result=[{connectivity, true}]], m140.hmx@f9fc399[status=PENDING, info=[delegate=[m140.hnw@5ff961[status=PENDING]]]]]]]], function=[m140.bwx@5f5165e]]]], function=[m140.bsx@df5a3f]]]
I/m140.btg(22977): 	at m140.heg.a(:com.google.android.gms.policy_maps_core_dynamite@260830213@260830204025.951593635.951593635:189)
I/m140.btg(22977): 	at m140.hlb.d(:com.google.android.gms.policy_maps_core_dynamite@260830213@260830204025.951593635.951593635:3)
I/m140.btg(22977): 	at m140.hld.run(:com.google.android.gms.policy_maps_core_dynamite@260830213@260830204025.951593635.951593635:130)
