1640-D/FlutterJNI(22977): Sending viewport metrics to the engine.
1641-I/flutter (22977): [FAIL] framework_error library=rendering library type=FlutterError msg="A RenderFlex overflowed by 7.9 pixels on the right."
1642:I/flutter (22977): [FAIL] framework_error   at Row Row:file:///Users/Apple/Projects/nears-NEARS-3585-grocery-home-uiux/packages/nears_dls/lib/components/nitemcard/n_item_card.dart:1139:32
1643-I/flutter (22977): [FAIL] framework_error library=rendering library type=FlutterError msg="A RenderFlex overflowed by 7.9 pixels on the right."
1644-
1645-══╡ EXCEPTION CAUGHT BY RENDERING LIBRARY ╞═════════════════════════════════════════════════════════
1646-The following assertion was thrown during layout:
1647-A RenderFlex overflowed by 7.9 pixels on the right.
1648-
1649-The relevant error-causing widget was:
1650-  Row
1651:  Row:file:///Users/Apple/Projects/nears-NEARS-3585-grocery-home-uiux/packages/nears_dls/lib/components/nitemcard/n_item_card.dart:1139:32
1652-
1653-To inspect this widget in Flutter DevTools, visit:
1654-http://127.0.0.1:55692/P8vX_ESvR9w=/devtools//#/inspector?uri=http%3A%2F%2F127.0.0.1%3A55692%2FP8vX_ESvR9w%3D%2F&inspectorRef=inspector-0
1655-
1656-The overflowing RenderFlex has an orientation of Axis.horizontal.
1657-The edge of the RenderFlex that is overflowing has been marked in the rendering with a yellow and
1658-black striped pattern. This is usually caused by the contents being too big for the RenderFlex.
1659-Consider applying a flex factor (e.g. using an Expanded widget) to force the children of the
1660-RenderFlex to fit within the available space instead of being sized to their natural size.
1661-This is considered an error condition because it indicates that there is content that cannot be
1662-seen. If the content is legitimately bigger than the available space, consider clipping it with a
1663-ClipRect widget before putting it in the flex, or using a scrollable container rather than a Flex,
1664-like a ListView.
1665-The specific RenderFlex in question is: RenderFlex#7fa78 relayoutBoundary=up5 OVERFLOWING:
1666-  creator: Row ← Flexible ← Column ← LayoutBuilder ← _IntrinsicSizeProbe ← Padding ← Expanded ← Column
1667-    ← Padding ← Listener ← RawGestureDetector ← GestureDetector ← ⋯
1668-  parentData: offset=Offset(0.0, 0.0); flex=1; fit=FlexFit.loose (can use size)
1669-  constraints: BoxConstraints(0.0<=w<=86.0, 0.0<=h<=45.0)
1670-  size: Size(86.0, 45.0)
1671-  direction: horizontal
--
1679-════════════════════════════════════════════════════════════════════════════════════════════════════
1680-
1681:I/flutter (22977): [FAIL] framework_error   at Row Row:file:///Users/Apple/Projects/nears-NEARS-3585-grocery-home-uiux/packages/nears_dls/lib/components/nitemcard/n_item_card.dart:1139:32
1682-Another exception was thrown: A RenderFlex overflowed by 7.9 pixels on the right.
1683-I/flutter (22977): [FAIL] framework_error library=rendering library type=FlutterError msg="A RenderFlex overflowed by 7.9 pixels on the right."
1684:I/flutter (22977): [FAIL] framework_error   at Row Row:file:///Users/Apple/Projects/nears-NEARS-3585-grocery-home-uiux/packages/nears_dls/lib/components/nitemcard/n_item_card.dart:1139:32
1685-Another exception was thrown: A RenderFlex overflowed by 7.9 pixels on the right.
