=== BEFORE full suite: private DB check_daily_subscription_validity_check was stale (2026-09-08 vs today 2026-09-13) ===
isolation runs failed deterministically (43 vs ceiling 40; 26 vs ceiling 25) due to Store::booted()'s
daily-subscription-expiry sweep re-firing every test (its own tracking write gets rolled back by DatabaseTransactions).

=== AFTER a full-suite run non-transactionally healed the flag to today's date: ===
--- Nears2984CartBatchTest isolation run 1 ---
..                                                                  2 / 2 (100%)

Time: 00:00.486, Memory: 94.50 MB

OK, but there were issues!
Tests: 2, Assertions: 24, PHPUnit Deprecations: 1.
--- Nears2984CartBatchTest isolation run 2 ---
..                                                                  2 / 2 (100%)

Time: 00:00.352, Memory: 94.50 MB

OK, but there were issues!
Tests: 2, Assertions: 24, PHPUnit Deprecations: 1.
--- Nears2984CartBatchTest isolation run 3 ---
..                                                                  2 / 2 (100%)

Time: 00:00.340, Memory: 94.50 MB

OK, but there were issues!
Tests: 2, Assertions: 24, PHPUnit Deprecations: 1.
--- Nears3408PopularProductsBatchTest isolation run 1 ---
..                                                                  2 / 2 (100%)

Time: 00:00.382, Memory: 94.50 MB

OK, but there were issues!
Tests: 2, Assertions: 14, PHPUnit Deprecations: 1.
--- Nears3408PopularProductsBatchTest isolation run 2 ---
..                                                                  2 / 2 (100%)

Time: 00:00.405, Memory: 94.50 MB

OK, but there were issues!
Tests: 2, Assertions: 14, PHPUnit Deprecations: 1.
--- Nears3408PopularProductsBatchTest isolation run 3 ---
..                                                                  2 / 2 (100%)

Time: 00:00.396, Memory: 94.50 MB

OK, but there were issues!
Tests: 2, Assertions: 14, PHPUnit Deprecations: 1.
--- ModuleSingleStoreIdTest isolation ---
..............                                                    14 / 14 (100%)

Time: 00:01.482, Memory: 100.50 MB

OK, but there were issues!
Tests: 14, Assertions: 99, PHPUnit Deprecations: 1.
