NEARS-2168 QA — AC1 negative case (live, 2026-08-22)

Subject: pid 55705, live `flutter run -d emulator-5556 --target=lib/main.dart`,
cwd /Users/Apple/Projects/nears-NEARS-2376-signup-phone-navy-unstyled/UserApp,
branch feat/NEARS-2376-signup-phone-navy-unstyled.

ps -o pid,ppid,stat,args -p 55705
  PID  PPID STAT ARGS
55705     1 SN   .../flutter_tools.snapshot run -d emulator-5556 --target=lib/main.dart

Merge check:
  $ git -C /Users/Apple/Projects/nears merge-base --is-ancestor feat/NEARS-2376-signup-phone-navy-unstyled HEAD && echo "IS ANCESTOR of nears HEAD"
  IS ANCESTOR of nears HEAD
  (HEAD = feat/userapp-reskin2, the primary tree's current integration branch)

Host-wide dry-run:
  $ bash scripts/newtask-guards/flutter-tester-reap.sh --dry-run
  -> 18 CANDIDATE lines total (all pre-existing NEARS-2049 / NEARS-2057 flutter_tester
     orphans, none newly created by this QA pass). pid 55705 does NOT appear anywhere in
     the candidate list -- confirmed by full-output grep, zero matches.

Real (non-dry-run) invocation scoped to the flutter run's own worktree:
  $ bash scripts/newtask-guards/flutter-tester-reap.sh --worktree /Users/Apple/Projects/nears-NEARS-2376-signup-phone-navy-unstyled
  == flutter-tester-reap (worktree scope: .../nears-NEARS-2376-signup-phone-navy-unstyled, corroborate: on) ==
  == NOT-ASSERTED (0 flutter_tester candidates found) ==

Post-run reverify:
  $ ps -p 55705 -o pid,ppid,stat,args
  55705     1 SN   .../flutter_tools.snapshot run -d emulator-5556 --target=lib/main.dart
  (unchanged, still alive)

Result: AC1 fully demonstrated PASS -- the discriminator never even considers a live
`flutter run -d <emulator>` process, at ppid 1, on a merged branch; ppid/merge status
played no part (as designed -- selection is by command-string content only).
