### request aaaa0001-0000-4000-8000-000000000001
WARNING: [WARN] order placement - moduleId header differs from resolved parcel module {"correlation_id":"aaaa0001-0000-4000-8000-000000000001","endpoint":"api/v1/customer/order/place","store_id":null,"zone_id":2,"module_id":5,"reason":"header_parcel_module_mismatch","request_id":"aaaa0001-0000-4000-8000-000000000001"} 
WARNING: [WARN] order placement rejected - gate {"correlation_id":"aaaa0001-0000-4000-8000-000000000001","endpoint":"api/v1/customer/order/place","http_status":203,"code":"order_amount","reason":"cod_cap","store_id":null,"request_id":"aaaa0001-0000-4000-8000-000000000001"} 
### request aaaa0002-0000-4000-8000-000000000002
WARNING: [WARN] order placement - moduleId header differs from resolved parcel module {"correlation_id":"aaaa0002-0000-4000-8000-000000000002","endpoint":"api/v1/customer/order/place","store_id":null,"zone_id":2,"module_id":5,"reason":"header_parcel_module_mismatch","request_id":"aaaa0002-0000-4000-8000-000000000002"} 
WARNING: [WARN] order placement rejected - gate {"correlation_id":"aaaa0002-0000-4000-8000-000000000002","endpoint":"api/v1/customer/order/place","http_status":203,"code":"order_amount","reason":"cod_cap","store_id":null,"request_id":"aaaa0002-0000-4000-8000-000000000002"} 
### request aaaa0003-0000-4000-8000-000000000003
WARNING: [WARN] order placement - moduleId header differs from resolved parcel module {"correlation_id":"aaaa0003-0000-4000-8000-000000000003","endpoint":"api/v1/customer/order/place","store_id":null,"zone_id":2,"module_id":5,"reason":"header_parcel_module_mismatch","request_id":"aaaa0003-0000-4000-8000-000000000003"} 
WARNING: [WARN] order placement rejected - gate {"correlation_id":"aaaa0003-0000-4000-8000-000000000003","endpoint":"api/v1/customer/order/place","http_status":203,"code":"order_amount","reason":"cod_cap","store_id":null,"request_id":"aaaa0003-0000-4000-8000-000000000003"} 
### request bbbb0001-0000-4000-8000-000000000001
WARNING: [WARN] order placement - moduleId header differs from resolved parcel module {"correlation_id":"bbbb0001-0000-4000-8000-000000000001","endpoint":"api/v1/customer/order/place","store_id":null,"zone_id":2,"module_id":5,"reason":"header_parcel_module_mismatch","request_id":"bbbb0001-0000-4000-8000-000000000001"} 
WARNING: [WARN] order placement rejected - gate {"correlation_id":"bbbb0001-0000-4000-8000-000000000001","endpoint":"api/v1/customer/order/place","http_status":203,"code":"order_amount","reason":"cod_cap","store_id":null,"request_id":"bbbb0001-0000-4000-8000-000000000001"} 
### request cccc0001-0000-4000-8000-000000000001
WARNING: [WARN] order placement - moduleId header differs from resolved parcel module {"correlation_id":"cccc0001-0000-4000-8000-000000000001","endpoint":"api/v1/customer/order/place","store_id":null,"zone_id":2,"module_id":5,"reason":"header_parcel_module_mismatch","request_id":"cccc0001-0000-4000-8000-000000000001"} 
### request cccc0002-0000-4000-8000-000000000002
WARNING: [WARN] order placement - moduleId header differs from resolved parcel module {"correlation_id":"cccc0002-0000-4000-8000-000000000002","endpoint":"api/v1/customer/order/place","store_id":null,"zone_id":2,"module_id":5,"reason":"header_parcel_module_mismatch","request_id":"cccc0002-0000-4000-8000-000000000002"} 
### request cccc0004-0000-4000-8000-000000000004
WARNING: [WARN] order placement - moduleId header differs from resolved parcel module {"correlation_id":"cccc0004-0000-4000-8000-000000000004","endpoint":"api/v1/customer/order/place","store_id":null,"zone_id":2,"module_id":5,"reason":"header_parcel_module_mismatch","request_id":"cccc0004-0000-4000-8000-000000000004"} 
### request dddd0001-0000-4000-8000-000000000001
WARNING: [WARN] new_place_order - buy-now request missing/invalid X-Idempotency-Key, falling through unguarded {"correlation_id":"dddd0001-0000-4000-8000-000000000001","endpoint":"api/v1/customer/order/place","request_id":"dddd0001-0000-4000-8000-000000000001"} 
WARNING: [WARN] order placement - module unavailable in zone {"correlation_id":"dddd0001-0000-4000-8000-000000000001","endpoint":"api/v1/customer/order/place","store_id":91158,"zone_id":1,"module_id":15,"reason":"module_unavailable_in_zone","request_id":"dddd0001-0000-4000-8000-000000000001"} 
WARNING: [WARN] order placement rejected - gate {"correlation_id":"dddd0001-0000-4000-8000-000000000001","endpoint":"api/v1/customer/order/place","http_status":403,"code":"module","reason":"module_unavailable_in_zone","store_id":91158,"request_id":"dddd0001-0000-4000-8000-000000000001"} 
### request eeee0001-0000-4000-8000-000000000001
WARNING: [WARN] order placement - module unavailable in zone {"correlation_id":"eeee0001-0000-4000-8000-000000000001","endpoint":"api/v1/customer/order/prescription/place","store_id":91158,"zone_id":1,"module_id":15,"reason":"module_unavailable_in_zone","request_id":"eeee0001-0000-4000-8000-000000000001"} 
WARNING: [WARN] order placement rejected - gate {"correlation_id":"eeee0001-0000-4000-8000-000000000001","endpoint":"api/v1/customer/order/prescription/place","http_status":403,"code":"module","reason":"module_unavailable_in_zone","store_id":91158,"request_id":"eeee0001-0000-4000-8000-000000000001"} 
### request ffff0001-0000-4000-8000-000000000001
WARNING: [WARN] group order rejected - store gate {"correlation_id":"ffff0001-0000-4000-8000-000000000001","endpoint":"api/v1/customer/order/group/place","action":"place","http_status":403,"code":"group_gate","reason":"stock","store_id":1,"store_count":2,"request_id":"ffff0001-0000-4000-8000-000000000001"} 
### request ffff0002-0000-4000-8000-000000000002
WARNING: [WARN] order placement - moduleId header differs from store module {"correlation_id":"ffff0002-0000-4000-8000-000000000002","endpoint":"api/v1/customer/order/group/place","store_id":91158,"header_module_id":1,"module_id":15,"reason":"header_store_module_mismatch","request_id":"ffff0002-0000-4000-8000-000000000002"} 
WARNING: [WARN] order placement - module unavailable in zone {"correlation_id":"ffff0002-0000-4000-8000-000000000002","endpoint":"api/v1/customer/order/group/place","store_id":91158,"zone_id":1,"module_id":15,"reason":"module_unavailable_in_zone","request_id":"ffff0002-0000-4000-8000-000000000002"} 
WARNING: [WARN] group order rejected - store gate {"correlation_id":"ffff0002-0000-4000-8000-000000000002","endpoint":"api/v1/customer/order/group/place","action":"place","http_status":403,"code":"group_gate","reason":"module_unavailable_in_zone","store_id":91158,"store_count":2,"request_id":"ffff0002-0000-4000-8000-000000000002"} 
### request aaab0001-0000-4000-8000-000000000001
WARNING: [WARN] new_place_order - buy-now request missing/invalid X-Idempotency-Key, falling through unguarded {"correlation_id":"aaab0001-0000-4000-8000-000000000001","endpoint":"api/v1/customer/order/place","request_id":"aaab0001-0000-4000-8000-000000000001"} 
WARNING: [WARN] order placement - module unavailable in zone {"correlation_id":"aaab0001-0000-4000-8000-000000000001","endpoint":"api/v1/customer/order/place","store_id":91158,"zone_id":1,"module_id":15,"reason":"module_unavailable_in_zone","request_id":"aaab0001-0000-4000-8000-000000000001"} 
WARNING: [WARN] order placement rejected - gate {"correlation_id":"aaab0001-0000-4000-8000-000000000001","endpoint":"api/v1/customer/order/place","http_status":403,"code":"module","reason":"module_unavailable_in_zone","store_id":91158,"request_id":"aaab0001-0000-4000-8000-000000000001"} 
### request aaab0002-0000-4000-8000-000000000002
WARNING: [WARN] new_place_order - buy-now request missing/invalid X-Idempotency-Key, falling through unguarded {"correlation_id":"aaab0002-0000-4000-8000-000000000002","endpoint":"api/v1/customer/order/place","request_id":"aaab0002-0000-4000-8000-000000000002"} 
WARNING: [WARN] order placement - module unavailable in zone {"correlation_id":"aaab0002-0000-4000-8000-000000000002","endpoint":"api/v1/customer/order/place","store_id":91158,"zone_id":1,"module_id":15,"reason":"module_unavailable_in_zone","request_id":"aaab0002-0000-4000-8000-000000000002"} 
WARNING: [WARN] order placement rejected - gate {"correlation_id":"aaab0002-0000-4000-8000-000000000002","endpoint":"api/v1/customer/order/place","http_status":403,"code":"module","reason":"module_unavailable_in_zone","store_id":91158,"request_id":"aaab0002-0000-4000-8000-000000000002"} 
### request aaac0001-0000-4000-8000-000000000001
WARNING: [WARN] new_place_order - buy-now request missing/invalid X-Idempotency-Key, falling through unguarded {"correlation_id":"aaac0001-0000-4000-8000-000000000001","endpoint":"api/v1/customer/order/place","request_id":"aaac0001-0000-4000-8000-000000000001"} 
### request aaad0001-0000-4000-8000-000000000001
WARNING: [WARN] order placement - moduleId header differs from resolved parcel module {"correlation_id":"aaad0001-0000-4000-8000-000000000001","endpoint":"api/v1/customer/order/place","store_id":null,"zone_id":2,"module_id":null,"reason":"header_parcel_module_mismatch","request_id":"aaad0001-0000-4000-8000-000000000001"} 
WARNING: [WARN] order placement - module unavailable in zone {"correlation_id":"aaad0001-0000-4000-8000-000000000001","endpoint":"api/v1/customer/order/place","store_id":null,"zone_id":2,"module_id":null,"reason":"module_unavailable_in_zone","request_id":"aaad0001-0000-4000-8000-000000000001"} 
WARNING: [WARN] order placement rejected - gate {"correlation_id":"aaad0001-0000-4000-8000-000000000001","endpoint":"api/v1/customer/order/place","http_status":403,"code":"module","reason":"module_unavailable_in_zone","store_id":null,"request_id":"aaad0001-0000-4000-8000-000000000001"} 
### request aaad0002-0000-4000-8000-000000000002
WARNING: [WARN] order placement - module unavailable in zone {"correlation_id":"aaad0002-0000-4000-8000-000000000002","endpoint":"api/v1/customer/order/place","store_id":null,"zone_id":2,"module_id":null,"reason":"module_unavailable_in_zone","request_id":"aaad0002-0000-4000-8000-000000000002"} 
WARNING: [WARN] order placement rejected - gate {"correlation_id":"aaad0002-0000-4000-8000-000000000002","endpoint":"api/v1/customer/order/place","http_status":403,"code":"module","reason":"module_unavailable_in_zone","store_id":null,"request_id":"aaad0002-0000-4000-8000-000000000002"} 
### request aaae0001-0000-4000-8000-000000000001
WARNING: [WARN] order placement rejected - gate {"correlation_id":"aaae0001-0000-4000-8000-000000000001","endpoint":"api/v1/customer/order/place","http_status":403,"code":"zone","reason":"out_of_coverage_area","store_id":null,"request_id":"aaae0001-0000-4000-8000-000000000001"} 
### request aaaf0001-0000-4000-8000-000000000001
WARNING: [WARN] order placement - zone has more than one active parcel module {"correlation_id":"aaaf0001-0000-4000-8000-000000000001","endpoint":"api/v1/customer/order/place","store_id":null,"zone_id":2,"module_id":5,"reason":"parcel_module_ambiguous","request_id":"aaaf0001-0000-4000-8000-000000000001"} 
WARNING: [WARN] order placement rejected - gate {"correlation_id":"aaaf0001-0000-4000-8000-000000000001","endpoint":"api/v1/customer/order/place","http_status":203,"code":"order_amount","reason":"cod_cap","store_id":null,"request_id":"aaaf0001-0000-4000-8000-000000000001"} 
### request aaba0001-0000-4000-8000-000000000001
WARNING: [WARN] new_place_order - buy-now request missing/invalid X-Idempotency-Key, falling through unguarded {"correlation_id":"aaba0001-0000-4000-8000-000000000001","endpoint":"api/v1/customer/order/place","request_id":"aaba0001-0000-4000-8000-000000000001"} 
### request 52667f3f-2d9f-4b0b-ab98-f9f4a98b0d22
WARNING: [WARN] order placement - module unavailable in zone {"correlation_id":"52667f3f-2d9f-4b0b-ab98-f9f4a98b0d22","endpoint":"api/v1/customer/order/place","store_id":91158,"zone_id":1,"module_id":15,"reason":"module_unavailable_in_zone","request_id":"52667f3f-2d9f-4b0b-ab98-f9f4a98b0d22"} 
WARNING: [WARN] order placement rejected - gate {"correlation_id":"52667f3f-2d9f-4b0b-ab98-f9f4a98b0d22","endpoint":"api/v1/customer/order/place","http_status":403,"code":"module","reason":"module_unavailable_in_zone","store_id":91158,"request_id":"52667f3f-2d9f-4b0b-ab98-f9f4a98b0d22"} 
### request 21b95e08-2245-4ada-a3ae-6e8f96b9c13f
WARNING: [WARN] order placement - module unavailable in zone {"correlation_id":"21b95e08-2245-4ada-a3ae-6e8f96b9c13f","endpoint":"api/v1/customer/order/place","store_id":91158,"zone_id":1,"module_id":15,"reason":"module_unavailable_in_zone","request_id":"21b95e08-2245-4ada-a3ae-6e8f96b9c13f"} 
WARNING: [WARN] order placement rejected - gate {"correlation_id":"21b95e08-2245-4ada-a3ae-6e8f96b9c13f","endpoint":"api/v1/customer/order/place","http_status":403,"code":"module","reason":"module_unavailable_in_zone","store_id":91158,"request_id":"21b95e08-2245-4ada-a3ae-6e8f96b9c13f"} 
