I/flutter ( 6596): [INFO] msg="route: checkModuleId configNull=false hasAddress=false fromDeeplink=false"
I/flutter ( 6596): [NET] GET endpoint=/api/v1/module
I/flutter ( 6596): [INFO] msg="route: module future state=ConnectionState.waiting hasData=false hasError=false"
I/flutter ( 6596): [NET] endpoint=/api/v1/module http_status=200
I/flutter ( 6596): [INFO] msg="route: module fetch (no-location path) status=true"
I/flutter ( 6596): [INFO] msg="route: module match found=false canRoute=true"
I/flutter ( 6596): ----------------FIREBASE CRASHLYTICS----------------
I/flutter ( 6596): The following exception was thrown deep-link module not found:
I/flutter ( 6596): ModuleNotFoundFailure
I/flutter ( 6596): #0      RouteHelper.checkModuleId (package:sixam_mart/helper/route_helper.dart:1846:28)
I/flutter ( 6596): <asynchronous suspension>
I/flutter ( 6596): #1      _FutureBuilderState._subscribe.<anonymous closure> (package:flutter/src/widgets/async.dart:641:7)
I/flutter ( 6596): <asynchronous suspension>
I/flutter ( 6596): ----------------------------------------------------
I/flutter ( 6596): [FAIL] endpoint=/api/v1/module http_status=null type=ModuleNotFoundFailure msg="deep-link module not found"
I/flutter ( 6596): [INFO] msg="route: module future state=ConnectionState.done hasData=false hasError=false"
D/MapsInitializer( 6596): preferredRenderer: null
D/zzcc    ( 6596): preferredRenderer: null
I/Google Android Maps SDK( 6596): Google Play services package version: 263234035
I/Google Android Maps SDK( 6596): Google Play services maps renderer version(maps_core): 260830204
I/m140.cfg( 6596): FpsProfiler MAIN created on main
I/m140.dvd( 6596): Map using legacy labeler
I/m140.dtv( 6596): Network fetching: false
I/m140.dtv( 6596): requestDrawingConfig for epoch 793 legend ROADMAP
I/m140.dtv( 6596): Network fetching: true
I/m140.dtv( 6596): Network fetching: true
I/m140.dtv( 6596): Network fetching: true
I/m140.est( 6596): Found 49 zoom mappings
I/m140.est( 6596): Zoom tables loaded
I/PlatformViewsController( 6596): Hosting view in view hierarchy for platform view: 1
I/PlatformViewsController( 6596): PlatformView is using SurfaceProducer backend
I/Surface ( 6596): Creating surface for consumer unnamed-6596-5 with slotExpansion=1 for 64 slots
I/Surface ( 6596): Creating surface for consumer ImageReader-1x1f22m7-6596-2 with slotExpansion=1 for 64 slots
I/GoogleMapController( 6596): Installing custom TextureView driven invalidator.
I/Surface ( 6596): Creating surface for consumer unnamed-6596-6 with slotExpansion=1 for 64 slots
I/Surface ( 6596): Creating surface for consumer ImageReader-1344x2543f22m7-6596-3 with slotExpansion=1 for 64 slots
I/Surface ( 6596): Creating surface for consumer unnamed-6596-7 with slotExpansion=1 for 64 slots
I/Surface ( 6596): Creating surface for consumer SurfaceTexture-0-6596-1 with slotExpansion=0 for 64 slots
W/libc    ( 6596): Access denied finding property "vendor.mesa.virtgpu.kumquat"
I/Surface ( 6596): Creating surface for consumer SurfaceTexture-0-6596-1 with slotExpansion=0 for 64 slots
I/flutter ( 6596): ----------------FIREBASE CRASHLYTICS----------------
I/flutter ( 6596): The following exception was thrown map marker/bounds resolution failed:
I/flutter ( 6596): Null check operator used on a null value
I/flutter ( 6596): #0      MapScreenState._resolveMarker.<anonymous closure> (package:sixam_mart/features/location/screens/map_screen.dart:330:70)
I/flutter ( 6596): #1      State.setState (package:flutter/src/widgets/framework.dart:1199:30)
I/flutter ( 6596): #2      MapScreenState._resolveMarker (package:sixam_mart/features/location/screens/map_screen.dart:321:9)
I/flutter ( 6596): <asynchronous suspension>
I/flutter ( 6596): #3      MapScreenState._setMarker (package:sixam_mart/features/location/screens/map_screen.dart:273:7)
I/flutter ( 6596): <asynchronous suspension>
I/flutter ( 6596): ----------------------------------------------------
I/flutter ( 6596): [FAIL] endpoint=map_screen http_status=null type=_TypeError msg="map marker/bounds resolution failed"
E/ConsumerBase( 6596): [ImageReader-1x1f22m7-6596-2] abandonLocked: ConsumerBase is abandoned!
