== AC1 vendor API cancel, order 91417 (item 106 x1, store 1, COD, non-flash)
-- BEFORE
id	order_status	canceled_by	canceled	confirmed
91417	pending	NULL	NULL	NULL
id	stock
106	128
-- CANCEL #1
REQ PUT /api/v1/vendor/update-order-status {"order_id":91417,"status":"canceled","reason":"QA3875 vendor cancel"} X-Request-Id=11111111-1111-4111-8111-111111111111
HTTP/1.1 200 OK
{"message":"Status updated"}
-- AFTER #1
id	order_status	canceled_by	canceled
91417	canceled	store	2026-09-29 18:50:59
id	stock
106	129
-- CANCEL #2 (repeat)
REQ PUT /api/v1/vendor/update-order-status {"order_id":91417,"status":"canceled","reason":"QA3875 vendor cancel again"} X-Request-Id=11111111-1111-4111-8111-222222222222
HTTP/1.1 409 Conflict
{"errors":[{"code":"order","message":"This order has already been canceled"}]}
-- AFTER #2
id	stock
106	129
