== customer cancel of MIXED order 91431 (item 40 flash x1 + item 102 non-flash x1, store 1), both placed via real customer API
-- BEFORE
id	item_id	quantity	discount_on_item	discount_type
384	40	1	2.30	precentage
385	102	1	1.34	precentage
id	stock
40	94
102	147
id	sold	available_stock
33	12	38
REQ PUT /api/v1/customer/order/cancel {"order_id":91431,"reason":"QA3875 customer"} X-Request-Id=bbbbbbbb-bbbb-4bbb-8bbb-000000000001
HTTP/1.1 200 OK
{"message":"Order canceled successfully"}
-- AFTER
id	order_status	canceled_by
91431	canceled	customer
id	stock
40	95
102	148
id	sold	available_stock
33	12	38
[2026-09-29 18:54:43] production.INFO: [INFO] cancel restock applied {"trace_id":"540a79791862176be4c237449eaf20a4","correlation_id":"bbbbbbbb-bbbb-4bbb-8bbb-000000000001","endpoint":"/api/v1/customer/order/cancel","order_id":91431,"lines":2,"flash_reversed":0,"request_id":"bbbbbbbb-bbbb-4bbb-8bbb-000000000001"} 
