== c1 TB2: MIXED cart order 91437 (item 40 flash x1 + item 102 non-flash x1, store 1) placed via real customer API; vendor API cancel (Bearer vendor token, vendorType=owner)
-- BEFORE cancel (post-placement; placement moved flash sold 12->13)
id	order_status	confirmed	payment_method
91437	pending	NULL	cash_on_delivery
id	item_id	quantity	discount_type
391	40	1	precentage
392	102	1	precentage
id	stock
40	94
102	147

id	item_id	status	stock	sold	available_stock
33	40	1	50	13	37

REQ PUT /api/v1/vendor/update-order-status {"order_id": 91437, "status": "canceled", "reason": "QA3875 c1"} X-Request-Id=c1a00000-0000-4000-8000-000000000001
200 {"message":"Status updated"}
-- AFTER #1
id	order_status	canceled_by	canceled
91437	canceled	store	2026-09-29 19:05:34
id	stock
40	95
102	148

id	item_id	status	stock	sold	available_stock
33	40	1	50	12	38

other flash rows unchanged (md5 equal): True
-- LOG (grep -F request id)
[2026-09-29 19:05:34] production.INFO: [INFO] cancel restock applied {"correlation_id":"c1a00000-0000-4000-8000-000000000001","endpoint":"/api/v1/vendor/update-order-status","order_id":91437,"lines":2,"flash_reversed":1,"request_id":"c1a00000-0000-4000-8000-000000000001"} 
[2026-09-29 19:05:34] production.INFO: Vendor API order status notification dispatch {"correlation_id":"c1a00000-0000-4000-8000-000000000001","order_id":91437,"status":"canceled","delivery_man_id":null,"helper_result":true} 
REQ PUT /api/v1/vendor/update-order-status {"order_id": 91437, "status": "canceled", "reason": "QA3875 c1"} X-Request-Id=c1a00000-0000-4000-8000-000000000002
409 {"errors":[{"code":"order","message":"This order has already been canceled"}]}
-- AFTER #2 (repeat)
id	stock
40	95
102	148

id	sold	available_stock
33	12	38

[2026-09-29 19:05:34] production.WARNING: [WARN] vendor cancel rejected - order already terminal {"correlation_id":"c1a00000-0000-4000-8000-000000000002","endpoint":"/api/v1/vendor/update-order-status","order_id":91437,"reason":"order_already_canceled","request_id":"c1a00000-0000-4000-8000-000000000002"} 
