== c1 TB1: vendor 1 (demo.store@gmail.com, first store = 1) cancels order 91438 in NON-FIRST store 8 (item 145 x1), order placed via REAL customer API (store 8 active flipped to 1 only for the placement call, restored to 0)
-- BEFORE
id	store_id	order_status	confirmed	canceled_by
91438	8	pending	NULL	NULL
id	stock
145	172
id	vendor_id
1	1
8	1

REQ PUT /api/v1/vendor/update-order-status {"order_id": 91438, "status": "canceled", "reason": "QA3875 c1 multistore"} X-Request-Id=c1b00000-0000-4000-8000-000000000001
200 {"message":"Status updated"}
-- AFTER #1
id	order_status	canceled_by
91438	canceled	store
id	stock
145	173

-- LOG by request id (WARN restock_target_missing must be absent)
[2026-09-29 19:06:03] production.INFO: [INFO] cancel restock applied {"correlation_id":"c1b00000-0000-4000-8000-000000000001","endpoint":"/api/v1/vendor/update-order-status","order_id":91438,"lines":1,"flash_reversed":0,"request_id":"c1b00000-0000-4000-8000-000000000001"} 
[2026-09-29 19:06:03] production.INFO: Vendor API order status notification dispatch {"correlation_id":"c1b00000-0000-4000-8000-000000000001","order_id":91438,"status":"canceled","delivery_man_id":null,"helper_result":true} 
restock_target_missing present: False | INFO count: 1
REQ PUT /api/v1/vendor/update-order-status {"order_id": 91438, "status": "canceled", "reason": "QA3875 c1"} X-Request-Id=c1b00000-0000-4000-8000-000000000002
409 {"errors":[{"code":"order","message":"This order has already been canceled"}]}
-- AFTER #2 (repeat)
id	stock
145	173

[2026-09-29 19:06:03] production.WARNING: [WARN] vendor cancel rejected - order already terminal {"correlation_id":"c1b00000-0000-4000-8000-000000000002","endpoint":"/api/v1/vendor/update-order-status","order_id":91438,"reason":"order_already_canceled","request_id":"c1b00000-0000-4000-8000-000000000002"} 
stale-worktree note: whole-file grep of restock_target_missing for BOTH request ids -> False
