new ('rice', 'bread') 200 957b6816-62c8-4d84-93ae-e95e2553dcf2 91416
--- flash+plain ('rice', 'bread') [new] order 91416 rid=957b6816-62c8-4d84-93ae-e95e2553dcf2
  {'id': '91416', 'order_amount': '28.35', 'store_discount_amount': '1.00', 'flash_admin_discount_amount': '0.800', 'flash_store_discount_amount': '1.200', 'coupon_discount_amount': '0.00', 'total_tax_amount': '1.35', 'delivery_charge': '0.00', 'discount_on_product_by': 'vendor', 'ref_bonus_amount': '0.000', 'additional_charge': '0.000', 'extra_packaging_amount': '0.000', 'tax_status': 'excluded'}
    {'item': '97', 'price': '20.00', 'qty': '1', 'doi': '2.00', 'dtype': 'flash_sale', 'dpct': '10.00000000', 'dby': 'flash_sale', 'addon': '0.00'}
    {'item': '103', 'price': '10.00', 'qty': '1', 'doi': '1.00', 'dtype': 'precentage', 'dpct': '10.00000000', 'dby': 'store_discount', 'addon': '0.00'}
new ('bread', 'rice') 200 114ad14b-cebb-4b79-99e6-6df1da96dc7f 91417
--- flash+plain ('bread', 'rice') [new] order 91417 rid=114ad14b-cebb-4b79-99e6-6df1da96dc7f
  {'id': '91417', 'order_amount': '28.35', 'store_discount_amount': '1.00', 'flash_admin_discount_amount': '0.800', 'flash_store_discount_amount': '1.200', 'coupon_discount_amount': '0.00', 'total_tax_amount': '1.35', 'delivery_charge': '0.00', 'discount_on_product_by': 'vendor', 'ref_bonus_amount': '0.000', 'additional_charge': '0.000', 'extra_packaging_amount': '0.000', 'tax_status': 'excluded'}
    {'item': '103', 'price': '10.00', 'qty': '1', 'doi': '1.00', 'dtype': 'precentage', 'dpct': '10.00000000', 'dby': 'store_discount', 'addon': '0.00'}
    {'item': '97', 'price': '20.00', 'qty': '1', 'doi': '2.00', 'dtype': 'flash_sale', 'dpct': '10.00000000', 'dby': 'flash_sale', 'addon': '0.00'}
old ('rice', 'bread') 200 5c8df889-89c1-4088-bffc-b209be00c8fd 91418
--- flash+plain ('rice', 'bread') [old] order 91418 rid=5c8df889-89c1-4088-bffc-b209be00c8fd
  {'id': '91418', 'order_amount': '26.25', 'store_discount_amount': '3.00', 'flash_admin_discount_amount': '0.800', 'flash_store_discount_amount': '1.200', 'coupon_discount_amount': '0.00', 'total_tax_amount': '1.25', 'delivery_charge': '0.00', 'discount_on_product_by': 'vendor', 'ref_bonus_amount': '0.000', 'additional_charge': '0.000', 'extra_packaging_amount': '0.000', 'tax_status': 'excluded'}
    {'item': '97', 'price': '20.00', 'qty': '1', 'doi': '2.00', 'dtype': 'precentage', 'dpct': '10.00000000', 'dby': 'store_discount', 'addon': '0.00'}
    {'item': '103', 'price': '10.00', 'qty': '1', 'doi': '1.00', 'dtype': 'precentage', 'dpct': '10.00000000', 'dby': 'store_discount', 'addon': '0.00'}
old ('bread', 'rice') 200 43708ed5-ad8f-4bb7-b3b1-a45336b546ad 91419
--- flash+plain ('bread', 'rice') [old] order 91419 rid=43708ed5-ad8f-4bb7-b3b1-a45336b546ad
  {'id': '91419', 'order_amount': '28.35', 'store_discount_amount': '1.00', 'flash_admin_discount_amount': '0.800', 'flash_store_discount_amount': '1.200', 'coupon_discount_amount': '0.00', 'total_tax_amount': '1.35', 'delivery_charge': '0.00', 'discount_on_product_by': 'vendor', 'ref_bonus_amount': '0.000', 'additional_charge': '0.000', 'extra_packaging_amount': '0.000', 'tax_status': 'excluded'}
    {'item': '103', 'price': '10.00', 'qty': '1', 'doi': '1.00', 'dtype': 'product_discount', 'dpct': '10.00000000', 'dby': 'product_discount', 'addon': '0.00'}
    {'item': '97', 'price': '20.00', 'qty': '1', 'doi': '2.00', 'dtype': 'flash_sale', 'dpct': '10.00000000', 'dby': 'flash_sale', 'addon': '0.00'}
