1_repro PASS new sd=4.53 oid=91434 dby_col=vendor fix_dby=vendor types=['product_discount', 'product_discount'] | old sd=4.53 old==new:True
2_cap_binds_own_floor PASS new sd=8.00 oid=91436 dby_col=vendor fix_dby=vendor types=['product_discount'] | old sd=10.00 old==new:False
3_cap_scales PASS new sd=5.00 oid=91438 dby_col=vendor fix_dby=admin types=['precentage'] | old sd=10.00 old==new:False
4_min_fails_without_add_ons PASS new sd=0.00 oid=91440 dby_col=vendor fix_dby=vendor types=['product_discount', 'product_discount'] | old sd=3.00 old==new:False
5_own_won_only PASS new sd=5.10 oid=91442 dby_col=vendor fix_dby=vendor types=['product_discount', 'product_discount'] | old sd=5.10 old==new:True
6_mixed_flash PASS new sd=1.00 oid=91444 dby_col=vendor fix_dby=vendor types=['flash_sale', 'product_discount'] | old sd=1.00 old==new:True
7a_max_zero_is_no_cap PASS new sd=3.00 oid=91446 dby_col=vendor fix_dby=vendor types=['product_discount', 'product_discount'] | old sd=3.00 old==new:True
7b_max_null_is_no_cap SKIP db_storable=false
8_tie_is_store_won PASS new sd=10.00 oid=91448 dby_col=vendor fix_dby=vendor types=['product_discount'] | old sd=10.00 old==new:True
9_multi_qty PASS new sd=2.00 oid=91450 dby_col=vendor fix_dby=admin types=['precentage', 'precentage'] | old sd=5.00 old==new:False
10_mixed_flash_cap PASS new sd=0.50 oid=91452 dby_col=vendor fix_dby=admin types=['flash_sale', 'precentage'] | old sd=1.00 old==new:False
11_plain_cap PASS new sd=1.00 oid=91454 dby_col=vendor fix_dby=admin types=['precentage', 'precentage'] | old sd=3.00 old==new:False
12_tie_shares_the_cap_pool PASS new sd=12.50 oid=91456 dby_col=vendor fix_dby=vendor types=['product_discount', 'product_discount'] | old sd=20.00 old==new:False
13_flat_own PASS new sd=9.00 oid=91458 dby_col=vendor fix_dby=vendor types=['product_discount', 'product_discount'] | old sd=10.00 old==new:False
14_variation_flat_own_won_at_base PASS new sd=4.00 oid=91460 dby_col=vendor fix_dby=admin types=['precentage'] | old sd=4.00 old==new:True
15_variation_flat_store_won_at_base PASS new sd=2.00 oid=91462 dby_col=vendor fix_dby=vendor types=['product_discount'] | old sd=2.00 old==new:True
16_variation_cap_never_lifts_above_uncapped PASS new sd=2.00 oid=91464 dby_col=vendor fix_dby=vendor types=['product_discount'] | old sd=2.00 old==new:True
17_min_gate_ignores_the_flash_line_crossing PASS new sd=0.00 oid=91466 dby_col=vendor fix_dby=vendor types=['flash_sale', 'product_discount'] | old sd=1.00 old==new:False
18_min_unmet_floors_at_own PASS new sd=5.00 oid=91468 dby_col=vendor fix_dby=vendor types=['product_discount'] | old sd=10.00 old==new:False
19_all_flash_basket PASS new sd=0.00 oid=91470 dby_col=vendor fix_dby=vendor types=['flash_sale'] | old sd=0.00 old==new:True
20_base_price_tie_is_store_won PASS new sd=2.00 oid=91472 dby_col=vendor fix_dby=vendor types=['product_discount'] | old sd=2.00 old==new:True
22_example_a_capped_floor PASS new sd=3.50 oid=91474 dby_col=vendor fix_dby=admin types=['precentage'] | old sd=3.50 old==new:True
23_example_a_min_unmet PASS new sd=3.00 oid=91476 dby_col=vendor fix_dby=vendor types=['product_discount'] | old sd=3.00 old==new:True
24_floor_ignores_the_flash_line PASS new sd=4.00 oid=91478 dby_col=vendor fix_dby=admin types=['flash_sale', 'precentage'] | old sd=6.00 old==new:False
25_example_a_cap_3_99 PASS new sd=3.99 oid=91480 dby_col=vendor fix_dby=admin types=['precentage'] | old sd=3.99 old==new:True
26_example_a_cap_4_00 PASS new sd=4.00 oid=91482 dby_col=vendor fix_dby=admin types=['precentage'] | old sd=4.00 old==new:True
27_floor_excess_split_per_line PASS new sd=6.00 oid=91484 dby_col=vendor fix_dby=admin types=['precentage', 'precentage'] | old sd=6.00 old==new:True
28_floor_off_at_max_zero PASS new sd=3.00 oid=91486 dby_col=vendor fix_dby=vendor types=['product_discount'] | old sd=3.00 old==new:True
29_floor_off_at_max_zero_tie PASS new sd=3.00 oid=91488 dby_col=vendor fix_dby=vendor types=['product_discount', 'product_discount'] | old sd=3.00 old==new:True
