--------- beginning of main
10-03 16:43:56.109 I/flutter (15004): [IMPORTANT:flutter/shell/platform/android/android_context_gl_impeller.cc(104)] Using the Impeller rendering backend (OpenGLES).
10-03 16:43:56.133 I/flutter (15004): The Dart VM service is listening on http://127.0.0.1:44151/qnsBZXUkALk=/
10-03 16:43:56.762 I/flutter (15004): [FAIL] endpoint=null http_status=null type=FirebaseInitFailure msg="firebase init failed (PlatformException)"
10-03 16:43:57.189 I/flutter (15004): 📊 analytics: app_open {}
10-03 16:43:57.190 I/flutter (15004): AnalyticsService: FirebaseAnalytics.instance unresolvable: [core/no-app] No Firebase App '[DEFAULT]' has been created - call Firebase.initializeApp()
10-03 16:43:57.190 I/flutter (15004): [FAIL] endpoint=null http_status=null type=KilledLaunchNotificationFailure msg="killed-launch getInitialMessage failed (FirebaseException)"
10-03 16:43:57.216 I/flutter (15004): [INFO] msg="route: building splash route, hasData=false"
10-03 16:43:57.429 I/flutter (15004): [INFO] msg="route: navigating to splash screen"
10-03 16:43:57.436 I/flutter (15004): [INFO] msg="splash: location prefetch initiated"
10-03 16:43:57.540 I/flutter (15004): [NET] GET endpoint=/api/v1/config
10-03 16:43:57.767 I/flutter (15004): [INFO] msg="splash: location prefetch skipped (permission not granted)"
10-03 16:43:58.269 I/flutter (15004): [NET] endpoint=/api/v1/config http_status=200
10-03 16:43:58.311 I/flutter (15004): [INFO] msg="splash: deeplink resolved canRoute=true"
10-03 16:43:58.311 I/flutter (15004): [INFO] msg="splash: routing"
10-03 16:45:02.131 I/flutter (15004): 📊 analytics: language_confirmed {language_code: en, screen: choose_language, section: footer_cta, source: first_run, changed_from_default: 0}
10-03 16:45:02.165 I/flutter (15004): [NET] GET endpoint=/api/v1/module
10-03 16:45:02.404 I/flutter (15004): [FAIL] endpoint=/api/v1/module http_status=null type=ApiFailure transport_error=socket msg="api request threw" correlation_id=8886ec94-4df2-44c1-88a0-5683fd6b5a5a
10-03 16:45:02.408 I/flutter (15004): [FAIL] endpoint=/api/v1/module http_status=null type=ModuleFetchFailure msg="zone module list fetch failed"
10-03 16:45:04.144 I/flutter (15004): [FAIL] endpoint=null http_status=null type=FcmTokenFetchFailure msg="FCM registration id fetch failed"
10-03 16:45:04.145 I/flutter (15004): [NET] POST endpoint=/api/v1/auth/guest/request
10-03 16:45:04.404 I/flutter (15004): [FAIL] endpoint=/api/v1/auth/guest/request http_status=null type=ApiFailure transport_error=socket msg="api request threw" correlation_id=f0097b67-d719-4611-bc89-0771ea4b4b14
10-03 16:45:04.406 I/flutter (15004): 📊 analytics: cold_start_completed {cold_start_ms: 67964, blocked_on: config, destination: pick_location}
10-03 16:45:04.447 I/flutter (15004): 📊 analytics: location_rationale_shown {screen: location_rationale, section: body, source: first_run}
10-03 16:45:11.979 I/flutter (15004): 📊 analytics: location_rationale_action {action: not_now, screen: location_rationale, section: footer_cta, source: first_run}
10-03 16:45:12.378 I/flutter (15004): [NET] GET endpoint=/api/v1/zone/list
10-03 16:45:12.865 I/flutter (15004): [FAIL] endpoint=/api/v1/zone/list http_status=null type=ApiFailure transport_error=socket msg="api request threw" correlation_id=3369638a-d12f-400b-8989-120580c7755d
10-03 16:45:42.864 I/flutter (15004): [FAIL] endpoint=null http_status=null type=GetPositionFailure msg="location: getPosition threw (TimeoutException) — trying the AD1 fallback ladder"
10-03 16:45:42.865 I/flutter (15004): [INFO] msg="location: fallback ladder -> stale last-known GPS fix"
10-03 16:45:42.868 I/flutter (15004): [INFO] msg="location: getCurrentLocation resolved via fallback rung=staleLastKnown"
10-03 16:45:42.868 I/flutter (15004): 📊 analytics: location_fallback_used {screen: pick_map, section: location_fallback, step: staleLastKnown}
10-03 16:45:42.869 I/flutter (15004): [NET] GET endpoint=/api/v1/config/geocode-api
10-03 16:45:42.870 I/flutter (15004): [NET] GET endpoint=/api/v1/config/get-zone-id
10-03 16:45:43.022 I/flutter (15004): [FAIL] endpoint=/api/v1/config/get-zone-id http_status=null type=ApiFailure transport_error=socket msg="api request threw" correlation_id=d901fe33-3209-4997-8937-ab30deaa340f
10-03 16:45:43.024 I/flutter (15004): [INFO] msg="location: inZone=false"
10-03 16:45:43.024 I/flutter (15004): [FAIL] endpoint=/api/v1/config/geocode-api http_status=null type=ApiFailure transport_error=socket msg="api request threw" correlation_id=338366c0-2031-4589-a1c6-33902ca55d4f
10-03 16:45:43.025 I/flutter (15004): [WARN] msg="location: my-location unavailable — fell back to default"
10-03 16:45:52.443 I/flutter (15004): [NET] GET endpoint=/api/v1/config/geocode-api
10-03 16:45:52.443 I/flutter (15004): [NET] GET endpoint=/api/v1/config/get-zone-id
10-03 16:45:52.761 I/flutter (15004): [FAIL] endpoint=/api/v1/config/get-zone-id http_status=null type=ApiFailure transport_error=socket msg="api request threw" correlation_id=b5fa89e8-46b4-4e29-9e4d-6ac1ced18ddc
10-03 16:45:52.761 I/flutter (15004): [INFO] msg="location: inZone=false"
10-03 16:45:52.762 I/flutter (15004): [FAIL] endpoint=/api/v1/config/geocode-api http_status=null type=ApiFailure transport_error=socket msg="api request threw" correlation_id=7e851e38-e51a-4654-8585-8986c06d4b87
10-03 16:45:52.762 I/flutter (15004): 📊 analytics: my_location_tapped {screen: pick_map, section: map_controls, result: success}
10-03 16:46:32.225 I/flutter (15004): [NET] GET endpoint=/api/v1/config/geocode-api
10-03 16:46:32.226 I/flutter (15004): [NET] GET endpoint=/api/v1/config/get-zone-id
10-03 16:46:33.119 I/flutter (15004): [NET] endpoint=/api/v1/config/get-zone-id http_status=200
10-03 16:46:33.120 I/flutter (15004): [INFO] msg="location: inZone=true"
10-03 16:46:33.526 I/flutter (15004): [NET] endpoint=/api/v1/config/geocode-api http_status=200
10-03 16:46:33.529 I/flutter (15004): 📊 analytics: my_location_tapped {screen: pick_map, section: map_controls, result: success}
10-03 16:46:50.642 I/flutter (15004): [INFO] msg="pick-map: saving location and navigating"
10-03 16:46:50.813 I/flutter (15004): [NET] GET endpoint=/api/v1/config/get-zone-id
10-03 16:46:51.609 I/flutter (15004): [NET] endpoint=/api/v1/config/get-zone-id http_status=200
10-03 16:46:51.610 I/flutter (15004): [INFO] msg="location: inZone=true"
10-03 16:46:51.631 I/flutter (15004): [WARN] msg="cart getCartDataOnline: fetch skipped reason=no_module config_loaded=true"
10-03 16:46:51.631 I/flutter (15004): 📊 analytics: location_confirmed {zone_id: 1, source: gps, screen: pick_map, section: confirm_cta, in_zone: 1}
10-03 16:46:51.635 I/flutter (15004): [FAIL] endpoint=null http_status=null type=FcmTopicConfigFailure msg="configureFirebaseMessaging: FCM topic subscribe/unsubscribe failed"
10-03 16:46:51.770 I/flutter (15004): [INFO] msg="home load started"
10-03 16:46:51.786 I/flutter (15004): [INFO] msg="location handleRoute canRoute=false"
10-03 16:46:51.813 I/flutter (15004): [INFO] msg="location: zone resolved from short-TTL coord cache (T2 dedupe)"
10-03 16:46:51.813 I/flutter (15004): [INFO] msg="location: inZone=true"
10-03 16:46:51.818 I/flutter (15004): [INFO] msg="route: initial route module=null"
10-03 16:46:51.841 I/flutter (15004): [INFO] msg="home load skipped: already loading"
10-03 16:46:51.922 I/flutter (15004): [INFO] msg="location: zone resolved from short-TTL coord cache (T2 dedupe)"
10-03 16:46:51.922 I/flutter (15004): [INFO] msg="location: inZone=true"
10-03 16:46:51.928 I/flutter (15004): [NET] GET endpoint=/api/v1/banners
10-03 16:46:51.981 I/flutter (15004): [NET] GET endpoint=/api/v1/module
10-03 16:46:51.986 I/flutter (15004): [NET] GET endpoint=/api/v1/stores/get-stores/all
10-03 16:46:52.620 I/flutter (15004): [NET] endpoint=/api/v1/stores/get-stores/all http_status=200
10-03 16:46:52.638 I/flutter (15004): [NET] endpoint=/api/v1/banners http_status=200
10-03 16:46:52.839 I/flutter (15004): [NET] endpoint=/api/v1/module http_status=200
10-03 16:46:52.867 I/flutter (15004): 📊 analytics: sectors_shown {sectors_count: 5, zone_id: 1}
10-03 16:46:52.933 I/flutter (15004): 📊 analytics: module_restored {module_id: 2, zone_id: 1, module: food, source: most_stores, modules_available: 5, screen: home, section: module_tabs}
10-03 16:46:52.949 I/flutter (15004): [INFO] msg="home load started"
10-03 16:46:52.981 I/flutter (15004): [INFO] msg="location: zone resolved from short-TTL coord cache (T2 dedupe)"
10-03 16:46:52.990 I/flutter (15004): [INFO] msg="location: inZone=true"
10-03 16:46:52.996 I/flutter (15004): [NET] GET endpoint=/api/v1/home/all
10-03 16:46:53.863 I/flutter (15004): [NET] endpoint=/api/v1/home/all http_status=200
10-03 16:46:53.865 I/flutter (15004): [NET] GET endpoint=/api/v1/other-banners
10-03 16:46:53.902 I/flutter (15004): [NET] GET endpoint=/api/v1/flash-sales
10-03 16:46:53.906 I/flutter (15004): [NET] GET endpoint=/api/v1/items/popular
10-03 16:46:53.909 I/flutter (15004): [NET] GET endpoint=/api/v1/items/most-reviewed
10-03 16:46:53.913 I/flutter (15004): [NET] GET endpoint=/api/v1/campaigns/basic
10-03 16:46:53.916 I/flutter (15004): [NET] GET endpoint=/api/v1/campaigns/item
10-03 16:46:53.919 I/flutter (15004): [NET] GET endpoint=/api/v1/items/recommended
10-03 16:46:53.922 I/flutter (15004): [NET] GET endpoint=/api/v1/stores/get-stores/all
10-03 16:46:53.925 I/flutter (15004): [NET] GET endpoint=/api/v1/advertisement/list
10-03 16:46:53.928 I/flutter (15004): [NET] GET endpoint=/api/v1/module
10-03 16:46:54.825 I/flutter (15004): 📊 analytics: login_suggestion_shown {trigger: timer, screen: login_suggestion_sheet, source: home}
10-03 16:46:54.853 I/flutter (15004): [NET] endpoint=/api/v1/other-banners http_status=200
10-03 16:46:54.860 I/flutter (15004): [NET] endpoint=/api/v1/module http_status=200
10-03 16:46:54.960 I/flutter (15004): [FAIL] endpoint=null http_status=null type=FcmTokenFetchFailure msg="FCM registration id fetch failed"
10-03 16:46:54.961 I/flutter (15004): [NET] POST endpoint=/api/v1/auth/guest/request
10-03 16:46:55.014 I/flutter (15004): [NET] endpoint=/api/v1/flash-sales http_status=200
10-03 16:46:55.232 I/flutter (15004): [NET] endpoint=/api/v1/items/popular http_status=200
10-03 16:46:55.419 I/flutter (15004): [NET] endpoint=/api/v1/items/most-reviewed http_status=200
10-03 16:46:55.554 I/flutter (15004): [NET] endpoint=/api/v1/campaigns/basic http_status=200
10-03 16:46:55.674 I/flutter (15004): [NET] endpoint=/api/v1/campaigns/item http_status=200
10-03 16:46:55.959 I/flutter (15004): [NET] endpoint=/api/v1/items/recommended http_status=200
10-03 16:46:56.114 I/flutter (15004): [NET] endpoint=/api/v1/stores/get-stores/all http_status=200
10-03 16:46:56.116 I/flutter (15004): 📊 analytics: view_item_list {item_list_id: store_card_popular_items, item_list_name: store_card_popular_items, item_count: 5, screen: home, store_id: 4, section: stores_list, position: 1}
10-03 16:46:56.116 I/flutter (15004): 📊 analytics: view_item_list {item_list_id: store_card_popular_items, item_list_name: store_card_popular_items, item_count: 5, screen: home, store_id: 5, section: stores_list, position: 2}
10-03 16:46:56.116 I/flutter (15004): 📊 analytics: view_item_list {item_list_id: store_card_popular_items, item_list_name: store_card_popular_items, item_count: 5, screen: home, store_id: 6, section: stores_list, position: 3}
10-03 16:46:56.116 I/flutter (15004): 📊 analytics: view_item_list {item_list_id: store_card_popular_items, item_list_name: store_card_popular_items, item_count: 5, screen: home, store_id: 39, section: stores_list, position: 4}
10-03 16:46:56.116 I/flutter (15004): 📊 analytics: view_item_list {item_list_id: store_card_popular_items, item_list_name: store_card_popular_items, item_count: 5, screen: home, store_id: 40, section: stores_list, position: 5}
10-03 16:46:56.117 I/flutter (15004): 📊 analytics: view_item_list {item_list_id: store_card_popular_items, item_list_name: store_card_popular_items, item_count: 5, screen: home, store_id: 41, section: stores_list, position: 6}
10-03 16:46:56.117 I/flutter (15004): 📊 analytics: view_store_list {item_list_id: stores_list, item_list_name: stores_list, count: 7, screen: home, with_popular_items_count: 6}
10-03 16:46:56.176 I/flutter (15004): [WARN] msg="isAvailable: minute-precision end time, treating as inclusive to :59 (item boundary degrade)"
10-03 16:46:56.177 I/flutter (15004): [WARN] msg="isAvailable: minute-precision end time, treating as inclusive to :59 (item boundary degrade)"
10-03 16:46:56.178 I/flutter (15004): [WARN] msg="isAvailable: minute-precision end time, treating as inclusive to :59 (item boundary degrade)"
10-03 16:46:56.242 I/flutter (15004): [NET] endpoint=/api/v1/advertisement/list http_status=200
10-03 16:46:56.302 I/flutter (15004): [NET] endpoint=/api/v1/auth/guest/request http_status=200
10-03 16:46:56.446 I/flutter (15004): [NET] GET endpoint=/api/v1/customer/cart/list
10-03 16:46:57.320 I/flutter (15004): [NET] endpoint=/api/v1/customer/cart/list http_status=200
10-03 16:47:03.906 I/flutter (15004): 📊 analytics: login_suggestion_action {action: login, screen: login_suggestion_sheet, section: footer_cta, trigger: timer}
10-03 16:47:03.916 I/flutter (15004): 📊 analytics: login_viewed {source: sign_in}
10-03 16:47:19.989 I/flutter (15004): [NET] POST endpoint=/api/v1/auth/login
10-03 16:47:20.917 I/flutter (15004): [NET] endpoint=/api/v1/auth/login http_status=200
10-03 16:47:20.991 I/flutter (15004): [NET] GET endpoint=/api/v1/customer/info
10-03 16:47:21.916 I/flutter (15004): [NET] endpoint=/api/v1/customer/info http_status=200
10-03 16:47:21.950 I/flutter (15004): [NET] POST endpoint=/api/v1/customer/cm-firebase-token
10-03 16:47:22.919 I/flutter (15004): [NET] endpoint=/api/v1/customer/cm-firebase-token http_status=200
10-03 16:47:22.949 I/flutter (15004): [NET] GET endpoint=/api/v1/customer/info
10-03 16:47:22.950 I/flutter (15004): 📊 analytics: login {method: email}
10-03 16:47:22.951 I/flutter (15004): [NET] GET endpoint=/api/v1/customer/order/buy-it-again
10-03 16:47:22.953 I/flutter (15004): [NET] GET endpoint=/api/v1/customer/order/running-orders
10-03 16:47:22.954 I/flutter (15004): [NET] GET endpoint=/api/v1/customer/cart/list
10-03 16:47:23.920 I/flutter (15004): [NET] endpoint=/api/v1/customer/cart/list http_status=200
10-03 16:47:23.921 I/flutter (15004): [NET] endpoint=/api/v1/customer/order/buy-it-again http_status=200
10-03 16:47:23.922 I/flutter (15004): [NET] endpoint=/api/v1/customer/info http_status=200
10-03 16:47:24.163 I/flutter (15004): [NET] endpoint=/api/v1/customer/order/running-orders http_status=200
10-03 16:47:53.689 I/flutter (15004): [NET] GET endpoint=/api/v1/config
10-03 16:47:53.717 I/flutter (15004): 📊 analytics: screen_view {screen_name: profile, source: bottom_nav}
10-03 16:47:53.720 I/flutter (15004): [EVT] name=screen_view params=[screen_name, source]
10-03 16:47:54.330 I/flutter (15004): [NET] endpoint=/api/v1/config http_status=200
10-03 16:48:03.246 I/flutter (15004): 📊 analytics: profile_menu_tapped {row: settings, position: 7, screen: profile, section: menu_list, source: bottom_nav}
10-03 16:48:03.246 I/flutter (15004): [EVT] name=profile_menu_tapped params=[row, position, screen, section, source]
10-03 16:48:12.525 I/flutter (15004): 📊 analytics: settings_row_tapped {row: language, screen: settings, section: appearance, position: 1}
10-03 16:48:12.526 I/flutter (15004): [EVT] name=settings_row_tapped params=[row, screen, section, position]
10-03 16:48:12.532 I/flutter (15004): 📊 analytics: screen_view {screen: language_sheet, source: settings}
10-03 16:48:12.532 I/flutter (15004): [EVT] name=screen_view params=[screen, source]
10-03 16:48:12.532 I/flutter (15004): 📊 analytics: screen_view {screen_name: settings, section: language_sheet, source: profile_menu}
10-03 16:48:22.197 I/flutter (15004): 📊 analytics: language_changed {language_code: ar, previous_language_code: en, screen: settings, section: language_list, source: settings, position: 2, module_id: 2, zone_id: 1}
10-03 16:48:41.822 I/flutter (15004): [INFO] msg="home load started"
10-03 16:48:41.822 I/flutter (15004): 📊 analytics: language_changed {language_code: ar, screen: settings, section: appearance, source: settings}
10-03 16:48:41.823 I/flutter (15004): [EVT] name=language_changed params=[language_code, screen, section, source]
10-03 16:48:41.826 I/flutter (15004): [NET] GET endpoint=/api/v1/config/get-zone-id
10-03 16:48:42.762 I/flutter (15004): [NET] endpoint=/api/v1/config/get-zone-id http_status=200
10-03 16:48:42.763 I/flutter (15004): [INFO] msg="location: inZone=true"
10-03 16:48:42.769 I/flutter (15004): [NET] GET endpoint=/api/v1/home/all
10-03 16:48:43.784 I/flutter (15004): [NET] endpoint=/api/v1/home/all http_status=200
10-03 16:48:43.784 I/flutter (15004): [NET] GET endpoint=/api/v1/other-banners
10-03 16:48:43.785 I/flutter (15004): [NET] GET endpoint=/api/v1/customer/info
10-03 16:48:43.788 I/flutter (15004): [NET] GET endpoint=/api/v1/flash-sales
10-03 16:48:43.789 I/flutter (15004): [NET] GET endpoint=/api/v1/items/popular
10-03 16:48:43.790 I/flutter (15004): [NET] GET endpoint=/api/v1/items/most-reviewed
10-03 16:48:43.792 I/flutter (15004): [NET] GET endpoint=/api/v1/campaigns/basic
10-03 16:48:43.794 I/flutter (15004): [NET] GET endpoint=/api/v1/campaigns/item
10-03 16:48:43.796 I/flutter (15004): [NET] GET endpoint=/api/v1/items/recommended
10-03 16:48:43.797 I/flutter (15004): [NET] GET endpoint=/api/v1/stores/get-stores/all
10-03 16:48:43.799 I/flutter (15004): [NET] GET endpoint=/api/v1/advertisement/list
10-03 16:48:44.777 I/flutter (15004): [NET] endpoint=/api/v1/advertisement/list http_status=200
10-03 16:48:44.779 I/flutter (15004): [NET] endpoint=/api/v1/customer/info http_status=200
10-03 16:48:44.781 I/flutter (15004): [NET] GET endpoint=/api/v1/customer/notifications
10-03 16:48:44.785 I/flutter (15004): [NET] GET endpoint=/api/v1/coupon/list
10-03 16:48:44.787 I/flutter (15004): [NET] endpoint=/api/v1/other-banners http_status=200
10-03 16:48:44.788 I/flutter (15004): [NET] endpoint=/api/v1/items/popular http_status=200
10-03 16:48:44.789 I/flutter (15004): [NET] endpoint=/api/v1/flash-sales http_status=200
10-03 16:48:44.790 I/flutter (15004): [NET] GET endpoint=/api/v1/module
10-03 16:48:44.833 I/flutter (15004): [NET] endpoint=/api/v1/items/most-reviewed http_status=200
10-03 16:48:44.894 I/flutter (15004): [NET] endpoint=/api/v1/campaigns/basic http_status=200
10-03 16:48:44.979 I/flutter (15004): [NET] endpoint=/api/v1/campaigns/item http_status=200
10-03 16:48:45.119 I/flutter (15004): [NET] endpoint=/api/v1/items/recommended http_status=200
10-03 16:48:45.222 I/flutter (15004): [NET] endpoint=/api/v1/stores/get-stores/all http_status=200
10-03 16:48:45.223 I/flutter (15004): 📊 analytics: view_item_list {item_list_id: store_card_popular_items, item_list_name: store_card_popular_items, item_count: 5, screen: home, store_id: 4, section: stores_list, position: 1}
10-03 16:48:45.223 I/flutter (15004): 📊 analytics: view_item_list {item_list_id: store_card_popular_items, item_list_name: store_card_popular_items, item_count: 5, screen: home, store_id: 5, section: stores_list, position: 2}
10-03 16:48:45.223 I/flutter (15004): 📊 analytics: view_item_list {item_list_id: store_card_popular_items, item_list_name: store_card_popular_items, item_count: 5, screen: home, store_id: 6, section: stores_list, position: 3}
10-03 16:48:45.223 I/flutter (15004): 📊 analytics: view_item_list {item_list_id: store_card_popular_items, item_list_name: store_card_popular_items, item_count: 5, screen: home, store_id: 39, section: stores_list, position: 4}
10-03 16:48:45.223 I/flutter (15004): 📊 analytics: view_item_list {item_list_id: store_card_popular_items, item_list_name: store_card_popular_items, item_count: 5, screen: home, store_id: 40, section: stores_list, position: 5}
10-03 16:48:45.223 I/flutter (15004): 📊 analytics: view_item_list {item_list_id: store_card_popular_items, item_list_name: store_card_popular_items, item_count: 5, screen: home, store_id: 41, section: stores_list, position: 6}
10-03 16:48:45.223 I/flutter (15004): 📊 analytics: view_store_list {item_list_id: stores_list, item_list_name: stores_list, count: 7, screen: home, with_popular_items_count: 6}
10-03 16:48:45.223 I/flutter (15004): [NET] GET endpoint=/api/v1/customer/order/buy-it-again
10-03 16:48:45.384 I/flutter (15004): [NET] endpoint=/api/v1/customer/notifications http_status=200
10-03 16:48:45.450 I/flutter (15004): [NET] endpoint=/api/v1/coupon/list http_status=200
10-03 16:48:45.451 I/flutter (15004): 📊 analytics: view_promotion {promotion_count: 0, eligible_count: 0, expiring_count: 0, screen: coupons, source: profile_menu}
10-03 16:48:45.542 I/flutter (15004): [NET] endpoint=/api/v1/module http_status=200
10-03 16:48:45.615 I/flutter (15004): [NET] endpoint=/api/v1/customer/order/buy-it-again http_status=200
10-03 16:48:48.858 I/flutter (15004): [NET] GET endpoint=/api/v1/customer/order/running-orders
10-03 16:48:48.913 I/flutter (15004): [INFO] msg="home load started"
10-03 16:48:48.914 I/flutter (15004): [NET] GET endpoint=/api/v1/config/get-zone-id
10-03 16:48:49.666 I/flutter (15004): [NET] endpoint=/api/v1/customer/order/running-orders http_status=200
10-03 16:48:49.728 I/flutter (15004): [NET] endpoint=/api/v1/config/get-zone-id http_status=200
10-03 16:48:49.728 I/flutter (15004): [INFO] msg="location: inZone=true"
10-03 16:48:49.731 I/flutter (15004): [NET] GET endpoint=/api/v1/home/all
10-03 16:48:50.721 I/flutter (15004): [NET] endpoint=/api/v1/home/all http_status=200
10-03 16:48:50.723 I/flutter (15004): [NET] GET endpoint=/api/v1/customer/info
10-03 16:48:50.726 I/flutter (15004): [NET] GET endpoint=/api/v1/items/popular
10-03 16:48:50.728 I/flutter (15004): [NET] GET endpoint=/api/v1/items/most-reviewed
10-03 16:48:50.730 I/flutter (15004): 📊 analytics: view_item_list {item_list_id: store_card_popular_items, item_list_name: store_card_popular_items, item_count: 5, screen: home, store_id: 4, section: stores_list, position: 1}
10-03 16:48:50.730 I/flutter (15004): 📊 analytics: view_item_list {item_list_id: store_card_popular_items, item_list_name: store_card_popular_items, item_count: 5, screen: home, store_id: 5, section: stores_list, position: 2}
10-03 16:48:50.730 I/flutter (15004): 📊 analytics: view_item_list {item_list_id: store_card_popular_items, item_list_name: store_card_popular_items, item_count: 5, screen: home, store_id: 6, section: stores_list, position: 3}
10-03 16:48:50.730 I/flutter (15004): 📊 analytics: view_item_list {item_list_id: store_card_popular_items, item_list_name: store_card_popular_items, item_count: 5, screen: home, store_id: 39, section: stores_list, position: 4}
10-03 16:48:50.730 I/flutter (15004): 📊 analytics: view_item_list {item_list_id: store_card_popular_items, item_list_name: store_card_popular_items, item_count: 5, screen: home, store_id: 40, section: stores_list, position: 5}
10-03 16:48:50.730 I/flutter (15004): 📊 analytics: view_item_list {item_list_id: store_card_popular_items, item_list_name: store_card_popular_items, item_count: 5, screen: home, store_id: 41, section: stores_list, position: 6}
10-03 16:48:50.730 I/flutter (15004): 📊 analytics: view_store_list {item_list_id: stores_list, item_list_name: stores_list, count: 7, screen: home, with_popular_items_count: 6}
10-03 16:48:50.730 I/flutter (15004): [NET] GET endpoint=/api/v1/customer/order/buy-it-again
10-03 16:48:50.730 I/flutter (15004): [NET] GET endpoint=/api/v1/stores/get-stores/all
10-03 16:48:50.734 I/flutter (15004): [NET] GET endpoint=/api/v1/advertisement/list
10-03 16:48:51.722 I/flutter (15004): [NET] endpoint=/api/v1/advertisement/list http_status=200
10-03 16:48:51.723 I/flutter (15004): [NET] endpoint=/api/v1/customer/info http_status=200
10-03 16:48:51.723 I/flutter (15004): [NET] GET endpoint=/api/v1/coupon/list
10-03 16:48:51.727 I/flutter (15004): [NET] endpoint=/api/v1/customer/order/buy-it-again http_status=200
10-03 16:48:51.727 I/flutter (15004): [NET] endpoint=/api/v1/items/most-reviewed http_status=200
10-03 16:48:51.729 I/flutter (15004): [NET] endpoint=/api/v1/items/popular http_status=200
10-03 16:48:51.737 I/flutter (15004): [NET] GET endpoint=/api/v1/module
10-03 16:48:51.917 I/flutter (15004): [NET] endpoint=/api/v1/stores/get-stores/all http_status=200
10-03 16:48:51.918 I/flutter (15004): 📊 analytics: view_item_list {item_list_id: store_card_popular_items, item_list_name: store_card_popular_items, item_count: 5, screen: home, store_id: 4, section: stores_list, position: 1}
10-03 16:48:51.918 I/flutter (15004): 📊 analytics: view_item_list {item_list_id: store_card_popular_items, item_list_name: store_card_popular_items, item_count: 5, screen: home, store_id: 5, section: stores_list, position: 2}
10-03 16:48:51.918 I/flutter (15004): 📊 analytics: view_item_list {item_list_id: store_card_popular_items, item_list_name: store_card_popular_items, item_count: 5, screen: home, store_id: 6, section: stores_list, position: 3}
10-03 16:48:51.918 I/flutter (15004): 📊 analytics: view_item_list {item_list_id: store_card_popular_items, item_list_name: store_card_popular_items, item_count: 5, screen: home, store_id: 39, section: stores_list, position: 4}
10-03 16:48:51.918 I/flutter (15004): 📊 analytics: view_item_list {item_list_id: store_card_popular_items, item_list_name: store_card_popular_items, item_count: 5, screen: home, store_id: 40, section: stores_list, position: 5}
10-03 16:48:51.918 I/flutter (15004): 📊 analytics: view_item_list {item_list_id: store_card_popular_items, item_list_name: store_card_popular_items, item_count: 5, screen: home, store_id: 41, section: stores_list, position: 6}
10-03 16:48:51.918 I/flutter (15004): 📊 analytics: view_store_list {item_list_id: stores_list, item_list_name: stores_list, count: 7, screen: home, with_popular_items_count: 6}
10-03 16:48:51.993 I/flutter (15004): [NET] endpoint=/api/v1/coupon/list http_status=200
10-03 16:48:51.993 I/flutter (15004): 📊 analytics: view_promotion {promotion_count: 0, eligible_count: 0, expiring_count: 0, screen: coupons, source: profile_menu}
10-03 16:48:52.091 I/flutter (15004): [NET] endpoint=/api/v1/module http_status=200
10-03 16:49:35.792 I/flutter (15004): [NET] GET endpoint=/api/v1/categories/popular
10-03 16:49:35.792 I/flutter (15004): [NET] GET endpoint=/api/v1/customer/suggested-items
10-03 16:49:36.590 I/flutter (15004): [NET] endpoint=/api/v1/categories/popular http_status=200
10-03 16:49:36.598 I/flutter (15004): [NET] endpoint=/api/v1/customer/suggested-items http_status=200
10-03 16:49:50.645 I/flutter (15004): [INFO] msg="home load started"
10-03 16:49:50.646 I/flutter (15004): [NET] GET endpoint=/api/v1/config/get-zone-id
10-03 16:49:51.592 I/flutter (15004): [NET] endpoint=/api/v1/config/get-zone-id http_status=200
10-03 16:49:51.592 I/flutter (15004): [INFO] msg="location: inZone=true"
10-03 16:49:51.594 I/flutter (15004): [NET] GET endpoint=/api/v1/home/all
10-03 16:49:52.616 I/flutter (15004): [NET] endpoint=/api/v1/home/all http_status=200
10-03 16:49:52.617 I/flutter (15004): [NET] GET endpoint=/api/v1/customer/info
10-03 16:49:52.619 I/flutter (15004): [NET] GET endpoint=/api/v1/items/popular
10-03 16:49:52.621 I/flutter (15004): [NET] GET endpoint=/api/v1/items/most-reviewed
10-03 16:49:52.623 I/flutter (15004): 📊 analytics: view_item_list {item_list_id: store_card_popular_items, item_list_name: store_card_popular_items, item_count: 5, screen: home, store_id: 4, section: stores_list, position: 1}
10-03 16:49:52.623 I/flutter (15004): 📊 analytics: view_item_list {item_list_id: store_card_popular_items, item_list_name: store_card_popular_items, item_count: 5, screen: home, store_id: 5, section: stores_list, position: 2}
10-03 16:49:52.623 I/flutter (15004): 📊 analytics: view_item_list {item_list_id: store_card_popular_items, item_list_name: store_card_popular_items, item_count: 5, screen: home, store_id: 6, section: stores_list, position: 3}
10-03 16:49:52.623 I/flutter (15004): 📊 analytics: view_item_list {item_list_id: store_card_popular_items, item_list_name: store_card_popular_items, item_count: 5, screen: home, store_id: 39, section: stores_list, position: 4}
10-03 16:49:52.623 I/flutter (15004): 📊 analytics: view_item_list {item_list_id: store_card_popular_items, item_list_name: store_card_popular_items, item_count: 5, screen: home, store_id: 40, section: stores_list, position: 5}
10-03 16:49:52.623 I/flutter (15004): 📊 analytics: view_item_list {item_list_id: store_card_popular_items, item_list_name: store_card_popular_items, item_count: 5, screen: home, store_id: 41, section: stores_list, position: 6}
10-03 16:49:52.623 I/flutter (15004): 📊 analytics: view_store_list {item_list_id: stores_list, item_list_name: stores_list, count: 7, screen: home, with_popular_items_count: 6}
10-03 16:49:52.623 I/flutter (15004): [NET] GET endpoint=/api/v1/customer/order/buy-it-again
10-03 16:49:52.623 I/flutter (15004): [NET] GET endpoint=/api/v1/stores/get-stores/all
10-03 16:49:52.625 I/flutter (15004): [NET] GET endpoint=/api/v1/advertisement/list
10-03 16:49:53.611 I/flutter (15004): [NET] endpoint=/api/v1/customer/info http_status=200
10-03 16:49:53.611 I/flutter (15004): [NET] GET endpoint=/api/v1/coupon/list
10-03 16:49:53.614 I/flutter (15004): [NET] endpoint=/api/v1/advertisement/list http_status=200
10-03 16:49:53.616 I/flutter (15004): [NET] endpoint=/api/v1/customer/order/buy-it-again http_status=200
10-03 16:49:53.617 I/flutter (15004): [NET] endpoint=/api/v1/items/most-reviewed http_status=200
10-03 16:49:53.618 I/flutter (15004): [NET] endpoint=/api/v1/items/popular http_status=200
10-03 16:49:53.620 I/flutter (15004): [NET] GET endpoint=/api/v1/module
10-03 16:49:53.712 I/flutter (15004): [NET] endpoint=/api/v1/stores/get-stores/all http_status=200
10-03 16:49:53.713 I/flutter (15004): 📊 analytics: view_item_list {item_list_id: store_card_popular_items, item_list_name: store_card_popular_items, item_count: 5, screen: home, store_id: 4, section: stores_list, position: 1}
10-03 16:49:53.713 I/flutter (15004): 📊 analytics: view_item_list {item_list_id: store_card_popular_items, item_list_name: store_card_popular_items, item_count: 5, screen: home, store_id: 5, section: stores_list, position: 2}
10-03 16:49:53.713 I/flutter (15004): 📊 analytics: view_item_list {item_list_id: store_card_popular_items, item_list_name: store_card_popular_items, item_count: 5, screen: home, store_id: 6, section: stores_list, position: 3}
10-03 16:49:53.713 I/flutter (15004): 📊 analytics: view_item_list {item_list_id: store_card_popular_items, item_list_name: store_card_popular_items, item_count: 5, screen: home, store_id: 39, section: stores_list, position: 4}
10-03 16:49:53.713 I/flutter (15004): 📊 analytics: view_item_list {item_list_id: store_card_popular_items, item_list_name: store_card_popular_items, item_count: 5, screen: home, store_id: 40, section: stores_list, position: 5}
10-03 16:49:53.713 I/flutter (15004): 📊 analytics: view_item_list {item_list_id: store_card_popular_items, item_list_name: store_card_popular_items, item_count: 5, screen: home, store_id: 41, section: stores_list, position: 6}
10-03 16:49:53.713 I/flutter (15004): 📊 analytics: view_store_list {item_list_id: stores_list, item_list_name: stores_list, count: 7, screen: home, with_popular_items_count: 6}
10-03 16:49:53.808 I/flutter (15004): [NET] endpoint=/api/v1/module http_status=200
10-03 16:49:53.886 I/flutter (15004): [NET] endpoint=/api/v1/coupon/list http_status=200
10-03 16:49:53.886 I/flutter (15004): 📊 analytics: view_promotion {promotion_count: 0, eligible_count: 0, expiring_count: 0, screen: coupons, source: profile_menu}
10-03 16:50:14.025 I/flutter (15004): 📊 analytics: select_store {store_id: 4, screen: home, item_list_id: stores_list, item_list_name: stores_list, source: store_card, index: 0, has_popular_items: 1, is_open: 1, popular_item_count: 15}
10-03 16:50:14.027 I/flutter (15004): [NET] GET endpoint=/api/v1/cashback/list
10-03 16:50:14.027 I/flutter (15004): [NET] GET endpoint=/api/v1/customer/wish-list
10-03 16:50:14.028 I/flutter (15004): [NET] GET endpoint=/api/v1/customer/cart/list
10-03 16:50:14.032 I/flutter (15004): [INFO] msg="route: waiting for module=food-restaurant"
10-03 16:50:14.033 I/flutter (15004): [INFO] msg="route: checkModuleId configNull=false hasAddress=true fromDeeplink=false"
10-03 16:50:14.033 I/flutter (15004): [INFO] msg="route: not from deeplink, skipping module fetch"
10-03 16:50:14.034 I/flutter (15004): [INFO] msg="route: module future state=ConnectionState.waiting hasData=false hasError=false"
10-03 16:50:14.076 I/flutter (15004): [INFO] msg="route: module future state=ConnectionState.done hasData=false hasError=false"
10-03 16:50:14.077 I/flutter (15004): [NET] GET endpoint=/api/v1/stores/details/4
10-03 16:50:14.958 I/flutter (15004): [NET] endpoint=/api/v1/customer/cart/list http_status=200
10-03 16:50:14.959 I/flutter (15004): [NET] endpoint=/api/v1/customer/wish-list http_status=200
10-03 16:50:14.961 I/flutter (15004): 📊 analytics: view_item_list {item_list_id: favourite_items, item_list_name: favourite_items, item_count: 0, screen: favourites}
10-03 16:50:14.961 I/flutter (15004): 📊 analytics: view_store_list {item_list_id: favourite_stores, item_list_name: favourite_stores, count: 0, screen: favourites}
10-03 16:50:14.961 I/flutter (15004): [NET] endpoint=/api/v1/cashback/list http_status=200
10-03 16:50:14.962 I/flutter (15004): [NET] endpoint=/api/v1/stores/details/4 http_status=200
10-03 16:50:14.967 I/flutter (15004): [NET] GET endpoint=/api/v1/config/distance-api
10-03 16:50:14.968 I/flutter (15004): 📊 analytics: view_store {store_id: 4, screen: home, item_list_id: stores_list, item_list_name: stores_list, source: store_card, index: 0, has_popular_items: 1, is_open: 1}
10-03 16:50:14.969 I/flutter (15004): [NET] GET endpoint=/api/v1/categories/offers
10-03 16:50:14.969 I/flutter (15004): [NET] GET endpoint=/api/v1/items/recommended
10-03 16:50:14.972 I/flutter (15004): [NET] GET endpoint=/api/v1/items/latest
10-03 16:50:15.972 I/flutter (15004): [NET] endpoint=/api/v1/items/latest http_status=200
10-03 16:50:16.148 I/flutter (15004): [NET] endpoint=/api/v1/config/distance-api http_status=200
10-03 16:50:16.149 I/flutter (15004): [NET] GET endpoint=/api/v1/vehicle/extra_charge
10-03 16:50:16.225 I/flutter (15004): [NET] endpoint=/api/v1/categories/offers http_status=200
10-03 16:50:16.332 I/flutter (15004): [NET] endpoint=/api/v1/items/recommended http_status=200
10-03 16:50:16.418 I/flutter (15004): [NET] endpoint=/api/v1/vehicle/extra_charge http_status=200
10-03 16:50:54.597 I/flutter (15004): [NET] GET endpoint=/api/v1/items/details/16
10-03 16:50:55.472 I/flutter (15004): [NET] endpoint=/api/v1/items/details/16 http_status=200
10-03 16:50:55.476 I/flutter (15004): 📊 analytics: view_item {item_id: 16, item_category: 14, price: 8.99, value: 8.99, screen: store_screen, item_list_id: recommended_items, item_list_name: recommended_items, index: 0, store_id: 4, is_available: 1}
10-03 16:50:55.477 I/flutter (15004): 📊 analytics: screen_view {screen_name: product_sheet, source: product_card}
10-03 16:50:55.495 I/flutter (15004): [NET] GET endpoint=/api/v1/items/details/16
10-03 16:50:56.474 I/flutter (15004): [NET] endpoint=/api/v1/items/details/16 http_status=200
10-03 16:50:56.475 I/flutter (15004): 📊 analytics: view_item {item_id: 16, item_category: 14, price: 8.99, value: 8.99, screen: store_screen, item_list_id: recommended_items, item_list_name: recommended_items, index: 0, store_id: 4, is_available: 1}
10-03 16:51:09.371 I/flutter (15004): [NET] GET endpoint=/api/v1/cashback/list
10-03 16:51:09.372 I/flutter (15004): [NET] GET endpoint=/api/v1/customer/wish-list
10-03 16:51:09.372 I/flutter (15004): [NET] POST endpoint=/api/v1/customer/cart/add
10-03 16:51:09.372 I/flutter (15004): [NET] GET endpoint=/api/v1/customer/cart/list
10-03 16:51:09.997 I/flutter (15004): [NET] endpoint=/api/v1/customer/cart/list http_status=200
10-03 16:51:10.001 I/flutter (15004): [NET] endpoint=/api/v1/customer/wish-list http_status=200
10-03 16:51:10.001 I/flutter (15004): 📊 analytics: view_item_list {item_list_id: favourite_items, item_list_name: favourite_items, item_count: 0, screen: favourites}
10-03 16:51:10.001 I/flutter (15004): 📊 analytics: view_store_list {item_list_id: favourite_stores, item_list_name: favourite_stores, count: 0, screen: favourites}
10-03 16:51:10.001 I/flutter (15004): [NET] endpoint=/api/v1/cashback/list http_status=200
10-03 16:51:10.005 I/flutter (15004): [NET] endpoint=/api/v1/customer/cart/add http_status=200
10-03 16:51:10.011 I/flutter (15004): 📊 analytics: add_to_cart {item_id: 16, price: 8.99, quantity: 1, currency: AED, value: 8.99, screen: product_sheet, item_list_id: product_details, item_list_name: product_details, store_id: 4, is_available: 1, module_id: 2}
10-03 16:51:22.471 I/flutter (15004): [NET] GET endpoint=/api/v1/customer/order/running-orders
10-03 16:51:22.471 I/flutter (15004): 📊 analytics: app_bar_action_tapped {action: back, screen: store_detail, module_id: 2, section: app_bar}
10-03 16:51:22.471 I/flutter (15004): [EVT] name=app_bar_action_tapped params=[action, screen, module_id, section]
10-03 16:51:23.078 I/flutter (15004): [NET] endpoint=/api/v1/customer/order/running-orders http_status=200
10-03 16:51:30.698 I/flutter (15004): 📊 analytics: select_store {store_id: 4, screen: home, item_list_id: stores_list, item_list_name: stores_list, source: store_card, index: 0, has_popular_items: 1, is_open: 1, popular_item_count: 15}
10-03 16:51:30.699 I/flutter (15004): [NET] GET endpoint=/api/v1/cashback/list
10-03 16:51:30.699 I/flutter (15004): [NET] GET endpoint=/api/v1/customer/wish-list
10-03 16:51:30.700 I/flutter (15004): [NET] GET endpoint=/api/v1/customer/cart/list
10-03 16:51:30.747 I/flutter (15004): [INFO] msg="route: waiting for module=food-restaurant"
10-03 16:51:30.747 I/flutter (15004): [INFO] msg="route: checkModuleId configNull=false hasAddress=true fromDeeplink=false"
10-03 16:51:30.747 I/flutter (15004): [INFO] msg="route: not from deeplink, skipping module fetch"
10-03 16:51:30.747 I/flutter (15004): [INFO] msg="route: module future state=ConnectionState.waiting hasData=false hasError=false"
10-03 16:51:30.810 I/flutter (15004): [INFO] msg="route: module future state=ConnectionState.done hasData=false hasError=false"
10-03 16:51:30.810 I/flutter (15004): [NET] GET endpoint=/api/v1/stores/details/4
10-03 16:51:31.702 I/flutter (15004): [NET] endpoint=/api/v1/customer/wish-list http_status=200
10-03 16:51:31.703 I/flutter (15004): 📊 analytics: view_item_list {item_list_id: favourite_items, item_list_name: favourite_items, item_count: 0, screen: favourites}
10-03 16:51:31.703 I/flutter (15004): 📊 analytics: view_store_list {item_list_id: favourite_stores, item_list_name: favourite_stores, count: 0, screen: favourites}
10-03 16:51:31.704 I/flutter (15004): [NET] endpoint=/api/v1/cashback/list http_status=200
10-03 16:51:31.705 I/flutter (15004): [NET] endpoint=/api/v1/stores/details/4 http_status=200
10-03 16:51:31.707 I/flutter (15004): [NET] GET endpoint=/api/v1/config/distance-api
10-03 16:51:31.709 I/flutter (15004): 📊 analytics: view_store {store_id: 4, screen: home, item_list_id: stores_list, item_list_name: stores_list, source: store_card, index: 0, has_popular_items: 1, is_open: 1}
10-03 16:51:31.709 I/flutter (15004): [NET] GET endpoint=/api/v1/categories/offers
10-03 16:51:31.709 I/flutter (15004): [NET] GET endpoint=/api/v1/items/recommended
10-03 16:51:31.710 I/flutter (15004): [NET] GET endpoint=/api/v1/items/latest
10-03 16:51:31.717 I/flutter (15004): [NET] endpoint=/api/v1/customer/cart/list http_status=200
10-03 16:51:32.731 I/flutter (15004): [NET] endpoint=/api/v1/items/recommended http_status=200
10-03 16:51:32.732 I/flutter (15004): [NET] endpoint=/api/v1/items/latest http_status=200
10-03 16:51:33.009 I/flutter (15004): [NET] endpoint=/api/v1/config/distance-api http_status=200
10-03 16:51:33.009 I/flutter (15004): [NET] GET endpoint=/api/v1/vehicle/extra_charge
10-03 16:51:33.088 I/flutter (15004): [NET] endpoint=/api/v1/categories/offers http_status=200
10-03 16:51:33.151 I/flutter (15004): [NET] endpoint=/api/v1/vehicle/extra_charge http_status=200
10-03 16:52:13.010 I/flutter (15004): [NET] GET endpoint=/api/v1/customer/order/running-orders
10-03 16:52:13.010 I/flutter (15004): 📊 analytics: app_bar_action_tapped {action: back, screen: store_detail, module_id: 2, section: app_bar}
10-03 16:52:13.010 I/flutter (15004): [EVT] name=app_bar_action_tapped params=[action, screen, module_id, section]
10-03 16:52:13.762 I/flutter (15004): [NET] endpoint=/api/v1/customer/order/running-orders http_status=200
10-03 16:52:37.381 I/flutter (15004): 📊 analytics: select_store {store_id: 4, screen: home, item_list_id: stores_list, item_list_name: stores_list, source: store_card, index: 0, has_popular_items: 1, is_open: 1, popular_item_count: 15}
10-03 16:52:37.383 I/flutter (15004): [NET] GET endpoint=/api/v1/cashback/list
10-03 16:52:37.383 I/flutter (15004): [NET] GET endpoint=/api/v1/customer/wish-list
10-03 16:52:37.383 I/flutter (15004): [NET] GET endpoint=/api/v1/customer/cart/list
10-03 16:52:37.394 I/flutter (15004): [INFO] msg="route: waiting for module=food-restaurant"
10-03 16:52:37.394 I/flutter (15004): [INFO] msg="route: checkModuleId configNull=false hasAddress=true fromDeeplink=false"
10-03 16:52:37.394 I/flutter (15004): [INFO] msg="route: not from deeplink, skipping module fetch"
10-03 16:52:37.395 I/flutter (15004): [INFO] msg="route: module future state=ConnectionState.waiting hasData=false hasError=false"
10-03 16:52:37.442 I/flutter (15004): [INFO] msg="route: module future state=ConnectionState.done hasData=false hasError=false"
10-03 16:52:37.442 I/flutter (15004): [NET] GET endpoint=/api/v1/stores/details/4
10-03 16:52:38.302 I/flutter (15004): [NET] endpoint=/api/v1/customer/wish-list http_status=200
10-03 16:52:38.302 I/flutter (15004): 📊 analytics: view_item_list {item_list_id: favourite_items, item_list_name: favourite_items, item_count: 0, screen: favourites}
10-03 16:52:38.302 I/flutter (15004): 📊 analytics: view_store_list {item_list_id: favourite_stores, item_list_name: favourite_stores, count: 0, screen: favourites}
10-03 16:52:38.305 I/flutter (15004): [NET] endpoint=/api/v1/cashback/list http_status=200
10-03 16:52:38.306 I/flutter (15004): [NET] endpoint=/api/v1/stores/details/4 http_status=200
10-03 16:52:38.307 I/flutter (15004): [NET] GET endpoint=/api/v1/config/distance-api
10-03 16:52:38.308 I/flutter (15004): 📊 analytics: view_store {store_id: 4, screen: home, item_list_id: stores_list, item_list_name: stores_list, source: store_card, index: 0, has_popular_items: 1, is_open: 1}
10-03 16:52:38.308 I/flutter (15004): [NET] GET endpoint=/api/v1/categories/offers
10-03 16:52:38.308 I/flutter (15004): [NET] GET endpoint=/api/v1/items/recommended
10-03 16:52:38.308 I/flutter (15004): [NET] GET endpoint=/api/v1/items/latest
10-03 16:52:38.312 I/flutter (15004): [NET] endpoint=/api/v1/customer/cart/list http_status=200
10-03 16:52:39.317 I/flutter (15004): [NET] endpoint=/api/v1/items/latest http_status=200
10-03 16:52:39.476 I/flutter (15004): [NET] endpoint=/api/v1/config/distance-api http_status=200
10-03 16:52:39.476 I/flutter (15004): [NET] GET endpoint=/api/v1/vehicle/extra_charge
10-03 16:52:39.563 I/flutter (15004): [NET] endpoint=/api/v1/categories/offers http_status=200
10-03 16:52:39.692 I/flutter (15004): [NET] endpoint=/api/v1/items/recommended http_status=200
10-03 16:52:39.769 I/flutter (15004): [NET] endpoint=/api/v1/vehicle/extra_charge http_status=200
10-03 16:53:36.508 I/flutter (15004): [NET] POST endpoint=/api/v1/customer/cart/add
10-03 16:53:37.036 I/flutter (15004): [NET] endpoint=/api/v1/customer/cart/add http_status=200
10-03 16:53:37.037 I/flutter (15004): 📊 analytics: add_to_cart {item_id: 120, price: 33.22, quantity: 1, currency: AED, value: 33.22, screen: store_screen, item_list_id: store_items_list, item_list_name: store_items_list, index: 5, store_id: 4, is_available: 1, module_id: 2}
10-03 16:54:16.148 I/flutter (15004): [NET] GET endpoint=/api/v1/customer/order/running-orders
10-03 16:54:17.109 I/flutter (15004): [NET] endpoint=/api/v1/customer/order/running-orders http_status=200
10-03 16:54:28.743 I/flutter (15004): 📊 analytics: select_store {store_id: 4, screen: home, item_list_id: stores_list, item_list_name: stores_list, source: store_card, index: 0, has_popular_items: 1, is_open: 1, popular_item_count: 15}
10-03 16:54:28.746 I/flutter (15004): [NET] GET endpoint=/api/v1/cashback/list
10-03 16:54:28.746 I/flutter (15004): [NET] GET endpoint=/api/v1/customer/wish-list
10-03 16:54:28.746 I/flutter (15004): [NET] GET endpoint=/api/v1/customer/cart/list
10-03 16:54:28.759 I/flutter (15004): [INFO] msg="route: waiting for module=food-restaurant"
10-03 16:54:28.759 I/flutter (15004): [INFO] msg="route: checkModuleId configNull=false hasAddress=true fromDeeplink=false"
10-03 16:54:28.759 I/flutter (15004): [INFO] msg="route: not from deeplink, skipping module fetch"
10-03 16:54:28.759 I/flutter (15004): [INFO] msg="route: module future state=ConnectionState.waiting hasData=false hasError=false"
10-03 16:54:28.792 I/flutter (15004): [INFO] msg="route: module future state=ConnectionState.done hasData=false hasError=false"
10-03 16:54:28.792 I/flutter (15004): [NET] GET endpoint=/api/v1/stores/details/4
10-03 16:54:29.606 I/flutter (15004): [NET] endpoint=/api/v1/customer/wish-list http_status=200
10-03 16:54:29.606 I/flutter (15004): 📊 analytics: view_item_list {item_list_id: favourite_items, item_list_name: favourite_items, item_count: 0, screen: favourites}
10-03 16:54:29.606 I/flutter (15004): 📊 analytics: view_store_list {item_list_id: favourite_stores, item_list_name: favourite_stores, count: 0, screen: favourites}
10-03 16:54:29.609 I/flutter (15004): [NET] endpoint=/api/v1/cashback/list http_status=200
10-03 16:54:29.610 I/flutter (15004): [NET] endpoint=/api/v1/stores/details/4 http_status=200
10-03 16:54:29.610 I/flutter (15004): [NET] GET endpoint=/api/v1/config/distance-api
10-03 16:54:29.611 I/flutter (15004): 📊 analytics: view_store {store_id: 4, screen: home, item_list_id: stores_list, item_list_name: stores_list, source: store_card, index: 0, has_popular_items: 1, is_open: 1}
10-03 16:54:29.611 I/flutter (15004): [NET] GET endpoint=/api/v1/categories/offers
10-03 16:54:29.611 I/flutter (15004): [NET] GET endpoint=/api/v1/items/recommended
10-03 16:54:29.611 I/flutter (15004): [NET] GET endpoint=/api/v1/items/latest
10-03 16:54:29.618 I/flutter (15004): [NET] endpoint=/api/v1/customer/cart/list http_status=200
10-03 16:54:30.614 I/flutter (15004): [NET] endpoint=/api/v1/items/latest http_status=200
10-03 16:54:30.712 I/flutter (15004): [NET] endpoint=/api/v1/config/distance-api http_status=200
10-03 16:54:30.712 I/flutter (15004): [NET] GET endpoint=/api/v1/vehicle/extra_charge
10-03 16:54:30.799 I/flutter (15004): [NET] endpoint=/api/v1/categories/offers http_status=200
10-03 16:54:30.916 I/flutter (15004): [NET] endpoint=/api/v1/items/recommended http_status=200
10-03 16:54:30.986 I/flutter (15004): [NET] endpoint=/api/v1/vehicle/extra_charge http_status=200
10-03 16:54:58.808 I/flutter (15004): [NET] GET endpoint=/api/v1/customer/order/running-orders
10-03 16:54:59.576 I/flutter (15004): [NET] endpoint=/api/v1/customer/order/running-orders http_status=200
10-03 16:55:22.157 I/flutter (15004): 📊 analytics: select_store {store_id: 4, screen: home, item_list_id: stores_list, item_list_name: stores_list, source: store_card, index: 0, has_popular_items: 1, is_open: 1, popular_item_count: 15}
10-03 16:55:22.159 I/flutter (15004): [NET] GET endpoint=/api/v1/cashback/list
10-03 16:55:22.159 I/flutter (15004): [NET] GET endpoint=/api/v1/customer/wish-list
10-03 16:55:22.159 I/flutter (15004): [NET] GET endpoint=/api/v1/customer/cart/list
10-03 16:55:22.163 I/flutter (15004): [INFO] msg="route: waiting for module=food-restaurant"
10-03 16:55:22.163 I/flutter (15004): [INFO] msg="route: checkModuleId configNull=false hasAddress=true fromDeeplink=false"
10-03 16:55:22.163 I/flutter (15004): [INFO] msg="route: not from deeplink, skipping module fetch"
10-03 16:55:22.163 I/flutter (15004): [INFO] msg="route: module future state=ConnectionState.waiting hasData=false hasError=false"
10-03 16:55:22.214 I/flutter (15004): [INFO] msg="route: module future state=ConnectionState.done hasData=false hasError=false"
10-03 16:55:22.214 I/flutter (15004): [NET] GET endpoint=/api/v1/stores/details/4
10-03 16:55:22.756 I/flutter (15004): [NET] endpoint=/api/v1/customer/wish-list http_status=200
10-03 16:55:22.756 I/flutter (15004): 📊 analytics: view_item_list {item_list_id: favourite_items, item_list_name: favourite_items, item_count: 0, screen: favourites}
10-03 16:55:22.756 I/flutter (15004): 📊 analytics: view_store_list {item_list_id: favourite_stores, item_list_name: favourite_stores, count: 0, screen: favourites}
10-03 16:55:22.756 I/flutter (15004): [NET] endpoint=/api/v1/cashback/list http_status=200
10-03 16:55:22.757 I/flutter (15004): [NET] endpoint=/api/v1/stores/details/4 http_status=200
10-03 16:55:22.759 I/flutter (15004): [NET] GET endpoint=/api/v1/config/distance-api
10-03 16:55:22.761 I/flutter (15004): 📊 analytics: view_store {store_id: 4, screen: home, item_list_id: stores_list, item_list_name: stores_list, source: store_card, index: 0, has_popular_items: 1, is_open: 1}
10-03 16:55:22.761 I/flutter (15004): [NET] GET endpoint=/api/v1/categories/offers
10-03 16:55:22.762 I/flutter (15004): [NET] GET endpoint=/api/v1/items/recommended
10-03 16:55:22.762 I/flutter (15004): [NET] GET endpoint=/api/v1/items/latest
10-03 16:55:22.766 I/flutter (15004): [NET] endpoint=/api/v1/customer/cart/list http_status=200
10-03 16:55:23.796 I/flutter (15004): [NET] endpoint=/api/v1/items/latest http_status=200
10-03 16:55:23.878 I/flutter (15004): [NET] endpoint=/api/v1/config/distance-api http_status=200
10-03 16:55:23.878 I/flutter (15004): [NET] GET endpoint=/api/v1/vehicle/extra_charge
10-03 16:55:23.955 I/flutter (15004): [NET] endpoint=/api/v1/categories/offers http_status=200
10-03 16:55:24.061 I/flutter (15004): [NET] endpoint=/api/v1/items/recommended http_status=200
10-03 16:55:24.141 I/flutter (15004): [NET] endpoint=/api/v1/vehicle/extra_charge http_status=200
10-03 16:55:43.791 I/flutter (15004): [NET] GET endpoint=/api/v1/items/search
10-03 16:55:44.650 I/flutter (15004): [NET] endpoint=/api/v1/items/search http_status=200
10-03 16:56:14.435 I/flutter (15004): [NET] GET endpoint=/api/v1/items/search
10-03 16:56:15.210 I/flutter (15004): [NET] endpoint=/api/v1/items/search http_status=200
10-03 16:56:34.512 I/flutter (15004): [NET] GET endpoint=/api/v1/customer/order/running-orders
10-03 16:56:35.273 I/flutter (15004): [NET] endpoint=/api/v1/customer/order/running-orders http_status=200
10-03 16:56:42.602 I/flutter (15004): 📊 analytics: select_store {store_id: 4, screen: home, item_list_id: stores_list, item_list_name: stores_list, source: store_card, index: 0, has_popular_items: 1, is_open: 1, popular_item_count: 15}
10-03 16:56:42.603 I/flutter (15004): [NET] GET endpoint=/api/v1/cashback/list
10-03 16:56:42.604 I/flutter (15004): [NET] GET endpoint=/api/v1/customer/wish-list
10-03 16:56:42.604 I/flutter (15004): [NET] GET endpoint=/api/v1/customer/cart/list
10-03 16:56:42.609 I/flutter (15004): [INFO] msg="route: waiting for module=food-restaurant"
10-03 16:56:42.609 I/flutter (15004): [INFO] msg="route: checkModuleId configNull=false hasAddress=true fromDeeplink=false"
10-03 16:56:42.609 I/flutter (15004): [INFO] msg="route: not from deeplink, skipping module fetch"
10-03 16:56:42.609 I/flutter (15004): [INFO] msg="route: module future state=ConnectionState.waiting hasData=false hasError=false"
10-03 16:56:42.659 I/flutter (15004): [INFO] msg="route: module future state=ConnectionState.done hasData=false hasError=false"
10-03 16:56:42.659 I/flutter (15004): [NET] GET endpoint=/api/v1/stores/details/4
10-03 16:56:43.283 I/flutter (15004): [NET] endpoint=/api/v1/cashback/list http_status=200
10-03 16:56:43.283 I/flutter (15004): [NET] endpoint=/api/v1/customer/wish-list http_status=200
10-03 16:56:43.283 I/flutter (15004): 📊 analytics: view_item_list {item_list_id: favourite_items, item_list_name: favourite_items, item_count: 0, screen: favourites}
10-03 16:56:43.283 I/flutter (15004): 📊 analytics: view_store_list {item_list_id: favourite_stores, item_list_name: favourite_stores, count: 0, screen: favourites}
10-03 16:56:43.284 I/flutter (15004): [NET] endpoint=/api/v1/stores/details/4 http_status=200
10-03 16:56:43.284 I/flutter (15004): [NET] GET endpoint=/api/v1/config/distance-api
10-03 16:56:43.284 I/flutter (15004): 📊 analytics: view_store {store_id: 4, screen: home, item_list_id: stores_list, item_list_name: stores_list, source: store_card, index: 0, has_popular_items: 1, is_open: 1}
10-03 16:56:43.284 I/flutter (15004): [NET] GET endpoint=/api/v1/categories/offers
10-03 16:56:43.284 I/flutter (15004): [NET] GET endpoint=/api/v1/items/recommended
10-03 16:56:43.285 I/flutter (15004): [NET] GET endpoint=/api/v1/items/latest
10-03 16:56:43.289 I/flutter (15004): [NET] endpoint=/api/v1/customer/cart/list http_status=200
10-03 16:56:44.293 I/flutter (15004): [NET] endpoint=/api/v1/items/latest http_status=200
10-03 16:56:44.476 I/flutter (15004): [NET] endpoint=/api/v1/config/distance-api http_status=200
10-03 16:56:44.476 I/flutter (15004): [NET] GET endpoint=/api/v1/vehicle/extra_charge
10-03 16:56:44.552 I/flutter (15004): [NET] endpoint=/api/v1/categories/offers http_status=200
10-03 16:56:44.661 I/flutter (15004): [NET] endpoint=/api/v1/items/recommended http_status=200
10-03 16:56:44.729 I/flutter (15004): [NET] endpoint=/api/v1/vehicle/extra_charge http_status=200
10-03 16:56:52.822 I/flutter (15004): [NET] GET endpoint=/api/v1/items/search
10-03 16:56:53.736 I/flutter (15004): [NET] endpoint=/api/v1/items/search http_status=200
10-03 16:57:04.938 I/flutter (15004): [NET] GET endpoint=/api/v1/customer/order/running-orders
10-03 16:57:05.807 I/flutter (15004): [NET] endpoint=/api/v1/customer/order/running-orders http_status=200
10-03 16:57:11.046 I/flutter (15004): 📊 analytics: select_store {store_id: 4, screen: home, item_list_id: stores_list, item_list_name: stores_list, source: store_card, index: 0, has_popular_items: 1, is_open: 1, popular_item_count: 15}
10-03 16:57:11.049 I/flutter (15004): [NET] GET endpoint=/api/v1/cashback/list
10-03 16:57:11.049 I/flutter (15004): [NET] GET endpoint=/api/v1/customer/wish-list
10-03 16:57:11.049 I/flutter (15004): [NET] GET endpoint=/api/v1/customer/cart/list
10-03 16:57:11.059 I/flutter (15004): [INFO] msg="route: waiting for module=food-restaurant"
10-03 16:57:11.060 I/flutter (15004): [INFO] msg="route: checkModuleId configNull=false hasAddress=true fromDeeplink=false"
10-03 16:57:11.060 I/flutter (15004): [INFO] msg="route: not from deeplink, skipping module fetch"
10-03 16:57:11.060 I/flutter (15004): [INFO] msg="route: module future state=ConnectionState.waiting hasData=false hasError=false"
10-03 16:57:11.109 I/flutter (15004): [INFO] msg="route: module future state=ConnectionState.done hasData=false hasError=false"
10-03 16:57:11.109 I/flutter (15004): [NET] GET endpoint=/api/v1/stores/details/4
10-03 16:57:11.812 I/flutter (15004): [NET] endpoint=/api/v1/customer/wish-list http_status=200
10-03 16:57:11.812 I/flutter (15004): 📊 analytics: view_item_list {item_list_id: favourite_items, item_list_name: favourite_items, item_count: 0, screen: favourites}
10-03 16:57:11.812 I/flutter (15004): 📊 analytics: view_store_list {item_list_id: favourite_stores, item_list_name: favourite_stores, count: 0, screen: favourites}
10-03 16:57:11.814 I/flutter (15004): [NET] endpoint=/api/v1/cashback/list http_status=200
10-03 16:57:11.814 I/flutter (15004): [NET] endpoint=/api/v1/stores/details/4 http_status=200
10-03 16:57:11.815 I/flutter (15004): [NET] GET endpoint=/api/v1/config/distance-api
10-03 16:57:11.815 I/flutter (15004): 📊 analytics: view_store {store_id: 4, screen: home, item_list_id: stores_list, item_list_name: stores_list, source: store_card, index: 0, has_popular_items: 1, is_open: 1}
10-03 16:57:11.815 I/flutter (15004): [NET] GET endpoint=/api/v1/categories/offers
10-03 16:57:11.815 I/flutter (15004): [NET] GET endpoint=/api/v1/items/recommended
10-03 16:57:11.815 I/flutter (15004): [NET] GET endpoint=/api/v1/items/latest
10-03 16:57:11.821 I/flutter (15004): [NET] endpoint=/api/v1/customer/cart/list http_status=200
10-03 16:57:12.815 I/flutter (15004): [NET] endpoint=/api/v1/config/distance-api http_status=200
10-03 16:57:12.815 I/flutter (15004): [NET] GET endpoint=/api/v1/vehicle/extra_charge
10-03 16:57:12.823 I/flutter (15004): [NET] endpoint=/api/v1/categories/offers http_status=200
10-03 16:57:12.930 I/flutter (15004): [NET] endpoint=/api/v1/items/recommended http_status=200
10-03 16:57:13.048 I/flutter (15004): [NET] endpoint=/api/v1/items/latest http_status=200
10-03 16:57:13.110 I/flutter (15004): [NET] endpoint=/api/v1/vehicle/extra_charge http_status=200
10-03 16:57:25.950 I/flutter (15004): [NET] GET endpoint=/api/v1/customer/order/running-orders
10-03 16:57:26.679 I/flutter (15004): [NET] endpoint=/api/v1/customer/order/running-orders http_status=200
