== t_all_store_filter_nearest_chip_test
00:00 +5: All tests passed!
mem-guard[NEARS-3992-s5-qa-all_store_filter_nearest_chip_test]: done rc=0 peak_tree_rss=0.37 GB (cap 6.0)
== t_nearest_store_origin_test
00:00 +5: All tests passed!
mem-guard[NEARS-3992-s5-qa-nearest_store_origin_test]: done rc=0 peak_tree_rss=0.33 GB (cap 6.0)
== t_nearest_store_test
00:00 +4: All tests passed!
mem-guard[NEARS-3992-s5-qa-nearest_store_test]: done rc=0 peak_tree_rss=0.32 GB (cap 6.0)
== t_recommended_store_card_test
00:00 +10: All tests passed!
mem-guard[NEARS-3992-s5-qa-recommended_store_card_test]: done rc=0 peak_tree_rss=0.33 GB (cap 6.0)
== t_smart_management_only_builder_test
00:00 +10: All tests passed!
mem-guard[NEARS-3992-s5-qa-smart_management_only_builder_test]: done rc=0 peak_tree_rss=0.38 GB (cap 6.0)
== t_store_card_distance_suppression_test
00:00 +3: All tests passed!
mem-guard[NEARS-3992-s5-qa-store_card_distance_suppression_test]: done rc=0 peak_tree_rss=1.30 GB (cap 6.0)
== t_store_controller_nearest_fallback_test
00:00 +6: All tests passed!
mem-guard[NEARS-3992-s5-qa-store_controller_nearest_fallback_test]: done rc=0 peak_tree_rss=0.32 GB (cap 6.0)
== t_store_controller_test
00:00 +60: All tests passed!
mem-guard[NEARS-3992-s5-qa-store_controller_test]: done rc=0 peak_tree_rss=1.45 GB (cap 6.0)
