# Pre-existing: at font_scale 1.3 the cart screen's basket-suggestions NItemCard overflows (packages/nears_dls untouched by NEARS-3843). Build 98a12e2de, emulator-5570.
I/flutter ( 4392): [FAIL] framework_error library=rendering library type=FlutterError msg="A RenderFlex overflowed by 20 pixels on the bottom."
I/flutter ( 4392): [FAIL] framework_error   at Column Column:file:///Users/Apple/Projects/nears-NEARS-3843-item-rows-own-module/packages/nears_dls/lib/components/nitemcard/n_item_card.dart:728:12
I/flutter ( 4392): [FAIL] framework_error library=rendering library type=FlutterError msg="A RenderFlex overflowed by 20 pixels on the bottom."
I/flutter ( 4392): [FAIL] framework_error   at Column Column:file:///Users/Apple/Projects/nears-NEARS-3843-item-rows-own-module/packages/nears_dls/lib/components/nitemcard/n_item_card.dart:728:12

══╡ EXCEPTION CAUGHT BY RENDERING LIBRARY ╞═════════════════════════════════════════════════════════
The following assertion was thrown during layout:
A RenderFlex overflowed by 20 pixels on the bottom.

The relevant error-causing widget was:
  Column
  Column:file:///Users/Apple/Projects/nears-NEARS-3843-item-rows-own-module/packages/nears_dls/lib/components/nitemcard/n_item_card.dart:728:12

To inspect this widget in Flutter DevTools, visit:
http://127.0.0.1:59778/JQNOnYKahpU=/devtools//#/inspector?uri=http%3A%2F%2F127.0.0.1%3A59778%2FJQNOnYKahpU%3D%2F&inspectorRef=inspector-450

The overflowing RenderFlex has an orientation of Axis.vertical.
The edge of the RenderFlex that is overflowing has been marked in the rendering with a yellow and
black striped pattern. This is usually caused by the contents being too big for the RenderFlex.
Consider applying a flex factor (e.g. using an Expanded widget) to force the children of the
RenderFlex to fit within the available space instead of being sized to their natural size.
This is considered an error condition because it indicates that there is content that cannot be
seen. If the content is legitimately bigger than the available space, consider clipping it with a
ClipRect widget before putting it in the flex, or using a scrollable container rather than a Flex,
like a ListView.
The specific RenderFlex in question is: RenderFlex#a9d78 relayoutBoundary=up2 OVERFLOWING:
  creator: Column ← Expanded ← Row ← Stack ← Padding ← Listener ← RawGestureDetector ← GestureDetector
    ← Semantics ← DefaultSelectionStyle ← Builder ← MouseRegion ← ⋯
  parentData: offset=Offset(96.0, 0.0); flex=1; fit=FlexFit.tight (can use size)
  constraints: BoxConstraints(w=173.0, 0.0<=h<=94.0)
