tax 11 setup 11

##### AC3 R3 order-wise 10% VAT, bonus 2, basket 8 (unchanged cart), stored 6.60  spec={"order_amount": 6.6, "bonus": 2}
=== [BASE] order 91838
PRE  ORDER 91838 {"order_status": "pending", "payment_method": "cash_on_delivery", "payment_status": "unpaid", "ref_bonus_amount": 2, "order_amount": "6.60", "adjusment": "0.00", "total_tax_amount": "0.00", "tax_status": null, "dm_tips": 0, "extra_packaging_amount": 0, "delivery_charge": "0.00", "additional_charge": 0, "flash_admin_discount_amount": 0, "flash_store_discount_amount": 0, "store_discount_amount": "0.00", "coupon_discount_amount": "0.00", "edited": 0} 
  http {"edit": [302, ""], "update": [200, {"message": "Order updated successfully"}]}
  PREVIEW session edit_tax_amount = 0.8 | blade rendered total = د.إ.‏ 6.80 | blade tax row = + د.إ.‏ 0.80
POST ORDER 91838 {"order_status": "pending", "payment_method": "cash_on_delivery", "payment_status": "unpaid", "ref_bonus_amount": 2, "order_amount": "6.60", "adjusment": "0.00", "total_tax_amount": "0.60", "tax_status": "excluded", "dm_tips": 0, "extra_packaging_amount": 0, "delivery_charge": "0.00", "additional_charge": 0, "flash_admin_discount_amount": 0, "flash_store_discount_amount": 0, "store_discount_amount": "0.00", "coupon_discount_amount": "0.00", "edited": 1} 
  COMPARE preview_tax=0.8 saved_tax=0.60 | rendered_total=د.إ.‏ 6.80 saved_order_amount=6.60
  settle {"create_transaction": true, "txn": {"order_amount": "6.60", "store_amount": "8.60", "admin_commission": "-2.00", "admin_expense": "2.000", "ref_bonus_amount": 2, "delivery_charge": "0.00", "tax": "0.60", "dm_tips": 0}}
=== [TIP] order 91839
PRE  ORDER 91839 {"order_status": "pending", "payment_method": "cash_on_delivery", "payment_status": "unpaid", "ref_bonus_amount": 2, "order_amount": "6.60", "adjusment": "0.00", "total_tax_amount": "0.00", "tax_status": null, "dm_tips": 0, "extra_packaging_amount": 0, "delivery_charge": "0.00", "additional_charge": 0, "flash_admin_discount_amount": 0, "flash_store_discount_amount": 0, "store_discount_amount": "0.00", "coupon_discount_amount": "0.00", "edited": 0} 
  http {"edit": [302, ""], "update": [200, {"message": "Order updated successfully"}]}
  PREVIEW session edit_tax_amount = 0.6 | blade rendered total = د.إ.‏ 6.60 | blade tax row = + د.إ.‏ 0.60
POST ORDER 91839 {"order_status": "pending", "payment_method": "cash_on_delivery", "payment_status": "unpaid", "ref_bonus_amount": 2, "order_amount": "6.60", "adjusment": "0.00", "total_tax_amount": "0.60", "tax_status": "excluded", "dm_tips": 0, "extra_packaging_amount": 0, "delivery_charge": "0.00", "additional_charge": 0, "flash_admin_discount_amount": 0, "flash_store_discount_amount": 0, "store_discount_amount": "0.00", "coupon_discount_amount": "0.00", "edited": 1} 
  COMPARE preview_tax=0.6 saved_tax=0.60 | rendered_total=د.إ.‏ 6.60 saved_order_amount=6.60
  settle {"create_transaction": true, "txn": {"order_amount": "6.60", "store_amount": "8.60", "admin_commission": "-2.00", "admin_expense": "2.000", "ref_bonus_amount": 2, "delivery_charge": "0.00", "tax": "0.60", "dm_tips": 0}}

##### AC3 R3 growth: bonus 2, qty 2->3 (basket 12)  spec={"order_amount": 6.6, "bonus": 2}
=== [BASE] order 91840
PRE  ORDER 91840 {"order_status": "pending", "payment_method": "cash_on_delivery", "payment_status": "unpaid", "ref_bonus_amount": 2, "order_amount": "6.60", "adjusment": "0.00", "total_tax_amount": "0.00", "tax_status": null, "dm_tips": 0, "extra_packaging_amount": 0, "delivery_charge": "0.00", "additional_charge": 0, "flash_admin_discount_amount": 0, "flash_store_discount_amount": 0, "store_discount_amount": "0.00", "coupon_discount_amount": "0.00", "edited": 0} 
  http {"edit": [302, ""], "qty": [200, {"data": 2}], "update": [200, {"message": "Order updated successfully"}]}
  PREVIEW session edit_tax_amount = 1.2 | blade rendered total = د.إ.‏ 11.20 | blade tax row = + د.إ.‏ 1.20
POST ORDER 91840 {"order_status": "pending", "payment_method": "cash_on_delivery", "payment_status": "unpaid", "ref_bonus_amount": 2, "order_amount": "11.00", "adjusment": "-4.40", "total_tax_amount": "1.00", "tax_status": "excluded", "dm_tips": 0, "extra_packaging_amount": 0, "delivery_charge": "0.00", "additional_charge": 0, "flash_admin_discount_amount": 0, "flash_store_discount_amount": 0, "store_discount_amount": "0.00", "coupon_discount_amount": "0.00", "edited": 1} 
  COMPARE preview_tax=1.2 saved_tax=1.00 | rendered_total=د.إ.‏ 11.20 saved_order_amount=11.00
  settle {"create_transaction": true, "txn": {"order_amount": "11.00", "store_amount": "13.00", "admin_commission": "-2.00", "admin_expense": "2.000", "ref_bonus_amount": 2, "delivery_charge": "0.00", "tax": "1.00", "dm_tips": 0}}
=== [TIP] order 91841
PRE  ORDER 91841 {"order_status": "pending", "payment_method": "cash_on_delivery", "payment_status": "unpaid", "ref_bonus_amount": 2, "order_amount": "6.60", "adjusment": "0.00", "total_tax_amount": "0.00", "tax_status": null, "dm_tips": 0, "extra_packaging_amount": 0, "delivery_charge": "0.00", "additional_charge": 0, "flash_admin_discount_amount": 0, "flash_store_discount_amount": 0, "store_discount_amount": "0.00", "coupon_discount_amount": "0.00", "edited": 0} 
  http {"edit": [302, ""], "qty": [200, {"data": 2}], "update": [200, {"message": "Order updated successfully"}]}
  PREVIEW session edit_tax_amount = 1 | blade rendered total = د.إ.‏ 11.00 | blade tax row = + د.إ.‏ 1.00
POST ORDER 91841 {"order_status": "pending", "payment_method": "cash_on_delivery", "payment_status": "unpaid", "ref_bonus_amount": 2, "order_amount": "11.00", "adjusment": "-4.40", "total_tax_amount": "1.00", "tax_status": "excluded", "dm_tips": 0, "extra_packaging_amount": 0, "delivery_charge": "0.00", "additional_charge": 0, "flash_admin_discount_amount": 0, "flash_store_discount_amount": 0, "store_discount_amount": "0.00", "coupon_discount_amount": "0.00", "edited": 1} 
  COMPARE preview_tax=1 saved_tax=1.00 | rendered_total=د.إ.‏ 11.00 saved_order_amount=11.00
  settle {"create_transaction": true, "txn": {"order_amount": "11.00", "store_amount": "13.00", "admin_commission": "-2.00", "admin_expense": "2.000", "ref_bonus_amount": 2, "delivery_charge": "0.00", "tax": "1.00", "dm_tips": 0}}

##### AC3 control no bonus VAT 10% basket 8 stored 8.80  spec={"order_amount": 8.8}
=== [BASE] order 91842
PRE  ORDER 91842 {"order_status": "pending", "payment_method": "cash_on_delivery", "payment_status": "unpaid", "ref_bonus_amount": 0, "order_amount": "8.80", "adjusment": "0.00", "total_tax_amount": "0.00", "tax_status": null, "dm_tips": 0, "extra_packaging_amount": 0, "delivery_charge": "0.00", "additional_charge": 0, "flash_admin_discount_amount": 0, "flash_store_discount_amount": 0, "store_discount_amount": "0.00", "coupon_discount_amount": "0.00", "edited": 0} 
  http {"edit": [302, ""], "update": [200, {"message": "Order updated successfully"}]}
  PREVIEW session edit_tax_amount = 0.8 | blade rendered total = د.إ.‏ 8.80 | blade tax row = + د.إ.‏ 0.80
POST ORDER 91842 {"order_status": "pending", "payment_method": "cash_on_delivery", "payment_status": "unpaid", "ref_bonus_amount": 0, "order_amount": "8.80", "adjusment": "0.00", "total_tax_amount": "0.80", "tax_status": "excluded", "dm_tips": 0, "extra_packaging_amount": 0, "delivery_charge": "0.00", "additional_charge": 0, "flash_admin_discount_amount": 0, "flash_store_discount_amount": 0, "store_discount_amount": "0.00", "coupon_discount_amount": "0.00", "edited": 1} 
  COMPARE preview_tax=0.8 saved_tax=0.80 | rendered_total=د.إ.‏ 8.80 saved_order_amount=8.80
  settle {"create_transaction": true, "txn": {"order_amount": "8.80", "store_amount": "8.80", "admin_commission": "0.00", "admin_expense": "0.000", "ref_bonus_amount": 0, "delivery_charge": "0.00", "tax": "0.80", "dm_tips": 0}}
=== [TIP] order 91843
PRE  ORDER 91843 {"order_status": "pending", "payment_method": "cash_on_delivery", "payment_status": "unpaid", "ref_bonus_amount": 0, "order_amount": "8.80", "adjusment": "0.00", "total_tax_amount": "0.00", "tax_status": null, "dm_tips": 0, "extra_packaging_amount": 0, "delivery_charge": "0.00", "additional_charge": 0, "flash_admin_discount_amount": 0, "flash_store_discount_amount": 0, "store_discount_amount": "0.00", "coupon_discount_amount": "0.00", "edited": 0} 
  http {"edit": [302, ""], "update": [200, {"message": "Order updated successfully"}]}
  PREVIEW session edit_tax_amount = 0.8 | blade rendered total = د.إ.‏ 8.80 | blade tax row = + د.إ.‏ 0.80
POST ORDER 91843 {"order_status": "pending", "payment_method": "cash_on_delivery", "payment_status": "unpaid", "ref_bonus_amount": 0, "order_amount": "8.80", "adjusment": "0.00", "total_tax_amount": "0.80", "tax_status": "excluded", "dm_tips": 0, "extra_packaging_amount": 0, "delivery_charge": "0.00", "additional_charge": 0, "flash_admin_discount_amount": 0, "flash_store_discount_amount": 0, "store_discount_amount": "0.00", "coupon_discount_amount": "0.00", "edited": 1} 
  COMPARE preview_tax=0.8 saved_tax=0.80 | rendered_total=د.إ.‏ 8.80 saved_order_amount=8.80
  settle {"create_transaction": true, "txn": {"order_amount": "8.80", "store_amount": "8.80", "admin_commission": "0.00", "admin_expense": "0.000", "ref_bonus_amount": 0, "delivery_charge": "0.00", "tax": "0.80", "dm_tips": 0}}

##### AC3 packaging 0.5 + bonus 2 VAT 10%  spec={"order_amount": 7.1, "bonus": 2, "overrides": {"extra_packaging_amount": 0.5}}
=== [BASE] order 91844
PRE  ORDER 91844 {"order_status": "pending", "payment_method": "cash_on_delivery", "payment_status": "unpaid", "ref_bonus_amount": 2, "order_amount": "7.10", "adjusment": "0.00", "total_tax_amount": "0.00", "tax_status": null, "dm_tips": 0, "extra_packaging_amount": 0.5, "delivery_charge": "0.00", "additional_charge": 0, "flash_admin_discount_amount": 0, "flash_store_discount_amount": 0, "store_discount_amount": "0.00", "coupon_discount_amount": "0.00", "edited": 0} 
  http {"edit": [302, ""], "update": [200, {"message": "Order updated successfully"}]}
  PREVIEW session edit_tax_amount = 0.8 | blade rendered total = د.إ.‏ 7.30 | blade tax row = + د.إ.‏ 0.80
POST ORDER 91844 {"order_status": "pending", "payment_method": "cash_on_delivery", "payment_status": "unpaid", "ref_bonus_amount": 2, "order_amount": "6.60", "adjusment": "0.50", "total_tax_amount": "0.60", "tax_status": "excluded", "dm_tips": 0, "extra_packaging_amount": 0.5, "delivery_charge": "0.00", "additional_charge": 0, "flash_admin_discount_amount": 0, "flash_store_discount_amount": 0, "store_discount_amount": "0.00", "coupon_discount_amount": "0.00", "edited": 1} 
  COMPARE preview_tax=0.8 saved_tax=0.60 | rendered_total=د.إ.‏ 7.30 saved_order_amount=6.60
  settle {"create_transaction": true, "txn": {"order_amount": "6.60", "store_amount": "8.60", "admin_commission": "-2.00", "admin_expense": "2.000", "ref_bonus_amount": 2, "delivery_charge": "0.00", "tax": "0.60", "dm_tips": 0}}
=== [TIP] order 91845
PRE  ORDER 91845 {"order_status": "pending", "payment_method": "cash_on_delivery", "payment_status": "unpaid", "ref_bonus_amount": 2, "order_amount": "7.10", "adjusment": "0.00", "total_tax_amount": "0.00", "tax_status": null, "dm_tips": 0, "extra_packaging_amount": 0.5, "delivery_charge": "0.00", "additional_charge": 0, "flash_admin_discount_amount": 0, "flash_store_discount_amount": 0, "store_discount_amount": "0.00", "coupon_discount_amount": "0.00", "edited": 0} 
  http {"edit": [302, ""], "update": [200, {"message": "Order updated successfully"}]}
  PREVIEW session edit_tax_amount = 0.6 | blade rendered total = د.إ.‏ 7.10 | blade tax row = + د.إ.‏ 0.60
POST ORDER 91845 {"order_status": "pending", "payment_method": "cash_on_delivery", "payment_status": "unpaid", "ref_bonus_amount": 2, "order_amount": "7.10", "adjusment": "0.00", "total_tax_amount": "0.60", "tax_status": "excluded", "dm_tips": 0, "extra_packaging_amount": 0.5, "delivery_charge": "0.00", "additional_charge": 0, "flash_admin_discount_amount": 0, "flash_store_discount_amount": 0, "store_discount_amount": "0.00", "coupon_discount_amount": "0.00", "edited": 1} 
  COMPARE preview_tax=0.6 saved_tax=0.60 | rendered_total=د.إ.‏ 7.10 saved_order_amount=7.10
  settle {"create_transaction": true, "txn": {"order_amount": "7.10", "store_amount": "9.10", "admin_commission": "-2.00", "admin_expense": "2.000", "ref_bonus_amount": 2, "delivery_charge": "0.00", "tax": "0.60", "dm_tips": 0}}
vat off
