# NEARS-4100 QA AC4 (R4) + controls: BASE server :8562 (scratch copy @814f12893, Admin/app diff vs 814f12893 empty) vs TIP server :8561 (worktree @cfea765bc); both on private DB multi_food_db_qa4100; real routes admin.order.edit-order/add-to-cart/update, then OrderLogic::create_transaction (settle.php)

##### AC4 R4 unchanged cart tips1.5+pkg0.5 order_amount 10  spec={"order_amount": 10, "overrides": {"dm_tips": 1.5, "extra_packaging_amount": 0.5}}
=== [BASE] order 91807
PRE  ORDER 91807 {"order_status": "pending", "payment_method": "cash_on_delivery", "payment_status": "unpaid", "ref_bonus_amount": 0, "order_amount": "10.00", "adjusment": "0.00", "total_tax_amount": "0.00", "tax_status": null, "dm_tips": 1.5, "extra_packaging_amount": 0.5, "delivery_charge": "0.00", "additional_charge": 0, "flash_admin_discount_amount": 0, "flash_store_discount_amount": 0, "store_discount_amount": "0.00", "coupon_discount_amount": "0.00", "edited": 0} 
  http {"edit": [302, ""], "update": [200, {"message": "Order updated successfully"}]} | preview {'edit_tax_amount': '0', 'edit_tax_included': None, 'has_cart': True} | viewTotal د.إ.‏ 10.00
POST ORDER 91807 {"order_status": "pending", "payment_method": "cash_on_delivery", "payment_status": "unpaid", "ref_bonus_amount": 0, "order_amount": "8.00", "adjusment": "2.00", "total_tax_amount": "0.00", "tax_status": "excluded", "dm_tips": 1.5, "extra_packaging_amount": 0.5, "delivery_charge": "0.00", "additional_charge": 0, "flash_admin_discount_amount": 0, "flash_store_discount_amount": 0, "store_discount_amount": "0.00", "coupon_discount_amount": "0.00", "edited": 1} 
  settle {"create_transaction": true, "txn": {"order_amount": "8.00", "store_amount": "6.50", "admin_commission": "0.00", "admin_expense": "0.000", "ref_bonus_amount": 0, "delivery_charge": "0.00", "tax": "0.00", "dm_tips": 1.5}}
=== [TIP] order 91808
PRE  ORDER 91808 {"order_status": "pending", "payment_method": "cash_on_delivery", "payment_status": "unpaid", "ref_bonus_amount": 0, "order_amount": "10.00", "adjusment": "0.00", "total_tax_amount": "0.00", "tax_status": null, "dm_tips": 1.5, "extra_packaging_amount": 0.5, "delivery_charge": "0.00", "additional_charge": 0, "flash_admin_discount_amount": 0, "flash_store_discount_amount": 0, "store_discount_amount": "0.00", "coupon_discount_amount": "0.00", "edited": 0} 
  http {"edit": [302, ""], "update": [200, {"message": "Order updated successfully"}]} | preview {'edit_tax_amount': '0', 'edit_tax_included': None, 'has_cart': True} | viewTotal د.إ.‏ 10.00
POST ORDER 91808 {"order_status": "pending", "payment_method": "cash_on_delivery", "payment_status": "unpaid", "ref_bonus_amount": 0, "order_amount": "10.00", "adjusment": "0.00", "total_tax_amount": "0.00", "tax_status": "excluded", "dm_tips": 1.5, "extra_packaging_amount": 0.5, "delivery_charge": "0.00", "additional_charge": 0, "flash_admin_discount_amount": 0, "flash_store_discount_amount": 0, "store_discount_amount": "0.00", "coupon_discount_amount": "0.00", "edited": 1} 
  settle {"create_transaction": true, "txn": {"order_amount": "10.00", "store_amount": "8.50", "admin_commission": "0.00", "admin_expense": "0.000", "ref_bonus_amount": 0, "delivery_charge": "0.00", "tax": "0.00", "dm_tips": 1.5}}

##### AC4 R4 cart growth qty 2->3 same fees  spec={"order_amount": 10, "overrides": {"dm_tips": 1.5, "extra_packaging_amount": 0.5}}
=== [BASE] order 91809
PRE  ORDER 91809 {"order_status": "pending", "payment_method": "cash_on_delivery", "payment_status": "unpaid", "ref_bonus_amount": 0, "order_amount": "10.00", "adjusment": "0.00", "total_tax_amount": "0.00", "tax_status": null, "dm_tips": 1.5, "extra_packaging_amount": 0.5, "delivery_charge": "0.00", "additional_charge": 0, "flash_admin_discount_amount": 0, "flash_store_discount_amount": 0, "store_discount_amount": "0.00", "coupon_discount_amount": "0.00", "edited": 0} 
  http {"edit": [302, ""], "qty": [200, {"data": 2}], "update": [200, {"message": "Order updated successfully"}]} | preview {'edit_tax_amount': '0', 'edit_tax_included': None, 'has_cart': True} | viewTotal د.إ.‏ 14.00
POST ORDER 91809 {"order_status": "pending", "payment_method": "cash_on_delivery", "payment_status": "unpaid", "ref_bonus_amount": 0, "order_amount": "12.00", "adjusment": "-2.00", "total_tax_amount": "0.00", "tax_status": "excluded", "dm_tips": 1.5, "extra_packaging_amount": 0.5, "delivery_charge": "0.00", "additional_charge": 0, "flash_admin_discount_amount": 0, "flash_store_discount_amount": 0, "store_discount_amount": "0.00", "coupon_discount_amount": "0.00", "edited": 1} 
  settle {"create_transaction": true, "txn": {"order_amount": "12.00", "store_amount": "10.50", "admin_commission": "0.00", "admin_expense": "0.000", "ref_bonus_amount": 0, "delivery_charge": "0.00", "tax": "0.00", "dm_tips": 1.5}}
=== [TIP] order 91810
PRE  ORDER 91810 {"order_status": "pending", "payment_method": "cash_on_delivery", "payment_status": "unpaid", "ref_bonus_amount": 0, "order_amount": "10.00", "adjusment": "0.00", "total_tax_amount": "0.00", "tax_status": null, "dm_tips": 1.5, "extra_packaging_amount": 0.5, "delivery_charge": "0.00", "additional_charge": 0, "flash_admin_discount_amount": 0, "flash_store_discount_amount": 0, "store_discount_amount": "0.00", "coupon_discount_amount": "0.00", "edited": 0} 
  http {"edit": [302, ""], "qty": [200, {"data": 2}], "update": [200, {"message": "Order updated successfully"}]} | preview {'edit_tax_amount': '0', 'edit_tax_included': None, 'has_cart': True} | viewTotal د.إ.‏ 14.00
POST ORDER 91810 {"order_status": "pending", "payment_method": "cash_on_delivery", "payment_status": "unpaid", "ref_bonus_amount": 0, "order_amount": "14.00", "adjusment": "-4.00", "total_tax_amount": "0.00", "tax_status": "excluded", "dm_tips": 1.5, "extra_packaging_amount": 0.5, "delivery_charge": "0.00", "additional_charge": 0, "flash_admin_discount_amount": 0, "flash_store_discount_amount": 0, "store_discount_amount": "0.00", "coupon_discount_amount": "0.00", "edited": 1} 
  settle {"create_transaction": true, "txn": {"order_amount": "14.00", "store_amount": "12.50", "admin_commission": "0.00", "admin_expense": "0.000", "ref_bonus_amount": 0, "delivery_charge": "0.00", "tax": "0.00", "dm_tips": 1.5}}

##### CONTROL plain COD bonus0 tips0 unchanged  spec={"order_amount": 8}
=== [BASE] order 91811
PRE  ORDER 91811 {"order_status": "pending", "payment_method": "cash_on_delivery", "payment_status": "unpaid", "ref_bonus_amount": 0, "order_amount": "8.00", "adjusment": "0.00", "total_tax_amount": "0.00", "tax_status": null, "dm_tips": 0, "extra_packaging_amount": 0, "delivery_charge": "0.00", "additional_charge": 0, "flash_admin_discount_amount": 0, "flash_store_discount_amount": 0, "store_discount_amount": "0.00", "coupon_discount_amount": "0.00", "edited": 0} 
  http {"edit": [302, ""], "update": [200, {"message": "Order updated successfully"}]} | preview {'edit_tax_amount': '0', 'edit_tax_included': None, 'has_cart': True} | viewTotal د.إ.‏ 8.00
POST ORDER 91811 {"order_status": "pending", "payment_method": "cash_on_delivery", "payment_status": "unpaid", "ref_bonus_amount": 0, "order_amount": "8.00", "adjusment": "0.00", "total_tax_amount": "0.00", "tax_status": "excluded", "dm_tips": 0, "extra_packaging_amount": 0, "delivery_charge": "0.00", "additional_charge": 0, "flash_admin_discount_amount": 0, "flash_store_discount_amount": 0, "store_discount_amount": "0.00", "coupon_discount_amount": "0.00", "edited": 1} 
  settle {"create_transaction": true, "txn": {"order_amount": "8.00", "store_amount": "8.00", "admin_commission": "0.00", "admin_expense": "0.000", "ref_bonus_amount": 0, "delivery_charge": "0.00", "tax": "0.00", "dm_tips": 0}}
=== [TIP] order 91812
PRE  ORDER 91812 {"order_status": "pending", "payment_method": "cash_on_delivery", "payment_status": "unpaid", "ref_bonus_amount": 0, "order_amount": "8.00", "adjusment": "0.00", "total_tax_amount": "0.00", "tax_status": null, "dm_tips": 0, "extra_packaging_amount": 0, "delivery_charge": "0.00", "additional_charge": 0, "flash_admin_discount_amount": 0, "flash_store_discount_amount": 0, "store_discount_amount": "0.00", "coupon_discount_amount": "0.00", "edited": 0} 
  http {"edit": [302, ""], "update": [200, {"message": "Order updated successfully"}]} | preview {'edit_tax_amount': '0', 'edit_tax_included': None, 'has_cart': True} | viewTotal د.إ.‏ 8.00
POST ORDER 91812 {"order_status": "pending", "payment_method": "cash_on_delivery", "payment_status": "unpaid", "ref_bonus_amount": 0, "order_amount": "8.00", "adjusment": "0.00", "total_tax_amount": "0.00", "tax_status": "excluded", "dm_tips": 0, "extra_packaging_amount": 0, "delivery_charge": "0.00", "additional_charge": 0, "flash_admin_discount_amount": 0, "flash_store_discount_amount": 0, "store_discount_amount": "0.00", "coupon_discount_amount": "0.00", "edited": 1} 
  settle {"create_transaction": true, "txn": {"order_amount": "8.00", "store_amount": "8.00", "admin_commission": "0.00", "admin_expense": "0.000", "ref_bonus_amount": 0, "delivery_charge": "0.00", "tax": "0.00", "dm_tips": 0}}

##### CONTROL plain COD qty 2->3  spec={"order_amount": 8}
=== [BASE] order 91813
PRE  ORDER 91813 {"order_status": "pending", "payment_method": "cash_on_delivery", "payment_status": "unpaid", "ref_bonus_amount": 0, "order_amount": "8.00", "adjusment": "0.00", "total_tax_amount": "0.00", "tax_status": null, "dm_tips": 0, "extra_packaging_amount": 0, "delivery_charge": "0.00", "additional_charge": 0, "flash_admin_discount_amount": 0, "flash_store_discount_amount": 0, "store_discount_amount": "0.00", "coupon_discount_amount": "0.00", "edited": 0} 
  http {"edit": [302, ""], "qty": [200, {"data": 2}], "update": [200, {"message": "Order updated successfully"}]} | preview {'edit_tax_amount': '0', 'edit_tax_included': None, 'has_cart': True} | viewTotal د.إ.‏ 12.00
POST ORDER 91813 {"order_status": "pending", "payment_method": "cash_on_delivery", "payment_status": "unpaid", "ref_bonus_amount": 0, "order_amount": "12.00", "adjusment": "-4.00", "total_tax_amount": "0.00", "tax_status": "excluded", "dm_tips": 0, "extra_packaging_amount": 0, "delivery_charge": "0.00", "additional_charge": 0, "flash_admin_discount_amount": 0, "flash_store_discount_amount": 0, "store_discount_amount": "0.00", "coupon_discount_amount": "0.00", "edited": 1} 
  settle {"create_transaction": true, "txn": {"order_amount": "12.00", "store_amount": "12.00", "admin_commission": "0.00", "admin_expense": "0.000", "ref_bonus_amount": 0, "delivery_charge": "0.00", "tax": "0.00", "dm_tips": 0}}
=== [TIP] order 91814
PRE  ORDER 91814 {"order_status": "pending", "payment_method": "cash_on_delivery", "payment_status": "unpaid", "ref_bonus_amount": 0, "order_amount": "8.00", "adjusment": "0.00", "total_tax_amount": "0.00", "tax_status": null, "dm_tips": 0, "extra_packaging_amount": 0, "delivery_charge": "0.00", "additional_charge": 0, "flash_admin_discount_amount": 0, "flash_store_discount_amount": 0, "store_discount_amount": "0.00", "coupon_discount_amount": "0.00", "edited": 0} 
  http {"edit": [302, ""], "qty": [200, {"data": 2}], "update": [200, {"message": "Order updated successfully"}]} | preview {'edit_tax_amount': '0', 'edit_tax_included': None, 'has_cart': True} | viewTotal د.إ.‏ 12.00
POST ORDER 91814 {"order_status": "pending", "payment_method": "cash_on_delivery", "payment_status": "unpaid", "ref_bonus_amount": 0, "order_amount": "12.00", "adjusment": "-4.00", "total_tax_amount": "0.00", "tax_status": "excluded", "dm_tips": 0, "extra_packaging_amount": 0, "delivery_charge": "0.00", "additional_charge": 0, "flash_admin_discount_amount": 0, "flash_store_discount_amount": 0, "store_discount_amount": "0.00", "coupon_discount_amount": "0.00", "edited": 1} 
  settle {"create_transaction": true, "txn": {"order_amount": "12.00", "store_amount": "12.00", "admin_commission": "0.00", "admin_expense": "0.000", "ref_bonus_amount": 0, "delivery_charge": "0.00", "tax": "0.00", "dm_tips": 0}}
