flash 36

##### AC5 R5 flash 40/60, qty 2->3  spec={"order_amount": 6, "overrides": {"flash_admin_discount_amount": 0.8, "flash_store_discount_amount": 1.2}}
=== [BASE] order 91846
PRE  ORDER 91846 {"order_status": "pending", "payment_method": "cash_on_delivery", "payment_status": "unpaid", "ref_bonus_amount": 0, "order_amount": "6.00", "adjusment": "0.00", "total_tax_amount": "0.00", "tax_status": null, "dm_tips": 0, "extra_packaging_amount": 0, "delivery_charge": "0.00", "additional_charge": 0, "flash_admin_discount_amount": 0.8, "flash_store_discount_amount": 1.2, "store_discount_amount": "0.00", "coupon_discount_amount": "0.00", "edited": 0} 
  http {"edit": [302, ""], "qty": [200, {"data": 2}], "update": [200, {"message": "Order updated successfully"}]} | viewTotal د.إ.‏ 7.00
POST ORDER 91846 {"order_status": "pending", "payment_method": "cash_on_delivery", "payment_status": "unpaid", "ref_bonus_amount": 0, "order_amount": "9.00", "adjusment": "-3.00", "total_tax_amount": "0.00", "tax_status": "excluded", "dm_tips": 0, "extra_packaging_amount": 0, "delivery_charge": "0.00", "additional_charge": 0, "flash_admin_discount_amount": 0.8, "flash_store_discount_amount": 1.2, "store_discount_amount": "0.00", "coupon_discount_amount": "0.00", "edited": 1} 
  CONSISTENCY discount_taken_off_basket = 3*4 - order_amount = 3.0 ; flash_admin+flash_store = 2.0
  settle {"create_transaction": true, "txn": {"order_amount": "9.00", "store_amount": "9.80", "admin_commission": "0.00", "admin_expense": "0.800", "ref_bonus_amount": 0, "delivery_charge": "0.00", "tax": "0.00", "dm_tips": 0}}
=== [TIP] order 91847
PRE  ORDER 91847 {"order_status": "pending", "payment_method": "cash_on_delivery", "payment_status": "unpaid", "ref_bonus_amount": 0, "order_amount": "6.00", "adjusment": "0.00", "total_tax_amount": "0.00", "tax_status": null, "dm_tips": 0, "extra_packaging_amount": 0, "delivery_charge": "0.00", "additional_charge": 0, "flash_admin_discount_amount": 0.8, "flash_store_discount_amount": 1.2, "store_discount_amount": "0.00", "coupon_discount_amount": "0.00", "edited": 0} 
  http {"edit": [302, ""], "qty": [200, {"data": 2}], "update": [200, {"message": "Order updated successfully"}]} | viewTotal د.إ.‏ 7.00
POST ORDER 91847 {"order_status": "pending", "payment_method": "cash_on_delivery", "payment_status": "unpaid", "ref_bonus_amount": 0, "order_amount": "9.00", "adjusment": "-3.00", "total_tax_amount": "0.00", "tax_status": "excluded", "dm_tips": 0, "extra_packaging_amount": 0, "delivery_charge": "0.00", "additional_charge": 0, "flash_admin_discount_amount": 1.2, "flash_store_discount_amount": 1.8, "store_discount_amount": "0.00", "coupon_discount_amount": "0.00", "edited": 1} 
  CONSISTENCY discount_taken_off_basket = 3*4 - order_amount = 3.0 ; flash_admin+flash_store = 3.0
  settle {"create_transaction": true, "txn": {"order_amount": "9.00", "store_amount": "10.20", "admin_commission": "0.00", "admin_expense": "1.200", "ref_bonus_amount": 0, "delivery_charge": "0.00", "tax": "0.00", "dm_tips": 0}}

##### AC5 R5 flash 40/60, unchanged cart  spec={"order_amount": 6, "overrides": {"flash_admin_discount_amount": 0.8, "flash_store_discount_amount": 1.2}}
=== [BASE] order 91848
PRE  ORDER 91848 {"order_status": "pending", "payment_method": "cash_on_delivery", "payment_status": "unpaid", "ref_bonus_amount": 0, "order_amount": "6.00", "adjusment": "0.00", "total_tax_amount": "0.00", "tax_status": null, "dm_tips": 0, "extra_packaging_amount": 0, "delivery_charge": "0.00", "additional_charge": 0, "flash_admin_discount_amount": 0.8, "flash_store_discount_amount": 1.2, "store_discount_amount": "0.00", "coupon_discount_amount": "0.00", "edited": 0} 
  http {"edit": [302, ""], "update": [200, {"message": "Order updated successfully"}]} | viewTotal د.إ.‏ 6.00
POST ORDER 91848 {"order_status": "pending", "payment_method": "cash_on_delivery", "payment_status": "unpaid", "ref_bonus_amount": 0, "order_amount": "6.00", "adjusment": "0.00", "total_tax_amount": "0.00", "tax_status": "excluded", "dm_tips": 0, "extra_packaging_amount": 0, "delivery_charge": "0.00", "additional_charge": 0, "flash_admin_discount_amount": 0.8, "flash_store_discount_amount": 1.2, "store_discount_amount": "0.00", "coupon_discount_amount": "0.00", "edited": 1} 
  CONSISTENCY discount_taken_off_basket = 2*4 - order_amount = 2.0 ; flash_admin+flash_store = 2.0
  settle {"create_transaction": true, "txn": {"order_amount": "6.00", "store_amount": "6.80", "admin_commission": "0.00", "admin_expense": "0.800", "ref_bonus_amount": 0, "delivery_charge": "0.00", "tax": "0.00", "dm_tips": 0}}
=== [TIP] order 91849
PRE  ORDER 91849 {"order_status": "pending", "payment_method": "cash_on_delivery", "payment_status": "unpaid", "ref_bonus_amount": 0, "order_amount": "6.00", "adjusment": "0.00", "total_tax_amount": "0.00", "tax_status": null, "dm_tips": 0, "extra_packaging_amount": 0, "delivery_charge": "0.00", "additional_charge": 0, "flash_admin_discount_amount": 0.8, "flash_store_discount_amount": 1.2, "store_discount_amount": "0.00", "coupon_discount_amount": "0.00", "edited": 0} 
  http {"edit": [302, ""], "update": [200, {"message": "Order updated successfully"}]} | viewTotal د.إ.‏ 6.00
POST ORDER 91849 {"order_status": "pending", "payment_method": "cash_on_delivery", "payment_status": "unpaid", "ref_bonus_amount": 0, "order_amount": "6.00", "adjusment": "0.00", "total_tax_amount": "0.00", "tax_status": "excluded", "dm_tips": 0, "extra_packaging_amount": 0, "delivery_charge": "0.00", "additional_charge": 0, "flash_admin_discount_amount": 0.8, "flash_store_discount_amount": 1.2, "store_discount_amount": "0.00", "coupon_discount_amount": "0.00", "edited": 1} 
  CONSISTENCY discount_taken_off_basket = 2*4 - order_amount = 2.0 ; flash_admin+flash_store = 2.0
  settle {"create_transaction": true, "txn": {"order_amount": "6.00", "store_amount": "6.80", "admin_commission": "0.00", "admin_expense": "0.800", "ref_bonus_amount": 0, "delivery_charge": "0.00", "tax": "0.00", "dm_tips": 0}}

##### AC5 R5 vendor-only flash (admin 0 / store 100), qty 2->3  spec={"order_amount": 6, "overrides": {"flash_admin_discount_amount": 0, "flash_store_discount_amount": 2.0}}
=== [BASE] order 91850
PRE  ORDER 91850 {"order_status": "pending", "payment_method": "cash_on_delivery", "payment_status": "unpaid", "ref_bonus_amount": 0, "order_amount": "6.00", "adjusment": "0.00", "total_tax_amount": "0.00", "tax_status": null, "dm_tips": 0, "extra_packaging_amount": 0, "delivery_charge": "0.00", "additional_charge": 0, "flash_admin_discount_amount": 0, "flash_store_discount_amount": 2, "store_discount_amount": "0.00", "coupon_discount_amount": "0.00", "edited": 0} 
  http {"edit": [302, ""], "qty": [200, {"data": 2}], "update": [200, {"message": "Order updated successfully"}]} | viewTotal د.إ.‏ 7.00
POST ORDER 91850 {"order_status": "pending", "payment_method": "cash_on_delivery", "payment_status": "unpaid", "ref_bonus_amount": 0, "order_amount": "9.00", "adjusment": "-3.00", "total_tax_amount": "0.00", "tax_status": "excluded", "dm_tips": 0, "extra_packaging_amount": 0, "delivery_charge": "0.00", "additional_charge": 0, "flash_admin_discount_amount": 0, "flash_store_discount_amount": 2, "store_discount_amount": "0.00", "coupon_discount_amount": "0.00", "edited": 1} 
  CONSISTENCY discount_taken_off_basket = 3*4 - order_amount = 3.0 ; flash_admin+flash_store = 2.0
  settle {"create_transaction": true, "txn": {"order_amount": "9.00", "store_amount": "9.00", "admin_commission": "0.00", "admin_expense": "0.000", "ref_bonus_amount": 0, "delivery_charge": "0.00", "tax": "0.00", "dm_tips": 0}}
=== [TIP] order 91851
PRE  ORDER 91851 {"order_status": "pending", "payment_method": "cash_on_delivery", "payment_status": "unpaid", "ref_bonus_amount": 0, "order_amount": "6.00", "adjusment": "0.00", "total_tax_amount": "0.00", "tax_status": null, "dm_tips": 0, "extra_packaging_amount": 0, "delivery_charge": "0.00", "additional_charge": 0, "flash_admin_discount_amount": 0, "flash_store_discount_amount": 2, "store_discount_amount": "0.00", "coupon_discount_amount": "0.00", "edited": 0} 
  http {"edit": [302, ""], "qty": [200, {"data": 2}], "update": [200, {"message": "Order updated successfully"}]} | viewTotal د.إ.‏ 7.00
POST ORDER 91851 {"order_status": "pending", "payment_method": "cash_on_delivery", "payment_status": "unpaid", "ref_bonus_amount": 0, "order_amount": "9.00", "adjusment": "-3.00", "total_tax_amount": "0.00", "tax_status": "excluded", "dm_tips": 0, "extra_packaging_amount": 0, "delivery_charge": "0.00", "additional_charge": 0, "flash_admin_discount_amount": 0, "flash_store_discount_amount": 3, "store_discount_amount": "0.00", "coupon_discount_amount": "0.00", "edited": 1} 
  CONSISTENCY discount_taken_off_basket = 3*4 - order_amount = 3.0 ; flash_admin+flash_store = 3.0
  settle {"create_transaction": true, "txn": {"order_amount": "9.00", "store_amount": "9.00", "admin_commission": "0.00", "admin_expense": "0.000", "ref_bonus_amount": 0, "delivery_charge": "0.00", "tax": "0.00", "dm_tips": 0}}

##### AC5 R5 vendor-only flash unchanged cart  spec={"order_amount": 6, "overrides": {"flash_admin_discount_amount": 0, "flash_store_discount_amount": 2.0}}
=== [BASE] order 91852
PRE  ORDER 91852 {"order_status": "pending", "payment_method": "cash_on_delivery", "payment_status": "unpaid", "ref_bonus_amount": 0, "order_amount": "6.00", "adjusment": "0.00", "total_tax_amount": "0.00", "tax_status": null, "dm_tips": 0, "extra_packaging_amount": 0, "delivery_charge": "0.00", "additional_charge": 0, "flash_admin_discount_amount": 0, "flash_store_discount_amount": 2, "store_discount_amount": "0.00", "coupon_discount_amount": "0.00", "edited": 0} 
  http {"edit": [302, ""], "update": [200, {"message": "Order updated successfully"}]} | viewTotal د.إ.‏ 6.00
POST ORDER 91852 {"order_status": "pending", "payment_method": "cash_on_delivery", "payment_status": "unpaid", "ref_bonus_amount": 0, "order_amount": "6.00", "adjusment": "0.00", "total_tax_amount": "0.00", "tax_status": "excluded", "dm_tips": 0, "extra_packaging_amount": 0, "delivery_charge": "0.00", "additional_charge": 0, "flash_admin_discount_amount": 0, "flash_store_discount_amount": 2, "store_discount_amount": "0.00", "coupon_discount_amount": "0.00", "edited": 1} 
  CONSISTENCY discount_taken_off_basket = 2*4 - order_amount = 2.0 ; flash_admin+flash_store = 2.0
  settle {"create_transaction": true, "txn": {"order_amount": "6.00", "store_amount": "6.00", "admin_commission": "0.00", "admin_expense": "0.000", "ref_bonus_amount": 0, "delivery_charge": "0.00", "tax": "0.00", "dm_tips": 0}}
=== [TIP] order 91853
PRE  ORDER 91853 {"order_status": "pending", "payment_method": "cash_on_delivery", "payment_status": "unpaid", "ref_bonus_amount": 0, "order_amount": "6.00", "adjusment": "0.00", "total_tax_amount": "0.00", "tax_status": null, "dm_tips": 0, "extra_packaging_amount": 0, "delivery_charge": "0.00", "additional_charge": 0, "flash_admin_discount_amount": 0, "flash_store_discount_amount": 2, "store_discount_amount": "0.00", "coupon_discount_amount": "0.00", "edited": 0} 
  http {"edit": [302, ""], "update": [200, {"message": "Order updated successfully"}]} | viewTotal د.إ.‏ 6.00
POST ORDER 91853 {"order_status": "pending", "payment_method": "cash_on_delivery", "payment_status": "unpaid", "ref_bonus_amount": 0, "order_amount": "6.00", "adjusment": "0.00", "total_tax_amount": "0.00", "tax_status": "excluded", "dm_tips": 0, "extra_packaging_amount": 0, "delivery_charge": "0.00", "additional_charge": 0, "flash_admin_discount_amount": 0, "flash_store_discount_amount": 2, "store_discount_amount": "0.00", "coupon_discount_amount": "0.00", "edited": 1} 
  CONSISTENCY discount_taken_off_basket = 2*4 - order_amount = 2.0 ; flash_admin+flash_store = 2.0
  settle {"create_transaction": true, "txn": {"order_amount": "6.00", "store_amount": "6.00", "admin_commission": "0.00", "admin_expense": "0.000", "ref_bonus_amount": 0, "delivery_charge": "0.00", "tax": "0.00", "dm_tips": 0}}
flash off
