flash 37

##### AC5b vendor-only flash, REALISTIC flash_sale lines (discount_on_item 1.0/unit), unchanged  spec={"order_amount": 6, "details": [{"item_id": 51, "price": 4.0, "quantity": 2, "discount_on_item": 1.0, "discount_type": "flash_sale"}], "overrides": {"flash_admin_discount_amount": 0, "flash_store_discount_amount": 2.0}}
=== [BASE] order 91854
PRE  ORDER 91854 {"order_status": "pending", "payment_method": "cash_on_delivery", "payment_status": "unpaid", "ref_bonus_amount": 0, "order_amount": "6.00", "adjusment": "0.00", "total_tax_amount": "0.00", "tax_status": null, "dm_tips": 0, "extra_packaging_amount": 0, "delivery_charge": "0.00", "additional_charge": 0, "flash_admin_discount_amount": 0, "flash_store_discount_amount": 2, "store_discount_amount": "0.00", "coupon_discount_amount": "0.00", "edited": 0} 
  http {"edit": [302, ""], "update": [200, {"message": "Order updated successfully"}]} | blade preview total د.إ.‏ 4.00 | edit_btn_in_edit_mode True
POST ORDER 91854 {"order_status": "pending", "payment_method": "cash_on_delivery", "payment_status": "unpaid", "ref_bonus_amount": 0, "order_amount": "6.00", "adjusment": "0.00", "total_tax_amount": "0.00", "tax_status": "excluded", "dm_tips": 0, "extra_packaging_amount": 0, "delivery_charge": "0.00", "additional_charge": 0, "flash_admin_discount_amount": 0, "flash_store_discount_amount": 2, "store_discount_amount": "0.00", "coupon_discount_amount": "0.00", "edited": 1} 
  lines [{"item_id": 51, "quantity": 2, "price": "4.00", "discount_on_item": "1.00", "discount_type": "flash_sale"}]
  settle {"create_transaction": true, "txn": {"order_amount": "6.00", "store_amount": "6.00", "admin_commission": "0.00", "admin_expense": "0.000", "ref_bonus_amount": 0, "delivery_charge": "0.00", "tax": "0.00", "dm_tips": 0}}
=== [TIP] order 91855
PRE  ORDER 91855 {"order_status": "pending", "payment_method": "cash_on_delivery", "payment_status": "unpaid", "ref_bonus_amount": 0, "order_amount": "6.00", "adjusment": "0.00", "total_tax_amount": "0.00", "tax_status": null, "dm_tips": 0, "extra_packaging_amount": 0, "delivery_charge": "0.00", "additional_charge": 0, "flash_admin_discount_amount": 0, "flash_store_discount_amount": 2, "store_discount_amount": "0.00", "coupon_discount_amount": "0.00", "edited": 0} 
  http {"edit": [302, ""], "update": [200, {"message": "Order updated successfully"}]} | blade preview total د.إ.‏ 4.00 | edit_btn_in_edit_mode True
POST ORDER 91855 {"order_status": "pending", "payment_method": "cash_on_delivery", "payment_status": "unpaid", "ref_bonus_amount": 0, "order_amount": "6.00", "adjusment": "0.00", "total_tax_amount": "0.00", "tax_status": "excluded", "dm_tips": 0, "extra_packaging_amount": 0, "delivery_charge": "0.00", "additional_charge": 0, "flash_admin_discount_amount": 0, "flash_store_discount_amount": 2, "store_discount_amount": "0.00", "coupon_discount_amount": "0.00", "edited": 1} 
  lines [{"item_id": 51, "quantity": 2, "price": "4.00", "discount_on_item": "1.00", "discount_type": "flash_sale"}]
  settle {"create_transaction": true, "txn": {"order_amount": "6.00", "store_amount": "6.00", "admin_commission": "0.00", "admin_expense": "0.000", "ref_bonus_amount": 0, "delivery_charge": "0.00", "tax": "0.00", "dm_tips": 0}}

##### AC5b vendor-only flash, REALISTIC lines, qty 2->3  spec={"order_amount": 6, "details": [{"item_id": 51, "price": 4.0, "quantity": 2, "discount_on_item": 1.0, "discount_type": "flash_sale"}], "overrides": {"flash_admin_discount_amount": 0, "flash_store_discount_amount": 2.0}}
=== [BASE] order 91856
PRE  ORDER 91856 {"order_status": "pending", "payment_method": "cash_on_delivery", "payment_status": "unpaid", "ref_bonus_amount": 0, "order_amount": "6.00", "adjusment": "0.00", "total_tax_amount": "0.00", "tax_status": null, "dm_tips": 0, "extra_packaging_amount": 0, "delivery_charge": "0.00", "additional_charge": 0, "flash_admin_discount_amount": 0, "flash_store_discount_amount": 2, "store_discount_amount": "0.00", "coupon_discount_amount": "0.00", "edited": 0} 
  http {"edit": [302, ""], "qty": [200, {"data": 2}], "update": [200, {"message": "Order updated successfully"}]} | blade preview total د.إ.‏ 7.00 | edit_btn_in_edit_mode True
POST ORDER 91856 {"order_status": "pending", "payment_method": "cash_on_delivery", "payment_status": "unpaid", "ref_bonus_amount": 0, "order_amount": "9.00", "adjusment": "-3.00", "total_tax_amount": "0.00", "tax_status": "excluded", "dm_tips": 0, "extra_packaging_amount": 0, "delivery_charge": "0.00", "additional_charge": 0, "flash_admin_discount_amount": 0, "flash_store_discount_amount": 2, "store_discount_amount": "0.00", "coupon_discount_amount": "0.00", "edited": 1} 
  lines [{"item_id": 51, "quantity": 3, "price": "4.00", "discount_on_item": "1.00", "discount_type": "flash_sale"}]
  settle {"create_transaction": true, "txn": {"order_amount": "9.00", "store_amount": "9.00", "admin_commission": "0.00", "admin_expense": "0.000", "ref_bonus_amount": 0, "delivery_charge": "0.00", "tax": "0.00", "dm_tips": 0}}
=== [TIP] order 91857
PRE  ORDER 91857 {"order_status": "pending", "payment_method": "cash_on_delivery", "payment_status": "unpaid", "ref_bonus_amount": 0, "order_amount": "6.00", "adjusment": "0.00", "total_tax_amount": "0.00", "tax_status": null, "dm_tips": 0, "extra_packaging_amount": 0, "delivery_charge": "0.00", "additional_charge": 0, "flash_admin_discount_amount": 0, "flash_store_discount_amount": 2, "store_discount_amount": "0.00", "coupon_discount_amount": "0.00", "edited": 0} 
  http {"edit": [302, ""], "qty": [200, {"data": 2}], "update": [200, {"message": "Order updated successfully"}]} | blade preview total د.إ.‏ 7.00 | edit_btn_in_edit_mode True
POST ORDER 91857 {"order_status": "pending", "payment_method": "cash_on_delivery", "payment_status": "unpaid", "ref_bonus_amount": 0, "order_amount": "9.00", "adjusment": "-3.00", "total_tax_amount": "0.00", "tax_status": "excluded", "dm_tips": 0, "extra_packaging_amount": 0, "delivery_charge": "0.00", "additional_charge": 0, "flash_admin_discount_amount": 0, "flash_store_discount_amount": 3, "store_discount_amount": "0.00", "coupon_discount_amount": "0.00", "edited": 1} 
  lines [{"item_id": 51, "quantity": 3, "price": "4.00", "discount_on_item": "1.00", "discount_type": "flash_sale"}]
  settle {"create_transaction": true, "txn": {"order_amount": "9.00", "store_amount": "9.00", "admin_commission": "0.00", "admin_expense": "0.000", "ref_bonus_amount": 0, "delivery_charge": "0.00", "tax": "0.00", "dm_tips": 0}}

##### AC5b flash 40/60, REALISTIC lines, qty 2->3  spec={"order_amount": 6, "details": [{"item_id": 51, "price": 4.0, "quantity": 2, "discount_on_item": 1.0, "discount_type": "flash_sale"}], "overrides": {"flash_admin_discount_amount": 0.8, "flash_store_discount_amount": 1.2}}
=== [BASE] order 91858
PRE  ORDER 91858 {"order_status": "pending", "payment_method": "cash_on_delivery", "payment_status": "unpaid", "ref_bonus_amount": 0, "order_amount": "6.00", "adjusment": "0.00", "total_tax_amount": "0.00", "tax_status": null, "dm_tips": 0, "extra_packaging_amount": 0, "delivery_charge": "0.00", "additional_charge": 0, "flash_admin_discount_amount": 0.8, "flash_store_discount_amount": 1.2, "store_discount_amount": "0.00", "coupon_discount_amount": "0.00", "edited": 0} 
  http {"edit": [302, ""], "qty": [200, {"data": 2}], "update": [200, {"message": "Order updated successfully"}]} | blade preview total د.إ.‏ 7.00 | edit_btn_in_edit_mode True
POST ORDER 91858 {"order_status": "pending", "payment_method": "cash_on_delivery", "payment_status": "unpaid", "ref_bonus_amount": 0, "order_amount": "9.00", "adjusment": "-3.00", "total_tax_amount": "0.00", "tax_status": "excluded", "dm_tips": 0, "extra_packaging_amount": 0, "delivery_charge": "0.00", "additional_charge": 0, "flash_admin_discount_amount": 0.8, "flash_store_discount_amount": 1.2, "store_discount_amount": "0.00", "coupon_discount_amount": "0.00", "edited": 1} 
  lines [{"item_id": 51, "quantity": 3, "price": "4.00", "discount_on_item": "1.00", "discount_type": "flash_sale"}]
  settle {"create_transaction": true, "txn": {"order_amount": "9.00", "store_amount": "9.80", "admin_commission": "0.00", "admin_expense": "0.800", "ref_bonus_amount": 0, "delivery_charge": "0.00", "tax": "0.00", "dm_tips": 0}}
=== [TIP] order 91859
PRE  ORDER 91859 {"order_status": "pending", "payment_method": "cash_on_delivery", "payment_status": "unpaid", "ref_bonus_amount": 0, "order_amount": "6.00", "adjusment": "0.00", "total_tax_amount": "0.00", "tax_status": null, "dm_tips": 0, "extra_packaging_amount": 0, "delivery_charge": "0.00", "additional_charge": 0, "flash_admin_discount_amount": 0.8, "flash_store_discount_amount": 1.2, "store_discount_amount": "0.00", "coupon_discount_amount": "0.00", "edited": 0} 
  http {"edit": [302, ""], "qty": [200, {"data": 2}], "update": [200, {"message": "Order updated successfully"}]} | blade preview total د.إ.‏ 7.00 | edit_btn_in_edit_mode True
POST ORDER 91859 {"order_status": "pending", "payment_method": "cash_on_delivery", "payment_status": "unpaid", "ref_bonus_amount": 0, "order_amount": "9.00", "adjusment": "-3.00", "total_tax_amount": "0.00", "tax_status": "excluded", "dm_tips": 0, "extra_packaging_amount": 0, "delivery_charge": "0.00", "additional_charge": 0, "flash_admin_discount_amount": 1.2, "flash_store_discount_amount": 1.8, "store_discount_amount": "0.00", "coupon_discount_amount": "0.00", "edited": 1} 
  lines [{"item_id": 51, "quantity": 3, "price": "4.00", "discount_on_item": "1.00", "discount_type": "flash_sale"}]
  settle {"create_transaction": true, "txn": {"order_amount": "9.00", "store_amount": "10.20", "admin_commission": "0.00", "admin_expense": "1.200", "ref_bonus_amount": 0, "delivery_charge": "0.00", "tax": "0.00", "dm_tips": 0}}
flash off
