
===== [BASE] =====
(a) allowed status pending: blade Edit button shown=True edit=302 update=200 order_amount 8.00 -> 12.00 edited=1
(a) allowed status confirmed: blade Edit button shown=True edit=302 update=200 order_amount 8.00 -> 12.00 edited=1
(a) allowed status processing: blade Edit button shown=True edit=302 update=200 order_amount 8.00 -> 12.00 edited=1
(a) allowed status accepted: blade Edit button shown=True edit=302 update=200 order_amount 8.00 -> 12.00 edited=1
(b) cancle=1 on a handover order: HTTP 302, session cart before=True after=False (never gated)
(c) pending -> edit() OK(302) -> flipped to handover -> update: 200 {"message": "Order updated successfully"} ; nothing persisted=False
(c) pending -> edit() OK(302) -> flipped to delivered -> update: 403 {"errors": [{"code": "order_closed", "message": "Order can not edit a completed order"}]} ; nothing persisted=True
(d) bonus order #92018: blade Edit button shown=False
    direct POST edit=302 update=200 -> ref_bonus 2 order_amount 6.00 adjusment 0.00
(d) flash_admin order #92019: blade Edit button shown=False
    direct POST edit=302 update=200 -> flash 0.8/1.2 order_amount 6.00 adjusment 0.00
(d) control plain pending COD #92020: blade Edit button shown=True

===== [TIP] =====
(a) allowed status pending: blade Edit button shown=True edit=302 update=200 order_amount 8.00 -> 12.00 edited=1
(a) allowed status confirmed: blade Edit button shown=True edit=302 update=200 order_amount 8.00 -> 12.00 edited=1
(a) allowed status processing: blade Edit button shown=True edit=302 update=200 order_amount 8.00 -> 12.00 edited=1
(a) allowed status accepted: blade Edit button shown=True edit=302 update=200 order_amount 8.00 -> 12.00 edited=1
(b) cancle=1 on a handover order: HTTP 302, session cart before=True after=False (never gated)
(c) pending -> edit() OK(302) -> flipped to handover -> update: 403 {"errors": [{"code": "order_closed", "message": "Order can not edit a completed order"}]} ; nothing persisted=True
(c) pending -> edit() OK(302) -> flipped to delivered -> update: 403 {"errors": [{"code": "order_closed", "message": "Order can not edit a completed order"}]} ; nothing persisted=True
(d) bonus order #92028: blade Edit button shown=False
    direct POST edit=302 update=200 -> ref_bonus 2 order_amount 6.00 adjusment 0.00
(d) flash_admin order #92029: blade Edit button shown=False
    direct POST edit=302 update=200 -> flash 0.8/1.2 order_amount 6.00 adjusment 0.00
(d) control plain pending COD #92030: blade Edit button shown=True
