PHPUnit 11.5.55 by Sebastian Bergmann and contributors.

Runtime:       PHP 8.2.34
Configuration: /Users/Apple/Projects/nears-NEARS-4100-order-edit-settlement/Admin/phpunit.xml

...............................................................  63 / 260 ( 24%)
............................................................... 126 / 260 ( 48%)
............................................................... 189 / 260 ( 72%)
............................................................... 252 / 260 ( 96%)
........                                                        260 / 260 (100%)

Time: 00:27.238, Memory: 185.00 MB

OK, but there were issues!
Tests: 260, Assertions: 1101, PHPUnit Deprecations: 33.

## per-class test counts
  18 \Nears2950EditOrderAmountGateTest::
  15 \Nears3224OrderDetailBuilderTest::
   5 \Nears3449CouponTotalUsesEditAccountingTest::
   8 \Nears3946PrescriptionEditDiscountTest::
   3 \Nears3983FlashQtyTaxParityTest::
  66 \Nears4083SettlementGuardTest::
  11 \Nears4087ReferralDiscountCapTest::
  45 \Nears4098StaleStockTwinsTest::
  12 \Nears4099AdminEditRefBonusTest::
  61 \Nears4100OrderEditSettlementTest::
  16 \Nears4100VendorEditTwinsTest::
