DB multi_food_db_qa4100b marker NearsQA4100b
settings start {'admin_free_delivery_status': '1', 'admin_free_delivery_option': 'free_delivery_to_all_store', 'free_delivery_over': 'NULL', 'additional_charge_status': 'NULL', 'additional_charge': 'NULL'}
store12 free_delivery 0
A1 settings {'admin_free_delivery_status': '1', 'admin_free_delivery_option': 'free_delivery_to_all_store', 'free_delivery_over': 'NULL', 'additional_charge_status': 'NULL', 'additional_charge': 'NULL'}

##### H1 A1 free-delivery-to-all-store: placed with delivery 0 (orig 5), basket 8, order_amount 8 (no delivery)
  spec={"order_amount": 8, "overrides": {"delivery_charge": 0, "original_delivery_charge": 5}}
  order 91809
  PRE  {"order_status": "pending", "payment_method": "cash_on_delivery", "payment_status": "unpaid", "ref_bonus_amount": 0, "order_amount": "8.00", "adjusment": "0.00", "total_tax_amount": "0.00", "tax_status": null, "dm_tips": 0, "extra_packaging_amount": 0, "delivery_charge": "0.00", "additional_charge": 0, "flash_admin_discount_amount": 0, "flash_store_discount_amount": 0, "store_discount_amount": "0.00", "coupon_discount_amount": "0.00", "edited": 0}
  http {"edit": [302, ""], "update": [200, {"message": "Order updated successfully"}]} | preview {'edit_tax_amount': '0', 'edit_tax_included': None, 'has_cart': True} | viewTotal د.إ.‏ 13.00
  POST {"order_status": "pending", "payment_method": "cash_on_delivery", "payment_status": "unpaid", "ref_bonus_amount": 0, "order_amount": "13.00", "adjusment": "-5.00", "total_tax_amount": "0.00", "tax_status": "excluded", "dm_tips": 0, "extra_packaging_amount": 0, "delivery_charge": "5.00", "additional_charge": 0, "flash_admin_discount_amount": 0, "flash_store_discount_amount": 0, "store_discount_amount": "0.00", "coupon_discount_amount": "0.00", "edited": 1}
  DELTA order_amount 8.00 -> 13.00; delivery_charge 0.00 -> 5.00; adjusment 0.00 -> -5.00; additional_charge 0 -> 0

##### H1 A1-control: same fixture, admin free delivery OFF-equivalent (placed delivery 5, order_amount 13)
  spec={"order_amount": 13, "overrides": {"delivery_charge": 5, "original_delivery_charge": 5}}
  order 91810
  PRE  {"order_status": "pending", "payment_method": "cash_on_delivery", "payment_status": "unpaid", "ref_bonus_amount": 0, "order_amount": "13.00", "adjusment": "0.00", "total_tax_amount": "0.00", "tax_status": null, "dm_tips": 0, "extra_packaging_amount": 0, "delivery_charge": "5.00", "additional_charge": 0, "flash_admin_discount_amount": 0, "flash_store_discount_amount": 0, "store_discount_amount": "0.00", "coupon_discount_amount": "0.00", "edited": 0}
  http {"edit": [302, ""], "update": [200, {"message": "Order updated successfully"}]} | preview {'edit_tax_amount': '0', 'edit_tax_included': None, 'has_cart': True} | viewTotal د.إ.‏ 13.00
  POST {"order_status": "pending", "payment_method": "cash_on_delivery", "payment_status": "unpaid", "ref_bonus_amount": 0, "order_amount": "13.00", "adjusment": "0.00", "total_tax_amount": "0.00", "tax_status": "excluded", "dm_tips": 0, "extra_packaging_amount": 0, "delivery_charge": "5.00", "additional_charge": 0, "flash_admin_discount_amount": 0, "flash_store_discount_amount": 0, "store_discount_amount": "0.00", "coupon_discount_amount": "0.00", "edited": 1}
  DELTA order_amount 13.00 -> 13.00; delivery_charge 5.00 -> 5.00; adjusment 0.00 -> 0.00; additional_charge 0 -> 0
A2 settings {'admin_free_delivery_status': '1', 'admin_free_delivery_option': 'free_delivery_by_order_amount', 'free_delivery_over': '6', 'additional_charge_status': 'NULL', 'additional_charge': 'NULL'}

##### H1 A2 by_order_amount over=6: placed delivery 0 (orig 5), basket 8
  spec={"order_amount": 8, "overrides": {"delivery_charge": 0, "original_delivery_charge": 5}}
  order 91811
  PRE  {"order_status": "pending", "payment_method": "cash_on_delivery", "payment_status": "unpaid", "ref_bonus_amount": 0, "order_amount": "8.00", "adjusment": "0.00", "total_tax_amount": "0.00", "tax_status": null, "dm_tips": 0, "extra_packaging_amount": 0, "delivery_charge": "0.00", "additional_charge": 0, "flash_admin_discount_amount": 0, "flash_store_discount_amount": 0, "store_discount_amount": "0.00", "coupon_discount_amount": "0.00", "edited": 0}
  http {"edit": [302, ""], "update": [200, {"message": "Order updated successfully"}]} | preview {'edit_tax_amount': '0', 'edit_tax_included': None, 'has_cart': True} | viewTotal د.إ.‏ 8.00
  POST {"order_status": "pending", "payment_method": "cash_on_delivery", "payment_status": "unpaid", "ref_bonus_amount": 0, "order_amount": "8.00", "adjusment": "0.00", "total_tax_amount": "0.00", "tax_status": "excluded", "dm_tips": 0, "extra_packaging_amount": 0, "delivery_charge": "0.00", "additional_charge": 0, "flash_admin_discount_amount": 0, "flash_store_discount_amount": 0, "store_discount_amount": "0.00", "coupon_discount_amount": "0.00", "edited": 1}
  DELTA order_amount 8.00 -> 8.00; delivery_charge 0.00 -> 0.00; adjusment 0.00 -> 0.00; additional_charge 0 -> 0

##### H1 A3 by_order_amount over now 100 (basket 8 below), order was placed free under over=6
  spec={"order_amount": 8, "overrides": {"delivery_charge": 0, "original_delivery_charge": 5}}
  order 91812
  PRE  {"order_status": "pending", "payment_method": "cash_on_delivery", "payment_status": "unpaid", "ref_bonus_amount": 0, "order_amount": "8.00", "adjusment": "0.00", "total_tax_amount": "0.00", "tax_status": null, "dm_tips": 0, "extra_packaging_amount": 0, "delivery_charge": "0.00", "additional_charge": 0, "flash_admin_discount_amount": 0, "flash_store_discount_amount": 0, "store_discount_amount": "0.00", "coupon_discount_amount": "0.00", "edited": 0}
  http {"edit": [302, ""], "update": [200, {"message": "Order updated successfully"}]} | preview {'edit_tax_amount': '0', 'edit_tax_included': None, 'has_cart': True} | viewTotal د.إ.‏ 13.00
  POST {"order_status": "pending", "payment_method": "cash_on_delivery", "payment_status": "unpaid", "ref_bonus_amount": 0, "order_amount": "13.00", "adjusment": "-5.00", "total_tax_amount": "0.00", "tax_status": "excluded", "dm_tips": 0, "extra_packaging_amount": 0, "delivery_charge": "5.00", "additional_charge": 0, "flash_admin_discount_amount": 0, "flash_store_discount_amount": 0, "store_discount_amount": "0.00", "coupon_discount_amount": "0.00", "edited": 1}
  DELTA order_amount 8.00 -> 13.00; delivery_charge 0.00 -> 5.00; adjusment 0.00 -> -5.00; additional_charge 0 -> 0
A4 settings {'admin_free_delivery_status': '0', 'admin_free_delivery_option': 'free_delivery_by_order_amount', 'free_delivery_over': '6', 'additional_charge_status': 'NULL', 'additional_charge': 'NULL'}

##### H1 A4 status=0, over=6: placed paying delivery 5 (order_amount 13)
  spec={"order_amount": 13, "overrides": {"delivery_charge": 5, "original_delivery_charge": 5}}
  order 91813
  PRE  {"order_status": "pending", "payment_method": "cash_on_delivery", "payment_status": "unpaid", "ref_bonus_amount": 0, "order_amount": "13.00", "adjusment": "0.00", "total_tax_amount": "0.00", "tax_status": null, "dm_tips": 0, "extra_packaging_amount": 0, "delivery_charge": "5.00", "additional_charge": 0, "flash_admin_discount_amount": 0, "flash_store_discount_amount": 0, "store_discount_amount": "0.00", "coupon_discount_amount": "0.00", "edited": 0}
  http {"edit": [302, ""], "update": [200, {"message": "Order updated successfully"}]} | preview {'edit_tax_amount': '0', 'edit_tax_included': None, 'has_cart': True} | viewTotal د.إ.‏ 8.00
  POST {"order_status": "pending", "payment_method": "cash_on_delivery", "payment_status": "unpaid", "ref_bonus_amount": 0, "order_amount": "8.00", "adjusment": "5.00", "total_tax_amount": "0.00", "tax_status": "excluded", "dm_tips": 0, "extra_packaging_amount": 0, "delivery_charge": "0.00", "additional_charge": 0, "flash_admin_discount_amount": 0, "flash_store_discount_amount": 0, "store_discount_amount": "0.00", "coupon_discount_amount": "0.00", "edited": 1}
  DELTA order_amount 13.00 -> 8.00; delivery_charge 5.00 -> 0.00; adjusment 0.00 -> 5.00; additional_charge 0 -> 0
