[BASE] PRE  ORDER 92075 {"order_status": "pending", "payment_method": "cash_on_delivery", "payment_status": "unpaid", "ref_bonus_amount": 0, "order_amount": "9.00", "adjusment": "0.00", "total_tax_amount": "0.00", "tax_status": null, "dm_tips": 0.5, "extra_packaging_amount": 0.5, "delivery_charge": "0.00", "additional_charge": 0, "flash_admin_discount_amount": 0, "flash_store_discount_amount": 0, "store_discount_amount": "0.00", "coupon_discount_amount": "0.00", "edited": 0} 
[BASE] edit_order_amount -> 8: 302
[BASE] AFTER edit_order_amount ORDER 92075 {"order_status": "pending", "payment_method": "cash_on_delivery", "payment_status": "unpaid", "ref_bonus_amount": 0, "order_amount": "8.50", "adjusment": "0.00", "total_tax_amount": "0.00", "tax_status": "excluded", "dm_tips": 0.5, "extra_packaging_amount": 0.5, "delivery_charge": "0.00", "additional_charge": 0, "flash_admin_discount_amount": 0, "flash_store_discount_amount": 0, "store_discount_amount": "0.00", "coupon_discount_amount": "0.00", "edited": 0} 
[BASE] edit_discount_amount discount 1 (basket 8 -> 7 expected): 302
[BASE] AFTER edit_discount_amount ORDER 92075 {"order_status": "pending", "payment_method": "cash_on_delivery", "payment_status": "unpaid", "ref_bonus_amount": 0, "order_amount": "7.50", "adjusment": "0.00", "total_tax_amount": "0.00", "tax_status": "excluded", "dm_tips": 0.5, "extra_packaging_amount": 0.5, "delivery_charge": "0.00", "additional_charge": 0, "flash_admin_discount_amount": 0, "flash_store_discount_amount": 0, "store_discount_amount": "1.00", "coupon_discount_amount": "0.00", "edited": 0} 
[BASE] expected order_amount = (8 - 1) + tips 0.5 + packaging 0.5 = 8.00 ; actual 7.50 (diff -0.5)
  settle {"create_transaction": true, "txn": {"order_amount": "7.50", "store_amount": "7.00", "admin_commission": "0.00", "admin_expense": "0.000", "ref_bonus_amount": 0, "delivery_charge": "0.00", "tax": "0.00", "dm_tips": 0.5}}
[TIP] PRE  ORDER 92076 {"order_status": "pending", "payment_method": "cash_on_delivery", "payment_status": "unpaid", "ref_bonus_amount": 0, "order_amount": "9.00", "adjusment": "0.00", "total_tax_amount": "0.00", "tax_status": null, "dm_tips": 0.5, "extra_packaging_amount": 0.5, "delivery_charge": "0.00", "additional_charge": 0, "flash_admin_discount_amount": 0, "flash_store_discount_amount": 0, "store_discount_amount": "0.00", "coupon_discount_amount": "0.00", "edited": 0} 
[TIP] edit_order_amount -> 8: 302
[TIP] AFTER edit_order_amount ORDER 92076 {"order_status": "pending", "payment_method": "cash_on_delivery", "payment_status": "unpaid", "ref_bonus_amount": 0, "order_amount": "9.00", "adjusment": "0.00", "total_tax_amount": "0.00", "tax_status": "excluded", "dm_tips": 0.5, "extra_packaging_amount": 0.5, "delivery_charge": "0.00", "additional_charge": 0, "flash_admin_discount_amount": 0, "flash_store_discount_amount": 0, "store_discount_amount": "0.00", "coupon_discount_amount": "0.00", "edited": 0} 
[TIP] edit_discount_amount discount 1 (basket 8 -> 7 expected): 302
[TIP] AFTER edit_discount_amount ORDER 92076 {"order_status": "pending", "payment_method": "cash_on_delivery", "payment_status": "unpaid", "ref_bonus_amount": 0, "order_amount": "8.00", "adjusment": "0.00", "total_tax_amount": "0.00", "tax_status": "excluded", "dm_tips": 0.5, "extra_packaging_amount": 0.5, "delivery_charge": "0.00", "additional_charge": 0, "flash_admin_discount_amount": 0, "flash_store_discount_amount": 0, "store_discount_amount": "1.00", "coupon_discount_amount": "0.00", "edited": 0} 
[TIP] expected order_amount = (8 - 1) + tips 0.5 + packaging 0.5 = 8.00 ; actual 8.00 (diff 0.0)
  settle {"create_transaction": true, "txn": {"order_amount": "8.00", "store_amount": "7.50", "admin_commission": "0.00", "admin_expense": "0.000", "ref_bonus_amount": 0, "delivery_charge": "0.00", "tax": "0.00", "dm_tips": 0.5}}
(order-wise 10% VAT on) tax 13 setup 13
[BASE] PRE  ORDER 92077 {"order_status": "pending", "payment_method": "cash_on_delivery", "payment_status": "unpaid", "ref_bonus_amount": 0, "order_amount": "9.00", "adjusment": "0.00", "total_tax_amount": "0.00", "tax_status": null, "dm_tips": 0.5, "extra_packaging_amount": 0.5, "delivery_charge": "0.00", "additional_charge": 0, "flash_admin_discount_amount": 0, "flash_store_discount_amount": 0, "store_discount_amount": "0.00", "coupon_discount_amount": "0.00", "edited": 0} 
[BASE] edit_order_amount -> 8: 302
[BASE] AFTER edit_order_amount ORDER 92077 {"order_status": "pending", "payment_method": "cash_on_delivery", "payment_status": "unpaid", "ref_bonus_amount": 0, "order_amount": "8.50", "adjusment": "0.00", "total_tax_amount": "0.00", "tax_status": "excluded", "dm_tips": 0.5, "extra_packaging_amount": 0.5, "delivery_charge": "0.00", "additional_charge": 0, "flash_admin_discount_amount": 0, "flash_store_discount_amount": 0, "store_discount_amount": "0.00", "coupon_discount_amount": "0.00", "edited": 0} 
[BASE] edit_discount_amount discount 1 (basket 8 -> 7 expected): 302
[BASE] AFTER edit_discount_amount ORDER 92077 {"order_status": "pending", "payment_method": "cash_on_delivery", "payment_status": "unpaid", "ref_bonus_amount": 0, "order_amount": "7.50", "adjusment": "0.00", "total_tax_amount": "0.00", "tax_status": "excluded", "dm_tips": 0.5, "extra_packaging_amount": 0.5, "delivery_charge": "0.00", "additional_charge": 0, "flash_admin_discount_amount": 0, "flash_store_discount_amount": 0, "store_discount_amount": "1.00", "coupon_discount_amount": "0.00", "edited": 0} 
[BASE] expected tax 10% of (8-1)=0.70 and order_amount = 7 + 0.70 + tips 0.5 + packaging 0.5 = 8.70 ; actual tax 0.00 order_amount 7.50 
  settle {"create_transaction": true, "txn": {"order_amount": "7.50", "store_amount": "7.00", "admin_commission": "0.00", "admin_expense": "0.000", "ref_bonus_amount": 0, "delivery_charge": "0.00", "tax": "0.00", "dm_tips": 0.5}}
[TIP] PRE  ORDER 92078 {"order_status": "pending", "payment_method": "cash_on_delivery", "payment_status": "unpaid", "ref_bonus_amount": 0, "order_amount": "9.00", "adjusment": "0.00", "total_tax_amount": "0.00", "tax_status": null, "dm_tips": 0.5, "extra_packaging_amount": 0.5, "delivery_charge": "0.00", "additional_charge": 0, "flash_admin_discount_amount": 0, "flash_store_discount_amount": 0, "store_discount_amount": "0.00", "coupon_discount_amount": "0.00", "edited": 0} 
[TIP] edit_order_amount -> 8: 302
[TIP] AFTER edit_order_amount ORDER 92078 {"order_status": "pending", "payment_method": "cash_on_delivery", "payment_status": "unpaid", "ref_bonus_amount": 0, "order_amount": "9.00", "adjusment": "0.00", "total_tax_amount": "0.00", "tax_status": "excluded", "dm_tips": 0.5, "extra_packaging_amount": 0.5, "delivery_charge": "0.00", "additional_charge": 0, "flash_admin_discount_amount": 0, "flash_store_discount_amount": 0, "store_discount_amount": "0.00", "coupon_discount_amount": "0.00", "edited": 0} 
[TIP] edit_discount_amount discount 1 (basket 8 -> 7 expected): 302
[TIP] AFTER edit_discount_amount ORDER 92078 {"order_status": "pending", "payment_method": "cash_on_delivery", "payment_status": "unpaid", "ref_bonus_amount": 0, "order_amount": "8.00", "adjusment": "0.00", "total_tax_amount": "0.00", "tax_status": "excluded", "dm_tips": 0.5, "extra_packaging_amount": 0.5, "delivery_charge": "0.00", "additional_charge": 0, "flash_admin_discount_amount": 0, "flash_store_discount_amount": 0, "store_discount_amount": "1.00", "coupon_discount_amount": "0.00", "edited": 0} 
[TIP] expected tax 10% of (8-1)=0.70 and order_amount = 7 + 0.70 + tips 0.5 + packaging 0.5 = 8.70 ; actual tax 0.00 order_amount 8.00 
  settle {"create_transaction": true, "txn": {"order_amount": "8.00", "store_amount": "7.50", "admin_commission": "0.00", "admin_expense": "0.000", "ref_bonus_amount": 0, "delivery_charge": "0.00", "tax": "0.00", "dm_tips": 0.5}}
vat off
[TIP] edit_order_amount -> 8: 302
[TIP] basket 8 stored ORDER 92079 {"order_status": "pending", "payment_method": "cash_on_delivery", "payment_status": "unpaid", "ref_bonus_amount": 0, "order_amount": "9.00", "adjusment": "0.00", "total_tax_amount": "0.00", "tax_status": "excluded", "dm_tips": 0.5, "extra_packaging_amount": 0.5, "delivery_charge": "0.00", "additional_charge": 0, "flash_admin_discount_amount": 0, "flash_store_discount_amount": 0, "store_discount_amount": "0.00", "coupon_discount_amount": "0.00", "edited": 0} 
[TIP] edit_discount_amount 8.2 (> real basket 8; should be refused as greater than product amount): 302
[TIP] AFTER ORDER 92079 {"order_status": "pending", "payment_method": "cash_on_delivery", "payment_status": "unpaid", "ref_bonus_amount": 0, "order_amount": "0.80", "adjusment": "0.00", "total_tax_amount": "0.00", "tax_status": "excluded", "dm_tips": 0.5, "extra_packaging_amount": 0.5, "delivery_charge": "0.00", "additional_charge": 0, "flash_admin_discount_amount": 0, "flash_store_discount_amount": 0, "store_discount_amount": "8.20", "coupon_discount_amount": "0.00", "edited": 0} 
[TIP] discount 8.2 on basket 8 ACCEPTED=True (packaging 0.5 counted in the back-derived basket 8.5) order_amount 0.80
