08-30 20:09:47.716 11354 11354 I flutter : [NET] GET endpoint=/api/v1/customer/info
08-30 20:09:47.717 11354 11354 I flutter : [NET] GET endpoint=/api/v1/customer/info
08-30 20:10:35.487 11354 11354 I flutter : [NET] GET endpoint=/api/v1/cashback/list
08-30 20:10:35.488 11354 11354 I flutter : [NET] GET endpoint=/api/v1/customer/wish-list
08-30 20:10:35.489 11354 11354 I flutter : [NET] GET endpoint=/api/v1/cashback/list
08-30 20:10:35.489 11354 11354 I flutter : [NET] GET endpoint=/api/v1/customer/cart/list
08-30 20:10:35.489 11354 11354 I flutter : [NET] GET endpoint=/api/v1/customer/cart/list
08-30 20:10:35.599 11354 11354 I flutter : [NET] GET endpoint=/api/v1/config/get-zone-id
08-30 20:10:37.115 11354 11354 I flutter : [NET] GET endpoint=/api/v1/home/all
08-30 20:10:38.316 11354 11354 I flutter : [NET] GET endpoint=/api/v1/other-banners
08-30 20:10:38.316 11354 11354 I flutter : [NET] GET endpoint=/api/v1/customer/info
08-30 20:10:38.319 11354 11354 I flutter : [NET] GET endpoint=/api/v1/flash-sales
08-30 20:10:38.320 11354 11354 I flutter : [NET] GET endpoint=/api/v1/items/popular
08-30 20:10:38.320 11354 11354 I flutter : [NET] GET endpoint=/api/v1/items/most-reviewed
08-30 20:10:38.320 11354 11354 I flutter : [NET] GET endpoint=/api/v1/campaigns/basic
08-30 20:10:38.320 11354 11354 I flutter : [NET] GET endpoint=/api/v1/campaigns/item
08-30 20:10:38.321 11354 11354 I flutter : [NET] GET endpoint=/api/v1/items/recommended
08-30 20:10:38.321 11354 11354 I flutter : [NET] GET endpoint=/api/v1/stores/get-stores/all
08-30 20:10:38.321 11354 11354 I flutter : [NET] GET endpoint=/api/v1/advertisement/list
08-30 20:10:39.317 11354 11354 I flutter : [NET] GET endpoint=/api/v1/customer/notifications
08-30 20:10:39.317 11354 11354 I flutter : [NET] GET endpoint=/api/v1/coupon/list
08-30 20:10:39.322 11354 11354 I flutter : [NET] GET endpoint=/api/v1/module
08-30 20:10:41.146 11354 11354 I flutter : [NET] GET endpoint=/api/v1/customer/order/buy-it-again
08-30 20:11:36.304 11354 11354 I flutter : [NET] GET endpoint=/api/v1/customer/order/running-orders
08-30 20:11:36.305 11354 11354 I flutter : [NET] GET endpoint=/api/v1/customer/order/list
