== AC5: repo-wide grep for each of the 14 old root filenames (docs/<name>), quoted args, real array, exclude .git ==
Hits found, all classified:

docs/admin-routes.json:
  tasks/suggestion-recommendation.md          -> KNOWN (flagged followup)
  tasks/nears-tasks.md                        -> KNOWN (flagged followup)
  tasks/.atlassian-sync.json (1 entry, srcid-aud-struct-56-part2) -> KNOWN (flagged followup, the ONE entry)
  tasks/audit-2026-07-02/01 audit backend.md  -> KNOWN (matches "tasks/audit-2026-07*" flagged pattern)

docs/openapi-admin-full.yaml:
  tasks/workflow-audit-2026-09/partials/wf-agents.json -> KNOWN (explicitly flagged followup file)

docs/status-enums.json:
  tasks/nears-tasks.md                        -> KNOWN
  tasks/audit-2026-07/deliveryapp-findings.json -> KNOWN (audit-2026-07* pattern)
  tasks/audit-2026-07/partials-delivery/code.json -> KNOWN (audit-2026-07* pattern)
  tasks/audit-2026-07/deliveryapp-summary.md  -> KNOWN (audit-2026-07* pattern)
  docs/solutions/NEARS-3494-docs-catalog-relocation.md (x2) -> KNOWN (solution doc, historical narration by design)

docs/entities.json:
  tasks/nears-tasks.md                        -> KNOWN

docs/env-vars-locations.txt:
  tasks/suggestion-recommendation.md          -> KNOWN
  tasks/nears-tasks.md                        -> KNOWN

docs/mobile-to-admin-map.json:
  docs/solutions/NEARS-3494-docs-catalog-relocation.md -> KNOWN (solution doc)

Zero hits (no old-path references anywhere) for: docs/openapi-admin.yaml, docs/entities.json (json variant
already covered), docs/mobile-api-usage.json, docs/mobile-api-usage-annotated.json,
docs/mobile-api-usage-filtered.json, docs/mobile-to-admin-map-resolved.json,
docs/mobile-to-admin-map-simname.json, docs/mobile-to-admin-summary.csv, docs/userapp-ux-design-prompt.txt.

RESULT: every hit falls into one of the two pre-flagged exception classes. Zero fresh findings.
