NEARS-758 AC1/AC3 live evidence — on-device shared_prefs inspection (emulator-5556, pkg com.izzes.nears)

## shared_prefs files present:
FlutterSecureKeyStorage.xml
FlutterSecureStorage.xml
FlutterSharedPreferences.xml
io.flutter.firebase.messaging.callback.xml
io.flutter.plugins.firebase.messaging.xml

## plain FlutterSharedPreferences.xml key names (grep 'wallet_access_token' -> ABSENT):
flutter.6ammart_cart_list
flutter.6ammart_country_code
flutter.6ammart_earn_point
flutter.6ammart_guest_id
flutter.6ammart_intro
flutter.6ammart_language_code
flutter.6ammart_login_suggestion
flutter.6ammart_notification
flutter.6ammart_notification_count
flutter.6ammart_payment_incomplete_bottomsheet
flutter.6ammart_reffer_bottomsheet_show
flutter.6ammart_search_history
flutter.6ammart_suggested_location
flutter.6ammart_theme
flutter.cacheModuleId
flutter.s5_cache_token_purged

grep 6ammart_wallet_access_token in ALL plain *.xml:
  match count = 0

## FlutterSecureStorage.xml is EncryptedSharedPreferences (Jetpack Security keyset present):
androidx_security_crypto_encrypted_prefs

(post-logout state identical: wallet_access_token still absent from plain prefs — AC3)
