08-24 19:24:21.043 12065 12065 I flutter : [NET] GET endpoint=/api/v1/items/most-reviewed
08-24 19:24:21.044 12065 12065 I flutter : [NET] GET endpoint=/api/v1/campaigns/basic
08-24 19:24:21.044 12065 12065 I flutter : [NET] GET endpoint=/api/v1/campaigns/item
08-24 19:24:21.045 12065 12065 I flutter : [NET] GET endpoint=/api/v1/items/recommended
08-24 19:24:21.046 12065 12065 I flutter : [NET] GET endpoint=/api/v1/stores/get-stores/all
08-24 19:24:21.046 12065 12065 I flutter : [NET] GET endpoint=/api/v1/advertisement/list
08-24 19:24:22.260 12065 12065 I flutter : [NET] endpoint=/api/v1/campaigns/item http_status=200
08-24 19:24:22.501 12065 12065 I flutter : [NET] endpoint=/api/v1/other-banners http_status=200
08-24 19:24:22.537 12065 12065 I flutter : [NET] endpoint=/api/v1/customer/info http_status=200
--
08-24 19:31:59.770 12065 12065 I flutter : [NET] GET endpoint=/api/v1/items/most-reviewed
08-24 19:31:59.771 12065 12065 I flutter : [NET] GET endpoint=/api/v1/campaigns/basic
08-24 19:31:59.771 12065 12065 I flutter : [NET] GET endpoint=/api/v1/campaigns/item
08-24 19:31:59.771 12065 12065 I flutter : [NET] GET endpoint=/api/v1/items/recommended
08-24 19:31:59.772 12065 12065 I flutter : [NET] GET endpoint=/api/v1/stores/get-stores/all
--
08-24 19:32:01.212 12065 12065 I flutter : [NET] endpoint=/api/v1/items/most-reviewed http_status=200
08-24 19:32:01.304 12065 12065 I flutter : [NET] endpoint=/api/v1/campaigns/basic http_status=200
08-24 19:32:01.459 12065 12065 I flutter : [NET] endpoint=/api/v1/campaigns/item http_status=200
08-24 19:32:02.396 12065 12065 I flutter : [NET] endpoint=/api/v1/items/recommended http_status=200
08-24 19:32:02.607 12065 12065 I flutter : [NET] endpoint=/api/v1/stores/get-stores/all http_status=200
--
08-24 19:39:10.607 14868 14868 I flutter : [NET] GET endpoint=/api/v1/items/most-reviewed
08-24 19:39:10.607 14868 14868 I flutter : [NET] GET endpoint=/api/v1/campaigns/basic
08-24 19:39:10.607 14868 14868 I flutter : [NET] GET endpoint=/api/v1/campaigns/item
08-24 19:39:10.608 14868 14868 I flutter : [NET] GET endpoint=/api/v1/items/recommended
08-24 19:39:10.608 14868 14868 I flutter : [NET] GET endpoint=/api/v1/stores/get-stores/all
--
08-24 19:39:10.756 14868 14868 I flutter : <asynchronous suspension>
08-24 19:39:10.756 14868 14868 I flutter : ----------------------------------------------------
08-24 19:39:10.756 14868 14868 I flutter : [FAIL] endpoint=/api/v1/campaigns/item http_status=null type=ApiFailure transport_error=socket msg="api request threw" correlation_id=e189338e-bd8a-4210-a24a-07c380c48c81
08-24 19:39:10.756 14868 14868 I flutter : ----------------FIREBASE CRASHLYTICS----------------
08-24 19:39:10.756 14868 14868 I flutter : The following exception was thrown api request threw:
--
08-24 19:46:00.087 15830 15830 I flutter : [NET] GET endpoint=/api/v1/items/most-reviewed
08-24 19:46:00.087 15830 15830 I flutter : [NET] GET endpoint=/api/v1/campaigns/basic
08-24 19:46:00.088 15830 15830 I flutter : [NET] GET endpoint=/api/v1/campaigns/item
08-24 19:46:00.088 15830 15830 I flutter : [NET] GET endpoint=/api/v1/items/recommended
08-24 19:46:00.089 15830 15830 I flutter : [NET] GET endpoint=/api/v1/stores/get-stores/all
08-24 19:46:00.089 15830 15830 I flutter : [NET] GET endpoint=/api/v1/advertisement/list
08-24 19:46:01.033 15830 15830 I flutter : [NET] endpoint=/api/v1/advertisement/list http_status=200
08-24 19:46:01.036 15830 15830 I flutter : [NET] endpoint=/api/v1/campaigns/item http_status=500
08-24 19:46:01.037 15830 15830 I flutter : ----------------FIREBASE CRASHLYTICS----------------
08-24 19:46:01.037 15830 15830 I flutter : The following exception was thrown api request failed:
--
08-24 19:46:01.037 15830 15830 I flutter : <asynchronous suspension>
08-24 19:46:01.037 15830 15830 I flutter : ----------------------------------------------------
08-24 19:46:01.047 15830 15830 I flutter : [FAIL] endpoint=/api/v1/campaigns/item http_status=500 type=ApiFailure msg="api request failed"
08-24 19:46:01.053 15830 15830 I flutter : [NET] endpoint=/api/v1/stores/get-stores/all http_status=200
08-24 19:46:01.057 15830 15830 I flutter : [NET] GET endpoint=/api/v1/customer/order/buy-it-again
--
08-24 19:49:38.852 15830 15830 I flutter : [NET] GET endpoint=/api/v1/items/most-reviewed
08-24 19:49:38.854 15830 15830 I flutter : [NET] GET endpoint=/api/v1/campaigns/basic
08-24 19:49:38.856 15830 15830 I flutter : [NET] GET endpoint=/api/v1/campaigns/item
08-24 19:49:38.861 15830 15830 I flutter : [NET] GET endpoint=/api/v1/items/recommended
08-24 19:49:38.863 15830 15830 I flutter : [NET] GET endpoint=/api/v1/customer/order/buy-it-again
--
08-24 19:49:40.191 15830 15830 I flutter : [NET] endpoint=/api/v1/stores/get-stores/all http_status=200
08-24 19:49:40.192 15830 15830 I flutter : [NET] GET endpoint=/api/v1/customer/order/buy-it-again
08-24 19:49:41.116 15830 15830 I flutter : [NET] endpoint=/api/v1/campaigns/item http_status=200
08-24 19:49:42.755 15830 15830 I flutter : [NET] endpoint=/api/v1/items/recommended http_status=200
08-24 19:49:42.946 15830 15830 I flutter : [NET] endpoint=/api/v1/campaigns/basic http_status=200
