# bug-offers-zone-wide-bleed (pre-existing backend contract, NEARS-1316; NOT caused by this change)
## Backend code (Admin/app/Http/Controllers/Api/V1/CategoryController.php:215): '// NEARS-1316 - zone-wide offers list (parity with home): no per-store scope.'
## Wire seen from the app on store 4117 (QA recording proxy log):
03:23:48 GET /api/v1/categories/items/offers?limit=10&offset=1&type=all&store_id=4117 -> 200
03:24:06 GET /api/v1/categories/items/offers?limit=10&offset=2&type=all&store_id=4117 -> 200
03:24:15 GET /api/v1/categories/items/offers?limit=10&offset=3&type=all&store_id=4117 -> 200
03:24:24 GET /api/v1/categories/items/offers?limit=10&offset=4&type=all&store_id=4117 -> 200
03:25:16 GET /api/v1/categories/items/144?offers=1&store_id=4117&limit=10&offset=1&type=all -> 200
03:25:31 GET /api/v1/categories/items/144?offers=1&store_id=4117&limit=10&offset=2&type=all -> 200
03:26:12 GET /api/v1/categories/items/1?offers=1&store_id=4117&limit=10&offset=1&type=all -> 200
03:27:00 GET /api/v1/categories/items/offers?limit=10&offset=1&type=all&store_id=4117 -> 200
03:27:06 GET /api/v1/categories/items/144?offers=1&store_id=4117&limit=10&offset=1&type=all -> 200
03:27:12 GET /api/v1/categories/items/144?offers=1&store_id=4117&limit=10&offset=1&type=all -> 200
03:27:35 GET /api/v1/categories/items/1?offers=1&store_id=4117&limit=10&offset=1&type=all -> REWRITTEN(empty offers page for QA empty-state) 52B
03:30:22 GET /api/v1/categories/items/offers?limit=10&offset=1&type=all&store_id=4118 -> 200
## Direct reads (zoneId [2], moduleId 1), ids only:
offers offset=1 total_size 108 n 10 store_ids [4117]
offers offset=2 total_size 108 n 10 store_ids [57, 58, 4117]
offers offset=3 total_size 108 n 10 store_ids [55, 56, 57]
category 1 offers=1 store_id=4117 total_size 8 store_ids [13, 14, 16, 17, 18, 22, 35]
category 1 offers=1 store_id=4118 total_size 8 store_ids [13, 14, 16, 17, 18, 22, 35]
category 1 offers=1 store_id=99999 total_size 8 store_ids [13, 14, 16, 17, 18, 22, 35]
## Effect: store 4117 has 12 discounted items (category 144), but the Offers chip grid (total_size 108) pages 2+ append other stores' items, and category 1 (no item of store 4117) returns 8 items instead of the empty state.
