I/flutter ( 6990): [FAIL] endpoint=null http_status=null type=FirebaseInitFailure msg="firebase init failed (PlatformException)"
I/flutter ( 6990): [FAIL] endpoint=null http_status=null type=KilledLaunchNotificationFailure msg="killed-launch getInitialMessage failed (FirebaseException)"
I/flutter ( 6990): [FAIL] endpoint=null http_status=null type=FcmTokenFetchFailure msg="FCM registration id fetch failed"
I/flutter ( 6990): [FAIL] endpoint=null http_status=null type=FcmTopicConfigFailure msg="configureFirebaseMessaging: FCM topic subscribe/unsubscribe failed"
I/flutter ( 6990): [FAIL] endpoint=null http_status=null type=FcmTokenFetchFailure msg="FCM registration id fetch failed"
I/flutter ( 6990): [FAIL] endpoint=null http_status=null type=FcmTokenFetchFailure msg="firebase messaging unavailable during token update"
I/flutter ( 6990): [FAIL] endpoint=/api/v1/customer/order/get-Tax http_status=403 type=ApiFailure msg="checkout: group per-store tax non-200"
I/flutter ( 6990): [FAIL] endpoint=/api/v1/customer/order/get-Tax http_status=403 type=ApiFailure msg="checkout: group per-store tax non-200"
I/flutter ( 6990): [WARN] msg="checkout: place order tap blocked — pricing not settled (tax/delivery-quote) address_resolving=false"
I/flutter ( 6990): [FAIL] endpoint=/api/v1/customer/order/get-Tax http_status=403 type=ApiFailure msg="checkout: group per-store tax non-200"
I/flutter ( 6990): [FAIL] endpoint=null http_status=null type=PlaceOrderBlocked msg="checkout: place-order blocked reason=please_enter_valid_phone_number"
I/flutter ( 6990): [FAIL] endpoint=/api/v1/customer/order/get-Tax http_status=403 type=ApiFailure msg="checkout: group per-store tax non-200"
I/flutter ( 6990): [FAIL] endpoint=/api/v1/customer/order/get-Tax http_status=403 type=ApiFailure msg="api request failed" correlation_id=63a79e5d-51e2-4d5e-804c-55a94d79d711
I/flutter ( 6990): [FAIL] endpoint=/api/v1/customer/order/get-Tax http_status=403 type=ApiFailure msg="api request failed" correlation_id=216b5216-a4c7-42ba-a5d1-8b368a4344ab
I/flutter ( 6990): [FAIL] endpoint=/api/v1/customer/order/get-Tax http_status=403 type=ApiFailure msg="api request failed" correlation_id=cc2c7813-8863-4d89-85ad-51c09efcfa32
I/flutter ( 6990): [FAIL] endpoint=/api/v1/customer/order/get-Tax http_status=403 type=ApiFailure msg="checkout: group per-store tax non-200"
I/flutter ( 6990): [FAIL] endpoint=/api/v1/customer/order/get-Tax http_status=403 type=ApiFailure msg="checkout: group per-store tax non-200"
I/flutter ( 6990): [FAIL] endpoint=/api/v1/customer/order/get-Tax http_status=403 type=ApiFailure msg="checkout: group per-store tax non-200"
I/flutter ( 6990): [FAIL] endpoint=null http_status=null type=GetPositionFailure msg="location: getPosition threw (TimeoutException) — trying the AD1 fallback ladder"
I/flutter ( 6990): [FAIL] endpoint=/api/v1/customer/order/get-Tax http_status=500 type=ApiFailure msg="checkout: group per-store tax non-200"
I/flutter ( 6990): [FAIL] endpoint=/api/v1/customer/order/get-Tax http_status=500 type=ApiFailure msg="checkout: group per-store tax non-200"
I/flutter ( 6990): [FAIL] endpoint=null http_status=null type=FcmTokenFetchFailure msg="firebase messaging unavailable during logout teardown"
I/flutter ( 6990): [FAIL] endpoint=null http_status=null type=FcmTokenFetchFailure msg="FCM registration id fetch failed"
I/flutter ( 6990): [FAIL] endpoint=null http_status=null type=FcmTopicConfigFailure msg="configureFirebaseMessaging: FCM topic subscribe/unsubscribe failed"
I/flutter ( 6990): [FAIL] endpoint=/api/v1/customer/order/get-Tax http_status=403 type=ApiFailure msg="checkout: group per-store tax non-200"
I/flutter ( 6990): [FAIL] endpoint=/api/v1/customer/order/get-Tax http_status=403 type=ApiFailure msg="checkout: group per-store tax non-200"
I/flutter ( 6990): [WARN] msg="checkout: place order tap blocked — pricing not settled (tax/delivery-quote) address_resolving=false"
I/flutter ( 6990): [FAIL] endpoint=/api/v1/customer/order/get-Tax http_status=403 type=ApiFailure msg="checkout: group per-store tax non-200"
I/flutter ( 6990): [FAIL] endpoint=null http_status=null type=PlaceOrderBlocked msg="checkout: place-order blocked reason=please_enter_valid_phone_number"
I/flutter ( 6990): [FAIL] endpoint=null http_status=null type=GetPositionFailure msg="location: getPosition threw (TimeoutException) — trying the AD1 fallback ladder"
