I/flutter (17742): [NET] endpoint=/api/v1/customer/order/payment-failed http_status=200
I/flutter (17742): [NET] endpoint=/api/v1/customer/order/details http_status=200
I/flutter (17742): [FAIL] framework_error library=widgets library type=_TypeError msg="Null check operator used on a null value"
I/flutter (17742): [FAIL] framework_error   at #0      OrderController.computeOrderFinancials (package:sixam_mart/features/order/controllers/order_controller.dart:763:48)
I/flutter (17742): [FAIL] framework_error   at #1      OrderDetailsScreenState.build.<anonymous closure>.<anonymous closure> (package:sixam_mart/features/order/screens/order_details_screen.dart:276:24)
I/flutter (17742): [FAIL] framework_error   at #2      GetBuilderState.build (package:get/get_state_manager/src/simple/get_state.dart:212:26)
I/flutter (17742): [FAIL] framework_error   at #3      StatefulElement.build (package:flutter/src/widgets/framework.dart:5931:27)
I/flutter (17742): [FAIL] framework_error   at #4      ComponentElement.performRebuild (package:flutter/src/widgets/framework.dart:5817:15)
I/flutter (17742): [FAIL] framework_error   at #5      StatefulElement.performRebuild (package:flutter/src/widgets/framework.dart:5982:11)
I/flutter (17742): [FAIL] framework_error   at #6      Element.rebuild (package:flutter/src/widgets/framework.dart:5529:7)
I/flutter (17742): [FAIL] framework_error   at #7      StatefulElement.update (package:flutter/src/widgets/framework.dart:6007:5)

══╡ EXCEPTION CAUGHT BY WIDGETS LIBRARY ╞═══════════════════════════════════════════════════════════
The following _TypeError was thrown building GetBuilder<OrderController>(dirty, state:
GetBuilderState<OrderController>#912f6):
Null check operator used on a null value

The relevant error-causing widget was:
  GetBuilder<OrderController>
  GetBuilder:file:///Users/Apple/Projects/nears-NEARS-2821-order-details-null-item-details/UserApp/lib/features/order/screens/order_details_screen.dart:269:22

When the exception was thrown, this was the stack:
#0      OrderController.computeOrderFinancials (package:sixam_mart/features/order/controllers/order_controller.dart:763:48)
#1      OrderDetailsScreenState.build.<anonymous closure>.<anonymous closure> (package:sixam_mart/features/order/screens/order_details_screen.dart:276:24)
#2      GetBuilderState.build (package:get/get_state_manager/src/simple/get_state.dart:212:26)
#3      StatefulElement.build (package:flutter/src/widgets/framework.dart:5931:27)
#4      ComponentElement.performRebuild (package:flutter/src/widgets/framework.dart:5817:15)
#5      StatefulElement.performRebuild (package:flutter/src/widgets/framework.dart:5982:11)
--

I/flutter (17742): [NET] endpoint=/api/v1/customer/order/track http_status=200
I/flutter (17742): [FAIL] framework_error library=widgets library type=_TypeError msg="Null check operator used on a null value"
I/flutter (17742): [FAIL] framework_error   at #0      OrderController.computeOrderFinancials (package:sixam_mart/features/order/controllers/order_controller.dart:763:48)
I/flutter (17742): [FAIL] framework_error   at #1      OrderDetailsScreenState.build.<anonymous closure>.<anonymous closure> (package:sixam_mart/features/order/screens/order_details_screen.dart:276:24)
I/flutter (17742): [FAIL] framework_error   at #2      GetBuilderState.build (package:get/get_state_manager/src/simple/get_state.dart:212:26)
I/flutter (17742): [FAIL] framework_error   at #3      StatefulElement.build (package:flutter/src/widgets/framework.dart:5931:27)
I/flutter (17742): [FAIL] framework_error   at #4      ComponentElement.performRebuild (package:flutter/src/widgets/framework.dart:5817:15)
I/flutter (17742): [FAIL] framework_error   at #5      StatefulElement.performRebuild (package:flutter/src/widgets/framework.dart:5982:11)
I/flutter (17742): [FAIL] framework_error   at #6      Element.rebuild (package:flutter/src/widgets/framework.dart:5529:7)
I/flutter (17742): [FAIL] framework_error   at #7      StatefulElement.update (package:flutter/src/widgets/framework.dart:6007:5)
