09-01 22:40:59.426 22801 22801 I flutter : The following exception was thrown uncaught async error (StateError):
09-01 22:40:59.426 22801 22801 I flutter : Bad state: GoogleMapController for map ID 24 was used after the associated GoogleMap widget had already been disposed.
09-01 22:40:59.427 22801 22801 I flutter : #0      GoogleMapController._checkWidgetMountedOrThrow (package:google_maps_flutter/src/controller.dart:441:7)
09-01 22:40:59.427 22801 22801 I flutter : #1      GoogleMapController.getZoomLevel (package:google_maps_flutter/src/controller.dart:411:5)
09-01 22:40:59.427 22801 22801 I flutter : #2      _SelectLocationViewWidgetState.mapView.<anonymous closure> (package:sixam_mart/features/auth/widgets/select_location_view_widget.dart:652:70)
09-01 22:40:59.427 22801 22801 I flutter : #3      NInkWell.buildContent.<anonymous closure>.<anonymous closure> (package:nears_dls/elements/inkwell/n_ink_well.dart:71:27)
09-01 22:40:59.427 22801 22801 I flutter : #4      new Future.delayed.<anonymous closure> (dart:async/future.dart:440:42)
09-01 22:40:59.427 22801 22801 I flutter : #5      Timer._createTimer.<anonymous closure> (dart:async-patch/timer_patch.dart:18:15)
09-01 22:40:59.427 22801 22801 I flutter : #6      _Timer._runTimers (dart:isolate-patch/timer_impl.dart:423:19)
09-01 22:40:59.427 22801 22801 I flutter : #7      _Timer._handleMessage (dart:isolate-patch/timer_impl.dart:454:5)
09-01 22:40:59.427 22801 22801 I flutter : #8      _RawReceivePort._handleMessage (dart:isolate-patch/isolate_patch.dart:193:12)
09-01 22:40:59.427 22801 22801 I flutter : ----------------------------------------------------
--
09-01 22:40:59.473 22801 22801 I flutter : The following exception was thrown uncaught async error (StateError):
09-01 22:40:59.473 22801 22801 I flutter : Bad state: GoogleMapController for map ID 24 was used after the associated GoogleMap widget had already been disposed.
09-01 22:40:59.473 22801 22801 I flutter : #0      GoogleMapController._checkWidgetMountedOrThrow (package:google_maps_flutter/src/controller.dart:441:7)
09-01 22:40:59.473 22801 22801 I flutter : #1      GoogleMapController.getZoomLevel (package:google_maps_flutter/src/controller.dart:411:5)
09-01 22:40:59.473 22801 22801 I flutter : #2      _SelectLocationViewWidgetState.mapView.<anonymous closure> (package:sixam_mart/features/auth/widgets/select_location_view_widget.dart:675:70)
09-01 22:40:59.473 22801 22801 I flutter : #3      NInkWell.buildContent.<anonymous closure>.<anonymous closure> (package:nears_dls/elements/inkwell/n_ink_well.dart:71:27)
09-01 22:40:59.473 22801 22801 I flutter : #4      new Future.delayed.<anonymous closure> (dart:async/future.dart:440:42)
09-01 22:40:59.473 22801 22801 I flutter : #5      Timer._createTimer.<anonymous closure> (dart:async-patch/timer_patch.dart:18:15)
09-01 22:40:59.473 22801 22801 I flutter : #6      _Timer._runTimers (dart:isolate-patch/timer_impl.dart:423:19)
09-01 22:40:59.473 22801 22801 I flutter : #7      _Timer._handleMessage (dart:isolate-patch/timer_impl.dart:454:5)
09-01 22:40:59.473 22801 22801 I flutter : #8      _RawReceivePort._handleMessage (dart:isolate-patch/isolate_patch.dart:193:12)
09-01 22:40:59.473 22801 22801 I flutter : ----------------------------------------------------
