29:Flutter run key commands.
46:D/FA      (31986): Connected to remote service
48:V/FA      (31986): Processing queued up service tasks: 5
50:V/FA      (31986): Logging telemetry for logEvent from database
51:V/FA      (31986): Logging telemetry for logEvent from database
55:V/FA      (31986): Logging screen view with name, class: /splash, MainActivity
56:V/FA      (31986): Logging telemetry for logEvent from database
57:V/FA      (31986): Recording user engagement, ms: 3875
65:V/FA      (31986): Logging screen view with name, class: /, MainActivity
68:V/FA      (31986): Logging telemetry for logEvent from database
69:V/FA      (31986): Recording user engagement, ms: 1225
79:V/FA      (31986): Inactivity, disconnecting from the service
82:V/FA      (31986): Connecting to remote service
83:D/FA      (31986): Connected to remote service
84:V/FA      (31986): Processing queued up service tasks: 1
85:V/FA      (31986): Logging telemetry for logEvent from database
99:V/FA      (31986): Inactivity, disconnecting from the service
102:V/FA      (31986): Logging screen view with name, class: /sign-in, MainActivity
103:V/FA      (31986): Connecting to remote service
104:V/FA      (31986): Recording user engagement, ms: 79373
105:V/FA      (31986): Connection attempt already in progress
107:D/FA      (31986): Connected to remote service
108:V/FA      (31986): Processing queued up service tasks: 2
109:V/FA      (31986): Logging telemetry for logEvent from database
112:V/FA      (31986): Inactivity, disconnecting from the service
196:V/FA      (31986): Connecting to remote service
197:D/FA      (31986): Connected to remote service
198:V/FA      (31986): Processing queued up service tasks: 1
199:V/FA      (31986): Logging telemetry for logEvent from database
202:V/FA      (31986): Logging screen view with name, class: /, MainActivity
