D/WindowLayoutComponentImpl(30636): Register WindowLayoutInfoListener on Context=com.izzes.nearsdelivery.MainActivity@f174de, of which baseContext=android.app.ContextImpl@a915a77
D/FlutterJNI(30636): Sending viewport metrics to the engine.
I/flutter (30636): [NET] GET endpoint=/api/v1/config
I/Choreographer(30636): Skipped 67 frames!  The application may be doing too much work on its main thread.
D/ProfileInstaller(30636): Installing profile for com.izzes.nearsdelivery
D/InsetsController(30636): hide(ime())
I/ImeTracker(30636): com.izzes.nearsdelivery:bf09679f: onCancelled at PHASE_CLIENT_ALREADY_HIDDEN
I/flutter (30636): [NET] endpoint=/api/v1/config http_status=200
I/flutter (30636): [NET] GET endpoint=/api/v1/delivery-man/profile
E/flutter (30636): [ERROR:flutter/runtime/dart_vm_initializer.cc(40)] Unhandled Exception: [core/no-app] No Firebase App '[DEFAULT]' has been created - call Firebase.initializeApp()
E/flutter (30636): #0      MethodChannelFirebase.app (package:firebase_core_platform_interface/src/method_channel/method_channel_firebase.dart:191:5)
E/flutter (30636): #1      Firebase.app (package:firebase_core/src/firebase.dart:92:41)
E/flutter (30636): #2      FirebaseMessaging.instance (package:firebase_messaging/src/messaging.dart:32:47)
E/flutter (30636): #3      AuthRepository._saveDeviceToken (package:nears_delivery/features/auth/domain/repositories/auth_repository.dart:88:47)
E/flutter (30636): #4      AuthRepository.updateToken (package:nears_delivery/features/auth/domain/repositories/auth_repository.dart:54:27)
E/flutter (30636): #5      AuthService.updateToken (package:nears_delivery/features/auth/domain/services/auth_service.dart:31:42)
E/flutter (30636): #6      AuthController.updateToken (package:nears_delivery/features/auth/controllers/auth_controller.dart:149:32)
E/flutter (30636): #7      SplashScreenState._handleDefaultRouting (package:nears_delivery/features/splash/screens/splash_screen.dart:145:44)
E/flutter (30636): #8      SplashScreenState._route.<anonymous closure>.<anonymous closure> (package:nears_delivery/features/splash/screens/splash_screen.dart:97:21)
E/flutter (30636): #9      Timer._createTimer.<anonymous closure> (dart:async-patch/timer_patch.dart:18:15)
E/flutter (30636): #10     _Timer._runTimers (dart:isolate-patch/timer_impl.dart:423:19)
E/flutter (30636): #11     _Timer._handleMessage (dart:isolate-patch/timer_impl.dart:454:5)
E/flutter (30636): #12     _RawReceivePort._handleMessage (dart:isolate-patch/isolate_patch.dart:193:12)
E/flutter (30636): 
