10-09 18:30:31.617 11068 11068 I flutter : [NET] GET endpoint=/api/v1/customer/order/track
10-09 18:30:32.543 11068 11068 I flutter : [NET] endpoint=/api/v1/customer/order/track http_status=200
10-09 18:30:38.388 11068 11068 I flutter : [NET] POST endpoint=/api/v1/customer/order/offline-payment-update
10-09 18:30:38.388 11068 11068 I flutter : [NET] POST endpoint=/api/v1/customer/order/offline-payment-update
10-09 18:30:39.051 11068 11068 I flutter : [NET] endpoint=/api/v1/customer/order/offline-payment-update http_status=403
10-09 18:30:39.052 11068 11068 I flutter : [FAIL] endpoint=/api/v1/customer/order/offline-payment-update http_status=403 type=ApiFailure msg="offline payment submission failed" correlation_id=c85d1a59-3882-4fbd-9e16-e5a302ce4a77
10-09 18:30:39.060 11068 11068 I flutter : [NET] endpoint=/api/v1/customer/order/offline-payment-update http_status=403
10-09 18:30:39.061 11068 11068 I flutter : [FAIL] endpoint=/api/v1/customer/order/offline-payment-update http_status=403 type=ApiFailure msg="offline payment submission failed" correlation_id=7c147eab-529a-4928-a797-d99eb7c77b9a
10-09 18:30:41.615 11068 11068 I flutter : [NET] GET endpoint=/api/v1/customer/order/track
10-09 18:30:42.559 11068 11068 I flutter : [NET] endpoint=/api/v1/customer/order/track http_status=200
10-09 18:30:51.616 11068 11068 I flutter : [NET] GET endpoint=/api/v1/customer/order/track
10-09 18:30:52.570 11068 11068 I flutter : [NET] endpoint=/api/v1/customer/order/track http_status=200
## X-Request-Id/correlation_id c85d1a59-3882-4fbd-9e16-e5a302ce4a77
storage/logs/laravel-structured.log:{"tag":"[WARN]","timestamp":"2026-10-09T18:30:44.538744+04:00","correlation_id":"c85d1a59-3882-4fbd-9e16-e5a302ce4a77","level":"warning","message":"[WARN] offline_payment refused","context":{"trace_id":"d276c0f84f166b60189c71bf5194b6bb","order_id":92116,"reason":"order_state"}}
storage/logs/laravel.log:[2026-10-09 18:30:44] production.WARNING: [WARN] offline_payment refused {"trace_id":"d276c0f84f166b60189c71bf5194b6bb","correlation_id":"c85d1a59-3882-4fbd-9e16-e5a302ce4a77","order_id":92116,"reason":"order_state"} 
## X-Request-Id/correlation_id 7c147eab-529a-4928-a797-d99eb7c77b9a
storage/logs/laravel-structured.log:{"tag":"[WARN]","timestamp":"2026-10-09T18:30:44.621319+04:00","correlation_id":"7c147eab-529a-4928-a797-d99eb7c77b9a","level":"warning","message":"[WARN] offline_payment refused","context":{"trace_id":"eaba21f32479b58db20e47d48b9889ee","order_id":92116,"reason":"order_state"}}
storage/logs/laravel.log:[2026-10-09 18:30:44] production.WARNING: [WARN] offline_payment refused {"trace_id":"eaba21f32479b58db20e47d48b9889ee","correlation_id":"7c147eab-529a-4928-a797-d99eb7c77b9a","order_id":92116,"reason":"order_state"} 
## DB after
order	92116	processing	unpaid	offline_payment
row	303	pending	{"method_id":205,"method_name":"QA4102 Bank","transaction_id":"ORIG-92116","sender_note":"orig"}
