D/ViewRootImpl(17431): Skipping stats log for color mode
I/flutter (17431): ----------------FIREBASE CRASHLYTICS----------------
I/flutter (17431): Null check operator used on a null value
I/flutter (17431): #0      PaymentScreenState.build.<anonymous closure>.<anonymous closure> (package:sixam_mart_delivery/features/my_account/screens/payment_screen.dart:71:41)
I/flutter (17431): #1      Future._propagateToListeners.handleValueCallback (dart:async/future_impl.dart:948:45)
I/flutter (17431): #2      Future._propagateToListeners (dart:async/future_impl.dart:977:13)
I/flutter (17431): #3      Future._completeWithValue (dart:async/future_impl.dart:720:5)
I/flutter (17431): #4      Future._asyncCompleteWithValue.<anonymous closure> (dart:async/future_impl.dart:804:7)
I/flutter (17431): #5      _microtaskLoop (dart:async/schedule_microtask.dart:40:35)
I/flutter (17431): #6      _startMicrotaskLoop (dart:async/schedule_microtask.dart:49:5)
I/flutter (17431): ----------------------------------------------------
I/flutter (17431): ----------------FIREBASE CRASHLYTICS----------------
I/flutter (17431): 'package:flutter/src/widgets/navigator.dart': Failed assertion: line 5064 pos 12: '!_debugLocked': is not true.
I/flutter (17431): #0      _AssertionError._doThrowNew (dart:core-patch/errors_patch.dart:67:4)
I/flutter (17431): #1      _AssertionError._throwNew (dart:core-patch/errors_patch.dart:49:5)
I/flutter (17431): #2      NavigatorState._pushEntry (package:flutter/src/widgets/navigator.dart:5064:12)
I/flutter (17431): #3      NavigatorState.push (package:flutter/src/widgets/navigator.dart:5012:5)
I/flutter (17431): #4      ExtensionDialog.generalDialog (package:get/get_navigation/src/extension_navigation.dart:131:16)
I/flutter (17431): #5      ExtensionDialog.dialog (package:get/get_navigation/src/extension_navigation.dart:85:12)
I/flutter (17431): #6      PaymentScreenState._exitApp (package:sixam_mart_delivery/features/my_account/screens/payment_screen.dart:93:16)
I/flutter (17431): #7      PaymentScreenState.build.<anonymous closure> (package:sixam_mart_delivery/features/my_account/screens/payment_screen.dart:71:9)
I/flutter (17431): #8      PopScope._callPopInvoked (package:flutter/src/widgets/pop_scope.dart:146:30)
I/flutter (17431): #9      _PopScopeState.onPopInvokedWithResult (package:flutter/src/widgets/pop_scope.dart:181:12)
I/flutter (17431): #10     ModalRoute.onPopInvokedWithResult (package:flutter/src/w
I/flutter (17431): ----------------------------------------------------
