--------- beginning of main
09-01 11:22:32.264 14837 14837 I flutter : [NET] POST endpoint=/api/v1/auth/verify-token
09-01 11:22:38.801 14837 14837 I flutter : [NET] endpoint=/api/v1/auth/verify-token http_status=400
09-01 11:22:38.801 14837 14837 I flutter : ----------------FIREBASE CRASHLYTICS----------------
09-01 11:22:38.801 14837 14837 I flutter : The following exception was thrown unhandled api response:
09-01 11:22:38.801 14837 14837 I flutter : ApiFailure(status: 400)
09-01 11:22:38.801 14837 14837 I flutter : #0      ApiClient.handleResponse (package:sixam_mart/api/api_client.dart:1247:22)
09-01 11:22:38.801 14837 14837 I flutter : #1      ApiClient._send (package:sixam_mart/api/api_client.dart:809:14)
09-01 11:22:38.801 14837 14837 I flutter : <asynchronous suspension>
09-01 11:22:38.801 14837 14837 I flutter : #2      VerificationRepository.verifyToken (package:sixam_mart/features/verification/domain/repositories/verification_repository.dart:111:25)
09-01 11:22:38.801 14837 14837 I flutter : <asynchronous suspension>
09-01 11:22:38.801 14837 14837 I flutter : #3      VerificationService.verifyToken (package:sixam_mart/features/verification/domain/services/verification_service.dart:49:12)
09-01 11:22:38.801 14837 14837 I flutter : <asynchronous suspension>
09-01 11:22:38.801 14837 14837 I flutter : #4      VerificationController.verifyToken (package:sixam_mart/features/verification/controllers/verification_controller.dart:90:35)
09-01 11:22:38.801 14837 14837 I flutter : <asynchronous suspension>
09-01 11:22:38.801 14837 14837 I flutter : #5      VerificationController.verifyOtpFlow (package:sixam_mart/features/verification/controllers/verification_controller.dart:232:27)
09-01 11:22:38.801 14837 14837 I flutter : <asynchronous suspension>
09-01 11:22:38.801 14837 14837 I flutter : #6      VerificationScreenState._onPressedVerify (package:sixam_mart/features/verification/screens/verification_screen.dart:390:31)
09-01 11:22:38.801 14837 14837 I flutter : <asynchronous suspension>
09-01 11:22:38.801 14837 14837 I flutter : ----------------------------------------------------
09-01 11:22:38.802 14837 14837 I flutter : [FAIL] endpoint=/api/v1/auth/verify-token http_status=400 type=ApiFailure msg="unhandled api response"
