Regression (unrelated to NEARS-1725) — emulator-5558, live UserApp run, worktree
feat/NEARS-1725-reviews-pill-wrap.

Observed while sweeping AC5 (desktop breakpoint, wm size 4000x2200 -> 1333x733dp) on
ReviewScreen (store "Fast Market", id 21).

I/flutter (17123): [FAIL] framework_error library=rendering library type=FlutterError msg="A RenderFlex overflowed by 412 pixels on the bottom."
I/flutter (17123): [FAIL] framework_error   at Column Column:file:///Users/Apple/Projects/nears-NEARS-1725-reviews-pill-wrap/UserApp/lib/features/review/widgets/review_list_widget.dart:17:12

══╡ EXCEPTION CAUGHT BY RENDERING LIBRARY ╞═════
A RenderFlex overflowed by 412 pixels on the bottom.
The relevant error-causing widget was:
  Column
  Column:file:///.../UserApp/lib/features/review/widgets/review_list_widget.dart:17:12
The overflowing RenderFlex has an orientation of Axis.vertical.
The specific RenderFlex in question is: RenderFlex#132f9 OVERFLOWING:
  creator: Column ← ReviewListWidget ← Padding ← DecoratedBox ← ConstrainedBox ← Container ← Expanded
    ← Row ← Padding ← SizedBox ← Center ← Column ← ⋯
  constraints: BoxConstraints(w=670.0, h=518.0)
  size: Size(670.0, 518.0)
  direction: vertical
  textDirection: rtl

NEARS-1725's diff only touches rating_widget.dart and total_rating_review_view_widget.dart —
review_list_widget.dart (the individual review CARD layout below the rating panel) is untouched
by this ticket. Pre-existing, not caused by this change. Not reproduced at mobile width (only
appeared once the isDesktop breakpoint's fixed-height review-card layout was reached).
