--------- beginning of main
09-02 04:25:29.635 I/flutter ( 5382): [NET] GET endpoint=/api/v1/config/get-zone-id
09-02 04:25:29.937 I/flutter ( 5382): [NET] endpoint=/api/v1/config/get-zone-id http_status=404
09-02 04:25:29.937 I/flutter ( 5382): [INFO] msg="get-zone-id: no zone / out of zone — prompting location picker"
09-02 04:25:29.937 I/flutter ( 5382): [INFO] msg="location: inZone=false"
09-02 04:25:29.937 I/flutter ( 5382): [NET] GET endpoint=/api/v1/config/geocode-api
09-02 04:25:31.590 I/flutter ( 5382): [NET] endpoint=/api/v1/config/geocode-api http_status=200
09-02 04:25:42.733 I/flutter ( 5382): ----------------FIREBASE CRASHLYTICS----------------
09-02 04:25:42.733 I/flutter ( 5382): The following exception was thrown location: getPosition threw (PermissionDeniedException) — falling back to default position:
09-02 04:25:42.733 I/flutter ( 5382): GetPositionFailure
09-02 04:25:42.733 I/flutter ( 5382): #0      GeolocatorAndroid.getCurrentPosition (package:geolocator_android/src/geolocator_android.dart:140:7)
09-02 04:25:42.733 I/flutter ( 5382): <asynchronous suspension>
09-02 04:25:42.733 I/flutter ( 5382): #1      LocationService.getPosition (package:sixam_mart/features/location/domain/services/location_service.dart:65:31)
09-02 04:25:42.733 I/flutter ( 5382): <asynchronous suspension>
09-02 04:25:42.733 I/flutter ( 5382): #2      LocationController.getCurrentLocation (package:sixam_mart/features/location/controllers/location_controller.dart:395:45)
09-02 04:25:42.733 I/flutter ( 5382): <asynchronous suspension>
09-02 04:25:42.733 I/flutter ( 5382): ----------------------------------------------------
09-02 04:25:42.735 I/flutter ( 5382): [FAIL] endpoint=null http_status=null type=GetPositionFailure msg="location: getPosition threw (PermissionDeniedException) — falling back to default position"
09-02 04:25:42.735 I/flutter ( 5382): [NET] GET endpoint=/api/v1/config/geocode-api
09-02 04:25:42.776 I/flutter ( 5382): [NET] GET endpoint=/api/v1/config/get-zone-id
09-02 04:25:43.528 I/flutter ( 5382): [NET] endpoint=/api/v1/config/get-zone-id http_status=404
09-02 04:25:43.528 I/flutter ( 5382): [INFO] msg="get-zone-id: no zone / out of zone — prompting location picker"
09-02 04:25:43.528 I/flutter ( 5382): [INFO] msg="location: inZone=false"
09-02 04:25:43.528 I/flutter ( 5382): [NET] GET endpoint=/api/v1/config/geocode-api
09-02 04:25:43.818 I/flutter ( 5382): [NET] endpoint=/api/v1/config/geocode-api http_status=200
09-02 04:25:43.819 I/flutter ( 5382): [NET] GET endpoint=/api/v1/config/get-zone-id
09-02 04:25:46.764 I/flutter ( 5382): [NET] endpoint=/api/v1/config/geocode-api http_status=200
09-02 04:25:46.851 I/flutter ( 5382): [NET] endpoint=/api/v1/config/get-zone-id http_status=404
09-02 04:25:46.851 I/flutter ( 5382): [INFO] msg="get-zone-id: no zone / out of zone — prompting location picker"
09-02 04:25:46.851 I/flutter ( 5382): [INFO] msg="location: inZone=false"
