--------- beginning of main
09-02 04:26:24.085 I/flutter ( 5758): [NET] GET endpoint=/api/v1/module
09-02 04:26:24.086 I/flutter ( 5758): [INFO] msg="FCM registration id obtained"
09-02 04:26:24.087 I/flutter ( 5758): [NET] POST endpoint=/api/v1/auth/guest/request
09-02 04:26:24.647 I/flutter ( 5758): [NET] endpoint=/api/v1/auth/guest/request http_status=200
09-02 04:26:24.648 I/flutter ( 5758): [NET] endpoint=/api/v1/module http_status=200
09-02 04:26:30.674 I/flutter ( 5758): ----------------FIREBASE CRASHLYTICS----------------
09-02 04:26:30.674 I/flutter ( 5758): The following exception was thrown location: _checkPermission timed out after 6s — falling back to pick-map:
09-02 04:26:30.674 I/flutter ( 5758): LocationPermissionResolutionTimeout
09-02 04:26:30.674 I/flutter ( 5758): #0      LocationController._checkPermission (package:sixam_mart/features/location/controllers/location_controller.dart:1292:20)
09-02 04:26:30.674 I/flutter ( 5758): <asynchronous suspension>
09-02 04:26:30.674 I/flutter ( 5758): ----------------------------------------------------
09-02 04:26:30.679 I/flutter ( 5758): [FAIL] endpoint=null http_status=null type=LocationPermissionResolutionTimeout msg="location: _checkPermission timed out after 6s — falling back to pick-map"
09-02 04:26:31.074 I/flutter ( 5758): ----------------FIREBASE CRASHLYTICS----------------
09-02 04:26:31.074 I/flutter ( 5758): The following exception was thrown location: getPosition threw (PermissionDeniedException) — falling back to default position:
09-02 04:26:31.074 I/flutter ( 5758): GetPositionFailure
09-02 04:26:31.074 I/flutter ( 5758): #0      GeolocatorAndroid.getCurrentPosition (package:geolocator_android/src/geolocator_android.dart:140:7)
09-02 04:26:31.074 I/flutter ( 5758): <asynchronous suspension>
09-02 04:26:31.074 I/flutter ( 5758): #1      LocationService.getPosition (package:sixam_mart/features/location/domain/services/location_service.dart:65:31)
09-02 04:26:31.074 I/flutter ( 5758): <asynchronous suspension>
09-02 04:26:31.074 I/flutter ( 5758): #2      LocationController.getCurrentLocation (package:sixam_mart/features/location/controllers/location_controller.dart:395:45)
09-02 04:26:31.074 I/flutter ( 5758): <asynchronous suspension>
09-02 04:26:31.074 I/flutter ( 5758): ----------------------------------------------------
09-02 04:26:31.076 I/flutter ( 5758): [FAIL] endpoint=null http_status=null type=GetPositionFailure msg="location: getPosition threw (PermissionDeniedException) — falling back to default position"
09-02 04:26:31.080 I/flutter ( 5758): [NET] GET endpoint=/api/v1/config/geocode-api
09-02 04:26:32.147 I/flutter ( 5758): [NET] endpoint=/api/v1/config/geocode-api http_status=200
09-02 04:26:32.148 I/flutter ( 5758): [NET] GET endpoint=/api/v1/config/get-zone-id
09-02 04:26:32.733 I/flutter ( 5758): [NET] endpoint=/api/v1/config/get-zone-id http_status=404
09-02 04:26:32.733 I/flutter ( 5758): [INFO] msg="get-zone-id: no zone / out of zone — prompting location picker"
09-02 04:26:32.733 I/flutter ( 5758): [INFO] msg="location: inZone=false"
09-02 04:26:33.766 I/flutter ( 5758): [NET] GET endpoint=/api/v1/config/get-zone-id
09-02 04:26:34.245 I/flutter ( 5758): [NET] endpoint=/api/v1/config/get-zone-id http_status=404
09-02 04:26:34.245 I/flutter ( 5758): [INFO] msg="get-zone-id: no zone / out of zone — prompting location picker"
09-02 04:26:34.245 I/flutter ( 5758): [INFO] msg="location: inZone=false"
09-02 04:26:34.245 I/flutter ( 5758): [NET] GET endpoint=/api/v1/config/geocode-api
09-02 04:26:35.470 I/flutter ( 5758): [NET] endpoint=/api/v1/config/geocode-api http_status=200
