flutter: [NET] GET endpoint=/api/v1/customer/update-zone
flutter: [INFO] msg="home load started"
flutter: [INFO] msg="location handleRoute canRoute=true"
flutter: [NET] GET endpoint=/api/v1/config/get-zone-id
flutter: [FAIL] framework_error library=widgets library type=_TypeError msg="Null check operator used on a null value"
flutter: [FAIL] framework_error   at #0      RouteHelper.routes.<anonymous closure> (package:sixam_mart/helper/route_helper.dart:577:35)
flutter: [FAIL] framework_error   at #1      GetPageRoute._getChild (package:get/get_navigation/src/routes/default_route.dart:110:57)
flutter: [FAIL] framework_error   at #2      GetPageRoute.buildContent (package:get/get_navigation/src/routes/default_route.dart:116:12)
flutter: [FAIL] framework_error   at #3      GetPageRouteTransitionMixin.buildPage (package:get/get_navigation/src/routes/get_transition_mixin.dart:307:19)
flutter: [FAIL] framework_error   at #4      _ModalScopeState.build.<anonymous closure>.<anonymous closure> (package:flutter/src/widgets/routes.dart:1235:53)
flutter: [FAIL] framework_error   at #5      Builder.build (package:flutter/src/widgets/basic.dart:8396:48)
flutter: [FAIL] framework_error   at #6      StatelessElement.build (package:flutter/src/widgets/framework.dart:5889:49)
flutter: [FAIL] framework_error   at #7      ComponentElement.performRebuild (package:flutter/src/widgets/framework.dart:5817:15)

══╡ EXCEPTION CAUGHT BY WIDGETS LIBRARY ╞═══════════════════════════════════════════════════════════
The following _TypeError was thrown building Builder(dirty):
Null check operator used on a null value

The relevant error-causing widget was:
  Stack
  Stack:file:///Users/Apple/.pub-cache/hosted/pub.dev/get-4.7.3/lib/get_navigation/src/routes/get_transition_mixin.dart:149:12

When the exception was thrown, this was the stack:
#0      RouteHelper.routes.<anonymous closure> (package:sixam_mart/helper/route_helper.dart:577:35)
#1      GetPageRoute._getChild (package:get/get_navigation/src/routes/default_route.dart:110:57)
#2      GetPageRoute.buildContent (package:get/get_navigation/src/routes/default_route.dart:116:12)
