# NEARS-1326 Live QA — curl evidence (backend @127.0.0.1:8091, worktree feat/NEARS-1326)
# DB: multi_food_db (read-only). Date: 2026-07-21

## AC1 GET /items/related-items/102 (item w/ >10 true matches) — DEFAULT
{
    "total_size": 12,
    "limit": 25,
    "offset": 1,
    "items": [
        {
## AC1 ?limit=999 -> clamp 100 ; ?limit=0 -> floor 1 ; ?offset=999999999 -> 10000, empty, 200
-- ?limit=999
{'total_size': 12, 'limit': 100, 'offset': 1} items=12
-- ?limit=0
{'total_size': 12, 'limit': 1, 'offset': 1} items=1
-- ?offset=999999999
{'total_size': 12, 'limit': 25, 'offset': 10000} items=0

## AC2 GET /items/related-store-items/102 — DEFAULT (store 1, 14 true matches)
{'total_size': 14, 'limit': 25, 'offset': 1} items=14

## AC3 GET /vendor/all-orders (demo.store@gmail.com) — DEFAULT + clamps
-- 
{'total_size': 5, 'limit': 25, 'offset': 1} orders=5
-- ?limit=999
{'total_size': 5, 'limit': 100, 'offset': 1} orders=5
-- ?limit=0
{'total_size': 5, 'limit': 1, 'offset': 1} orders=1
-- ?offset=999999999
{'total_size': 5, 'limit': 25, 'offset': 10000} orders=0

## AC4 GET /vendor/pos/orders — DEFAULT + clamps (no POS orders in seed -> total_size 0, envelope+clamps valid)
-- 
{'total_size': 0, 'limit': 25, 'offset': 1} orders=0
-- ?limit=999
{'total_size': 0, 'limit': 100, 'offset': 1} orders=0
-- ?offset=999999999
{'total_size': 0, 'limit': 25, 'offset': 10000} orders=0

## Deterministic disjoint paging — related-items/102 (limit5 off1 vs off2)
page1: [4, 5, 13, 106, 111]
page2: [112, 113, 351, 352, 363]

## Regression (unchanged siblings still return normal envelope)
completed-orders?limit=10&offset=1&status=all:
{'total_size': 3, 'limit': 10, 'offset': 1}
current-orders:
{'total_size': 2, 'limit': 25, 'offset': 1}

## Automated backstop: 3 new Feature tests -> OK 10 tests, 89 assertions
