E/FA      (13868): Missing google_app_id. Firebase Analytics disabled. See https://goo.gl/NAOOOI
I/flutter (13868): [INFO] msg="route: building splash route, hasData=false"
I/flutter (13868): [INFO] msg="route: navigating to splash screen"
I/flutter (13868): [INFO] msg="splash: location prefetch initiated"
I/flutter (13868): [NET] GET endpoint=/api/v1/config
I/Choreographer(13868): Skipped 144 frames!  The application may be doing too much work on its main thread.
D/FirebaseSessions(13868): App backgrounded on com.izzes.nears.nears_nears_2897_shop_module_recommended
E/FA      (13868): Missing google_app_id. Firebase Analytics disabled. See https://goo.gl/NAOOOI
W/FA      (13868): Cannot log screen view event when the app is in the background.
D/FirebaseSessions(13868): Notified CRASHLYTICS of new session 2f33dc0cf40e4a528a63d16f37ea1a80
I/FLTFireBGExecutor(13868): Creating background FlutterEngine instance, with args: [--enable-dart-profiling]
W/libc    (13868): Access denied finding property "vendor.mesa.virtgpu.kumquat"
I/flutter (13868): [IMPORTANT:flutter/shell/platform/android/android_context_gl_impeller.cc(104)] Using the Impeller rendering backend (OpenGLES).
D/FLTFireContextHolder(13868): received application context.
W/libc    (13868): Access denied finding property "vendor.mesa.virtgpu.kumquat"
I/flutter (13868): [INFO] msg="splash: location prefetch skipped (permission not granted)"
D/FlutterGeolocator(13868): Geolocator foreground service connected
D/FlutterGeolocator(13868): Initializing Geolocator services
D/FlutterGeolocator(13868): Flutter engine connected. Connected engine count 2
I/FA      (13868): Application backgrounded at: timestamp_millis: 1789297817008
I/flutter (13868): [NET] endpoint=/api/v1/config http_status=200
I/flutter (13868): [INFO] msg="splash: deeplink resolved canRoute=true"
I/flutter (13868): [INFO] msg="splash: routing"
I/flutter (13868): ----------------FIREBASE CRASHLYTICS----------------
I/flutter (13868): The following exception was thrown uncaught async error (_TypeError):
I/flutter (13868): UncaughtAsyncError
I/flutter (13868): #0      ModuleController.setModule (package:sixam_mart/features/splash/controllers/module_controller.dart:554:40)
I/flutter (13868): #1      SplashController._handleConfigResponse (package:sixam_mart/features/splash/controllers/splash_controller.dart:322:26)
I/flutter (13868): #2      SplashController._fetchConfigData (package:sixam_mart/features/splash/controllers/splash_controller.dart:280:7)
I/flutter (13868): <asynchronous suspension>
I/flutter (13868): #3      SplashController.getConfigData (package:sixam_mart/features/splash/controllers/splash_controller.dart:119:7)
I/flutter (13868): <asynchronous suspension>
I/flutter (13868): ----------------------------------------------------
I/flutter (13868): [FAIL] endpoint=null http_status=null type=UncaughtAsyncError msg="uncaught async error (_TypeError)"
I/flutter (13868): ----------------FIREBASE CRASHLYTICS----------------
I/flutter (13868): The following exception was thrown uncaught async error (_TypeError):
I/flutter (13868): type 'Null' is not a subtype of type 'Map<String, dynamic>'
I/flutter (13868): #0      ModuleController.setModule (package:sixam_mart/features/splash/controllers/module_controller.dart:554:40)
I/flutter (13868): #1      SplashController._handleConfigResponse (package:sixam_mart/features/splash/controllers/splash_controller.dart:322:26)
I/flutter (13868): #2      SplashController._fetchConfigData (package:sixam_mart/features/splash/controllers/splash_controller.dart:280:7)
I/flutter (13868): <asynchronous suspension>
*************************** 1. row ***************************
       key: laravel_cachemodule_config
 value_hex: 613A313A7B733A313A2276223B4E3B7D
     value: a:1:{s:1:"v";N;}
expiration: 2104586501

Confirms: /api/v1/config 'module' key returns {'v': null} (malformed shape) from a stale rememberForever('module_config') cache row, predating NEARS-2897 and unrelated to its seeder -- pre-existing defect.
