#0      LanguageRepository.saveLanguage (package:sixam_mart/features/language/domain/repository/language_repository.dart:48:77)
#1      LanguageService.saveLanguage (package:sixam_mart/features/language/domain/services/language_service.dart:43:33)
#2      LocalizationController.saveLanguage (package:sixam_mart/features/language/controllers/language_controller.dart:72:30)
#3      LocalizationController.setLanguage (package:sixam_mart/features/language/controllers/language_controller.dart:46:7)
<asynchronous suspension>
flutter: ----------------------------------------------------
flutter: [NET] GET endpoint=/api/v1/config/get-zone-id
flutter: [FAIL] framework_error library=rendering library type=FlutterError msg="A RenderFlex overflowed by 1.00 pixels on the bottom."
flutter: [FAIL] framework_error   at Column Column:file:///Users/Apple/Projects/nears-NEARS-2435-flash-product-card-overflow-320dp/UserApp/lib/features/flash_sale/widgets/flash_product_card_widget.dart:175:24
flutter: [FAIL] framework_error library=rendering library type=FlutterError msg="A RenderFlex overflowed by 1.00 pixels on the bottom."
flutter: [FAIL] framework_error   at Column Column:file:///Users/Apple/Projects/nears-NEARS-2435-flash-product-card-overflow-320dp/UserApp/lib/features/flash_sale/widgets/flash_product_card_widget.dart:175:24
Another exception was thrown: A RenderFlex overflowed by 1.00 pixels on the bottom.
Another exception was thrown: A RenderFlex overflowed by 1.00 pixels on the bottom.
Another exception was thrown: A RenderFlex overflowed by 1.00 pixels on the bottom.
flutter: [FAIL] framework_error library=rendering library type=FlutterError msg="A RenderFlex overflowed by 1.00 pixels on the bottom."
flutter: [FAIL] framework_error   at Column Column:file:///Users/Apple/Projects/nears-NEARS-2435-flash-product-card-overflow-320dp/UserApp/lib/features/flash_sale/widgets/flash_product_card_widget.dart:175:24
flutter: [FAIL] framework_error library=rendering library type=FlutterError msg="A RenderFlex overflowed by 1.00 pixels on the bottom."
flutter: [FAIL] framework_error   at Column Column:file:///Users/Apple/Projects/nears-NEARS-2435-flash-product-card-overflow-320dp/UserApp/lib/features/flash_sale/widgets/flash_product_card_widget.dart:175:24
Another exception was thrown: A RenderFlex overflowed by 1.00 pixels on the bottom.
flutter: [FAIL] framework_error library=rendering library type=FlutterError msg="A RenderFlex overflowed by 1.00 pixels on the bottom."
flutter: [FAIL] framework_error   at Column Column:file:///Users/Apple/Projects/nears-NEARS-2435-flash-product-card-overflow-320dp/UserApp/lib/features/flash_sale/widgets/flash_product_card_widget.dart:175:24
Another exception was thrown: A RenderFlex overflowed by 1.00 pixels on the bottom.
flutter: [FAIL] framework_error library=rendering library type=FlutterError msg="A RenderFlex overflowed by 1.00 pixels on the bottom."
flutter: [FAIL] framework_error   at Column Column:file:///Users/Apple/Projects/nears-NEARS-2435-flash-product-card-overflow-320dp/UserApp/lib/features/flash_sale/widgets/flash_product_card_widget.dart:175:24
Another exception was thrown: A RenderFlex overflowed by 1.00 pixels on the bottom.
flutter: [FAIL] framework_error library=rendering library type=FlutterError msg="A RenderFlex overflowed by 1.00 pixels on the bottom."
flutter: [FAIL] framework_error   at Column Column:file:///Users/Apple/Projects/nears-NEARS-2435-flash-product-card-overflow-320dp/UserApp/lib/features/flash_sale/widgets/flash_product_card_widget.dart:175:24
Another exception was thrown: A RenderFlex overflowed by 1.00 pixels on the bottom.
flutter: [FAIL] framework_error library=rendering library type=FlutterError msg="A RenderFlex overflowed by 1.00 pixels on the bottom."
flutter: [FAIL] framework_error   at Column Column:file:///Users/Apple/Projects/nears-NEARS-2435-flash-product-card-overflow-320dp/UserApp/lib/features/flash_sale/widgets/flash_product_card_widget.dart:175:24
flutter: [FAIL] framework_error library=rendering library type=FlutterError msg="A RenderFlex overflowed by 1.00 pixels on the bottom."
flutter: [FAIL] framework_error   at Column Column:file:///Users/Apple/Projects/nears-NEARS-2435-flash-product-card-overflow-320dp/UserApp/lib/features/flash_sale/widgets/flash_product_card_widget.dart:175:24
Another exception was thrown: A RenderFlex overflowed by 1.00 pixels on the bottom.
Another exception was thrown: A RenderFlex overflowed by 1.00 pixels on the bottom.
flutter: [NET] GET endpoint=/api/v1/module
flutter: [NET] endpoint=/api/v1/config/get-zone-id http_status=200
