09-13 02:42:22.642 I/flutter (29083): The following exception was thrown uncaught async error (FlutterError):
09-13 02:42:22.642 I/flutter (29083): A ScrollController was used after being disposed.
09-13 02:42:22.642 I/flutter (29083): Once you have called dispose() on a ScrollController, it can no longer be used.
09-13 02:42:22.642 I/flutter (29083): #0      ChangeNotifier.debugAssertNotDisposed.<anonymous closure> (package:flutter/src/foundation/change_notifier.dart:182:9)
09-13 02:42:22.642 I/flutter (29083): #1      ChangeNotifier.debugAssertNotDisposed (package:flutter/src/foundation/change_notifier.dart:189:6)
09-13 02:42:22.642 I/flutter (29083): #2      ChangeNotifier.addListener (package:flutter/src/foundation/change_notifier.dart:271:27)
09-13 02:42:22.642 I/flutter (29083): #3      _StoreScreenState.initDataCall (package:nears/features/store/screens/store_screen.dart:152:22)
09-13 02:42:22.642 I/flutter (29083): <asynchronous suspension>
09-13 02:42:22.642 I/flutter (29083): ----------------------------------------------------
09-13 02:42:22.655 V/FA      (29083): Logging telemetry for logEvent from database
09-13 02:42:23.643 I/flutter (29083): [NET] endpoint=/api/v1/items/recommended http_status=200
09-13 02:42:23.708 I/flutter (29083): [NET] endpoint=/api/v1/config/distance-api http_status=200
--
09-13 02:42:25.536 I/flutter (29083): The following exception was thrown uncaught async error (FlutterError):
09-13 02:42:25.536 I/flutter (29083): A ScrollController was used after being disposed.
09-13 02:42:25.536 I/flutter (29083): Once you have called dispose() on a ScrollController, it can no longer be used.
09-13 02:42:25.536 I/flutter (29083): #0      ChangeNotifier.debugAssertNotDisposed.<anonymous closure> (package:flutter/src/foundation/change_notifier.dart:182:9)
09-13 02:42:25.536 I/flutter (29083): #1      ChangeNotifier.debugAssertNotDisposed (package:flutter/src/foundation/change_notifier.dart:189:6)
09-13 02:42:25.536 I/flutter (29083): #2      ChangeNotifier.addListener (package:flutter/src/foundation/change_notifier.dart:271:27)
09-13 02:42:25.536 I/flutter (29083): #3      _StoreScreenState.initDataCall (package:nears/features/store/screens/store_screen.dart:152:22)
