### R1-add-delay1500 ctrl={"delay": {"DELETE /api/v1/customer/cart/remove": 1500}}
T0 00:10:29.640333513
T_old_done 00:10:29.687325097
T_cross_done 00:10:29.785392305
T_yes_start 00:10:29.983382638
T_yes_done 00:10:30.047811139
-- proxy (host clock)
00:10:54.647 DELETE /api/v1/customer/cart/remove q= moduleId='1' zoneId=None -> 200 [4453ms] DELAY1500 rows=[]
00:10:59.263 GET /api/v1/config/get-zone-id q=lat=<scrubbed>&lng=<scrubbed> moduleId='3' zoneId=[1] -> 200 [119ms]
00:10:59.264 GET /api/v1/customer/cart/list q= moduleId='3' zoneId=[1] -> 200 [249ms] rows=[]
00:10:59.264 GET /api/v1/customer/cart/list q= moduleId='3' zoneId=[1] -> 200 [385ms] rows=[]
00:10:59.264 GET /api/v1/customer/suggested-items q= moduleId='3' zoneId=[1] -> 200 [577ms]
00:10:59.265 GET /api/v1/customer/wish-list q= moduleId='3' zoneId=[1] -> 200 [718ms]
00:10:59.265 GET /api/v1/cashback/list q= moduleId='3' zoneId=[1] -> 200 [920ms]
00:10:59.266 GET /api/v1/customer/cart/list q= moduleId='3' zoneId=[1] -> 200 [1105ms] rows=[]
00:10:59.498 GET /api/v1/home/all q= moduleId='3' zoneId=[1] -> 200 [1305ms]
00:10:59.653 POST /api/v1/customer/cart/add q= moduleId='3' zoneId=[1] -> 200 [1406ms] {"item_id":990002,"price":"5.49","quantity":1,"add_on_ids":[],"add_ons":[],"add_on_qtys":[],"model":"Item"} rows=[[1069, 990002, 3]]
00:11:00.860 GET /api/v1/flash-sales q= moduleId='3' zoneId=[1] -> 200 [618ms]
00:11:00.861 GET /api/v1/customer/info q= moduleId='3' zoneId=[1] -> 200 [888ms]
00:11:00.900 GET /api/v1/other-banners q= moduleId='3' zoneId=[1] -> 200 [963ms]
00:11:00.977 GET /api/v1/advertisement/list q= moduleId='3' zoneId=[1] -> 200 [1010ms]
00:11:00.978 GET /api/v1/stores/get-stores/all q=store_type=all&offset=1&limit=12 moduleId='3' zoneId=[1] -> 200 [1210ms]
00:11:00.979 GET /api/v1/items/recommended q=filter=all&limit=30 moduleId='3' zoneId=[1] -> 200 [1575ms]
00:11:00.979 GET /api/v1/campaigns/item q= moduleId='3' zoneId=[1] -> 200 [1775ms]
00:11:00.980 GET /api/v1/campaigns/basic q= moduleId='3' zoneId=[1] -> 200 [1894ms]
00:11:00.981 GET /api/v1/items/most-reviewed q=type=all&offset=1&limit=25&min_price=0.0&max_price=9999999999.0 moduleId='3' zoneId=[1] -> 200 [2055ms]
-- app log (device clock)
10-02 00:10:30.068 I/flutter ( 3647): [NET] DELETE endpoint=/api/v1/customer/cart/remove
10-02 00:10:34.748 I/flutter ( 3647): [NET] endpoint=/api/v1/customer/cart/remove http_status=200
10-02 00:10:34.751 I/flutter ( 3647): [NET] GET endpoint=/api/v1/customer/cart/list
10-02 00:10:34.756 I/flutter ( 3647): [NET] GET endpoint=/api/v1/customer/cart/list
10-02 00:10:34.757 I/flutter ( 3647): [NET] GET endpoint=/api/v1/customer/cart/list
10-02 00:10:35.160 I/flutter ( 3647): [NET] endpoint=/api/v1/customer/cart/list http_status=200
10-02 00:10:35.262 I/flutter ( 3647): [NET] POST endpoint=/api/v1/customer/cart/add
10-02 00:10:35.296 I/flutter ( 3647): [NET] endpoint=/api/v1/customer/cart/list http_status=200
10-02 00:10:36.017 I/flutter ( 3647): [NET] endpoint=/api/v1/customer/cart/list http_status=200
10-02 00:10:36.706 I/flutter ( 3647): [NET] endpoint=/api/v1/customer/cart/add http_status=200
10-02 00:10:36.708 I/flutter ( 3647): 📊 analytics: add_to_cart {item_id: 990002, price: 5.49, quantity: 1, currency: AED, value: 5.49, screen: global_search, item_list_id: module_3, item_list_name: module_3, index: 0, store_id: 7, is_available: 1, module_id: 3}
-- DB
id	cart_mod	item_id	name	item_mod	q
1069	3	990002	Zqx Pill	3	1
### RESEED-1 (non-racing, ctrl={})
00:11:30.547 DELETE /api/v1/customer/cart/remove q= moduleId='3' zoneId=None -> 200 [391ms] rows=[]
00:11:31.599 GET /api/v1/customer/cart/list q= moduleId='1' zoneId=[1] -> 200 [1151ms] rows=[]
00:11:31.602 GET /api/v1/customer/cart/list q= moduleId='1' zoneId=[1] -> 200 [1430ms] rows=[]
00:11:31.610 GET /api/v1/customer/cart/list q= moduleId='1' zoneId=[1] -> 200 [2535ms] rows=[]
00:11:32.000 POST /api/v1/customer/cart/add q= moduleId='1' zoneId=[1] -> 200 [3266ms] {"item_id":990001,"price":"15.03","quantity":1,"add_on_ids":[],"add_ons":[],"add_on_qtys":[],"model":"Item"} rows=[[1070, 990001, 1]]
00:11:32.757 GET /api/v1/home/all q= moduleId='1' zoneId=[1] -> 200 [3717ms]
id	cart_mod	item_id	item_mod	q
1070	1	990001	1	1
### C1-control-NO-add ctrl={}
T0 00:11:18.585483662
T_old_done 00:11:18.606931412
T_cross_done 00:11:18.659013287
T_yes_start 00:11:18.822093453
T_yes_done 00:11:18.862191662
-- proxy (host clock)
00:11:42.318 GET /api/v1/customer/notifications q= moduleId='1' zoneId=[1] -> 200 [656ms]
00:11:43.478 POST /api/v1/customer/cart/add q= moduleId='1' zoneId=[1] -> 200 [513ms] {"item_id":990008,"price":"22.98","quantity":1,"add_on_ids":[],"add_ons":[],"add_on_qtys":[],"model":"Item"} rows=[[1070, 990001, 1], [1071, 990008, 1]]
-- app log (device clock)
10-02 00:11:19.106 I/flutter ( 3647): [NET] POST endpoint=/api/v1/customer/cart/add
10-02 00:11:19.641 I/flutter ( 3647): [NET] endpoint=/api/v1/customer/cart/add http_status=200
10-02 00:11:19.644 I/flutter ( 3647): 📊 analytics: add_to_cart {item_id: 990008, price: 22.98, quantity: 1, currency: AED, value: 22.98, screen: global_search, item_list_id: module_1, item_list_name: module_1, index: 1, store_id: 1, is_available: 1, module_id: 1}
-- DB
id	cart_mod	item_id	name	item_mod	q
1070	1	990001	Zqx Rice	1	1
1071	1	990008	Zqx Rice Two	1	1
### R2-step-patch-delay1500 ctrl={"delay": {"DELETE /api/v1/customer/cart/remove": 1500}}
T0 00:12:04.359852267
T_old_done 00:12:04.384692100
T_cross_done 00:12:04.401882975
T_yes_start 00:12:04.561402017
T_yes_done 00:12:04.579364267
-- proxy (host clock)
00:12:28.963 DELETE /api/v1/customer/cart/remove q= moduleId='1' zoneId=None -> 200 [1907ms] DELAY1500 rows=[]
00:12:31.022 GET /api/v1/config/get-zone-id q=lat=<scrubbed>&lng=<scrubbed> moduleId='3' zoneId=[1] -> 200 [305ms]
00:12:31.022 GET /api/v1/customer/cart/list q= moduleId='3' zoneId=[1] -> 200 [656ms] rows=[]
00:12:31.023 GET /api/v1/customer/cart/list q= moduleId='3' zoneId=[1] -> 200 [1016ms] rows=[]
00:12:31.024 GET /api/v1/customer/suggested-items q= moduleId='3' zoneId=[1] -> 200 [1469ms]
00:12:31.025 GET /api/v1/customer/wish-list q= moduleId='3' zoneId=[1] -> 200 [1784ms]
00:12:31.025 GET /api/v1/cashback/list q= moduleId='3' zoneId=[1] -> 200 [2130ms]
00:12:31.026 GET /api/v1/customer/cart/list q= moduleId='3' zoneId=[1] -> 200 [2486ms] rows=[]
00:12:31.436 POST /api/v1/customer/cart/add q= moduleId='3' zoneId=[1] -> 200 [2484ms] {"item_id":990002,"price":"5.49","quantity":1,"add_on_ids":[],"add_ons":[],"add_on_qtys":[],"model":"Item"} rows=[[1072, 990002, 3]]
00:12:31.693 GET /api/v1/home/all q= moduleId='3' zoneId=[1] -> 200 [2902ms]
00:12:34.650 GET /api/v1/items/recommended q=filter=all&limit=30 moduleId='3' zoneId=[1] -> 200 [430ms]
00:12:34.650 GET /api/v1/customer/order/buy-it-again q=limit=25&offset=1 moduleId='3' zoneId=[1] -> 200 [676ms]
00:12:34.650 GET /api/v1/campaigns/item q= moduleId='3' zoneId=[1] -> 200 [1326ms]
00:12:34.791 GET /api/v1/campaigns/basic q= moduleId='3' zoneId=[1] -> 200 [1450ms]
00:12:34.794 GET /api/v1/items/popular q=type=all&offset=1&limit=25&min_price=0.0&max_price=9999999999.0 moduleId='3' zoneId=[1] -> 200 [2010ms]
00:12:34.796 GET /api/v1/other-banners q= moduleId='3' zoneId=[1] -> 200 [2256ms]
00:12:34.797 GET /api/v1/customer/info q= moduleId='3' zoneId=[1] -> 200 [2528ms]
00:12:34.795 GET /api/v1/flash-sales q= moduleId='3' zoneId=[1] -> 200 [2995ms]
-- app log (device clock)
10-02 00:12:04.576 I/flutter ( 3647): [NET] DELETE endpoint=/api/v1/customer/cart/remove
10-02 00:12:06.517 I/flutter ( 3647): [NET] endpoint=/api/v1/customer/cart/remove http_status=200
10-02 00:12:06.519 I/flutter ( 3647): [NET] GET endpoint=/api/v1/customer/cart/list
10-02 00:12:06.521 I/flutter ( 3647): [NET] GET endpoint=/api/v1/customer/cart/list
10-02 00:12:06.521 I/flutter ( 3647): [NET] GET endpoint=/api/v1/customer/cart/list
10-02 00:12:07.040 I/flutter ( 3647): [NET] POST endpoint=/api/v1/customer/cart/add
10-02 00:12:07.328 I/flutter ( 3647): [NET] endpoint=/api/v1/customer/cart/list http_status=200
10-02 00:12:07.687 I/flutter ( 3647): [NET] endpoint=/api/v1/customer/cart/list http_status=200
10-02 00:12:09.161 I/flutter ( 3647): [NET] endpoint=/api/v1/customer/cart/list http_status=200
10-02 00:12:09.568 I/flutter ( 3647): [NET] endpoint=/api/v1/customer/cart/add http_status=200
10-02 00:12:09.568 I/flutter ( 3647): 📊 analytics: add_to_cart {item_id: 990002, price: 5.49, quantity: 1, currency: AED, value: 5.49, screen: global_search, item_list_id: module_3, item_list_name: module_3, index: 0, store_id: 7, is_available: 1, module_id: 3}
-- DB
id	cart_mod	item_id	name	item_mod	q
1072	3	990002	Zqx Pill	3	1
### RESEED-2 (non-racing Yes, then same-module + Rice Two; ctrl={})
00:12:57.534 DELETE /api/v1/customer/cart/remove q= moduleId='3' zoneId=None -> 200 [187ms] rows=[]
00:12:58.539 GET /api/v1/customer/cart/list q= moduleId='1' zoneId=[1] -> 200 [150ms] rows=[]
00:12:58.539 GET /api/v1/customer/cart/list q= moduleId='1' zoneId=[1] -> 200 [413ms] rows=[]
00:12:58.540 GET /api/v1/customer/cart/list q= moduleId='1' zoneId=[1] -> 200 [1576ms] rows=[]
00:12:59.041 POST /api/v1/customer/cart/add q= moduleId='1' zoneId=[1] -> 200 [1367ms] {"item_id":990001,"price":"15.03","quantity":1,"add_on_ids":[],"add_ons":[],"add_on_qtys":[],"model":"Item"} rows=[[1073, 990001, 1]]
id	cart_mod	item_id	item_mod	q
1073	1	990001	1	1
### C2-control-NO-step ctrl={}
T0 00:12:54.512715832
T_old_done 00:12:54.564680041
T_cross_done 00:12:54.616408791
T_yes_start 00:12:54.853763791
T_yes_done 00:12:54.953611666
-- proxy (host clock)
00:13:19.581 POST /api/v1/customer/cart/update q= moduleId='1' zoneId=[1] -> 200 [1240ms] {"cart_id":1074,"price":41.364000000000004,"quantity":2} rows=[[1073, 990001, 1], [1074, 990008, 1]]
-- app log (device clock)
10-02 00:12:55.097 I/flutter ( 3647): [NET] POST endpoint=/api/v1/customer/cart/update
10-02 00:12:56.470 I/flutter ( 3647): [NET] endpoint=/api/v1/customer/cart/update http_status=200
10-02 00:12:56.472 I/flutter ( 3647): 📊 analytics: cart_quantity_changed {item_id: 990008, store_id: 1, module_id: 1, from_qty: 1, to_qty: 2, screen: basket}
-- DB
id	cart_mod	item_id	name	item_mod	q
1073	1	990001	Zqx Rice	1	1
1074	1	990008	Zqx Rice Two	1	2
### R3-step-patch-row1073-delay1500 ctrl={"delay": {"DELETE /api/v1/customer/cart/remove": 1500}}
T0 00:13:11.531273882
T_old_done 00:13:11.566510757
T_cross_done 00:13:11.932243674
T_yes_start 00:13:12.229438133
T_yes_done 00:13:12.338927466
-- proxy (host clock)
00:13:36.707 POST /api/v1/customer/cart/update q= moduleId='1' zoneId=[1] -> 200 [847ms] {"cart_id":1073,"price":24.6492,"quantity":2} rows=[[1073, 990001, 1], [1074, 990008, 1]]
00:13:36.706 DELETE /api/v1/customer/cart/remove q= moduleId='1' zoneId=None -> 200 [1678ms] DELAY1500 rows=[]
00:13:38.650 GET /api/v1/config/get-zone-id q=lat=<scrubbed>&lng=<scrubbed> moduleId='3' zoneId=[1] -> 200 [466ms]
00:13:38.650 GET /api/v1/customer/cart/list q= moduleId='3' zoneId=[1] -> 200 [846ms] rows=[]
00:13:38.650 GET /api/v1/customer/cart/list q= moduleId='3' zoneId=[1] -> 200 [1214ms] rows=[]
00:13:38.651 GET /api/v1/customer/suggested-items q= moduleId='3' zoneId=[1] -> 200 [1566ms]
00:13:38.651 GET /api/v1/customer/wish-list q= moduleId='3' zoneId=[1] -> 200 [1789ms]
00:13:38.651 GET /api/v1/customer/cart/list q= moduleId='3' zoneId=[1] -> 200 [1972ms] rows=[]
00:13:38.651 GET /api/v1/cashback/list q= moduleId='3' zoneId=[1] -> 200 [2318ms]
00:13:39.084 POST /api/v1/customer/cart/add q= moduleId='3' zoneId=[1] -> 200 [2275ms] {"item_id":990002,"price":"5.49","quantity":1,"add_on_ids":[],"add_ons":[],"add_on_qtys":[],"model":"Item"} rows=[[1075, 990002, 3]]
00:13:39.459 GET /api/v1/home/all q= moduleId='3' zoneId=[1] -> 200 [2467ms]
00:13:42.445 GET /api/v1/customer/order/buy-it-again q=limit=25&offset=1 moduleId='3' zoneId=[1] -> 200 [162ms]
00:13:42.445 GET /api/v1/stores/get-stores/all q=store_type=all&offset=1&limit=12 moduleId='3' zoneId=[1] -> 200 [542ms]
00:13:42.445 GET /api/v1/advertisement/list q= moduleId='3' zoneId=[1] -> 200 [790ms]
00:13:42.449 GET /api/v1/items/recommended q=filter=all&limit=30 moduleId='3' zoneId=[1] -> 200 [1167ms]
00:13:42.450 GET /api/v1/campaigns/item q= moduleId='3' zoneId=[1] -> 200 [1486ms]
00:13:42.450 GET /api/v1/campaigns/basic q= moduleId='3' zoneId=[1] -> 200 [1665ms]
00:13:42.451 GET /api/v1/items/most-reviewed q=type=all&offset=1&limit=25&min_price=0.0&max_price=9999999999.0 moduleId='3' zoneId=[1] -> 200 [1881ms]
00:13:42.452 GET /api/v1/items/popular q=type=all&offset=1&limit=25&min_price=0.0&max_price=9999999999.0 moduleId='3' zoneId=[1] -> 200 [2183ms]
00:13:42.453 GET /api/v1/flash-sales q= moduleId='3' zoneId=[1] -> 200 [2469ms]
00:13:42.453 GET /api/v1/customer/info q= moduleId='3' zoneId=[1] -> 200 [2695ms]
-- app log (device clock)
10-02 00:13:12.170 I/flutter ( 3647): [NET] POST endpoint=/api/v1/customer/cart/update
10-02 00:13:12.334 I/flutter ( 3647): [NET] DELETE endpoint=/api/v1/customer/cart/remove
10-02 00:13:13.215 I/flutter ( 3647): [NET] endpoint=/api/v1/customer/cart/update http_status=200
10-02 00:13:13.215 I/flutter ( 3647): 📊 analytics: cart_quantity_changed {item_id: 990001, store_id: 1, module_id: 1, from_qty: 1, to_qty: 2, screen: basket}
10-02 00:13:14.031 I/flutter ( 3647): [NET] endpoint=/api/v1/customer/cart/remove http_status=200
10-02 00:13:14.032 I/flutter ( 3647): [NET] GET endpoint=/api/v1/customer/cart/list
10-02 00:13:14.033 I/flutter ( 3647): [NET] GET endpoint=/api/v1/customer/cart/list
10-02 00:13:14.034 I/flutter ( 3647): [NET] GET endpoint=/api/v1/customer/cart/list
10-02 00:13:14.538 I/flutter ( 3647): [NET] POST endpoint=/api/v1/customer/cart/add
10-02 00:13:15.143 I/flutter ( 3647): [NET] endpoint=/api/v1/customer/cart/list http_status=200
10-02 00:13:15.512 I/flutter ( 3647): [NET] endpoint=/api/v1/customer/cart/list http_status=200
10-02 00:13:16.275 I/flutter ( 3647): [NET] endpoint=/api/v1/customer/cart/list http_status=200
10-02 00:13:17.012 I/flutter ( 3647): [NET] endpoint=/api/v1/customer/cart/add http_status=200
10-02 00:13:17.017 I/flutter ( 3647): 📊 analytics: add_to_cart {item_id: 990002, price: 5.49, quantity: 1, currency: AED, value: 5.49, screen: global_search, item_list_id: module_3, item_list_name: module_3, index: 0, store_id: 7, is_available: 1, module_id: 3}
-- DB
id	cart_mod	item_id	name	item_mod	q
1075	3	990002	Zqx Pill	3	1
### RESEED both
00:14:04.078 DELETE /api/v1/customer/cart/remove q= moduleId='3' zoneId=None -> 200 [186ms] rows=[]
00:14:05.093 GET /api/v1/customer/cart/list q= moduleId='1' zoneId=[1] -> 200 [291ms] rows=[]
00:14:05.094 GET /api/v1/customer/cart/list q= moduleId='1' zoneId=[1] -> 200 [952ms] rows=[]
00:14:05.095 GET /api/v1/customer/cart/list q= moduleId='1' zoneId=[1] -> 200 [1948ms] rows=[]
00:14:05.586 POST /api/v1/customer/cart/add q= moduleId='1' zoneId=[1] -> 200 [2500ms] {"item_id":990001,"price":"15.03","quantity":1,"add_on_ids":[],"add_ons":[],"add_on_qtys":[],"model":"Item"} rows=[[1076, 990001, 1]]
00:14:11.880 POST /api/v1/customer/cart/add q= moduleId='1' zoneId=[1] -> 200 [2637ms] {"item_id":990008,"price":"22.98","quantity":1,"add_on_ids":[],"add_ons":[],"add_on_qtys":[],"model":"Item"} rows=[[1076, 990001, 1], [1077, 990008, 1]]
id	cart_mod	item_id	item_mod	q
1076	1	990001	1	1
1077	1	990008	1	1
### R4-step-patch-row1077-delay1500 ctrl={"delay": {"DELETE /api/v1/customer/cart/remove": 1500}}
T0 00:13:59.435356988
T_old_done 00:13:59.471527447
T_cross_done 00:13:59.510370863
T_yes_start 00:13:59.623816905
T_yes_done 00:13:59.703819905
-- proxy (host clock)
00:14:24.138 DELETE /api/v1/customer/cart/remove q= moduleId='1' zoneId=None -> 200 [1824ms] DELAY1500 rows=[]
00:14:26.223 GET /api/v1/customer/cart/list q= moduleId='3' zoneId=[1] -> 200 [289ms] rows=[]
00:14:26.223 GET /api/v1/config/get-zone-id q=lat=<scrubbed>&lng=<scrubbed> moduleId='3' zoneId=[1] -> 200 [534ms]
00:14:26.226 GET /api/v1/customer/cart/list q= moduleId='3' zoneId=[1] -> 200 [748ms] rows=[]
00:14:26.229 GET /api/v1/customer/suggested-items q= moduleId='3' zoneId=[1] -> 200 [925ms]
00:14:26.231 GET /api/v1/customer/wish-list q= moduleId='3' zoneId=[1] -> 200 [1100ms]
00:14:26.232 GET /api/v1/cashback/list q= moduleId='3' zoneId=[1] -> 200 [1744ms]
00:14:26.232 GET /api/v1/customer/cart/list q= moduleId='3' zoneId=[1] -> 200 [2035ms] rows=[]
00:14:26.540 POST /api/v1/customer/cart/add q= moduleId='3' zoneId=[1] -> 200 [2136ms] {"item_id":990002,"price":"5.49","quantity":1,"add_on_ids":[],"add_ons":[],"add_on_qtys":[],"model":"Item"} rows=[[1078, 990002, 3]]
00:14:26.938 GET /api/v1/home/all q= moduleId='3' zoneId=[1] -> 200 [2084ms]
00:14:29.532 GET /api/v1/advertisement/list q= moduleId='3' zoneId=[1] -> 200 [175ms]
00:14:29.533 GET /api/v1/stores/get-stores/all q=store_type=all&offset=1&limit=12 moduleId='3' zoneId=[1] -> 200 [441ms]
00:14:29.534 GET /api/v1/customer/order/buy-it-again q=limit=25&offset=1 moduleId='3' zoneId=[1] -> 200 [594ms]
00:14:29.534 GET /api/v1/items/recommended q=filter=all&limit=30 moduleId='3' zoneId=[1] -> 200 [816ms]
00:14:29.534 GET /api/v1/campaigns/item q= moduleId='3' zoneId=[1] -> 200 [1773ms]
00:14:29.535 GET /api/v1/campaigns/basic q= moduleId='3' zoneId=[1] -> 200 [2977ms]
-- app log (device clock)
10-02 00:13:59.700 I/flutter ( 3647): [NET] DELETE endpoint=/api/v1/customer/cart/remove
10-02 00:14:01.609 I/flutter ( 3647): [NET] endpoint=/api/v1/customer/cart/remove http_status=200
10-02 00:14:01.611 I/flutter ( 3647): [NET] GET endpoint=/api/v1/customer/cart/list
10-02 00:14:01.613 I/flutter ( 3647): [NET] GET endpoint=/api/v1/customer/cart/list
10-02 00:14:01.613 I/flutter ( 3647): [NET] GET endpoint=/api/v1/customer/cart/list
10-02 00:14:02.122 I/flutter ( 3647): [NET] POST endpoint=/api/v1/customer/cart/add
10-02 00:14:02.179 I/flutter ( 3647): [NET] endpoint=/api/v1/customer/cart/list http_status=200
10-02 00:14:02.620 I/flutter ( 3647): [NET] endpoint=/api/v1/customer/cart/list http_status=200
10-02 00:14:03.916 I/flutter ( 3647): [NET] endpoint=/api/v1/customer/cart/list http_status=200
10-02 00:14:04.326 I/flutter ( 3647): [NET] endpoint=/api/v1/customer/cart/add http_status=200
10-02 00:14:04.327 I/flutter ( 3647): 📊 analytics: add_to_cart {item_id: 990002, price: 5.49, quantity: 1, currency: AED, value: 5.49, screen: global_search, item_list_id: module_3, item_list_name: module_3, index: 0, store_id: 7, is_available: 1, module_id: 3}
-- DB
id	cart_mod	item_id	name	item_mod	q
1078	3	990002	Zqx Pill	3	1
### RESEED both
00:14:42.728 DELETE /api/v1/customer/cart/remove q= moduleId='3' zoneId=None -> 200 [253ms] rows=[]
00:14:43.324 GET /api/v1/customer/cart/list q= moduleId='1' zoneId=[1] -> 200 [182ms] rows=[]
00:14:43.326 GET /api/v1/customer/cart/list q= moduleId='1' zoneId=[1] -> 200 [4773ms] rows=[]
00:14:43.324 GET /api/v1/customer/cart/list q= moduleId='1' zoneId=[1] -> 200 [4913ms] rows=[]
00:14:43.764 POST /api/v1/customer/cart/add q= moduleId='1' zoneId=[1] -> 200 [4757ms] {"item_id":990001,"price":"15.03","quantity":1,"add_on_ids":[],"add_ons":[],"add_on_qtys":[],"model":"Item"} rows=[[1079, 990001, 1]]
id	cart_mod	item_id	item_mod	q
1079	1	990001	1	1
1080	1	990008	1	1
### F1-fail500-step-delay1500 ctrl={"delay": {"DELETE /api/v1/customer/cart/remove": 1500}, "fail": {"DELETE /api/v1/customer/cart/remove": 500}}
T0 00:14:31.817709087
T_old_done 00:14:31.834592212
T_cross_done 00:14:31.848426295
T_yes_start 00:14:31.956413712
T_yes_done 00:14:31.973217296
-- proxy (host clock)
00:14:56.427 DELETE /api/v1/customer/cart/remove q= moduleId='1' zoneId=None -> 500 [1508ms] DELAY1500 INJECTED-FAIL
00:14:58.439 POST /api/v1/customer/cart/update q= moduleId='1' zoneId=[1] -> 200 [149ms] {"cart_id":1080,"price":41.364000000000004,"quantity":2} rows=[[1079, 990001, 1], [1080, 990008, 1]]
-- app log (device clock)
10-02 00:14:31.971 I/flutter ( 3647): [NET] DELETE endpoint=/api/v1/customer/cart/remove
10-02 00:14:33.583 I/flutter ( 3647): [NET] endpoint=/api/v1/customer/cart/remove http_status=500
10-02 00:14:33.585 I/flutter ( 3647): [FAIL] endpoint=/api/v1/customer/cart/remove http_status=500 type=ApiFailure msg="unhandled api response" correlation_id=3f42e541-eaf9-43db-bb6c-342f99d47bc5
10-02 00:14:33.586 I/flutter ( 3647): [FAIL] endpoint=/api/v1/customer/cart/remove http_status=null type=ApiFailure msg="cross-module clear-cart failed"
10-02 00:14:33.588 I/flutter ( 3647): [ERR] msg="error snackbar shown"
10-02 00:14:33.597 I/flutter ( 3647): [NET] POST endpoint=/api/v1/customer/cart/update
10-02 00:14:34.584 I/flutter ( 3647): [NET] endpoint=/api/v1/customer/cart/update http_status=200
10-02 00:14:34.584 I/flutter ( 3647): 📊 analytics: cart_quantity_changed {item_id: 990008, store_id: 1, module_id: 1, from_qty: 1, to_qty: 2, screen: basket}
-- DB
id	cart_mod	item_id	name	item_mod	q
1079	1	990001	Zqx Rice	1	1
1080	1	990008	Zqx Rice Two	1	2
### SWITCH-TO-PHARMACY non-racing
00:15:21.571 DELETE /api/v1/customer/cart/remove q= moduleId='1' zoneId=None -> 200 [129ms] rows=[]
00:15:21.817 GET /api/v1/customer/cart/list q= moduleId='3' zoneId=[1] -> 200 [126ms] rows=[]
00:15:21.818 GET /api/v1/customer/cart/list q= moduleId='3' zoneId=[1] -> 200 [278ms] rows=[]
00:15:21.820 GET /api/v1/customer/cart/list q= moduleId='3' zoneId=[1] -> 200 [873ms] rows=[]
00:15:22.258 POST /api/v1/customer/cart/add q= moduleId='3' zoneId=[1] -> 200 [1143ms] {"item_id":990002,"price":"5.49","quantity":1,"add_on_ids":[],"add_ons":[],"add_on_qtys":[],"model":"Item"} rows=[[1081, 990002, 3]]
### RESEED single
00:15:32.615 DELETE /api/v1/customer/cart/remove q= moduleId='3' zoneId=None -> 200 [479ms] rows=[]
00:15:33.619 GET /api/v1/customer/cart/list q= moduleId='1' zoneId=[1] -> 200 [1496ms] rows=[]
00:15:33.619 GET /api/v1/customer/cart/list q= moduleId='1' zoneId=[1] -> 200 [1688ms] rows=[]
00:15:33.621 GET /api/v1/customer/cart/list q= moduleId='1' zoneId=[1] -> 200 [2182ms] rows=[]
00:15:33.783 POST /api/v1/customer/cart/add q= moduleId='1' zoneId=[1] -> 200 [2249ms] {"item_id":990001,"price":"15.03","quantity":1,"add_on_ids":[],"add_ons":[],"add_on_qtys":[],"model":"Item"} rows=[[1082, 990001, 1]]
id	cart_mod	item_id	item_mod	q
1082	1	990001	1	1
### F2-fail503-add-delay1500 ctrl={"delay": {"DELETE /api/v1/customer/cart/remove": 1500}, "fail": {"DELETE /api/v1/customer/cart/remove": 503}}
T0 00:15:20.971695944
T_old_done 00:15:20.982373152
T_cross_done 00:15:20.993928944
T_yes_start 00:15:21.100785111
T_yes_done 00:15:21.114563194
-- proxy (host clock)
00:15:45.833 DELETE /api/v1/customer/cart/remove q= moduleId='1' zoneId=None -> 503 [1501ms] DELAY1500 INJECTED-FAIL
00:15:47.840 POST /api/v1/customer/cart/add q= moduleId='1' zoneId=[1] -> 200 [229ms] {"item_id":990008,"price":"22.98","quantity":1,"add_on_ids":[],"add_ons":[],"add_on_qtys":[],"model":"Item"} rows=[[1082, 990001, 1], [1083, 990008, 1]]
-- app log (device clock)
10-02 00:15:21.109 I/flutter ( 3647): [NET] DELETE endpoint=/api/v1/customer/cart/remove
10-02 00:15:22.980 I/flutter ( 3647): [NET] endpoint=/api/v1/customer/cart/remove http_status=503
10-02 00:15:22.980 I/flutter ( 3647): [FAIL] endpoint=/api/v1/customer/cart/remove http_status=503 type=ApiFailure msg="unhandled api response" correlation_id=66c85221-bb15-4c93-9e48-d3bc0ff44e31
10-02 00:15:22.980 I/flutter ( 3647): [FAIL] endpoint=/api/v1/customer/cart/remove http_status=null type=ApiFailure msg="cross-module clear-cart failed"
10-02 00:15:22.980 I/flutter ( 3647): [ERR] msg="error snackbar shown"
10-02 00:15:22.981 I/flutter ( 3647): [NET] POST endpoint=/api/v1/customer/cart/add
10-02 00:15:23.983 I/flutter ( 3647): [NET] endpoint=/api/v1/customer/cart/add http_status=200
10-02 00:15:23.983 I/flutter ( 3647): 📊 analytics: add_to_cart {item_id: 990008, price: 22.98, quantity: 1, currency: AED, value: 22.98, screen: global_search, item_list_id: module_1, item_list_name: module_1, index: 1, store_id: 1, is_available: 1, module_id: 1}
-- DB
id	cart_mod	item_id	name	item_mod	q
1082	1	990001	Zqx Rice	1	1
1083	1	990008	Zqx Rice Two	1	1
### D1-step-saved-row-during-roundtrip seq=[tap:1205:1874:cross sleep:0.1 tap:944:1889:yes sleep:0.6 tap:1230:957:riceStepPlus] ctrl={"delay": {"DELETE /api/v1/customer/cart/remove": 2500}}
T0 00:16:23.924805682
T_cross_done 00:16:23.936102724
T_yes_done 00:16:24.049310474
T_riceStepPlus_done 00:16:24.664662683
-- proxy (host clock)
00:16:48.690 DELETE /api/v1/customer/cart/remove q= moduleId='1' zoneId=None -> 200 [2631ms] DELAY2500 rows=[]
00:16:51.830 GET /api/v1/customer/cart/list q= moduleId='3' zoneId=[1] -> 200 [225ms] rows=[]
00:16:51.831 GET /api/v1/customer/cart/list q= moduleId='3' zoneId=[1] -> 200 [391ms] rows=[]
00:16:51.832 POST /api/v1/customer/cart/update q= moduleId='3' zoneId=[1] -> 404 [673ms] {"cart_id":1082,"price":24.6492,"quantity":2}
00:16:51.834 GET /api/v1/customer/cart/list q= moduleId='3' zoneId=[1] -> 200 [1053ms] rows=[]
00:16:52.327 POST /api/v1/customer/cart/add q= moduleId='3' zoneId=[1] -> 200 [750ms] {"item_id":990002,"price":"5.49","quantity":1,"add_on_ids":[],"add_ons":[],"add_on_qtys":[],"model":"Item"} rows=[[1084, 990002, 3]]
00:16:52.366 GET /api/v1/home/all q= moduleId='3' zoneId=[1] -> 200 [930ms]
-- app log (device clock)
10-02 00:16:24.046 I/flutter ( 3647): [NET] DELETE endpoint=/api/v1/customer/cart/remove
10-02 00:16:26.966 I/flutter ( 3647): [NET] endpoint=/api/v1/customer/cart/remove http_status=200
10-02 00:16:26.968 I/flutter ( 3647): [NET] POST endpoint=/api/v1/customer/cart/update
10-02 00:16:27.476 I/flutter ( 3647): [NET] POST endpoint=/api/v1/customer/cart/add
10-02 00:16:28.151 I/flutter ( 3647): [NET] endpoint=/api/v1/customer/cart/update http_status=404
10-02 00:16:28.152 I/flutter ( 3647): [FAIL] endpoint=/api/v1/customer/cart/update http_status=404 type=ApiFailure msg="unhandled api response" correlation_id=e76c5ed0-123e-40ce-be29-20867c4cef89
10-02 00:16:28.152 I/flutter ( 3647): [FAIL] endpoint=/api/v1/customer/cart/update http_status=404 type=ApiFailure msg="cart: updateCartQuantityOnline rowGone" correlation_id=e76c5ed0-123e-40ce-be29-20867c4cef89
10-02 00:16:28.723 I/flutter ( 3647): [NET] endpoint=/api/v1/customer/cart/add http_status=200
-- DB
id	cart_mod	item_id	name	item_mod	q
1084	3	990002	Zqx Pill	3	1
### RESEED single
00:17:15.153 DELETE /api/v1/customer/cart/remove q= moduleId='3' zoneId=None -> 200 [1276ms] rows=[]
00:17:16.605 GET /api/v1/customer/cart/list q= moduleId='1' zoneId=[1] -> 200 [251ms] rows=[]
00:17:16.606 GET /api/v1/customer/cart/list q= moduleId='1' zoneId=[1] -> 200 [371ms] rows=[]
00:17:16.609 GET /api/v1/customer/cart/list q= moduleId='1' zoneId=[1] -> 200 [867ms] rows=[]
00:17:16.969 POST /api/v1/customer/cart/add q= moduleId='1' zoneId=[1] -> 200 [989ms] {"item_id":990001,"price":"15.03","quantity":1,"add_on_ids":[],"add_ons":[],"add_on_qtys":[],"model":"Item"} rows=[[1085, 990001, 1]]
id	cart_mod	item_id	item_mod	q
1085	1	990001	1	1
### D2-fresh-add-then-step-during-roundtrip seq=[tap:1205:1316:riceTwoAdd tap:1205:1832:cross sleep:0.1 tap:944:1889:yes sleep:0.6 tap:1230:1359:riceTwoStepPlus] ctrl={"delay": {"DELETE /api/v1/customer/cart/remove": 2500}}
T0 00:16:59.547870949
T_riceTwoAdd_done 00:16:59.560244241
T_cross_done 00:16:59.576244783
T_yes_done 00:16:59.694375658
T_riceTwoStepPlus_done 00:17:00.313260116
-- proxy (host clock)
00:17:24.382 DELETE /api/v1/customer/cart/remove q= moduleId='1' zoneId=None -> 200 [2626ms] DELAY2500 rows=[]
00:17:27.514 GET /api/v1/customer/cart/list q= moduleId='3' zoneId=[1] -> 200 [286ms] rows=[]
00:17:27.515 GET /api/v1/customer/cart/list q= moduleId='3' zoneId=[1] -> 200 [640ms] rows=[]
00:17:27.524 GET /api/v1/customer/cart/list q= moduleId='3' zoneId=[1] -> 200 [914ms] rows=[]
00:17:27.524 POST /api/v1/customer/cart/add q= moduleId='3' zoneId=[1] -> 200 [1093ms] {"item_id":990008,"price":"22.98","quantity":2,"add_on_ids":[],"add_ons":[],"add_on_qtys":[],"model":"Item"} rows=[[1086, 990008, 3]]
00:17:28.021 POST /api/v1/customer/cart/add q= moduleId='3' zoneId=[1] -> 200 [744ms] {"item_id":990002,"price":"5.49","quantity":1,"add_on_ids":[],"add_ons":[],"add_on_qtys":[],"model":"Item"} rows=[[1086, 990008, 3], [1087, 990002, 3]]
00:17:28.163 GET /api/v1/home/all q= moduleId='3' zoneId=[1] -> 200 [803ms]
-- app log (device clock)
10-02 00:16:59.691 I/flutter ( 3647): [NET] DELETE endpoint=/api/v1/customer/cart/remove
10-02 00:17:02.654 I/flutter ( 3647): [NET] endpoint=/api/v1/customer/cart/remove http_status=200
10-02 00:17:02.656 I/flutter ( 3647): [NET] POST endpoint=/api/v1/customer/cart/add
10-02 00:17:03.163 I/flutter ( 3647): [FAIL] endpoint=/api/v1/customer/wish-list http_status=null type=ApiFailure transport_error=socket msg="api request threw" correlation_id=077dd8f5-abed-4011-aa37-98a26693af76
10-02 00:17:03.164 I/flutter ( 3647): [FAIL] endpoint=/api/v1/customer/wish-list http_status=null type=ApiFailure msg="get favourite list failed"
10-02 00:17:03.168 I/flutter ( 3647): [NET] POST endpoint=/api/v1/customer/cart/add
10-02 00:17:03.677 I/flutter ( 3647): [WARN] msg="pending add dropped: reason=module_mismatch item_id=990008 row_module_id=1 active_module_id=3"
10-02 00:17:04.263 I/flutter ( 3647): [NET] endpoint=/api/v1/customer/cart/add http_status=200
10-02 00:17:04.412 I/flutter ( 3647): [NET] endpoint=/api/v1/customer/cart/add http_status=200
-- DB
id	cart_mod	item_id	name	item_mod	q
1086	3	990008	Zqx Rice Two	1	2
1087	3	990002	Zqx Pill	3	1
### RESEED single
00:20:35.135 DELETE /api/v1/customer/cart/remove q= moduleId='1' zoneId=None -> 200 [93ms] rows=[]
00:20:35.909 GET /api/v1/customer/cart/list q= moduleId='1' zoneId=[1] -> 200 [151ms] rows=[]
00:20:35.909 GET /api/v1/customer/cart/list q= moduleId='1' zoneId=[1] -> 200 [228ms] rows=[]
00:20:36.410 POST /api/v1/customer/cart/add q= moduleId='1' zoneId=[1] -> 200 [128ms] {"item_id":990001,"price":"15.03","quantity":1,"add_on_ids":[],"add_ons":[],"add_on_qtys":[],"model":"Item"} rows=[[1088, 990001, 1]]
id	cart_mod	item_id	item_mod	q
1088	1	990001	1	1
1086	3	990008	1	2
1087	3	990002	3	1
### CLEANUP copy DB: deleted QA rows 1086,1087 (orphaned by the D2 mismatch + the follow-on reset DELETE moduleId=1)
### D3-repeat-fresh-add-then-step-during-roundtrip seq=[tap:1205:1316:riceTwoAdd tap:1205:1832:cross sleep:0.1 tap:944:1889:yes sleep:0.6 tap:1230:1359:riceTwoStepPlus] ctrl={"delay": {"DELETE /api/v1/customer/cart/remove": 2500}}
T0 00:20:40.462413430
T_riceTwoAdd_done 00:20:40.476586471
T_cross_done 00:20:40.503830346
T_yes_done 00:20:40.620857013
T_riceTwoStepPlus_done 00:20:41.237131055
-- proxy (host clock)
00:21:05.374 DELETE /api/v1/customer/cart/remove q= moduleId='1' zoneId=None -> 200 [2623ms] DELAY2500 rows=[]
00:21:08.500 GET /api/v1/customer/cart/list q= moduleId='3' zoneId=[1] -> 200 [198ms] rows=[]
00:21:08.501 GET /api/v1/customer/cart/list q= moduleId='3' zoneId=[1] -> 200 [292ms] rows=[]
00:21:08.502 GET /api/v1/customer/cart/list q= moduleId='3' zoneId=[1] -> 200 [572ms] rows=[]
00:21:08.503 POST /api/v1/customer/cart/add q= moduleId='3' zoneId=[1] -> 200 [706ms] {"item_id":990008,"price":"22.98","quantity":2,"add_on_ids":[],"add_ons":[],"add_on_qtys":[],"model":"Item"} rows=[[1089, 990008, 3]]
00:21:09.002 POST /api/v1/customer/cart/add q= moduleId='3' zoneId=[1] -> 200 [337ms] {"item_id":990002,"price":"5.49","quantity":1,"add_on_ids":[],"add_ons":[],"add_on_qtys":[],"model":"Item"} rows=[[1089, 990008, 3], [1090, 990002, 3]]
00:21:09.078 GET /api/v1/home/all q= moduleId='3' zoneId=[1] -> 200 [496ms]
-- app log (device clock)
10-02 00:20:40.617 I/flutter ( 3647): [NET] DELETE endpoint=/api/v1/customer/cart/remove
10-02 00:20:43.641 I/flutter ( 3647): [NET] endpoint=/api/v1/customer/cart/remove http_status=200
10-02 00:20:43.643 I/flutter ( 3647): [NET] POST endpoint=/api/v1/customer/cart/add
10-02 00:20:44.148 I/flutter ( 3647): [NET] POST endpoint=/api/v1/customer/cart/add
10-02 00:20:44.648 I/flutter ( 3647): [WARN] msg="pending add dropped: reason=module_mismatch item_id=990008 row_module_id=1 active_module_id=3"
10-02 00:20:44.854 I/flutter ( 3647): [NET] endpoint=/api/v1/customer/cart/add http_status=200
10-02 00:20:44.983 I/flutter ( 3647): [NET] endpoint=/api/v1/customer/cart/add http_status=200
-- DB
id	cart_mod	item_id	name	item_mod	q
1089	3	990008	Zqx Rice Two	1	2
1090	3	990002	Zqx Pill	3	1
### CLEANUP copy DB: deleted QA rows 1089,1090 (D3 artifacts)
### RESEED single
00:21:28.775 DELETE /api/v1/customer/cart/remove q= moduleId='3' zoneId=None -> 200 [131ms] rows=[]
00:21:29.778 GET /api/v1/customer/cart/list q= moduleId='1' zoneId=[1] -> 200 [206ms] rows=[]
00:21:29.779 GET /api/v1/customer/cart/list q= moduleId='1' zoneId=[1] -> 200 [317ms] rows=[]
00:21:29.781 GET /api/v1/customer/cart/list q= moduleId='1' zoneId=[1] -> 200 [579ms] rows=[]
00:21:30.277 POST /api/v1/customer/cart/add q= moduleId='1' zoneId=[1] -> 200 [223ms] {"item_id":990001,"price":"15.03","quantity":1,"add_on_ids":[],"add_ons":[],"add_on_qtys":[],"model":"Item"} rows=[[1091, 990001, 1]]
id	cart_mod	item_id	item_mod	q
1091	1	990001	1	1
### D4-natural-net-fresh-add-then-step-0.15-after-yes seq=[tap:1205:1316:riceTwoAdd tap:1205:1832:cross sleep:0.1 tap:944:1889:yes sleep:0.15 tap:1230:1359:riceTwoStepPlus] ctrl={}
T0 00:21:12.864501862
T_riceTwoAdd_done 00:21:12.877187070
T_cross_done 00:21:12.898160778
T_yes_done 00:21:13.025869945
T_riceTwoStepPlus_done 00:21:13.225465320
-- proxy (host clock)
00:21:37.613 DELETE /api/v1/customer/cart/remove q= moduleId='1' zoneId=None -> 200 [168ms] rows=[]
00:21:38.616 GET /api/v1/customer/cart/list q= moduleId='3' zoneId=[1] -> 200 [229ms] rows=[]
00:21:38.617 GET /api/v1/customer/cart/list q= moduleId='3' zoneId=[1] -> 200 [333ms] rows=[]
00:21:38.620 GET /api/v1/customer/cart/list q= moduleId='3' zoneId=[1] -> 200 [690ms] rows=[]
00:21:38.620 POST /api/v1/customer/cart/add q= moduleId='3' zoneId=[1] -> 200 [873ms] {"item_id":990008,"price":"22.98","quantity":2,"add_on_ids":[],"add_ons":[],"add_on_qtys":[],"model":"Item"} rows=[[1092, 990008, 3]]
00:21:39.119 POST /api/v1/customer/cart/add q= moduleId='3' zoneId=[1] -> 200 [528ms] {"item_id":990002,"price":"5.49","quantity":1,"add_on_ids":[],"add_ons":[],"add_on_qtys":[],"model":"Item"} rows=[[1092, 990008, 3], [1093, 990002, 3]]
00:21:39.206 GET /api/v1/home/all q= moduleId='3' zoneId=[1] -> 200 [666ms]
-- app log (device clock)
10-02 00:21:13.023 I/flutter ( 3647): [NET] DELETE endpoint=/api/v1/customer/cart/remove
10-02 00:21:13.756 I/flutter ( 3647): [NET] endpoint=/api/v1/customer/cart/remove http_status=200
10-02 00:21:13.757 I/flutter ( 3647): [NET] POST endpoint=/api/v1/customer/cart/add
10-02 00:21:14.262 I/flutter ( 3647): [NET] POST endpoint=/api/v1/customer/cart/add
10-02 00:21:14.764 I/flutter ( 3647): [WARN] msg="pending add dropped: reason=module_mismatch item_id=990008 row_module_id=1 active_module_id=3"
10-02 00:21:15.138 I/flutter ( 3647): [NET] endpoint=/api/v1/customer/cart/add http_status=200
10-02 00:21:15.293 I/flutter ( 3647): [NET] endpoint=/api/v1/customer/cart/add http_status=200
-- DB
id	cart_mod	item_id	name	item_mod	q
1092	3	990008	Zqx Rice Two	1	2
1093	3	990002	Zqx Pill	3	1
### CLEANUP copy DB: deleted QA rows 1092,1093 (D4 artifacts)
### RESEED single
00:22:23.523 DELETE /api/v1/customer/cart/remove q= moduleId='3' zoneId=None -> 200 [97ms] rows=[]
00:22:23.710 GET /api/v1/customer/cart/list q= moduleId='1' zoneId=[1] -> 200 [171ms] rows=[]
00:22:23.710 GET /api/v1/customer/cart/list q= moduleId='1' zoneId=[1] -> 200 [263ms] rows=[]
00:22:23.711 GET /api/v1/customer/cart/list q= moduleId='1' zoneId=[1] -> 200 [546ms] rows=[]
00:22:24.131 POST /api/v1/customer/cart/add q= moduleId='1' zoneId=[1] -> 200 [591ms] {"item_id":990001,"price":"15.03","quantity":1,"add_on_ids":[],"add_ons":[],"add_on_qtys":[],"model":"Item"} rows=[[1094, 990001, 1]]
id	cart_mod	item_id	item_mod	q
1094	1	990001	1	1
### R5-add-delay1500 seq=[tap:1205:1316:riceTwoAdd tap:1205:1832:cross sleep:0.1 tap:944:1889:yes] ctrl={"delay": {"DELETE /api/v1/customer/cart/remove": 1500}}
T0 00:22:07.412852179
T_riceTwoAdd_done 00:22:07.422914721
T_cross_done 00:22:07.440181929
T_yes_done 00:22:07.557002346
-- proxy (host clock)
00:22:32.285 DELETE /api/v1/customer/cart/remove q= moduleId='1' zoneId=None -> 200 [1592ms] DELAY1500 rows=[]
00:22:34.379 GET /api/v1/customer/cart/list q= moduleId='3' zoneId=[1] -> 200 [165ms] rows=[]
00:22:34.380 GET /api/v1/customer/cart/list q= moduleId='3' zoneId=[1] -> 200 [310ms] rows=[]
00:22:34.381 GET /api/v1/customer/cart/list q= moduleId='3' zoneId=[1] -> 200 [577ms] rows=[]
00:22:34.881 POST /api/v1/customer/cart/add q= moduleId='3' zoneId=[1] -> 200 [204ms] {"item_id":990002,"price":"5.49","quantity":1,"add_on_ids":[],"add_ons":[],"add_on_qtys":[],"model":"Item"} rows=[[1095, 990002, 3]]
00:22:34.962 GET /api/v1/home/all q= moduleId='3' zoneId=[1] -> 200 [303ms]
-- app log (device clock)
10-02 00:22:07.555 I/flutter ( 3647): [NET] DELETE endpoint=/api/v1/customer/cart/remove
10-02 00:22:09.520 I/flutter ( 3647): [NET] endpoint=/api/v1/customer/cart/remove http_status=200
10-02 00:22:10.026 I/flutter ( 3647): [NET] POST endpoint=/api/v1/customer/cart/add
10-02 00:22:10.728 I/flutter ( 3647): [NET] endpoint=/api/v1/customer/cart/add http_status=200
-- DB
id	cart_mod	item_id	name	item_mod	q
1095	3	990002	Zqx Pill	3	1
### RESEED single
00:22:48.475 DELETE /api/v1/customer/cart/remove q= moduleId='3' zoneId=None -> 200 [103ms] rows=[]
00:22:49.477 GET /api/v1/customer/cart/list q= moduleId='1' zoneId=[1] -> 200 [149ms] rows=[]
00:22:49.478 GET /api/v1/customer/cart/list q= moduleId='1' zoneId=[1] -> 200 [230ms] rows=[]
00:22:49.479 GET /api/v1/customer/cart/list q= moduleId='1' zoneId=[1] -> 200 [447ms] rows=[]
00:22:49.979 POST /api/v1/customer/cart/add q= moduleId='1' zoneId=[1] -> 200 [111ms] {"item_id":990001,"price":"15.03","quantity":1,"add_on_ids":[],"add_ons":[],"add_on_qtys":[],"model":"Item"} rows=[[1096, 990001, 1]]
id	cart_mod	item_id	item_mod	q
1096	1	990001	1	1
### R6-add-natural-net seq=[tap:1205:1316:riceTwoAdd tap:1205:1832:cross sleep:0.1 tap:944:1889:yes] ctrl={}
T0 00:22:32.479337983
T_riceTwoAdd_done 00:22:32.489996900
T_cross_done 00:22:32.505294691
T_yes_done 00:22:32.622245608
-- proxy (host clock)
00:22:57.088 DELETE /api/v1/customer/cart/remove q= moduleId='1' zoneId=None -> 200 [88ms] rows=[]
00:22:58.095 GET /api/v1/customer/cart/list q= moduleId='3' zoneId=[1] -> 200 [163ms] rows=[]
00:22:58.096 GET /api/v1/customer/cart/list q= moduleId='3' zoneId=[1] -> 200 [244ms] rows=[]
00:22:58.097 GET /api/v1/customer/cart/list q= moduleId='3' zoneId=[1] -> 200 [490ms] rows=[]
00:22:58.591 POST /api/v1/customer/cart/add q= moduleId='3' zoneId=[1] -> 200 [117ms] {"item_id":990002,"price":"5.49","quantity":1,"add_on_ids":[],"add_ons":[],"add_on_qtys":[],"model":"Item"} rows=[[1097, 990002, 3]]
00:22:59.091 GET /api/v1/home/all q= moduleId='3' zoneId=[1] -> 200 [197ms]
-- app log (device clock)
10-02 00:22:32.620 I/flutter ( 3647): [NET] DELETE endpoint=/api/v1/customer/cart/remove
10-02 00:22:33.228 I/flutter ( 3647): [NET] endpoint=/api/v1/customer/cart/remove http_status=200
10-02 00:22:33.733 I/flutter ( 3647): [NET] POST endpoint=/api/v1/customer/cart/add
10-02 00:22:34.733 I/flutter ( 3647): [NET] endpoint=/api/v1/customer/cart/add http_status=200
-- DB
id	cart_mod	item_id	name	item_mod	q
1097	3	990002	Zqx Pill	3	1
