### S4-B1-savedrow-posttap1.3-reload3000 seq=[tap:1205:1832:crossPill sleep:1.0 tap:944:1889:yes sleep:1.3 tap:1229:1316:oldStepRiceTwo] ctrl={"delay": {"GET /api/v1/customer/cart/list": 3000, "GET /api/v1/config/get-zone-id": 3000}}
T0 01:14:34.787619513
T_crossPill_done 01:14:34.799395347
T_yes_done 01:14:35.813484056
T_oldStepRiceTwo_done 01:14:37.137983473
-- proxy (host clock)
01:15:00.593 DELETE /api/v1/customer/cart/remove q= moduleId='1' zoneId=None -> 200 [90ms] rows=[]
01:15:02.097 POST /api/v1/customer/cart/update q= moduleId='3' zoneId=[1] -> 404 [159ms] {"cart_id":1140,"price":41.364000000000004,"quantity":2}
01:15:02.098 POST /api/v1/customer/cart/add q= moduleId='3' zoneId=[1] -> 200 [338ms] {"item_id":990002,"price":"5.49","quantity":1,"add_on_ids":[],"add_ons":[],"add_on_qtys":[],"model":"Item"} rows=[[1141, 990002, 3]]
01:15:01.596 GET /api/v1/customer/cart/list q= moduleId='3' zoneId=[1] -> 200 [3409ms] DELAY3000 rows=[[1141, 990002, 3]]
01:15:01.596 GET /api/v1/customer/cart/list q= moduleId='3' zoneId=[1] -> 200 [3619ms] DELAY3000 rows=[[1141, 990002, 3]]
01:15:01.597 GET /api/v1/customer/cart/list q= moduleId='3' zoneId=[1] -> 200 [3926ms] DELAY3000 rows=[[1141, 990002, 3]]
01:15:06.157 GET /api/v1/home/all q= moduleId='3' zoneId=[1] -> 200 [309ms]
-- app log (device clock)
10-02 01:14:35.810 I/flutter ( 9292): [NET] DELETE endpoint=/api/v1/customer/cart/remove
10-02 01:14:36.722 I/flutter ( 9292): [NET] endpoint=/api/v1/customer/cart/remove http_status=200
10-02 01:14:37.226 I/flutter ( 9292): [NET] POST endpoint=/api/v1/customer/cart/add
10-02 01:14:37.632 I/flutter ( 9292): [NET] POST endpoint=/api/v1/customer/cart/update
10-02 01:14:38.226 I/flutter ( 9292): [NET] endpoint=/api/v1/customer/cart/update http_status=404
10-02 01:14:38.227 I/flutter ( 9292): [FAIL] endpoint=/api/v1/customer/cart/update http_status=404 type=ApiFailure msg="unhandled api response" correlation_id=5e4e49ad-aa2f-4ce0-9773-da57a9ac8be0
10-02 01:14:38.228 I/flutter ( 9292): [FAIL] endpoint=/api/v1/customer/cart/update http_status=404 type=ApiFailure msg="cart: updateCartQuantityOnline rowGone" correlation_id=5e4e49ad-aa2f-4ce0-9773-da57a9ac8be0
10-02 01:14:38.231 I/flutter ( 9292): [NET] endpoint=/api/v1/customer/cart/add http_status=200
-- DB
id	cart_mod	item_id	name	item_mod	q
1141	3	990002	Zqx Pill	3	1
### S4-B2-savedrow-posttap1.3-reload3000 seq=[tap:1205:1832:crossPill sleep:1.0 tap:944:1889:yes sleep:1.3 tap:1229:956:oldStepRice sleep:0.3 shot:s4b2] ctrl={"delay": {"GET /api/v1/customer/cart/list": 3000, "GET /api/v1/config/get-zone-id": 3000}}
T0 01:15:16.234857867
T_crossPill_done 01:15:16.256970158
T_yes_done 01:15:17.284831784
T_oldStepRice_done 01:15:18.613029243
T_shot_s4b2 01:15:19.332240368
-- proxy (host clock)
01:15:41.905 DELETE /api/v1/customer/cart/remove q= moduleId='1' zoneId=None -> 200 [140ms] rows=[]
01:15:43.416 POST /api/v1/customer/cart/add q= moduleId='3' zoneId=[1] -> 200 [768ms] {"item_id":990002,"price":"5.49","quantity":1,"add_on_ids":[],"add_ons":[],"add_on_qtys":[],"model":"Item"} rows=[[1144, 990002, 3]]
01:15:43.844 POST /api/v1/customer/cart/update q= moduleId='3' zoneId=[1] -> 404 [476ms] {"cart_id":1142,"price":27.054,"quantity":2}
01:15:42.913 GET /api/v1/customer/cart/list q= moduleId='3' zoneId=[1] -> 200 [3317ms] DELAY3000 rows=[[1144, 990002, 3]]
01:15:42.915 GET /api/v1/customer/cart/list q= moduleId='3' zoneId=[1] -> 200 [3750ms] DELAY3000 rows=[[1144, 990002, 3]]
01:15:42.928 GET /api/v1/customer/cart/list q= moduleId='3' zoneId=[1] -> 200 [4061ms] DELAY3000 rows=[[1144, 990002, 3]]
01:15:46.998 GET /api/v1/home/all q= moduleId='3' zoneId=[1] -> 200 [266ms]
-- app log (device clock)
10-02 01:15:17.278 I/flutter ( 9292): [NET] DELETE endpoint=/api/v1/customer/cart/remove
10-02 01:15:18.031 I/flutter ( 9292): [NET] endpoint=/api/v1/customer/cart/remove http_status=200
10-02 01:15:18.544 I/flutter ( 9292): [NET] POST endpoint=/api/v1/customer/cart/add
10-02 01:15:19.110 I/flutter ( 9292): [NET] POST endpoint=/api/v1/customer/cart/update
10-02 01:15:19.819 I/flutter ( 9292): [NET] endpoint=/api/v1/customer/cart/add http_status=200
10-02 01:15:19.966 I/flutter ( 9292): [NET] endpoint=/api/v1/customer/cart/update http_status=404
10-02 01:15:19.971 I/flutter ( 9292): [FAIL] endpoint=/api/v1/customer/cart/update http_status=404 type=ApiFailure msg="unhandled api response" correlation_id=db95446e-6ad0-4055-b91d-6a1dd3e59803
10-02 01:15:19.972 I/flutter ( 9292): [FAIL] endpoint=/api/v1/customer/cart/update http_status=404 type=ApiFailure msg="cart: updateCartQuantityOnline rowGone" correlation_id=db95446e-6ad0-4055-b91d-6a1dd3e59803
-- DB
id	cart_mod	item_id	name	item_mod	q
1144	3	990002	Zqx Pill	3	1
### SAN-1-storepage-sameModule-add seq=[tap:1224:2232:storePillTwo] ctrl={}
T0 01:17:51.989232274
T_storePillTwo_done 01:17:52.004776733
-- proxy (host clock)
01:18:17.134 POST /api/v1/customer/cart/add q= moduleId='3' zoneId=[1] -> 200 [179ms] {"item_id":990009,"price":"7.25","quantity":1,"add_on_ids":[],"add_ons":[],"add_on_qtys":[],"model":"Item"} rows=[[1144, 990002, 3], [1145, 990009, 3]]
-- app log (device clock)
10-02 01:17:52.512 I/flutter ( 9292): [NET] POST endpoint=/api/v1/customer/cart/add
10-02 01:17:53.260 I/flutter ( 9292): [NET] endpoint=/api/v1/customer/cart/add http_status=200
-- DB
id	cart_mod	item_id	name	item_mod	q
1144	3	990002	Zqx Pill	3	1
1145	3	990009	Zqx Pill Two	3	1
