09-02 05:46:36.851 11561 11561 I flutter : [NET] GET endpoint=/api/v1/customer/order/running-orders
09-02 05:46:44.864 11561 11561 I flutter : ----------------FIREBASE CRASHLYTICS----------------
09-02 05:46:44.864 11561 11561 I flutter : The following exception was thrown running_order_rail: dashboard prefetch never resolved:
09-02 05:46:44.864 11561 11561 I flutter : ApiFailure(status: 0)
09-02 05:46:44.864 11561 11561 I flutter : #0      _RunningOrderRailState._armWatchdog.<anonymous closure> (package:sixam_mart/features/home/widgets/running_order_rail.dart:79:20)
09-02 05:46:44.864 11561 11561 I flutter : #1      Timer._createTimer.<anonymous closure> (dart:async-patch/timer_patch.dart:18:15)
09-02 05:46:44.864 11561 11561 I flutter : #2      _Timer._runTimers (dart:isolate-patch/timer_impl.dart:423:19)
09-02 05:46:44.864 11561 11561 I flutter : #3      _Timer._handleMessage (dart:isolate-patch/timer_impl.dart:454:5)
09-02 05:46:44.864 11561 11561 I flutter : #4      _RawReceivePort._handleMessage (dart:isolate-patch/isolate_patch.dart:193:12)
09-02 05:46:44.864 11561 11561 I flutter : ----------------------------------------------------
09-02 05:46:44.872 11561 11561 I flutter : [FAIL] endpoint=customer/order/running-orders http_status=null type=ApiFailure msg="running_order_rail: dashboard prefetch never resolved"
09-02 05:47:08.139 11561 11561 I flutter : ----------------FIREBASE CRASHLYTICS----------------
09-02 05:47:08.139 11561 11561 I flutter : The following exception was thrown api request threw:
09-02 05:47:08.139 11561 11561 I flutter : ApiFailure(status: 0, kind: timeout)
09-02 05:47:08.139 11561 11561 I flutter : #0      Future.timeout.<anonymous closure> (dart:async/future_impl.dart:1042:24)
09-02 05:47:08.139 11561 11561 I flutter : <asynchronous suspension>
09-02 05:47:08.139 11561 11561 I flutter : #1      ApiClient._send (package:sixam_mart/api/api_client.dart:759:24)
09-02 05:47:08.139 11561 11561 I flutter : <asynchronous suspension>
09-02 05:47:08.139 11561 11561 I flutter : #2      GlobalSearchRepository.getTrending (package:sixam_mart/features/search/global/domain/repositories/global_search_repository.dart:72:31)
09-02 05:47:08.139 11561 11561 I flutter : <asynchronous suspension>
09-02 05:47:08.139 11561 11561 I flutter : #3      GlobalSearchController.loadTrending (package:sixam_mart/features/search/global/controllers/global_search_controller.dart:127:11)
09-02 05:47:08.139 11561 11561 I flutter : <asynchronous suspension>
09-02 05:47:08.139 11561 11561 I flutter : ----------------------------------------------------
09-02 05:47:08.140 11561 11561 I flutter : [FAIL] endpoint=/api/v1/search/trending http_status=null type=ApiFailure transport_error=timeout msg="api request threw" correlation_id=60a07ecd-c643-4636-b704-5bd3605b8767
09-02 05:47:08.141 11561 11561 I flutter : ----------------FIREBASE CRASHLYTICS----------------
09-02 05:47:08.141 11561 11561 I flutter : The following exception was thrown trending search request failed:
09-02 05:47:08.141 11561 11561 I flutter : ApiFailure(status: 1)
09-02 05:47:08.141 11561 11561 I flutter : #0      GlobalSearchRepository.getTrending (package:sixam_mart/features/search/global/domain/repositories/global_search_repository.dart:87:18)
09-02 05:47:08.141 11561 11561 I flutter : <asynchronous suspension>
09-02 05:47:08.141 11561 11561 I flutter : #1      GlobalSearchController.loadTrending (package:sixam_mart/features/search/global/controllers/global_search_controller.dart:127:11)
09-02 05:47:08.141 11561 11561 I flutter : <asynchronous suspension>
09-02 05:47:08.141 11561 11561 I flutter : ----------------------------------------------------
09-02 05:47:08.141 11561 11561 I flutter : [FAIL] endpoint=/api/v1/search/trending http_status=1 type=ApiFailure msg="trending search request failed"
09-02 05:47:16.855 11561 11561 I flutter : ----------------FIREBASE CRASHLYTICS----------------
09-02 05:47:16.855 11561 11561 I flutter : The following exception was thrown api request threw:
09-02 05:47:16.855 11561 11561 I flutter : ApiFailure(status: 0, kind: timeout)
09-02 05:47:16.855 11561 11561 I flutter : #0      Future.timeout.<anonymous closure> (dart:async/future_impl.dart:1042:24)
09-02 05:47:16.855 11561 11561 I flutter : <asynchronous suspension>
09-02 05:47:16.855 11561 11561 I flutter : #1      ApiClient._send (package:sixam_mart/api/api_client.dart:759:24)
09-02 05:47:16.855 11561 11561 I flutter : <asynchronous suspension>
09-02 05:47:16.855 11561 11561 I flutter : #2      OrderRepository._getRunningOrderList (package:sixam_mart/features/order/domain/repositories/order_repository.dart:251:25)
09-02 05:47:16.855 11561 11561 I flutter : <asynchronous suspension>
09-02 05:47:16.855 11561 11561 I flutter : #3      OrderRepository.getList (package:sixam_mart/features/order/domain/repositories/order_repository.dart:229:14)
09-02 05:47:16.855 11561 11561 I flutter : <asynchronous suspension>
09-02 05:47:16.855 11561 11561 I flutter : #4      OrderService.getRunningOrderList (package:sixam_mart/features/order/domain/services/order_service.dart:52:12)
09-02 05:47:16.855 11561 11561 I flutter : <asynchronous suspension>
09-02 05:47:16.855 11561 11561 I flutter : #5      OrderController.getRunningOrders (package:sixam_mart/features/order/controllers/order_controller.dart:332:39)
09-02 05:47:16.855 11561 11561 I flutter : <asynchronous suspension>
09-02 05:47:16.855 11561 11561 I flutter : #6      DashboardScreenState._fetchRunningOrders.<anonymous closure> (package:sixam_mart/features/dashboard/screens/dashboard_screen.dart:334:15)
09-02 05:47:16.855 11561 11561 I flutter : <asynchronous suspension>
09-02 05:47:16.855 11561 11561 I flutter : ----------------------------------------------------
09-02 05:47:16.856 11561 11561 I flutter : [FAIL] endpoint=/api/v1/customer/order/running-orders http_status=null type=ApiFailure transport_error=timeout msg="api request threw" correlation_id=170178eb-7723-451c-87c4-5564b45aade9
09-02 05:47:16.857 11561 11561 I flutter : [WARN] msg="dashboard running-orders prefetch failed"
