09-02 05:35:22.780 11561 11561 I flutter : [INFO] msg="location: inZone=true"
09-02 05:35:22.782 11561 11561 I flutter : [NET] GET endpoint=/api/v1/config/get-zone-id
09-02 05:35:22.926 11561 11561 I flutter : [NET] endpoint=/api/v1/config/get-zone-id http_status=200
09-02 05:35:22.927 11561 11561 I flutter : [INFO] msg="location: inZone=true"
09-02 05:35:22.953 11561 11561 I flutter : [INFO] msg="home load started"
09-02 05:35:22.957 11561 11561 I flutter : [INFO] msg="location handleRoute canRoute=false"
09-02 05:35:22.963 11561 11561 I flutter : [NET] GET endpoint=/api/v1/config/get-zone-id
09-02 05:35:22.967 11561 11561 I flutter : [INFO] msg="route: initial route module=null"
09-02 05:35:22.994 11561 11561 I flutter : [INFO] msg="home load skipped: already loading"
09-02 05:35:23.264 11561 11561 I flutter : [NET] endpoint=/api/v1/config/get-zone-id http_status=200
09-02 05:35:23.264 11561 11561 I flutter : [INFO] msg="location: inZone=true"
09-02 05:35:23.271 11561 11561 I flutter : [NET] GET endpoint=/api/v1/banners
09-02 05:35:23.275 11561 11561 I flutter : [NET] GET endpoint=/api/v1/module
09-02 05:35:23.277 11561 11561 I flutter : [NET] GET endpoint=/api/v1/stores/get-stores/all
09-02 05:35:23.729 11561 11561 I flutter : [NET] endpoint=/api/v1/stores/get-stores/all http_status=200
09-02 05:35:23.907 11561 11561 I flutter : [NET] endpoint=/api/v1/banners http_status=200
09-02 05:35:24.015 11561 11561 I flutter : [NET] endpoint=/api/v1/module http_status=200
09-02 05:35:24.018 11561 11561 I flutter : 📊 analytics: sectors_shown {sectors_count: 3, zone_id: 400}
09-02 05:36:09.110 11561 11561 I flutter : [NET] POST endpoint=/api/v1/auth/login
09-02 05:36:10.001 11561 11561 I flutter : [NET] endpoint=/api/v1/auth/login http_status=200
09-02 05:36:10.020 11561 11561 I flutter : [INFO] msg="FCM registration id obtained"
09-02 05:36:10.021 11561 11561 I flutter : [NET] POST endpoint=/api/v1/customer/cm-firebase-token
09-02 05:36:10.596 11561 11561 I flutter : [NET] endpoint=/api/v1/customer/cm-firebase-token http_status=200
09-02 05:36:10.611 11561 11561 I flutter : [NET] GET endpoint=/api/v1/customer/info
09-02 05:36:10.611 11561 11561 I flutter : 📊 analytics: login {method: email}
09-02 05:36:10.615 11561 11561 I flutter : [NET] GET endpoint=/api/v1/customer/order/running-orders
09-02 05:36:10.831 11561 11561 I flutter : [NET] endpoint=/api/v1/customer/order/running-orders http_status=200
09-02 05:36:10.944 11561 11561 I flutter : [NET] endpoint=/api/v1/customer/info http_status=200
09-02 05:36:23.406 11561 11561 I flutter : [NET] GET endpoint=/api/v1/cashback/list
09-02 05:36:23.409 11561 11561 I flutter : [NET] GET endpoint=/api/v1/customer/wish-list
09-02 05:36:23.411 11561 11561 I flutter : [NET] GET endpoint=/api/v1/cashback/list
09-02 05:36:23.411 11561 11561 I flutter : [NET] GET endpoint=/api/v1/customer/cart/list
09-02 05:36:23.412 11561 11561 I flutter : [NET] GET endpoint=/api/v1/customer/cart/list
09-02 05:36:23.412 11561 11561 I flutter : [INFO] msg="home load started"
09-02 05:36:23.607 11561 11561 I flutter : [NET] GET endpoint=/api/v1/config/get-zone-id
09-02 05:36:24.471 11561 11561 I flutter : [NET] endpoint=/api/v1/customer/wish-list http_status=200
09-02 05:36:24.472 11561 11561 I flutter : [NET] endpoint=/api/v1/config/get-zone-id http_status=200
09-02 05:36:24.472 11561 11561 I flutter : [INFO] msg="location: inZone=true"
09-02 05:36:24.474 11561 11561 I flutter : [NET] endpoint=/api/v1/customer/cart/list http_status=200
09-02 05:36:24.484 11561 11561 I flutter : [NET] GET endpoint=/api/v1/home/all
09-02 05:36:24.604 11561 11561 I flutter : [NET] endpoint=/api/v1/cashback/list http_status=200
09-02 05:36:24.696 11561 11561 I flutter : [NET] endpoint=/api/v1/cashback/list http_status=200
09-02 05:36:24.815 11561 11561 I flutter : [NET] endpoint=/api/v1/customer/cart/list http_status=200
09-02 05:36:25.633 11561 11561 I flutter : [NET] endpoint=/api/v1/home/all http_status=200
09-02 05:36:25.637 11561 11561 I flutter : [NET] GET endpoint=/api/v1/other-banners
09-02 05:36:25.643 11561 11561 I flutter : [NET] GET endpoint=/api/v1/customer/info
09-02 05:36:25.682 11561 11561 I flutter : [NET] GET endpoint=/api/v1/flash-sales
09-02 05:36:25.682 11561 11561 I flutter : [NET] GET endpoint=/api/v1/items/popular
09-02 05:36:25.683 11561 11561 I flutter : [NET] GET endpoint=/api/v1/items/most-reviewed
09-02 05:36:25.683 11561 11561 I flutter : [NET] GET endpoint=/api/v1/campaigns/basic
09-02 05:36:25.683 11561 11561 I flutter : [NET] GET endpoint=/api/v1/campaigns/item
09-02 05:36:25.684 11561 11561 I flutter : [NET] GET endpoint=/api/v1/items/recommended
09-02 05:36:25.684 11561 11561 I flutter : [NET] GET endpoint=/api/v1/stores/get-stores/all
09-02 05:36:25.685 11561 11561 I flutter : [NET] GET endpoint=/api/v1/advertisement/list
09-02 05:36:26.455 11561 11561 I flutter : [NET] endpoint=/api/v1/other-banners http_status=200
09-02 05:36:26.461 11561 11561 I flutter : [NET] endpoint=/api/v1/customer/info http_status=200
09-02 05:36:26.464 11561 11561 I flutter : [NET] GET endpoint=/api/v1/customer/notifications
09-02 05:36:26.469 11561 11561 I flutter : [NET] GET endpoint=/api/v1/coupon/list
09-02 05:36:26.485 11561 11561 I flutter : [NET] endpoint=/api/v1/flash-sales http_status=200
09-02 05:36:26.496 11561 11561 I flutter : [NET] GET endpoint=/api/v1/module
09-02 05:36:26.723 11561 11561 I flutter : [NET] endpoint=/api/v1/items/popular http_status=200
09-02 05:36:26.899 11561 11561 I flutter : [NET] endpoint=/api/v1/items/most-reviewed http_status=200
09-02 05:36:26.997 11561 11561 I flutter : [NET] endpoint=/api/v1/campaigns/basic http_status=200
09-02 05:36:27.233 11561 11561 I flutter : [NET] endpoint=/api/v1/campaigns/item http_status=200
09-02 05:36:28.658 11561 11561 I flutter : [NET] endpoint=/api/v1/items/recommended http_status=200
09-02 05:36:29.003 11561 11561 I flutter : [NET] endpoint=/api/v1/stores/get-stores/all http_status=200
09-02 05:36:29.006 11561 11561 I flutter : [NET] GET endpoint=/api/v1/customer/order/buy-it-again
09-02 05:36:29.205 11561 11561 I flutter : [NET] endpoint=/api/v1/advertisement/list http_status=200
09-02 05:36:29.270 11561 11561 I flutter : [NET] endpoint=/api/v1/customer/notifications http_status=200
09-02 05:36:29.381 11561 11561 I flutter : [NET] endpoint=/api/v1/coupon/list http_status=200
09-02 05:36:29.504 11561 11561 I flutter : [NET] endpoint=/api/v1/module http_status=200
09-02 05:36:29.611 11561 11561 I flutter : [NET] endpoint=/api/v1/customer/order/buy-it-again http_status=200
09-02 05:37:25.569 11561 11561 I flutter : [NET] POST endpoint=/api/v1/customer/cm-firebase-token
09-02 05:37:25.603 11561 11561 I flutter : [INFO] msg="FCM registration id obtained"
09-02 05:37:25.604 11561 11561 I flutter : [NET] POST endpoint=/api/v1/auth/guest/request
09-02 05:37:26.361 11561 11561 I flutter : [NET] endpoint=/api/v1/auth/guest/request http_status=200
09-02 05:37:26.362 11561 11561 I flutter : [NET] endpoint=/api/v1/customer/cm-firebase-token http_status=200
09-02 05:37:46.088 11561 11561 I flutter : [NET] POST endpoint=/api/v1/auth/login
09-02 05:37:46.721 11561 11561 I flutter : [NET] endpoint=/api/v1/auth/login http_status=200
09-02 05:37:46.736 11561 11561 I flutter : [INFO] msg="FCM registration id obtained"
09-02 05:37:46.736 11561 11561 I flutter : [NET] POST endpoint=/api/v1/customer/cm-firebase-token
09-02 05:37:47.350 11561 11561 I flutter : [NET] endpoint=/api/v1/customer/cm-firebase-token http_status=200
09-02 05:37:47.364 11561 11561 I flutter : [NET] GET endpoint=/api/v1/customer/info
09-02 05:37:47.364 11561 11561 I flutter : 📊 analytics: login {method: email}
09-02 05:37:47.484 11561 11561 I flutter : [NET] endpoint=/api/v1/customer/info http_status=200
09-02 05:37:51.871 11561 11561 I flutter : [NET] GET endpoint=/api/v1/config/geocode-api
09-02 05:37:52.741 11561 11561 I flutter : [NET] endpoint=/api/v1/config/geocode-api http_status=200
09-02 05:37:52.741 11561 11561 I flutter : [NET] GET endpoint=/api/v1/config/get-zone-id
09-02 05:37:53.370 11561 11561 I flutter : ----------------FIREBASE CRASHLYTICS----------------
09-02 05:37:53.370 11561 11561 I flutter : The following exception was thrown location: _checkPermission timed out after 6s — falling back to pick-map:
09-02 05:37:53.370 11561 11561 I flutter : LocationPermissionResolutionTimeout
09-02 05:37:53.370 11561 11561 I flutter : #0      LocationController._checkPermission (package:sixam_mart/features/location/controllers/location_controller.dart:1292:20)
09-02 05:37:53.370 11561 11561 I flutter : <asynchronous suspension>
09-02 05:37:53.370 11561 11561 I flutter : ----------------------------------------------------
09-02 05:37:53.376 11561 11561 I flutter : [FAIL] endpoint=null http_status=null type=LocationPermissionResolutionTimeout msg="location: _checkPermission timed out after 6s — falling back to pick-map"
09-02 05:37:53.819 11561 11561 I flutter : [NET] endpoint=/api/v1/config/get-zone-id http_status=200
09-02 05:37:53.820 11561 11561 I flutter : [INFO] msg="location: inZone=true"
09-02 05:37:53.864 11561 11561 I flutter : [NET] GET endpoint=/api/v1/config/get-zone-id
09-02 05:37:54.747 11561 11561 I flutter : [NET] endpoint=/api/v1/config/get-zone-id http_status=404
09-02 05:37:54.747 11561 11561 I flutter : [INFO] msg="get-zone-id: no zone / out of zone — prompting location picker"
09-02 05:37:54.747 11561 11561 I flutter : [INFO] msg="location: inZone=false"
09-02 05:37:54.747 11561 11561 I flutter : [NET] GET endpoint=/api/v1/config/geocode-api
09-02 05:37:55.524 11561 11561 I flutter : [NET] endpoint=/api/v1/config/geocode-api http_status=200
09-02 05:37:57.887 11561 11561 I flutter : [NET] GET endpoint=/api/v1/config/geocode-api
09-02 05:37:58.246 11561 11561 I flutter : [NET] GET endpoint=/api/v1/config/get-zone-id
09-02 05:37:58.579 11561 11561 I flutter : [NET] endpoint=/api/v1/config/geocode-api http_status=200
09-02 05:37:58.579 11561 11561 I flutter : [NET] GET endpoint=/api/v1/config/get-zone-id
09-02 05:37:58.665 11561 11561 I flutter : [NET] endpoint=/api/v1/config/get-zone-id http_status=200
09-02 05:37:58.665 11561 11561 I flutter : [NET] GET endpoint=/api/v1/config/geocode-api
09-02 05:37:58.754 11561 11561 I flutter : [NET] endpoint=/api/v1/config/get-zone-id http_status=200
09-02 05:37:58.754 11561 11561 I flutter : [INFO] msg="location: inZone=true"
09-02 05:37:59.528 11561 11561 I flutter : [NET] endpoint=/api/v1/config/geocode-api http_status=200
09-02 05:38:14.417 11561 11561 I flutter : [INFO] msg="pick-map: saving location and navigating"
09-02 05:38:14.420 11561 11561 I flutter : [NET] GET endpoint=/api/v1/config/get-zone-id
09-02 05:38:15.032 11561 11561 I flutter : [NET] endpoint=/api/v1/config/get-zone-id http_status=200
09-02 05:38:15.032 11561 11561 I flutter : [INFO] msg="location: inZone=true"
09-02 05:38:15.051 11561 11561 I flutter : [INFO] msg="location: triggering config data fetch"
09-02 05:38:15.051 11561 11561 I flutter : [NET] GET endpoint=/api/v1/customer/update-zone
09-02 05:38:15.051 11561 11561 I flutter : [INFO] msg="home load started"
09-02 05:38:15.052 11561 11561 I flutter : [INFO] msg="location handleRoute canRoute=false"
09-02 05:38:15.054 11561 11561 I flutter : [NET] GET endpoint=/api/v1/config
09-02 05:38:15.058 11561 11561 I flutter : [NET] GET endpoint=/api/v1/config/get-zone-id
09-02 05:38:15.067 11561 11561 I flutter : [INFO] msg="route: initial route module=null"
09-02 05:38:15.068 11561 11561 I flutter : [NET] GET endpoint=/api/v1/customer/order/running-orders
09-02 05:38:15.068 11561 11561 I flutter : [NET] GET endpoint=/api/v1/customer/order/payment-failed
09-02 05:38:15.072 11561 11561 I flutter : [INFO] msg="home load skipped: already loading"
09-02 05:38:15.434 11561 11561 I flutter : [NET] endpoint=/api/v1/customer/order/running-orders http_status=200
09-02 05:38:15.513 11561 11561 I flutter : [NET] endpoint=/api/v1/customer/update-zone http_status=200
09-02 05:38:15.612 11561 11561 I flutter : [NET] endpoint=/api/v1/config http_status=200
09-02 05:38:15.613 11561 11561 I flutter : [INFO] msg="splash: deeplink resolved canRoute=true"
09-02 05:38:15.613 11561 11561 I flutter : [INFO] msg="splash: routing"
09-02 05:38:15.615 11561 11561 I flutter : [NET] GET endpoint=/api/v1/module
09-02 05:38:15.618 11561 11561 I flutter : [INFO] msg="FCM registration id obtained"
09-02 05:38:15.618 11561 11561 I flutter : [NET] POST endpoint=/api/v1/customer/cm-firebase-token
09-02 05:38:15.701 11561 11561 I flutter : [NET] endpoint=/api/v1/config/get-zone-id http_status=200
09-02 05:38:15.701 11561 11561 I flutter : [INFO] msg="location: inZone=true"
09-02 05:38:15.704 11561 11561 I flutter : [NET] GET endpoint=/api/v1/customer/info
09-02 05:38:15.796 11561 11561 I flutter : [NET] endpoint=/api/v1/customer/order/payment-failed http_status=200
09-02 05:38:15.901 11561 11561 I flutter : [NET] endpoint=/api/v1/module http_status=200
09-02 05:38:15.911 11561 11561 I flutter : [INFO] msg="route: initial route module=null"
09-02 05:38:15.912 11561 11561 I flutter : [NET] GET endpoint=/api/v1/customer/order/payment-failed
09-02 05:38:15.915 11561 11561 I flutter : [INFO] msg="home load skipped: already loading"
09-02 05:38:15.944 11561 11561 I flutter : ----------------FIREBASE CRASHLYTICS----------------
09-02 05:38:15.944 11561 11561 I flutter : The following exception was thrown uncaught async error (FlutterError):
09-02 05:38:15.944 11561 11561 I flutter : UncaughtAsyncError
09-02 05:38:15.945 11561 11561 I flutter : #0      Element.markNeedsBuild.<anonymous closure> (package:flutter/src/widgets/framework.dart:5373:9)
09-02 05:38:15.945 11561 11561 I flutter : #1      Element.markNeedsBuild (package:flutter/src/widgets/framework.dart:5385:6)
09-02 05:38:15.945 11561 11561 I flutter : #2      State.setState (package:flutter/src/widgets/framework.dart:1219:15)
09-02 05:38:15.945 11561 11561 I flutter : #3      GetStateUpdaterMixin.getUpdate (package:get/get_state_manager/src/simple/get_state.dart:22:18)
09-02 05:38:15.945 11561 11561 I flutter : #4      ListNotifierMixin._notifyUpdate (package:get/get_state_manager/src/simple/list_notifier.dart:45:15)
09-02 05:38:15.945 11561 11561 I flutter : #5      ListNotifierMixin.refresh (package:get/get_state_manager/src/simple/list_notifier.dart:38:5)
09-02 05:38:15.945 11561 11561 I flutter : #6      GetxController.update (package:get/get_state_manager/src/simple/get_controllers.dart:22:7)
09-02 05:38:15.945 11561 11561 I flutter : #7      OrderController.getRunningOrders (package:sixam_mart/features/order/controllers/order_controller.dart:329:9)
09-02 05:38:15.945 11561 11561 I flutter : #8      DashboardScreenState._fetchRunningOrders (package:sixam_mart/features/dashboard/screens/dashboard_screen.dart:328:10)
09-02 05:38:15.945 11561 11561 I flutter : #9      DashboardScreenState.initState (package:sixam_mart/features/dashboard/screens/dashboard_screen.dar
09-02 05:38:15.945 11561 11561 I flutter : ----------------------------------------------------
09-02 05:38:15.957 11561 11561 I flutter : [FAIL] endpoint=null http_status=null type=UncaughtAsyncError msg="uncaught async error (FlutterError)"
09-02 05:38:15.958 11561 11561 I flutter : ----------------FIREBASE CRASHLYTICS----------------
09-02 05:38:15.958 11561 11561 I flutter : The following exception was thrown uncaught async error (FlutterError):
09-02 05:38:15.959 11561 11561 I flutter : setState() or markNeedsBuild() called during build.
09-02 05:38:15.959 11561 11561 I flutter : This GetBuilder<OrderController> widget cannot be marked as needing to build because the framework is already in the process of building widgets. A widget can be marked as needing to be built during the build phase only if one of its ancestors is currently building. This exception is allowed because the framework builds parent widgets before children, which means a dirty descendant will always be built. Otherwise, the framework might not visit this widget during this build phase.
09-02 05:38:15.959 11561 11561 I flutter : The widget on which setState() or markNeedsBuild() was called was:
09-02 05:38:15.959 11561 11561 I flutter :   GetBuilder<OrderController>
09-02 05:38:15.959 11561 11561 I flutter : The widget which was currently being built when the offending call was made was:
09-02 05:38:15.959 11561 11561 I flutter :   Builder
09-02 05:38:15.959 11561 11561 I flutter : #0      Element.markNeedsBuild.<anonymous closure> (package:flutter/src/widgets/framework.dart:5373:9)
09-02 05:38:15.959 11561 11561 I flutter : #1      Element.markNeedsBuild (package:flutter/src/widgets/framework.dart:5385:6)
09-02 05:38:15.959 11561 11561 I flutter : #2      State.setState (package:flutter/src/widgets/framework.dart:1219:15)
09-02 05:38:15.959 11561 11561 I flutter : #3      GetStateUpdaterMixin.getUpdate (package:get/get_state_manager/src/simple/get_state.dart:22:18)
09-02 05:38:15.959 11561 11561 I flutter : #4      ListNotifierMixin._notifyUpdate (package:get/get_state_manager/src/simple/list_notifier.dart:45:15)
09-02 05:38:15.959 11561 11561 I flutter : #5      ListNotifierMixin.refresh (package:get/get_state_manager/src/simple/list_notifier.dart:38:5)
09-02 05:38:15.959 11561 11561 I flutter : #6      GetxController.update (package:get/get_state_manager/src/simple/get_controllers.dart:22:7)
09-02 05:38:15.959 11561 11561 I flutter : #7      OrderController.getRunningOrders (package:sixam_mart/features/order/controllers/order_controller.dart:329:9)
09-02 05:38:15.959 11561 11561 I flutter : #8      DashboardScreenState._fetchRunningOrders (package:sixam_mart/features/dashboard/screens/dashboard_screen.dart:328:10)
09-02 05:38:15.959 11561 11561 I flutter : #9      DashboardScreenState.initState (package:sixam_mart/features/dashboard/screens/dashboard_screen.dar
09-02 05:38:15.959 11561 11561 I flutter : ----------------------------------------------------
09-02 05:38:15.995 11561 11561 I flutter : [NET] endpoint=/api/v1/customer/cm-firebase-token http_status=200
09-02 05:38:16.065 11561 11561 I flutter : [NET] endpoint=/api/v1/customer/info http_status=200
09-02 05:38:16.065 11561 11561 I flutter : [NET] GET endpoint=/api/v1/customer/notifications
09-02 05:38:16.066 11561 11561 I flutter : [NET] GET endpoint=/api/v1/coupon/list
09-02 05:38:16.067 11561 11561 I flutter : [NET] GET endpoint=/api/v1/banners
09-02 05:38:16.068 11561 11561 I flutter : [NET] GET endpoint=/api/v1/customer/address/list
09-02 05:38:16.071 11561 11561 I flutter : [NET] GET endpoint=/api/v1/module
09-02 05:38:16.075 11561 11561 I flutter : [NET] GET endpoint=/api/v1/stores/get-stores/all
09-02 05:38:16.156 11561 11561 I flutter : [NET] endpoint=/api/v1/customer/order/payment-failed http_status=200
09-02 05:38:16.239 11561 11561 I flutter : [NET] endpoint=/api/v1/coupon/list http_status=200
09-02 05:38:16.328 11561 11561 I flutter : [NET] endpoint=/api/v1/customer/notifications http_status=200
09-02 05:38:16.478 11561 11561 I flutter : [NET] endpoint=/api/v1/banners http_status=200
09-02 05:38:16.568 11561 11561 I flutter : [NET] endpoint=/api/v1/customer/address/list http_status=200
09-02 05:38:16.755 11561 11561 I flutter : [NET] endpoint=/api/v1/stores/get-stores/all http_status=200
09-02 05:38:16.859 11561 11561 I flutter : [NET] endpoint=/api/v1/module http_status=200
09-02 05:38:23.918 11561 11561 I flutter : ----------------FIREBASE CRASHLYTICS----------------
09-02 05:38:23.919 11561 11561 I flutter : The following exception was thrown running_order_rail: dashboard prefetch never resolved:
09-02 05:38:23.919 11561 11561 I flutter : ApiFailure(status: 0)
09-02 05:38:23.919 11561 11561 I flutter : #0      _RunningOrderRailState._armWatchdog.<anonymous closure> (package:sixam_mart/features/home/widgets/running_order_rail.dart:79:20)
09-02 05:38:23.919 11561 11561 I flutter : #1      Timer._createTimer.<anonymous closure> (dart:async-patch/timer_patch.dart:18:15)
09-02 05:38:23.919 11561 11561 I flutter : #2      _Timer._runTimers (dart:isolate-patch/timer_impl.dart:423:19)
09-02 05:38:23.919 11561 11561 I flutter : #3      _Timer._handleMessage (dart:isolate-patch/timer_impl.dart:454:5)
09-02 05:38:23.919 11561 11561 I flutter : #4      _RawReceivePort._handleMessage (dart:isolate-patch/isolate_patch.dart:193:12)
09-02 05:38:23.919 11561 11561 I flutter : ----------------------------------------------------
09-02 05:38:23.919 11561 11561 I flutter : [FAIL] endpoint=customer/order/running-orders http_status=null type=ApiFailure msg="running_order_rail: dashboard prefetch never resolved"
09-02 05:38:23.936 11561 11561 I flutter : ----------------FIREBASE CRASHLYTICS----------------
09-02 05:38:23.936 11561 11561 I flutter : The following exception was thrown running_order_rail: dashboard prefetch never resolved:
09-02 05:38:23.936 11561 11561 I flutter : ApiFailure(status: 0)
09-02 05:38:23.936 11561 11561 I flutter : #0      _RunningOrderRailState._armWatchdog.<anonymous closure> (package:sixam_mart/features/home/widgets/running_order_rail.dart:79:20)
09-02 05:38:23.936 11561 11561 I flutter : #1      Timer._createTimer.<anonymous closure> (dart:async-patch/timer_patch.dart:18:15)
09-02 05:38:23.936 11561 11561 I flutter : #2      _Timer._runTimers (dart:isolate-patch/timer_impl.dart:423:19)
09-02 05:38:23.936 11561 11561 I flutter : #3      _Timer._handleMessage (dart:isolate-patch/timer_impl.dart:454:5)
09-02 05:38:23.936 11561 11561 I flutter : #4      _RawReceivePort._handleMessage (dart:isolate-patch/isolate_patch.dart:193:12)
09-02 05:38:23.936 11561 11561 I flutter : ----------------------------------------------------
09-02 05:38:23.936 11561 11561 I flutter : [FAIL] endpoint=customer/order/running-orders http_status=null type=ApiFailure msg="running_order_rail: dashboard prefetch never resolved"
09-02 05:40:57.505 11561 11561 I flutter : [NET] POST endpoint=/api/v1/customer/cm-firebase-token
09-02 05:40:57.536 11561 11561 I flutter : [INFO] msg="FCM registration id obtained"
09-02 05:40:57.537 11561 11561 I flutter : [NET] POST endpoint=/api/v1/auth/guest/request
09-02 05:40:58.257 11561 11561 I flutter : [NET] endpoint=/api/v1/auth/guest/request http_status=200
09-02 05:40:58.258 11561 11561 I flutter : [NET] endpoint=/api/v1/customer/cm-firebase-token http_status=200
