09-02 08:19:41.289 13914 13914 I flutter : 📊 analytics: global_search_opened {zone_id: 400}
09-02 08:19:41.300 13914 13914 I flutter : [NET] GET endpoint=/api/v1/search/trending
09-02 08:19:44.324 13914 13914 I flutter : [NET] GET endpoint=/api/v1/customer/order/running-orders
09-02 08:19:52.350 13914 13914 I flutter : ----------------FIREBASE CRASHLYTICS----------------
09-02 08:19:52.350 13914 13914 I flutter : The following exception was thrown running_order_rail: dashboard prefetch never resolved:
09-02 08:19:52.350 13914 13914 I flutter : ApiFailure(status: 0)
09-02 08:19:52.350 13914 13914 I flutter : #0      _RunningOrderRailState._armWatchdog.<anonymous closure> (package:sixam_mart/features/home/widgets/running_order_rail.dart:79:20)
09-02 08:19:52.350 13914 13914 I flutter : #1      Timer._createTimer.<anonymous closure> (dart:async-patch/timer_patch.dart:18:15)
09-02 08:19:52.350 13914 13914 I flutter : #2      _Timer._runTimers (dart:isolate-patch/timer_impl.dart:423:19)
09-02 08:19:52.350 13914 13914 I flutter : #3      _Timer._handleMessage (dart:isolate-patch/timer_impl.dart:454:5)
09-02 08:19:52.350 13914 13914 I flutter : #4      _RawReceivePort._handleMessage (dart:isolate-patch/isolate_patch.dart:193:12)
09-02 08:19:52.350 13914 13914 I flutter : ----------------------------------------------------
09-02 08:19:52.351 13914 13914 I flutter : [FAIL] endpoint=customer/order/running-orders http_status=null type=ApiFailure msg="running_order_rail: dashboard prefetch never resolved"
09-02 08:19:52.353 13914 13914 I flutter : ----------------FIREBASE CRASHLYTICS----------------
09-02 08:19:52.353 13914 13914 I flutter : The following exception was thrown running_order_rail: dashboard prefetch never resolved:
09-02 08:19:52.353 13914 13914 I flutter : ApiFailure(status: 0)
09-02 08:19:52.353 13914 13914 I flutter : #0      _RunningOrderRailState._armWatchdog.<anonymous closure> (package:sixam_mart/features/home/widgets/running_order_rail.dart:79:20)
09-02 08:19:52.353 13914 13914 I flutter : #1      Timer._createTimer.<anonymous closure> (dart:async-patch/timer_patch.dart:18:15)
09-02 08:19:52.353 13914 13914 I flutter : #2      _Timer._runTimers (dart:isolate-patch/timer_impl.dart:423:19)
09-02 08:19:52.353 13914 13914 I flutter : #3      _Timer._handleMessage (dart:isolate-patch/timer_impl.dart:454:5)
09-02 08:19:52.353 13914 13914 I flutter : #4      _RawReceivePort._handleMessage (dart:isolate-patch/isolate_patch.dart:193:12)
09-02 08:19:52.353 13914 13914 I flutter : ----------------------------------------------------
09-02 08:19:52.354 13914 13914 I flutter : [FAIL] endpoint=customer/order/running-orders http_status=null type=ApiFailure msg="running_order_rail: dashboard prefetch never resolved"
09-02 08:20:15.614 13914 13914 I flutter : [NET] endpoint=/api/v1/search/trending http_status=200
09-02 08:20:15.910 13914 13914 I flutter : [NET] endpoint=/api/v1/customer/order/running-orders http_status=200
09-02 08:20:34.474 13914 13914 I flutter : 📊 analytics: global_search_opened {zone_id: 400}
09-02 08:20:34.483 13914 13914 I flutter : [NET] GET endpoint=/api/v1/search/trending
09-02 08:20:37.486 13914 13914 I flutter : [NET] GET endpoint=/api/v1/customer/order/running-orders
09-02 08:21:14.498 13914 13914 I flutter : ----------------FIREBASE CRASHLYTICS----------------
09-02 08:21:14.498 13914 13914 I flutter : The following exception was thrown api request threw:
09-02 08:21:14.498 13914 13914 I flutter : ApiFailure(status: 0, kind: timeout)
09-02 08:21:14.498 13914 13914 I flutter : #0      Future.timeout.<anonymous closure> (dart:async/future_impl.dart:1042:24)
09-02 08:21:14.498 13914 13914 I flutter : <asynchronous suspension>
09-02 08:21:14.498 13914 13914 I flutter : #1      ApiClient._send (package:sixam_mart/api/api_client.dart:759:24)
09-02 08:21:14.498 13914 13914 I flutter : <asynchronous suspension>
09-02 08:21:14.498 13914 13914 I flutter : #2      GlobalSearchRepository.getTrending (package:sixam_mart/features/search/global/domain/repositories/global_search_repository.dart:72:31)
09-02 08:21:14.498 13914 13914 I flutter : <asynchronous suspension>
09-02 08:21:14.498 13914 13914 I flutter : #3      GlobalSearchController.loadTrending (package:sixam_mart/features/search/global/controllers/global_search_controller.dart:127:11)
09-02 08:21:14.498 13914 13914 I flutter : <asynchronous suspension>
09-02 08:21:14.498 13914 13914 I flutter : ----------------------------------------------------
09-02 08:21:14.500 13914 13914 I flutter : [FAIL] endpoint=/api/v1/search/trending http_status=null type=ApiFailure transport_error=timeout msg="api request threw" correlation_id=3d0ac1cc-1a3b-44c4-aad9-b46762adc429
09-02 08:21:14.500 13914 13914 I flutter : ----------------FIREBASE CRASHLYTICS----------------
09-02 08:21:14.500 13914 13914 I flutter : The following exception was thrown trending search request failed:
09-02 08:21:14.500 13914 13914 I flutter : ApiFailure(status: 1)
09-02 08:21:14.500 13914 13914 I flutter : #0      GlobalSearchRepository.getTrending (package:sixam_mart/features/search/global/domain/repositories/global_search_repository.dart:87:18)
09-02 08:21:14.500 13914 13914 I flutter : <asynchronous suspension>
09-02 08:21:14.500 13914 13914 I flutter : #1      GlobalSearchController.loadTrending (package:sixam_mart/features/search/global/controllers/global_search_controller.dart:127:11)
09-02 08:21:14.500 13914 13914 I flutter : <asynchronous suspension>
09-02 08:21:14.500 13914 13914 I flutter : ----------------------------------------------------
09-02 08:21:14.500 13914 13914 I flutter : [FAIL] endpoint=/api/v1/search/trending http_status=1 type=ApiFailure msg="trending search request failed"
09-02 08:21:17.490 13914 13914 I flutter : ----------------FIREBASE CRASHLYTICS----------------
09-02 08:21:17.490 13914 13914 I flutter : The following exception was thrown api request threw:
09-02 08:21:17.490 13914 13914 I flutter : ApiFailure(status: 0, kind: timeout)
09-02 08:21:17.490 13914 13914 I flutter : #0      Future.timeout.<anonymous closure> (dart:async/future_impl.dart:1042:24)
09-02 08:21:17.490 13914 13914 I flutter : <asynchronous suspension>
09-02 08:21:17.490 13914 13914 I flutter : #1      ApiClient._send (package:sixam_mart/api/api_client.dart:759:24)
09-02 08:21:17.490 13914 13914 I flutter : <asynchronous suspension>
09-02 08:21:17.490 13914 13914 I flutter : #2      OrderRepository._getRunningOrderList (package:sixam_mart/features/order/domain/repositories/order_repository.dart:251:25)
09-02 08:21:17.490 13914 13914 I flutter : <asynchronous suspension>
09-02 08:21:17.490 13914 13914 I flutter : #3      OrderRepository.getList (package:sixam_mart/features/order/domain/repositories/order_repository.dart:229:14)
09-02 08:21:17.490 13914 13914 I flutter : <asynchronous suspension>
09-02 08:21:17.490 13914 13914 I flutter : #4      OrderService.getRunningOrderList (package:sixam_mart/features/order/domain/services/order_service.dart:52:12)
09-02 08:21:17.490 13914 13914 I flutter : <asynchronous suspension>
09-02 08:21:17.490 13914 13914 I flutter : #5      OrderController.getRunningOrders (package:sixam_mart/features/order/controllers/order_controller.dart:345:39)
09-02 08:21:17.490 13914 13914 I flutter : <asynchronous suspension>
09-02 08:21:17.490 13914 13914 I flutter : #6      DashboardScreenState._fetchRunningOrders.<anonymous closure> (package:sixam_mart/features/dashboard/screens/dashboard_screen.dart:334:15)
09-02 08:21:17.490 13914 13914 I flutter : <asynchronous suspension>
09-02 08:21:17.490 13914 13914 I flutter : ----------------------------------------------------
09-02 08:21:17.491 13914 13914 I flutter : [FAIL] endpoint=/api/v1/customer/order/running-orders http_status=null type=ApiFailure transport_error=timeout msg="api request threw" correlation_id=b3c2f8f7-1276-4bea-bd11-280046adfd22
09-02 08:21:17.491 13914 13914 I flutter : [WARN] msg="dashboard running-orders prefetch failed"
