09-02 08:42:27.535 11456 11456 I flutter : [NET] POST endpoint=/api/v1/auth/login
09-02 08:42:28.250 11456 11456 I flutter : [NET] endpoint=/api/v1/auth/login http_status=200
09-02 08:42:28.327 11456 11456 I flutter : [INFO] msg="FCM registration id obtained"
09-02 08:42:28.328 11456 11456 I flutter : [NET] POST endpoint=/api/v1/customer/cm-firebase-token
09-02 08:42:29.249 11456 11456 I flutter : [NET] endpoint=/api/v1/customer/cm-firebase-token http_status=200
09-02 08:42:29.327 11456 11456 I flutter : [NET] GET endpoint=/api/v1/customer/info
09-02 08:42:29.329 11456 11456 I flutter : 📊 analytics: login {method: email}
09-02 08:42:29.341 11456 11456 I flutter : [NET] GET endpoint=/api/v1/customer/info
09-02 08:42:29.866 11456 11456 I flutter : [NET] endpoint=/api/v1/customer/info http_status=200
09-02 08:42:29.997 11456 11456 I flutter : [NET] endpoint=/api/v1/customer/info http_status=200
09-02 08:42:38.748 11456 11456 I flutter : [NET] GET endpoint=/api/v1/customer/order/running-orders
09-02 08:42:39.227 11456 11456 I flutter : [NET] endpoint=/api/v1/customer/order/running-orders http_status=200
09-02 08:43:12.964 11456 11456 I flutter : 📊 analytics: global_search_opened {zone_id: 400}
09-02 08:43:12.977 11456 11456 I flutter : [NET] GET endpoint=/api/v1/search/trending
09-02 08:43:15.996 11456 11456 I flutter : [NET] GET endpoint=/api/v1/customer/order/running-orders
09-02 08:43:24.027 11456 11456 I flutter : ----------------FIREBASE CRASHLYTICS----------------
09-02 08:43:24.027 11456 11456 I flutter : The following exception was thrown running_order_rail: dashboard prefetch never resolved:
09-02 08:43:24.027 11456 11456 I flutter : ApiFailure(status: 0)
09-02 08:43:24.027 11456 11456 I flutter : #0      _RunningOrderRailState._armWatchdog.<anonymous closure> (package:sixam_mart/features/home/widgets/running_order_rail.dart:88:20)
09-02 08:43:24.027 11456 11456 I flutter : #1      Timer._createTimer.<anonymous closure> (dart:async-patch/timer_patch.dart:18:15)
09-02 08:43:24.027 11456 11456 I flutter : #2      _Timer._runTimers (dart:isolate-patch/timer_impl.dart:423:19)
09-02 08:43:24.027 11456 11456 I flutter : #3      _Timer._handleMessage (dart:isolate-patch/timer_impl.dart:454:5)
09-02 08:43:24.027 11456 11456 I flutter : #4      _RawReceivePort._handleMessage (dart:isolate-patch/isolate_patch.dart:193:12)
09-02 08:43:24.027 11456 11456 I flutter : ----------------------------------------------------
09-02 08:43:24.037 11456 11456 I flutter : [FAIL] endpoint=customer/order/running-orders http_status=null type=ApiFailure msg="running_order_rail: dashboard prefetch never resolved"
09-02 08:43:53.013 11456 11456 I flutter : ----------------FIREBASE CRASHLYTICS----------------
09-02 08:43:53.013 11456 11456 I flutter : The following exception was thrown api request threw:
09-02 08:43:53.013 11456 11456 I flutter : ApiFailure(status: 0, kind: timeout)
09-02 08:43:53.013 11456 11456 I flutter : #0      Future.timeout.<anonymous closure> (dart:async/future_impl.dart:1042:24)
09-02 08:43:53.013 11456 11456 I flutter : <asynchronous suspension>
09-02 08:43:53.013 11456 11456 I flutter : #1      ApiClient._send (package:sixam_mart/api/api_client.dart:759:24)
09-02 08:43:53.013 11456 11456 I flutter : <asynchronous suspension>
09-02 08:43:53.013 11456 11456 I flutter : #2      GlobalSearchRepository.getTrending (package:sixam_mart/features/search/global/domain/repositories/global_search_repository.dart:72:31)
09-02 08:43:53.013 11456 11456 I flutter : <asynchronous suspension>
09-02 08:43:53.013 11456 11456 I flutter : #3      GlobalSearchController.loadTrending (package:sixam_mart/features/search/global/controllers/global_search_controller.dart:127:11)
09-02 08:43:53.013 11456 11456 I flutter : <asynchronous suspension>
09-02 08:43:53.013 11456 11456 I flutter : ----------------------------------------------------
09-02 08:43:53.014 11456 11456 I flutter : [FAIL] endpoint=/api/v1/search/trending http_status=null type=ApiFailure transport_error=timeout msg="api request threw" correlation_id=92398adf-a4e5-47c3-a030-f9cb1c6a3fc2
09-02 08:43:53.015 11456 11456 I flutter : ----------------FIREBASE CRASHLYTICS----------------
09-02 08:43:53.015 11456 11456 I flutter : The following exception was thrown trending search request failed:
09-02 08:43:53.015 11456 11456 I flutter : ApiFailure(status: 1)
09-02 08:43:53.015 11456 11456 I flutter : #0      GlobalSearchRepository.getTrending (package:sixam_mart/features/search/global/domain/repositories/global_search_repository.dart:87:18)
09-02 08:43:53.015 11456 11456 I flutter : <asynchronous suspension>
09-02 08:43:53.015 11456 11456 I flutter : #1      GlobalSearchController.loadTrending (package:sixam_mart/features/search/global/controllers/global_search_controller.dart:127:11)
09-02 08:43:53.015 11456 11456 I flutter : <asynchronous suspension>
09-02 08:43:53.015 11456 11456 I flutter : ----------------------------------------------------
09-02 08:43:53.016 11456 11456 I flutter : [FAIL] endpoint=/api/v1/search/trending http_status=1 type=ApiFailure msg="trending search request failed"
09-02 08:43:56.004 11456 11456 I flutter : ----------------FIREBASE CRASHLYTICS----------------
09-02 08:43:56.004 11456 11456 I flutter : The following exception was thrown api request threw:
09-02 08:43:56.004 11456 11456 I flutter : ApiFailure(status: 0, kind: timeout)
09-02 08:43:56.004 11456 11456 I flutter : #0      Future.timeout.<anonymous closure> (dart:async/future_impl.dart:1042:24)
09-02 08:43:56.004 11456 11456 I flutter : <asynchronous suspension>
09-02 08:43:56.004 11456 11456 I flutter : #1      ApiClient._send (package:sixam_mart/api/api_client.dart:759:24)
09-02 08:43:56.004 11456 11456 I flutter : <asynchronous suspension>
09-02 08:43:56.004 11456 11456 I flutter : #2      OrderRepository._getRunningOrderList (package:sixam_mart/features/order/domain/repositories/order_repository.dart:251:25)
09-02 08:43:56.004 11456 11456 I flutter : <asynchronous suspension>
09-02 08:43:56.004 11456 11456 I flutter : #3      OrderRepository.getList (package:sixam_mart/features/order/domain/repositories/order_repository.dart:229:14)
09-02 08:43:56.004 11456 11456 I flutter : <asynchronous suspension>
09-02 08:43:56.004 11456 11456 I flutter : #4      OrderService.getRunningOrderList (package:sixam_mart/features/order/domain/services/order_service.dart:52:12)
09-02 08:43:56.004 11456 11456 I flutter : <asynchronous suspension>
09-02 08:43:56.004 11456 11456 I flutter : #5      OrderController.getRunningOrders (package:sixam_mart/features/order/controllers/order_controller.dart:352:39)
09-02 08:43:56.004 11456 11456 I flutter : <asynchronous suspension>
09-02 08:43:56.004 11456 11456 I flutter : #6      DashboardScreenState._fetchRunningOrders.<anonymous closure> (package:sixam_mart/features/dashboard/screens/dashboard_screen.dart:334:15)
09-02 08:43:56.004 11456 11456 I flutter : <asynchronous suspension>
09-02 08:43:56.004 11456 11456 I flutter : ----------------------------------------------------
09-02 08:43:56.008 11456 11456 I flutter : [FAIL] endpoint=/api/v1/customer/order/running-orders http_status=null type=ApiFailure transport_error=timeout msg="api request threw" correlation_id=1958c9c3-ce4a-4d91-92ab-681e50eadae7
09-02 08:43:56.009 11456 11456 I flutter : [WARN] msg="dashboard running-orders prefetch failed"
09-02 08:44:27.846 11456 11456 I flutter : 📊 analytics: global_search_opened {zone_id: 400}
09-02 08:44:27.860 11456 11456 I flutter : [NET] GET endpoint=/api/v1/search/trending
09-02 08:44:30.873 11456 11456 I flutter : [NET] GET endpoint=/api/v1/customer/order/running-orders
09-02 08:44:38.907 11456 11456 I flutter : ----------------FIREBASE CRASHLYTICS----------------
09-02 08:44:38.907 11456 11456 I flutter : The following exception was thrown running_order_rail: dashboard prefetch never resolved:
09-02 08:44:38.907 11456 11456 I flutter : ApiFailure(status: 0)
09-02 08:44:38.907 11456 11456 I flutter : #0      _RunningOrderRailState._armWatchdog.<anonymous closure> (package:sixam_mart/features/home/widgets/running_order_rail.dart:88:20)
09-02 08:44:38.907 11456 11456 I flutter : #1      Timer._createTimer.<anonymous closure> (dart:async-patch/timer_patch.dart:18:15)
09-02 08:44:38.907 11456 11456 I flutter : #2      _Timer._runTimers (dart:isolate-patch/timer_impl.dart:423:19)
09-02 08:44:38.907 11456 11456 I flutter : #3      _Timer._handleMessage (dart:isolate-patch/timer_impl.dart:454:5)
09-02 08:44:38.907 11456 11456 I flutter : #4      _RawReceivePort._handleMessage (dart:isolate-patch/isolate_patch.dart:193:12)
09-02 08:44:38.907 11456 11456 I flutter : ----------------------------------------------------
09-02 08:44:38.908 11456 11456 I flutter : [FAIL] endpoint=customer/order/running-orders http_status=null type=ApiFailure msg="running_order_rail: dashboard prefetch never resolved"
