09-02 08:18:42.982 13914 13914 I flutter : [NET] POST endpoint=/api/v1/auth/login
09-02 08:18:43.885 13914 13914 I flutter : [NET] endpoint=/api/v1/auth/login http_status=200
09-02 08:18:43.916 13914 13914 I flutter : ----------------FIREBASE CRASHLYTICS----------------
09-02 08:18:43.916 13914 13914 I flutter : The following exception was thrown FCM registration id fetch failed:
09-02 08:18:43.916 13914 13914 I flutter : [firebase_messaging/unknown] java.io.IOException: java.util.concurrent.ExecutionException: java.io.IOException: SERVICE_NOT_AVAILABLE
09-02 08:18:43.916 13914 13914 I flutter : #0      StandardMethodCodec.decodeEnvelope (package:flutter/src/services/message_codecs.dart:653:7)
09-02 08:18:43.916 13914 13914 I flutter : #1      MethodChannel._invokeMethod (package:flutter/src/services/platform_channel.dart:366:18)
09-02 08:18:43.916 13914 13914 I flutter : <asynchronous suspension>
09-02 08:18:43.916 13914 13914 I flutter : #2      MethodChannel.invokeMapMethod (package:flutter/src/services/platform_channel.dart:566:43)
09-02 08:18:43.916 13914 13914 I flutter : <asynchronous suspension>
09-02 08:18:43.916 13914 13914 I flutter : #3      MethodChannelFirebaseMessaging.getToken (package:firebase_messaging_platform_interface/src/method_channel/method_channel_messaging.dart:249:11)
09-02 08:18:43.916 13914 13914 I flutter : <asynchronous suspension>
09-02 08:18:43.916 13914 13914 I flutter : #4      AuthRepository.saveDeviceToken (package:sixam_mart/features/auth/domain/repositories/auth_repository.dart:275:22)
09-02 08:18:43.916 13914 13914 I flutter : <asynchronous suspension>
09-02 08:18:43.916 13914 13914 I flutter : #5      AuthRepository.updateToken (package:sixam_mart/features/auth/domain/repositories/auth_repository.dart:253:23)
09-02 08:18:43.916 13914 13914 I flutter : <asynchronous suspension>
09-02 08:18:43.916 13914 13914 I flutter : #6      AuthService._updateHeaderFunctionality (package:sixam_mart/features/auth/domain/services/auth_service.dart:51:7)
09-02 08:18:43.916 13914 13914 I flutter : <asynchronous suspension>
09-02 08:18:43.916 13914 13914 I flutter : #7      AuthService.login (package:sixam_mart/features/auth
09-02 08:18:43.916 13914 13914 I flutter : ----------------------------------------------------
09-02 08:18:43.917 13914 13914 I flutter : [FAIL] endpoint=null http_status=null type=FirebaseException msg="FCM registration id fetch failed"
09-02 08:18:43.917 13914 13914 I flutter : [INFO] msg="FCM registration id obtained"
09-02 08:18:43.919 13914 13914 I flutter : [NET] POST endpoint=/api/v1/customer/cm-firebase-token
09-02 08:18:44.704 13914 13914 I flutter : [NET] endpoint=/api/v1/customer/cm-firebase-token http_status=200
09-02 08:18:44.720 13914 13914 I flutter : [NET] GET endpoint=/api/v1/customer/info
09-02 08:18:44.720 13914 13914 I flutter : 📊 analytics: login {method: email}
09-02 08:18:45.299 13914 13914 I flutter : [NET] endpoint=/api/v1/customer/info http_status=200
09-02 08:18:48.608 13914 13914 I flutter : [NET] GET endpoint=/api/v1/config/geocode-api
09-02 08:18:49.571 13914 13914 I flutter : [NET] endpoint=/api/v1/config/geocode-api http_status=200
09-02 08:18:49.571 13914 13914 I flutter : [NET] GET endpoint=/api/v1/config/get-zone-id
09-02 08:18:50.573 13914 13914 I flutter : [NET] endpoint=/api/v1/config/get-zone-id http_status=200
09-02 08:18:50.573 13914 13914 I flutter : [INFO] msg="location: inZone=true"
09-02 08:18:50.576 13914 13914 I flutter : [NET] GET endpoint=/api/v1/config/get-zone-id
09-02 08:18:51.573 13914 13914 I flutter : [NET] endpoint=/api/v1/config/get-zone-id http_status=200
09-02 08:18:51.573 13914 13914 I flutter : [INFO] msg="location: inZone=true"
09-02 08:18:51.580 13914 13914 I flutter : [INFO] msg="location: triggering config data fetch"
09-02 08:18:51.580 13914 13914 I flutter : [NET] GET endpoint=/api/v1/customer/update-zone
09-02 08:18:51.581 13914 13914 I flutter : [INFO] msg="home load started"
09-02 08:18:51.581 13914 13914 I flutter : [INFO] msg="location handleRoute canRoute=false"
09-02 08:18:51.584 13914 13914 I flutter : [NET] GET endpoint=/api/v1/config
09-02 08:18:51.584 13914 13914 I flutter : [NET] GET endpoint=/api/v1/config/get-zone-id
09-02 08:18:51.595 13914 13914 I flutter : [INFO] msg="route: initial route module=null"
09-02 08:18:51.597 13914 13914 I flutter : [NET] GET endpoint=/api/v1/customer/order/running-orders
09-02 08:18:51.598 13914 13914 I flutter : [NET] GET endpoint=/api/v1/customer/order/payment-failed
09-02 08:18:51.601 13914 13914 I flutter : [INFO] msg="home load skipped: already loading"
09-02 08:18:52.579 13914 13914 I flutter : [NET] endpoint=/api/v1/customer/update-zone http_status=200
09-02 08:18:52.581 13914 13914 I flutter : [NET] endpoint=/api/v1/customer/order/payment-failed http_status=200
09-02 08:18:52.583 13914 13914 I flutter : [NET] endpoint=/api/v1/config/get-zone-id http_status=200
09-02 08:18:52.583 13914 13914 I flutter : [INFO] msg="location: inZone=true"
09-02 08:18:52.584 13914 13914 I flutter : [NET] endpoint=/api/v1/config http_status=200
09-02 08:18:52.585 13914 13914 I flutter : [INFO] msg="splash: deeplink resolved canRoute=true"
09-02 08:18:52.585 13914 13914 I flutter : [INFO] msg="splash: routing"
09-02 08:18:52.586 13914 13914 I flutter : [NET] GET endpoint=/api/v1/config/get-zone-id
09-02 08:18:52.586 13914 13914 I flutter : [NET] GET endpoint=/api/v1/module
09-02 08:18:52.587 13914 13914 I flutter : [NET] GET endpoint=/api/v1/customer/info
09-02 08:18:52.623 13914 13914 I flutter : ----------------FIREBASE CRASHLYTICS----------------
09-02 08:18:52.623 13914 13914 I flutter : The following exception was thrown FCM registration id fetch failed:
09-02 08:18:52.623 13914 13914 I flutter : [firebase_messaging/unknown] java.io.IOException: java.util.concurrent.ExecutionException: java.io.IOException: SERVICE_NOT_AVAILABLE
09-02 08:18:52.623 13914 13914 I flutter : #0      StandardMethodCodec.decodeEnvelope (package:flutter/src/services/message_codecs.dart:653:7)
09-02 08:18:52.623 13914 13914 I flutter : #1      MethodChannel._invokeMethod (package:flutter/src/services/platform_channel.dart:366:18)
09-02 08:18:52.623 13914 13914 I flutter : <asynchronous suspension>
09-02 08:18:52.623 13914 13914 I flutter : #2      MethodChannel.invokeMapMethod (package:flutter/src/services/platform_channel.dart:566:43)
09-02 08:18:52.623 13914 13914 I flutter : <asynchronous suspension>
09-02 08:18:52.623 13914 13914 I flutter : #3      MethodChannelFirebaseMessaging.getToken (package:firebase_messaging_platform_interface/src/method_channel/method_channel_messaging.dart:249:11)
09-02 08:18:52.623 13914 13914 I flutter : <asynchronous suspension>
09-02 08:18:52.623 13914 13914 I flutter : #4      AuthRepository.saveDeviceToken (package:sixam_mart/features/auth/domain/repositories/auth_repository.dart:275:22)
09-02 08:18:52.623 13914 13914 I flutter : <asynchronous suspension>
09-02 08:18:52.623 13914 13914 I flutter : #5      AuthRepository.updateToken (package:sixam_mart/features/auth/domain/repositories/auth_repository.dart:253:23)
09-02 08:18:52.623 13914 13914 I flutter : <asynchronous suspension>
09-02 08:18:52.623 13914 13914 I flutter : #6      AuthService.updateToken (package:sixam_mart/features/auth/domain/services/auth_service.dart:115:31)
09-02 08:18:52.623 13914 13914 I flutter : <asynchronous suspension>
09-02 08:18:52.623 13914 13914 I flutter : #7      AuthController.updateToken (package:sixam_mart/features/auth/con
09-02 08:18:52.623 13914 13914 I flutter : ----------------------------------------------------
09-02 08:18:52.624 13914 13914 I flutter : [FAIL] endpoint=null http_status=null type=FirebaseException msg="FCM registration id fetch failed"
09-02 08:18:52.624 13914 13914 I flutter : [INFO] msg="FCM registration id obtained"
09-02 08:18:52.624 13914 13914 I flutter : [NET] POST endpoint=/api/v1/customer/cm-firebase-token
09-02 08:18:52.674 13914 13914 I flutter : [NET] endpoint=/api/v1/customer/order/running-orders http_status=200
09-02 08:18:52.752 13914 13914 I flutter : [NET] endpoint=/api/v1/config/get-zone-id http_status=200
09-02 08:18:52.752 13914 13914 I flutter : [INFO] msg="location: inZone=true"
09-02 08:18:52.852 13914 13914 I flutter : [NET] endpoint=/api/v1/module http_status=200
09-02 08:18:52.863 13914 13914 I flutter : [INFO] msg="route: initial route module=null"
09-02 08:18:52.863 13914 13914 I flutter : [NET] GET endpoint=/api/v1/customer/order/running-orders
09-02 08:18:52.864 13914 13914 I flutter : [NET] GET endpoint=/api/v1/customer/order/payment-failed
09-02 08:18:52.866 13914 13914 I flutter : [INFO] msg="home load skipped: already loading"
09-02 08:18:52.956 13914 13914 I flutter : [NET] endpoint=/api/v1/customer/info http_status=200
09-02 08:18:52.956 13914 13914 I flutter : [NET] GET endpoint=/api/v1/customer/notifications
09-02 08:18:52.956 13914 13914 I flutter : [NET] GET endpoint=/api/v1/coupon/list
09-02 08:18:52.957 13914 13914 I flutter : [NET] GET endpoint=/api/v1/banners
09-02 08:18:52.958 13914 13914 I flutter : [NET] GET endpoint=/api/v1/customer/address/list
09-02 08:18:52.960 13914 13914 I flutter : [NET] GET endpoint=/api/v1/module
09-02 08:18:52.963 13914 13914 I flutter : [NET] GET endpoint=/api/v1/stores/get-stores/all
09-02 08:18:53.036 13914 13914 I flutter : [NET] endpoint=/api/v1/customer/cm-firebase-token http_status=200
09-02 08:18:53.305 13914 13914 I flutter : [NET] endpoint=/api/v1/customer/order/running-orders http_status=200
09-02 08:18:53.399 13914 13914 I flutter : [NET] endpoint=/api/v1/customer/order/payment-failed http_status=200
09-02 08:18:53.476 13914 13914 I flutter : [NET] endpoint=/api/v1/customer/notifications http_status=200
09-02 08:18:53.631 13914 13914 I flutter : [NET] endpoint=/api/v1/banners http_status=200
09-02 08:18:53.710 13914 13914 I flutter : [NET] endpoint=/api/v1/coupon/list http_status=200
09-02 08:18:53.792 13914 13914 I flutter : [NET] endpoint=/api/v1/customer/address/list http_status=200
09-02 08:18:53.892 13914 13914 I flutter : [NET] endpoint=/api/v1/module http_status=200
09-02 08:18:54.071 13914 13914 I flutter : [NET] endpoint=/api/v1/stores/get-stores/all http_status=200
