# NEARS-3930 glyph measurements (3930-glyphscan.py: red #BA1A1A-family 8-connected blob 28-48 x 24-44 px; fill=red/bbox; hollow=share of 8 lower-interior samples NOT red)
## BASE (pre-3930 renders, positive control - must read FILLED)
NEARS-3947/ac6-zero-methods-sheet.png:
blob bbox=(57,1969)-(89,1997) 33x29 fill=0.549 hollow=0.00 -> FILLED
NEARS-3947/mixed-g7-resume-sheet-notoken-nocash.png:
blob bbox=(57,1992)-(89,2020) 33x29 fill=0.549 hollow=0.00 -> FILLED
NEARS-3947/p4-g6-ar-resume-sheet-notice.png:
blob bbox=(990,1793)-(1022,1821) 33x29 fill=0.549 hollow=0.00 -> FILLED
NEARS-3911/ac4b-single-store-no-method-en.png:
blob bbox=(659,791)-(695,824) 37x34 fill=0.576 hollow=0.00 -> FILLED
blob bbox=(50,915)-(87,948) 38x34 fill=0.566 hollow=0.00 -> FILLED
NEARS-3911/ac3-ac4a-no-method-ar.png:
blob bbox=(886,963)-(922,996) 37x34 fill=0.576 hollow=0.00 -> FILLED
blob bbox=(1256,1091)-(1293,1124) 38x34 fill=0.566 hollow=0.00 -> FILLED
## HEAD cfda9143d (this run, emulator-5682) - glyph at each site
ac1a-ac1f-nomethod-ar-1.3x.png:
blob bbox=(615,841)-(650,871) 36x31 fill=0.231 hollow=1.00 -> OUTLINED
blob bbox=(1002,961)-(1037,991) 36x31 fill=0.231 hollow=1.00 -> OUTLINED
blob bbox=(521,974)-(563,1011) 43x38 fill=0.193 hollow=0.38 -> UNCLEAR
blob bbox=(632,974)-(672,1002) 41x29 fill=0.180 hollow=1.00 -> OUTLINED
blob bbox=(811,974)-(854,1011) 44x38 fill=0.151 hollow=0.75 -> OUTLINED
blob bbox=(691,983)-(724,1014) 34x32 fill=0.270 hollow=1.00 -> OUTLINED
blob bbox=(922,987)-(949,1011) 28x25 fill=0.247 hollow=1.00 -> OUTLINED
ac1a-ac1f-nomethod-en-1.0x.png:
blob bbox=(575,1286)-(610,1316) 36x31 fill=0.231 hollow=1.00 -> OUTLINED
blob bbox=(42,1394)-(78,1424) 37x31 fill=0.228 hollow=1.00 -> OUTLINED
ac1b-ac1f-codcap-en-1.0x.png:
blob bbox=(575,1275)-(610,1305) 36x31 fill=0.231 hollow=1.00 -> OUTLINED
blob bbox=(42,1384)-(78,1414) 37x31 fill=0.228 hollow=1.00 -> OUTLINED
ac1c-group-sheet-nomethod-en-1.3x.png:
blob bbox=(55,1967)-(91,1997) 37x31 fill=0.228 hollow=1.00 -> OUTLINED
ac1d-failed-screen-notice-en-1.0x.png:
blob bbox=(219,1612)-(254,1642) 36x31 fill=0.235 hollow=1.00 -> OUTLINED
ac1e-resume-sheet-notice-en-1.3x.png:
blob bbox=(55,1990)-(91,2020) 37x31 fill=0.228 hollow=1.00 -> OUTLINED
blob bbox=(565,2203)-(598,2239) 34x37 fill=0.483 hollow=1.00 -> UNCLEAR
ac1a-ac1f-nomethod-ar-1.0x.png:
blob bbox=(677,351)-(712,381) 36x31 fill=0.231 hollow=1.00 -> OUTLINED
blob bbox=(1002,462)-(1037,492) 36x31 fill=0.231 hollow=1.00 -> OUTLINED
blob bbox=(629,472)-(660,500) 32x29 fill=0.185 hollow=0.25 -> UNCLEAR
blob bbox=(852,472)-(885,500) 34x29 fill=0.139 hollow=0.62 -> UNCLEAR
ac1a-ac1f-nomethod-en-1.3x.png:
blob bbox=(691,1766)-(726,1796) 36x31 fill=0.231 hollow=1.00 -> OUTLINED
blob bbox=(42,1883)-(78,1913) 37x31 fill=0.228 hollow=1.00 -> OUTLINED
ac1b-ac1f-codcap-ar-1.0x.png:
blob bbox=(677,353)-(712,383) 36x31 fill=0.231 hollow=1.00 -> OUTLINED
blob bbox=(1002,465)-(1037,495) 36x31 fill=0.231 hollow=1.00 -> OUTLINED
blob bbox=(558,475)-(589,503) 32x29 fill=0.180 hollow=0.38 -> UNCLEAR
ac1b-ac1f-codcap-ar-1.3x.png:
blob bbox=(615,844)-(650,874) 36x31 fill=0.231 hollow=1.00 -> OUTLINED
blob bbox=(1002,964)-(1037,994) 36x31 fill=0.231 hollow=1.00 -> OUTLINED
blob bbox=(428,977)-(470,1014) 43x38 fill=0.192 hollow=0.38 -> UNCLEAR
blob bbox=(891,977)-(936,1005) 46x29 fill=0.184 hollow=0.75 -> OUTLINED
blob bbox=(698,986)-(731,1017) 34x32 fill=0.268 hollow=1.00 -> OUTLINED
blob bbox=(956,990)-(985,1018) 30x29 fill=0.222 hollow=1.00 -> OUTLINED
ac1b-ac1f-codcap-en-1.3x.png:
blob bbox=(691,873)-(726,903) 36x31 fill=0.231 hollow=1.00 -> OUTLINED
blob bbox=(42,990)-(78,1020) 37x31 fill=0.228 hollow=1.00 -> OUTLINED
ac1c-group-sheet-nomethod-ar-1.0x.png:
blob bbox=(988,2035)-(1024,2065) 37x31 fill=0.228 hollow=1.00 -> OUTLINED
blob bbox=(616,2045)-(647,2073) 32x29 fill=0.183 hollow=0.38 -> UNCLEAR
ac1c-group-sheet-nomethod-ar-1.3x.png:
blob bbox=(988,2019)-(1024,2049) 37x31 fill=0.228 hollow=1.00 -> OUTLINED
blob bbox=(508,2032)-(549,2069) 42x38 fill=0.193 hollow=0.25 -> UNCLEAR
blob bbox=(619,2032)-(659,2060) 41x29 fill=0.180 hollow=1.00 -> OUTLINED
blob bbox=(798,2032)-(841,2069) 44x38 fill=0.151 hollow=0.75 -> OUTLINED
blob bbox=(678,2041)-(711,2072) 34x32 fill=0.264 hollow=1.00 -> OUTLINED
blob bbox=(909,2046)-(936,2069) 28x24 fill=0.260 hollow=1.00 -> OUTLINED
ac1c-group-sheet-nomethod-en-1.0x.png:
blob bbox=(55,2040)-(91,2070) 37x31 fill=0.228 hollow=1.00 -> OUTLINED
ac1d-failed-screen-notice-ar-1.0x.png:
blob bbox=(746,1589)-(782,1619) 37x31 fill=0.228 hollow=1.00 -> OUTLINED
ac1d-failed-screen-notice-ar-1.3x.png:
blob bbox=(825,1780)-(860,1810) 36x31 fill=0.235 hollow=1.00 -> OUTLINED
blob bbox=(364,1793)-(406,1821) 43x29 fill=0.233 hollow=0.75 -> OUTLINED
blob bbox=(629,1802)-(662,1833) 34x32 fill=0.265 hollow=1.00 -> OUTLINED
blob bbox=(732,1875)-(774,1899) 43x25 fill=0.165 hollow=0.88 -> OUTLINED
blob bbox=(626,1876)-(656,1899) 31x24 fill=0.183 hollow=0.75 -> OUTLINED
ac1d-failed-screen-notice-en-1.3x.png:
blob bbox=(219,1741)-(254,1771) 36x31 fill=0.235 hollow=1.00 -> OUTLINED
blob bbox=(755,1879)-(786,1903) 32x25 fill=0.340 hollow=0.38 -> UNCLEAR
ac1e-resume-sheet-notice-ar-1.0x.png:
blob bbox=(988,2006)-(1024,2036) 37x31 fill=0.228 hollow=1.00 -> OUTLINED
blob bbox=(577,2207)-(608,2231) 32x25 fill=0.341 hollow=0.62 -> UNCLEAR
ac1e-resume-sheet-notice-ar-1.3x.png:
blob bbox=(988,1975)-(1024,2005) 37x31 fill=0.228 hollow=1.00 -> OUTLINED
blob bbox=(588,2202)-(628,2235) 41x34 fill=0.373 hollow=0.75 -> UNCLEAR
ac1e-resume-sheet-notice-en-1.0x.png:
blob bbox=(55,2017)-(91,2047) 37x31 fill=0.228 hollow=1.00 -> OUTLINED
## Colour: HEAD 1c en1.3 glyph modal #BA1A1A, text modal #BA1A1A (7323 px); BASE ac6 glyph #BA1A1A, text #BA1A1A (7323 px) -> colour + text raster identical.
