# NEARS-3799 cycle 3 AC14 — real Firebase (FA-SVC, debug.firebase.analytics.app=com.izzes.nears) + app debug mirror; emulator-5560, unsuffixed com.izzes.nears debug, backend :8799 worktree @ e22757680
## store page menuRow (List view, default for food) — item 115, store 4
09-28 18:39:14.696 I/flutter (11010): [NET] POST endpoint=/api/v1/customer/cart/add
09-28 18:39:14.864 I/flutter (11010): [NET] endpoint=/api/v1/customer/cart/add http_status=200
09-28 18:39:14.866 I/flutter (11010): 📊 analytics: add_to_cart {item_id: 115, price: 15.6, quantity: 1, currency: AED, value: 15.6, screen: items_view, item_list_id: items_view, item_list_name: items_view, index: 0, store_id: 4, is_available: 1}
09-28 18:39:14.880 V/FA-SVC  ( 1214): Logging event: origin=app,name=add_to_cart,params=Bundle[{item_list_name=items_view, is_available=1, item_list_id=items_view, screen=items_view, ga_event_origin(_o)=app, ga_screen_class(_sc)=MainActivity, ga_screen_id(_si)=6217770330856896917, ga_screen(_sn)=/store/burger-palace, index=0, items=[Bundle[{quantity=1, price=15.6, item_id=115}]], value=15.6, currency=AED, store_id=4}]
## store page GRID (toggle) — same item
09-28 18:40:12.732 I/flutter (11010): [NET] POST endpoint=/api/v1/customer/cart/add
09-28 18:40:12.900 I/flutter (11010): [NET] endpoint=/api/v1/customer/cart/add http_status=200
09-28 18:40:12.901 I/flutter (11010): 📊 analytics: add_to_cart {item_id: 115, price: 15.6, quantity: 1, currency: AED, value: 15.6, screen: store_screen, item_list_id: store_items_grid, item_list_name: store_items_grid, index: 0, store_id: 4, is_available: 1}
09-28 18:40:12.912 V/FA-SVC  ( 1214): Logging event: origin=app,name=add_to_cart,params=Bundle[{item_list_name=store_items_grid, is_available=1, item_list_id=store_items_grid, screen=store_screen, ga_event_origin(_o)=app, ga_screen_class(_sc)=MainActivity, ga_screen_id(_si)=6217770330856896917, ga_screen(_sn)=/store/burger-palace, index=0, items=[Bundle[{quantity=1, price=15.6, item_id=115}]], value=15.6, currency=AED, store_id=4}]
## in-store search menuRow — same item
09-28 18:43:08.394 I/flutter (11010): [NET] POST endpoint=/api/v1/customer/cart/add
09-28 18:43:08.556 I/flutter (11010): [NET] endpoint=/api/v1/customer/cart/add http_status=200
09-28 18:43:08.557 I/flutter (11010): 📊 analytics: add_to_cart {item_id: 115, price: 15.6, quantity: 1, currency: AED, value: 15.6, screen: store_item_search, item_list_id: store_item_search, item_list_name: store_item_search, index: 0, store_id: 4, is_available: 1}
09-28 18:43:08.569 V/FA-SVC  ( 1214): Logging event: origin=app,name=add_to_cart,params=Bundle[{item_list_name=store_item_search, is_available=1, item_list_id=store_item_search, screen=store_item_search, ga_event_origin(_o)=app, ga_screen_class(_sc)=MainActivity, ga_screen_id(_si)=6217770330856896919, ga_screen(_sn)=/search-store-item, index=0, items=[Bundle[{quantity=1, price=15.6, item_id=115}]], value=15.6, currency=AED, store_id=4}]
## select_item / favourite under store-page menuRow
09-28 18:41:48.536 I/flutter (11010): 📊 analytics: add_to_wishlist {item_id: 115, is_store: 0, screen: items_view, item_list_id: items_view, item_list_name: items_view, index: 0}
09-28 18:41:48.582 V/FA-SVC  ( 1214): Logging event: origin=app,name=add_to_wishlist,params=Bundle[{item_list_name=items_view, item_list_id=items_view, screen=items_view, ga_event_origin(_o)=app, ga_screen_class(_sc)=MainActivity, ga_screen_id(_si)=6217770330856896917, ga_screen(_sn)=/store/burger-palace, index=0, items=[Bundle[{item_id=115}]], is_store=0}]
09-28 18:41:53.588 I/flutter (11010): 📊 analytics: favourite_removed {item_id: 115, is_store: 0, screen: items_view, item_list_id: items_view, item_list_name: items_view, index: 0}
09-28 18:41:53.621 V/FA-SVC  ( 1214): Logging event: origin=app,name=favourite_removed,params=Bundle[{item_list_name=items_view, item_list_id=items_view, screen=items_view, ga_event_origin(_o)=app, ga_screen_class(_sc)=MainActivity, ga_screen_id(_si)=6217770330856896917, ga_screen(_sn)=/store/burger-palace, index=0, is_store=0, item_id=115}]
09-28 18:42:05.979 I/flutter (11010): 📊 analytics: select_item {item_id: 115, screen: items_view, item_list_id: items_view, item_list_name: items_view, index: 0, store_id: 4, category_id: 17}
09-28 18:42:06.025 V/FA-SVC  ( 1214): Logging event: origin=app,name=select_item,params=Bundle[{item_list_name=items_view, item_list_id=items_view, screen=items_view, ga_event_origin(_o)=app, ga_screen_class(_sc)=MainActivity, ga_screen_id(_si)=6217770330856896917, ga_screen(_sn)=/store/burger-palace, index=0, items=[Bundle[{item_id=115}]], category_id=17, store_id=4}]
09-28 18:42:06.202 I/flutter (11010): 📊 analytics: view_item {item_id: 115, item_category: 16, price: 15.6, value: 15.6, screen: items_view, item_list_id: items_view, item_list_name: items_view, index: 0, store_id: 4, is_available: 1}
## removals (cart restored each time)
09-28 18:39:48.061 I/flutter (11010): 📊 analytics: remove_from_cart {item_id: 115, price: 15.6, quantity: 1, value: 15.6, store_id: 4, method: stepper_to_zero, screen: basket, section: basket_lines}
09-28 18:39:48.238 I/flutter (11010): [NET] endpoint=/api/v1/customer/cart/remove-item http_status=200
09-28 18:40:48.064 I/flutter (11010): 📊 analytics: remove_from_cart {item_id: 115, price: 15.6, quantity: 1, value: 15.6, store_id: 4, method: stepper_to_zero, screen: basket, section: basket_lines}
09-28 18:40:48.220 I/flutter (11010): [NET] endpoint=/api/v1/customer/cart/remove-item http_status=200
09-28 18:43:21.083 I/flutter (11010): 📊 analytics: remove_from_cart {item_id: 115, price: 15.6, quantity: 1, value: 15.6, store_id: 4, method: stepper_to_zero, screen: basket, section: basket_lines}
09-28 18:43:21.237 I/flutter (11010): [NET] endpoint=/api/v1/customer/cart/remove-item http_status=200
## [FAIL]/[ERR] in whole capture window:
0
