# NEARS-3799 cycle 4 AC14 — real Firebase (FA-SVC, debug.firebase.analytics.app=com.izzes.nears) + app debug mirror; emulator-5560, unsuffixed com.izzes.nears debug from worktree @ 007108bf7, backend :8799 = /Users/Apple/Projects/nears-NEARS-3799-menurow-card @ 007108bf7
## store page menuRow (List, food default) — item 115 Thin Crust Margherita (row 1), store 4
09-28 18:58:35.554 I/flutter (15976): [NET] POST endpoint=/api/v1/customer/cart/add
09-28 18:58:35.716 I/flutter (15976): [NET] endpoint=/api/v1/customer/cart/add http_status=200
09-28 18:58:35.717 I/flutter (15976): 📊 analytics: add_to_cart {item_id: 115, price: 15.6, quantity: 1, currency: AED, value: 15.6, screen: store_screen, item_list_id: store_items_list, item_list_name: store_items_list, index: 0, store_id: 4, is_available: 1}
09-28 18:58:35.731 V/FA-SVC  ( 1214): Logging event: origin=app,name=add_to_cart,params=Bundle[{item_list_name=store_items_list, is_available=1, item_list_id=store_items_list, screen=store_screen, ga_event_origin(_o)=app, ga_screen_class(_sc)=MainActivity, ga_screen_id(_si)=-7571164152528413400, ga_screen(_sn)=/store/burger-palace, index=0, items=[Bundle[{quantity=1, price=15.6, item_id=115}]], value=15.6, currency=AED, store_id=4}]
09-28 18:58:52.301 I/flutter (15976): 📊 analytics: remove_from_cart {item_id: 115, price: 15.6, quantity: 1, value: 15.6, store_id: 4, method: stepper_to_zero, screen: basket, section: basket_lines}
09-28 18:58:52.305 I/flutter (15976): [NET] DELETE endpoint=/api/v1/customer/cart/remove-item
09-28 18:58:52.465 I/flutter (15976): [NET] endpoint=/api/v1/customer/cart/remove-item http_status=200
09-28 18:59:05.550 I/flutter (15976): [NET] POST endpoint=/api/v1/customer/wish-list/add
09-28 18:59:05.664 I/flutter (15976): [NET] endpoint=/api/v1/customer/wish-list/add http_status=200
09-28 18:59:05.665 I/flutter (15976): 📊 analytics: add_to_wishlist {item_id: 115, is_store: 0, screen: store_screen, item_list_id: store_items_list, item_list_name: store_items_list, index: 0, store_id: 4}
09-28 18:59:05.678 V/FA-SVC  ( 1214): Logging event: origin=app,name=add_to_wishlist,params=Bundle[{item_list_name=store_items_list, item_list_id=store_items_list, screen=store_screen, ga_event_origin(_o)=app, ga_screen_class(_sc)=MainActivity, ga_screen_id(_si)=-7571164152528413400, ga_screen(_sn)=/store/burger-palace, index=0, items=[Bundle[{item_id=115}]], is_store=0, store_id=4}]
09-28 18:59:13.246 I/flutter (15976): [NET] DELETE endpoint=/api/v1/customer/wish-list/remove
09-28 18:59:13.378 I/flutter (15976): [NET] endpoint=/api/v1/customer/wish-list/remove http_status=200
09-28 18:59:13.379 I/flutter (15976): 📊 analytics: favourite_removed {item_id: 115, is_store: 0, screen: store_screen, item_list_id: store_items_list, item_list_name: store_items_list, index: 0, store_id: 4}
09-28 18:59:13.417 V/FA-SVC  ( 1214): Logging event: origin=app,name=favourite_removed,params=Bundle[{item_list_name=store_items_list, item_list_id=store_items_list, screen=store_screen, ga_event_origin(_o)=app, ga_screen_class(_sc)=MainActivity, ga_screen_id(_si)=-7571164152528413400, ga_screen(_sn)=/store/burger-palace, index=0, is_store=0, store_id=4, item_id=115}]
09-28 18:59:24.518 I/flutter (15976): 📊 analytics: select_item {item_id: 115, screen: store_screen, item_list_id: store_items_list, item_list_name: store_items_list, index: 0, store_id: 4, category_id: 17}
09-28 18:59:24.554 V/FA-SVC  ( 1214): Logging event: origin=app,name=select_item,params=Bundle[{item_list_name=store_items_list, item_list_id=store_items_list, screen=store_screen, ga_event_origin(_o)=app, ga_screen_class(_sc)=MainActivity, ga_screen_id(_si)=-7571164152528413400, ga_screen(_sn)=/store/burger-palace, index=0, items=[Bundle[{item_id=115}]], category_id=17, store_id=4}]
09-28 18:59:24.737 I/flutter (15976): 📊 analytics: view_item {item_id: 115, item_category: 16, price: 15.6, value: 15.6, screen: store_screen, item_list_id: store_items_list, item_list_name: store_items_list, index: 0, store_id: 4, is_available: 1}
09-28 18:59:37.921 I/flutter (15976): 📊 analytics: select_item {item_id: 116, screen: store_screen, item_list_id: store_items_list, item_list_name: store_items_list, index: 1, store_id: 4, category_id: 14}
09-28 18:59:37.969 V/FA-SVC  ( 1214): Logging event: origin=app,name=select_item,params=Bundle[{item_list_name=store_items_list, item_list_id=store_items_list, screen=store_screen, ga_event_origin(_o)=app, ga_screen_class(_sc)=MainActivity, ga_screen_id(_si)=-7571164152528413398, ga_screen(_sn)=product_sheet, index=1, items=[Bundle[{item_id=116}]], category_id=14, store_id=4}]
09-28 18:59:38.124 I/flutter (15976): 📊 analytics: view_item {item_id: 116, item_category: 14, price: 40.34, value: 40.34, screen: store_screen, item_list_id: store_items_list, item_list_name: store_items_list, index: 1, store_id: 4, is_available: 1}
09-28 19:00:04.614 I/flutter (15976): [NET] POST endpoint=/api/v1/customer/cart/add
09-28 19:00:04.770 I/flutter (15976): [NET] endpoint=/api/v1/customer/cart/add http_status=200
09-28 19:00:04.771 I/flutter (15976): 📊 analytics: add_to_cart {item_id: 115, price: 15.6, quantity: 1, currency: AED, value: 15.6, screen: store_screen, item_list_id: store_items_grid, item_list_name: store_items_grid, index: 0, store_id: 4, is_available: 1}
09-28 19:00:04.786 V/FA-SVC  ( 1214): Logging event: origin=app,name=add_to_cart,params=Bundle[{item_list_name=store_items_grid, is_available=1, item_list_id=store_items_grid, screen=store_screen, ga_event_origin(_o)=app, ga_screen_class(_sc)=MainActivity, ga_screen_id(_si)=-7571164152528413398, ga_screen(_sn)=product_sheet, index=0, items=[Bundle[{quantity=1, price=15.6, item_id=115}]], value=15.6, currency=AED, store_id=4}]
09-28 19:00:14.095 I/flutter (15976): 📊 analytics: remove_from_cart {item_id: 115, price: 15.6, quantity: 1, value: 15.6, store_id: 4, method: stepper_to_zero, screen: basket, section: basket_lines}
09-28 19:00:14.096 I/flutter (15976): [NET] DELETE endpoint=/api/v1/customer/cart/remove-item
09-28 19:00:14.256 I/flutter (15976): [NET] endpoint=/api/v1/customer/cart/remove-item http_status=200
09-28 19:01:16.630 I/flutter (15976): [NET] POST endpoint=/api/v1/customer/cart/add
09-28 19:01:16.773 I/flutter (15976): [NET] endpoint=/api/v1/customer/cart/add http_status=200
09-28 19:01:16.774 I/flutter (15976): 📊 analytics: add_to_cart {item_id: 115, price: 15.6, quantity: 1, currency: AED, value: 15.6, screen: store_item_search, item_list_id: store_item_search, item_list_name: store_item_search, index: 1, store_id: 4, is_available: 1}
09-28 19:01:16.790 V/FA-SVC  ( 1214): Logging event: origin=app,name=add_to_cart,params=Bundle[{item_list_name=store_item_search, is_available=1, item_list_id=store_item_search, screen=store_item_search, ga_event_origin(_o)=app, ga_screen_class(_sc)=MainActivity, ga_screen_id(_si)=-7571164152528413395, ga_screen(_sn)=/search-store-item, index=1, items=[Bundle[{quantity=1, price=15.6, item_id=115}]], value=15.6, currency=AED, store_id=4}]
09-28 19:01:22.214 I/flutter (15976): 📊 analytics: remove_from_cart {item_id: 115, price: 15.6, quantity: 1, value: 15.6, store_id: 4, method: stepper_to_zero, screen: basket, section: basket_lines}
09-28 19:01:22.215 I/flutter (15976): [NET] DELETE endpoint=/api/v1/customer/cart/remove-item
09-28 19:01:22.362 I/flutter (15976): [NET] endpoint=/api/v1/customer/cart/remove-item http_status=200
09-28 19:01:44.518 I/flutter (15976): 📊 analytics: view_item_list {item_list_id: store_card_popular_items, item_list_name: store_card_popular_items, item_count: 5, screen: home, store_id: 4, section: stores_list, position: 1}
09-28 19:01:44.518 I/flutter (15976): 📊 analytics: view_item_list {item_list_id: store_card_popular_items, item_list_name: store_card_popular_items, item_count: 5, screen: home, store_id: 5, section: stores_list, position: 2}
09-28 19:01:44.518 I/flutter (15976): 📊 analytics: view_item_list {item_list_id: store_card_popular_items, item_list_name: store_card_popular_items, item_count: 5, screen: home, store_id: 6, section: stores_list, position: 3}
09-28 19:01:44.518 I/flutter (15976): 📊 analytics: view_item_list {item_list_id: store_card_popular_items, item_list_name: store_card_popular_items, item_count: 5, screen: home, store_id: 39, section: stores_list, position: 4}
09-28 19:01:44.518 I/flutter (15976): 📊 analytics: view_item_list {item_list_id: store_card_popular_items, item_list_name: store_card_popular_items, item_count: 5, screen: home, store_id: 40, section: stores_list, position: 5}
09-28 19:01:44.518 I/flutter (15976): 📊 analytics: view_item_list {item_list_id: store_card_popular_items, item_list_name: store_card_popular_items, item_count: 5, screen: home, store_id: 41, section: stores_list, position: 6}
09-28 19:01:45.768 I/flutter (15976): 📊 analytics: view_item_list {item_list_id: store_card_popular_items, item_list_name: store_card_popular_items, item_count: 5, screen: home, store_id: 4, section: stores_list, position: 1}
09-28 19:01:45.769 I/flutter (15976): 📊 analytics: view_item_list {item_list_id: store_card_popular_items, item_list_name: store_card_popular_items, item_count: 5, screen: home, store_id: 5, section: stores_list, position: 2}
09-28 19:01:45.769 I/flutter (15976): 📊 analytics: view_item_list {item_list_id: store_card_popular_items, item_list_name: store_card_popular_items, item_count: 5, screen: home, store_id: 6, section: stores_list, position: 3}
09-28 19:01:45.769 I/flutter (15976): 📊 analytics: view_item_list {item_list_id: store_card_popular_items, item_list_name: store_card_popular_items, item_count: 5, screen: home, store_id: 39, section: stores_list, position: 4}
09-28 19:01:45.769 I/flutter (15976): 📊 analytics: view_item_list {item_list_id: store_card_popular_items, item_list_name: store_card_popular_items, item_count: 5, screen: home, store_id: 40, section: stores_list, position: 5}
09-28 19:01:45.769 I/flutter (15976): 📊 analytics: view_item_list {item_list_id: store_card_popular_items, item_list_name: store_card_popular_items, item_count: 5, screen: home, store_id: 41, section: stores_list, position: 6}
09-28 19:01:48.287 I/flutter (15976): [NET] GET endpoint=/api/v1/customer/wish-list
09-28 19:01:48.808 I/flutter (15976): [NET] endpoint=/api/v1/customer/wish-list http_status=200
09-28 19:01:48.809 I/flutter (15976): 📊 analytics: view_item_list {item_list_id: favourite_items, item_list_name: favourite_items, item_count: 6, screen: favourites}
09-28 19:01:50.667 I/flutter (15976): 📊 analytics: view_item_list {item_list_id: store_card_popular_items, item_list_name: store_card_popular_items, item_count: 5, screen: home, store_id: 1, section: stores_list, position: 1}
09-28 19:01:50.667 I/flutter (15976): 📊 analytics: view_item_list {item_list_id: store_card_popular_items, item_list_name: store_card_popular_items, item_count: 5, screen: home, store_id: 2, section: stores_list, position: 2}
09-28 19:01:50.667 I/flutter (15976): 📊 analytics: view_item_list {item_list_id: store_card_popular_items, item_list_name: store_card_popular_items, item_count: 5, screen: home, store_id: 3, section: stores_list, position: 3}
09-28 19:01:50.667 I/flutter (15976): 📊 analytics: view_item_list {item_list_id: store_card_popular_items, item_list_name: store_card_popular_items, item_count: 5, screen: home, store_id: 36, section: stores_list, position: 4}
09-28 19:01:50.667 I/flutter (15976): 📊 analytics: view_item_list {item_list_id: store_card_popular_items, item_list_name: store_card_popular_items, item_count: 5, screen: home, store_id: 37, section: stores_list, position: 5}
09-28 19:01:50.667 I/flutter (15976): 📊 analytics: view_item_list {item_list_id: store_card_popular_items, item_list_name: store_card_popular_items, item_count: 5, screen: home, store_id: 38, section: stores_list, position: 6}
09-28 19:02:24.781 I/flutter (15976): [NET] GET endpoint=/api/v1/customer/wish-list
09-28 19:02:25.006 I/flutter (15976): [NET] endpoint=/api/v1/customer/wish-list http_status=200
09-28 19:02:25.007 I/flutter (15976): 📊 analytics: view_item_list {item_list_id: favourite_items, item_list_name: favourite_items, item_count: 6, screen: favourites}
09-28 19:02:53.432 I/flutter (15976): 📊 analytics: select_item {item_id: 112, screen: store_screen, item_list_id: store_items_list, item_list_name: store_items_list, index: 0, store_id: 2, category_id: 5}
09-28 19:02:53.452 V/FA-SVC  ( 1214): Logging event: origin=app,name=select_item,params=Bundle[{item_list_name=store_items_list, item_list_id=store_items_list, screen=store_screen, ga_event_origin(_o)=app, ga_screen_class(_sc)=MainActivity, ga_screen_id(_si)=-7571164152528413392, ga_screen(_sn)=/store/fresh-mart-grocery, index=0, items=[Bundle[{item_id=112}]], category_id=5, store_id=2}]
09-28 19:02:53.659 I/flutter (15976): 📊 analytics: view_item {item_id: 112, item_category: 3, price: 16.37, value: 16.37, screen: store_screen, item_list_id: store_items_list, item_list_name: store_items_list, index: 0, store_id: 2, is_available: 1}
## [FAIL]/[ERR]/exceptions in whole capture window:
0
