09-30 11:08:14.034 30726 30726 I flutter : [FAIL] framework_error library=rendering library type=FlutterError msg="A RenderFlex overflowed by 63 pixels on the right."
09-30 11:08:14.035 30726 30726 I flutter : [FAIL] framework_error   at Row Row:file://UserApp/lib/features/checkout/widgets/checkout_screen_shimmer_view.dart:53:11
09-30 11:08:14.070 30726 30726 I flutter : [WARN] msg="cart_item_widget outer Row width budget below comfort floor: expandedBudget=23.947067260742188 maxWidth=240.0"
09-30 11:08:14.717 30726 30726 I flutter : [NET] endpoint=/api/v1/coupon/list http_status=200
09-30 11:08:14.717 30726 30726 I flutter : 📊 analytics: view_promotion {promotion_count: 0, eligible_count: 0, expiring_count: 0, screen: coupons, source: profile_menu}
09-30 11:08:14.718 30726 30726 I flutter : [NET] endpoint=/api/v1/offline_payment_method_list http_status=200
09-30 11:08:14.718 30726 30726 I flutter : [NET] endpoint=/api/v1/most-tips http_status=200
09-30 11:08:14.719 30726 30726 I flutter : [NET] endpoint=/api/v1/stores/details/57 http_status=200
09-30 11:08:14.720 30726 30726 I flutter : [NET] GET endpoint=/api/v1/config/distance-api
09-30 11:08:14.720 30726 30726 I flutter : 📊 analytics: view_store {store_id: 57, is_open: 1}
09-30 11:08:14.735 30726 30726 I flutter : [WARN] msg="cart_item_widget outer Row width budget below comfort floor: expandedBudget=23.947067260742188 maxWidth=240.0"
09-30 11:08:15.443 30726 30726 I flutter : [NET] endpoint=/api/v1/config/distance-api http_status=200
09-30 11:08:15.443 30726 30726 I flutter : [NET] GET endpoint=/api/v1/vehicle/extra_charge
--
09-30 11:08:15.569 30726 30726 I flutter : [FAIL] framework_error library=rendering library type=FlutterError msg="A RenderFlex overflowed by 41 pixels on the right."
09-30 11:08:15.569 30726 30726 I flutter : [FAIL] framework_error   at Row Row:file://UserApp/lib/features/checkout/screens/checkout_screen.dart:1082:47
09-30 11:08:15.612 30726 30726 I flutter : [NET] endpoint=/api/v1/vehicle/extra_charge http_status=200
09-30 11:08:16.344 30726 30726 I flutter : [NET] GET endpoint=/api/v1/cashback/getCashback
09-30 11:08:17.255 30726 30726 I flutter : [NET] endpoint=/api/v1/cashback/getCashback http_status=200
09-30 11:08:23.274 30726 30726 I flutter : [WARN] msg="cart_item_widget outer Row width budget below comfort floor: expandedBudget=23.947067260742188 maxWidth=240.0"
09-30 11:08:23.329 30726 30726 I flutter : [WARN] msg="cart_item_widget outer Row width budget below comfort floor: expandedBudget=23.947067260742188 maxWidth=240.0"
09-30 11:08:28.234 30726 30726 I flutter : [WARN] msg="cart_item_widget outer Row width budget below comfort floor: expandedBudget=23.947067260742188 maxWidth=240.0"
09-30 11:08:28.281 30726 30726 I flutter : [WARN] msg="cart_item_widget outer Row width budget below comfort floor: expandedBudget=23.947067260742188 maxWidth=240.0"
09-30 11:08:30.231 30726 30726 I flutter : [WARN] msg="cart_item_widget outer Row width budget below comfort floor: expandedBudget=23.947067260742188 maxWidth=240.0"
09-30 11:08:30.260 30726 30726 I flutter : [WARN] msg="cart_item_widget outer Row width budget below comfort floor: expandedBudget=23.947067260742188 maxWidth=240.0"
09-30 11:08:37.215 30726 30726 I flutter : [WARN] msg="cart_item_widget outer Row width budget below comfort floor: expandedBudget=23.947067260742188 maxWidth=240.0"
09-30 11:08:37.259 30726 30726 I flutter : [WARN] msg="cart_item_widget outer Row width budget below comfort floor: expandedBudget=23.947067260742188 maxWidth=240.0"
base 4047d2e55 vs branch 1f98fb564: checkout_screen.dart + checkout_screen_shimmer_view.dart byte-identical (git diff --quiet)
