
   INFO  Seeding database.  

NEARS-1026 fixture ready: condition id=1 slug=nears1026-pain-relief-qa
  zone 1 -> items 32, 33 (count 2) · zone 2 -> item 598 (count 1). moduleId: 3
OpenTelemetry: [error] Export failure [exception] Export retry limit exceeded [previous] cURL error 7: Failed to connect to localhost port 5080 after 0 ms: Could not connect to server (see https://curl.se/libcurl/c/libcurl-errors.html) for http://localhost:5080/api/default/v1/metrics
#0 /Users/Apple/Projects/nears-NEARS-1026-condition-counts/Admin/vendor/open-telemetry/exporter-otlp/MetricExporter.php(50): OpenTelemetry\SDK\Common\Export\Http\PsrTransport->send('\n\xA5\x13\n\xE6\x05\n\x1D\n\fservi...')
#1 /Users/Apple/Projects/nears-NEARS-1026-condition-counts/Admin/vendor/open-telemetry/sdk/Metrics/MetricReader/ExportingReader.php(118): OpenTelemetry\Contrib\Otlp\MetricExporter->export(Array)
#2 /Users/Apple/Projects/nears-NEARS-1026-condition-counts/Admin/vendor/open-telemetry/sdk/Metrics/MetricReader/ExportingReader.php(140): OpenTelemetry\SDK\Metrics\MetricReader\ExportingReader->doCollect()
#3 /Users/Apple/Projects/nears-NEARS-1026-condition-counts/Admin/vendor/open-telemetry/sdk/Metrics/MeterProvider.php(101): OpenTelemetry\SDK\Metrics\MetricReader\ExportingReader->shutdown()
#4 /Users/Apple/Projects/nears-NEARS-1026-condition-counts/Admin/vendor/open-telemetry/sdk/Common/Util/functions.php(36): OpenTelemetry\SDK\Metrics\MeterProvider->shutdown()
#5 [internal function]: OpenTelemetry\SDK\Metrics\MeterProvider->{closure:OpenTelemetry\SDK\Common\Util\weaken():36}()
#6 /Users/Apple/Projects/nears-NEARS-1026-condition-counts/Admin/vendor/open-telemetry/sdk/Common/Util/functions.php(53): Closure->call(Object(OpenTelemetry\SDK\Metrics\MeterProvider))
#7 /Users/Apple/Projects/nears-NEARS-1026-condition-counts/Admin/vendor/open-telemetry/sdk/Common/Util/ShutdownHandler.php(77): {closure:OpenTelemetry\SDK\Common\Util\weaken():53}()
#8 [internal function]: OpenTelemetry\SDK\Common\Util\ShutdownHandler::{closure:{closure:OpenTelemetry\SDK\Common\Util\ShutdownHandler::registerShutdownFunction():68}:75}(Array)
#9 {main}
id	name	slug	status
1	NEARS1026 Pain Relief QA	nears1026-pain-relief-qa	1
item_id	common_condition_id	is_basic
32	1	0
33	1	0
598	1	0
total_pid
6
