=== initial (idle, primary): 38 nodes ===
0 role= None aria= None text= 'Go to Checkouttextvariant (primary=mint fill, secondary=outline, tertiary/ghost=' flags= {'disabled': None, 'tabindex': None}
1 role= None aria= None text= 'Go to Checkouttextvariant (primary=mint fill, secondary=outline, tertiary/ghost=' flags= {'disabled': None, 'tabindex': None}
2 role= None aria= None text= 'Go to Checkouttextvariant (primary=mint fill, secondary=outline, tertiary/ghost=' flags= {'disabled': None, 'tabindex': None}
3 role= None aria= None text= 'Go to Checkout' flags= {'disabled': None, 'tabindex': None}
4 role= None aria= None text= 'Go to Checkout' flags= {'disabled': None, 'tabindex': None}
5 role= None aria= None text= 'Go to Checkout' flags= {'disabled': None, 'tabindex': None}
6 role= None aria= None text= 'Go to Checkout' flags= {'disabled': None, 'tabindex': None}
7 role= button aria= None text= 'Go to Checkout' flags= {'disabled': None, 'tabindex': '0'}
9 role= None aria= None text= 'textvariant (primary=mint fill, secondary=outline, tertiary/ghost=text link)lead' flags= {'disabled': None, 'tabindex': None}
10 role= tablist aria= None text= '' flags= {'disabled': None, 'tabindex': None}
11 role= tab aria= 'Knobs' text= '' flags= {'disabled': None, 'tabindex': '0'}
12 role= tab aria= 'Addons' text= '' flags= {'disabled': None, 'tabindex': '0'}
13 role= None aria= None text= 'textvariant (primary=mint fill, secondary=outline, tertiary/ghost=text link)lead' flags= {'disabled': None, 'tabindex': None}
14 role= None aria= None text= 'textvariant (primary=mint fill, secondary=outline, tertiary/ghost=text link)lead' flags= {'disabled': None, 'tabindex': None}
15 role= tabpanel aria= None text= 'textvariant (primary=mint fill, secondary=outline, tertiary/ghost=text link)lead' flags= {'disabled': None, 'tabindex': None}
16 role= group aria= None text= 'textvariant (primary=mint fill, secondary=outline, tertiary/ghost=text link)lead' flags= {'disabled': None, 'tabindex': None}
17 role= None aria= None text= 'text' flags= {'disabled': None, 'tabindex': None}
19 role= None aria= None text= 'variant (primary=mint fill, secondary=outline, tertiary/ghost=text link)' flags= {'disabled': None, 'tabindex': None}
21 role= button aria= None text= '' flags= {'disabled': None, 'tabindex': '0'}
22 role= None aria= None text= 'leadingIcon (add)' flags= {'disabled': None, 'tabindex': None}
23 role= switch aria= None text= '' flags= {'disabled': None, 'tabindex': '0'}
24 role= None aria= None text= 'trailingIcon (chevron_right)' flags= {'disabled': None, 'tabindex': None}
25 role= switch aria= None text= '' flags= {'disabled': None, 'tabindex': '0'}
26 role= None aria= None text= 'fullWidth' flags= {'disabled': None, 'tabindex': None}
27 role= switch aria= None text= '' flags= {'disabled': None, 'tabindex': '0'}
28 role= None aria= None text= 'pill radius' flags= {'disabled': None, 'tabindex': None}
29 role= switch aria= None text= '' flags= {'disabled': None, 'tabindex': '0'}
30 role= None aria= None text= 'isLoading (spinner, not skeleton)' flags= {'disabled': None, 'tabindex': None}
31 role= switch aria= None text= '' flags= {'disabled': None, 'tabindex': '0'}
32 role= None aria= None text= 'isDisabled' flags= {'disabled': None, 'tabindex': None}
33 role= switch aria= None text= '' flags= {'disabled': None, 'tabindex': '0'}
34 role= None aria= None text= 'isVisible' flags= {'disabled': None, 'tabindex': None}
35 role= switch aria= None text= '' flags= {'disabled': None, 'tabindex': '0'}
36 role= None aria= None text= 'semanticLabel' flags= {'disabled': None, 'tabindex': None}
variant label idx: 19
dropdown role: None
secondary opt count: 1
=== after variant=secondary (idle): 38 nodes ===
0 role= None aria= None text= 'Go to Checkouttextvariant (primary=mint fill, secondary=outline, tertiary/ghost=' flags= {'disabled': None, 'tabindex': None}
1 role= None aria= None text= 'Go to Checkouttextvariant (primary=mint fill, secondary=outline, tertiary/ghost=' flags= {'disabled': None, 'tabindex': None}
2 role= None aria= None text= 'Go to Checkouttextvariant (primary=mint fill, secondary=outline, tertiary/ghost=' flags= {'disabled': None, 'tabindex': None}
3 role= None aria= None text= 'Go to Checkout' flags= {'disabled': None, 'tabindex': None}
4 role= None aria= None text= 'Go to Checkout' flags= {'disabled': None, 'tabindex': None}
5 role= None aria= None text= 'Go to Checkout' flags= {'disabled': None, 'tabindex': None}
6 role= None aria= None text= 'Go to Checkout' flags= {'disabled': None, 'tabindex': None}
7 role= button aria= None text= 'Go to Checkout' flags= {'disabled': None, 'tabindex': '0'}
9 role= None aria= None text= 'textvariant (primary=mint fill, secondary=outline, tertiary/ghost=text link)lead' flags= {'disabled': None, 'tabindex': None}
10 role= tablist aria= None text= '' flags= {'disabled': None, 'tabindex': None}
11 role= tab aria= 'Knobs' text= '' flags= {'disabled': None, 'tabindex': '0'}
12 role= tab aria= 'Addons' text= '' flags= {'disabled': None, 'tabindex': '0'}
13 role= None aria= None text= 'textvariant (primary=mint fill, secondary=outline, tertiary/ghost=text link)lead' flags= {'disabled': None, 'tabindex': None}
14 role= None aria= None text= 'textvariant (primary=mint fill, secondary=outline, tertiary/ghost=text link)lead' flags= {'disabled': None, 'tabindex': None}
15 role= tabpanel aria= None text= 'textvariant (primary=mint fill, secondary=outline, tertiary/ghost=text link)lead' flags= {'disabled': None, 'tabindex': None}
16 role= group aria= None text= 'textvariant (primary=mint fill, secondary=outline, tertiary/ghost=text link)lead' flags= {'disabled': None, 'tabindex': None}
17 role= None aria= None text= 'text' flags= {'disabled': None, 'tabindex': None}
19 role= None aria= None text= 'variant (primary=mint fill, secondary=outline, tertiary/ghost=text link)' flags= {'disabled': None, 'tabindex': None}
21 role= button aria= None text= '' flags= {'disabled': None, 'tabindex': '0'}
22 role= None aria= None text= 'leadingIcon (add)' flags= {'disabled': None, 'tabindex': None}
23 role= switch aria= None text= '' flags= {'disabled': None, 'tabindex': '0'}
24 role= None aria= None text= 'trailingIcon (chevron_right)' flags= {'disabled': None, 'tabindex': None}
25 role= switch aria= None text= '' flags= {'disabled': None, 'tabindex': '0'}
26 role= None aria= None text= 'fullWidth' flags= {'disabled': None, 'tabindex': None}
27 role= switch aria= None text= '' flags= {'disabled': None, 'tabindex': '0'}
28 role= None aria= None text= 'pill radius' flags= {'disabled': None, 'tabindex': None}
29 role= switch aria= None text= '' flags= {'disabled': None, 'tabindex': '0'}
30 role= None aria= None text= 'isLoading (spinner, not skeleton)' flags= {'disabled': None, 'tabindex': None}
31 role= switch aria= None text= '' flags= {'disabled': None, 'tabindex': '0'}
32 role= None aria= None text= 'isDisabled' flags= {'disabled': None, 'tabindex': None}
33 role= switch aria= None text= '' flags= {'disabled': None, 'tabindex': '0'}
34 role= None aria= None text= 'isVisible' flags= {'disabled': None, 'tabindex': None}
35 role= switch aria= None text= '' flags= {'disabled': None, 'tabindex': '0'}
36 role= None aria= None text= 'semanticLabel' flags= {'disabled': None, 'tabindex': None}
isLoading label idx: 30
switch role: switch aria-checked: false
=== after isLoading=true, variant=secondary (LOADING): 38 nodes ===
0 role= None aria= None text= 'Go to Checkout, loadingtextvariant (primary=mint fill, secondary=outline, tertia' flags= {'disabled': None, 'tabindex': None}
1 role= None aria= None text= 'Go to Checkout, loadingtextvariant (primary=mint fill, secondary=outline, tertia' flags= {'disabled': None, 'tabindex': None}
2 role= None aria= None text= 'Go to Checkout, loadingtextvariant (primary=mint fill, secondary=outline, tertia' flags= {'disabled': None, 'tabindex': None}
3 role= None aria= None text= 'Go to Checkout, loading' flags= {'disabled': None, 'tabindex': None}
4 role= None aria= None text= 'Go to Checkout, loading' flags= {'disabled': None, 'tabindex': None}
5 role= None aria= None text= 'Go to Checkout, loading' flags= {'disabled': None, 'tabindex': None}
6 role= None aria= None text= 'Go to Checkout, loading' flags= {'disabled': None, 'tabindex': None}
7 role= button aria= None text= 'Go to Checkout, loading' flags= {'disabled': 'true', 'tabindex': None}
9 role= None aria= None text= 'textvariant (primary=mint fill, secondary=outline, tertiary/ghost=text link)lead' flags= {'disabled': None, 'tabindex': None}
10 role= tablist aria= None text= '' flags= {'disabled': None, 'tabindex': None}
11 role= tab aria= 'Knobs' text= '' flags= {'disabled': None, 'tabindex': '0'}
12 role= tab aria= 'Addons' text= '' flags= {'disabled': None, 'tabindex': '0'}
13 role= None aria= None text= 'textvariant (primary=mint fill, secondary=outline, tertiary/ghost=text link)lead' flags= {'disabled': None, 'tabindex': None}
14 role= None aria= None text= 'textvariant (primary=mint fill, secondary=outline, tertiary/ghost=text link)lead' flags= {'disabled': None, 'tabindex': None}
15 role= tabpanel aria= None text= 'textvariant (primary=mint fill, secondary=outline, tertiary/ghost=text link)lead' flags= {'disabled': None, 'tabindex': None}
16 role= group aria= None text= 'textvariant (primary=mint fill, secondary=outline, tertiary/ghost=text link)lead' flags= {'disabled': None, 'tabindex': None}
17 role= None aria= None text= 'text' flags= {'disabled': None, 'tabindex': None}
19 role= None aria= None text= 'variant (primary=mint fill, secondary=outline, tertiary/ghost=text link)' flags= {'disabled': None, 'tabindex': None}
21 role= button aria= None text= '' flags= {'disabled': None, 'tabindex': '0'}
22 role= None aria= None text= 'leadingIcon (add)' flags= {'disabled': None, 'tabindex': None}
23 role= switch aria= None text= '' flags= {'disabled': None, 'tabindex': '0'}
24 role= None aria= None text= 'trailingIcon (chevron_right)' flags= {'disabled': None, 'tabindex': None}
25 role= switch aria= None text= '' flags= {'disabled': None, 'tabindex': '0'}
26 role= None aria= None text= 'fullWidth' flags= {'disabled': None, 'tabindex': None}
27 role= switch aria= None text= '' flags= {'disabled': None, 'tabindex': '0'}
28 role= None aria= None text= 'pill radius' flags= {'disabled': None, 'tabindex': None}
29 role= switch aria= None text= '' flags= {'disabled': None, 'tabindex': '0'}
30 role= None aria= None text= 'isLoading (spinner, not skeleton)' flags= {'disabled': None, 'tabindex': None}
31 role= switch aria= None text= '' flags= {'disabled': None, 'tabindex': '0'}
32 role= None aria= None text= 'isDisabled' flags= {'disabled': None, 'tabindex': None}
33 role= switch aria= None text= '' flags= {'disabled': None, 'tabindex': '0'}
34 role= None aria= None text= 'isVisible' flags= {'disabled': None, 'tabindex': None}
35 role= switch aria= None text= '' flags= {'disabled': None, 'tabindex': '0'}
36 role= None aria= None text= 'semanticLabel' flags= {'disabled': None, 'tabindex': None}
