00:17 +1332: ... RED: catches a fully-unwired handler (NEARS-1478 pre-fix shape)                                                                                                                       
00:17 +1333: ... RED: catches a fully-unwired handler (NEARS-1478 pre-fix shape)                                                                                                                       
00:17 +1334 -1: ... RED: catches a fully-unwired handler (NEARS-1478 pre-fix shape)                                                                                                                    
00:17 +1334 -1: /Users/Apple/Projects/nears-NEARS-2652-dls-tap-action-positive-control/packages/nears_dls/test/tool/generate_catalog_test.dart: committed catalog.yaml carries the real per-component axes from NEARS-1429 [E]
  Expected: {
              'NBadge': ['surface'],
              'NCornerRibbon': ['position'],
              'NCountBadge': ['style'],
              'NDivider': ['style'],
              'NErrorRetry': ['kind'],
              'NIconButton': ['shape'],
              'NModuleRow': ['tile'],
              'NSectionHeader': ['kind'],
              'NStoreCard': ['layout', 'ratingFormat'],
              'NText': ['role'],
              'NTimeContextBar': ['window'],
              'NTooltip': ['preferredDirection']
            }
    Actual: {
              'NCountBadge': ['style'],
              'NErrorRetry': ['kind'],
              'NItemCard': ['layout'],
              'NModuleRow': ['tile'],
              'NStoreCard': ['layout', 'ratingFormat'],
              'NTimeContextBar': ['window'],
              'NTooltip': ['preferredDirection'],
              'NBadge': ['surface'],
              'NCornerRibbon': ['position'],
              'NDivider': ['style'],
              'NIconButton': ['shape'],
              'NSectionHeader': ['kind'],
              'NText': ['role']
            }
     Which: has different length and has extra map key 'NItemCard'
  
  package:matcher                                     expect
  package:flutter_test/src/widget_tester.dart 473:18  expect
  test/tool/generate_catalog_test.dart 239:7          main.<fn>.<fn>
  

To run this test again: /Users/Apple/Tools/flutter/bin/cache/dart-sdk/bin/dart test /Users/Apple/Projects/nears-NEARS-2652-dls-tap-action-positive-control/packages/nears_dls/test/tool/generate_catalog_test.dart -p vm --plain-name 'committed catalog.yaml carries the real per-component axes from NEARS-1429'
