# C10a/b/c/d unchanged-path cells (lane build)
## === C10a
04:24:22 POST /api/v1/customer/order/group/place -> 200 auth=none guest_id+gtok z=[400,2] m=1 rid=28ad4cea-a5fc-4497-8bb8-a14e878231ff 267ms
04:24:23 DELETE /api/v1/customer/cart/remove -> 200 auth=none guest_id+gtok z=- m=1 rid=27d28c3a-8808-4bff-a41e-2a2117a6e6a2 134ms
04:24:23 GET /payment-mobile -> 302 auth=none - group_id=8f45165a z=- m=- rid=a3bcea78-5117-4775-97d1-ae63b79d604e 111ms
04:24:38 GET /api/v1/customer/order/group/details -> 200 auth=none guest_id+gtok group_id=8f45165a z=[400,2] m=1 rid=51470d4d-b868-4e73-89ba-5aac6880b6a4 145ms
04:24:46 GET /api/v1/customer/order/group/details -> 200 auth=none guest_id+gtok group_id=8f45165a z=[400,2] m=1 rid=7212b905-65fd-4309-86db-7f99b91c551c 110ms
04:24:52 POST /api/v1/customer/order/payment-method -> 200 auth=none guest_id+gtok _method=put order_id=91438 z=[400,2] m=1 rid=dc449070-e674-4ff4-a4ad-9ac69d536c20 2776ms
04:24:54 POST /api/v1/customer/order/payment-method -> 200 auth=none guest_id+gtok _method=put order_id=91439 z=[400,2] m=1 rid=df8e7c98-cca8-4138-8d35-f6e3ae2ccdfa 1127ms
04:24:54 GET /api/v1/customer/order/group/details -> 200 auth=none guest_id+gtok group_id=8f45165a z=[400,2] m=1 rid=cb8eda62-8543-4317-b3e1-d7ee5fe50154 97ms
## === C10b logged-in
04:27:10 POST /api/v1/customer/order/group/place -> 200 auth=bearer - z=[400,2] m=1 rid=7a59d892-107c-460d-abaf-673cbd92acb7 1271ms
04:27:10 DELETE /api/v1/customer/cart/remove -> 200 auth=bearer - z=- m=1 rid=be82af65-ff93-4e4b-b37e-fea0deb24ee8 663ms
04:27:11 GET /payment-mobile -> 302 auth=none - group_id=46d3c8dd z=- m=- rid=41ce057d-2e52-4368-b2da-15200909c953 1139ms
04:27:30 GET /api/v1/customer/order/group/details -> 200 auth=bearer - group_id=46d3c8dd z=[400,2] m=1 rid=84df6444-a889-4134-9ad4-27a2757c3707 184ms
04:27:38 GET /api/v1/customer/order/group/details -> 200 auth=bearer - group_id=46d3c8dd z=[400,2] m=1 rid=da70581c-1436-4a48-92a1-e222a455bc34 178ms
04:27:39 POST /api/v1/customer/order/cancel -> 200 auth=bearer - _method=put order_id=91442 z=[400,2] m=1 rid=eb944d24-98bb-4df8-8383-75bdd343b18d 337ms
04:27:40 POST /api/v1/customer/order/cancel -> 200 auth=bearer - _method=put order_id=91443 z=[400,2] m=1 rid=0f506a79-fdba-4099-9ebf-a3987f3a9cb6 440ms
## === C10c retry
04:32:12 POST /api/v1/customer/order/place -> 200 auth=none guest_id+gtok z=[400,2] m=1 rid=37a1a924-9dd9-4e9c-a418-962a1e98b956 281ms
04:32:13 DELETE /api/v1/customer/cart/remove -> 200 auth=none guest_id+gtok z=- m=1 rid=92918293-2009-442e-b98d-a81a0ab22875 146ms
04:32:14 GET /payment-mobile -> 302 auth=none - z=- m=- rid=b78619e8-41b9-4933-843a-b74f65639de5 100ms
04:32:46 POST /api/v1/customer/order/cancel -> 401 code=? auth=none guest_id+gtok _method=put order_id=91444 z=[400,2] m=1 rid=c5abf87d-d82b-48d7-b8dd-86981de6072f 150ms
## === C10d
04:36:12 POST /api/v1/customer/order/group/place -> 200 auth=none guest_id+gtok z=[400,2] m=1 rid=e76f9972-d337-41b7-a484-d407c4c1908f 2596ms
04:36:13 DELETE /api/v1/customer/cart/remove -> 200 auth=none guest_id+gtok z=- m=1 rid=395ceb49-46b6-4cb2-9df9-31d9ae50ae1e 104ms
04:36:13 GET /api/v1/customer/order/track -> 404 code=order auth=none guest_id+gtok z=[400,2] m=1 rid=427fcd6d-1337-49e1-97d1-24ba7e988ee1 109ms
04:36:13 GET /api/v1/customer/order/track -> 404 code=order auth=none guest_id+gtok z=[400,2] m=1 rid=923c95d2-5d30-4f5a-b2df-6ab90b242693 99ms
04:36:24 GET /api/v1/customer/order/track -> 404 code=order auth=none guest_id+gtok z=[400,2] m=1 rid=b7b44974-d23f-4b11-bbe3-9c48758b5eed 96ms
04:36:34 GET /api/v1/customer/order/track -> 404 code=order auth=none guest_id+gtok z=[400,2] m=1 rid=b7729cb8-d749-4482-bda7-9e7d2e9f97ce 98ms
