# C5 verification ON (copy: email_verification_status=1, phone_verification_status=1; /api/v1/config centralize_login.* = 1)
=== C5 start (verification ON) 04:18:00
04:18:07 POST /api/v1/customer/order/group/validate -> 200 auth=none guest_id+gtok z=[400,2] m=1 rid=93efcd2a-3580-467f-8007-8087673788f8 331ms
04:18:08 POST /api/v1/customer/order/group/place -> 200 auth=none guest_id+gtok z=[400,2] m=1 rid=d7091306-186d-44ad-abca-82339259e716 384ms
04:18:09 DELETE /api/v1/customer/cart/remove -> 200 auth=none guest_id+gtok z=- m=1 rid=76adfb9e-e741-4cbd-b882-d3ed76e24894 102ms
04:18:09 POST /api/v1/auth/login -> 200 auth=none guest_id z=[400,2] m=1 rid=fc26f9b7-1aa9-455c-ab4a-4f82fd65c6c4 203ms
04:18:10 GET /api/v1/customer/cart/list -> 200 auth=none guest_id+gtok z=[400,2] m=1 rid=545c2dca-9ff9-414e-9750-13f87b1e5d38 98ms
04:18:10 GET /payment-mobile -> 302 auth=none - group_id=5062dbd2 z=- m=- rid=4de6feb5-52c2-4e6e-9b7d-f00f15152821 103ms
04:18:11 GET /payment/paypal/pay -> 200 auth=none - z=- m=- rid=5473ef16-a84d-431a-9a40-5f7dbbb252e6 473ms
04:18:12 GET /favicon.ico -> 200 auth=none - z=- m=- rid=- 1ms
04:18:25 GET /api/v1/customer/order/group/details -> 404 code=group auth=none guest_id+gtok group_id=5062dbd2 z=[400,2] m=1 rid=86c36adc-ebff-4403-8984-e75bf8312b89 116ms
--- C5 Leave tap 04:18:46
04:18:49 GET /api/v1/config/get-zone-id -> 200 auth=none - z=[400,2] m=1 rid=ac0f0ad7-068f-4f33-8210-101d1f8773a4 97ms
04:18:50 GET /api/v1/home/all -> 200 auth=none - z=[400,2] m=1 rid=aa4b8857-78cc-48b5-8b83-eff95eed8cf1 338ms
04:18:51 GET /api/v1/advertisement/list -> 200 auth=none - z=[400,2] m=1 rid=7f605084-996a-451c-8071-e57cefaf47a4 98ms
04:18:51 GET /api/v1/module -> 200 auth=none - z=[400,2] m=1 rid=a021a9b8-da34-4d7c-a357-95cbc5bbae5c 146ms
04:18:51 GET /api/v1/items/most-reviewed -> 200 auth=none - z=[400,2] m=1 rid=d95ed3a1-d681-4ad0-83f7-b6673f79b4da 153ms
04:18:51 GET /api/v1/stores/get-stores/all -> 200 auth=none - z=[400,2] m=1 rid=01114f1d-4d04-4c0b-8a2a-0ddb7a459d44 170ms
04:18:51 GET /api/v1/items/popular -> 200 auth=none - z=[400,2] m=1 rid=baf91fff-6617-427c-9ed4-ecb6eb83673d 282ms
# client [FAIL] window
04:18:03.042 I/flutter : [FAIL] endpoint=/api/v1/auth/login http_status=null type=ApiFailure msg="checkout: post-group-place login failed"
04:18:18.649 I/flutter : [FAIL] endpoint=/api/v1/customer/order/group/details http_status=404 type=ApiFailure msg="unhandled api response" correlation_id=86c36adc-ebff-4403-8984-e75bf8312b89
04:18:18.649 I/flutter : [FAIL] endpoint=/api/v1/customer/order/group/details http_status=null type=ApiFailure msg="order: group recovery roster unknown groupId=5062dbd2-0667-4131-848e-5706cd3c77ea"
# dialog a11y: Retry (Button clickable) + Back to Home (Button clickable); no Switch/Cancel
