# C8a (flag 0) + C8b (flag 1 on copy, same-module pair) basket-empty + analytics, unsuffixed lane build d1a86f5c1
## C8a proxy (flag 0): see c7-analytics-fa.log for FA; basket empty verified by Basket page 'Shop Now' + DB carts=0
## C8b proxy (flag 1)
04:53:59 POST /api/v1/customer/order/group/place -> 200 auth=none guest_id+gtok z=[400,2] m=1 rid=64e701ed-a8e3-41cc-9f6a-c34019658d83 363ms
04:54:00 DELETE /api/v1/customer/cart/remove -> 200 auth=none guest_id+gtok z=- m=- rid=7b5893e0-712b-4b61-9847-53afc08996b5 79ms
04:54:00 POST /api/v1/auth/login -> 200 auth=none guest_id z=[400,2] m=1 rid=85e0b9b5-62fc-4fa9-bd5f-f57123951545 186ms
04:54:01 GET /api/v1/customer/cart/list -> 200 auth=none guest_id+gtok z=- m=- rid=dd4bce50-3579-4652-80e8-3a69054d597b 90ms
04:54:01 GET /api/v1/customer/info -> 200 auth=bearer - z=[400,2] m=1 rid=261aaa34-74ec-4e67-965d-c55d8d80ce9b 105ms
04:54:01 GET /api/v1/customer/cart/list -> 200 auth=bearer - z=- m=- rid=976655e1-ee01-4971-a8ad-335d5f8cc44f 110ms
04:54:01 GET /api/v1/customer/info -> 200 auth=bearer - z=[400,2] m=1 rid=31e5946f-ec48-4a66-a423-78619b2794bd 138ms
04:54:01 GET /api/v1/customer/info -> 200 auth=bearer - z=[400,2] m=1 rid=5cbbf59d-67eb-483d-a62f-2b9148324dcf 153ms
04:54:02 GET /payment-mobile -> 302 auth=none - group_id=6eeed9f6 z=- m=- rid=0ee26470-7e41-46a2-98db-d3c53fb0b8f4 113ms
04:54:17 GET /api/v1/customer/order/group/details -> 200 auth=bearer - group_id=6eeed9f6 z=[400,2] m=1 rid=8d680ce1-ede8-498b-90fa-c915a79edb80 117ms
04:54:35 GET /api/v1/customer/order/group/details -> 200 auth=bearer - group_id=6eeed9f6 z=[400,2] m=1 rid=ee94e55d-914b-4f6e-b9e8-28db69e0406e 138ms
04:54:37 POST /api/v1/customer/order/cancel -> 200 auth=bearer - _method=put order_id=91463 z=[400,2] m=1 rid=dd1b4741-79f3-42d3-83ea-104681e7e2ca 1112ms
04:54:38 POST /api/v1/customer/order/cancel -> 200 auth=bearer - _method=put order_id=91464 z=[400,2] m=1 rid=3da861d8-9ab2-46ec-bd7f-d351a1514509 550ms
04:54:42 GET /api/v1/customer/info -> 200 auth=bearer - z=[400,2] m=1 rid=dd5755ae-2c5e-4812-a671-d5d2f8c03619 99ms
04:54:49 GET /api/v1/customer/cart/list -> 200 auth=bearer - z=- m=- rid=98ddd947-b231-4be8-844d-a6cf18830beb 161ms
## C8b FA counts
   1 name=group_order_placed
   1 name=login
   1 name=purchase
## C8b [FAIL]/[ERR] lines in window (a 'cart: post-order' line would be a defect)
(end)
