STATUS: 200
RESULT_COUNT: 34
BREAKDOWN (data_from,type -> count):
  ('database', '?') 34
DB-ROW PREFIX BREAKDOWN (per-resolver bound check):
  Item Edit 12
  Item View 12
  Order Details 5
  Store Edit 1
  Store View 1
  Store Recommended Store 1
  Banner Add-new 1
  Banner Edit 1
SAMPLE_DB_ROW: {
  "routeName": "Store Edit",
  "URI": "admin/store/edit/9",
  "fullRoute": "http://127.0.0.1:8472/admin/store/edit/9",
  "module_type": null,
  "data_from": "database"
}
SAMPLE: [
  {
    "routeName": "Store Edit",
    "URI": "admin/store/edit/9",
    "fullRoute": "http://127.0.0.1:8472/admin/store/edit/9",
    "module_type": null,
    "data_from": "database"
  },
  {
    "routeName": "Store View",
    "URI": "admin/store/view/9",
    "fullRoute": "http://127.0.0.1:8472/admin/store/view/9",
    "module_type": null,
    "data_from": "database"
  },
  {
    "routeName": "Store Recommended Store",
    "URI": "admin/store/recommended-store",
    "fullRoute": "http://127.0.0.1:8472/admin/store/recommended-store",
    "module_type": null,
    "data_from": "database"
  }
]
RESULTS_TEXT_HEAD: Search Result
Store Edit

admin/store/edit/9

Store View

admin/store/view/9

Store Recommended Store

admin/store/recommended-store

Order Details

admin/order/details/1

Order Details

admin/order/details/21

Order Details

admin/order/details/140

Order Details

admin/order/details/143

Order Det
