STATUS: 200
RESULT_COUNT: 668
BREAKDOWN (data_from,type -> count):
  ('database', '?') 496
  ('files', '?') 172
DB-ROW PREFIX BREAKDOWN (per-resolver bound check):
  Zone Edit 100
  Store Edit 50
  Store View 50
  Order Details 50
  Item Edit 50
  Item View 50
  Zone Module-setup 50
  Banner Edit 12
  Coupon Edit 8
  Employee Role Edit 5
  Employee Edit 4
  Basic Campaign Edit 2
  Basic Campaign View 2
  Vehicle Edit 2
  Customer View - (0 ) 2
  Withdraw Method Edit 2
  Subscription Show 2
  Subscription Edit 2
  Item Campaign Edit 1
  Item Campaign View 1
  Delivery Man Preview - (Ali Hassan) 1
  Delivery Man Edit - (Ali Hassan) 1
  Delivery Man Preview - (David Miller) 1
  Delivery Man Edit - (David Miller) 1
  Delivery Man Preview - (Carlos Rodriguez) 1
  Delivery Man Edit - (Carlos Rodriguez) 1
  Delivery Man Preview - (D D) 1
  Delivery Man Edit - (D D) 1
  Delivery Man Preview - (Test1 Dil) 1
  Delivery Man Edit - (Test1 Dil) 1
  Delivery Man Preview - (QA Wave One) 1
  Delivery Man Edit - (QA Wave One) 1
  Delivery Man Preview - (Nears2254 Qa Courier) 1
  Delivery Man Edit - (Nears2254 Qa Courier) 1
  Delivery Man Preview - (QATest Delivery) 1
  Delivery Man Edit - (QATest Delivery) 1
  unit Edit 1
  Banner Add-new 1
  Customer View - (James Wilson) 1
  Customer View - (Michael Brown) 1
  Customer View - (Sophie Davis) 1
  Customer View - (Robert Taylor) 1
  Customer View - (Customer Nears) 1
  Customer View - (QA Single Store) 1
  Customer View - (T U) 1
  Customer View - (QANears ) 1
  Customer View - (QASeven ) 1
  Customer View - (QA ) 1
  Customer View - (QA Fresh User2559) 1
  Customer View - (Qa Tester1746 ) 1
  Customer View - (NEARS1678 ) 1
  Customer View - (NEARS1678B ) 1
  Customer View - (QA Nears1867) 1
  Customer View - (QANears1867Two ) 1
  Customer View - (QANears1867Three ) 1
  Customer View - (QA Cart Banner) 1
  Customer View - (QA Tester) 1
  Customer View - (QA_Tester ) 1
  Bonus Edit 1
  Module Index - (Food & Restaurant) 1
  Module Create - (Food & Restaurant) 1
  Module Edit - (Food & Restaurant) 1
  Module Edit - (Pharmacy) 1
  Module Edit - (QA Single-Store Grocery) 1
  Module Edit - (Parcel Delivery) 1
  Module Edit - (NEARS-475 Suspended Grocery) 1
  Module Edit - (QA-2288 All Zone Live) 1
  Module Edit - (NEARS-2897 Shop (Ecommerce)) 1
  Module Edit - (NEARS-2907 Campaign Banner Ecommerce) 1
  flash Sale Edit - (Flash Deals — Grocery) 1
  flash Sale Add-product - (Flash Deals — Grocery) 1
SAMPLE_DB_ROW: {
  "routeName": "Store Edit",
  "URI": "admin/store/edit/1",
  "fullRoute": "http://127.0.0.1:8472/admin/store/edit/1",
  "module_type": null,
  "data_from": "database"
}
SAMPLE: [
  {
    "routeName": "Admin Settings",
    "URI": "admin/settings",
    "fullRoute": "http://127.0.0.1:8472/admin/settings",
    "currentModuleType": "grocery",
    "data_from": "files"
  },
  {
    "routeName": "Admin Dashboard",
    "URI": "admin",
    "fullRoute": "http://127.0.0.1:8472/admin",
    "currentModuleType": "grocery",
    "data_from": "files"
  },
  {
    "routeName": "Item Add New",
    "URI": "admin/item/add-new",
    "fullRoute": "http://127.0.0.1:8472/admin/item/add-new",
    "currentModuleType": "grocery",
    "data_from": "files"
  }
]
RESULTS_TEXT_HEAD: Search Result
Admin Settings

admin/settings

Admin Dashboard

admin

Item Add New

admin/item/add-new

Item List

admin/item/list

Item Reviews

admin/item/reviews

Item Approval List

admin/item/new/item/list

Item Product Gallery

admin/item/product-gallery

Item Bulk Import

admin/item/bulk-impo
