2026-08-30 15:20:07.825 Df CoreSimulatorBridge[18781:c664f5] [com.apple.FrontBoard:Common] FBSSystemAppProxy: Sending request to terminate application com.sixamtech.6amMart
2026-08-30 15:20:07.825 Df SpringBoard[18749:c68988] [com.apple.FrontBoard:Common] [FBSystemService] Request received from CoreSimulatorBr.18781 to terminate application com.sixamtech.6amMart: "Termination requested by simulator host"
2026-08-30 15:20:07.826 E  CoreSimulatorBridge[18781:c664e1] [com.apple.FrontBoard:Common] FBSSystemAppProxy: Error reported for termination request: <NSError: 0x1062be6d0; domain: NSPOSIXErrorDomain; code: 3 ("No such process"); "The request to terminate "com.sixamtech.6amMart" failed. found nothing to terminate">
2026-08-30 15:20:46.112 Df CoreSimulatorBridge[18781:c6a7c6] [com.apple.FrontBoard:Common] FBSSystemAppProxy: Sending request to terminate application com.sixamtech.6amMart
2026-08-30 15:20:46.112 Df SpringBoard[18749:c6a829] [com.apple.FrontBoard:Common] [FBSystemService] Request received from CoreSimulatorBr.18781 to terminate application com.sixamtech.6amMart: "Termination requested by simulator host"
2026-08-30 15:20:46.113 E  CoreSimulatorBridge[18781:c6a7c5] [com.apple.FrontBoard:Common] FBSSystemAppProxy: Error reported for termination request: <NSError: 0x1062bf420; domain: NSPOSIXErrorDomain; code: 3 ("No such process"); "The request to terminate "com.sixamtech.6amMart" failed. found nothing to terminate">
2026-08-30 15:22:44.387 Df CoreSimulatorBridge[18781:c6a7c6] [com.apple.FrontBoard:Common] FBSSystemAppProxy: Sending request to terminate application com.sixamtech.6amMart
2026-08-30 15:22:44.387 Df SpringBoard[18749:c6e58e] [com.apple.FrontBoard:Common] [FBSystemService] Request received from CoreSimulatorBr.18781 to terminate application com.sixamtech.6amMart: "Termination requested by simulator host"
2026-08-30 15:22:44.388 E  CoreSimulatorBridge[18781:c6c0c9] [com.apple.FrontBoard:Common] FBSSystemAppProxy: Error reported for termination request: <NSError: 0x1062be460; domain: NSPOSIXErrorDomain; code: 3 ("No such process"); "The request to terminate "com.sixamtech.6amMart" failed. found nothing to terminate">
2026-08-30 15:22:51.596 Df CoreSimulatorBridge[18781:c6c0c9] Requesting launch of com.sixamtech.6amMart with options: {
2026-08-30 15:22:51.596 Df CoreSimulatorBridge[18781:c6c0c9] Beginning launch sequence for bundle 'com.sixamtech.6amMart'
2026-08-30 15:22:51.596 Df CoreSimulatorBridge[18781:c6c0c9] Launch attempt #0 for bundle 'com.sixamtech.6amMart', have been trying to launch for 0 seconds.
2026-08-30 15:22:51.596 Df CoreSimulatorBridge[18781:c6c0c9] Failed to get LSBundleProxy for 'com.sixamtech.6amMart'
2026-08-30 15:22:51.596 Df CoreSimulatorBridge[18781:c6c0c9] [com.apple.FrontBoard:Common] [FBSSystemService][0xcd20] Sending request to open "com.sixamtech.6amMart"
2026-08-30 15:22:51.597 Df SpringBoard[18749:c6e557] [com.apple.FrontBoard:Common] [FBSystemService][0xcd20] Received request to open "com.sixamtech.6amMart" from CoreSimulatorBr:18781.
2026-08-30 15:22:51.597 Df SpringBoard[18749:c6e585] [com.apple.FrontBoard:Common] [FBSystemService][0xcd20] Application info provider (FBSApplicationLibrary) returned nil for "com.sixamtech.6amMart"
2026-08-30 15:22:51.597 Df SpringBoard[18749:c6e585] [com.apple.FrontBoard:Common] [FBSystemService][0xcd20] Open "com.sixamtech.6amMart" request from CoreSimulatorBr:18781 failed with error: <NSError: 0x118d52640; domain: FBSOpenApplicationServiceErrorDomain; code: 4 ("InvalidRequest")> {
    NSLocalizedDescription = The request to open "com.sixamtech.6amMart" failed.;
    NSUnderlyingError = <NSError: 0x118d52430; domain: FBSOpenApplicationErrorDomain; code: 4 ("NotFound"); "Application info provider (FBSApplicationLibrary) returned nil for "com.sixamtech.6amMart"">;
2026-08-30 15:22:51.599 E  CoreSimulatorBridge[18781:c6a7c6] [com.apple.FrontBoard:Common] [FBSSystemService][0xcd20] Error handling open request for com.sixamtech.6amMart: <NSError: 0x1062bdec0; domain: FBSOpenApplicationServiceErrorDomain; code: 4 ("InvalidRequest")> {
    NSLocalizedDescription = The request to open "com.sixamtech.6amMart" failed.;
    NSUnderlyingError = <NSError: 0x1062bf5a0; domain: FBSOpenApplicationErrorDomain; code: 4 ("NotFound"); "Application info provider (FBSApplicationLibrary) returned nil for "com.sixamtech.6amMart"">;
2026-08-30 15:22:51.599 Df CoreSimulatorBridge[18781:c6c0c9] Error Launching: Error Domain=FBSOpenApplicationServiceErrorDomain Code=4 "The request to open "com.sixamtech.6amMart" failed." UserInfo={NSUnderlyingError=0x1062bf5a0 {Error Domain=FBSOpenApplicationErrorDomain Code=4 "Application info provider (FBSApplicationLibrary) returned nil for "com.sixamtech.6amMart"" UserInfo={BSErrorCodeDescription=NotFound, NSLocalizedFailureReason=Application info provider (FBSApplicationLibrary) returned nil for "com.sixamtech.6amMart"}}, BSErrorCodeDescription=InvalidRequest, FBSOpenApplicationRequestID=0xcd20, NSLocalizedDescription=The request to open "com.sixamtech.6amMart" failed.}
2026-08-30 15:22:51.599 Df CoreSimulatorBridge[18781:c6c0c9] Non-FBS error launching 'com.sixamtech.6amMart'. Error was: Error Domain=FBSOpenApplicationServiceErrorDomain Code=4 "The request to open "com.sixamtech.6amMart" failed." UserInfo={NSUnderlyingError=0x1062bf5a0 {Error Domain=FBSOpenApplicationErrorDomain Code=4 "Application info provider (FBSApplicationLibrary) returned nil for "com.sixamtech.6amMart"" UserInfo={BSErrorCodeDescription=NotFound, NSLocalizedFailureReason=Application info provider (FBSApplicationLibrary) returned nil for "com.sixamtech.6amMart"}}, BSErrorCodeDescription=InvalidRequest, FBSOpenApplicationRequestID=0xcd20, NSLocalizedDescription=The request to open "com.sixamtech.6amMart" failed.}
2026-08-30 15:22:51.600 Df CoreSimulatorBridge[18781:c6c0c9] [com.apple.UserNotifications:Connections] [com.sixamtech.6amMart] Creating a user notification center
2026-08-30 15:22:51.600 Df CoreSimulatorBridge[18781:c6c0c9] [com.apple.UserNotifications:Connections] [com.sixamtech.6amMart] Adding notification request 3BBC-D7E6 to destinations: Default, contentDate: (null)
2026-08-30 15:22:51.601 Df SpringBoard[18749:c6e557] [com.apple.UserNotifications:Connections] [com.sixamtech.6amMart] Adding notification request 3BBC-D7E6 to destinations: Default, contentDate: (null)
2026-08-30 15:22:51.602 Df SpringBoard[18749:c6e557] [com.apple.UserNotifications:CommunicationNotifications] [com.sixamtech.6amMart] Notification serviced by the communication context service: 0. Has original context: 0. Has serviced context: 0. Type: UNNotificationContentTypeDefault
2026-08-30 15:22:51.602 Df SpringBoard[18749:c6e557] [com.apple.UserNotifications:Settings] Getting effectiveSectionInfo for section identifier: com.sixamtech.6amMart
2026-08-30 15:22:51.602 Df SpringBoard[18749:c6e557] [com.apple.UserNotifications:Settings] [com.sixamtech.6amMart] Getting effective section info
2026-08-30 15:22:51.602 Df SpringBoard[18749:c6e557] [com.apple.UserNotifications:Settings] [com.sixamtech.6amMart] Got effective section info [ hasResult: 0 ]
2026-08-30 15:22:51.602 Df SpringBoard[18749:c6e557] [com.apple.UserNotifications:DataStore] [com.sixamtech.6amMart] Badge can be set for notification 3BBC-D7E6: 0 [ canBadge: 1 badgeNumber: (null) ]
2026-08-30 15:22:51.604 Df SpringBoard[18749:c6e557] [com.apple.UserNotifications:Settings] Getting effectiveSectionInfo for section identifier: com.sixamtech.6amMart
2026-08-30 15:22:51.604 Df SpringBoard[18749:c6e557] [com.apple.UserNotifications:Settings] [com.sixamtech.6amMart] Getting effective section info
2026-08-30 15:22:51.605 Df SpringBoard[18749:c6e557] [com.apple.UserNotifications:Settings] [com.sixamtech.6amMart] Got effective section info [ hasResult: 0 ]
2026-08-30 15:22:51.605 Df SpringBoard[18749:c6e557] [com.apple.UserNotifications:Settings] Getting effectiveSectionInfo for section identifier: com.sixamtech.6amMart
2026-08-30 15:22:51.605 Df SpringBoard[18749:c6e557] [com.apple.UserNotifications:Settings] [com.sixamtech.6amMart] Getting effective section info
2026-08-30 15:22:51.605 Df SpringBoard[18749:c6e557] [com.apple.UserNotifications:Settings] [com.sixamtech.6amMart] Got effective section info [ hasResult: 0 ]
2026-08-30 15:22:51.606 Df SpringBoard[18749:c6e557] [com.apple.UserNotifications:DataStore] [com.sixamtech.6amMart] Saving notification 3BBC-D7E6: YES [ hasAlertContent: YES, shouldPresentAlert: YES settingsShouldSave: YES pipelineState: pending]
2026-08-30 15:22:51.606 Df SpringBoard[18749:c6e557] [com.apple.UserNotifications:DataStore] No unique identifier for bundleID com.sixamtech.6amMart found; adding a mapping to C86045A5-43B4-48D6-BD2D-34EEE7B04B73
2026-08-30 15:22:51.611 Df CoreSimulatorBridge[18781:c6a7c6] [com.apple.UserNotifications:Connections] [com.sixamtech.6amMart] Added notification request: [ hasError: 0 hasCompletionHandler: 1 ]
2026-08-30 15:24:12.687 Df CoreSimulatorBridge[18781:c6c0ca] Requesting launch of com.sixamtech.6amMart with options: {
2026-08-30 15:24:12.687 Df CoreSimulatorBridge[18781:c6c0ca] Beginning launch sequence for bundle 'com.sixamtech.6amMart'
2026-08-30 15:24:12.687 Df CoreSimulatorBridge[18781:c6c0ca] Launch attempt #0 for bundle 'com.sixamtech.6amMart', have been trying to launch for 0 seconds.
2026-08-30 15:24:12.687 Df CoreSimulatorBridge[18781:c6c0ca] Failed to get LSBundleProxy for 'com.sixamtech.6amMart'
2026-08-30 15:24:12.687 Df CoreSimulatorBridge[18781:c6c0ca] [com.apple.FrontBoard:Common] [FBSSystemService][0x96b3] Sending request to open "com.sixamtech.6amMart"
2026-08-30 15:24:12.688 Df SpringBoard[18749:c70e24] [com.apple.FrontBoard:Common] [FBSystemService][0x96b3] Received request to open "com.sixamtech.6amMart" from CoreSimulatorBr:18781.
2026-08-30 15:24:12.688 Df SpringBoard[18749:c70e24] [com.apple.FrontBoard:Common] [FBSystemService][0x96b3] Application info provider (FBSApplicationLibrary) returned nil for "com.sixamtech.6amMart"
2026-08-30 15:24:12.688 Df SpringBoard[18749:c70e24] [com.apple.FrontBoard:Common] [FBSystemService][0x96b3] Open "com.sixamtech.6amMart" request from CoreSimulatorBr:18781 failed with error: <NSError: 0x118d53a50; domain: FBSOpenApplicationServiceErrorDomain; code: 4 ("InvalidRequest")> {
    NSLocalizedDescription = The request to open "com.sixamtech.6amMart" failed.;
    NSUnderlyingError = <NSError: 0x118d52430; domain: FBSOpenApplicationErrorDomain; code: 4 ("NotFound"); "Application info provider (FBSApplicationLibrary) returned nil for "com.sixamtech.6amMart"">;
2026-08-30 15:24:12.688 E  CoreSimulatorBridge[18781:c7164c] [com.apple.FrontBoard:Common] [FBSSystemService][0x96b3] Error handling open request for com.sixamtech.6amMart: <NSError: 0x1062beee0; domain: FBSOpenApplicationServiceErrorDomain; code: 4 ("InvalidRequest")> {
    NSLocalizedDescription = The request to open "com.sixamtech.6amMart" failed.;
    NSUnderlyingError = <NSError: 0x1062bec70; domain: FBSOpenApplicationErrorDomain; code: 4 ("NotFound"); "Application info provider (FBSApplicationLibrary) returned nil for "com.sixamtech.6amMart"">;
2026-08-30 15:24:12.688 Df CoreSimulatorBridge[18781:c6c0ca] Error Launching: Error Domain=FBSOpenApplicationServiceErrorDomain Code=4 "The request to open "com.sixamtech.6amMart" failed." UserInfo={NSUnderlyingError=0x1062bec70 {Error Domain=FBSOpenApplicationErrorDomain Code=4 "Application info provider (FBSApplicationLibrary) returned nil for "com.sixamtech.6amMart"" UserInfo={BSErrorCodeDescription=NotFound, NSLocalizedFailureReason=Application info provider (FBSApplicationLibrary) returned nil for "com.sixamtech.6amMart"}}, BSErrorCodeDescription=InvalidRequest, FBSOpenApplicationRequestID=0x96b3, NSLocalizedDescription=The request to open "com.sixamtech.6amMart" failed.}
2026-08-30 15:24:12.688 Df CoreSimulatorBridge[18781:c6c0ca] Non-FBS error launching 'com.sixamtech.6amMart'. Error was: Error Domain=FBSOpenApplicationServiceErrorDomain Code=4 "The request to open "com.sixamtech.6amMart" failed." UserInfo={NSUnderlyingError=0x1062bec70 {Error Domain=FBSOpenApplicationErrorDomain Code=4 "Application info provider (FBSApplicationLibrary) returned nil for "com.sixamtech.6amMart"" UserInfo={BSErrorCodeDescription=NotFound, NSLocalizedFailureReason=Application info provider (FBSApplicationLibrary) returned nil for "com.sixamtech.6amMart"}}, BSErrorCodeDescription=InvalidRequest, FBSOpenApplicationRequestID=0x96b3, NSLocalizedDescription=The request to open "com.sixamtech.6amMart" failed.}
2026-08-30 15:24:12.689 Df CoreSimulatorBridge[18781:c6c0ca] [com.apple.UserNotifications:Connections] [com.sixamtech.6amMart] Creating a user notification center
2026-08-30 15:24:12.689 Df CoreSimulatorBridge[18781:c6c0ca] [com.apple.UserNotifications:Connections] [com.sixamtech.6amMart] Adding notification request 7C7E-35C1 to destinations: Default, contentDate: (null)
2026-08-30 15:24:12.690 Df SpringBoard[18749:c7164d] [com.apple.UserNotifications:Connections] [com.sixamtech.6amMart] Adding notification request 7C7E-35C1 to destinations: Default, contentDate: (null)
2026-08-30 15:24:12.691 Df SpringBoard[18749:c7164d] [com.apple.UserNotifications:CommunicationNotifications] [com.sixamtech.6amMart] Notification serviced by the communication context service: 0. Has original context: 0. Has serviced context: 0. Type: UNNotificationContentTypeDefault
2026-08-30 15:24:12.691 Df SpringBoard[18749:c7164d] [com.apple.UserNotifications:Settings] Getting effectiveSectionInfo for section identifier: com.sixamtech.6amMart
2026-08-30 15:24:12.691 Df SpringBoard[18749:c7164d] [com.apple.UserNotifications:Settings] [com.sixamtech.6amMart] Getting effective section info
2026-08-30 15:24:12.691 Df SpringBoard[18749:c7164d] [com.apple.UserNotifications:Settings] [com.sixamtech.6amMart] Got effective section info [ hasResult: 0 ]
2026-08-30 15:24:12.691 Df SpringBoard[18749:c70e24] [com.apple.UserNotifications:DataStore] [com.sixamtech.6amMart] Badge can be set for notification 7C7E-35C1: 0 [ canBadge: 1 badgeNumber: (null) ]
2026-08-30 15:24:12.693 Df SpringBoard[18749:c70e24] [com.apple.UserNotifications:Settings] Getting effectiveSectionInfo for section identifier: com.sixamtech.6amMart
2026-08-30 15:24:12.693 Df SpringBoard[18749:c70e24] [com.apple.UserNotifications:Settings] [com.sixamtech.6amMart] Getting effective section info
2026-08-30 15:24:12.693 Df SpringBoard[18749:c70e24] [com.apple.UserNotifications:Settings] [com.sixamtech.6amMart] Got effective section info [ hasResult: 0 ]
2026-08-30 15:24:12.693 Df SpringBoard[18749:c70e24] [com.apple.UserNotifications:Settings] Getting effectiveSectionInfo for section identifier: com.sixamtech.6amMart
2026-08-30 15:24:12.693 Df SpringBoard[18749:c70e24] [com.apple.UserNotifications:Settings] [com.sixamtech.6amMart] Getting effective section info
2026-08-30 15:24:12.693 Df SpringBoard[18749:c70e24] [com.apple.UserNotifications:Settings] [com.sixamtech.6amMart] Got effective section info [ hasResult: 0 ]
2026-08-30 15:24:12.694 Df SpringBoard[18749:c70e24] [com.apple.UserNotifications:DataStore] [com.sixamtech.6amMart] Saving notification 7C7E-35C1: YES [ hasAlertContent: YES, shouldPresentAlert: YES settingsShouldSave: YES pipelineState: pending]
2026-08-30 15:24:12.697 Df CoreSimulatorBridge[18781:c7164c] [com.apple.UserNotifications:Connections] [com.sixamtech.6amMart] Added notification request: [ hasError: 0 hasCompletionHandler: 1 ]
