boot-session QA-3721 — root /Users/Apple/Projects/nears-NEARS-3721-live-boot@f9236e153 · primary /Users/Apple/Projects/nears · state /Users/Apple/Projects/nears-NEARS-3721-live-boot/docs/qa-evidence/NEARS-3721/state/state.tsv
== backend :8000
  · listener pid 7597 (/Users/Apple/Projects/nears@53e4dda4f) — reused
    |   head:   53e4dda4f (53e4dda4fefb5d959754f219f4e3e51eed2ec4a8)
    |   behind 'feat/userapp-reskin2': 2 commit(s)
    |   ticket: none derivable from branch 'feat/human-qa-uiux' — not a per-ticket worktree, no Done-status check applies
    | -- PASS: /Users/Apple/Projects/nears @ 53e4dda4f, not a per-ticket worktree --
== nears monitor (/Users/Apple/Projects/nears-monitor)
  · starting monitor (pgid 95790)
  · starting monitor-reverb (pgid 95842)
  · starting monitor-queue (pgid 95899)
== widgetbook (/Users/Apple/Projects/nears-NEARS-3721-live-boot/widgetbook)
  · widgetbook :8090 pid 89494 — reused (started by this session)
== emulators (one per app)
SKIP emulator-5554: foreign — driven from another tree: pid 67790 (/Users/Apple/Projects/nears-live-NEARS-3720/UserApp), pid 68125 (/Users/Apple/Projects/nears-live-NEARS-3720/UserApp), pid 96021 (cwd unknown)
SKIP emulator-5556: foreign — driven from another tree: pid 5947 (/Users/Apple/Projects/nears-live-NEARS-3720/VendorApp), pid 6138 (/Users/Apple/Projects/nears-live-NEARS-3720/VendorApp)
SKIP emulator-5558: foreign — driven from another tree: pid 6158 (/Users/Apple/Projects/nears-live-NEARS-3720/DeliveryApp), pid 6359 (/Users/Apple/Projects/nears-live-NEARS-3720/DeliveryApp)
SKIP emulator-5562: only 656MB free on /data (floor 800MB)
== apps
== re-probe web surfaces
== chrome tabs
== watchers -> /Users/Apple/Projects/nears-NEARS-3721-live-boot/docs/qa-evidence/NEARS-3721/state/watch.log

READY — QA-3721
| surface | status | detail |
|---|---|---|
| backend | UP | port 8000 pid 7597 /Users/Apple/Projects/nears@53e4dda4f · freshness rc 0 |
| admin-panel | UP | 200 http://127.0.0.1:8000/admin |
| store-panel | UP | 200 http://127.0.0.1:8000/login/vendor |
| emulator:UserApp | DOWN | serial=emulator-5560 only 614MB free on /data (floor 800MB) |
| emulator:VendorApp | DOWN | serial=emulator-5562 only 656MB free on /data (floor 800MB) |
| emulator:DeliveryApp | UP | serial=emulator-5564 avd=nears_qa_wave56 pid 90600 ppid=1 /data=3880MB reverse tcp:80->8000 · reused (started by this session) |
| app:UserApp | DOWN | no UP emulator for UserApp |
| app:VendorApp | DOWN | no UP emulator for VendorApp |
| app:DeliveryApp | UP | serial=emulator-5564 pkg=com.izzes.nearsdelivery pid 92936 /Users/Apple/Projects/nears-NEARS-3721-live-boot@f9236e153 · reload: kill -USR1 92936 · reused (started by this session) |
| widgetbook | UP | port=8090 pid 89494 /Users/Apple/Projects/nears-NEARS-3721-live-boot@f9236e153 http://127.0.0.1:8090/ |
| monitor | DOWN | HTTP 000 from http://127.0.0.1:9090/ (log /Users/Apple/Projects/nears-NEARS-3721-live-boot/docs/qa-evidence/NEARS-3721/state/monitor.log) |
| monitor-reverb | DOWN | nothing listening on :9091 (log /Users/Apple/Projects/nears-NEARS-3721-live-boot/docs/qa-evidence/NEARS-3721/state/monitor-reverb.log) |
| monitor-queue | DOWN | no queue:work running in /Users/Apple/Projects/nears-monitor (log /Users/Apple/Projects/nears-NEARS-3721-live-boot/docs/qa-evidence/NEARS-3721/state/monitor-queue.log) |
| tab:admin | UP | reused tab http://127.0.0.1:8000/admin |
| tab:store | UP | reused tab http://127.0.0.1:8000/login/vendor |
| tab:widgetbook | UP | reused tab http://127.0.0.1:8090/ |
| tab:monitor | DOWN | not opened: http://127.0.0.1:9090/ is not 200 (monitor is DOWN) |
| watchers | UP | 6/6 pipelines -> /Users/Apple/Projects/nears-NEARS-3721-live-boot/docs/qa-evidence/NEARS-3721/state/watch.log |

DOWN emulator:UserApp: serial=emulator-5560 only 614MB free on /data (floor 800MB)
DOWN emulator:VendorApp: serial=emulator-5562 only 656MB free on /data (floor 800MB)
DOWN app:UserApp: no UP emulator for UserApp
DOWN app:VendorApp: no UP emulator for VendorApp
DOWN monitor: HTTP 000 from http://127.0.0.1:9090/ (log /Users/Apple/Projects/nears-NEARS-3721-live-boot/docs/qa-evidence/NEARS-3721/state/monitor.log)
DOWN monitor-reverb: nothing listening on :9091 (log /Users/Apple/Projects/nears-NEARS-3721-live-boot/docs/qa-evidence/NEARS-3721/state/monitor-reverb.log)
DOWN monitor-queue: no queue:work running in /Users/Apple/Projects/nears-monitor (log /Users/Apple/Projects/nears-NEARS-3721-live-boot/docs/qa-evidence/NEARS-3721/state/monitor-queue.log)
DOWN tab:monitor: not opened: http://127.0.0.1:9090/ is not 200 (monitor is DOWN)
READY: 10 UP · 8 DOWN · 0 OPENED-UNCONFIRMED
validity: 18 surfaces asserted
FAIL boot-session: DOWN — emulator:UserApp, emulator:VendorApp, app:UserApp, app:VendorApp, monitor, monitor-reverb, monitor-queue, tab:monitor
