D/FlutterJNI(22244): Sending viewport metrics to the engine.
I/ImeTracker(22244): system_server:afb00ac2: onCancelled at PHASE_CLIENT_ON_CONTROLS_CHANGED
I/flutter (22244): [NET] POST endpoint=/api/v1/auth/vendor/login
I/flutter (22244): [NET] endpoint=/api/v1/auth/vendor/login http_status=200
I/flutter (22244): [NET] POST endpoint=/api/v1/vendor/update-fcm-token
I/flutter (22244): [NET] endpoint=/api/v1/vendor/update-fcm-token http_status=200
I/flutter (22244): [NET] GET endpoint=/api/v1/vendor/profile
E/FA      (22244): Missing google_app_id. Firebase Analytics disabled. See https://goo.gl/NAOOOI
I/flutter (22244): [NET] GET endpoint=/api/v1/vendor/profile
D/WindowOnBackDispatcher(22244): setTopOnBackInvokedCallback (unwrapped): io.flutter.embedding.android.FlutterActivity$1@66f0173
I/ImeTracker(22244): com.izzes.nearsvendor:e1bf8829: onRequestHide at ORIGIN_CLIENT reason HIDE_SOFT_INPUT fromUser false userId 0 displayId 0
D/InsetsController(22244): hide(ime())
D/InsetsController(22244): Setting requestedVisibleTypes to 503 (was 511)
D/CompatChangeReporter(22244): Compat change id reported: 395521150; UID 10228; state: ENABLED
D/VRI[MainActivity](22244): WindowInsets changed: ime:null 
D/FlutterJNI(22244): Sending viewport metrics to the engine.
D/FlutterJNI(22244): Sending viewport metrics to the engine.
I/ImeTracker(22244): system_server:bfa484f7: onCancelled at PHASE_CLIENT_ON_CONTROLS_CHANGED
D/FlutterJNI(22244): Sending viewport metrics to the engine.
D/FlutterJNI(22244): Sending viewport metrics to the engine.
D/FlutterJNI(22244): Sending viewport metrics to the engine.
D/FlutterJNI(22244): Sending viewport metrics to the engine.
D/FlutterJNI(22244): Sending viewport metrics to the engine.
D/FlutterJNI(22244): Sending viewport metrics to the engine.
D/FlutterJNI(22244): Sending viewport metrics to the engine.
D/FlutterJNI(22244): Sending viewport metrics to the engine.
D/FlutterJNI(22244): Sending viewport metrics to the engine.
D/FlutterJNI(22244): Sending viewport metrics to the engine.
D/FlutterJNI(22244): Sending viewport metrics to the engine.
D/FlutterJNI(22244): Sending viewport metrics to the engine.
D/FlutterJNI(22244): Sending viewport metrics to the engine.
D/FlutterJNI(22244): Sending viewport metrics to the engine.
D/FlutterJNI(22244): Sending viewport metrics to the engine.
D/FlutterJNI(22244): Sending viewport metrics to the engine.
D/FlutterJNI(22244): Sending viewport metrics to the engine.
D/FlutterJNI(22244): Sending viewport metrics to the engine.
I/flutter (22244): [NET] endpoint=/api/v1/vendor/profile http_status=200
I/flutter (22244): [NET] GET endpoint=/api/v1/vendor/current-orders
I/flutter (22244): [NET] endpoint=/api/v1/vendor/profile http_status=200
I/flutter (22244): [NET] endpoint=/api/v1/vendor/current-orders http_status=200
I/flutter (22244): [NET] GET endpoint=/api/v1/vendor/notifications
I/flutter (22244): [NET] endpoint=/api/v1/vendor/notifications http_status=200
