   1 09-29 19:01:24.787 I/flutter ( 5170): [FAIL] framework_error library=rendering library type=FlutterError msg="A RenderFlex overflowed by 29 pixels on the right."
   1 09-29 19:01:24.788 I/flutter ( 5170): [FAIL] framework_error   at Row Row:UserApp/lib/features/checkout/widgets/delivery_section.dart:566:17
   1 09-29 19:02:48.733 I/flutter ( 5170): [FAIL] framework_error   at Row Row:UserApp/lib/features/checkout/widgets/delivery_section.dart:566:17
   1 09-29 19:02:48.733 I/flutter ( 5170): [FAIL] framework_error library=rendering library type=FlutterError msg="A RenderFlex overflowed by 29 pixels on the right."
   1 09-29 19:03:40.633 I/flutter ( 5803): [FAIL] framework_error library=rendering library type=FlutterError msg="A RenderFlex overflowed by 29 pixels on the right."
   1 09-29 19:03:40.638 I/flutter ( 5803): [FAIL] framework_error   at Row Row:UserApp/lib/features/checkout/widgets/delivery_section.dart:566:17
   1 09-29 19:07:54.488 I/flutter ( 5803): [FAIL] framework_error   at Row Row:UserApp/lib/features/checkout/widgets/delivery_section.dart:566:17
   1 09-29 19:07:54.488 I/flutter ( 5803): [FAIL] framework_error library=rendering library type=FlutterError msg="A RenderFlex overflowed by 29 pixels on the right."
   1 09-29 19:08:48.823 I/flutter ( 5803): [FAIL] framework_error   at Row Row:UserApp/lib/features/checkout/widgets/delivery_section.dart:566:17
   1 09-29 19:08:48.823 I/flutter ( 5803): [FAIL] framework_error library=rendering library type=FlutterError msg="A RenderFlex overflowed by 29 pixels on the right."
   1 09-29 19:11:08.528 I/flutter ( 8442): [FAIL] framework_error library=rendering library type=FlutterError msg="A RenderFlex overflowed by 29 pixels on the right."
   1 09-29 19:11:08.530 I/flutter ( 8442): [FAIL] framework_error   at Row Row:UserApp/lib/features/checkout/widgets/delivery_section.dart:566:17
   1 09-29 19:13:05.757 I/flutter ( 8442): [FAIL] framework_error library=rendering library type=FlutterError msg="A RenderFlex overflowed by 29 pixels on the right."
   1 09-29 19:13:05.758 I/flutter ( 8442): [FAIL] framework_error   at Row Row:UserApp/lib/features/checkout/widgets/delivery_section.dart:566:17
   1 09-29 19:14:19.400 I/flutter ( 9247): [FAIL] framework_error library=rendering library type=FlutterError msg="A RenderFlex overflowed by 29 pixels on the right."
   1 09-29 19:14:19.403 I/flutter ( 9247): [FAIL] framework_error   at Row Row:UserApp/lib/features/checkout/widgets/delivery_section.dart:566:17
   1 09-29 19:17:03.704 I/flutter ( 9686): [FAIL] framework_error library=rendering library type=FlutterError msg="A RenderFlex overflowed by 29 pixels on the right."
   1 09-29 19:17:03.706 I/flutter ( 9686): [FAIL] framework_error   at Row Row:UserApp/lib/features/checkout/widgets/delivery_section.dart:566:17
   1 09-29 19:21:12.202 I/flutter (10838): [FAIL] framework_error library=rendering library type=FlutterError msg="A RenderFlex overflowed by 23 pixels on the right."
   1 09-29 19:21:12.203 I/flutter (10838): [FAIL] framework_error   at Row Row:UserApp/lib/features/checkout/widgets/checkout_screen_shimmer_view.dart:53:11
   1 09-29 19:21:14.172 I/flutter (10838): [FAIL] framework_error   at Row Row:UserApp/lib/features/checkout/widgets/delivery_section.dart:566:17
   1 09-29 19:21:14.172 I/flutter (10838): [FAIL] framework_error library=rendering library type=FlutterError msg="A RenderFlex overflowed by 42 pixels on the right."
   1 09-29 19:24:38.560 I/flutter (11932): [FAIL] framework_error library=rendering library type=FlutterError msg="A RenderFlex overflowed by 23 pixels on the right."
   1 09-29 19:24:38.561 I/flutter (11932): [FAIL] framework_error   at Row Row:UserApp/lib/features/checkout/widgets/checkout_screen_shimmer_view.dart:53:11
   1 09-29 19:24:40.219 I/flutter (11932): [FAIL] framework_error   at Row Row:UserApp/lib/features/checkout/widgets/delivery_section.dart:566:17
   1 09-29 19:24:40.219 I/flutter (11932): [FAIL] framework_error library=rendering library type=FlutterError msg="A RenderFlex overflowed by 42 pixels on the right."
