NEARS-2774 QA — pre-existing, UNRELATED overflow found during 1.3x text-scale regression
sweep (n_item_card.dart, NOT cart_item_widget.dart — outside this ticket's diff scope).

Device: emulator-5554, 320dp width, EN and AR locale, font_scale=1.3 (OS accessibility
setting, clamped in-app to 1.3 per lib/main.dart:460), UserApp worktree
com.izzes.nears.nears_nears_2774_cart_outer_row_overflow.

Reproduced twice (once per locale) navigating to the Basket screen's "You May Also Like!"
recommendation rail, which renders NItemCard from packages/nears_dls/lib/components/nitemcard/n_item_card.dart:

09-01 22:23:15.786 25792 25792 I flutter : [FAIL] framework_error library=rendering library type=FlutterError msg="A RenderFlex overflowed by 1.1 pixels on the bottom."
09-01 22:23:15.787 25792 25792 I flutter : [FAIL] framework_error   at Column Column:file:///Users/Apple/Projects/nears-NEARS-2774-cart-outer-row-overflow-rtl/packages/nears_dls/lib/components/nitemcard/n_item_card.dart:551:18

09-01 22:28:14.153 28010 28010 I flutter : [FAIL] framework_error library=rendering library type=FlutterError msg="A RenderFlex overflowed by 1.1 pixels on the bottom."
09-01 22:28:14.153 28010 28010 I flutter : [FAIL] framework_error   at Column Column:file:///Users/Apple/Projects/nears-NEARS-2774-cart-outer-row-overflow-rtl/packages/nears_dls/lib/components/nitemcard/n_item_card.dart:551:18

Source (n_item_card.dart:543-569): `_infoBlock` wraps a `Column` (mainAxisAlignment:
spaceAround, crossAxisAlignment: start) with a fixed EdgeInsets.all(10) padding around an
optional brandLine Text + a Flexible name Text (maxLines:2) inside a Stack. At the 1.3x
text-scale clamp, the Column's intrinsic height exceeds its parent's constraint by 1.1
logical px — a small, pre-existing DLS-component overflow, NOT part of this ticket's
`cart_item_widget.dart` outer-Row diff (NEARS-2774 scope is confined to
cart_item_widget.dart per QA Test Scope).

Filed as a non-blocking regression_bug (pre-existing, unrelated to this diff) — does not
affect NEARS-2774's PASS/FAIL verdict.
