I/flutter (24089): [FAIL] endpoint=/api/v1/stores/details/ http_status=403 type=ApiFailure msg="checkout: group store out of zone store_id=3168" correlation_id=630df814-54d6-4d56-b36b-d69c66695d05
I/flutter (24089): [NET] POST endpoint=/api/v1/customer/order/get-surge-price
I/flutter (24089): [NET] GET endpoint=/api/v1/config/distance-api
I/flutter (24089): [NET] endpoint=/api/v1/items/suggested http_status=200
I/flutter (24089): [NET] endpoint=/api/v1/customer/order/get-surge-price http_status=200
I/flutter (24089): [NET] endpoint=/api/v1/config/distance-api http_status=200
I/flutter (24089): [NET] GET endpoint=/api/v1/vehicle/extra_charge
I/flutter (24089): [NET] endpoint=/api/v1/vehicle/extra_charge http_status=200
I/flutter (24089): [NET] POST endpoint=/api/v1/config/delivery-quote
I/flutter (24089): [NET] endpoint=/api/v1/config/delivery-quote http_status=200
I/flutter (24089): [NET] POST endpoint=/api/v1/customer/order/get-Tax
I/flutter (24089): [NET] POST endpoint=/api/v1/customer/order/get-Tax
I/flutter (24089): [NET] endpoint=/api/v1/customer/order/get-Tax http_status=200
I/flutter (24089): [NET] endpoint=/api/v1/customer/order/get-Tax http_status=200
I/flutter (24089): [NET] POST endpoint=/api/v1/customer/order/group/validate
I/flutter (24089): [NET] GET endpoint=/api/v1/stores/details/3168
I/flutter (24089): [NET] endpoint=/api/v1/customer/order/group/validate http_status=200
I/flutter (24089): [INFO] msg="checkout: mixed basket probe method refused reason=digital_unavailable_in_zone"
I/flutter (24089): [NET] POST endpoint=/api/v1/customer/order/group/validate
I/flutter (24089): [NET] endpoint=/api/v1/stores/details/3168 http_status=200
I/flutter (24089): [NET] GET endpoint=/api/v1/config/distance-api
I/flutter (24089): [NET] GET endpoint=/api/v1/config/get-zone-id
I/flutter (24089): [NET] endpoint=/api/v1/customer/order/group/validate http_status=200
I/flutter (24089): [INFO] msg="checkout: mixed basket probe cash_removed=false valid=true"
I/flutter (24089): [NET] endpoint=/api/v1/config/get-zone-id http_status=200
I/flutter (24089): [INFO] msg="location: inZone=true"
I/flutter (24089): [WARN] msg="checkout: map preview dropped store 3168 — missing coordinates"
I/flutter (24089): [NET] endpoint=/api/v1/config/distance-api http_status=200
I/flutter (24089): [WARN] msg="checkout: distance response near-zero (ROUTE_EXISTS, no distanceMeters) — using straight-line fallback"
I/flutter (24089): [NET] GET endpoint=/api/v1/vehicle/extra_charge
I/flutter (24089): [NET] endpoint=/api/v1/vehicle/extra_charge http_status=200
--- flag OFF repro (Dama lead + Fresh local): Cart pushed over the stale checkout, saved address 45; quantity step re-runs the group fee against the OLD address (403 again) ---
I/flutter (14055): [NET] POST endpoint=/api/v1/customer/order/get-surge-price
I/flutter (14055): [NET] GET endpoint=/api/v1/config/distance-api
I/flutter (14055): [NET] endpoint=/api/v1/customer/cart/update http_status=200
I/flutter (14055): [NET] endpoint=/api/v1/config/distance-api http_status=200
I/flutter (14055): [NET] GET endpoint=/api/v1/vehicle/extra_charge
I/flutter (14055): [NET] endpoint=/api/v1/customer/order/get-surge-price http_status=200
I/flutter (14055): [NET] endpoint=/api/v1/vehicle/extra_charge http_status=200
I/flutter (14055): [NET] POST endpoint=/api/v1/config/delivery-quote
I/flutter (14055): [NET] endpoint=/api/v1/config/delivery-quote http_status=200
I/flutter (14055): [NET] POST endpoint=/api/v1/customer/order/get-Tax
I/flutter (14055): [NET] POST endpoint=/api/v1/customer/order/get-Tax
I/flutter (14055): [NET] endpoint=/api/v1/customer/order/get-Tax http_status=200
I/flutter (14055): [NET] endpoint=/api/v1/customer/order/get-Tax http_status=200
I/flutter (14055): [NET] GET endpoint=/api/v1/stores/details/3168
I/flutter (14055): [NET] POST endpoint=/api/v1/customer/cart/update
I/flutter (14055): [NET] endpoint=/api/v1/stores/details/3168 http_status=403
I/flutter (14055): [FAIL] endpoint=/api/v1/stores/details/ http_status=403 type=ApiFailure msg="checkout: group store out of zone store_id=3168" correlation_id=f4a09b59-8e43-4688-ab80-de5d2dae5c85
I/flutter (14055): [NET] POST endpoint=/api/v1/customer/order/get-surge-price
I/flutter (14055): [NET] GET endpoint=/api/v1/config/distance-api
I/flutter (14055): [NET] endpoint=/api/v1/customer/cart/update http_status=200
I/flutter (14055): [NET] endpoint=/api/v1/config/distance-api http_status=200
I/flutter (14055): [NET] GET endpoint=/api/v1/vehicle/extra_charge
I/flutter (14055): [NET] endpoint=/api/v1/customer/order/get-surge-price http_status=200
I/flutter (14055): [NET] endpoint=/api/v1/vehicle/extra_charge http_status=200
I/flutter (14055): [NET] POST endpoint=/api/v1/config/delivery-quote
I/flutter (14055): [NET] endpoint=/api/v1/config/delivery-quote http_status=200
I/flutter (14055): [NET] POST endpoint=/api/v1/customer/order/get-Tax
I/flutter (14055): [NET] POST endpoint=/api/v1/customer/order/get-Tax
I/flutter (14055): [NET] endpoint=/api/v1/customer/order/get-Tax http_status=200
I/flutter (14055): [NET] endpoint=/api/v1/customer/order/get-Tax http_status=200
