I/flutter (24089): [INFO] msg="route: module future state=ConnectionState.done hasData=false hasError=false"
I/flutter (24089): [NET] GET endpoint=/api/v1/most-tips
I/flutter (24089): [NET] GET endpoint=/api/v1/offline_payment_method_list
I/flutter (24089): [FAIL] framework_error library=foundation library type=FlutterError msg="setState() or markNeedsBuild() called during build."
I/flutter (24089): [FAIL] framework_error   at #0      Element.markNeedsBuild.<anonymous closure> (package:flutter/src/widgets/framework.dart:5373:9)
I/flutter (24089): [FAIL] framework_error   at #1      Element.markNeedsBuild (package:flutter/src/widgets/framework.dart:5385:6)
I/flutter (24089): [FAIL] framework_error   at #2      State.setState (package:flutter/src/widgets/framework.dart:1219:15)
I/flutter (24089): [FAIL] framework_error   at #3      _AnimatedState._handleChange (package:flutter/src/widgets/transitions.dart:133:5)
I/flutter (24089): [FAIL] framework_error   at #4      ChangeNotifier.notifyListeners (package:flutter/src/foundation/change_notifier.dart:432:24)
I/flutter (24089): [FAIL] framework_error   at #5      ValueNotifier.value= (package:flutter/src/foundation/change_notifier.dart:560:5)
I/flutter (24089): [FAIL] framework_error   at #6      TextEditingController.value= (package:flutter/src/widgets/editable_text.dart:292:11)
I/flutter (24089): [FAIL] framework_error   at #7      TextEditingController.text= (package:flutter/src/widgets/editable_text.dart:277:5)
Another exception was thrown: setState() or markNeedsBuild() called during build.
I/flutter (24089): [FAIL] framework_error library=foundation library type=FlutterError msg="setState() or markNeedsBuild() called during build."
I/flutter (24089): [FAIL] framework_error   at #0      Element.markNeedsBuild.<anonymous closure> (package:flutter/src/widgets/framework.dart:5373:9)
I/flutter (24089): [FAIL] framework_error   at #1      Element.markNeedsBuild (package:flutter/src/widgets/framework.dart:5385:6)
I/flutter (24089): [FAIL] framework_error   at #2      State.setState (package:flutter/src/widgets/framework.dart:1219:15)
I/flutter (24089): [FAIL] framework_error   at #3      EditableTextState._didChangeTextEditingValue (package:flutter/src/widgets/editable_text.dart:4746:5)
I/flutter (24089): [FAIL] framework_error   at #4      ChangeNotifier.notifyListeners (package:flutter/src/foundation/change_notifier.dart:432:24)
I/flutter (24089): [FAIL] framework_error   at #5      ValueNotifier.value= (package:flutter/src/foundation/change_notifier.dart:560:5)
I/flutter (24089): [FAIL] framework_error   at #6      TextEditingController.value= (package:flutter/src/widgets/editable_text.dart:292:11)
I/flutter (24089): [FAIL] framework_error   at #7      TextEditingController.text= (package:flutter/src/widgets/editable_text.dart:277:5)
Another exception was thrown: setState() or markNeedsBuild() called during build.
I/flutter (24089): [FAIL] framework_error library=foundation library type=FlutterError msg="setState() or markNeedsBuild() called during build."
I/flutter (24089): [FAIL] framework_error   at #0      Element.markNeedsBuild.<anonymous closure> (package:flutter/src/widgets/framework.dart:5373:9)
I/flutter (24089): [FAIL] framework_error   at #1      Element.markNeedsBuild (package:flutter/src/widgets/framework.dart:5385:6)
I/flutter (24089): [FAIL] framework_error   at #2      State.setState (package:flutter/src/widgets/framework.dart:1219:15)
I/flutter (24089): [FAIL] framework_error   at #3      _AnimatedState._handleChange (package:flutter/src/widgets/transitions.dart:133:5)
I/flutter (24089): [FAIL] framework_error   at #4      ChangeNotifier.notifyListeners (package:flutter/src/foundation/change_notifier.dart:432:24)
Another exception was thrown: setState() or markNeedsBuild() called during build.
I/flutter (24089): [FAIL] framework_error   at #5      ValueNotifier.value= (package:flutter/src/foundation/change_notifier.dart:560:5)
I/flutter (24089): [FAIL] framework_error   at #6      TextEditingController.value= (package:flutter/src/widgets/editable_text.dart:292:11)
I/flutter (24089): [FAIL] framework_error   at #7      TextEditingController.text= (package:flutter/src/widgets/editable_text.dart:277:5)
I/flutter (24089): [NET] GET endpoint=/api/v1/stores/details/3168
I/flutter (24089): [INFO] msg="checkout: payment method selected index=0"
I/flutter (24089): 📊 analytics: add_payment_info {payment_type: cash_on_delivery, value: 37.12, currency: AED, screen: checkout, section: payment}
W/Google Android Maps SDK(24089): setOnCameraMoveStartedListener is not supported in Lite Mode
W/Google Android Maps SDK(24089): setOnCameraMoveListener is not supported in Lite Mode
