[NET] POST endpoint=/api/v1/customer/order/group/validate
[NET] GET endpoint=/api/v1/stores/details/1
[NET] GET endpoint=/api/v1/stores/details/49
[NET] GET endpoint=/api/v1/stores/details/1
[NET] endpoint=/api/v1/stores/details/49 http_status=403
[NET] endpoint=/api/v1/customer/order/group/validate http_status=200
[NET] endpoint=/api/v1/stores/details/1 http_status=200
[NET] GET endpoint=/api/v1/config/distance-api
[NET] GET endpoint=/api/v1/config/get-zone-id
[NET] endpoint=/api/v1/stores/details/1 http_status=200
[FAIL] endpoint=/api/v1/stores/details/ http_status=403 type=ApiFailure msg="checkout: group store out of zone store_id=49" correlation_id=2daed732-e50d-4fb7-980b-56868e88547b
[NET] POST endpoint=/api/v1/customer/order/get-surge-price
[NET] GET endpoint=/api/v1/config/distance-api
[NET] endpoint=/api/v1/config/distance-api http_status=200
[NET] GET endpoint=/api/v1/vehicle/extra_charge
[NET] endpoint=/api/v1/config/distance-api http_status=200
[NET] GET endpoint=/api/v1/vehicle/extra_charge
[NET] endpoint=/api/v1/config/get-zone-id http_status=200
[WARN] msg="checkout: map preview dropped store 49 — missing coordinates"
[NET] endpoint=/api/v1/customer/order/get-surge-price http_status=200
[NET] endpoint=/api/v1/vehicle/extra_charge http_status=200
[NET] POST endpoint=/api/v1/config/delivery-quote
[NET] endpoint=/api/v1/vehicle/extra_charge http_status=200
[NET] endpoint=/api/v1/config/delivery-quote http_status=200
[NET] POST endpoint=/api/v1/customer/order/get-Tax
[NET] POST endpoint=/api/v1/customer/order/get-Tax
[NET] endpoint=/api/v1/customer/order/get-Tax http_status=200
[NET] endpoint=/api/v1/customer/order/get-Tax http_status=200
[NET] POST endpoint=/api/v1/customer/order/group/validate
[NET] endpoint=/api/v1/customer/order/group/validate http_status=200
[FAIL] endpoint=/api/v1/customer/order/group/validate http_status=null type=PlaceOrderBlocked msg="checkout: store failure returned to cart trigger=checkout_validate store_ids=49 reasons=out_of_coverage_area"
[NET] GET endpoint=/api/v1/customer/order/running-orders
[NET] endpoint=/api/v1/customer/order/running-orders http_status=200
