[NET] POST endpoint=/api/v1/customer/order/group/validate
[NET] GET endpoint=/api/v1/stores/details/3168
[NET] GET endpoint=/api/v1/stores/details/49
[NET] GET endpoint=/api/v1/stores/details/3168
[NET] endpoint=/api/v1/customer/order/group/validate http_status=200
[NET] endpoint=/api/v1/stores/details/3168 http_status=200
[NET] GET endpoint=/api/v1/config/distance-api
[NET] GET endpoint=/api/v1/config/get-zone-id
[NET] endpoint=/api/v1/stores/details/3168 http_status=200
[NET] endpoint=/api/v1/stores/details/49 http_status=200
[NET] POST endpoint=/api/v1/customer/order/get-surge-price
[NET] POST endpoint=/api/v1/customer/order/get-surge-price
[NET] GET endpoint=/api/v1/config/distance-api
[NET] GET endpoint=/api/v1/config/distance-api
[NET] endpoint=/api/v1/config/get-zone-id http_status=200
[NET] endpoint=/api/v1/config/distance-api http_status=200
[WARN] msg="checkout: distance response near-zero (ROUTE_EXISTS, no distanceMeters) — using straight-line fallback"
[NET] GET endpoint=/api/v1/vehicle/extra_charge
[NET] endpoint=/api/v1/customer/order/get-surge-price http_status=200
[NET] endpoint=/api/v1/customer/order/get-surge-price http_status=200
[NET] endpoint=/api/v1/config/distance-api http_status=200
[WARN] msg="checkout: group per-store distance response near-zero (ROUTE_EXISTS, no distanceMeters) — using straight-line fallback"
[NET] GET endpoint=/api/v1/vehicle/extra_charge
[NET] endpoint=/api/v1/config/distance-api http_status=200
[NET] GET endpoint=/api/v1/vehicle/extra_charge
[NET] endpoint=/api/v1/vehicle/extra_charge http_status=200
[NET] endpoint=/api/v1/vehicle/extra_charge http_status=200
[NET] endpoint=/api/v1/vehicle/extra_charge http_status=200
[NET] POST endpoint=/api/v1/config/delivery-quote
[NET] POST endpoint=/api/v1/config/delivery-quote
[NET] endpoint=/api/v1/config/delivery-quote http_status=200
[NET] endpoint=/api/v1/config/delivery-quote http_status=200
[NET] POST endpoint=/api/v1/customer/order/get-Tax
[NET] POST endpoint=/api/v1/customer/order/get-Tax
[NET] endpoint=/api/v1/customer/order/get-Tax http_status=200
[NET] endpoint=/api/v1/customer/order/get-Tax http_status=200
[NET] POST endpoint=/api/v1/customer/order/group/validate
[NET] endpoint=/api/v1/customer/order/group/validate http_status=200
[NET] GET endpoint=/api/v1/cashback/getCashback
[NET] endpoint=/api/v1/cashback/getCashback http_status=200
