NEARS-3088 AC1 — RentalModule::enabled() / Helpers::smsGatewayAvailable() exist + targeted phpunit green
Worktree: /Users/Apple/Projects/nears-worktrees/NEARS-3088/Admin
Command: bash scripts/phpunit-isolated.sh --filter Nears3088AbsentRentalGatewaysModulesTest

Cloning multi_food_db_test -> multi_food_db_test_nears_3088_57683 ...
Done. multi_food_db_test_nears_3088_57683 has 161 tables (source: 161).
Running phpunit against multi_food_db_test_nears_3088_57683 ...
PHPUnit 11.5.55 by Sebastian Bergmann and contributors.

Runtime:       PHP 8.5.6
Configuration: /Users/Apple/Projects/nears-worktrees/NEARS-3088/Admin/phpunit.xml

...                                                                 3 / 3 (100%)

Time: 00:00.378, Memory: 82.50 MB

OK (3 tests, 9 assertions)

--- Backstop: pre-existing security test that pins the rental route guard ---
Command: bash scripts/phpunit-isolated.sh --filter RentalRouteGuardTest
....                                                                4 / 4 (100%)
OK (4 tests, 4 assertions)

--- Wider backstop: all Rental/Gateway/Sms/OTP-related Feature tests ---
Command: bash scripts/phpunit-isolated.sh --testsuite Feature --filter "Rental|Gateway|Sms|OTP|Otp"
....................................................              52 / 52 (100%)
OK (52 tests, 132 assertions)
