# adb logcat -s flutter:V QAMARK:V, filtered: QAMARK markers, '[FAIL]/[ERR]/[NET]' lines mentioning get-Tax, 'cod cap verdict not scheduled', 'cash hidden reason=cod_cap'
10-05 01:52:52.000 17459 17459 I QAMARK  : FIX-S2-start
10-05 01:53:07.014 15009 15009 I flutter : [NET] POST endpoint=/api/v1/customer/order/get-Tax
10-05 01:53:07.793 15009 15009 I flutter : [NET] endpoint=/api/v1/customer/order/get-Tax http_status=200
10-05 01:59:04.571 19199 19199 I QAMARK  : FIX-S1-cart
10-05 01:59:07.664 15009 15009 I flutter : [NET] POST endpoint=/api/v1/customer/order/get-Tax
10-05 01:59:08.609 15009 15009 I flutter : [NET] endpoint=/api/v1/customer/order/get-Tax http_status=200
10-05 01:59:51.612 19447 19447 I QAMARK  : FIX-S1-camp-q1
10-05 02:00:00.463 15009 15009 I flutter : [NET] POST endpoint=/api/v1/customer/order/get-Tax
10-05 02:00:01.407 15009 15009 I flutter : [NET] endpoint=/api/v1/customer/order/get-Tax http_status=200
10-05 02:00:27.574 19598 19598 I QAMARK  : FIX-S1-q2-back
10-05 02:00:42.926 19658 19658 I QAMARK  : FIX-S1-camp-q2
10-05 02:00:45.987 15009 15009 I flutter : [NET] POST endpoint=/api/v1/customer/order/get-Tax
10-05 02:00:47.094 15009 15009 I flutter : [NET] endpoint=/api/v1/customer/order/get-Tax http_status=200
10-05 02:01:19.494 19828 19828 I QAMARK  : FIX-S3-cart-again
10-05 02:02:11.134 20114 20114 I QAMARK  : FIX-S3-cart-again
10-05 02:02:14.080 15009 15009 I flutter : [NET] POST endpoint=/api/v1/customer/order/get-Tax
10-05 02:02:15.076 15009 15009 I flutter : [NET] endpoint=/api/v1/customer/order/get-Tax http_status=200
10-05 02:03:14.083 20385 20385 I QAMARK  : FIX-S3-pharmacy-cta
10-05 02:03:16.871 15009 15009 I flutter : [NET] POST endpoint=/api/v1/customer/order/get-Tax
10-05 02:03:18.199 15009 15009 I flutter : [NET] endpoint=/api/v1/customer/order/get-Tax http_status=200
10-05 02:03:52.816 20582 20582 I QAMARK  : FIX-S3-store-prescription
10-05 02:03:55.786 15009 15009 I flutter : [NET] POST endpoint=/api/v1/customer/order/get-Tax
10-05 02:03:56.715 15009 15009 I flutter : [NET] endpoint=/api/v1/customer/order/get-Tax http_status=200
10-05 02:05:09.573 15009 15009 I flutter : [NET] POST endpoint=/api/v1/customer/order/get-Tax
10-05 02:05:09.573 15009 15009 I flutter : [NET] POST endpoint=/api/v1/customer/order/get-Tax
10-05 02:05:10.572 15009 15009 I flutter : [NET] endpoint=/api/v1/customer/order/get-Tax http_status=200
10-05 02:05:10.572 15009 15009 I flutter : [NET] endpoint=/api/v1/customer/order/get-Tax http_status=200
10-05 02:05:20.642 15009 15009 I flutter : [NET] POST endpoint=/api/v1/customer/order/get-Tax
10-05 02:05:20.642 15009 15009 I flutter : [NET] POST endpoint=/api/v1/customer/order/get-Tax
10-05 02:05:21.642 15009 15009 I flutter : [NET] endpoint=/api/v1/customer/order/get-Tax http_status=200
10-05 02:05:21.642 15009 15009 I flutter : [NET] endpoint=/api/v1/customer/order/get-Tax http_status=200
10-05 02:05:26.292 15009 15009 I flutter : [NET] POST endpoint=/api/v1/customer/order/get-Tax
10-05 02:05:26.292 15009 15009 I flutter : [NET] POST endpoint=/api/v1/customer/order/get-Tax
10-05 02:05:27.292 15009 15009 I flutter : [NET] endpoint=/api/v1/customer/order/get-Tax http_status=200
10-05 02:05:27.292 15009 15009 I flutter : [NET] endpoint=/api/v1/customer/order/get-Tax http_status=200
10-05 02:05:33.437 21031 21031 I QAMARK  : FIX-S3-group-after-single
10-05 02:05:39.528 15009 15009 I flutter : [NET] POST endpoint=/api/v1/customer/order/get-Tax
10-05 02:05:39.528 15009 15009 I flutter : [NET] POST endpoint=/api/v1/customer/order/get-Tax
10-05 02:05:40.529 15009 15009 I flutter : [NET] endpoint=/api/v1/customer/order/get-Tax http_status=200
10-05 02:05:40.529 15009 15009 I flutter : [NET] endpoint=/api/v1/customer/order/get-Tax http_status=200
10-05 02:06:02.556 21146 21146 I QAMARK  : FIX-S1strict-relaunch
10-05 02:06:51.311 21164 21164 I flutter : [NET] POST endpoint=/api/v1/customer/order/get-Tax
10-05 02:06:51.312 21164 21164 I flutter : [NET] POST endpoint=/api/v1/customer/order/get-Tax
10-05 02:06:52.308 21164 21164 I flutter : [NET] endpoint=/api/v1/customer/order/get-Tax http_status=200
10-05 02:06:52.308 21164 21164 I flutter : [NET] endpoint=/api/v1/customer/order/get-Tax http_status=200
10-05 02:07:10.340 21566 21566 I QAMARK  : FIX-S1strict-cart
10-05 02:07:16.409 21164 21164 I flutter : [NET] POST endpoint=/api/v1/customer/order/get-Tax
10-05 02:07:16.409 21164 21164 I flutter : [NET] POST endpoint=/api/v1/customer/order/get-Tax
10-05 02:07:17.407 21164 21164 I flutter : [NET] endpoint=/api/v1/customer/order/get-Tax http_status=200
10-05 02:07:17.408 21164 21164 I flutter : [NET] endpoint=/api/v1/customer/order/get-Tax http_status=200
10-05 02:07:32.616 21670 21670 I QAMARK  : FIX-S1strict2-relaunch
10-05 02:08:09.961 21942 21942 I QAMARK  : FIX-S1strict2-cart
10-05 02:08:12.983 21684 21684 I flutter : [NET] POST endpoint=/api/v1/customer/order/get-Tax
10-05 02:08:13.884 21684 21684 I flutter : [NET] endpoint=/api/v1/customer/order/get-Tax http_status=200
10-05 02:08:54.073 22169 22169 I QAMARK  : FIX-S1strict2-camp-q1
10-05 02:09:02.989 21684 21684 I flutter : [NET] POST endpoint=/api/v1/customer/order/get-Tax
10-05 02:09:04.015 21684 21684 I flutter : [NET] endpoint=/api/v1/customer/order/get-Tax http_status=200
10-05 02:09:22.080 22309 22309 I QAMARK  : FIX-S1strict2-camp-q2
10-05 02:09:25.084 21684 21684 I flutter : [NET] POST endpoint=/api/v1/customer/order/get-Tax
10-05 02:09:26.057 21684 21684 I flutter : [NET] endpoint=/api/v1/customer/order/get-Tax http_status=200
10-05 02:09:46.035 22395 22395 I QAMARK  : FIX-S1-held
10-05 02:09:48.936 21684 21684 I flutter : [NET] POST endpoint=/api/v1/customer/order/get-Tax
10-05 02:09:57.462 21684 21684 I flutter : [NET] endpoint=/api/v1/customer/order/get-Tax http_status=200
10-05 02:10:25.776 22500 22500 I QAMARK  : FIX-S4-stock0
10-05 02:10:28.569 21684 21684 I flutter : [NET] POST endpoint=/api/v1/customer/order/get-Tax
10-05 02:10:29.546 21684 21684 I flutter : [NET] endpoint=/api/v1/customer/order/get-Tax http_status=403
10-05 02:10:29.557 21684 21684 I flutter : [FAIL] endpoint=/api/v1/customer/order/get-Tax http_status=403 type=ApiFailure msg="api request failed" correlation_id=7b30d6d6-0dfd-42e9-b8fd-1364198c3697
10-05 02:10:29.590 21684 21684 I flutter : [NET] POST endpoint=/api/v1/customer/order/get-Tax
10-05 02:10:30.545 21684 21684 I flutter : [NET] endpoint=/api/v1/customer/order/get-Tax http_status=403
10-05 02:10:30.546 21684 21684 I flutter : [FAIL] endpoint=/api/v1/customer/order/get-Tax http_status=403 type=ApiFailure msg="api request failed" correlation_id=366b52e0-7d6d-4a65-8e99-48a77b51ce96
10-05 02:10:30.562 21684 21684 I flutter : [NET] POST endpoint=/api/v1/customer/order/get-Tax
10-05 02:10:31.545 21684 21684 I flutter : [NET] endpoint=/api/v1/customer/order/get-Tax http_status=403
10-05 02:10:31.545 21684 21684 I flutter : [FAIL] endpoint=/api/v1/customer/order/get-Tax http_status=403 type=ApiFailure msg="api request failed" correlation_id=b72bd8ca-fa6c-4c52-af6b-59b295b6ef7f
10-05 02:11:03.915 22602 22602 I QAMARK  : FIX-S5-relaunch
10-05 02:11:41.418 22896 22896 I QAMARK  : FIX-S5-cart-over-cap
10-05 02:11:44.271 22621 22621 I flutter : [NET] POST endpoint=/api/v1/customer/order/get-Tax
10-05 02:11:45.345 22621 22621 I flutter : [NET] endpoint=/api/v1/customer/order/get-Tax http_status=200
10-05 02:11:47.469 22621 22621 I flutter : [WARN] msg="checkout: cash hidden reason=cod_cap (single-store full amount over cap)"
10-05 02:12:34.809 23193 23193 I QAMARK  : FIX-S5-camp-q2-cap46
10-05 02:12:37.927 22621 22621 I flutter : [NET] POST endpoint=/api/v1/customer/order/get-Tax
10-05 02:12:38.999 22621 22621 I flutter : [NET] endpoint=/api/v1/customer/order/get-Tax http_status=200
10-05 02:12:41.121 22621 22621 I flutter : [WARN] msg="checkout: cash hidden reason=cod_cap (single-store full amount over cap)"
10-05 02:13:01.699 23297 23297 I QAMARK  : BASE-S2-relaunch
10-05 02:15:30.309 24327 24327 I QAMARK  : BASE-S2-camp-q1
10-05 02:16:22.514 24647 24647 I QAMARK  : BASE-S2-camp-q1
10-05 02:16:31.872 23309 23309 I flutter : [NET] POST endpoint=/api/v1/customer/order/get-Tax
10-05 02:16:32.763 23309 23309 I flutter : [NET] endpoint=/api/v1/customer/order/get-Tax http_status=200
10-05 02:16:54.585 24801 24801 I QAMARK  : BASE-S2b-camp-q2-after-camp
10-05 02:17:00.354 23309 23309 I flutter : The following exception was thrown checkout: cod cap verdict not scheduled (tax components missing):
10-05 02:17:00.361 23309 23309 I flutter : [FAIL] endpoint=/api/v1/customer/order/get-Tax http_status=null type=ApiFailure msg="checkout: cod cap verdict not scheduled (tax components missing)"
10-05 02:17:15.752 24882 24882 I QAMARK  : BASE-S1-relaunch
10-05 02:17:53.366 25182 25182 I QAMARK  : BASE-S1-cart
10-05 02:17:56.394 24906 24906 I flutter : [NET] POST endpoint=/api/v1/customer/order/get-Tax
10-05 02:17:57.264 24906 24906 I flutter : [NET] endpoint=/api/v1/customer/order/get-Tax http_status=200
10-05 02:18:35.454 25401 25401 I QAMARK  : BASE-S1-camp-q1
10-05 02:18:46.773 24906 24906 I flutter : The following exception was thrown checkout: cod cap verdict not scheduled (tax components missing):
10-05 02:18:46.782 24906 24906 I flutter : [FAIL] endpoint=/api/v1/customer/order/get-Tax http_status=null type=ApiFailure msg="checkout: cod cap verdict not scheduled (tax components missing)"
10-05 02:19:03.400 25541 25541 I QAMARK  : BASE-S1-camp-q2
10-05 02:19:08.906 24906 24906 I flutter : The following exception was thrown checkout: cod cap verdict not scheduled (tax components missing):
10-05 02:19:08.907 24906 24906 I flutter : [FAIL] endpoint=/api/v1/customer/order/get-Tax http_status=null type=ApiFailure msg="checkout: cod cap verdict not scheduled (tax components missing)"
10-05 02:20:00.948 25818 25818 I QAMARK  : BASE-S3-cart-again
10-05 02:20:49.820 26027 26027 I QAMARK  : BASE-S3-cart-again
10-05 02:20:52.681 24906 24906 I flutter : [NET] POST endpoint=/api/v1/customer/order/get-Tax
10-05 02:20:53.692 24906 24906 I flutter : [NET] endpoint=/api/v1/customer/order/get-Tax http_status=200
10-05 02:21:30.581 26202 26202 I QAMARK  : BASE-S3-pharmacy-cta
10-05 02:21:33.718 24906 24906 I flutter : [NET] POST endpoint=/api/v1/customer/order/get-Tax
10-05 02:21:34.776 24906 24906 I flutter : [NET] endpoint=/api/v1/customer/order/get-Tax http_status=200
10-05 02:22:00.770 26354 26354 I QAMARK  : BASE-S3-store-prescription
10-05 02:22:47.562 26566 26566 I QAMARK  : BASE-S3-store-prescription
10-05 02:22:50.532 24906 24906 I flutter : [NET] POST endpoint=/api/v1/customer/order/get-Tax
10-05 02:22:51.471 24906 24906 I flutter : [NET] endpoint=/api/v1/customer/order/get-Tax http_status=200
10-05 02:23:45.773 26816 26816 I QAMARK  : BASE-S3-group-after-single
10-05 02:24:36.117 24906 24906 I flutter : [NET] POST endpoint=/api/v1/customer/order/get-Tax
10-05 02:24:36.118 24906 24906 I flutter : [NET] POST endpoint=/api/v1/customer/order/get-Tax
10-05 02:24:37.118 24906 24906 I flutter : [NET] endpoint=/api/v1/customer/order/get-Tax http_status=200
10-05 02:24:37.118 24906 24906 I flutter : [NET] endpoint=/api/v1/customer/order/get-Tax http_status=200
10-05 02:24:37.361 27050 27050 I QAMARK  : BASE-S3-group-after-single
10-05 02:24:43.243 24906 24906 I flutter : [NET] POST endpoint=/api/v1/customer/order/get-Tax
10-05 02:24:43.244 24906 24906 I flutter : [NET] POST endpoint=/api/v1/customer/order/get-Tax
10-05 02:24:44.240 24906 24906 I flutter : [NET] endpoint=/api/v1/customer/order/get-Tax http_status=200
10-05 02:24:44.240 24906 24906 I flutter : [NET] endpoint=/api/v1/customer/order/get-Tax http_status=200
10-05 02:25:02.244 27130 27130 I QAMARK  : BASE-S3-group-fresh-relaunch
10-05 02:25:37.849 27405 27405 I QAMARK  : BASE-S3-group-fresh
10-05 02:25:38.442 27155 27155 I flutter : [NET] POST endpoint=/api/v1/customer/order/get-Tax
10-05 02:25:38.442 27155 27155 I flutter : [NET] POST endpoint=/api/v1/customer/order/get-Tax
10-05 02:25:39.440 27155 27155 I flutter : [NET] endpoint=/api/v1/customer/order/get-Tax http_status=200
10-05 02:25:39.441 27155 27155 I flutter : [NET] endpoint=/api/v1/customer/order/get-Tax http_status=200
10-05 02:25:44.192 27155 27155 I flutter : [NET] POST endpoint=/api/v1/customer/order/get-Tax
10-05 02:25:44.193 27155 27155 I flutter : [NET] POST endpoint=/api/v1/customer/order/get-Tax
10-05 02:25:45.226 27155 27155 I flutter : [NET] endpoint=/api/v1/customer/order/get-Tax http_status=200
10-05 02:25:45.228 27155 27155 I flutter : [NET] endpoint=/api/v1/customer/order/get-Tax http_status=200
10-05 02:26:07.288 27509 27509 I QAMARK  : BASE-S3-group-fresh-r1-relaunch
10-05 02:26:43.191 27774 27774 I QAMARK  : BASE-S3-group-fresh-r1
10-05 02:26:43.860 27530 27530 I flutter : [NET] POST endpoint=/api/v1/customer/order/get-Tax
10-05 02:26:43.860 27530 27530 I flutter : [NET] POST endpoint=/api/v1/customer/order/get-Tax
10-05 02:26:44.856 27530 27530 I flutter : [NET] endpoint=/api/v1/customer/order/get-Tax http_status=200
10-05 02:26:44.856 27530 27530 I flutter : [NET] endpoint=/api/v1/customer/order/get-Tax http_status=200
10-05 02:26:49.028 27530 27530 I flutter : [NET] POST endpoint=/api/v1/customer/order/get-Tax
10-05 02:26:49.028 27530 27530 I flutter : [NET] POST endpoint=/api/v1/customer/order/get-Tax
10-05 02:26:50.028 27530 27530 I flutter : [NET] endpoint=/api/v1/customer/order/get-Tax http_status=200
10-05 02:26:50.030 27530 27530 I flutter : [NET] endpoint=/api/v1/customer/order/get-Tax http_status=200
10-05 02:27:10.191 27897 27897 I QAMARK  : BASE-S3-group-fresh-r2-relaunch
10-05 02:27:45.655 28177 28177 I QAMARK  : BASE-S3-group-fresh-r2
10-05 02:27:46.316 27914 27914 I flutter : [NET] POST endpoint=/api/v1/customer/order/get-Tax
10-05 02:27:46.317 27914 27914 I flutter : [NET] POST endpoint=/api/v1/customer/order/get-Tax
10-05 02:27:47.315 27914 27914 I flutter : [NET] endpoint=/api/v1/customer/order/get-Tax http_status=200
10-05 02:27:47.316 27914 27914 I flutter : [NET] endpoint=/api/v1/customer/order/get-Tax http_status=200
10-05 02:27:51.743 27914 27914 I flutter : [NET] POST endpoint=/api/v1/customer/order/get-Tax
10-05 02:27:51.744 27914 27914 I flutter : [NET] POST endpoint=/api/v1/customer/order/get-Tax
10-05 02:27:52.747 27914 27914 I flutter : [NET] endpoint=/api/v1/customer/order/get-Tax http_status=200
10-05 02:27:52.748 27914 27914 I flutter : [NET] endpoint=/api/v1/customer/order/get-Tax http_status=200
10-05 02:28:16.610 28276 28276 I QAMARK  : FIX-S3-group-fresh-r1-relaunch
10-05 02:28:52.210 28553 28553 I QAMARK  : FIX-S3-group-fresh-r1
10-05 02:28:52.795 28288 28288 I flutter : [NET] POST endpoint=/api/v1/customer/order/get-Tax
10-05 02:28:52.796 28288 28288 I flutter : [NET] POST endpoint=/api/v1/customer/order/get-Tax
10-05 02:28:53.794 28288 28288 I flutter : [NET] endpoint=/api/v1/customer/order/get-Tax http_status=200
10-05 02:28:53.794 28288 28288 I flutter : [NET] endpoint=/api/v1/customer/order/get-Tax http_status=200
10-05 02:28:58.577 28288 28288 I flutter : [NET] POST endpoint=/api/v1/customer/order/get-Tax
10-05 02:28:58.578 28288 28288 I flutter : [NET] POST endpoint=/api/v1/customer/order/get-Tax
10-05 02:28:59.578 28288 28288 I flutter : [NET] endpoint=/api/v1/customer/order/get-Tax http_status=200
10-05 02:28:59.578 28288 28288 I flutter : [NET] endpoint=/api/v1/customer/order/get-Tax http_status=200
10-05 02:29:19.188 28649 28649 I QAMARK  : FIX-S3-group-fresh-r2-relaunch
10-05 02:29:54.692 28924 28924 I QAMARK  : FIX-S3-group-fresh-r2
10-05 02:29:55.026 28669 28669 I flutter : [NET] POST endpoint=/api/v1/customer/order/get-Tax
10-05 02:29:55.026 28669 28669 I flutter : [NET] POST endpoint=/api/v1/customer/order/get-Tax
10-05 02:29:56.024 28669 28669 I flutter : [NET] endpoint=/api/v1/customer/order/get-Tax http_status=200
10-05 02:29:56.024 28669 28669 I flutter : [NET] endpoint=/api/v1/customer/order/get-Tax http_status=200
10-05 02:30:00.793 28669 28669 I flutter : [NET] POST endpoint=/api/v1/customer/order/get-Tax
10-05 02:30:00.794 28669 28669 I flutter : [NET] POST endpoint=/api/v1/customer/order/get-Tax
10-05 02:30:01.797 28669 28669 I flutter : [NET] endpoint=/api/v1/customer/order/get-Tax http_status=200
10-05 02:30:01.798 28669 28669 I flutter : [NET] endpoint=/api/v1/customer/order/get-Tax http_status=200
10-05 02:30:39.298 29028 29028 I QAMARK  : BASE-S4-relaunch
10-05 02:31:25.733 29404 29404 I QAMARK  : BASE-S4-stock0-fresh
10-05 02:31:55.657 29521 29521 I QAMARK  : BASE-S4-relaunch2
10-05 02:32:37.485 29859 29859 I QAMARK  : BASE-S4-stock0-fresh
10-05 02:32:40.417 29543 29543 I flutter : [NET] POST endpoint=/api/v1/customer/order/get-Tax
10-05 02:32:41.415 29543 29543 I flutter : [NET] endpoint=/api/v1/customer/order/get-Tax http_status=403
10-05 02:32:41.425 29543 29543 I flutter : [FAIL] endpoint=/api/v1/customer/order/get-Tax http_status=403 type=ApiFailure msg="api request failed" correlation_id=d449f9e9-7d37-4d87-9556-b4f99deb46f7
10-05 02:32:41.469 29543 29543 I flutter : [NET] POST endpoint=/api/v1/customer/order/get-Tax
10-05 02:32:42.016 29543 29543 I flutter : [NET] endpoint=/api/v1/customer/order/get-Tax http_status=403
10-05 02:32:42.017 29543 29543 I flutter : [FAIL] endpoint=/api/v1/customer/order/get-Tax http_status=403 type=ApiFailure msg="api request failed" correlation_id=d9995dd8-b7b7-4d94-a76d-e0d152f38ebf
10-05 02:32:42.036 29543 29543 I flutter : [NET] POST endpoint=/api/v1/customer/order/get-Tax
10-05 02:32:43.016 29543 29543 I flutter : [NET] endpoint=/api/v1/customer/order/get-Tax http_status=403
10-05 02:32:43.017 29543 29543 I flutter : [FAIL] endpoint=/api/v1/customer/order/get-Tax http_status=403 type=ApiFailure msg="api request failed" correlation_id=2c8e97c7-a130-486f-a89e-a8c42ff6f764
10-05 02:33:04.445 29957 29957 I QAMARK  : BASE-S5-relaunch
10-05 02:33:40.376 30229 30229 I QAMARK  : BASE-S5-cart-over-cap
10-05 02:33:43.520 29977 29977 I flutter : [NET] POST endpoint=/api/v1/customer/order/get-Tax
10-05 02:33:44.488 29977 29977 I flutter : [NET] endpoint=/api/v1/customer/order/get-Tax http_status=200
10-05 02:33:46.391 29977 29977 I flutter : [WARN] msg="checkout: cash hidden reason=cod_cap (single-store full amount over cap)"
10-05 02:34:51.691 30711 30711 I QAMARK  : BASE-S5-camp-q2-cap46
10-05 02:35:59.630 31083 31083 I QAMARK  : BASE-S5-camp-q2-cap46
10-05 02:36:05.625 29977 29977 I flutter : The following exception was thrown checkout: cod cap verdict not scheduled (tax components missing):
10-05 02:36:05.633 29977 29977 I flutter : [FAIL] endpoint=/api/v1/customer/order/get-Tax http_status=null type=ApiFailure msg="checkout: cod cap verdict not scheduled (tax components missing)"
10-05 02:36:29.886 31176 31176 I QAMARK  : FIX-S6-relaunch
10-05 02:37:08.751 31492 31492 I QAMARK  : FIX-S6-race
10-05 02:37:11.758 31190 31190 I flutter : [NET] POST endpoint=/api/v1/customer/order/get-Tax
10-05 02:37:20.172 31190 31190 I flutter : [NET] endpoint=/api/v1/customer/order/get-Tax http_status=200
10-05 02:42:36.937 32210 32210 I QAMARK  : MUT-Q5-setup
10-05 02:44:41.433  1236  1236 I QAMARK  : MUT-Q5-cart
10-05 02:44:44.290 32222 32222 I flutter : [NET] POST endpoint=/api/v1/customer/order/get-Tax
10-05 02:44:45.392 32222 32222 I flutter : [NET] endpoint=/api/v1/customer/order/get-Tax http_status=200
10-05 02:44:45.422 32222 32222 I flutter : [NET] POST endpoint=/api/v1/customer/order/get-Tax
10-05 02:44:45.565 32222 32222 I flutter : [NET] endpoint=/api/v1/customer/order/get-Tax http_status=200
10-05 02:44:45.581 32222 32222 I flutter : [NET] POST endpoint=/api/v1/customer/order/get-Tax
10-05 02:44:46.570 32222 32222 I flutter : [NET] endpoint=/api/v1/customer/order/get-Tax http_status=200
10-05 02:44:46.595 32222 32222 I flutter : [NET] POST endpoint=/api/v1/customer/order/get-Tax
10-05 02:44:47.569 32222 32222 I flutter : [NET] endpoint=/api/v1/customer/order/get-Tax http_status=200
10-05 02:44:47.601 32222 32222 I flutter : [NET] POST endpoint=/api/v1/customer/order/get-Tax
10-05 02:44:48.570 32222 32222 I flutter : [NET] endpoint=/api/v1/customer/order/get-Tax http_status=200
10-05 02:44:48.595 32222 32222 I flutter : [NET] POST endpoint=/api/v1/customer/order/get-Tax
10-05 02:44:49.570 32222 32222 I flutter : [NET] endpoint=/api/v1/customer/order/get-Tax http_status=200
10-05 02:44:49.599 32222 32222 I flutter : [NET] POST endpoint=/api/v1/customer/order/get-Tax
10-05 02:44:50.571 32222 32222 I flutter : [NET] endpoint=/api/v1/customer/order/get-Tax http_status=200
10-05 02:44:50.596 32222 32222 I flutter : [NET] POST endpoint=/api/v1/customer/order/get-Tax
10-05 02:44:51.573 32222 32222 I flutter : [NET] endpoint=/api/v1/customer/order/get-Tax http_status=200
10-05 02:44:51.600 32222 32222 I flutter : [NET] POST endpoint=/api/v1/customer/order/get-Tax
10-05 02:44:52.574 32222 32222 I flutter : [NET] endpoint=/api/v1/customer/order/get-Tax http_status=200
10-05 02:44:52.595 32222 32222 I flutter : [NET] POST endpoint=/api/v1/customer/order/get-Tax
10-05 02:44:53.577 32222 32222 I flutter : [NET] endpoint=/api/v1/customer/order/get-Tax http_status=200
10-05 02:44:53.595 32222 32222 I flutter : [NET] POST endpoint=/api/v1/customer/order/get-Tax
10-05 02:44:54.578 32222 32222 I flutter : [NET] endpoint=/api/v1/customer/order/get-Tax http_status=200
10-05 02:44:54.597 32222 32222 I flutter : [NET] POST endpoint=/api/v1/customer/order/get-Tax
10-05 02:44:55.580 32222 32222 I flutter : [NET] endpoint=/api/v1/customer/order/get-Tax http_status=200
10-05 02:44:55.600 32222 32222 I flutter : [NET] POST endpoint=/api/v1/customer/order/get-Tax
10-05 02:44:56.579 32222 32222 I flutter : [NET] endpoint=/api/v1/customer/order/get-Tax http_status=200
10-05 02:44:56.595 32222 32222 I flutter : [NET] POST endpoint=/api/v1/customer/order/get-Tax
10-05 02:44:57.582 32222 32222 I flutter : [NET] endpoint=/api/v1/customer/order/get-Tax http_status=200
10-05 02:44:57.593 32222 32222 I flutter : [NET] POST endpoint=/api/v1/customer/order/get-Tax
10-05 02:44:58.583 32222 32222 I flutter : [NET] endpoint=/api/v1/customer/order/get-Tax http_status=200
10-05 02:44:58.593 32222 32222 I flutter : [NET] POST endpoint=/api/v1/customer/order/get-Tax
10-05 02:44:59.591 32222 32222 I flutter : [NET] endpoint=/api/v1/customer/order/get-Tax http_status=200
10-05 02:44:59.610 32222 32222 I flutter : [NET] POST endpoint=/api/v1/customer/order/get-Tax
10-05 02:45:00.592 32222 32222 I flutter : [NET] endpoint=/api/v1/customer/order/get-Tax http_status=200
10-05 02:45:00.614 32222 32222 I flutter : [NET] POST endpoint=/api/v1/customer/order/get-Tax
10-05 02:45:01.595 32222 32222 I flutter : [NET] endpoint=/api/v1/customer/order/get-Tax http_status=200
10-05 02:45:01.612 32222 32222 I flutter : [NET] POST endpoint=/api/v1/customer/order/get-Tax
10-05 02:45:02.606 32222 32222 I flutter : [NET] endpoint=/api/v1/customer/order/get-Tax http_status=200
10-05 02:45:02.625 32222 32222 I flutter : [NET] POST endpoint=/api/v1/customer/order/get-Tax
10-05 02:45:03.607 32222 32222 I flutter : [NET] endpoint=/api/v1/customer/order/get-Tax http_status=200
10-05 02:45:03.628 32222 32222 I flutter : [NET] POST endpoint=/api/v1/customer/order/get-Tax
10-05 02:45:04.612 32222 32222 I flutter : [NET] endpoint=/api/v1/customer/order/get-Tax http_status=200
10-05 02:45:04.636 32222 32222 I flutter : [NET] POST endpoint=/api/v1/customer/order/get-Tax
10-05 02:45:05.610 32222 32222 I flutter : [NET] endpoint=/api/v1/customer/order/get-Tax http_status=200
10-05 02:45:05.628 32222 32222 I flutter : [NET] POST endpoint=/api/v1/customer/order/get-Tax
10-05 02:45:06.612 32222 32222 I flutter : [NET] endpoint=/api/v1/customer/order/get-Tax http_status=200
10-05 02:45:06.626 32222 32222 I flutter : [NET] POST endpoint=/api/v1/customer/order/get-Tax
10-05 02:45:07.619 32222 32222 I flutter : [NET] endpoint=/api/v1/customer/order/get-Tax http_status=200
10-05 02:45:07.648 32222 32222 I flutter : [NET] POST endpoint=/api/v1/customer/order/get-Tax
10-05 02:45:08.615 32222 32222 I flutter : [NET] endpoint=/api/v1/customer/order/get-Tax http_status=200
10-05 02:45:08.655 32222 32222 I flutter : [NET] POST endpoint=/api/v1/customer/order/get-Tax
10-05 02:45:09.617 32222 32222 I flutter : [NET] endpoint=/api/v1/customer/order/get-Tax http_status=200
10-05 02:45:09.629 32222 32222 I flutter : [NET] POST endpoint=/api/v1/customer/order/get-Tax
10-05 02:45:10.619 32222 32222 I flutter : [NET] endpoint=/api/v1/customer/order/get-Tax http_status=200
10-05 02:45:10.648 32222 32222 I flutter : [NET] POST endpoint=/api/v1/customer/order/get-Tax
10-05 02:45:11.620 32222 32222 I flutter : [NET] endpoint=/api/v1/customer/order/get-Tax http_status=200
10-05 02:45:11.654 32222 32222 I flutter : [NET] POST endpoint=/api/v1/customer/order/get-Tax
10-05 02:45:12.622 32222 32222 I flutter : [NET] endpoint=/api/v1/customer/order/get-Tax http_status=200
10-05 02:45:12.655 32222 32222 I flutter : [NET] POST endpoint=/api/v1/customer/order/get-Tax
10-05 02:45:13.624 32222 32222 I flutter : [NET] endpoint=/api/v1/customer/order/get-Tax http_status=200
10-05 02:45:13.642 32222 32222 I flutter : [NET] POST endpoint=/api/v1/customer/order/get-Tax
10-05 02:45:14.625 32222 32222 I flutter : [NET] endpoint=/api/v1/customer/order/get-Tax http_status=200
10-05 02:45:14.643 32222 32222 I flutter : [NET] POST endpoint=/api/v1/customer/order/get-Tax
10-05 02:45:15.626 32222 32222 I flutter : [NET] endpoint=/api/v1/customer/order/get-Tax http_status=200
10-05 02:45:15.642 32222 32222 I flutter : [NET] POST endpoint=/api/v1/customer/order/get-Tax
10-05 02:45:16.626 32222 32222 I flutter : [NET] endpoint=/api/v1/customer/order/get-Tax http_status=200
10-05 02:45:16.643 32222 32222 I flutter : [NET] POST endpoint=/api/v1/customer/order/get-Tax
10-05 02:45:17.629 32222 32222 I flutter : [NET] endpoint=/api/v1/customer/order/get-Tax http_status=200
10-05 02:45:17.645 32222 32222 I flutter : [NET] POST endpoint=/api/v1/customer/order/get-Tax
10-05 02:45:18.631 32222 32222 I flutter : [NET] endpoint=/api/v1/customer/order/get-Tax http_status=200
10-05 02:45:18.642 32222 32222 I flutter : [NET] POST endpoint=/api/v1/customer/order/get-Tax
