NEARS-1199: using private test DB multi_food_db_test_nears_nears_2101_drop_stale_regression_t
PHPUnit 11.5.55 by Sebastian Bergmann and contributors.

Runtime:       PHP 8.5.6
Configuration: /Users/Apple/Projects/nears-NEARS-2101-drop-stale-regression-test/Admin/phpunit.xml

....DD.......................................................   61 / 1425 (  4%)
.........................................[FAIL] OpenTelemetry export failed; Laravel logger unavailable: Monolog handler is dead (bad channel / full disk)
[FAIL] OpenTelemetry export failed; Laravel logger unavailable: Monolog handler is dead (bad channel / full disk)
....................  122 / 1425 (  8%)
.............................................................  183 / 1425 ( 12%)
.............................................................  244 / 1425 ( 17%)
.............................................................  305 / 1425 ( 21%)
.............................................................  366 / 1425 ( 25%)
.............................................................  427 / 1425 ( 29%)
.............................................................  488 / 1425 ( 34%)
.............................................................  549 / 1425 ( 38%)
.............................................................  610 / 1425 ( 42%)
.............................................................  671 / 1425 ( 47%)
.............................................................  732 / 1425 ( 51%)
.............................................................  793 / 1425 ( 55%)
.............................................................  854 / 1425 ( 59%)
.............................................................  915 / 1425 ( 64%)
.............................................................  976 / 1425 ( 68%)
............................................................. 1037 / 1425 ( 72%)
............................................................. 1098 / 1425 ( 77%)
............................................................. 1159 / 1425 ( 81%)
............................................................. 1220 / 1425 ( 85%)
...............................................E............. 1281 / 1425 ( 89%)
............................................................. 1342 / 1425 ( 94%)
..........S.................................................. 1403 / 1425 ( 98%)
......................                                        1425 / 1425 (100%)

Time: 05:53.850, Memory: 403.50 MB

There was 1 error:

1) Tests\Feature\Security\ZoneContainsSqlInjectionTest::test_contains_scope_binds_its_argument
BadMethodCallException: Call to undefined method Illuminate\Database\Eloquent\Builder::contains()

/Users/Apple/Projects/nears-NEARS-2101-drop-stale-regression-test/Admin/vendor/laravel/framework/src/Illuminate/Support/Traits/ForwardsCalls.php:67
/Users/Apple/Projects/nears-NEARS-2101-drop-stale-regression-test/Admin/vendor/laravel/framework/src/Illuminate/Support/Traits/ForwardsCalls.php:36
/Users/Apple/Projects/nears-NEARS-2101-drop-stale-regression-test/Admin/vendor/laravel/framework/src/Illuminate/Database/Eloquent/Builder.php:2240
/Users/Apple/Projects/nears-NEARS-2101-drop-stale-regression-test/Admin/tests/Feature/Security/ZoneContainsSqlInjectionTest.php:17

ERRORS!
Tests: 1425, Assertions: 13274, Errors: 1, Deprecations: 1, Skipped: 1.
