NEARS-1199: using private test DB multi_food_db_test_nears_nears_3856_backend_logging
PHPUnit 11.5.55 by Sebastian Bergmann and contributors.

Runtime:       PHP 8.2.33
Configuration: /Users/Apple/Projects/nears-NEARS-3856-backend-logging/Admin/phpunit.xml

............                                                      12 / 12 (100%)

Time: 00:01.781, Memory: 125.00 MB

OK, but there were issues!
Tests: 12, Assertions: 85, PHPUnit Deprecations: 1.
NEARS-1199: using private test DB multi_food_db_test_nears_nears_3856_backend_logging
PHPUnit 11.5.55 by Sebastian Bergmann and contributors.

Runtime:       PHP 8.2.33
Configuration: /Users/Apple/Projects/nears-NEARS-3856-backend-logging/Admin/phpunit.xml

.............                                                     13 / 13 (100%)

Time: 00:01.480, Memory: 117.00 MB

OK, but there were issues!
Tests: 13, Assertions: 68, PHPUnit Deprecations: 1.
NEARS-1199: using private test DB multi_food_db_test_nears_nears_3856_backend_logging
PHPUnit 11.5.55 by Sebastian Bergmann and contributors.

Runtime:       PHP 8.2.33
Configuration: /Users/Apple/Projects/nears-NEARS-3856-backend-logging/Admin/phpunit.xml

...............................................................  63 / 352 ( 17%)
............................................................... 126 / 352 ( 35%)
............................................................... 189 / 352 ( 53%)
............................................................... 252 / 352 ( 71%)
............................................................... 315 / 352 ( 89%)
.....................................                           352 / 352 (100%)

Time: 00:33.260, Memory: 185.00 MB

OK, but there were issues!
Tests: 352, Assertions: 2793, PHPUnit Deprecations: 1.
