# G10 create-account guest group (proxy + device log, allow-list only)
=== G10 guest create-account place
22:22:02 POST /api/v1/customer/order/group/validate -> 200 rid=76e04bef-377c-498f-b69f-454d355afeee 483ms
22:22:03 POST /api/v1/customer/order/group/place -> 200 rid=4ba02bc3-af82-438e-b8e5-bc54c253bc81 382ms
22:22:03 DELETE /api/v1/customer/cart/remove -> 200 rid=88357562-b6e9-4810-9fb2-aac03aab4c06 107ms
22:22:04 GET /payment-mobile -> 302 rid=- 160ms
22:22:04 GET /api/v1/customer/cart/list -> 200 rid=020048ed-d254-43d9-9e89-d9c08e98e3d7 104ms
22:22:05 GET /payment/paypal/pay -> 200 rid=- 663ms
=== G10 dialog
22:22:23 GET /api/v1/customer/order/group/details -> 404 code=group rid=85eed103-07e8-405c-b4d5-eb890e74cfd6 978ms
=== G10 cancel tap
22:22:38 GET /api/v1/customer/order/group/details -> 404 code=group rid=b207fdde-848a-4dbc-b311-77f39d78e62f 98ms
=== G10 switch tap
22:22:47 GET /api/v1/customer/order/group/details -> 404 code=group rid=ec3d72fb-fb14-40d3-8267-8e18391f92a3 100ms
=== G10 base-equivalent single-child cancel (guest_id=1970, no auth)
22:23:34 PUT /api/v1/customer/order/cancel -> 401 rid=qa3944-base-equiv-cancel-91462 96ms

[FAIL] endpoint=/api/v1/customer/order/group/details http_status=404 type=ApiFailure msg="api request failed" correlation_id=85eed103-07e8-405c-b4d5-eb890e74cfd6
[FAIL] endpoint=/api/v1/customer/order/group/details http_status=null type=ApiFailure msg="order: group recovery roster unknown groupId=57136cc1-b75b-4e3e-97f9-482351ed862a"
[FAIL] endpoint=/api/v1/customer/order/group/details http_status=404 type=ApiFailure msg="api request failed" correlation_id=b207fdde-848a-4dbc-b311-77f39d78e62f
[FAIL] endpoint=/api/v1/customer/order/group/details http_status=null type=ApiFailure msg="order: group recovery roster unknown groupId=57136cc1-b75b-4e3e-97f9-482351ed862a"
[FAIL] endpoint=/api/v1/customer/order/group/details http_status=404 type=ApiFailure msg="api request failed" correlation_id=ec3d72fb-fb14-40d3-8267-8e18391f92a3
[FAIL] endpoint=/api/v1/customer/order/group/details http_status=null type=ApiFailure msg="order: group recovery roster unknown groupId=57136cc1-b75b-4e3e-97f9-482351ed862a"
