# NEARS-3944 fix-cycle 1 (rebased 1d553a158) - proxy log (method/path/status/rid only) + app [FAIL] lines (allow-list)
## proxy
=== F1 airplane Switch
=== F1 airplane Cancel
=== F2 404 open
22:56:38 GET /api/v1/customer/order/group/details -> 404 INJECTED-BY-PROXY (not forwarded) rid=1e252a4f-3568-48a8-ac88-a679197358f0
=== F2 404 Switch
22:56:50 GET /api/v1/customer/order/group/details -> 404 INJECTED-BY-PROXY (not forwarded) rid=bf7b339a-be46-4280-9f7c-f38f359b4b03
=== F2 404 Cancel
22:57:00 GET /api/v1/customer/order/group/details -> 404 INJECTED-BY-PROXY (not forwarded) rid=53c88f98-f060-4edf-96ca-260a7ad2afd5
22:57:34 GET /api/v1/customer/order/group/details -> 200 rid=c205960a-1d3b-40eb-9395-6569256b63a6 1638ms
22:57:34 GET /api/v1/customer/order/payment-failed -> 200 rid=4e271ca1-2caf-446f-ae87-0e4ee9e3ace5 146ms
22:57:35 GET /api/v1/customer/order/payment-failed -> 200 rid=3a06d96d-849c-4626-b060-981dcd9d3b1b 113ms
=== F3 partial
22:57:39 GET /api/v1/customer/order/group/details -> 200 rid=8383841a-b89b-493c-8bfe-fc6dae9aa586 113ms
22:57:40 GET /api/v1/customer/order/payment-failed -> 200 rid=949a0ce0-c9e0-4922-bce7-1efc9d344e5e 224ms
22:57:41 GET /api/v1/customer/order/payment-failed -> 200 rid=a902b0be-d08b-4538-995e-9cca5b10fe94 156ms
22:57:45 HOLD response of PUT /api/v1/customer/order/payment-method status=200 rid=fc9bf00b-bcbc-43e7-9c9c-085a2b739435 (upstream already done)
22:57:45 PUT /api/v1/customer/order/payment-method -> 200 rid=fc9bf00b-bcbc-43e7-9c9c-085a2b739435 3290ms (held+released)
22:57:46 PUT /api/v1/customer/order/payment-method -> 203 code=order_amount rid=c8059f0b-1dbb-4d99-b23d-810454c9d9e1 130ms
=== smoke guard
=== smoke retry
22:58:18 GET /api/v1/customer/order/group/details -> 200 rid=5e894c57-543f-4be2-92c6-d76204b879e6 134ms
22:58:19 GET /api/v1/customer/order/payment-failed -> 200 rid=a33ccb04-7883-4cc9-bc81-f015e83bc28b 135ms
22:58:20 GET /api/v1/customer/order/payment-failed -> 200 rid=318943c6-06f9-4857-a71b-d8c341c0f5b6 296ms
22:58:22 PUT /api/v1/customer/order/payment-method -> 200 rid=cc2768cb-7650-4988-8b3f-015dd5d60dfb 1355ms
22:58:23 GET /api/v1/customer/order/group/details -> 200 rid=6c19494e-4784-472b-9d2e-1f39209b6038 128ms
22:58:24 GET /api/v1/customer/order/payment-failed -> 200 rid=87623d19-2289-4573-a4cc-655f02c92c82 161ms
22:58:25 GET /api/v1/customer/order/payment-failed -> 200 rid=108fd7ea-ebca-4782-89e6-e8308117cbd6 131ms
22:58:26 GET /api/v1/customer/order/payment-failed -> 200 rid=1ec270e1-ca98-431a-afe7-a3f633aec7f6 585ms
=== C1-G2 place
23:01:33 POST /api/v1/customer/order/group/validate -> 200 rid=b907c3c6-1e31-46b0-a734-2c4be6ae2328 589ms
23:01:33 POST /api/v1/customer/order/group/place -> 200 rid=69fbe483-692a-41a9-a173-120621aece9b 322ms
23:01:34 GET /payment-mobile -> 302 rid=- 204ms
23:01:51 GET /api/v1/customer/order/group/details -> 200 rid=29787eb0-41de-4947-a61b-70c7e09c0b4e 213ms
23:01:52 GET /api/v1/customer/order/payment-failed -> 200 rid=46962fd7-8375-4d8e-94df-474e84054350 197ms
23:01:53 GET /api/v1/customer/order/payment-failed -> 200 rid=9e6dc235-67e7-486e-ae9d-710d142ef6fa 131ms
=== C1-G2 switch-all
23:02:03 GET /api/v1/customer/order/group/details -> 200 rid=e3bb8f2c-0403-4ca4-9b2b-5cea057fa694 2372ms
23:02:03 GET /api/v1/customer/order/payment-failed -> 200 rid=d37fe058-3071-47fe-bcd8-add5c180d482 122ms
23:02:04 GET /api/v1/customer/order/payment-failed -> 200 rid=d81da828-8ec1-413d-87f5-1130e703c3bd 130ms
23:02:07 PUT /api/v1/customer/order/payment-method -> 200 rid=5cf9ffbe-2b87-4bd2-a36a-d67bccd2d468 2286ms
23:02:09 PUT /api/v1/customer/order/payment-method -> 200 rid=f848d7ec-5c99-4db5-85d6-8900044e32d6 1303ms
23:02:10 GET /api/v1/customer/order/group/details -> 200 rid=883d0530-e91b-47ac-9955-6e494c4ccadc 138ms
23:02:11 GET /api/v1/customer/order/payment-failed -> 200 rid=8c8c953a-1b45-430c-9fb2-b05990559d58 202ms
23:02:12 GET /api/v1/customer/order/payment-failed -> 200 rid=acb87b0d-0777-4b86-a2d9-7f286e3ed267 129ms
=== C1-single place
=== C1-single place
23:07:53 POST /api/v1/customer/order/place -> 200 rid=ee7f147d-8cea-4a2d-9f6a-9f43d17d9386 209ms
23:07:55 GET /payment-mobile -> 302 rid=- 87ms
=== C1-single dialog
23:08:25 PUT /api/v1/customer/order/payment-method -> 200 rid=c790f18c-4241-452e-8661-a39912a84e24 1098ms

## app [FAIL] lines from mark1 onward
[FAIL] endpoint=/api/v1/customer/order/group/details http_status=null type=ApiFailure transport_error=socket msg="api request threw" correlation_id=f943d7e6-f0a9-41d9-aa6b-22e15a469045
[FAIL] endpoint=/api/v1/customer/order/group/details http_status=null type=ApiFailure msg="order: group recovery roster unknown groupId=892e5057-c3ff-4406-ba30-c05a2e537bb8"
[FAIL] endpoint=/api/v1/customer/order/group/details http_status=null type=ApiFailure transport_error=socket msg="api request threw" correlation_id=eac6058f-ae4e-4bbe-8473-dbaa06ba534b
[FAIL] endpoint=/api/v1/customer/order/group/details http_status=null type=ApiFailure msg="order: group recovery roster unknown groupId=892e5057-c3ff-4406-ba30-c05a2e537bb8"
[FAIL] endpoint=/api/v1/customer/order/group/details http_status=null type=ApiFailure transport_error=socket msg="api request threw" correlation_id=0e460179-c864-4511-899b-adc48993fd86
[FAIL] endpoint=/api/v1/customer/order/group/details http_status=null type=ApiFailure msg="order: group recovery roster unknown groupId=892e5057-c3ff-4406-ba30-c05a2e537bb8"
[FAIL] endpoint=/api/v1/customer/order/group/details http_status=404 type=ApiFailure msg="unhandled api response" correlation_id=1e252a4f-3568-48a8-ac88-a679197358f0
[FAIL] endpoint=/api/v1/customer/order/group/details http_status=null type=ApiFailure msg="order: group recovery roster unknown groupId=892e5057-c3ff-4406-ba30-c05a2e537bb8"
[FAIL] endpoint=/api/v1/customer/order/group/details http_status=404 type=ApiFailure msg="unhandled api response" correlation_id=bf7b339a-be46-4280-9f7c-f38f359b4b03
[FAIL] endpoint=/api/v1/customer/order/group/details http_status=null type=ApiFailure msg="order: group recovery roster unknown groupId=892e5057-c3ff-4406-ba30-c05a2e537bb8"
[FAIL] endpoint=/api/v1/customer/order/group/details http_status=404 type=ApiFailure msg="unhandled api response" correlation_id=53c88f98-f060-4edf-96ca-260a7ad2afd5
[FAIL] endpoint=/api/v1/customer/order/group/details http_status=null type=ApiFailure msg="order: group recovery roster unknown groupId=892e5057-c3ff-4406-ba30-c05a2e537bb8"
[FAIL] endpoint=/api/v1/customer/order/payment-method http_status=203 type=ApiFailure msg="order: group switch to cash stopped groupId=892e5057-c3ff-4406-ba30-c05a2e537bb8 orderId=91471 done=1 total=2" correlation_id=c8059f0b-1dbb-4d99-b23d-810454c9d9e1
