09-12 04:40:47.884 20755 20755 I flutter : ----------------FIREBASE CRASHLYTICS----------------
09-12 04:40:47.884 20755 20755 I flutter : 'package:flutter/src/widgets/navigator.dart': Failed assertion: line 5064 pos 12: '!_debugLocked': is not true.
09-12 04:40:47.884 20755 20755 I flutter : #0      _AssertionError._doThrowNew (dart:core-patch/errors_patch.dart:67:4)
09-12 04:40:47.884 20755 20755 I flutter : #1      _AssertionError._throwNew (dart:core-patch/errors_patch.dart:49:5)
09-12 04:40:47.884 20755 20755 I flutter : #2      NavigatorState._pushEntry (package:flutter/src/widgets/navigator.dart:5064:12)
09-12 04:40:47.884 20755 20755 I flutter : #3      NavigatorState.push (package:flutter/src/widgets/navigator.dart:5012:5)
09-12 04:40:47.884 20755 20755 I flutter : #4      ExtensionDialog.generalDialog (package:get/get_navigation/src/extension_navigation.dart:131:16)
09-12 04:40:47.884 20755 20755 I flutter : #5      ExtensionDialog.dialog (package:get/get_navigation/src/extension_navigation.dart:85:12)
09-12 04:40:47.884 20755 20755 I flutter : #6      PaymentScreenState._exitApp (package:nears_vendor/features/payment/screens/payment_screen.dart:111:16)
09-12 04:40:47.884 20755 20755 I flutter : #7      PaymentScreenState.build.<anonymous closure> (package:nears_vendor/features/payment/screens/payment_screen.dart:85:9)
09-12 04:40:47.884 20755 20755 I flutter : #8      PopScope._callPopInvoked (package:flutter/src/widgets/pop_scope.dart:146:30)
09-12 04:40:47.884 20755 20755 I flutter : #9      _PopScopeState.onPopInvokedWithResult (package:flutter/src/widgets/pop_scope.dart:181:12)
09-12 04:40:47.884 20755 20755 I flutter : #10     ModalRoute.onPopInvokedWithResult (package:flutter/src/widgets/routes.dart:
09-12 04:40:47.884 20755 20755 I flutter : ----------------------------------------------------
09-12 04:40:47.886   644  2066 W AS.PlaybackActivityMon: No piid assigned for invalid/internal port id 15
09-12 04:40:47.887   644  2066 W AS.PlaybackActivityMon: No piid assigned for invalid/internal port id 15
09-12 04:40:47.897   644  2066 D FileUtils: Rounded bytes from 3155017728 to 4000000000
09-12 04:40:47.925   480   576 W skia    : AGTM parsing failed flags.readFromStream(s) at 159
09-12 04:40:47.925   480   576 W skia    : AGTM parsing failed flags.readFromStream(s) at 159
09-12 04:40:47.925   644  2066 D FileUtils: Rounded bytes from 3155017728 to 4000000000
09-12 04:40:48.024   480   576 W skia    : AGTM parsing failed flags.readFromStream(s) at 159
