NEARS-1199: using private test DB multi_food_db_test_nears_nears_3832_cancel_restock
PHPUnit 11.5.55 by Sebastian Bergmann and contributors.

Runtime:       PHP 8.2.33
Configuration: /Users/Apple/Projects/nears-NEARS-3832-cancel-restock/Admin/phpunit.xml

.............                                                     13 / 13 (100%)

Time: 00:01.151, Memory: 109.00 MB

Cancel Order Reentry (Tests\Feature\CancelOrderReentry)
 ✔ Double cancel does not double refund or double restock
 ✔ Refund before delivered is idempotent on repeat call
 ✔ Guest paid digital order cancel reverses admin wallet

Nears3832Cancel Restock Item Module (Tests\Feature\Nears3832CancelRestockItemModule)
 ✔ Customer cancel credits stock line under non stock order module
 ✔ Customer cancel does not credit non stock line under stock order module
 ✔ Customer cancel campaign line uses campaign module
 ✔ Cancel mixed group child restocks only that child
 ✔ Orphan line is logged and skipped cancel completes
 ✔ Line with unconfigured module is logged and skipped
 ✔ Admin cancel credits stock line under non stock order module
 ✔ Single module cancel credits once and recancel is 409

Order Endpoints Guest Idor (Tests\Feature\OrderEndpointsGuestIdor)
 ✔ Guest cannot cancel authenticated users order via id collision
 ✔ Authenticated owner can cancel own pending order

OK, but there were issues!
Tests: 13, Assertions: 71, PHPUnit Deprecations: 1.
