11660:00:59 +2501: /Users/Apple/Projects/nears-NEARS-3066-domain-getfind-refactor/UserApp/test/features/payment/payment_screen_error_retry_test.dart: field-mutability bug fix — the spinner clears on load completion onLoadStop flips _isLoading to false, clearing the spinner
11661-[INFO] msg="payment screen initialised"
11662-[INFO] msg="payment webview load stop"
11663-══╡ EXCEPTION CAUGHT BY FLUTTER TEST FRAMEWORK ╞════════════════════════════════════════════════════
11664-The following _TypeError was thrown running a test:
11665-type 'Null' is not a subtype of type 'PaymentRedirectOutcome'
11666-
11667-When the exception was thrown, this was the stack:
11668-#0      _NoopOrderService.paymentRedirect (file:///Users/Apple/Projects/nears-NEARS-3066-domain-getfind-refactor/UserApp/test/features/payment/payment_screen_error_retry_test.dart:45:7)
11669-#1      OrderController.paymentRedirect (package:sixam_mart/features/order/controllers/order_controller.dart:691:43)
11670-#2      MyInAppBrowser.onLoadStop (package:sixam_mart/features/payment/screens/payment_screen.dart:322:33)
11671-#3      AndroidInAppWebViewController._handleMethod (package:flutter_inappwebview_android/src/in_app_webview/in_app_webview_controller.dart:241:40)
11672-#4      AndroidInAppBrowser._handleMethod (package:flutter_inappwebview_android/src/in_app_browser/in_app_browser.dart:139:36)
11673-#5      InternalChannelController.initMethodCallHandler.<anonymous closure> (package:flutter_inappwebview_platform_interface/src/util.dart:631:30)
11674-#6      MethodChannel._handleAsMethodCall (package:flutter/src/services/platform_channel.dart:607:55)
11675-#7      MethodChannel.setMethodCallHandler.<anonymous closure> (package:flutter/src/services/platform_channel.dart:597:55)
11676-#8      TestDefaultBinaryMessenger.handlePlatformMessage (package:flutter_test/src/test_default_binary_messenger.dart:99:42)
11677-#9      main.simulateBrowserEvent (file:///Users/Apple/Projects/nears-NEARS-3066-domain-getfind-refactor/UserApp/test/features/payment/payment_screen_error_retry_test.dart:132:77)
11678-#10     main.<anonymous closure>.<anonymous closure> (file:///Users/Apple/Projects/nears-NEARS-3066-domain-getfind-refactor/UserApp/test/features/payment/payment_screen_error_retry_test.dart:360:13)
11679-<asynchronous suspension>
11680-#11     testWidgets.<anonymous closure>.<anonymous closure> (package:flutter_test/src/widget_tester.dart:192:15)
11681-<asynchronous suspension>
11682-#12     TestWidgetsFlutterBinding._runTestBody (package:flutter_test/src/binding.dart:1682:5)
11683-<asynchronous suspension>
11684-<asynchronous suspension>
11685-(elided one frame from package:stack_trace)
11686-
11687-The test description was:
11688-  onLoadStop flips _isLoading to false, clearing the spinner
11689-════════════════════════════════════════════════════════════════════════════════════════════════════
11690:00:59 +2501 -1: /Users/Apple/Projects/nears-NEARS-3066-domain-getfind-refactor/UserApp/test/features/payment/payment_screen_error_retry_test.dart: field-mutability bug fix — the spinner clears on load completion onLoadStop flips _isLoading to false, clearing the spinner [E]
11691-  Test failed. See exception logs above.
