# R2 store-page path (City Care Chemist -> Sunscreen SPF50 sheet): profile build d53bff3de, emulator-5660, TalkBack bound; harness UiAutomation performAction (no pointer events)
2026-10-01 10:44:25
touchExplorationEnabled=true
NODE [Dismiss] clickable=true actions=16,64,1048576,
NODE [Close] clickable=true actions=16,128,
NODE [Total Amount:] clickable=false actions=64,
NODE [ AED] clickable=false actions=64,
NODE [Decrease quantity] clickable=true actions=16,64,
NODE [Increase quantity] clickable=true actions=16,64,
NODE [Add To Cart] clickable=true actions=16,64,
NODE [1/4] clickable=true actions=16,64,
NODE [Sunscreen SPF50] clickable=false actions=64,
NODE [⁦41.94 AED⁩] clickable=false actions=64,
NODE [kg] clickable=false actions=64,
NODE [City Care Chemist (Abu Dhabi)] clickable=true actions=16,64,
NODE [3.9] clickable=false actions=64,
NODE [(11)] clickable=false actions=64,
NODE [Description] clickable=false actions=64,
NODE [Sunscreen SPF50 — fresh and ready for delivery from City Care Chemist (Abu Dhabi).] clickable=false actions=64,
NODE [Favourite] clickable=true actions=16,64,
NODE [1 / 4, Sunscreen SPF50] clickable=false actions=64,
NODES_WALKED 37
## focus name
NODES_WALKED 37
FOUND [Sunscreen SPF50] clickable=false actions=64,
PERFORM focus -> true
## focus price
NODES_WALKED 37
FOUND [⁦41.94 AED⁩] clickable=false actions=64,
PERFORM focus -> true
## ACTION_CLICK Increase quantity
NODES_WALKED 37
FOUND [Increase quantity] clickable=true actions=16,64,
PERFORM click -> true
## ACTION_CLICK Add To Cart
NODES_WALKED 37
FOUND [Add To Cart] clickable=true actions=16,64,
PERFORM click -> true
## DB after (+5s)
id	item_id	name	quantity	created_at
985	91	Tones Mild Chili Powder	1	2026-10-01 09:40:52
986	270	Tortilla Chips	2	2026-10-01 09:46:35
987	540	Side Salad	3	2026-10-01 09:52:47
991	91	Tones Mild Chili Powder	1	2026-10-01 10:34:19
992	683	Eye Drops	1	2026-10-01 10:43:24
993	674	Sunscreen SPF50	2	2026-10-01 10:44:30
