# R9 flag ON (cross_module_basket=1 on copy, config true proven), mixed basket (modules 1,2,3; 4 stores), user 1, profile d53bff3de, emulator-5660
## UI Fresh local group: row1 'Tones | 3 gm' = 991 (64g q3), row2 'Tones | 1 gm' = 994 (100g q1)
## DB before
id	module_id	item_id	quantity	variation
986	1	270	2	[]
987	2	540	3	[]
991	1	91	3	[{"type":"64g","price":100}]
992	3	683	1	[]
993	3	674	2	[]
994	1	91	1	[{"type":"100g","price":150}]
10:48:11 swipe row2 left (bounds [90,2163][1254,2395]) -> unlabeled Button [1021,2163][1254,2395]; tap centre
## DB after (+6s)
id	module_id	item_id	quantity	variation
986	1	270	2	[]
987	2	540	3	[]
992	3	683	1	[]
993	3	674	2	[]
994	1	91	1	[{"type":"100g","price":150}]
## UI after (r9-flagon-cart-after.xml)
[90,1467][1254,1641] 'Fresh local, Grocery, 1 Item, \u2066105.00 AED\u2069'
[90,1704][1254,2133] 'Tones Mild Chili Powder | 1 gm | \u206670.00 AED\u2069 - \u2066210.00 AED\u2069 | \u2066100.00 AED\u2069 - \u2066300.00 AED\u2069 | 1'
[90,2325][1254,2395] 'Add More Items, Fresh local'
