09-02 06:13:42.235 19992 19992 I flutter : ----------------FIREBASE CRASHLYTICS----------------
09-02 06:13:42.235 19992 19992 I flutter : The following exception was thrown location: getPosition threw (PermissionDeniedException) — falling back to default position:
09-02 06:13:42.235 19992 19992 I flutter : GetPositionFailure
09-02 06:13:42.235 19992 19992 I flutter : #0      GeolocatorAndroid.getCurrentPosition (package:geolocator_android/src/geolocator_android.dart:140:7)
09-02 06:13:42.235 19992 19992 I flutter : <asynchronous suspension>
09-02 06:13:42.235 19992 19992 I flutter : #1      LocationService.getPosition (package:sixam_mart/features/location/domain/services/location_service.dart:65:31)
09-02 06:13:42.235 19992 19992 I flutter : <asynchronous suspension>
09-02 06:13:42.235 19992 19992 I flutter : #2      LocationController.getCurrentLocation (package:sixam_mart/features/location/controllers/location_controller.dart:395:45)
09-02 06:13:42.235 19992 19992 I flutter : <asynchronous suspension>
09-02 06:13:42.235 19992 19992 I flutter : #3      _PickMapScreenState.build.<anonymous closure>.<anonymous closure>.<anonymous closure> (package:sixam_mart/features/location/screens/pick_map_screen.dart:264:57)
09-02 06:13:42.235 19992 19992 I flutter : <asynchronous suspension>
09-02 06:13:42.235 19992 19992 I flutter : ----------------------------------------------------
09-02 06:13:42.243 19992 19992 I flutter : [FAIL] endpoint=null http_status=null type=GetPositionFailure msg="location: getPosition threw (PermissionDeniedException) — falling back to default position"
09-02 06:13:42.245 19992 19992 I flutter : [NET] GET endpoint=/api/v1/config/geocode-api
09-02 06:13:42.440 19992 19992 I flutter : [NET] endpoint=/api/v1/config http_status=200
09-02 06:13:42.448 19992 19992 I flutter : [INFO] msg="splash: deeplink resolved canRoute=true"
09-02 06:13:42.448 19992 19992 I flutter : [INFO] msg="splash: routing"
09-02 06:13:42.590 19992 19992 I flutter : [NET] endpoint=/api/v1/config/get-zone-id http_status=404
09-02 06:13:42.590 19992 19992 I flutter : [INFO] msg="get-zone-id: no zone / out of zone — prompting location picker"
09-02 06:13:42.590 19992 19992 I flutter : [INFO] msg="location: inZone=false"
09-02 06:13:42.590 19992 19992 I flutter : [NET] GET endpoint=/api/v1/config/geocode-api
09-02 06:13:42.590 19992 19992 I flutter : [NET] GET endpoint=/api/v1/config/geocode-api
09-02 06:13:42.639 19992 19992 I flutter : [NET] GET endpoint=/api/v1/config/get-zone-id
09-02 06:13:42.646 19992 19992 I flutter : ----------------FIREBASE CRASHLYTICS----------------
09-02 06:13:42.646 19992 19992 I flutter : The following exception was thrown location: getPosition threw (PermissionDeniedException) — falling back to default position:
09-02 06:13:42.646 19992 19992 I flutter : GetPositionFailure
09-02 06:13:42.646 19992 19992 I flutter : #0      GeolocatorAndroid.getCurrentPosition (package:geolocator_android/src/geolocator_android.dart:140:7)
09-02 06:13:42.646 19992 19992 I flutter : <asynchronous suspension>
09-02 06:13:42.646 19992 19992 I flutter : #1      LocationService.getPosition (package:sixam_mart/features/location/domain/services/location_service.dart:65:31)
09-02 06:13:42.646 19992 19992 I flutter : <asynchronous suspension>
