09-02 06:11:49.567 19196 19196 I flutter : The following exception was thrown location: getPosition threw (PermissionDeniedException) — falling back to default position:
09-02 06:11:49.567 19196 19196 I flutter : GetPositionFailure
09-02 06:11:49.567 19196 19196 I flutter : #0      GeolocatorAndroid.getCurrentPosition (package:geolocator_android/src/geolocator_android.dart:140:7)
09-02 06:11:49.567 19196 19196 I flutter : <asynchronous suspension>
09-02 06:11:49.567 19196 19196 I flutter : #1      LocationService.getPosition (package:sixam_mart/features/location/domain/services/location_service.dart:65:31)
09-02 06:11:49.567 19196 19196 I flutter : <asynchronous suspension>
09-02 06:11:49.567 19196 19196 I flutter : #2      LocationController.getCurrentLocation (package:sixam_mart/features/location/controllers/location_controller.dart:395:45)
09-02 06:11:49.567 19196 19196 I flutter : <asynchronous suspension>
09-02 06:11:49.567 19196 19196 I flutter : #3      _PickMapScreenState.build.<anonymous closure>.<anonymous closure>.<anonymous closure> (package:sixam_mart/features/location/screens/pick_map_screen.dart:264:57)
09-02 06:11:49.567 19196 19196 I flutter : <asynchronous suspension>
09-02 06:11:49.567 19196 19196 I flutter : ----------------------------------------------------
09-02 06:11:49.583 19196 19196 I flutter : [FAIL] endpoint=null http_status=null type=GetPositionFailure msg="location: getPosition threw (PermissionDeniedException) — falling back to default position"
09-02 06:11:49.589 19196 19196 I flutter : [NET] GET endpoint=/api/v1/config/geocode-api
09-02 06:11:50.227 19196 19196 I flutter : [NET] endpoint=/api/v1/config/geocode-api http_status=200
09-02 06:11:50.228 19196 19196 I flutter : [NET] GET endpoint=/api/v1/config/get-zone-id
09-02 06:11:50.615 19196 19196 I flutter : [NET] endpoint=/api/v1/config/get-zone-id http_status=404
09-02 06:11:50.615 19196 19196 I flutter : [INFO] msg="get-zone-id: no zone / out of zone — prompting location picker"
09-02 06:11:50.616 19196 19196 I flutter : [INFO] msg="location: inZone=false"
09-02 06:11:52.074 19196 19196 I flutter : [NET] GET endpoint=/api/v1/config/get-zone-id
09-02 06:11:52.377 19196 19196 I flutter : [NET] endpoint=/api/v1/config/get-zone-id http_status=404
