793:I/flutter ( 4300): UncaughtAsyncError
794-I/flutter ( 4300): #0      new CartSuggestItemModel.fromJson (package:nears/features/store/domain/models/cart_suggested_item_model.dart:13:5)
795-I/flutter ( 4300): #1      StoreRepository.getCartStoreSuggestedItemList (package:nears/features/store/domain/repositories/store_repository.dart:420:51)
796-I/flutter ( 4300): <asynchronous suspension>
797-I/flutter ( 4300): #2      StoreService.getCartStoreSuggestedItemList (package:nears/features/store/domain/services/store_service.dart:175:12)
798-I/flutter ( 4300): <asynchronous suspension>
799-I/flutter ( 4300): #3      StoreController.getCartStoreSuggestedItemListForStores (package:nears/features/store/controllers/store_controller.dart:438:43)
800-I/flutter ( 4300): <asynchronous suspension>
801-I/flutter ( 4300): ----------------------------------------------------
802:I/flutter ( 4300): [FAIL] endpoint=null http_status=null type=UncaughtAsyncError msg="uncaught async error (_TypeError)"
803-I/flutter ( 4300): ----------------FIREBASE CRASHLYTICS----------------
804-I/flutter ( 4300): The following exception was thrown uncaught async error (_TypeError):
805-I/flutter ( 4300): type 'int' is not a subtype of type 'String?'
806-I/flutter ( 4300): #0      new CartSuggestItemModel.fromJson (package:nears/features/store/domain/models/cart_suggested_item_model.dart:13:5)
807-I/flutter ( 4300): #1      StoreRepository.getCartStoreSuggestedItemList (package:nears/features/store/domain/repositories/store_repository.dart:420:51)
808-I/flutter ( 4300): <asynchronous suspension>
809-I/flutter ( 4300): #2      StoreService.getCartStoreSuggestedItemList (package:nears/features/store/domain/services/store_service.dart:175:12)
810-I/flutter ( 4300): <asynchronous suspension>
811-I/flutter ( 4300): #3      StoreController.getCartStoreSuggestedItemListForStores (package:nears/features/store/controllers/store_controller.dart:438:43)
812-I/flutter ( 4300): <asynchronous suspension>
