1) Tests\Feature\Nears4102OfflineEditGateTest::test_verified_payment_cannot_be_re_pended_on_a_paid_order_while_a_pending_edit_still_works
Failed asserting that 200 is identical to 403.
2) Tests\Feature\Nears4102OfflineEditGateTest::test_verified_row_on_a_pending_unpaid_order_is_refused_by_the_row_gate_alone
Failed asserting that 200 is identical to 403.
3) Tests\Feature\Nears4102OfflineEditGateTest::test_verified_row_with_an_unresolvable_method_gets_the_status_refusal_not_the_method_one
Failed asserting that two strings are identical.
4) Tests\Feature\Nears4102OfflineEditGateTest::test_order_gate_answers_before_the_row_gate
Failed asserting that 200 is identical to 403.
5) Tests\Feature\Nears4102OfflineEditGateTest::test_order_in_a_non_editable_state_is_refused_even_with_a_pending_row with data set "delivered" ('delivered', false)
Failed asserting that 200 is identical to 403.
6) Tests\Feature\Nears4102OfflineEditGateTest::test_order_in_a_non_editable_state_is_refused_even_with_a_pending_row with data set "canceled" ('canceled', false)
Failed asserting that 200 is identical to 403.
7) Tests\Feature\Nears4102OfflineEditGateTest::test_order_in_a_non_editable_state_is_refused_even_with_a_pending_row with data set "processing" ('processing', false)
Failed asserting that 200 is identical to 403.
8) Tests\Feature\Nears4102OfflineEditGateTest::test_order_in_a_non_editable_state_is_refused_even_with_a_pending_row with data set "confirmed" ('confirmed', false)
Failed asserting that 200 is identical to 403.
9) Tests\Feature\Nears4102OfflineEditGateTest::test_order_in_a_non_editable_state_is_refused_even_with_a_pending_row with data set "pending but paid" ('pending', true)
Failed asserting that 200 is identical to 403.
10) Tests\Feature\Nears4102OfflineEditGateTest::test_order_gate_runs_before_the_row_lookup_so_a_delivered_order_without_a_row_is_refused_not_404
Failed asserting that 404 is identical to 403.
11) Tests\Feature\Nears4102OfflineEditGateTest::test_refusal_message_is_arabic_under_the_ar_locale
Failed asserting that 200 is identical to 403.
FAILURES!
Tests: 17, Assertions: 40, Failures: 11, PHPUnit Deprecations: 26.
