#### scenario ac2-cod-admin-route | payment_method cash_on_delivery | return route: admin | cancel_by: customer
step ('place cash_on_delivery', 200, {'message': 'Order placed successfully', 'order_id': 91811, 'total_ammount': 5, 'status': 'pending'})
step ('dm accept', 200, {'message': 'Order accepted successfully'})
step ('dm picked_up', 200, {'message': 'Status updated'})
order 91811 state after pickup: ['picked_up', 'unpaid', 'cash_on_delivery']
cancel by customer 200 {'message': 'Parcel canceled successfully'}
== BEFORE return (order 91811)
-- order
+-------+--------------+----------------+------------------+--------------+-----------------+---------+
| id    | order_status | payment_status | payment_method   | order_amount | delivery_man_id | user_id |
+-------+--------------+----------------+------------------+--------------+-----------------+---------+
| 91811 | canceled     | unpaid         | cash_on_delivery |         5.00 |               2 |       6 |
+-------+--------------+----------------+------------------+--------------+-----------------+---------+
-- pc
+----------+-----------+------------+---------------------------+---------------+----------------+-------------+-------------+---------+
| order_id | cancel_by | return_fee | return_fee_payment_status | before_pickup | dm_penalty_fee | return_date | is_refunded | has_otp |
+----------+-----------+------------+---------------------------+---------------+----------------+-------------+-------------+---------+
|    91811 | customer  |        2.5 | unpaid                    |             0 |              0 | NULL        |           0 |       1 |
+----------+-----------+------------+---------------------------+---------------+----------------+-------------+-------------+---------+
-- order_transactions(order)
(no rows)
-- expenses(order)
(no rows)
-- order_payments(order)
(no rows)
-- counts
+------+------+------+------+------+
| ot   | ex   | op   | at_  | wt   |
+------+------+------+------+------+
|   31 |   29 |    2 |   30 |    4 |
+------+------+------+------+------+
-- admin_wallet
+--------------------------+------------------+-----------------+-----------------+
| total_commission_earning | digital_received | manual_received | delivery_charge |
+--------------------------+------------------+-----------------+-----------------+
|                    19.85 |             0.00 |           20.00 |           0.000 |
+--------------------------+------------------+-----------------+-----------------+
-- dm_wallet(dm 2)
+-----------------+----------------+---------------+-----------------+------------------+
| delivery_man_id | collected_cash | total_earning | total_withdrawn | pending_withdraw |
+-----------------+----------------+---------------+-----------------+------------------+
|               2 |          15.00 |        285.00 |          150.00 |            30.00 |
+-----------------+----------------+---------------+-----------------+------------------+
-- user_wallet
+----+----------------+
| id | wallet_balance |
+----+----------------+
|  6 |          0.000 |
+----+----------------+
RETURN -> (302, {'redirect': 'http://127.0.0.1:8493/login/admin', 'toastr': [('success', 'Parcel returned successfully'), ('success', 'Text copied'), ('success', 'New message arrived')]})
== AFTER return (order 91811)
-- order
+-------+--------------+----------------+------------------+--------------+-----------------+---------+
| id    | order_status | payment_status | payment_method   | order_amount | delivery_man_id | user_id |
+-------+--------------+----------------+------------------+--------------+-----------------+---------+
| 91811 | returned     | paid           | cash_on_delivery |         5.00 |               2 |       6 |
+-------+--------------+----------------+------------------+--------------+-----------------+---------+
-- pc
+----------+-----------+------------+---------------------------+---------------+----------------+-------------+-------------+---------+
| order_id | cancel_by | return_fee | return_fee_payment_status | before_pickup | dm_penalty_fee | return_date | is_refunded | has_otp |
+----------+-----------+------------+---------------------------+---------------+----------------+-------------+-------------+---------+
|    91811 | customer  |        2.5 | paid                      |             0 |              0 | NULL        |           0 |       1 |
+----------+-----------+------------+---------------------------+---------------+----------------+-------------+-------------+---------+
-- order_transactions(order)
+----+----------+-------------+--------------+------------------+-----------------+-----------------+--------+
| id | order_id | received_by | order_amount | admin_commission | delivery_charge | delivery_man_id | status |
+----+----------+-------------+--------------+------------------+-----------------+-----------------+--------+
| 52 |    91811 | deliveryman |         5.00 |             5.00 |            5.00 |               2 | NULL   |
+----+----------+-------------+--------------+------------------+-----------------+-----------------+--------+
-- expenses(order)
(no rows)
-- order_payments(order)
(no rows)
-- counts
+------+------+------+------+------+
| ot   | ex   | op   | at_  | wt   |
+------+------+------+------+------+
|   32 |   29 |    2 |   31 |    4 |
+------+------+------+------+------+
-- admin_wallet
+--------------------------+------------------+-----------------+-----------------+
| total_commission_earning | digital_received | manual_received | delivery_charge |
+--------------------------+------------------+-----------------+-----------------+
|                    24.85 |             0.00 |           20.00 |           0.000 |
+--------------------------+------------------+-----------------+-----------------+
-- dm_wallet(dm 2)
+-----------------+----------------+---------------+-----------------+------------------+
| delivery_man_id | collected_cash | total_earning | total_withdrawn | pending_withdraw |
+-----------------+----------------+---------------+-----------------+------------------+
|               2 |          22.50 |        287.50 |          150.00 |            30.00 |
+-----------------+----------------+---------------+-----------------+------------------+
-- user_wallet
+----+----------------+
| id | wallet_balance |
+----+----------------+
|  6 |          0.000 |
+----+----------------+
CHANGED SECTIONS: ['order', 'pc', 'order_transactions(order)', 'counts', 'admin_wallet', 'dm_wallet(dm 2)']
REPLAY -> (302, {'redirect': 'http://127.0.0.1:8493/login/admin', 'note': 'admin replay (toast not parsed)'}) | writes on replay: none
LOG lines (scoped to order 91811 / [FAIL]) since scenario start:
   (none)