cancel (200, {'message': 'Parcel canceled successfully'})
== AC2 COD-unpaid CUSTOMER route BEFORE return
-- order
+-------+--------------+----------------+------------------+--------------+-----------------+---------+
| id    | order_status | payment_status | payment_method   | order_amount | delivery_man_id | user_id |
+-------+--------------+----------------+------------------+--------------+-----------------+---------+
| 91805 | canceled     | unpaid         | cash_on_delivery |         5.00 |               2 |       6 |
+-------+--------------+----------------+------------------+--------------+-----------------+---------+
-- pc
+----------+-----------+------------+---------------------------+---------------+----------------+-------------+-------------+---------+
| order_id | cancel_by | return_fee | return_fee_payment_status | before_pickup | dm_penalty_fee | return_date | is_refunded | has_otp |
+----------+-----------+------------+---------------------------+---------------+----------------+-------------+-------------+---------+
|    91805 | customer  |        2.5 | unpaid                    |             0 |              0 | NULL        |           0 |       1 |
+----------+-----------+------------+---------------------------+---------------+----------------+-------------+-------------+---------+
-- order_transactions(order)
(no rows)
-- expenses(order)
(no rows)
-- order_payments(order)
(no rows)
-- counts
+------+------+------+------+------+
| ot   | ex   | op   | at_  | wt   |
+------+------+------+------+------+
|   29 |   29 |    2 |   28 |    4 |
+------+------+------+------+------+
-- admin_wallet
+--------------------------+------------------+-----------------+-----------------+
| total_commission_earning | digital_received | manual_received | delivery_charge |
+--------------------------+------------------+-----------------+-----------------+
|                     9.85 |             0.00 |           20.00 |           0.000 |
+--------------------------+------------------+-----------------+-----------------+
-- dm_wallet(dm 2)
+-----------------+----------------+---------------+-----------------+------------------+
| delivery_man_id | collected_cash | total_earning | total_withdrawn | pending_withdraw |
+-----------------+----------------+---------------+-----------------+------------------+
|               2 |           0.00 |        280.00 |          150.00 |            30.00 |
+-----------------+----------------+---------------+-----------------+------------------+
-- user_wallet
+----+----------------+
| id | wallet_balance |
+----+----------------+
|  6 |          0.000 |
+----+----------------+
RETURN (200, {'message': 'Parcel returned successfully'})
== AFTER return
-- order
+-------+--------------+----------------+------------------+--------------+-----------------+---------+
| id    | order_status | payment_status | payment_method   | order_amount | delivery_man_id | user_id |
+-------+--------------+----------------+------------------+--------------+-----------------+---------+
| 91805 | returned     | paid           | cash_on_delivery |         5.00 |               2 |       6 |
+-------+--------------+----------------+------------------+--------------+-----------------+---------+
-- pc
+----------+-----------+------------+---------------------------+---------------+----------------+-------------+-------------+---------+
| order_id | cancel_by | return_fee | return_fee_payment_status | before_pickup | dm_penalty_fee | return_date | is_refunded | has_otp |
+----------+-----------+------------+---------------------------+---------------+----------------+-------------+-------------+---------+
|    91805 | customer  |        2.5 | paid                      |             0 |              0 | NULL        |           0 |       1 |
+----------+-----------+------------+---------------------------+---------------+----------------+-------------+-------------+---------+
-- order_transactions(order)
+----+----------+-------------+--------------+------------------+-----------------+-----------------+--------+
| id | order_id | received_by | order_amount | admin_commission | delivery_charge | delivery_man_id | status |
+----+----------+-------------+--------------+------------------+-----------------+-----------------+--------+
| 50 |    91805 | deliveryman |         5.00 |             5.00 |            5.00 |               2 | NULL   |
+----+----------+-------------+--------------+------------------+-----------------+-----------------+--------+
-- expenses(order)
(no rows)
-- order_payments(order)
(no rows)
-- counts
+------+------+------+------+------+
| ot   | ex   | op   | at_  | wt   |
+------+------+------+------+------+
|   30 |   29 |    2 |   29 |    4 |
+------+------+------+------+------+
-- admin_wallet
+--------------------------+------------------+-----------------+-----------------+
| total_commission_earning | digital_received | manual_received | delivery_charge |
+--------------------------+------------------+-----------------+-----------------+
|                    14.85 |             0.00 |           20.00 |           0.000 |
+--------------------------+------------------+-----------------+-----------------+
-- dm_wallet(dm 2)
+-----------------+----------------+---------------+-----------------+------------------+
| delivery_man_id | collected_cash | total_earning | total_withdrawn | pending_withdraw |
+-----------------+----------------+---------------+-----------------+------------------+
|               2 |           7.50 |        282.50 |          150.00 |            30.00 |
+-----------------+----------------+---------------+-----------------+------------------+
-- user_wallet
+----+----------------+
| id | wallet_balance |
+----+----------------+
|  6 |          0.000 |
+----+----------------+
replay (403, {'errors': [{'code': 'parcel', 'message': 'You can return only canceled parcel orders'}]})
replay changed rows (header-diff only)

