#### scenario ac3-paid-gatewaynamed-offline-customer-route | payment_method offline_payment | return route: customer | cancel_by: customer
step ('place offline_payment', 200, {'message': 'Order placed successfully', 'order_id': 91820, 'total_ammount': 5, 'status': 'failed'})
step ('customer offline-payment submit', 200, {'payment': 'success'})
step ('admin verify offline payment', 302, {'redirect': 'http://127.0.0.1:8493/admin'})
step ('state', 0, ['confirmed', 'paid', 'offline_payment'])
step ('dm accept', 200, {'message': 'Order accepted successfully'})
step ('dm picked_up', 200, {'message': 'Status updated'})
order 91820 state after pickup: ['picked_up', 'paid', 'offline_payment']
cancel by customer 200 {'message': 'Parcel canceled successfully'}
== BEFORE return (order 91820)
-- order
+-------+--------------+----------------+-----------------+--------------+-----------------+---------+
| id    | order_status | payment_status | payment_method  | order_amount | delivery_man_id | user_id |
+-------+--------------+----------------+-----------------+--------------+-----------------+---------+
| 91820 | canceled     | paid           | offline_payment |         5.00 |               2 |       6 |
+-------+--------------+----------------+-----------------+--------------+-----------------+---------+
-- pc
+----------+-----------+------------+---------------------------+---------------+----------------+-------------+-------------+---------+
| order_id | cancel_by | return_fee | return_fee_payment_status | before_pickup | dm_penalty_fee | return_date | is_refunded | has_otp |
+----------+-----------+------------+---------------------------+---------------+----------------+-------------+-------------+---------+
|    91820 | customer  |        2.5 | unpaid                    |             0 |              0 | NULL        |           0 |       1 |
+----------+-----------+------------+---------------------------+---------------+----------------+-------------+-------------+---------+
-- order_transactions(order)
(no rows)
-- expenses(order)
(no rows)
-- order_payments(order)
(no rows)
-- counts
+------+------+------+------+------+
| ot   | ex   | op   | at_  | wt   |
+------+------+------+------+------+
|   36 |   29 |    2 |   31 |    7 |
+------+------+------+------+------+
-- admin_wallet
+--------------------------+------------------+-----------------+-----------------+
| total_commission_earning | digital_received | manual_received | delivery_charge |
+--------------------------+------------------+-----------------+-----------------+
|                    44.85 |            20.00 |           20.00 |           0.000 |
+--------------------------+------------------+-----------------+-----------------+
-- dm_wallet(dm 2)
+-----------------+----------------+---------------+-----------------+------------------+
| delivery_man_id | collected_cash | total_earning | total_withdrawn | pending_withdraw |
+-----------------+----------------+---------------+-----------------+------------------+
|               2 |          37.50 |        302.50 |          150.00 |            30.00 |
+-----------------+----------------+---------------+-----------------+------------------+
-- user_wallet
+----+----------------+
| id | wallet_balance |
+----+----------------+
|  6 |          0.000 |
+----+----------------+
RETURN -> (200, {'message': 'Parcel returned successfully'})
== AFTER return (order 91820)
-- order
+-------+--------------+----------------+-----------------+--------------+-----------------+---------+
| id    | order_status | payment_status | payment_method  | order_amount | delivery_man_id | user_id |
+-------+--------------+----------------+-----------------+--------------+-----------------+---------+
| 91820 | returned     | paid           | offline_payment |         5.00 |               2 |       6 |
+-------+--------------+----------------+-----------------+--------------+-----------------+---------+
-- pc
+----------+-----------+------------+---------------------------+---------------+----------------+-------------+-------------+---------+
| order_id | cancel_by | return_fee | return_fee_payment_status | before_pickup | dm_penalty_fee | return_date | is_refunded | has_otp |
+----------+-----------+------------+---------------------------+---------------+----------------+-------------+-------------+---------+
|    91820 | customer  |        2.5 | paid                      |             0 |              0 | NULL        |           0 |       1 |
+----------+-----------+------------+---------------------------+---------------+----------------+-------------+-------------+---------+
-- order_transactions(order)
+----+----------+-------------+--------------+------------------+-----------------+-----------------+--------+
| id | order_id | received_by | order_amount | admin_commission | delivery_charge | delivery_man_id | status |
+----+----------+-------------+--------------+------------------+-----------------+-----------------+--------+
| 57 |    91820 | admin       |         5.00 |             5.00 |            5.00 |               2 | NULL   |
+----+----------+-------------+--------------+------------------+-----------------+-----------------+--------+
-- expenses(order)
(no rows)
-- order_payments(order)
(no rows)
-- counts
+------+------+------+------+------+
| ot   | ex   | op   | at_  | wt   |
+------+------+------+------+------+
|   37 |   29 |    2 |   31 |    7 |
+------+------+------+------+------+
-- admin_wallet
+--------------------------+------------------+-----------------+-----------------+
| total_commission_earning | digital_received | manual_received | delivery_charge |
+--------------------------+------------------+-----------------+-----------------+
|                    49.85 |            25.00 |           20.00 |           0.000 |
+--------------------------+------------------+-----------------+-----------------+
-- dm_wallet(dm 2)
+-----------------+----------------+---------------+-----------------+------------------+
| delivery_man_id | collected_cash | total_earning | total_withdrawn | pending_withdraw |
+-----------------+----------------+---------------+-----------------+------------------+
|               2 |          40.00 |        305.00 |          150.00 |            30.00 |
+-----------------+----------------+---------------+-----------------+------------------+
-- user_wallet
+----+----------------+
| id | wallet_balance |
+----+----------------+
|  6 |          0.000 |
+----+----------------+
CHANGED SECTIONS: ['order', 'pc', 'order_transactions(order)', 'counts', 'admin_wallet', 'dm_wallet(dm 2)']
REPLAY -> (403, {'errors': [{'code': 'parcel', 'message': 'You can return only canceled parcel orders'}]}) | writes on replay: none
LOG lines (scoped to order 91820 / [FAIL]) since scenario start:
   (none)