#### rollback probe ac4-rollback-cod-admin-route | method cash_on_delivery | route admin | lock: admin_wallets
step ('place cash_on_delivery', 200, {'message': 'Order placed successfully', 'order_id': 91824, 'total_ammount': 5, 'status': 'pending'})
step ('dm accept', 200, {'message': 'Order accepted successfully'})
step ('dm picked_up', 200, {'message': 'Status updated'})
cancel 200 {'message': 'Parcel canceled successfully'}
== BEFORE return (order 91824)
-- order
+-------+--------------+----------------+------------------+--------------+-----------------+---------+
| id    | order_status | payment_status | payment_method   | order_amount | delivery_man_id | user_id |
+-------+--------------+----------------+------------------+--------------+-----------------+---------+
| 91824 | canceled     | unpaid         | cash_on_delivery |         5.00 |               2 |       6 |
+-------+--------------+----------------+------------------+--------------+-----------------+---------+
-- pc
+----------+-----------+------------+---------------------------+---------------+----------------+-------------+-------------+---------+
| order_id | cancel_by | return_fee | return_fee_payment_status | before_pickup | dm_penalty_fee | return_date | is_refunded | has_otp |
+----------+-----------+------------+---------------------------+---------------+----------------+-------------+-------------+---------+
|    91824 | customer  |        2.5 | unpaid                    |             0 |              0 | NULL        |           0 |       1 |
+----------+-----------+------------+---------------------------+---------------+----------------+-------------+-------------+---------+
-- order_transactions(order)
(no rows)
-- expenses(order)
(no rows)
-- order_payments(order)
(no rows)
-- counts
+------+------+------+------+------+
| ot   | ex   | op   | at_  | wt   |
+------+------+------+------+------+
|   39 |   29 |    2 |   33 |    7 |
+------+------+------+------+------+
-- admin_wallet
+--------------------------+------------------+-----------------+-----------------+
| total_commission_earning | digital_received | manual_received | delivery_charge |
+--------------------------+------------------+-----------------+-----------------+
|                    59.85 |            25.00 |           20.00 |           0.000 |
+--------------------------+------------------+-----------------+-----------------+
-- dm_wallet(dm 2)
+-----------------+----------------+---------------+-----------------+------------------+
| delivery_man_id | collected_cash | total_earning | total_withdrawn | pending_withdraw |
+-----------------+----------------+---------------+-----------------+------------------+
|               2 |          55.00 |        310.00 |          150.00 |            30.00 |
+-----------------+----------------+---------------+-----------------+------------------+
-- user_wallet
+----+----------------+
| id | wallet_balance |
+----+----------------+
|  6 |          0.000 |
+----+----------------+
RETURN (lock held; took 52s) -> (302, {'redirect': 'http://127.0.0.1:8493/login/admin', 'toastr': [('error', 'Something went wrong'), ('success', 'Text copied'), ('success', 'New message arrived')]})
CHANGED SECTIONS vs BEFORE (rolled back => none): none
== AFTER rollback (order 91824)
-- order
+-------+--------------+----------------+------------------+--------------+-----------------+---------+
| id    | order_status | payment_status | payment_method   | order_amount | delivery_man_id | user_id |
+-------+--------------+----------------+------------------+--------------+-----------------+---------+
| 91824 | canceled     | unpaid         | cash_on_delivery |         5.00 |               2 |       6 |
+-------+--------------+----------------+------------------+--------------+-----------------+---------+
-- pc
+----------+-----------+------------+---------------------------+---------------+----------------+-------------+-------------+---------+
| order_id | cancel_by | return_fee | return_fee_payment_status | before_pickup | dm_penalty_fee | return_date | is_refunded | has_otp |
+----------+-----------+------------+---------------------------+---------------+----------------+-------------+-------------+---------+
|    91824 | customer  |        2.5 | unpaid                    |             0 |              0 | NULL        |           0 |       1 |
+----------+-----------+------------+---------------------------+---------------+----------------+-------------+-------------+---------+
-- order_transactions(order)
(no rows)
-- expenses(order)
(no rows)
-- order_payments(order)
(no rows)
-- counts
+------+------+------+------+------+
| ot   | ex   | op   | at_  | wt   |
+------+------+------+------+------+
|   39 |   29 |    2 |   33 |    7 |
+------+------+------+------+------+
-- admin_wallet
+--------------------------+------------------+-----------------+-----------------+
| total_commission_earning | digital_received | manual_received | delivery_charge |
+--------------------------+------------------+-----------------+-----------------+
|                    59.85 |            25.00 |           20.00 |           0.000 |
+--------------------------+------------------+-----------------+-----------------+
-- dm_wallet(dm 2)
+-----------------+----------------+---------------+-----------------+------------------+
| delivery_man_id | collected_cash | total_earning | total_withdrawn | pending_withdraw |
+-----------------+----------------+---------------+-----------------+------------------+
|               2 |          55.00 |        310.00 |          150.00 |            30.00 |
+-----------------+----------------+---------------+-----------------+------------------+
-- user_wallet
+----+----------------+
| id | wallet_balance |
+----+----------------+
|  6 |          0.000 |
+----+----------------+
RETRY after lock released -> (302, 'http://127.0.0.1:8493/admin/order/list/all') | order now: {'order_status/payment_status/method': ['returned', 'paid', 'cash_on_delivery'], 'return_fee/status': ['2.5', 'paid'], 'order_transactions': [['deliveryman', '5.00', '2']], 'expenses': '0', 'order_payments': '0'}
LOG lines scoped to order 91824:
   [2026-10-10 21:18:23] production.ERROR: [FAIL] parcel return rolled back {"correlation_id":"244c38bb-ae47-443c-9abb-5d67d626cc4e","endpoint":"/admin/order/parcel-return","order_id":91824,"type":"Illuminate\\Database\\QueryException"} 