--------- beginning of main
08-10 18:18:42.852  4786  4825 I flutter : [IMPORTANT:flutter/shell/platform/android/android_context_gl_impeller.cc(104)] Using the Impeller rendering backend (OpenGLES).
08-10 18:18:42.983  4786  4832 I flutter : The Dart VM service is listening on http://127.0.0.1:33337/PgNYUPXwM5c=/
08-10 18:18:47.511  4786  4786 I flutter : 📊 analytics: app_open {}
08-10 18:18:47.644  4786  4786 I flutter : [INFO] msg="route: building splash route, hasData=false"
08-10 18:18:48.345  4786  4786 I flutter : [INFO] msg="route: navigating to splash screen"
08-10 18:18:48.366  4786  4786 I flutter : [INFO] msg="splash: location prefetch initiated"
08-10 18:18:48.477  4786  4786 I flutter : [NET] GET endpoint=/api/v1/customer/cart/list
08-10 18:18:49.086  4786  4786 I flutter : [INFO] msg="deep link stream event, hasPrevious=false"
08-10 18:18:49.089  4786  4786 I flutter : [INFO] msg="deep link received"
08-10 18:18:49.092  4786  4786 I flutter : [INFO] msg="deep link converted, matched=true"
08-10 18:18:49.094  4786  4786 I flutter : [INFO] msg="deep link: triggering config data fetch"
08-10 18:18:49.095  4786  4786 I flutter : [INFO] msg="deep link: navigating to store route"
08-10 18:18:49.664  4786  4786 I flutter : [INFO] msg="deep link store params storeID=1 moduleId=grocery-food page=store"
08-10 18:18:49.738  4786  4786 I flutter : [NET] GET endpoint=/api/v1/config
08-10 18:18:49.791  4786  4786 I flutter : [INFO] msg="route: waiting for module=grocery-food"
08-10 18:18:49.798  4786  4786 I flutter : [INFO] msg="route: checkModuleId configNull=true hasAddress=true fromDeeplink=true"
08-10 18:18:49.798  4786  4786 I flutter : [INFO] msg="route: triggering config data fetch from route helper"
08-10 18:18:50.236  4786  4786 I flutter : [INFO] msg="route: resolving zone before deep-link module match"
08-10 18:18:50.240  4786  4786 I flutter : [NET] GET endpoint=/api/v1/config/get-zone-id
08-10 18:18:50.273  4786  4890 I flutter : [IMPORTANT:flutter/shell/platform/android/android_context_gl_impeller.cc(104)] Using the Impeller rendering backend (OpenGLES).
08-10 18:18:51.259  4786  4786 I flutter : [NET] endpoint=/api/v1/customer/cart/list http_status=200
08-10 18:18:52.020  4786  4786 I flutter : [NET] endpoint=/api/v1/config/get-zone-id http_status=200
08-10 18:18:52.022  4786  4786 I flutter : [INFO] msg="location: inZone=true"
08-10 18:18:52.023  4786  4786 I flutter : [INFO] msg="route: zone resolved inZone=true"
08-10 18:18:52.023  4786  4786 I flutter : [INFO] msg="route: fetching modules"
08-10 18:18:52.026  4786  4786 I flutter : [NET] GET endpoint=/api/v1/module
08-10 18:18:52.029  4786  4786 I flutter : [NET] endpoint=/api/v1/config http_status=200
08-10 18:18:52.096  4786  4786 I flutter : [INFO] msg="splash: deeplink resolved canRoute=true"
08-10 18:18:53.053  4786  4786 I flutter : [NET] endpoint=/api/v1/module http_status=200
08-10 18:18:53.137  4786  4786 I flutter : 📊 analytics: sectors_shown {sectors_count: 3, zone_id: 1}
08-10 18:18:53.144  4786  4786 I flutter : [INFO] msg="route: module fetch status=true"
08-10 18:18:53.145  4786  4786 I flutter : [INFO] msg="route: module match found=true for slug=grocery-food"
08-10 18:18:53.196  4786  4786 I flutter : [INFO] msg="home load started"
08-10 18:18:53.199  4786  4786 I flutter : [NET] GET endpoint=/api/v1/customer/cart/list
08-10 18:18:53.206  4786  4786 I flutter : [NET] GET endpoint=/api/v1/cashback/list
08-10 18:18:53.222  4786  4786 I flutter : [NET] GET endpoint=/api/v1/customer/wish-list
08-10 18:18:53.225  4786  4786 I flutter : [NET] GET endpoint=/api/v1/customer/cart/list
08-10 18:18:53.234  4786  4786 I flutter : [NET] GET endpoint=/api/v1/config/get-zone-id
08-10 18:18:54.044  4786  4786 I flutter : [NET] endpoint=/api/v1/customer/cart/list http_status=200
08-10 18:18:54.046  4786  4786 I flutter : [NET] endpoint=/api/v1/customer/cart/list http_status=200
08-10 18:18:54.047  4786  4786 I flutter : [NET] endpoint=/api/v1/cashback/list http_status=200
08-10 18:18:54.051  4786  4786 I flutter : [NET] endpoint=/api/v1/config/get-zone-id http_status=200
08-10 18:18:54.052  4786  4786 I flutter : [INFO] msg="location: inZone=true"
08-10 18:18:54.060  4786  4786 I flutter : [NET] endpoint=/api/v1/customer/wish-list http_status=200
08-10 18:18:54.068  4786  4786 I flutter : [NET] GET endpoint=/api/v1/home/all
08-10 18:18:55.077  4786  4786 I flutter : [NET] endpoint=/api/v1/home/all http_status=200
08-10 18:18:55.098  4786  4786 I flutter : [NET] GET endpoint=/api/v1/other-banners
08-10 18:18:55.121  4786  4786 I flutter : [NET] GET endpoint=/api/v1/customer/info
08-10 18:18:55.138  4786  4786 I flutter : [NET] GET endpoint=/api/v1/flash-sales
08-10 18:18:55.144  4786  4786 I flutter : [NET] GET endpoint=/api/v1/items/discounted
08-10 18:18:55.151  4786  4786 I flutter : [INFO] msg="location: within 1km of selected address: true"
08-10 18:18:55.152  4786  4786 I flutter : [INFO] msg="splash: location prefetch completed"
08-10 18:18:55.152  4786  4786 I flutter : [NET] GET endpoint=/api/v1/items/popular
08-10 18:18:55.154  4786  4786 I flutter : [NET] GET endpoint=/api/v1/items/most-reviewed
08-10 18:18:55.155  4786  4786 I flutter : [NET] GET endpoint=/api/v1/campaigns/basic
08-10 18:18:55.156  4786  4786 I flutter : [NET] GET endpoint=/api/v1/campaigns/item
08-10 18:18:55.157  4786  4786 I flutter : [NET] GET endpoint=/api/v1/items/recommended
08-10 18:18:55.159  4786  4786 I flutter : [NET] GET endpoint=/api/v1/stores/get-stores/all
08-10 18:18:55.159  4786  4786 I flutter : [NET] GET endpoint=/api/v1/advertisement/list
08-10 18:18:56.065  4786  4786 I flutter : [NET] endpoint=/api/v1/other-banners http_status=200
08-10 18:18:56.070  4786  4786 I flutter : [NET] endpoint=/api/v1/items/most-reviewed http_status=200
08-10 18:18:56.076  4786  4786 I flutter : [NET] endpoint=/api/v1/customer/info http_status=200
08-10 18:18:56.091  4786  4786 I flutter : [NET] GET endpoint=/api/v1/customer/notifications
08-10 18:18:56.096  4786  4786 I flutter : [NET] GET endpoint=/api/v1/coupon/list
08-10 18:18:56.133  4786  4786 I flutter : [NET] GET endpoint=/api/v1/module
08-10 18:18:56.149  4786  4786 I flutter : [NET] endpoint=/api/v1/flash-sales http_status=200
08-10 18:18:56.331  4786  4786 I flutter : [NET] endpoint=/api/v1/items/discounted http_status=200
08-10 18:18:56.408  4786  4786 I flutter : [NET] endpoint=/api/v1/campaigns/basic http_status=200
08-10 18:18:57.241  4786  4786 I flutter : [NET] endpoint=/api/v1/items/recommended http_status=200
08-10 18:18:57.410  4786  4786 I flutter : [NET] endpoint=/api/v1/stores/get-stores/all http_status=200
08-10 18:18:57.416  4786  4786 I flutter : [NET] GET endpoint=/api/v1/customer/order/buy-it-again
08-10 18:18:57.488  4786  4786 I flutter : [NET] endpoint=/api/v1/campaigns/item http_status=200
08-10 18:18:57.562  4786  4786 I flutter : [NET] endpoint=/api/v1/advertisement/list http_status=200
08-10 18:18:57.760  4786  4786 I flutter : [NET] endpoint=/api/v1/items/popular http_status=200
08-10 18:18:57.844  4786  4786 I flutter : [NET] endpoint=/api/v1/customer/notifications http_status=200
08-10 18:18:57.939  4786  4786 I flutter : [NET] endpoint=/api/v1/coupon/list http_status=200
08-10 18:18:58.052  4786  4786 I flutter : [NET] endpoint=/api/v1/module http_status=200
08-10 18:18:58.129  4786  4786 I flutter : [NET] endpoint=/api/v1/customer/order/buy-it-again http_status=200
