--------- beginning of main
08-10 18:33:24.834 18720 18767 I flutter : [IMPORTANT:flutter/shell/platform/android/android_context_gl_impeller.cc(104)] Using the Impeller rendering backend (OpenGLES).
08-10 18:33:24.994 18720 18774 I flutter : The Dart VM service is listening on http://127.0.0.1:41387/ztNX0n3uTYU=/
08-10 18:33:28.717 18720 18720 I flutter : 📊 analytics: app_open {}
08-10 18:33:28.869 18720 18720 I flutter : [INFO] msg="route: building splash route, hasData=false"
08-10 18:33:29.480 18720 18720 I flutter : [INFO] msg="route: navigating to splash screen"
08-10 18:33:29.508 18720 18720 I flutter : [INFO] msg="splash: location prefetch initiated"
08-10 18:33:29.698 18720 18720 I flutter : [NET] GET endpoint=/api/v1/customer/cart/list
08-10 18:33:30.539 18720 18720 I flutter : [INFO] msg="deep link stream event, hasPrevious=false"
08-10 18:33:30.540 18720 18720 I flutter : [INFO] msg="deep link received"
08-10 18:33:30.541 18720 18720 I flutter : [INFO] msg="deep link converted, matched=true"
08-10 18:33:30.546 18720 18720 I flutter : [INFO] msg="deep link: triggering config data fetch"
08-10 18:33:30.547 18720 18720 I flutter : [INFO] msg="deep link: navigating to store route"
08-10 18:33:30.915 18720 18720 I flutter : [NET] GET endpoint=/api/v1/config
08-10 18:33:30.990 18720 18836 I flutter : [IMPORTANT:flutter/shell/platform/android/android_context_gl_impeller.cc(104)] Using the Impeller rendering backend (OpenGLES).
08-10 18:33:31.801 18720 18720 I flutter : [INFO] msg="deep link store params storeID=1 moduleId=grocery-food page=store"
08-10 18:33:31.920 18720 18720 I flutter : [INFO] msg="route: waiting for module=grocery-food"
08-10 18:33:31.922 18720 18720 I flutter : [INFO] msg="route: checkModuleId configNull=true hasAddress=true fromDeeplink=true"
08-10 18:33:31.922 18720 18720 I flutter : [INFO] msg="route: triggering config data fetch from route helper"
08-10 18:33:32.432 18720 18720 I flutter : [INFO] msg="route: resolving zone before deep-link module match"
08-10 18:33:32.436 18720 18720 I flutter : [NET] GET endpoint=/api/v1/config/get-zone-id
08-10 18:33:32.607 18720 18720 I flutter : [NET] endpoint=/api/v1/customer/cart/list http_status=200
08-10 18:33:35.793 18720 18720 I flutter : [NET] endpoint=/api/v1/config/get-zone-id http_status=200
08-10 18:33:35.793 18720 18720 I flutter : [INFO] msg="location: inZone=true"
08-10 18:33:35.794 18720 18720 I flutter : [INFO] msg="route: zone resolved inZone=true"
08-10 18:33:35.794 18720 18720 I flutter : [INFO] msg="route: fetching modules"
08-10 18:33:35.795 18720 18720 I flutter : [NET] GET endpoint=/api/v1/module
08-10 18:33:35.797 18720 18720 I flutter : [NET] endpoint=/api/v1/config http_status=200
08-10 18:33:35.872 18720 18720 I flutter : [INFO] msg="splash: deeplink resolved canRoute=true"
08-10 18:33:36.821 18720 18720 I flutter : [NET] endpoint=/api/v1/module http_status=200
08-10 18:33:36.838 18720 18720 I flutter : 📊 analytics: sectors_shown {sectors_count: 3, zone_id: 1}
08-10 18:33:36.840 18720 18720 I flutter : [INFO] msg="route: module fetch status=true"
08-10 18:33:36.841 18720 18720 I flutter : [INFO] msg="route: module match found=true for slug=grocery-food"
08-10 18:33:36.866 18720 18720 I flutter : [INFO] msg="home load started"
08-10 18:33:36.867 18720 18720 I flutter : [NET] GET endpoint=/api/v1/customer/cart/list
08-10 18:33:36.871 18720 18720 I flutter : [NET] GET endpoint=/api/v1/cashback/list
08-10 18:33:36.874 18720 18720 I flutter : [NET] GET endpoint=/api/v1/customer/wish-list
08-10 18:33:36.874 18720 18720 I flutter : [NET] GET endpoint=/api/v1/customer/cart/list
08-10 18:33:36.881 18720 18720 I flutter : [NET] GET endpoint=/api/v1/config/get-zone-id
08-10 18:33:36.970 18720 18720 I flutter : [INFO] msg="location: within 1km of selected address: false"
08-10 18:33:36.970 18720 18720 I flutter : [INFO] msg="splash: location prefetch completed"
08-10 18:33:37.378 18720 18720 I flutter : [NET] endpoint=/api/v1/config/get-zone-id http_status=200
08-10 18:33:37.379 18720 18720 I flutter : [INFO] msg="location: inZone=true"
08-10 18:33:37.386 18720 18720 I flutter : [NET] GET endpoint=/api/v1/home/all
08-10 18:33:37.459 18720 18720 I flutter : [NET] endpoint=/api/v1/customer/cart/list http_status=200
08-10 18:33:37.540 18720 18720 I flutter : [NET] endpoint=/api/v1/customer/cart/list http_status=200
08-10 18:33:37.625 18720 18720 I flutter : [NET] endpoint=/api/v1/customer/wish-list http_status=200
08-10 18:33:37.716 18720 18720 I flutter : [NET] endpoint=/api/v1/cashback/list http_status=200
08-10 18:33:38.117 18720 18720 I flutter : [NET] endpoint=/api/v1/home/all http_status=200
08-10 18:33:38.132 18720 18720 I flutter : [NET] GET endpoint=/api/v1/other-banners
08-10 18:33:38.150 18720 18720 I flutter : [NET] GET endpoint=/api/v1/customer/info
08-10 18:33:38.157 18720 18720 I flutter : [NET] GET endpoint=/api/v1/flash-sales
08-10 18:33:38.160 18720 18720 I flutter : [NET] GET endpoint=/api/v1/items/discounted
08-10 18:33:38.169 18720 18720 I flutter : [NET] GET endpoint=/api/v1/items/popular
08-10 18:33:38.170 18720 18720 I flutter : [NET] GET endpoint=/api/v1/items/most-reviewed
08-10 18:33:38.171 18720 18720 I flutter : [NET] GET endpoint=/api/v1/campaigns/basic
08-10 18:33:38.175 18720 18720 I flutter : [NET] GET endpoint=/api/v1/campaigns/item
08-10 18:33:38.176 18720 18720 I flutter : [NET] GET endpoint=/api/v1/items/recommended
08-10 18:33:38.177 18720 18720 I flutter : [NET] GET endpoint=/api/v1/stores/get-stores/all
08-10 18:33:38.178 18720 18720 I flutter : [NET] GET endpoint=/api/v1/advertisement/list
08-10 18:33:39.138 18720 18720 I flutter : [NET] endpoint=/api/v1/other-banners http_status=200
08-10 18:33:39.141 18720 18720 I flutter : [NET] endpoint=/api/v1/advertisement/list http_status=200
08-10 18:33:39.145 18720 18720 I flutter : [NET] endpoint=/api/v1/customer/info http_status=200
08-10 18:33:39.152 18720 18720 I flutter : [NET] GET endpoint=/api/v1/customer/notifications
08-10 18:33:39.157 18720 18720 I flutter : [NET] GET endpoint=/api/v1/coupon/list
08-10 18:33:39.194 18720 18720 I flutter : [NET] GET endpoint=/api/v1/module
08-10 18:33:39.228 18720 18720 I flutter : [NET] endpoint=/api/v1/flash-sales http_status=200
08-10 18:33:39.392 18720 18720 I flutter : [NET] endpoint=/api/v1/items/discounted http_status=200
08-10 18:33:39.579 18720 18720 I flutter : [NET] endpoint=/api/v1/items/popular http_status=200
08-10 18:33:39.664 18720 18720 I flutter : [NET] endpoint=/api/v1/items/most-reviewed http_status=200
08-10 18:33:39.742 18720 18720 I flutter : [NET] endpoint=/api/v1/campaigns/basic http_status=200
08-10 18:33:39.828 18720 18720 I flutter : [NET] endpoint=/api/v1/campaigns/item http_status=200
08-10 18:33:40.681 18720 18720 I flutter : [NET] endpoint=/api/v1/items/recommended http_status=200
08-10 18:33:40.859 18720 18720 I flutter : [NET] endpoint=/api/v1/stores/get-stores/all http_status=200
08-10 18:33:40.864 18720 18720 I flutter : [NET] GET endpoint=/api/v1/customer/order/buy-it-again
08-10 18:33:40.943 18720 18720 I flutter : [NET] endpoint=/api/v1/customer/notifications http_status=200
08-10 18:33:41.029 18720 18720 I flutter : [NET] endpoint=/api/v1/coupon/list http_status=200
08-10 18:33:41.138 18720 18720 I flutter : [NET] endpoint=/api/v1/module http_status=200
08-10 18:33:41.207 18720 18720 I flutter : [NET] endpoint=/api/v1/customer/order/buy-it-again http_status=200
