[qa-run] root: /Users/Apple/Projects/nears-NEARS-4007-v1-step7-va009 (source: --root)
[qa-run] [backend-freshness] backend-freshness-check: no LISTENING process found on :8000 — nothing to check
[qa-lock] emulator-5554: lane — ours='NEARS-4007'(derived) derived='NEARS-4007' holder='NEARS-4007' holder_key='NEARS-4007' match=yes via=lane verdict=self-lane site=check
[qa-run] pidfile: /Users/Apple/.nears/qa-pids/emulator-5554 (pid 39943, started 'Mon Oct 5 09:24:20 2026') — stop with: scripts/qa-run-stop.sh emulator-5554
Resolving dependencies...
Downloading packages...
  _flutterfire_internals 1.3.73 (1.3.77 available)
  archive 4.0.8 (4.3.0 available)
  async 2.13.0 (2.13.1 available)
  audioplayers 6.5.1 (6.8.1 available)
  audioplayers_android 5.2.1 (5.3.0 available)
  audioplayers_darwin 6.3.0 (6.5.0 available)
  audioplayers_linux 4.2.1 (4.3.0 available)
  audioplayers_platform_interface 7.1.1 (7.2.0 available)
  audioplayers_web 5.1.1 (5.3.0 available)
  audioplayers_windows 4.2.1 (4.4.1 available)
  cached_network_image 3.4.1 (4.0.4 available)
  cached_network_image_platform_interface 4.1.1 (5.0.3 available)
  cached_network_image_web 1.3.1 (2.0.3 available)
  chewie 1.13.0 (1.17.2 available)
  clock 1.1.2 (1.1.3 available)
  code_assets 1.0.0 (2.1.0 available)
  connectivity_plus 7.0.0 (7.3.2 available)
  connectivity_plus_platform_interface 2.0.1 (2.1.0 available)
  cross_file 0.3.5+2 (0.4.0 available)
  cupertino_icons 1.0.8 (2.0.0 available)
  dbus 0.7.12 (0.8.0 available)
  device_info_plus 12.3.0 (13.3.0 available)
  device_info_plus_platform_interface 7.0.3 (8.1.0 available)
  dropdown_button2 2.3.9 (3.1.0 available)
  file_picker 10.3.10 (13.1.0 available)
  file_selector_linux 0.9.4 (0.9.4+1 available)
  file_selector_macos 0.9.5 (0.9.5+1 available)
  file_selector_windows 0.9.3+5 (0.9.3+6 available)
  firebase_analytics 12.4.3 (12.6.0 available)
  firebase_analytics_platform_interface 6.0.3 (6.0.7 available)
  firebase_analytics_web 0.6.1+9 (0.6.1+13 available)
  firebase_core 4.11.0 (4.15.0 available)
  firebase_core_platform_interface 7.1.0 (8.1.1 available)
  firebase_core_web 3.9.0 (3.12.0 available)
  firebase_crashlytics 5.2.4 (5.4.0 available)
  firebase_crashlytics_platform_interface 3.8.24 (3.9.0 available)
  firebase_messaging 16.4.1 (16.7.0 available)
  firebase_messaging_platform_interface 4.9.0 (4.10.0 available)
  firebase_messaging_web 4.2.1 (4.2.5 available)
  firebase_performance 0.11.4+3 (0.11.6 available)
  firebase_performance_platform_interface 0.2.0+3 (0.2.0+7 available)
  firebase_performance_web 0.1.8+9 (0.1.8+13 available)
  flutter_cache_manager 3.4.1 (3.4.5 available)
  flutter_foreground_task 9.2.0 (11.0.3 available)
  flutter_image_compress 2.4.0 (2.5.1 available)
  flutter_image_compress_common 1.0.6 (1.1.1 available)
  flutter_image_compress_macos 1.0.3 (1.1.0 available)
  flutter_image_compress_ohos 0.0.3 (0.0.3+1 available)
  flutter_image_compress_platform_interface 1.0.5 (1.1.0 available)
  flutter_image_compress_web 0.1.5 (0.1.5+1 available)
  flutter_keyboard_visibility 6.0.0 (7.0.1 available)
  flutter_keyboard_visibility_linux 1.0.0 (2.0.0 available)
  flutter_keyboard_visibility_macos 1.0.0 (2.0.0 available)
  flutter_keyboard_visibility_platform_interface 2.0.0 (3.0.0 available)
  flutter_keyboard_visibility_web 2.0.0 (3.0.0 available)
  flutter_keyboard_visibility_windows 1.0.0 (2.0.0 available)
  flutter_local_notifications 19.5.0 (22.3.1 available)
  flutter_local_notifications_linux 6.0.0 (8.0.1 available)
  flutter_local_notifications_platform_interface 9.1.0 (12.2.0 available)
  flutter_local_notifications_windows 1.0.3 (3.1.1 available)
  flutter_plugin_android_lifecycle 2.0.33 (2.0.35 available)
  flutter_secure_storage 9.2.4 (11.2.0 available)
  flutter_secure_storage_linux 1.2.3 (3.0.3 available)
  flutter_secure_storage_macos 3.1.3 (4.0.0 available)
  flutter_secure_storage_platform_interface 1.1.2 (2.1.1 available)
  flutter_secure_storage_web 1.2.1 (2.1.1 available)
  flutter_secure_storage_windows 3.1.2 (4.2.2 available)
  flutter_svg 2.2.3 (2.3.0 available)
  flutter_typeahead 5.2.0 (6.0.0 available)
  flutter_widget_from_html_core 0.17.0 (0.17.4 available)
  fluttertoast 9.0.0 (10.0.2 available)
  geolocator 14.0.2 (14.1.1 available)
  geolocator_android 5.0.2 (5.1.1+1 available)
  geolocator_apple 2.3.13 (2.3.14 available)
  geolocator_linux 0.2.4 (0.2.6 available)
  geolocator_platform_interface 4.2.6 (4.4.0 available)
  geolocator_web 4.1.3 (4.1.4 available)
  glob 2.1.3 (2.2.0 available)
  google_maps 8.2.0 (8.3.0 available)
  google_maps_flutter 2.14.2 (2.18.2 available)
  google_maps_flutter_android 2.18.12 (2.21.0 available)
  google_maps_flutter_ios 2.17.3 (2.18.6 available)
  google_maps_flutter_platform_interface 2.14.1 (2.17.0 available)
  google_maps_flutter_web 0.5.14+3 (0.6.4+1 available)
  gsettings 0.2.8 (0.2.9 available)
  hooks 1.0.1 (2.2.0 available)
  html 0.15.6 (0.15.7 available)
  image 4.7.2 (4.10.1 available)
  image_picker 1.2.1 (1.2.3 available)
  image_picker_android 0.8.13+13 (0.8.13+25 available)
  image_picker_ios 0.8.13+6 (0.8.13+9 available)
  intl 0.20.2 (0.20.3 available)
  js 0.6.7 (0.7.2 available)
  lottie 3.3.2 (3.6.1 available)
  matcher 0.12.19 (0.12.20 available)
  material_color_utilities 0.13.0 (0.13.1 available)
  meta 1.17.0 (1.19.0 available)
  mime 2.0.0 (2.1.0 available)
  native_toolchain_c 0.17.4 (0.19.5 available)
  nm 0.5.0 (0.6.0 available)
  objective_c 9.3.0 (9.6.2 available)
  octo_image 2.1.0 (2.1.2 available)
  package_info_plus 9.0.0 (10.2.2 available)
  package_info_plus_platform_interface 3.2.1 (4.1.0 available)
  path_provider 2.1.5 (2.1.6 available)
  path_provider_android 2.2.22 (2.3.1 available)
  path_provider_linux 2.2.1 (2.2.2 available)
  path_provider_platform_interface 2.1.2 (2.1.3 available)
  permission_handler 12.0.1 (13.0.2 available)
  permission_handler_android 13.0.1 (14.1.0 available)
  permission_handler_apple 9.4.7 (9.6.2 available)
  permission_handler_html 0.1.3+5 (0.1.4+1 available)
  permission_handler_platform_interface 4.3.0 (4.4.1 available)
  permission_handler_windows 0.2.1 (0.2.2 available)
  petitparser 7.0.2 (7.1.0 available)
  phone_numbers_parser 9.0.19 (9.0.27 available)
  pin_code_fields 8.0.1 (10.1.1 available)
  platform 3.1.6 (3.2.0 available)
  pointer_interceptor 0.10.1+2 (0.10.1+3 available)
  posix 6.0.3 (6.5.2 available)
  print_bluetooth_thermal 1.1.9 (1.2.5 available)
  pub_semver 2.2.0 (2.2.1 available)
  sanitize_html 2.1.0 (2.2.0 available)
  shared_preferences 2.5.4 (2.5.5 available)
  shared_preferences_android 2.4.20 (2.4.28 available)
  shared_preferences_foundation 2.5.6 (2.5.7 available)
  shared_preferences_platform_interface 2.4.1 (2.4.2 available)
  sqflite 2.4.2 (2.4.4 available)
  sqflite_android 2.4.2+2 (2.4.4 available)
  sqflite_common 2.5.6 (2.5.13 available)
  sqflite_darwin 2.4.2 (2.4.4 available)
  sqflite_platform_interface 2.4.0 (2.4.2 available)
  stack_trace 1.12.1 (1.12.2 available)
  stream_transform 2.1.1 (2.1.2 available)
  syncfusion_flutter_core 31.2.18 (35.1.37 available)
  syncfusion_flutter_datepicker 31.2.18 (35.1.37 available)
  synchronized 3.4.0 (3.4.2 available)
  test_api 0.7.10 (0.7.14 available)
  timezone 0.10.1 (0.11.1 available)
  url_launcher 6.3.2 (6.3.3 available)
  url_launcher_android 6.3.28 (6.3.33 available)
  url_launcher_ios 6.4.1 (6.4.2 available)
  url_launcher_linux 3.2.2 (3.2.3 available)
  url_launcher_macos 3.2.5 (3.2.6 available)
  url_launcher_web 2.4.2 (2.4.3 available)
  url_launcher_windows 3.1.5 (3.1.6 available)
  uuid 4.5.3 (4.6.0 available)
  vector_graphics 1.1.19 (1.2.3 available)
  vector_graphics_compiler 1.1.20 (1.3.0 available)
  vector_math 2.2.0 (2.4.3 available)
  vibration 3.1.6 (3.2.1 available)
  vibration_platform_interface 0.1.1 (0.1.2 available)
  video_player 2.10.1 (2.14.0 available)
  video_player_android 2.9.1 (2.12.2 available)
  video_player_avfoundation 2.9.3 (2.12.0 available)
  video_player_platform_interface 6.6.0 (6.9.0 available)
  vm_service 15.0.2 (15.3.0 available)
  wakelock_plus 1.4.0 (1.8.1 available)
  wakelock_plus_platform_interface 1.3.0 (1.7.0 available)
  win32 5.15.0 (6.4.0 available)
  win32_registry 2.1.0 (3.0.3 available)
  xml 6.6.1 (7.1.0 available)
  yaml 3.1.3 (3.1.4 available)
Got dependencies!
163 packages have newer versions incompatible with dependency constraints.
Try `flutter pub outdated` for more information.
Launching lib/main.dart on sdk gphone16k arm64 in debug mode...
Running Gradle task 'assembleDebug'...                          
Note: Some input files use or override a deprecated API.
Note: Recompile with -Xlint:deprecation for details.
warning: [options] source value 8 is obsolete and will be removed in a future release
warning: [options] target value 8 is obsolete and will be removed in a future release
warning: [options] To suppress warnings about obsolete options, use -Xlint:-options.
Note: Some input files use or override a deprecated API.
Note: Recompile with -Xlint:deprecation for details.
Note: Some input files use unchecked or unsafe operations.
Note: Recompile with -Xlint:unchecked for details.
3 warnings
warning: [options] source value 8 is obsolete and will be removed in a future release
warning: [options] target value 8 is obsolete and will be removed in a future release
warning: [options] To suppress warnings about obsolete options, use -Xlint:-options.
3 warnings
warning: [options] source value 8 is obsolete and will be removed in a future release
warning: [options] target value 8 is obsolete and will be removed in a future release
warning: [options] To suppress warnings about obsolete options, use -Xlint:-options.
3 warnings
warning: [options] source value 8 is obsolete and will be removed in a future release
warning: [options] target value 8 is obsolete and will be removed in a future release
warning: [options] To suppress warnings about obsolete options, use -Xlint:-options.
3 warnings
/Users/Apple/.pub-cache/hosted/pub.dev/vibration-3.1.6/android/src/main/java/com/benjaminabel/vibration/VibrationPlugin.java:33: warning: [deprecation] VIBRATOR_SERVICE in Context has been deprecated
        return (Vibrator) flutterPluginBinding.getApplicationContext().getSystemService(Context.VIBRATOR_SERVICE);
                                                                                          ^
1 warning
Running Gradle task 'assembleDebug'...                             45.6s
✓ Built build/app/outputs/flutter-apk/app-debug.apk
Installing build/app/outputs/flutter-apk/app-debug.apk...          400ms
D/FlutterJNI( 3661): Beginning load of flutter...
D/FlutterJNI( 3661): flutter (null) was loaded normally!
I/flutter ( 3661): [IMPORTANT:flutter/shell/platform/android/android_context_gl_impeller.cc(104)] Using the Impeller rendering backend (OpenGLES).
D/FlutterGeolocator( 3661): Attaching Geolocator to activity
D/FlutterRenderer( 3661): Width is zero. 0,0
D/FlutterGeolocator( 3661): Creating service.
D/FlutterGeolocator( 3661): Binding to location service.
D/FlutterRenderer( 3661): Width is zero. 0,0
D/FlutterJNI( 3661): Sending viewport metrics to the engine.
Syncing files to device sdk gphone16k arm64...                  
D/FlutterGeolocator( 3661): Geolocator foreground service connected
D/FlutterGeolocator( 3661): Initializing Geolocator services
D/FlutterGeolocator( 3661): Flutter engine connected. Connected engine count 1
D/WindowLayoutComponentImpl( 3661): Register WindowLayoutInfoListener on Context=com.izzes.nearsvendor.MainActivity@32a97d2, of which baseContext=android.app.ContextImpl@463b9d5
D/FlutterJNI( 3661): Sending viewport metrics to the engine.
I/HWUI    ( 3661): Using FreeType backend (prop=Auto)
I/flutter ( 3661): [FAIL] endpoint=null http_status=null type=FirebaseInitFailure msg="firebase init failed (PlatformException)"
I/flutter ( 3661): Type: owner
Syncing files to device sdk gphone16k arm64...                      96ms

Flutter run key commands.
r Hot reload. 🔥🔥🔥
R Hot restart.
h List all available interactive commands.
d Detach (terminate "flutter run" but leave application running).
c Clear the screen
q Quit (terminate the application on the device).

A Dart VM Service on sdk gphone16k arm64 is available at: http://127.0.0.1:51920/EsclzwrJttQ=/
The Flutter DevTools debugger and profiler on sdk gphone16k arm64 is available at: http://127.0.0.1:51920/EsclzwrJttQ=/devtools/?uri=ws://127.0.0.1:51920/EsclzwrJttQ=/ws
I/flutter ( 3661): [NET] GET endpoint=/api/v1/config
D/FlutterJNI( 3661): Sending viewport metrics to the engine.
D/InsetsController( 3661): hide(ime())
I/ImeTracker( 3661): com.izzes.nearsvendor:c98a17af: onCancelled at PHASE_CLIENT_ALREADY_HIDDEN
I/flutter ( 3661): [NET] endpoint=/api/v1/config http_status=200
E/flutter ( 3661): [ERROR:flutter/runtime/dart_vm_initializer.cc(40)] Unhandled Exception: [core/no-app] No Firebase App '[DEFAULT]' has been created - call Firebase.initializeApp()
E/flutter ( 3661): #0      MethodChannelFirebase.app (package:firebase_core_platform_interface/src/method_channel/method_channel_firebase.dart:192:5)
E/flutter ( 3661): #1      Firebase.app (package:firebase_core/src/firebase.dart:92:41)
E/flutter ( 3661): #2      FirebaseMessaging.instance (package:firebase_messaging/src/messaging.dart:32:47)
E/flutter ( 3661): #3      AuthRepository._saveDeviceToken (package:nears_vendor/features/auth/domain/repositories/auth_repository.dart:60:46)
E/flutter ( 3661): #4      AuthRepository.updateToken (package:nears_vendor/features/auth/domain/repositories/auth_repository.dart:41:27)
E/flutter ( 3661): #5      AuthService.updateToken (package:nears_vendor/features/auth/domain/services/auth_service.dart:28:42)
E/flutter ( 3661): #6      AuthController.updateToken (package:nears_vendor/features/auth/controllers/auth_controller.dart:150:32)
E/flutter ( 3661): #7      SplashScreenState._handleDefaultRouting (package:nears_vendor/features/splash/screens/splash_screen.dart:164:40)
E/flutter ( 3661): #8      SplashScreenState._route.<anonymous closure>.<anonymous closure> (package:nears_vendor/features/splash/screens/splash_screen.dart:97:21)
E/flutter ( 3661): #9      Timer._createTimer.<anonymous closure> (dart:async-patch/timer_patch.dart:18:15)
E/flutter ( 3661): #10     _Timer._runTimers (dart:isolate-patch/timer_impl.dart:423:19)
E/flutter ( 3661): #11     _Timer._handleMessage (dart:isolate-patch/timer_impl.dart:454:5)
E/flutter ( 3661): #12     _RawReceivePort._handleMessage (dart:isolate-patch/isolate_patch.dart:193:12)
E/flutter ( 3661): 
D/ProfileInstaller( 3661): Installing profile for com.izzes.nearsvendor
Lost connection to device.
mem-guard[NEARS-4007-s7-qa-run]: done rc=0 peak_tree_rss=5.88 GB (cap 6.0)
