09-30 08:53:42.384  3852  3852 I flutter : [FAIL] endpoint=null http_status=null type=FirebaseInitFailure msg="firebase init failed (PlatformException)"
09-30 08:53:42.705  3852  3852 I flutter : [FAIL] endpoint=null http_status=null type=KilledLaunchNotificationFailure msg="killed-launch getInitialMessage failed (FirebaseException)"
09-30 08:54:07.786  3852  3852 I flutter : [FAIL] endpoint=null http_status=null type=FcmTokenFetchFailure msg="FCM registration id fetch failed"
09-30 08:54:59.096  3852  3852 I flutter : [FAIL] endpoint=null http_status=null type=FcmTopicConfigFailure msg="configureFirebaseMessaging: FCM topic subscribe/unsubscribe failed"
09-30 08:55:29.027  3852  3852 I flutter : [FAIL] endpoint=null http_status=null type=FcmTokenFetchFailure msg="FCM registration id fetch failed"
09-30 08:55:29.027  3852  3852 I flutter : [FAIL] endpoint=null http_status=null type=FcmTokenFetchFailure msg="firebase messaging unavailable during token update"
09-30 08:55:42.985  3852  3852 I flutter : [NET] POST endpoint=/api/v1/customer/order/get-Tax
09-30 08:55:42.985  3852  3852 I flutter : [NET] POST endpoint=/api/v1/customer/order/get-Tax
09-30 08:55:43.980  3852  3852 I flutter : [NET] endpoint=/api/v1/customer/order/get-Tax http_status=200
09-30 08:55:43.981  3852  3852 I flutter : [NET] endpoint=/api/v1/customer/order/get-Tax http_status=200
09-30 08:55:54.082  3852  3852 I flutter : [NET] POST endpoint=/api/v1/customer/order/get-Tax
09-30 08:55:54.083  3852  3852 I flutter : [NET] POST endpoint=/api/v1/customer/order/get-Tax
09-30 08:55:55.079  3852  3852 I flutter : [NET] endpoint=/api/v1/customer/order/get-Tax http_status=200
09-30 08:55:55.080  3852  3852 I flutter : [NET] endpoint=/api/v1/customer/order/get-Tax http_status=200
09-30 08:56:40.699  4975  4975 I flutter : [FAIL] endpoint=null http_status=null type=FirebaseInitFailure msg="firebase init failed (PlatformException)"
09-30 08:56:40.994  4975  4975 I flutter : [FAIL] endpoint=null http_status=null type=KilledLaunchNotificationFailure msg="killed-launch getInitialMessage failed (FirebaseException)"
09-30 08:57:00.185  4975  4975 I flutter : [FAIL] endpoint=null http_status=null type=FcmTokenFetchFailure msg="FCM registration id fetch failed"
09-30 08:57:27.694  4975  4975 I flutter : [FAIL] endpoint=null http_status=null type=FcmTopicConfigFailure msg="configureFirebaseMessaging: FCM topic subscribe/unsubscribe failed"
09-30 08:57:48.255  4975  4975 I flutter : [FAIL] endpoint=null http_status=null type=FcmTokenFetchFailure msg="FCM registration id fetch failed"
09-30 08:57:48.255  4975  4975 I flutter : [FAIL] endpoint=null http_status=null type=FcmTokenFetchFailure msg="firebase messaging unavailable during token update"
09-30 08:57:57.307  4975  4975 I flutter : [NET] POST endpoint=/api/v1/customer/order/get-Tax
09-30 08:57:57.307  4975  4975 I flutter : [NET] POST endpoint=/api/v1/customer/order/get-Tax
09-30 08:57:58.306  4975  4975 I flutter : [NET] endpoint=/api/v1/customer/order/get-Tax http_status=200
09-30 08:57:58.306  4975  4975 I flutter : [NET] endpoint=/api/v1/customer/order/get-Tax http_status=200
09-30 08:58:11.730  4975  4975 I flutter : [NET] POST endpoint=/api/v1/customer/order/get-Tax
09-30 08:58:11.731  4975  4975 I flutter : [NET] POST endpoint=/api/v1/customer/order/get-Tax
09-30 08:58:12.729  4975  4975 I flutter : [NET] endpoint=/api/v1/customer/order/get-Tax http_status=200
09-30 08:58:12.730  4975  4975 I flutter : [NET] endpoint=/api/v1/customer/order/get-Tax http_status=200
09-30 08:58:49.700  5812  5812 I flutter : [FAIL] endpoint=null http_status=null type=FirebaseInitFailure msg="firebase init failed (PlatformException)"
09-30 08:58:49.846  5812  5812 I flutter : [FAIL] endpoint=null http_status=null type=KilledLaunchNotificationFailure msg="killed-launch getInitialMessage failed (FirebaseException)"
09-30 08:58:52.931  5812  5812 I flutter : [FAIL] endpoint=null http_status=null type=FcmTokenFetchFailure msg="FCM registration id fetch failed"
09-30 08:58:52.931  5812  5812 I flutter : [FAIL] endpoint=null http_status=null type=FcmTokenFetchFailure msg="firebase messaging unavailable during token update"
09-30 08:59:53.537  5812  5812 I flutter : [NET] POST endpoint=/api/v1/customer/order/get-Tax
09-30 08:59:53.537  5812  5812 I flutter : [NET] POST endpoint=/api/v1/customer/order/get-Tax
09-30 08:59:54.533  5812  5812 I flutter : [NET] endpoint=/api/v1/customer/order/get-Tax http_status=200
09-30 08:59:54.533  5812  5812 I flutter : [NET] endpoint=/api/v1/customer/order/get-Tax http_status=200
09-30 09:00:08.033  5812  5812 I flutter : [NET] POST endpoint=/api/v1/customer/order/get-Tax
09-30 09:00:08.034  5812  5812 I flutter : [NET] POST endpoint=/api/v1/customer/order/get-Tax
09-30 09:00:09.031  5812  5812 I flutter : [NET] endpoint=/api/v1/customer/order/get-Tax http_status=200
09-30 09:00:09.031  5812  5812 I flutter : [NET] endpoint=/api/v1/customer/order/get-Tax http_status=200
09-30 09:00:35.171  6469  6469 I flutter : [FAIL] endpoint=null http_status=null type=FirebaseInitFailure msg="firebase init failed (PlatformException)"
09-30 09:00:35.332  6469  6469 I flutter : [FAIL] endpoint=null http_status=null type=KilledLaunchNotificationFailure msg="killed-launch getInitialMessage failed (FirebaseException)"
09-30 09:00:38.123  6469  6469 I flutter : [FAIL] endpoint=null http_status=null type=FcmTokenFetchFailure msg="FCM registration id fetch failed"
09-30 09:00:38.123  6469  6469 I flutter : [FAIL] endpoint=null http_status=null type=FcmTokenFetchFailure msg="firebase messaging unavailable during token update"
09-30 09:00:38.623  6469  6469 I flutter : [FAIL] endpoint=null http_status=null type=FcmTokenFetchFailure msg="FCM registration id fetch failed"
09-30 09:00:38.623  6469  6469 I flutter : [FAIL] endpoint=null http_status=null type=FcmTokenFetchFailure msg="firebase messaging unavailable during token update"
09-30 09:01:08.803  6469  6469 I flutter : [NET] POST endpoint=/api/v1/customer/order/get-Tax
09-30 09:01:09.706  6469  6469 I flutter : [NET] endpoint=/api/v1/customer/order/get-Tax http_status=200
09-30 09:01:56.747  6925  6925 I flutter : [FAIL] endpoint=null http_status=null type=FirebaseInitFailure msg="firebase init failed (PlatformException)"
09-30 09:01:56.859  6925  6925 I flutter : [FAIL] endpoint=null http_status=null type=KilledLaunchNotificationFailure msg="killed-launch getInitialMessage failed (FirebaseException)"
09-30 09:01:59.986  6925  6925 I flutter : [FAIL] endpoint=null http_status=null type=FcmTokenFetchFailure msg="FCM registration id fetch failed"
09-30 09:01:59.986  6925  6925 I flutter : [FAIL] endpoint=null http_status=null type=FcmTokenFetchFailure msg="firebase messaging unavailable during token update"
09-30 09:02:34.869  6925  6925 I flutter : [NET] POST endpoint=/api/v1/customer/order/get-Tax
09-30 09:02:35.851  6925  6925 I flutter : [NET] endpoint=/api/v1/customer/order/get-Tax http_status=200
09-30 09:03:01.213  7270  7270 I flutter : [FAIL] endpoint=null http_status=null type=FirebaseInitFailure msg="firebase init failed (PlatformException)"
09-30 09:03:01.396  7270  7270 I flutter : [FAIL] endpoint=null http_status=null type=KilledLaunchNotificationFailure msg="killed-launch getInitialMessage failed (FirebaseException)"
09-30 09:03:04.231  7270  7270 I flutter : [FAIL] endpoint=null http_status=null type=FcmTokenFetchFailure msg="FCM registration id fetch failed"
09-30 09:03:04.231  7270  7270 I flutter : [FAIL] endpoint=null http_status=null type=FcmTokenFetchFailure msg="firebase messaging unavailable during token update"
09-30 09:03:04.656  7270  7270 I flutter : [FAIL] endpoint=null http_status=null type=FcmTokenFetchFailure msg="FCM registration id fetch failed"
09-30 09:03:04.657  7270  7270 I flutter : [FAIL] endpoint=null http_status=null type=FcmTokenFetchFailure msg="firebase messaging unavailable during token update"
09-30 09:03:29.714  7270  7270 I flutter : [NET] POST endpoint=/api/v1/customer/order/get-Tax
09-30 09:03:29.715  7270  7270 I flutter : [NET] POST endpoint=/api/v1/customer/order/get-Tax
09-30 09:03:30.711  7270  7270 I flutter : [NET] endpoint=/api/v1/customer/order/get-Tax http_status=200
09-30 09:03:30.712  7270  7270 I flutter : [NET] endpoint=/api/v1/customer/order/get-Tax http_status=200
09-30 09:03:40.198  7270  7270 I flutter : [NET] POST endpoint=/api/v1/customer/order/get-Tax
09-30 09:03:40.198  7270  7270 I flutter : [NET] POST endpoint=/api/v1/customer/order/get-Tax
09-30 09:03:41.200  7270  7270 I flutter : [NET] endpoint=/api/v1/customer/order/get-Tax http_status=200
09-30 09:03:41.201  7270  7270 I flutter : [NET] endpoint=/api/v1/customer/order/get-Tax http_status=200
09-30 09:04:20.577  7270  7270 I flutter : [FAIL] endpoint=null http_status=null type=PlaceOrderBlocked msg="checkout: place-order blocked reason=please_enter_valid_phone_number"
09-30 09:05:21.794  7270  7270 I flutter : [NET] POST endpoint=/api/v1/customer/order/get-Tax
09-30 09:05:21.795  7270  7270 I flutter : [NET] POST endpoint=/api/v1/customer/order/get-Tax
09-30 09:05:22.796  7270  7270 I flutter : [NET] endpoint=/api/v1/customer/order/get-Tax http_status=200
09-30 09:05:22.797  7270  7270 I flutter : [NET] endpoint=/api/v1/customer/order/get-Tax http_status=200
09-30 09:05:50.834  7270  7270 I flutter : [NET] POST endpoint=/api/v1/customer/order/group/place
09-30 09:05:54.583  7270  7270 I flutter : [NET] endpoint=/api/v1/customer/order/group/place http_status=200
09-30 09:05:54.584  7270  7270 I flutter : [INFO] msg="checkout: group order placed groupId=51e1690c-9819-4885-a62e-3a2fb0045115 children=2"
09-30 09:05:58.632  7270  7270 I flutter : [FAIL] endpoint=null http_status=null type=GetPositionFailure msg="location: getPosition threw (TimeoutException) — trying the AD1 fallback ladder"
09-30 09:06:17.247  8154  8154 I flutter : [FAIL] endpoint=null http_status=null type=FirebaseInitFailure msg="firebase init failed (PlatformException)"
09-30 09:06:17.380  8154  8154 I flutter : [FAIL] endpoint=null http_status=null type=KilledLaunchNotificationFailure msg="killed-launch getInitialMessage failed (FirebaseException)"
09-30 09:06:20.088  8154  8154 I flutter : [FAIL] endpoint=null http_status=null type=FcmTokenFetchFailure msg="FCM registration id fetch failed"
09-30 09:06:20.088  8154  8154 I flutter : [FAIL] endpoint=null http_status=null type=FcmTokenFetchFailure msg="firebase messaging unavailable during token update"
09-30 09:06:20.522  8154  8154 I flutter : [FAIL] endpoint=null http_status=null type=FcmTokenFetchFailure msg="FCM registration id fetch failed"
09-30 09:06:20.522  8154  8154 I flutter : [FAIL] endpoint=null http_status=null type=FcmTokenFetchFailure msg="firebase messaging unavailable during token update"
09-30 09:06:21.944  8154  8154 I flutter : [FAIL] endpoint=null http_status=null type=GetPositionFailure msg="location: getPosition threw (TimeoutException) — trying the AD1 fallback ladder"
09-30 09:06:49.324  8154  8154 I flutter : [NET] POST endpoint=/api/v1/customer/order/get-Tax
09-30 09:06:49.324  8154  8154 I flutter : [NET] POST endpoint=/api/v1/customer/order/get-Tax
09-30 09:06:50.288  8154  8154 I flutter : [NET] endpoint=/api/v1/customer/order/get-Tax http_status=200
09-30 09:06:50.288  8154  8154 I flutter : [NET] endpoint=/api/v1/customer/order/get-Tax http_status=200
09-30 09:06:57.858  8154  8154 I flutter : [NET] POST endpoint=/api/v1/customer/order/get-Tax
09-30 09:06:57.858  8154  8154 I flutter : [NET] POST endpoint=/api/v1/customer/order/get-Tax
09-30 09:06:58.859  8154  8154 I flutter : [NET] endpoint=/api/v1/customer/order/get-Tax http_status=200
09-30 09:06:58.860  8154  8154 I flutter : [NET] endpoint=/api/v1/customer/order/get-Tax http_status=200
09-30 09:07:28.017  8154  8154 I flutter : [NET] POST endpoint=/api/v1/customer/order/get-Tax
09-30 09:07:28.017  8154  8154 I flutter : [NET] POST endpoint=/api/v1/customer/order/get-Tax
09-30 09:07:28.624  8154  8154 I flutter : [NET] endpoint=/api/v1/customer/order/get-Tax http_status=200
09-30 09:07:28.624  8154  8154 I flutter : [NET] endpoint=/api/v1/customer/order/get-Tax http_status=200
09-30 09:07:58.950  8154  8154 I flutter : [NET] POST endpoint=/api/v1/customer/order/group/place
09-30 09:08:01.795  8154  8154 I flutter : [NET] endpoint=/api/v1/customer/order/group/place http_status=200
09-30 09:08:01.796  8154  8154 I flutter : [INFO] msg="checkout: group order placed groupId=49e5bc51-fce7-490c-a6ef-f36501d7bc9c children=2"
