NEARS-2059 — POSITIVE CONTROL (documented NEARS-1586 narrow-viewport NRating overflow).
Same device (emulator-5562), same DEBUG build, same session as the subject measurement.
Repro: item sheet open (Navel Oranges), then adb shell wm size 360x640 + wm density 320 (=180x320 dp).
Buffer cleared with 'adb logcat -b all -c' immediately before; captured 'adb logcat -b all -d -v time'.
Window: 08-15 16:51:2x -> 16:51:4x device time | lines scanned = 1467 | app_pid(4802) lines = 48
grep -ci overflowed = 36   -> CONTROL FIRES.

08-15 16:51:32.032 I/flutter ( 4802): [FAIL] framework_error library=rendering library type=FlutterError msg="A RenderFlex overflowed by 39 pixels on the bottom."
08-15 16:51:32.050 I/flutter ( 4802): [FAIL] framework_error library=rendering library type=FlutterError msg="A RenderFlex overflowed by 39 pixels on the bottom."
08-15 16:51:32.058 I/flutter ( 4802): [FAIL] framework_error library=rendering library type=FlutterError msg="A RenderFlex overflowed by 39 pixels on the bottom."
08-15 16:51:32.106 I/flutter ( 4802): [FAIL] framework_error library=rendering library type=FlutterError msg="A RenderFlex overflowed by 39 pixels on the bottom."
08-15 16:51:32.134 I/flutter ( 4802): [FAIL] framework_error library=rendering library type=FlutterError msg="A RenderFlex overflowed by 39 pixels on the bottom."
08-15 16:51:32.150 I/flutter ( 4802): [FAIL] framework_error library=rendering library type=FlutterError msg="A RenderFlex overflowed by 39 pixels on the bottom."
08-15 16:51:32.212 I/flutter ( 4802): [FAIL] framework_error library=rendering library type=FlutterError msg="A RenderFlex overflowed by 0.857 pixels on the right."
08-15 16:51:32.287 I/flutter ( 4802): [FAIL] framework_error library=rendering library type=FlutterError msg="A RenderFlex overflowed by 0.857 pixels on the right."
08-15 16:51:32.326 I/flutter ( 4802): [FAIL] framework_error library=rendering library type=FlutterError msg="A RenderFlex overflowed by 0.857 pixels on the right."
08-15 16:51:32.393 I/flutter ( 4802): [FAIL] framework_error library=rendering library type=FlutterError msg="A RenderFlex overflowed by 0.857 pixels on the right."
08-15 16:51:32.404 I/flutter ( 4802): [FAIL] framework_error library=rendering library type=FlutterError msg="A RenderFlex overflowed by 0.857 pixels on the right."
08-15 16:51:32.463 I/flutter ( 4802): [FAIL] framework_error library=rendering library type=FlutterError msg="A RenderFlex overflowed by 0.857 pixels on the right."
08-15 16:51:32.474 I/flutter ( 4802): [FAIL] framework_error library=rendering library type=FlutterError msg="A RenderFlex overflowed by 27 pixels on the right."
08-15 16:51:32.504 I/flutter ( 4802): [FAIL] framework_error library=rendering library type=FlutterError msg="A RenderFlex overflowed by 22 pixels on the right."
08-15 16:51:32.512 I/flutter ( 4802): [FAIL] framework_error library=rendering library type=FlutterError msg="A RenderFlex overflowed by 22 pixels on the right."
08-15 16:51:32.534 I/flutter ( 4802): [FAIL] framework_error library=rendering library type=FlutterError msg="A RenderFlex overflowed by 22 pixels on the right."
08-15 16:51:32.545 I/flutter ( 4802): [FAIL] framework_error library=rendering library type=FlutterError msg="A RenderFlex overflowed by 22 pixels on the right."
08-15 16:51:32.565 I/flutter ( 4802): [FAIL] framework_error library=rendering library type=FlutterError msg="A RenderFlex overflowed by 22 pixels on the right."
08-15 16:51:32.581 I/flutter ( 4802): [FAIL] framework_error library=rendering library type=FlutterError msg="A RenderFlex overflowed by 22 pixels on the right."
08-15 16:51:32.593 I/flutter ( 4802): [FAIL] framework_error library=rendering library type=FlutterError msg="A RenderFlex overflowed by 22 pixels on the right."
08-15 16:51:32.626 I/flutter ( 4802): [FAIL] framework_error library=rendering library type=FlutterError msg="A RenderFlex overflowed by 22 pixels on the right."
08-15 16:51:32.648 I/flutter ( 4802): [FAIL] framework_error library=rendering library type=FlutterError msg="A RenderFlex overflowed by 22 pixels on the right."
08-15 16:51:32.657 I/flutter ( 4802): [FAIL] framework_error library=rendering library type=FlutterError msg="A RenderFlex overflowed by 22 pixels on the right."
08-15 16:51:32.663 I/flutter ( 4802): [FAIL] framework_error library=rendering library type=FlutterError msg="A RenderFlex overflowed by 22 pixels on the right."
08-15 16:51:32.673 I/flutter ( 4802): [FAIL] framework_error library=rendering library type=FlutterError msg="A RenderFlex overflowed by 22 pixels on the right."
08-15 16:51:32.683 I/flutter ( 4802): [FAIL] framework_error library=rendering library type=FlutterError msg="A RenderFlex overflowed by 22 pixels on the right."
08-15 16:51:32.689 I/flutter ( 4802): [FAIL] framework_error library=rendering library type=FlutterError msg="A RenderFlex overflowed by 22 pixels on the right."
08-15 16:51:32.693 I/flutter ( 4802): [FAIL] framework_error library=rendering library type=FlutterError msg="A RenderFlex overflowed by 22 pixels on the right."
08-15 16:51:32.698 I/flutter ( 4802): [FAIL] framework_error library=rendering library type=FlutterError msg="A RenderFlex overflowed by 22 pixels on the right."
08-15 16:51:32.711 I/flutter ( 4802): [FAIL] framework_error library=rendering library type=FlutterError msg="A RenderFlex overflowed by 22 pixels on the right."
08-15 16:51:32.715 I/flutter ( 4802): [FAIL] framework_error library=rendering library type=FlutterError msg="A RenderFlex overflowed by 22 pixels on the right."
08-15 16:51:32.720 I/flutter ( 4802): [FAIL] framework_error library=rendering library type=FlutterError msg="A RenderFlex overflowed by 24 pixels on the right."
08-15 16:51:32.724 I/flutter ( 4802): [FAIL] framework_error library=rendering library type=FlutterError msg="A RenderFlex overflowed by 3.8 pixels on the right."
08-15 16:51:32.731 I/flutter ( 4802): [FAIL] framework_error library=rendering library type=FlutterError msg="A RenderFlex overflowed by 32 pixels on the right."
08-15 16:51:32.749 I/flutter ( 4802): [FAIL] framework_error library=rendering library type=FlutterError msg="A RenderFlex overflowed by 41 pixels on the right."
08-15 16:51:32.762 I/flutter ( 4802): [FAIL] framework_error library=rendering library type=FlutterError msg="A RenderFlex overflowed by 21 pixels on the right."

NOTE: logcat carries ONLY the AppLogger summary line ([FAIL] framework_error ... msg="A RenderFlex overflowed by N pixels...").
It does NOT carry the 'EXCEPTION CAUGHT BY RENDERING LIBRARY' block nor the 'relevant error-causing widget' file:line.
grep -ci 'relevant error-causing' over this same buffer = 0. Widget attribution is only available from the widget test / DevTools.
