# Pre-existing (not NEARS-3939): Flutter semantics assertion, emulator-5554, UserApp debug build 61f53dd99 (diff touches no widget).
# Repro: logged in, Search tab (Restaurant module) -> query "Rice" -> tap "Also found in Grocery (1)" -> results screen; every subsequent uiautomator dump re-throws; a11y tree collapses to a 4-node stub (0 labels) until Back.
# Occurrences this session: 20
[NET] endpoint=/api/v1/customer/cart/list http_status=200
[NET] endpoint=/api/v1/search/unified http_status=200
📊 analytics: search {search_term: Rice, result_count: 1, store_count_returned: 0, screen: search, section: search_results, search_type: also_found_in, segment: all, typed_query: Rice}
[NET] endpoint=/api/v1/search/global http_status=200
[NET] endpoint=/api/v1/customer/suggested-items http_status=200
[NET] endpoint=/api/v1/customer/wish-list http_status=200
[WARN] msg="isAvailable: minute-precision end time, treating as inclusive to :59 (item boundary degrade)"
📊 analytics: view_item_list {item_list_id: favourite_items, item_list_name: favourite_items, item_count: 6, screen: favourites}
📊 analytics: view_store_list {item_list_id: favourite_stores, item_list_name: favourite_stores, count: 2, screen: favourites}
[NET] endpoint=/api/v1/cashback/list http_status=200
[FAIL] framework_error library=scheduler library type=_AssertionError msg="'package:flutter/src/semantics/semantics.dart': Failed assertion: line 3252 pos 12: 'owner!._nodes.containsKey(id)': is not true."
[FAIL] framework_error   at #0      _AssertionError._doThrowNew (dart:core-patch/errors_patch.dart:67:4)
[FAIL] framework_error   at #1      _AssertionError._throwNew (dart:core-patch/errors_patch.dart:49:5)
[FAIL] framework_error   at #2      SemanticsNode.detach (package:flutter/src/semantics/semantics.dart:3252:12)
[FAIL] framework_error   at #3      SemanticsNode._dropChild (package:flutter/src/semantics/semantics.dart:3221:13)
[FAIL] framework_error   at #4      SemanticsNode._replaceChildren (package:flutter/src/semantics/semantics.dart:2974:13)
[FAIL] framework_error   at #5      SemanticsNode.updateWith (package:flutter/src/semantics/semantics.dart:3732:5)
[FAIL] framework_error   at #6      RenderTable.assembleSemanticsNode (package:flutter/src/rendering/table.dart:731:15)
[FAIL] framework_error   at #7      _RenderObjectSemantics._buildSemanticsSubtree (package:flutter/src/rendering/object.dart:5972:20)

══╡ EXCEPTION CAUGHT BY SCHEDULER LIBRARY ╞═════════════════════════════════════════════════════════
The following assertion was thrown during a scheduler callback:
