# App log excerpts (flutter run, emulator-5554, build 61f53dd99). Windows = from Confirm tap to next action.
## Group DIGITAL (#91418/#91419) — [FAIL]/[ERR] count: 0; 'group placed amount fallback' count: 0
[NET] POST endpoint=/api/v1/customer/order/group/place
[NET] endpoint=/api/v1/customer/order/group/place http_status=200
📊 analytics: group_order_placed {basket_store_count: 2, order_sub_order_count: 2, source: confirm_sheet}
[INFO] msg="checkout: group order placed groupId=c50abd70-707e-4be1-825f-892183f3754b children=2"
[INFO] msg="payment screen initialised"
[NET] POST endpoint=/api/v1/config/delivery-quote
[NET] endpoint=/api/v1/config/delivery-quote http_status=200
## Single-store DIGITAL (#91420) — [FAIL]/[ERR] count: 0; 'placed amount fallback' count: 0
[INFO] msg="multipart POST endpoint=/api/v1/customer/order/place"
[NET] endpoint=/api/v1/customer/order/place http_status=200
📊 analytics: purchase {transaction_id: 91420, value: 28.4, currency: AED, tax: 1.3525, shipping: 0.0, store_count: 1, source: confirm_sheet}
[INFO] msg="payment screen initialised"
[NET] POST endpoint=/api/v1/config/delivery-quote
[NET] endpoint=/api/v1/config/delivery-quote http_status=200
## Group COD (#91423/#91424) — [FAIL]/[ERR] count: 1 (env-only GetPositionFailure, below); 'group placed amount fallback' count: 0
[NET] POST endpoint=/api/v1/customer/order/group/place
[NET] endpoint=/api/v1/customer/order/group/place http_status=200
📊 analytics: group_order_placed {basket_store_count: 2, order_sub_order_count: 2, source: confirm_sheet}
[INFO] msg="checkout: group order placed groupId=dc493a78-7ee4-48fe-ac60-213cab28099c children=2"
[FAIL] endpoint=null http_status=null type=GetPositionFailure msg="location: getPosition threw (TimeoutException) — trying the AD1 fallback ladder"
