# NEARS-3466 AC3/AC4 partial — vendor.api middleware's OTHER (pre-existing, unrelated) branches
# Live GET /api/v1/vendor/profile probes, worktree's own server (port 8001)

=== No token -> 401 (unchanged) ===
$ curl -s -w "\nHTTP_STATUS:%{http_code}\n" http://127.0.0.1:8001/api/v1/vendor/profile
{"errors":[{"code":"auth-001","message":"Unauthorized."}]}
HTTP_STATUS:401

=== Garbage bearer token, valid vendorType header -> 401 (unchanged) ===
$ curl ... -H "Authorization: Bearer garbage_token_123" -H "vendorType: owner"
{"errors":[{"code":"auth-001","message":"Unauthorized."}]}
HTTP_STATUS:401

=== Valid token, MISSING vendorType header -> 403 (unchanged) ===
{"errors":[{"code":"vendor_type","message":"Vendor type required"}]}
HTTP_STATUS:403

=== Valid token, GARBAGE vendorType value -> 401 (unchanged, NEARS-1334 fail-closed branch) ===
{"errors":[{"code":"auth-001","message":"Unauthorized."}]}
HTTP_STATUS:401

=== Valid token, valid vendorType (control) -> 200 (unchanged) ===
HTTP_STATUS:200 (full profile payload with stores[] returned correctly)

NOTE: this does NOT demonstrate the actual new store-less-vendor 401 guard (auth-002 /
vendor_store_missing) added by this ticket — that needs the missing fixture (store-less
vendor with a known token/credentials), which has not been seeded yet (Tier C pending).
It confirms the middleware's OTHER pre-existing branches were not broken by the new guard.
