                                                         │   │ │                                     │                                                     │                             │     │ │ constraints: BoxConstraints(0.0<=w<=145.0, 0.0<=h<=Infinity)
                                                         │   │ │                                     │                                                     │                             │     │ │ size: Size(34.6, 18.0)
                                                         │   │ │                                     │                                                     │                             │     │ │ padding: EdgeInsets.zero
                                                         │   │ │                                     │                                                     │                             │     │ │ textDirection: ltr
                                                         │   │ │                                     │                                                     │                             │     │ │
                                                         │   │ │                                     │                                                     │                             │     │ └─child: RenderDecoratedBox#e88af relayoutBoundary=up6
                                                         │   │ │                                     │                                                     │                             │     │   │ creator: DecoratedBox ← Container ← NBadge ← Padding ← MediaQuery
                                                         │   │ │                                     │                                                     │                             │     │   │   ← Builder ← Column-[<'detail_column'>] ← Padding ←
                                                         │   │ │                                     │                                                     │                             │     │   │   LayoutBuilder ← Stack-[<'detail_stack'>] ← Expanded ← Column ←
                                                         │   │ │                                     │                                                     │                             │     │   │   ⋯
                                                         │   │ │                                     │                                                     │                             │     │   │ parentData: offset=Offset(0.0, 0.0) (can use size)
                                                         │   │ │                                     │                                                     │                             │     │   │ constraints: BoxConstraints(0.0<=w<=145.0, 0.0<=h<=Infinity)
                                                         │   │ │                                     │                                                     │                             │     │   │ size: Size(34.6, 18.0)
                                                         │   │ │                                     │                                                     │                             │     │   │ decoration: BoxDecoration:
                                                         │   │ │                                     │                                                     │                             │     │   │   color: Color(alpha: 1.0000, red: 0.8392, green: 0.9686, blue:
                                                         │   │ │                                     │                                                     │                             │     │   │     0.8941, colorSpace: ColorSpace.sRGB)
                                                         │   │ │                                     │                                                     │                             │     │   │   borderRadius: BorderRadius.circular(9999.0)
                                                         │   │ │                                     │                                                     │                             │     │   │ configuration: ImageConfiguration(bundle:
                                                         │   │ │                                     │                                                     │                             │     │   │   PlatformAssetBundle#398c8(), devicePixelRatio: 3.0, locale:
                                                         │   │ │                                     │                                                     │                             │     │   │   en_US, textDirection: TextDirection.ltr, platform: android)
                                                         │   │ │                                     │                                                     │                             │     │   │
                                                         │   │ │                                     │                                                     │                             │     │   └─child: RenderPadding#c8a21 relayoutBoundary=up7
                                                         │   │ │                                     │                                                     │                             │     │     │ creator: Padding ← DecoratedBox ← Container ← NBadge ← Padding ←
                                                         │   │ │                                     │                                                     │                             │     │     │   MediaQuery ← Builder ← Column-[<'detail_column'>] ← Padding ←
                                                         │   │ │                                     │                                                     │                             │     │     │   LayoutBuilder ← Stack-[<'detail_stack'>] ← Expanded ← ⋯
                                                         │   │ │                                     │                                                     │                             │     │     │ parentData: <none> (can use size)
                                                         │   │ │                                     │                                                     │                             │     │     │ constraints: BoxConstraints(0.0<=w<=145.0, 0.0<=h<=Infinity)
                                                         │   │ │                                     │                                                     │                             │     │     │ size: Size(34.6, 18.0)
                                                         │   │ │                                     │                                                     │                             │     │     │ padding: EdgeInsetsDirectional(4.0, 2.0, 4.0, 2.0)
                                                         │   │ │                                     │                                                     │                             │     │     │ textDirection: ltr
                                                         │   │ │                                     │                                                     │                             │     │     │
                                                         │   │ │                                     │                                                     │                             │     │     └─child: RenderFlex#de1af relayoutBoundary=up8
                                                         │   │ │                                     │                                                     │                             │     │       │ creator: Row ← Padding ← DecoratedBox ← Container ← NBadge ←
                                                         │   │ │                                     │                                                     │                             │     │       │   Padding ← MediaQuery ← Builder ← Column-[<'detail_column'>] ←
                                                         │   │ │                                     │                                                     │                             │     │       │   Padding ← LayoutBuilder ← Stack-[<'detail_stack'>] ← ⋯
                                                         │   │ │                                     │                                                     │                             │     │       │ parentData: offset=Offset(4.0, 2.0) (can use size)
                                                         │   │ │                                     │                                                     │                             │     │       │ constraints: BoxConstraints(0.0<=w<=137.0, 0.0<=h<=Infinity)
                                                         │   │ │                                     │                                                     │                             │     │       │ size: Size(26.6, 14.0)
                                                         │   │ │                                     │                                                     │                             │     │       │ direction: horizontal
                                                         │   │ │                                     │                                                     │                             │     │       │ mainAxisAlignment: start
                                                         │   │ │                                     │                                                     │                             │     │       │ mainAxisSize: min
                                                         │   │ │                                     │                                                     │                             │     │       │ crossAxisAlignment: center
                                                         │   │ │                                     │                                                     │                             │     │       │ textDirection: ltr
                                                         │   │ │                                     │                                                     │                             │     │       │ verticalDirection: down
                                                         │   │ │                                     │                                                     │                             │     │       │ spacing: 0.0
                                                         │   │ │                                     │                                                     │                             │     │       │
                                                         │   │ │                                     │                                                     │                             │     │       └─child 1: RenderParagraph#964cb relayoutBoundary=up9
                                                         │   │ │                                     │                                                     │                             │     │         │ creator: RichText ← Text ← Flexible ← Row ← Padding ←
                                                         │   │ │                                     │                                                     │                             │     │         │   DecoratedBox ← Container ← NBadge ← Padding ← MediaQuery ←
                                                         │   │ │                                     │                                                     │                             │     │         │   Builder ← Column-[<'detail_column'>] ← ⋯
                                                         │   │ │                                     │                                                     │                             │     │         │ parentData: offset=Offset(0.0, 0.0); flex=1; fit=FlexFit.loose
                                                         │   │ │                                     │                                                     │                             │     │         │   (can use size)
                                                         │   │ │                                     │                                                     │                             │     │         │ constraints: BoxConstraints(0.0<=w<=137.0, 0.0<=h<=Infinity)
                                                         │   │ │                                     │                                                     │                             │     │         │ size: Size(26.6, 14.0)
                                                         │   │ │                                     │                                                     │                             │     │         │ textAlign: start
                                                         │   │ │                                     │                                                     │                             │     │         │ textDirection: ltr
                                                         │   │ │                                     │                                                     │                             │     │         │ softWrap: wrapping at box width
                                                         │   │ │                                     │                                                     │                             │     │         │ overflow: ellipsis
                                                         │   │ │                                     │                                                     │                             │     │         │ locale: en_US
                                                         │   │ │                                     │                                                     │                             │     │         │ maxLines: 1
                                                         │   │ │                                     │                                                     │                             │     │         ╘═╦══ text ═══
                                                         │   │ │                                     │                                                     │                             │     │           ║ TextSpan:
                                                         │   │ │                                     │                                                     │                             │     │           ║   debugLabel: ((englishLike bodyMedium
                                                         │   │ │                                     │                                                     │                             │     │           ║     2021).merge((((blackMountainView
                                                         │   │ │                                     │                                                     │                             │     │           ║     bodyMedium).apply).apply).merge(unknown))).merge(unknown)
                                                         │   │ │                                     │                                                     │                             │     │           ║   inherit: false
                                                         │   │ │                                     │                                                     │                             │     │           ║   color: Color(alpha: 1.0000, red: 0.0000, green: 0.3373, blue:
                                                         │   │ │                                     │                                                     │                             │     │           ║     0.2275, colorSpace: ColorSpace.sRGB)
                                                         │   │ │                                     │                                                     │                             │     │           ║   family: Inter
                                                         │   │ │                                     │                                                     │                             │     │           ║   size: 11.0
                                                         │   │ │                                     │                                                     │                             │     │           ║   weight: 600
                                                         │   │ │                                     │                                                     │                             │     │           ║   letterSpacing: 0.2
                                                         │   │ │                                     │                                                     │                             │     │           ║   baseline: alphabetic
                                                         │   │ │                                     │                                                     │                             │     │           ║   height: 1.3x
                                                         │   │ │                                     │                                                     │                             │     │           ║   leadingDistribution: even
                                                         │   │ │                                     │                                                     │                             │     │           ║   decoration: Color(alpha: 1.0000, red: 0.1098, green: 0.1059,
                                                         │   │ │                                     │                                                     │                             │     │           ║     blue: 0.1059, colorSpace: ColorSpace.sRGB) TextDecoration.none
                                                         │   │ │                                     │                                                     │                             │     │           ║   "NEW"
                                                         │   │ │                                     │                                                     │                             │     │           ╚═══════════
