07-17 09:26:02.521 16283 16283 I flutter : ----------------FIREBASE CRASHLYTICS----------------
07-17 09:26:02.521 16283 16283 I flutter : The following exception was thrown uncaught async error (_AssertionError):
07-17 09:26:02.521 16283 16283 I flutter : UncaughtAsyncError
07-17 09:26:02.521 16283 16283 I flutter : #0      _AssertionError._doThrowNew (dart:core-patch/errors_patch.dart:67:4)
07-17 09:26:02.521 16283 16283 I flutter : #1      _AssertionError._throwNew (dart:core-patch/errors_patch.dart:49:5)
07-17 09:26:02.521 16283 16283 I flutter : #2      NavigatorState.pop (package:flutter/src/widgets/navigator.dart:5591:12)
07-17 09:26:02.521 16283 16283 I flutter : #3      GetNavigation.back (package:get/get_navigation/src/extension_navigation.dart:842:34)
07-17 09:26:02.521 16283 16283 I flutter : #4      SignUpScreenState._handleBack (package:sixam_mart/features/auth/screens/sign_up_screen.dart:31:11)
07-17 09:26:02.521 16283 16283 I flutter : #5      SignUpScreenState.build.<anonymous closure> (package:sixam_mart/features/auth/screens/sign_up_screen.dart:47:57)
07-17 09:26:02.521 16283 16283 I flutter : #6      PopScope._callPopInvoked (package:flutter/src/widgets/pop_scope.dart:146:30)
07-17 09:26:02.521 16283 16283 I flutter : #7      _PopScopeState.onPopInvokedWithResult (package:flutter/src/widgets/pop_scope.dart:181:12)
07-17 09:26:02.521 16283 16283 I flutter : #8      ModalRoute.onPopInvokedWithResult (package:flutter/src/widgets/routes.dart:2050:16)
07-17 09:26:02.521 16283 16283 I flutter : #9      _RouteEntry.handlePop (package:flutter/src/widgets/navigator.dart:3327:11)
07-17 09:26:02.521 16283 16283 I flutter : #10     NavigatorState._flushHistoryUpdates (package:flutter/src/widgets/navigator.dart:4467:22)
07-17 09:26:02.521 16283 16283 I flutter : #11     Naviga
07-17 09:26:02.521 16283 16283 I flutter : ----------------------------------------------------
07-17 09:26:02.541 16283 16283 I flutter : [FAIL] endpoint=null http_status=null type=UncaughtAsyncError msg="uncaught async error (_AssertionError)"
07-17 09:26:02.541 16283 16283 I flutter : ----------------FIREBASE CRASHLYTICS----------------
07-17 09:26:02.542 16283 16283 I flutter : 'package:flutter/src/widgets/navigator.dart': Failed assertion: line 5591 pos 12: '!_debugLocked': is not true.
07-17 09:26:02.543 16283 16283 I flutter : #0      _AssertionError._doThrowNew (dart:core-patch/errors_patch.dart:67:4)
