AC1 - English/LTR, 320dp @1.3x, FIXED code, shimmer HELD on the Pharmacy module home.

Shimmer confirmed mounted+laid out via the a11y tree at capture time:
  'Flash Sale' + 'LIMITED TIME OFFER' + Days / Hours / mins / sec
  and NO 'LIVE' and NO 'See All' (those appear only in the LOADED state).

Tight window at the held-shimmer moment: 54px x1 + 16px x8.
The fuller tail below covers subsequent scrolling on the same screen.
EVERY line is either 16px or 54px on the right -- both attributed to
running_order_view_widget.dart:104 (the running-order card / its expanded rows),
which this ticket does not touch.
ZERO overflow attributable to flash_sale_view_widget.dart.

08-15 12:25:42.572 I/flutter (17238): [FAIL] framework_error library=rendering library type=FlutterError msg="A RenderFlex overflowed by 54 pixels on the right."
08-15 12:25:42.576 I/flutter (17238): [FAIL] framework_error library=rendering library type=FlutterError msg="A RenderFlex overflowed by 16 pixels on the right."
08-15 12:25:42.579 I/flutter (17238): [FAIL] framework_error library=rendering library type=FlutterError msg="A RenderFlex overflowed by 16 pixels on the right."
08-15 12:25:42.584 I/flutter (17238): [FAIL] framework_error library=rendering library type=FlutterError msg="A RenderFlex overflowed by 16 pixels on the right."
08-15 12:25:42.588 I/flutter (17238): [FAIL] framework_error library=rendering library type=FlutterError msg="A RenderFlex overflowed by 16 pixels on the right."
08-15 12:25:42.591 I/flutter (17238): [FAIL] framework_error library=rendering library type=FlutterError msg="A RenderFlex overflowed by 16 pixels on the right."
08-15 12:25:42.594 I/flutter (17238): [FAIL] framework_error library=rendering library type=FlutterError msg="A RenderFlex overflowed by 16 pixels on the right."
08-15 12:25:42.596 I/flutter (17238): [FAIL] framework_error library=rendering library type=FlutterError msg="A RenderFlex overflowed by 16 pixels on the right."
08-15 12:25:42.598 I/flutter (17238): [FAIL] framework_error library=rendering library type=FlutterError msg="A RenderFlex overflowed by 16 pixels on the right."
08-15 12:27:03.291 I/flutter (17238): [FAIL] framework_error library=rendering library type=FlutterError msg="A RenderFlex overflowed by 54 pixels on the right."
08-15 12:27:03.294 I/flutter (17238): [FAIL] framework_error library=rendering library type=FlutterError msg="A RenderFlex overflowed by 16 pixels on the right."
08-15 12:27:03.298 I/flutter (17238): [FAIL] framework_error library=rendering library type=FlutterError msg="A RenderFlex overflowed by 16 pixels on the right."
08-15 12:27:03.301 I/flutter (17238): [FAIL] framework_error library=rendering library type=FlutterError msg="A RenderFlex overflowed by 16 pixels on the right."
08-15 12:27:03.305 I/flutter (17238): [FAIL] framework_error library=rendering library type=FlutterError msg="A RenderFlex overflowed by 16 pixels on the right."
08-15 12:27:03.307 I/flutter (17238): [FAIL] framework_error library=rendering library type=FlutterError msg="A RenderFlex overflowed by 16 pixels on the right."
08-15 12:27:03.309 I/flutter (17238): [FAIL] framework_error library=rendering library type=FlutterError msg="A RenderFlex overflowed by 16 pixels on the right."
08-15 12:27:03.312 I/flutter (17238): [FAIL] framework_error library=rendering library type=FlutterError msg="A RenderFlex overflowed by 16 pixels on the right."
08-15 12:27:03.316 I/flutter (17238): [FAIL] framework_error library=rendering library type=FlutterError msg="A RenderFlex overflowed by 16 pixels on the right."
08-15 12:27:42.705 I/flutter (17238): [FAIL] framework_error library=rendering library type=FlutterError msg="A RenderFlex overflowed by 54 pixels on the right."
08-15 12:27:42.708 I/flutter (17238): [FAIL] framework_error library=rendering library type=FlutterError msg="A RenderFlex overflowed by 16 pixels on the right."
08-15 12:27:42.710 I/flutter (17238): [FAIL] framework_error library=rendering library type=FlutterError msg="A RenderFlex overflowed by 16 pixels on the right."
08-15 12:27:42.713 I/flutter (17238): [FAIL] framework_error library=rendering library type=FlutterError msg="A RenderFlex overflowed by 16 pixels on the right."
08-15 12:27:42.716 I/flutter (17238): [FAIL] framework_error library=rendering library type=FlutterError msg="A RenderFlex overflowed by 16 pixels on the right."
08-15 12:27:42.718 I/flutter (17238): [FAIL] framework_error library=rendering library type=FlutterError msg="A RenderFlex overflowed by 16 pixels on the right."
08-15 12:27:42.724 I/flutter (17238): [FAIL] framework_error library=rendering library type=FlutterError msg="A RenderFlex overflowed by 16 pixels on the right."
08-15 12:27:42.726 I/flutter (17238): [FAIL] framework_error library=rendering library type=FlutterError msg="A RenderFlex overflowed by 16 pixels on the right."
08-15 12:27:42.729 I/flutter (17238): [FAIL] framework_error library=rendering library type=FlutterError msg="A RenderFlex overflowed by 16 pixels on the right."
08-15 12:27:43.655 I/flutter (17238): [FAIL] framework_error library=rendering library type=FlutterError msg="A RenderFlex overflowed by 54 pixels on the right."
08-15 12:27:43.658 I/flutter (17238): [FAIL] framework_error library=rendering library type=FlutterError msg="A RenderFlex overflowed by 16 pixels on the right."
08-15 12:27:43.661 I/flutter (17238): [FAIL] framework_error library=rendering library type=FlutterError msg="A RenderFlex overflowed by 16 pixels on the right."
08-15 12:27:43.667 I/flutter (17238): [FAIL] framework_error library=rendering library type=FlutterError msg="A RenderFlex overflowed by 16 pixels on the right."
08-15 12:27:43.670 I/flutter (17238): [FAIL] framework_error library=rendering library type=FlutterError msg="A RenderFlex overflowed by 16 pixels on the right."
08-15 12:27:43.672 I/flutter (17238): [FAIL] framework_error library=rendering library type=FlutterError msg="A RenderFlex overflowed by 16 pixels on the right."
08-15 12:27:43.675 I/flutter (17238): [FAIL] framework_error library=rendering library type=FlutterError msg="A RenderFlex overflowed by 16 pixels on the right."
08-15 12:27:43.677 I/flutter (17238): [FAIL] framework_error library=rendering library type=FlutterError msg="A RenderFlex overflowed by 16 pixels on the right."
08-15 12:27:43.680 I/flutter (17238): [FAIL] framework_error library=rendering library type=FlutterError msg="A RenderFlex overflowed by 16 pixels on the right."
08-15 12:27:44.993 I/flutter (17238): [FAIL] framework_error library=rendering library type=FlutterError msg="A RenderFlex overflowed by 54 pixels on the right."
08-15 12:27:44.996 I/flutter (17238): [FAIL] framework_error library=rendering library type=FlutterError msg="A RenderFlex overflowed by 16 pixels on the right."
08-15 12:27:44.999 I/flutter (17238): [FAIL] framework_error library=rendering library type=FlutterError msg="A RenderFlex overflowed by 16 pixels on the right."
08-15 12:27:45.001 I/flutter (17238): [FAIL] framework_error library=rendering library type=FlutterError msg="A RenderFlex overflowed by 16 pixels on the right."
08-15 12:27:45.003 I/flutter (17238): [FAIL] framework_error library=rendering library type=FlutterError msg="A RenderFlex overflowed by 16 pixels on the right."
08-15 12:27:45.007 I/flutter (17238): [FAIL] framework_error library=rendering library type=FlutterError msg="A RenderFlex overflowed by 16 pixels on the right."
08-15 12:27:45.009 I/flutter (17238): [FAIL] framework_error library=rendering library type=FlutterError msg="A RenderFlex overflowed by 16 pixels on the right."
08-15 12:27:45.011 I/flutter (17238): [FAIL] framework_error library=rendering library type=FlutterError msg="A RenderFlex overflowed by 16 pixels on the right."
08-15 12:27:45.013 I/flutter (17238): [FAIL] framework_error library=rendering library type=FlutterError msg="A RenderFlex overflowed by 16 pixels on the right."
