AC2 - Arabic/RTL, 320dp @1.3x, FIXED code, cold cache (language switch wipes LocalClient cache) on Pharmacy module home.
Shimmer window proven by in-window flash-sale fetch while flashSaleModel == null:
08-15 12:15:40.248 I/flutter (15193): [NET] GET endpoint=/api/v1/flash-sales
08-15 12:15:40.580 I/flutter (15193): [NET] endpoint=/api/v1/flash-sales http_status=200
08-15 12:16:56.510 I/flutter (15193): [NET] GET endpoint=/api/v1/flash-sales
08-15 12:16:56.848 I/flutter (15193): [NET] endpoint=/api/v1/flash-sales http_status=200
08-15 12:17:28.154 I/flutter (15193): [NET] GET endpoint=/api/v1/flash-sales
08-15 12:17:28.733 I/flutter (15193): [NET] endpoint=/api/v1/flash-sales http_status=200
08-15 12:21:03.532 I/flutter (17238): [NET] GET endpoint=/api/v1/flash-sales
08-15 12:21:04.146 I/flutter (17238): [NET] endpoint=/api/v1/flash-sales http_status=200
08-15 12:21:43.017 I/flutter (17238): [NET] GET endpoint=/api/v1/flash-sales
08-15 12:21:43.562 I/flutter (17238): [NET] endpoint=/api/v1/flash-sales http_status=200
08-15 12:23:22.292 I/flutter (17238): [NET] GET endpoint=/api/v1/flash-sales
08-15 12:23:22.634 I/flutter (17238): [NET] endpoint=/api/v1/flash-sales http_status=200
08-15 12:25:04.886 I/flutter (17238): [NET] GET endpoint=/api/v1/flash-sales
08-15 12:25:05.269 I/flutter (17238): [NET] endpoint=/api/v1/flash-sales http_status=200
08-15 12:30:57.996 I/flutter (17238): [NET] GET endpoint=/api/v1/flash-sales
08-15 12:30:58.321 I/flutter (17238): [NET] endpoint=/api/v1/flash-sales http_status=200

Instrument validity: 54 I/flutter lines in window.
RenderFlex overflows in window: NONE.
AC2 paired re-run - Arabic/RTL, FIXED code hot-reloaded over the SAME running app that produced the 84px base control, cold Grocery module:
08-15 12:35:35.658 I/flutter (17238): [NET] GET endpoint=/api/v1/flash-sales
08-15 12:35:36.246 I/flutter (17238): [NET] endpoint=/api/v1/flash-sales http_status=200
08-15 12:37:11.245 I/flutter (17238): [NET] GET endpoint=/api/v1/flash-sales
08-15 12:37:11.802 I/flutter (17238): [NET] endpoint=/api/v1/flash-sales http_status=200
08-15 12:37:40.736 I/flutter (17238): [NET] GET endpoint=/api/v1/flash-sales
08-15 12:37:41.056 I/flutter (17238): [NET] endpoint=/api/v1/flash-sales http_status=200
08-15 12:38:18.381 I/flutter (17238): [NET] GET endpoint=/api/v1/flash-sales
08-15 12:38:19.087 I/flutter (17238): [NET] endpoint=/api/v1/flash-sales http_status=200
08-15 12:39:23.941 I/flutter (17238): [NET] GET endpoint=/api/v1/flash-sales
08-15 12:39:24.510 I/flutter (17238): [NET] endpoint=/api/v1/flash-sales http_status=200
08-15 12:47:31.433 I/flutter (17238): [NET] GET endpoint=/api/v1/flash-sales
08-15 12:47:32.411 I/flutter (17238): [NET] endpoint=/api/v1/flash-sales http_status=200
08-15 12:50:38.571 I/flutter (20490): [NET] GET endpoint=/api/v1/flash-sales
08-15 12:50:39.248 I/flutter (20490): [NET] endpoint=/api/v1/flash-sales http_status=200
Overflows: 0.800px on the BOTTOM only -> attributed to item_widget.dart:268 (pre-existing, not flash sale). No horizontal overflow.
