00:00 +0: loading /Users/Apple/Projects/nears-NEARS-3817-status-tag-centred/packages/nears_dls/test/components/n_item_card_status_chip_test.dart
00:00 +0: closed grid: no heart, chip above halal heart absent when closed, present when open — rtl
══╡ EXCEPTION CAUGHT BY FLUTTER TEST FRAMEWORK ╞════════════════════════════════════════════════════
The following TestFailure was thrown running a test:
Expected: no matching candidates
  Actual: _KeyWidgetFinder:<Found 1 widget with key [<'chipHeart'>]: [
            NFavourite-[<'chipHeart'>](dependencies: [Directionality, InheritedCupertinoTheme,
_InheritedTheme, _LocalizationsScope-[GlobalKey#eca00]], state: _NFavouriteState#93690(ticker
inactive)),
          ]>
   Which: means one was found but none were expected

When the exception was thrown, this was the stack:
#4      main.<anonymous closure>.<anonymous closure> (file:///Users/Apple/Projects/nears-NEARS-3817-status-tag-centred/packages/nears_dls/test/components/n_item_card_status_chip_test.dart:284:9)
<asynchronous suspension>
#5      testWidgets.<anonymous closure>.<anonymous closure> (package:flutter_test/src/widget_tester.dart:192:15)
<asynchronous suspension>
#6      TestWidgetsFlutterBinding._runTestBody (package:flutter_test/src/binding.dart:1682:5)
<asynchronous suspension>
<asynchronous suspension>
(elided one frame from package:stack_trace)

This was caught by the test expectation on the following line:
  file:///Users/Apple/Projects/nears-NEARS-3817-status-tag-centred/packages/nears_dls/test/components/n_item_card_status_chip_test.dart line 284
The test description was:
  heart absent when closed, present when open — rtl
════════════════════════════════════════════════════════════════════════════════════════════════════
00:00 +0 -1: closed grid: no heart, chip above halal heart absent when closed, present when open — rtl [E]
  Test failed. See exception logs above.
  The test description was: heart absent when closed, present when open — rtl
  
00:00 +0 -1: closed grid: no heart, chip above halal chip paints above the halal tag — rtl 1.3x
══╡ EXCEPTION CAUGHT BY FLUTTER TEST FRAMEWORK ╞════════════════════════════════════════════════════
The following TestFailure was thrown running a test:
Expected: <0>
  Actual: <1>
the chip, not halal, is on top there

When the exception was thrown, this was the stack:
#4      main.<anonymous closure>.<anonymous closure> (file:///Users/Apple/Projects/nears-NEARS-3817-status-tag-centred/packages/nears_dls/test/components/n_item_card_status_chip_test.dart:311:9)
<asynchronous suspension>
#5      testWidgets.<anonymous closure>.<anonymous closure> (package:flutter_test/src/widget_tester.dart:192:15)
<asynchronous suspension>
#6      TestWidgetsFlutterBinding._runTestBody (package:flutter_test/src/binding.dart:1682:5)
<asynchronous suspension>
<asynchronous suspension>
(elided one frame from package:stack_trace)

This was caught by the test expectation on the following line:
  file:///Users/Apple/Projects/nears-NEARS-3817-status-tag-centred/packages/nears_dls/test/components/n_item_card_status_chip_test.dart line 311
The test description was:
  chip paints above the halal tag — rtl 1.3x
════════════════════════════════════════════════════════════════════════════════════════════════════
00:00 +0 -2: closed grid: no heart, chip above halal chip paints above the halal tag — rtl 1.3x [E]
  Test failed. See exception logs above.
  The test description was: chip paints above the halal tag — rtl 1.3x
  
00:00 +0 -2: closed grid: no heart, chip above halal heart absent when closed, present when open — ltr
══╡ EXCEPTION CAUGHT BY FLUTTER TEST FRAMEWORK ╞════════════════════════════════════════════════════
The following TestFailure was thrown running a test:
Expected: no matching candidates
  Actual: _KeyWidgetFinder:<Found 1 widget with key [<'chipHeart'>]: [
            NFavourite-[<'chipHeart'>](dependencies: [Directionality, InheritedCupertinoTheme,
_InheritedTheme, _LocalizationsScope-[GlobalKey#6ead8]], state: _NFavouriteState#5c371(ticker
inactive)),
          ]>
   Which: means one was found but none were expected

When the exception was thrown, this was the stack:
#4      main.<anonymous closure>.<anonymous closure> (file:///Users/Apple/Projects/nears-NEARS-3817-status-tag-centred/packages/nears_dls/test/components/n_item_card_status_chip_test.dart:284:9)
<asynchronous suspension>
#5      testWidgets.<anonymous closure>.<anonymous closure> (package:flutter_test/src/widget_tester.dart:192:15)
<asynchronous suspension>
#6      TestWidgetsFlutterBinding._runTestBody (package:flutter_test/src/binding.dart:1682:5)
<asynchronous suspension>
<asynchronous suspension>
(elided one frame from package:stack_trace)

This was caught by the test expectation on the following line:
  file:///Users/Apple/Projects/nears-NEARS-3817-status-tag-centred/packages/nears_dls/test/components/n_item_card_status_chip_test.dart line 284
The test description was:
  heart absent when closed, present when open — ltr
════════════════════════════════════════════════════════════════════════════════════════════════════
00:00 +0 -3: closed grid: no heart, chip above halal heart absent when closed, present when open — ltr [E]
  Test failed. See exception logs above.
  The test description was: heart absent when closed, present when open — ltr
  
00:00 +0 -3: closed grid: no heart, chip above halal chip paints above the halal tag — ltr 1.3x
══╡ EXCEPTION CAUGHT BY FLUTTER TEST FRAMEWORK ╞════════════════════════════════════════════════════
The following TestFailure was thrown running a test:
Expected: <0>
  Actual: <1>
the chip, not halal, is on top there

When the exception was thrown, this was the stack:
#4      main.<anonymous closure>.<anonymous closure> (file:///Users/Apple/Projects/nears-NEARS-3817-status-tag-centred/packages/nears_dls/test/components/n_item_card_status_chip_test.dart:311:9)
<asynchronous suspension>
#5      testWidgets.<anonymous closure>.<anonymous closure> (package:flutter_test/src/widget_tester.dart:192:15)
<asynchronous suspension>
#6      TestWidgetsFlutterBinding._runTestBody (package:flutter_test/src/binding.dart:1682:5)
<asynchronous suspension>
<asynchronous suspension>
(elided one frame from package:stack_trace)

This was caught by the test expectation on the following line:
  file:///Users/Apple/Projects/nears-NEARS-3817-status-tag-centred/packages/nears_dls/test/components/n_item_card_status_chip_test.dart line 311
The test description was:
  chip paints above the halal tag — ltr 1.3x
════════════════════════════════════════════════════════════════════════════════════════════════════
00:00 +0 -4: closed grid: no heart, chip above halal chip paints above the halal tag — ltr 1.3x [E]
  Test failed. See exception logs above.
  The test description was: chip paints above the halal tag — ltr 1.3x
  
00:00 +0 -4: Some tests failed.
