00:00 +0: loading /Users/Apple/Projects/nears-NEARS-3817-status-tag-centred/packages/nears_dls/test/golden/n_item_card_golden_test.dart
00:00 +0: /Users/Apple/Projects/nears-NEARS-3817-status-tag-centred/packages/nears_dls/test/golden/n_item_card_golden_test.dart: NItemCard — light (variant: CI)
00:00 +1: /Users/Apple/Projects/nears-NEARS-3817-status-tag-centred/packages/nears_dls/test/golden/n_item_card_golden_test.dart: NItemCard — light (variant: CI)
00:00 +2: /Users/Apple/Projects/nears-NEARS-3817-status-tag-centred/packages/nears_dls/test/golden/n_item_card_menu_row_golden_test.dart: NItemCard — menuRow dark (variant: CI)
00:00 +3: /Users/Apple/Projects/nears-NEARS-3817-status-tag-centred/packages/nears_dls/test/golden/n_item_card_golden_test.dart: NItemCard — dark (variant: CI)
00:00 +4: /Users/Apple/Projects/nears-NEARS-3817-status-tag-centred/packages/nears_dls/test/golden/n_item_card_menu_row_golden_test.dart: NItemCard — menuRow rtl (variant: CI)
00:00 +5: /Users/Apple/Projects/nears-NEARS-3817-status-tag-centred/packages/nears_dls/test/golden/n_item_card_golden_test.dart: NItemCard — rtl (light) (variant: CI)
00:00 +6: /Users/Apple/Projects/nears-NEARS-3817-status-tag-centred/packages/nears_dls/test/golden/n_item_card_golden_test.dart: NItemCard — compact (variant: CI)
══╡ EXCEPTION CAUGHT BY FLUTTER TEST FRAMEWORK ╞════════════════════════════════════════════════════
The following assertion was thrown while running async test code:
Golden "goldens/ci/n_item_card_compact.png": Pixel test failed, 0.19%, 2730px diff detected.
Failure feedback can be found at
/Users/Apple/Projects/nears-NEARS-3817-status-tag-centred/packages/nears_dls/test/golden/failures

When the exception was thrown, this was the stack:
#0      LocalFileComparator.compare (package:flutter_test/src/_goldens_io.dart:108:5)
<asynchronous suspension>
#1      MatchesGoldenFile.matchAsync.<anonymous closure> (package:flutter_test/src/_matchers_io.dart:124:32)
<asynchronous suspension>
<asynchronous suspension>
#3      _expect.<anonymous closure> (package:matcher/src/expect/expect.dart:153:17)
<asynchronous suspension>
<asynchronous suspension>
#5      expectLater.<anonymous closure> (package:flutter_test/src/widget_tester.dart:508:19)
<asynchronous suspension>
#6      FlutterGoldenTestAdapter.withForceUpdateGoldenFiles (package:alchemist/src/golden_test_adapter.dart:198:14)
<asynchronous suspension>
#7      FlutterGoldenTestRunner.run (package:alchemist/src/golden_test_runner.dart:116:9)
<asynchronous suspension>
#8      goldenTest.<anonymous closure> (package:alchemist/src/golden_test.dart:169:7)
<asynchronous suspension>
#9      testWidgets.<anonymous closure>.<anonymous closure> (package:flutter_test/src/widget_tester.dart:192:15)
<asynchronous suspension>
#10     TestWidgetsFlutterBinding._runTestBody (package:flutter_test/src/binding.dart:1682:5)
<asynchronous suspension>
<asynchronous suspension>
(elided 3 frames from dart:async and package:stack_trace)

The exception was caught asynchronously.
════════════════════════════════════════════════════════════════════════════════════════════════════
00:01 +6 -1: /Users/Apple/Projects/nears-NEARS-3817-status-tag-centred/packages/nears_dls/test/golden/n_item_card_golden_test.dart: NItemCard — compact (variant: CI) [E]
  Test failed. See exception logs above.
  The test description was: NItemCard — compact (variant: CI)
  
00:01 +6 -1: Some tests failed.
