--------- beginning of main
08-23 17:50:27.487 I/flutter ( 9117): [NET] POST endpoint=/api/v1/customer/loyalty-point/point-transfer
08-23 17:50:28.499 I/flutter ( 9117): [NET] endpoint=/api/v1/customer/loyalty-point/point-transfer http_status=403
08-23 17:50:28.513 I/flutter ( 9117): ----------------FIREBASE CRASHLYTICS----------------
08-23 17:50:28.513 I/flutter ( 9117): The following exception was thrown api request failed:
08-23 17:50:28.515 I/flutter ( 9117): ApiFailure(status: 403)
08-23 17:50:28.517 I/flutter ( 9117): #0      ApiChecker.checkApi (package:sixam_mart/api/api_checker.dart:30:20)
08-23 17:50:28.517 I/flutter ( 9117): #1      ApiClient.handleResponse (package:sixam_mart/api/api_client.dart:1133:20)
08-23 17:50:28.517 I/flutter ( 9117): #2      ApiClient._send (package:sixam_mart/api/api_client.dart:783:14)
08-23 17:50:28.517 I/flutter ( 9117): <asynchronous suspension>
08-23 17:50:28.517 I/flutter ( 9117): #3      LoyaltyRepository.pointToWallet (package:sixam_mart/features/loyalty/domain/repositories/loyalty_repository.dart:16:25)
08-23 17:50:28.517 I/flutter ( 9117): <asynchronous suspension>
08-23 17:50:28.517 I/flutter ( 9117): #4      LoyaltyService.pointToWallet (package:sixam_mart/features/loyalty/domain/services/loyalty_service.dart:17:12)
08-23 17:50:28.517 I/flutter ( 9117): <asynchronous suspension>
08-23 17:50:28.517 I/flutter ( 9117): #5      LoyaltyController.pointToWallet (package:sixam_mart/features/loyalty/controllers/loyalty_controller.dart:101:35)
08-23 17:50:28.517 I/flutter ( 9117): <asynchronous suspension>
08-23 17:50:28.518 I/flutter ( 9117): ----------------------------------------------------
08-23 17:50:28.577 I/flutter ( 9117): [FAIL] endpoint=/api/v1/customer/loyalty-point/point-transfer http_status=403 type=ApiFailure msg="api request failed" correlation_id=b12fcd65-8bf0-4eda-a3db-49ed3552e254
08-23 17:51:58.981 I/flutter ( 9117): [NET] POST endpoint=/api/v1/customer/loyalty-point/point-transfer
08-23 17:51:59.650 I/flutter ( 9117): [NET] endpoint=/api/v1/customer/loyalty-point/point-transfer http_status=403
08-23 17:51:59.651 I/flutter ( 9117): ----------------FIREBASE CRASHLYTICS----------------
08-23 17:51:59.651 I/flutter ( 9117): The following exception was thrown api request failed:
08-23 17:51:59.651 I/flutter ( 9117): ApiFailure(status: 403)
08-23 17:51:59.651 I/flutter ( 9117): #0      ApiChecker.checkApi (package:sixam_mart/api/api_checker.dart:30:20)
08-23 17:51:59.651 I/flutter ( 9117): #1      ApiClient.handleResponse (package:sixam_mart/api/api_client.dart:1133:20)
08-23 17:51:59.651 I/flutter ( 9117): #2      ApiClient._send (package:sixam_mart/api/api_client.dart:783:14)
08-23 17:51:59.651 I/flutter ( 9117): <asynchronous suspension>
08-23 17:51:59.651 I/flutter ( 9117): #3      LoyaltyRepository.pointToWallet (package:sixam_mart/features/loyalty/domain/repositories/loyalty_repository.dart:16:25)
08-23 17:51:59.651 I/flutter ( 9117): <asynchronous suspension>
08-23 17:51:59.651 I/flutter ( 9117): #4      LoyaltyService.pointToWallet (package:sixam_mart/features/loyalty/domain/services/loyalty_service.dart:17:12)
08-23 17:51:59.651 I/flutter ( 9117): <asynchronous suspension>
08-23 17:51:59.651 I/flutter ( 9117): #5      LoyaltyController.pointToWallet (package:sixam_mart/features/loyalty/controllers/loyalty_controller.dart:101:35)
08-23 17:51:59.651 I/flutter ( 9117): <asynchronous suspension>
08-23 17:51:59.651 I/flutter ( 9117): ----------------------------------------------------
08-23 17:51:59.653 I/flutter ( 9117): [FAIL] endpoint=/api/v1/customer/loyalty-point/point-transfer http_status=403 type=ApiFailure msg="api request failed" correlation_id=9a79b6dd-4905-43cb-a4b9-655bd1b8b15e
08-23 17:54:28.418 I/flutter ( 9117): [INFO] msg="loyalty list: reached end of pagination"
08-23 17:54:28.419 I/flutter ( 9117): [NET] GET endpoint=/api/v1/customer/loyalty-point/transactions
08-23 17:54:29.526 I/flutter ( 9117): [NET] endpoint=/api/v1/customer/loyalty-point/transactions http_status=200
