AC2 FAIL — Spanish and Bengali rows still render as English exonyms ("Spanish",
"Bengali"), not their own-script endonyms ("Español", "বাংলা"), on BOTH call
sites (Choose Language first-run screen AND Profile/Menu -> Settings ->
Language bottom sheet). Only Arabic was corrected by this diff.

Live-observed labels (uiautomator content-desc, English locale, Choose
Language screen, emulator-5554):
  English
  العربية
  Spanish   <- expected "Español"
  Bengali   <- expected "বাংলা"

Same labels reproduced on the Profile/Menu -> Settings -> Language bottom
sheet (LanguageBottomSheetWidget via LanguageCardWidget) — same underlying
AppConstants.languages data.

Source (UserApp/lib/util/app_constants.dart, ~line 494-518):
  LanguageModel(imageUrl: Images.english, languageName: 'English', countryCode: 'US', languageCode: 'en'),
  LanguageModel(imageUrl: Images.arabic,  languageName: 'العربية', countryCode: 'SA', languageCode: 'ar'), // NEARS-3578 F2 fix
  LanguageModel(imageUrl: Images.spanish, languageName: 'Spanish', countryCode: 'ES', languageCode: 'es'), // NOT fixed — expected 'Español'
  LanguageModel(imageUrl: Images.bengali, languageName: 'Bengali', countryCode: 'BN', languageCode: 'bn'), // NOT fixed — expected 'বাংলা'

Ticket AC2 text (NEARS-3578): "Language labels render as endonyms in their own
script (English, العربية/عربي, Español, বাংলা) on both the Choose Language
screen and the Profile -> Language bottom sheet -- verified live on both
screens." — explicitly names all four languages; only 1 of 3 non-English rows
was corrected.

See screenshots: ac1-ac2-ac4-choose-language-en.png (EN),
ac10-rtl-after-next.png (AR — same English exonyms visible, mirrored layout).
