AC5 FAIL (partial) — the redundant subtitle was fixed on the Choose Language
first-run screen only. The Profile/Menu -> Settings -> Language bottom sheet
(LanguageBottomSheetWidget) still renders the OLD copy, which restates the
heading exactly as the ticket's finding 5 described.

Live-observed (Arabic locale, bottom sheet open via Menu -> Settings ->
Language, emulator-5554):
  Heading:  اختر لغتك                    ("Choose your language")
  Subtitle: اختر لغتك للمتابعة            ("Choose your language to proceed")
  -> still restates the heading; NOT the new approved copy
     ("يمكنك تغيير اللغة في أي وقت من الإعدادات" / "You can change this
     anytime in Settings").

Choose Language screen (first-run) correctly shows the NEW copy in both
locales — confirmed live:
  EN: "You can change this anytime in Settings"
  AR: "يمكنك تغيير اللغة في أي وقت من الإعدادات"

Source:
  UserApp/lib/features/language/screens/language_screen.dart:82
    'language_changeable_in_settings'.tr   <- fixed
  UserApp/lib/features/language/widgets/language_bottom_sheet_widget.dart:45
    Text('choose_your_language_to_proceed'.tr, ...)   <- NOT updated, still
    uses the pre-fix key

assets/language/en.json / ar.json both keys exist (both keys present, only
one call site migrated to the new key):
  "choose_your_language_to_proceed": "Choose your language to proceed" / "اختر لغتك للمتابعة"
  "language_changeable_in_settings": "You can change this anytime in Settings" / "يمكنك تغيير اللغة في أي وقت من الإعدادات"

This is also an AC-SHARED consistency gap: the two call sites of the same
"choose your language" composition now show DIFFERENT subtitle copy for the
same state, one still exhibiting the exact redundancy finding 5 reported.

See screenshot: bug-ac2-ac5-bottomsheet-ar.png.
