AC3 evidence — NEARS-3327 — backend log check, scoped grep on the system-addons endpoint

Server: this worktree's own `php artisan serve --host=127.0.0.1 --port=8951` (cwd verified via
`lsof`/`ps` to be /Users/Apple/Projects/nears-NEARS-3327-system-addons-500/Admin, not the primary
tree or a sibling worktree). Log: Admin/storage/logs/laravel.log.

Requests exercised (via Playwright, authenticated as admin@admin.com), full redirect chain
captured over the network layer:

  chain: 302 http://127.0.0.1:8951/admin/addon/system-addons          x-request-id=20e02dc4-77f8-4941-8025-cc742fb23f2c
  chain: 200 http://127.0.0.1:8951/admin/business-settings/system-addon x-request-id=41f69c6a-ac81-418a-9291-94fef481273d

(SetRequestId middleware is registered first in the 'web' middleware group per
Admin/bootstrap/app.php, so both admin/* hops mint + echo X-Request-Id.)

Scoped grep run immediately after (before + after timestamps bracket the request):

$ grep -Fn "20e02dc4-77f8-4941-8025-cc742fb23f2c" Admin/storage/logs/laravel.log   -> no match
$ grep -Fn "41f69c6a-ac81-418a-9291-94fef481273d" Admin/storage/logs/laravel.log  -> no match
$ grep -Fn "addon/system-addons" Admin/storage/logs/laravel.log                   -> no match (rc=1)
$ grep -Fn "system-addon/" Admin/storage/logs/laravel.log                         -> no match (rc=1)
$ grep -c "RouteNotFoundException" Admin/storage/logs/laravel.log                 -> 0 (whole file)

NOTE (self-caught false-positive avoided): an earlier unscoped grep -F "system-addon" (singular,
no trailing slash) matched 2 unrelated lines — but only because this worktree's own directory name
happens to contain the substring "system-addons-500" inside an absolute file path logged for a
DIFFERENT, unrelated exception (group_order_place_failed, PlaceGroupOrder.php:326). Re-scoped to
the AC's literal patterns ("addon/system-addons", "system-addon/") which require the slash and do
not collide with the worktree directory name -- zero matches, confirmed with both the shell's
default grep and /usr/bin/grep.

Result: no RouteNotFoundException / ErrorException line was emitted for either admin/* hop of the
system-addons page load, before or after the fix's request-ids specifically, and none anywhere
in the file scoped to the endpoint. Backend log is clean for this AC.
