10-09 22:09:59.967 25718 25718 I flutter : [FAIL] endpoint=/api/v1/auth/vendor/verify-token http_status=400 type=ApiFailure msg="unhandled api response" correlation_id=4a4da346-74be-4a06-be59-fcd34fac0136
10-09 22:09:59.968 25718 25718 I flutter : [FAIL] endpoint=/api/v1/auth/vendor/verify-token http_status=null type=ApiFailure msg="forgot-password code verification failed"
10-09 22:10:09.940 25718 25718 I flutter : [FAIL] endpoint=/api/v1/auth/vendor/verify-token http_status=400 type=ApiFailure msg="unhandled api response" correlation_id=d7d693af-5224-41ab-9f7c-2c03ecc0e528
10-09 22:10:09.940 25718 25718 I flutter : [FAIL] endpoint=/api/v1/auth/vendor/verify-token http_status=null type=ApiFailure msg="forgot-password code verification failed"
10-09 22:10:16.940 25718 25718 I flutter : [FAIL] endpoint=/api/v1/auth/vendor/verify-token http_status=400 type=ApiFailure msg="unhandled api response" correlation_id=20cf8ba7-5f5a-4865-a93a-0af022fc1fc9
10-09 22:10:16.940 25718 25718 I flutter : [FAIL] endpoint=/api/v1/auth/vendor/verify-token http_status=null type=ApiFailure msg="forgot-password code verification failed"
10-09 22:10:24.939 25718 25718 I flutter : [FAIL] endpoint=/api/v1/auth/vendor/verify-token http_status=400 type=ApiFailure msg="unhandled api response" correlation_id=8c5efce0-5eeb-4fd6-b804-edeb64bc6cdd
10-09 22:10:24.939 25718 25718 I flutter : [FAIL] endpoint=/api/v1/auth/vendor/verify-token http_status=null type=ApiFailure msg="forgot-password code verification failed"
10-09 22:10:32.937 25718 25718 I flutter : [FAIL] endpoint=/api/v1/auth/vendor/verify-token http_status=429 type=ApiFailure msg="unhandled api response" correlation_id=610e11e3-2584-4314-a62d-f4d9bdb18e59
10-09 22:10:32.937 25718 25718 I flutter : [FAIL] endpoint=/api/v1/auth/vendor/verify-token http_status=null type=ApiFailure msg="forgot-password code verification failed"
10-09 22:12:00.447 25718 25718 I flutter : [FAIL] endpoint=/api/v1/auth/vendor/verify-token http_status=400 type=ApiFailure msg="unhandled api response" correlation_id=e4242d9c-0a0f-4974-a718-800a45714691
10-09 22:12:00.447 25718 25718 I flutter : [FAIL] endpoint=/api/v1/auth/vendor/verify-token http_status=null type=ApiFailure msg="forgot-password code verification failed"
10-09 22:12:07.443 25718 25718 I flutter : [FAIL] endpoint=/api/v1/auth/vendor/verify-token http_status=405 type=ApiFailure msg="unhandled api response" correlation_id=35d2fe74-bae0-42dd-bab9-53ec48b99142
10-09 22:12:07.444 25718 25718 I flutter : [FAIL] endpoint=/api/v1/auth/vendor/verify-token http_status=null type=ApiFailure msg="forgot-password code verification failed"
10-09 22:18:00.250 25718 25718 I flutter : [FAIL] endpoint=/api/v1/auth/vendor/reset-password http_status=403 type=ApiFailure msg="unhandled api response" correlation_id=41c5bd50-cfd2-45f0-a5cb-28381c258e8e
10-09 22:18:00.251 25718 25718 I flutter : [FAIL] endpoint=/api/v1/auth/vendor/reset-password http_status=null type=ApiFailure msg="forgot-password reset failed"
I/flutter (19183): [FAIL] endpoint=/api/v1/auth/vendor/verify-token http_status=400 type=ApiFailure msg="unhandled api response" correlation_id=0d4289b6-b0da-44ae-91c8-07fdf0d9d32f
I/flutter (19183): The following exception was thrown forgot-password code verification failed:
I/flutter (19183): [FAIL] endpoint=/api/v1/auth/vendor/verify-token http_status=null type=ApiFailure msg="forgot-password code verification failed"
I/flutter (19183): [FAIL] endpoint=/api/v1/auth/vendor/verify-token http_status=400 type=ApiFailure msg="unhandled api response" correlation_id=b934fa6d-bfaa-46bb-8357-b111e1133302
I/flutter (19183): The following exception was thrown forgot-password code verification failed:
I/flutter (19183): [FAIL] endpoint=/api/v1/auth/vendor/verify-token http_status=null type=ApiFailure msg="forgot-password code verification failed"
