PHPUnit 11.5.55 by Sebastian Bergmann and contributors.

Runtime:       PHP 8.5.6
Configuration: /Users/Apple/Projects/nears-NEARS-1199-test-db-isolation/Admin/phpunit.xml

.F                                                                  2 / 2 (100%)

Time: 00:00.345, Memory: 66.50 MB

There was 1 failure:

1) Tests\Feature\TestDbIsolationTest::testNoForeignRunMarkersAreVisible
A concurrent run's marker rows are visible in this run's database (multi_food_db_test_mutcheck) — the runs are sharing one database, not isolated: runB
Failed asserting that two arrays are identical.
--- Expected
+++ Actual
@@ @@
-Array &0 []
+Array &0 [
+    0 => 'runB',
+]

/Users/Apple/Projects/nears-NEARS-1199-test-db-isolation/Admin/tests/Feature/TestDbIsolationTest.php:138

FAILURES!
Tests: 2, Assertions: 2, Failures: 1, PHPUnit Deprecations: 4.
A_EXIT=1
