NEARS-1199: using private test DB multi_food_db_test_nears_nears_1199_test_db_isolation
PHPUnit 11.5.55 by Sebastian Bergmann and contributors.

Runtime:       PHP 8.5.6
Configuration: /Users/Apple/Projects/nears-NEARS-1199-test-db-isolation/Admin/phpunit.xml

....DD...................................[FAIL] OpenTelemetry export failed; Laravel logger unavailable: Monolog handler is dead (bad channel / full disk)
[FAIL] OpenTelemetry export failed; Laravel logger unavailable: Monolog handler is dead (bad channel / full disk)
......................  63 / 974 (  6%)
............................................................... 126 / 974 ( 12%)
............................................................... 189 / 974 ( 19%)
............................................................... 252 / 974 ( 25%)
............................................................... 315 / 974 ( 32%)
............................................................... 378 / 974 ( 38%)
............................................................... 441 / 974 ( 45%)
............................................................... 504 / 974 ( 51%)
............................................................... 567 / 974 ( 58%)
............................................................... 630 / 974 ( 64%)
............................................................... 693 / 974 ( 71%)
............................................................... 756 / 974 ( 77%)
............................................................... 819 / 974 ( 84%)
............................................................... 882 / 974 ( 90%)
....................................S.......................... 945 / 974 ( 97%)
.............................                                   974 / 974 (100%)

Time: 01:38.997, Memory: 303.00 MB

OK, but there were issues!
Tests: 974, Assertions: 10357, Deprecations: 1, PHPUnit Deprecations: 4, Skipped: 1.
