I/flutter (10242): [NET] POST endpoint=/api/v1/auth/login
I/flutter (10242): [NET] endpoint=/api/v1/auth/login http_status=200
I/flutter (10242): [INFO] msg="FCM registration id obtained"
I/flutter (10242): [NET] POST endpoint=/api/v1/customer/cm-firebase-token
I/flutter (10242): [NET] endpoint=/api/v1/customer/cm-firebase-token http_status=200
I/flutter (10242): [NET] GET endpoint=/api/v1/customer/info
I/flutter (10242): 📊 analytics: login {method: email}
I/flutter (10242): [NET] GET endpoint=/api/v1/customer/info
E/FA      (10242): Missing google_app_id. Firebase Analytics disabled. See https://goo.gl/NAOOOI
I/flutter (10242): [NET] endpoint=/api/v1/customer/info http_status=200
I/flutter (10242): [NET] endpoint=/api/v1/customer/info http_status=200
I/flutter (10242): [FAIL] framework_error library=rendering library type=FlutterError msg="BoxConstraints forces an infinite height."
I/flutter (10242): [FAIL] framework_error   at #0      BoxConstraints.debugAssertIsValid.<anonymous closure>.throwError (package:flutter/src/rendering/box.dart:549:9)
I/flutter (10242): [FAIL] framework_error   at #1      BoxConstraints.debugAssertIsValid.<anonymous closure> (package:flutter/src/rendering/box.dart:614:11)
I/flutter (10242): [FAIL] framework_error   at #2      BoxConstraints.debugAssertIsValid (package:flutter/src/rendering/box.dart:619:6)
I/flutter (10242): [FAIL] framework_error   at #3      RenderObject.layout (package:flutter/src/rendering/object.dart:2668:19)
I/flutter (10242): [FAIL] framework_error   at #4      ChildLayoutHelper.layoutChild (package:flutter/src/rendering/layout_helper.dart:62:11)
I/flutter (10242): [FAIL] framework_error   at #5      RenderFlex._computeSizes (package:flutter/src/rendering/flex.dart:1237:28)
I/flutter (10242): [FAIL] framework_error   at #6      RenderFlex.performLayout (package:flutter/src/rendering/flex.dart:1329:32)
I/flutter (10242): [FAIL] framework_error   at #7      RenderObject.layout (package:flutter/src/rendering/object.dart:2768:7)

══╡ EXCEPTION CAUGHT BY RENDERING LIBRARY ╞═════════════════════════════════════════════════════════
The following assertion was thrown during performLayout():
BoxConstraints forces an infinite height.
These invalid constraints were provided to RenderConstrainedBox's layout() function by the following
function, which probably computed the invalid constraints in question:
  ChildLayoutHelper.layoutChild (package:flutter/src/rendering/layout_helper.dart:62:11)
The offending constraints were:
  BoxConstraints(0.0<=w<=Infinity, h=Infinity)

The relevant error-causing widget was:
  Row
  Row:file:///Users/Apple/Projects/nears-NEARS-2188-account-affordance/UserApp/lib/features/profile/screens/profile_screen.dart:184:26

When the exception was thrown, this was the stack:
#0      BoxConstraints.debugAssertIsValid.<anonymous closure>.throwError (package:flutter/src/rendering/box.dart:549:9)
#1      BoxConstraints.debugAssertIsValid.<anonymous closure> (package:flutter/src/rendering/box.dart:614:11)
#2      BoxConstraints.debugAssertIsValid (package:flutter/src/rendering/box.dart:619:6)
#3      RenderObject.layout (package:flutter/src/rendering/object.dart:2668:19)
#4      ChildLayoutHelper.layoutChild (package:flutter/src/rendering/layout_helper.dart:62:11)
#5      RenderFlex._computeSizes (package:flutter/src/rendering/flex.dart:1237:28)
#6      RenderFlex.performLayout (package:flutter/src/rendering/flex.dart:1329:32)
#7      RenderObject.layout (package:flutter/src/rendering/object.dart:2768:7)
#8      ChildLayoutHelper.layoutChild (package:flutter/src/rendering/layout_helper.dart:62:11)
#9      RenderFlex._computeSizes (package:flutter/src/rendering/flex.dart:1237:28)
#10     RenderFlex.performLayout (package:flutter/src/rendering/flex.dart:1329:32)
#11     RenderObject.layout (package:flutter/src/rendering/object.dart:2768:7)
#12     RenderPadding.performLayout (package:flutter/src/rendering/shifted_box.dart:262:12)
#13     RenderObject.layout (package:flutter/src/rendering/object.dart:2768:7)
#14     RenderProxyBoxMixin.performLayout (package:flutter/src/rendering/proxy_box.dart:118:18)
#15     RenderObject.layout (package:flutter/src/rendering/object.dart:2768:7)
#16     RenderConstrainedBox.performLayout (package:flutter/src/rendering/proxy_box.dart:296:14)
#17     RenderObject.layout (package:flutter/src/rendering/object.dart:2768:7)
#18     RenderStack.layoutPositionedChild (package:flutter/src/rendering/stack.dart:549:11)
#19     RenderStack.performLayout (package:flutter/src/rendering/stack.dart:691:13)
#20     RenderObject.layout (package:flutter/src/rendering/object.dart:2768:7)
#21     MultiChildLayoutDelegate.layoutChild (package:flutter/src/rendering/custom_layout.dart:180:12)
#22     _ScaffoldLayout.performLayout (package:flutter/src/material/scaffold.dart:1113:7)
#23     MultiChildLayoutDelegate._callPerformLayout (package:flutter/src/rendering/custom_layout.dart:246:7)
#24     RenderCustomMultiChildLayoutBox.performLayout (package:flutter/src/rendering/custom_layout.dart:417:14)
#25     RenderObject.layout (package:flutter/src/rendering/object.dart:2768:7)
#26     RenderProxyBoxMixin.performLayout (package:flutter/src/rendering/proxy_box.dart:118:18)
#27     RenderObject.layout (package:flutter/src/rendering/object.dart:2768:7)
#28     RenderProxyBoxMixin.performLayout (package:flutter/src/rendering/proxy_box.dart:118:18)
#29     _RenderCustomClip.performLayout (package:flutter/src/rendering/proxy_box.dart:1549:11)
#30     RenderObject.layout (package:flutter/src/rendering/object.dart:2768:7)
#31     RenderProxyBoxMixin.performLayout (package:flutter/src/rendering/proxy_box.dart:118:18)
#32     RenderObject._layoutWithoutResize (package:flutter/src/rendering/object.dart:2616:7)
#33     PipelineOwner.flushLayout (package:flutter/src/rendering/object.dart:1174:18)
#34     PipelineOwner.flushLayout (package:flutter/src/rendering/object.dart:1187:15)
#35     RendererBinding.drawFrame (package:flutter/src/rendering/binding.dart:629:23)
#36     WidgetsBinding.drawFrame (package:flutter/src/widgets/binding.dart:1304:13)
#37     RendererBinding._handlePersistentFrameCallback (package:flutter/src/rendering/binding.dart:495:5)
#38     SchedulerBinding._invokeFrameCallback (package:flutter/src/scheduler/binding.dart:1430:15)
#39     SchedulerBinding.handleDrawFrame (package:flutter/src/scheduler/binding.dart:1345:9)
#40     SchedulerBinding._handleDrawFrame (package:flutter/src/scheduler/binding.dart:1198:5)
#41     _invoke (dart:ui/hooks.dart:356:13)
#42     PlatformDispatcher._drawFrame (dart:ui/platform_dispatcher.dart:444:5)
#43     _drawFrame (dart:ui/hooks.dart:328:31)

The following RenderObject was being processed when the exception was fired: RenderFlex#6b606 relayoutBoundary=up1 NEEDS-LAYOUT NEEDS-PAINT NEEDS-COMPOSITING-BITS-UPDATE:
  creator: Row ← Builder ← Column ← Padding ← DecoratedBox ← ConstrainedBox ← Container ← Positioned ←
    Stack ← GetBuilder<ProfileController> ← KeyedSubtree-[GlobalKey#8617b] ← _BodyBuilder ← ⋯
  parentData: offset=Offset(0.0, 0.0); flex=null; fit=null (can use size)
  constraints: BoxConstraints(0.0<=w<=408.0, 0.0<=h<=Infinity)
  size: MISSING
  direction: horizontal
  mainAxisAlignment: start
  mainAxisSize: max
  crossAxisAlignment: stretch
  textDirection: ltr
  verticalDirection: down
  spacing: 0.0
This RenderObject had the following descendants (showing up to depth 5):
    child 1: RenderSemanticsAnnotations#dfda0 NEEDS-LAYOUT NEEDS-PAINT NEEDS-COMPOSITING-BITS-UPDATE
      child: RenderMouseRegion#aa22e NEEDS-LAYOUT NEEDS-PAINT NEEDS-COMPOSITING-BITS-UPDATE
        child: RenderSemanticsAnnotations#902a5 NEEDS-LAYOUT NEEDS-PAINT NEEDS-COMPOSITING-BITS-UPDATE
          child: RenderPointerListener#bbb3a NEEDS-LAYOUT NEEDS-PAINT NEEDS-COMPOSITING-BITS-UPDATE
            child: RenderDecoratedBox#6d161 NEEDS-LAYOUT NEEDS-PAINT NEEDS-COMPOSITING-BITS-UPDATE
    child 2: RenderConstrainedBox#d598c NEEDS-LAYOUT NEEDS-PAINT
    child 3: RenderSemanticsAnnotations#d4a63 NEEDS-LAYOUT NEEDS-PAINT NEEDS-COMPOSITING-BITS-UPDATE
      child: RenderMouseRegion#b74ff NEEDS-LAYOUT NEEDS-PAINT NEEDS-COMPOSITING-BITS-UPDATE
        child: RenderSemanticsAnnotations#ac99d NEEDS-LAYOUT NEEDS-PAINT NEEDS-COMPOSITING-BITS-UPDATE
          child: RenderPointerListener#22630 NEEDS-LAYOUT NEEDS-PAINT NEEDS-COMPOSITING-BITS-UPDATE
            child: RenderDecoratedBox#1a83c NEEDS-LAYOUT NEEDS-PAINT NEEDS-COMPOSITING-BITS-UPDATE
    child 4: RenderConstrainedBox#ac4cd NEEDS-LAYOUT NEEDS-PAINT
    child 5: RenderOpacity#89311 NEEDS-LAYOUT NEEDS-PAINT NEEDS-COMPOSITING-BITS-UPDATE
      child: RenderIgnorePointer#2a5c0 NEEDS-LAYOUT NEEDS-PAINT NEEDS-COMPOSITING-BITS-UPDATE
        child: RenderDecoratedBox#45314 NEEDS-LAYOUT NEEDS-PAINT NEEDS-COMPOSITING-BITS-UPDATE
          child: RenderPadding#9fca3 NEEDS-LAYOUT NEEDS-PAINT NEEDS-COMPOSITING-BITS-UPDATE
            child: RenderFlex#e9f7a NEEDS-LAYOUT NEEDS-PAINT NEEDS-COMPOSITING-BITS-UPDATE
════════════════════════════════════════════════════════════════════════════════════════════════════

I/flutter (10242): [FAIL] framework_error library=rendering library type=_AssertionError msg="RenderBox was not laid out: RenderFlex#6b606 relayoutBoundary=up1 NEEDS-PAINT NEEDS-COMPOSITING-BITS-UPDATE"
I/flutter (10242): [FAIL] framework_error   at #0      _AssertionError._doThrowNew (dart:core-patch/errors_patch.dart:67:4)
I/flutter (10242): [FAIL] framework_error   at #1      _AssertionError._throwNew (dart:core-patch/errors_patch.dart:49:5)
I/flutter (10242): [FAIL] framework_error   at #2      RenderBox.size (package:flutter/src/rendering/box.dart:2251:12)
I/flutter (10242): [FAIL] framework_error   at #3      ChildLayoutHelper.layoutChild (package:flutter/src/rendering/layout_helper.dart:63:18)
I/flutter (10242): [FAIL] framework_error   at #4      RenderFlex._computeSizes (package:flutter/src/rendering/flex.dart:1237:28)
I/flutter (10242): [FAIL] framework_error   at #5      RenderFlex.performLayout (package:flutter/src/rendering/flex.dart:1329:32)
I/flutter (10242): [FAIL] framework_error   at #6      RenderObject.layout (package:flutter/src/rendering/object.dart:2768:7)
I/flutter (10242): [FAIL] framework_error   at #7      RenderPadding.performLayout (package:flutter/src/rendering/shifted_box.dart:262:12)
