I/flutter (11872): ----------------FIREBASE CRASHLYTICS----------------
I/flutter (11872): The following exception was thrown running_order_rail: dashboard prefetch never resolved:
I/flutter (11872): ApiFailure(status: 0)
I/flutter (11872): #0      _RunningOrderRailState._armWatchdog.<anonymous closure> (package:sixam_mart/features/home/widgets/running_order_rail.dart:67:20)
I/flutter (11872): #1      Timer._createTimer.<anonymous closure> (dart:async-patch/timer_patch.dart:18:15)
I/flutter (11872): #2      _Timer._runTimers (dart:isolate-patch/timer_impl.dart:423:19)
I/flutter (11872): #3      _Timer._handleMessage (dart:isolate-patch/timer_impl.dart:454:5)
I/flutter (11872): #4      _RawReceivePort._handleMessage (dart:isolate-patch/isolate_patch.dart:193:12)
I/flutter (11872): ----------------------------------------------------
I/flutter (11872): [FAIL] endpoint=customer/order/running-orders http_status=null type=ApiFailure msg="running_order_rail: dashboard prefetch never resolved"
I/flutter (11872): ----------------FIREBASE CRASHLYTICS----------------
I/flutter (11872): The following exception was thrown api request threw:
I/flutter (11872): ApiFailure(status: 0, kind: timeout)
I/flutter (11872): #0      Future.timeout.<anonymous closure> (dart:async/future_impl.dart:1042:24)
I/flutter (11872): <asynchronous suspension>
I/flutter (11872): #1      ApiClient._send (package:sixam_mart/api/api_client.dart:759:24)
I/flutter (11872): <asynchronous suspension>
I/flutter (11872): #2      OrderRepository._getRunningOrderList (package:sixam_mart/features/order/domain/repositories/order_repository.dart:251:25)
I/flutter (11872): <asynchronous suspension>
I/flutter (11872): #3      OrderRepository.getList (package:sixam_mart/features/order/domain/repositories/order_repository.dart:229:14)
I/flutter (11872): <asynchronous suspension>
I/flutter (11872): #4      OrderService.getRunningOrderList (package:sixam_mart/features/order/domain/services/order_service.dart:52:12)
I/flutter (11872): <asynchronous suspension>
I/flutter (11872): #5      OrderController.getRunningOrders (package:sixam_mart/features/order/controllers/order_controller.dart:299:39)
I/flutter (11872): <asynchronous suspension>
I/flutter (11872): #6      DashboardScreenState._fetchRunningOrders.<anonymous closure> (package:sixam_mart/features/dashboard/screens/dashboard_screen.dart:317:79)
I/flutter (11872): <asynchronous suspension>
I/flutter (11872): ----------------------------------------------------
I/flutter (11872): [FAIL] endpoint=/api/v1/customer/order/running-orders http_status=null type=ApiFailure transport_error=timeout msg="api request threw" correlation_id=b70c0609-37a8-4284-9732-13933521d3db
I/flutter (11872): [WARN] msg="dashboard running-orders prefetch failed"
I/flutter (11872): [NET] GET endpoint=/api/v1/cashback/list
I/flutter (11872): [NET] GET endpoint=/api/v1/customer/wish-list
I/flutter (11872): [NET] GET endpoint=/api/v1/cashback/list
I/flutter (11872): [NET] GET endpoint=/api/v1/customer/cart/list
