
===== AC11-3/4/5 Chat + Conversation =====
18:04:13 GET / -> 200
18:04:38 GET / -> 200
18:04:58 GET /api/v1/customer/info -> 200
18:04:58 GET /api/v1/customer/message/list?limit=10&offset=1&type= -> 200
18:05:01 GET /storage/delivery-man/2026-05-17-6a09ff6e1a27f.webp -> 200
18:05:01 GET / -> 200
18:05:20 GET / -> 200
18:05:40 GET /api/v1/customer/message/details?admin_id=0&offset=1&limit=10 -> 200
18:05:45 GET / -> 200
18:06:13 GET / -> 200
18:06:48 GET / -> 200
18:06:52 GET /api/v1/config/get-zone-id?lat=24.453884&lng=54.3773438 -> 200
18:06:52 GET /api/v1/stores/tower?tower_name=Marina%20Heights&offset=1&limit=25 -> 200 total=2 n=2 ids=[35,9]
18:06:52 GET /api/v1/config/get-zone-id?lat=24.453884&lng=54.3773438 -> 200
18:06:56 GET /api/v1/home/all -> 200
18:06:59 GET /api/v1/customer/info -> 200
18:06:59 GET /api/v1/items/discounted?type=all&offset=1&limit=25&min_price=0.0&max_price=9999999999.0 -> 200 total=90 n=25 ids=[86,91,62,156,159,59865,47325,59940,278,59895,50505,197,59893,59933,59938,59863,208,59858,319,50503,47318,222,243,47323,50498]
18:06:59 GET /api/v1/items/popular?type=all&offset=1&limit=25&min_price=0.0&max_price=9999999999.0 -> 200 total=295 n=25 ids=[216,210,301,237,218,338,150,162,256,221,215,206,163,290,299,316,170,337,234,303,331,219,329,159,276]
18:06:59 GET /api/v1/items/most-reviewed?type=all&offset=1&limit=25&min_price=0.0&max_price=9999999999.0 -> 200 total=4 n=4 ids=[270,300,96,95]
18:06:59 GET /api/v1/customer/order/buy-it-again?store_id=8&limit=25&offset=1 -> 200 total=1 n=1 ids=[145]
18:06:59 GET /api/v1/stores/get-stores/all?store_type=all&offset=1&limit=12 -> 200 total=20 n=12 ids=[8,9,12,13,14,16,17,18,19,20,21,22]
18:06:59 GET /api/v1/advertisement/list -> 200
18:07:00 GET /api/v1/coupon/list -> 200
18:07:00 GET /api/v1/module -> 200
18:07:07 GET /api/v1/customer/order/buy-it-again?store_id=8&limit=25&offset=1 -> 200 total=1 n=1 ids=[145]
18:07:08 GET /api/v1/config/get-zone-id?lat=24.453884&lng=54.3773438 -> 200
18:07:11 GET / -> 200
18:07:14 GET /api/v1/other-banners -> 200
18:07:14 GET /api/v1/banners -> 200
18:07:14 GET /api/v1/flash-sales -> 200
18:07:14 GET /api/v1/items/discounted?type=all&offset=1&limit=25&min_price=0.0&max_price=9999999999.0 -> 200 total=90 n=25 ids=[86,91,62,156,159,59865,47325,59940,278,59895,50505,197,59893,59933,59938,59863,208,59858,319,50503,47318,222,243,47323,50498]
18:07:14 GET /api/v1/categories -> 200
18:07:14 GET /api/v1/stores/popular?type=all -> 200 total=20 n=20 ids=[3168,3380,4004,4006,4009,8,12,21,22,4117,9,20,4118,14,16,13,35,17,19,18]
18:07:14 GET /api/v1/campaigns/item -> 200
18:07:14 GET /api/v1/items/popular?type=all&offset=1&limit=25&min_price=0.0&max_price=9999999999.0 -> 200 total=295 n=25 ids=[216,210,301,237,218,338,150,162,256,221,215,206,163,290,299,316,170,337,234,303,331,219,329,159,276]
18:07:14 GET /api/v1/stores/latest?type=all -> 200 total=20 n=20 ids=[4117,4118,3168,3380,4004,4006,4009,35,9,12,13,14,16,17,18,19,20,21,22,8]
18:07:14 GET /api/v1/items/most-reviewed?type=all&offset=1&limit=25&min_price=0.0&max_price=9999999999.0 -> 200 total=4 n=4 ids=[270,300,96,95]
18:07:14 GET /api/v1/customer/order/buy-it-again?store_id=8&limit=25&offset=1 -> 200 total=1 n=1 ids=[145]
18:07:14 GET /api/v1/stores/get-stores/all?store_type=all&offset=1&limit=12 -> 200 total=20 n=12 ids=[8,9,12,13,14,16,17,18,19,20,21,22]
18:07:16 GET /api/v1/customer/info -> 200
18:07:16 GET /api/v1/customer/notifications -> 200
18:07:16 GET /api/v1/campaigns/basic -> 200
18:07:16 GET /api/v1/advertisement/list -> 200
18:07:31 GET /api/v1/customer/order/buy-it-again?store_id=8&limit=25&offset=1 -> 200 total=1 n=1 ids=[145]
18:07:33 GET /api/v1/coupon/list -> 200
18:07:42 GET / -> 200
18:07:44 GET /api/v1/customer/cart/list -> 200
18:07:45 GET /api/v1/cashback/list -> 200
18:07:45 GET /api/v1/customer/wish-list -> 200
18:07:45 GET /api/v1/stores/details/12 -> 200
18:07:49 GET /api/v1/items/recommended?store_id=12&offset=1&limit=50 -> 200 total=5 n=5 ids=[197,198,199,201,202]
18:07:49 GET /api/v1/config/distance-api?origin_lat=24.453884&origin_lng=54.3773438&destination_lat=24.46&destination_lng=54.38&mode=WALK -> 200
18:07:49 GET /api/v1/categories/offers?limit=10&offset=1&store_id=12 -> 200
18:07:49 GET /api/v1/items/latest?store_id=12&category_id=0&offset=1&limit=13&type=all&filter=%5B%5D&rating_count=&min_price=&max_price= -> 200 total=21 n=13 ids=[196,197,198,199,200,201,202,51,53,62,63,64,78]
18:07:52 GET /api/v1/vehicle/extra_charge?distance=0.956 -> 200
18:07:57 GET /api/v1/items/latest?store_id=12&category_id=0&offset=2&limit=13&type=all&filter=%5B%5D&rating_count=&min_price=&max_price= -> INJECTED 500
18:08:04 GET / -> 200
18:08:26 GET / -> 200

===== EVIDENCE AC3 =====
18:08:52 GET / -> 200
18:08:54 GET /api/v1/items/latest?store_id=12&category_id=0&offset=2&limit=13&type=all&filter=%5B%5D&rating_count=&min_price=&max_price= -> INJECTED 500
18:09:01 GET /api/v1/items/latest?store_id=12&category_id=0&offset=2&limit=13&type=all&filter=%5B%5D&rating_count=&min_price=&max_price= -> 200 total=21 n=8 ids=[86,87,88,90,91,92,93,94]
18:09:21 GET / -> 200
