NEARS-1685 QA — pre-existing distance-api response-shape mismatch (regression_bug, non-blocking)

Newly exposed (not newly caused) by this ticket: NEARS-1685 intentionally drops the
`slug.isEmpty` exclusion on `CheckoutController.getDistanceInKM` (store_controller.dart:967-980)
so a deep-linked store now primes checkout distance like normal navigation (AC2 intent).
Doing so surfaces a PRE-EXISTING, already-guarded edge case in
CheckoutController.getDistanceInKM (checkout_controller.dart:719-761, untouched by this diff,
guard logic dates to NEARS-2423/2710/1080) for certain origin/destination coordinate pairs:
the backend `/api/v1/config/distance-api` response is HTTP 200 but its body matches neither the
`distanceMeters` shape nor the `condition: ROUTE_EXISTS` shape, so the code falls back to
straight-line distance and logs it (properly — NOT a silent failure, AppLogger.error pairs it).

Reproduced for:
  - Pizza Heaven (store id=5, zone 1) via deep link:
      [ERR] msg="checkout: distance response shape invalid, using straight-line fallback" type=ApiFailure
  - NEARS-257 Fixture Store (store id=59, zone 3) via deep link: same [ERR] line.
Did NOT reproduce for:
  - Morning Mart (store id=20, zone 2, 0.84km away) via NORMAL (non-slug) navigation: distance-api
    returned a well-formed body, distance badge rendered "0.8 km" correctly, no [ERR].

Not blocking NEARS-1685: gracefully degrades (straight-line fallback), correctly logged per the
logging contract (no silent-failure violation), does not crash or blank the screen, and the code
path itself (checkout_controller.dart:719-761) is unchanged by this diff — it's the underlying
distance-api response for the specific stores' coordinates that misbehaves, not this ticket's
logic. Filed as a regression_bug for the PO to route separately (possibly a distance-api backend
data/config issue, or these specific store coordinates producing an unroutable Google Routes
result).
