903:'package:flutter/src/widgets/navigator.dart': Failed assertion: line 5893 pos 12: '!_debugLocked':
953:Another exception was thrown: 'package:flutter/src/widgets/navigator.dart': Failed assertion: line 5893 pos 12: '!_debugLocked': is not true.
954:Another exception was thrown: 'package:flutter/src/widgets/navigator.dart': Failed assertion: line 5893 pos 12: '!_debugLocked': is not true.
E/ConsumerBase(14422): [ImageReader-996x315f22m7-14422-4] abandonLocked: ConsumerBase is abandoned!
E/ConsumerBase(14422): [ImageReader-1x1f22m7-14422-2] abandonLocked: ConsumerBase is abandoned!
W/Google Android Maps SDK(14422): setOnCameraMoveStartedListener is not supported in Lite Mode
W/Google Android Maps SDK(14422): setOnCameraMoveListener is not supported in Lite Mode
W/Google Android Maps SDK(14422): setOnCameraIdleListener is not supported in Lite Mode
W/Google Android Maps SDK(14422): Ground overlays are not supported in Lite Mode
D/Google Android Maps SDK(14422): For capability in capabilities, log:
D/Google Android Maps SDK(14422): "AdvancedMarkers: false: Capabilities unavailable without a Map ID."Data-driven styling: false
W/Google Android Maps SDK(14422): setPoiClickListener is not supported in Lite Mode
E/ConsumerBase(14422): [ImageReader-996x315f22m7-14422-5] abandonLocked: ConsumerBase is abandoned!
Another exception was thrown: 'package:flutter/src/widgets/navigator.dart': Failed assertion: line 5893 pos 12: '!_debugLocked': is not true.
Another exception was thrown: 'package:flutter/src/widgets/navigator.dart': Failed assertion: line 5893 pos 12: '!_debugLocked': is not true.
Another exception was thrown: 'package:flutter/src/widgets/navigator.dart': Failed assertion: line 5893 pos 12: '!_debugLocked': is not true.
I/com.izzes.nears(14422): Background concurrent mark compact GC freed 2715KB AllocSpace bytes, 15(672KB) LOS objects, 49% free, 9922KB/19MB, paused 376us,17.139ms total 127.785ms
Another exception was thrown: 'package:flutter/src/widgets/navigator.dart': Failed assertion: line 5893 pos 12: '!_debugLocked': is not true.
Another exception was thrown: 'package:flutter/src/widgets/navigator.dart': Failed assertion: line 5893 pos 12: '!_debugLocked': is not true.
Another exception was thrown: 'package:flutter/src/widgets/navigator.dart': Failed assertion: line 5893 pos 12: '!_debugLocked': is not true.
Another exception was thrown: 'package:flutter/src/widgets/navigator.dart': Failed assertion: line 5893 pos 12: '!_debugLocked': is not true.
Another exception was thrown: 'package:flutter/src/widgets/navigator.dart': Failed assertion: line 5893 pos 12: '!_debugLocked': is not true.
Another exception was thrown: 'package:flutter/src/widgets/navigator.dart': Failed assertion: line 5893 pos 12: '!_debugLocked': is not true.
Another exception was thrown: 'package:flutter/src/widgets/navigator.dart': Failed assertion: line 5893 pos 12: '!_debugLocked': is not true.
Another exception was thrown: 'package:flutter/src/widgets/navigator.dart': Failed assertion: line 5893 pos 12: '!_debugLocked': is not true.
Another exception was thrown: 'package:flutter/src/widgets/navigator.dart': Failed assertion: line 5893 pos 12: '!_debugLocked': is not true.
Another exception was thrown: 'package:flutter/src/widgets/navigator.dart': Failed assertion: line 5893 pos 12: '!_debugLocked': is not true.
Another exception was thrown: 'package:flutter/src/widgets/navigator.dart': Failed assertion: line 5893 pos 12: '!_debugLocked': is not true.
Another exception was thrown: 'package:flutter/src/widgets/navigator.dart': Failed assertion: line 5893 pos 12: '!_debugLocked': is not true.
Another exception was thrown: 'package:flutter/src/widgets/navigator.dart': Failed assertion: line 5893 pos 12: '!_debugLocked': is not true.
Another exception was thrown: 'package:flutter/src/widgets/navigator.dart': Failed assertion: line 5893 pos 12: '!_debugLocked': is not true.
Another exception was thrown: 'package:flutter/src/widgets/navigator.dart': Failed assertion: line 5893 pos 12: '!_debugLocked': is not true.
D/FirebaseSessions(14422): App backgrounded on com.izzes.nears
E/FA      (14422): Missing google_app_id. Firebase Analytics disabled. See https://goo.gl/NAOOOI
D/com.llfbandit.app_links(14422): Intent { flg=0x10000000 xflg=0x5 cmp=com.izzes.nears/.MainActivity }
D/FirebaseSessions(14422): App foregrounded on com.izzes.nears
Another exception was thrown: 'package:flutter/src/widgets/navigator.dart': Failed assertion: line 5893 pos 12: '!_debugLocked': is not true.
Another exception was thrown: 'package:flutter/src/widgets/navigator.dart': Failed assertion: line 5893 pos 12: '!_debugLocked': is not true.
