GET / moduleId=None zoneId=None -> 200
GET /api/v1/module moduleId=None zoneId='[1]' -> 200
GET /api/v1/config moduleId=None zoneId='[1]' -> 200
GET /api/v1/config/get-zone-id moduleId=None zoneId='[1]' -> 200
POST /api/v1/customer/cm-firebase-token moduleId=None zoneId='[1]' -> 200
GET /api/v1/config/get-zone-id moduleId=None zoneId='[1]' -> 200
GET /api/v1/customer/order/running-orders moduleId=None zoneId='[1]' -> 200
GET /api/v1/customer/order/payment-failed moduleId=None zoneId='[1]' -> 200
GET /api/v1/config/get-zone-id moduleId=None zoneId='[1]' -> 200
POST /api/v1/customer/cm-firebase-token moduleId=None zoneId='[1]' -> 200
GET /api/v1/customer/info moduleId=None zoneId='[1]' -> 200
GET /api/v1/banners moduleId=None zoneId='[1]' -> 200
GET /api/v1/coupon/list moduleId=None zoneId='[1]' -> 200
GET /api/v1/customer/notifications moduleId=None zoneId='[1]' -> 200
GET /api/v1/stores/get-stores/all moduleId=None zoneId='[1]' -> 200
GET /api/v1/module moduleId=None zoneId='[1]' -> 200
GET /api/v1/customer/address/list moduleId=None zoneId='[1]' -> 200
GET / moduleId=None zoneId=None -> 200
GET /api/v1/config/get-zone-id moduleId='3' zoneId='[1]' -> 200
GET /api/v1/customer/cart/list moduleId='3' zoneId='[1]' -> 200
GET /api/v1/customer/wish-list moduleId='3' zoneId='[1]' -> 200
GET /api/v1/customer/cart/list moduleId='3' zoneId='[1]' -> 200
GET /api/v1/cashback/list moduleId='3' zoneId='[1]' -> 200
GET /api/v1/cashback/list moduleId='3' zoneId='[1]' -> 200
GET /api/v1/home/all moduleId='3' zoneId='[1]' -> 200
GET /storage/store/cover/d-cbd612fd73.png moduleId=None zoneId=None -> 200
GET /storage/store/cover/d-0a71625614.png moduleId=None zoneId=None -> 200
GET /storage/store/d-02b5a5d337.png moduleId=None zoneId=None -> 200
GET /storage/store/cover/d-f829c68cc3.png moduleId=None zoneId=None -> 200
GET /storage/store/d-38d3db8189.png moduleId=None zoneId=None -> 200
GET /storage/store/cover/d-578d022ec9.png moduleId=None zoneId=None -> 200
GET /storage/store/2026-03-01-dd896e452cd0.png moduleId=None zoneId=None -> 200
GET /storage/store/cover/2026-03-01-6365e3fd0a2d.png moduleId=None zoneId=None -> 200
GET /storage/product/d-a43664ea5c.png moduleId=None zoneId=None -> 200
GET /storage/store/d-954f31ab0b.png moduleId=None zoneId=None -> 200
GET /api/v1/advertisement/list moduleId='3' zoneId='[1]' -> 200
GET /api/v1/stores/get-stores/all moduleId='3' zoneId='[1]' -> 200
GET /api/v1/customer/order/buy-it-again moduleId='3' zoneId='[1]' -> 200
GET /api/v1/items/recommended moduleId='3' zoneId='[1]' -> 200
GET /api/v1/campaigns/item moduleId='3' zoneId='[1]' -> 200
GET /api/v1/campaigns/basic moduleId='3' zoneId='[1]' -> 200
GET /api/v1/items/most-reviewed moduleId='3' zoneId='[1]' -> 200
GET /api/v1/items/popular moduleId='3' zoneId='[1]' -> 200
GET /api/v1/flash-sales moduleId='3' zoneId='[1]' -> 200
GET /api/v1/items/discounted moduleId='3' zoneId='[1]' -> 200
GET /api/v1/customer/info moduleId='3' zoneId='[1]' -> 200
GET /api/v1/other-banners moduleId='3' zoneId='[1]' -> 200
GET /storage/store/d-40f0ca16f3.png moduleId=None zoneId=None -> 200
GET /storage/store/cover/d-f5f89d7456.png moduleId=None zoneId=None -> 200
GET /api/v1/customer/order/buy-it-again moduleId='3' zoneId='[1]' -> 200
GET /storage/store/d-01cc83e2f1.png moduleId=None zoneId=None -> 200
GET /api/v1/stores/get-stores/all moduleId='3' zoneId='[1]' -> 200
GET /api/v1/items/basic moduleId='3' zoneId='[1]' -> 200
GET /api/v1/module moduleId='3' zoneId='[1]' -> 200
GET /api/v1/common-condition moduleId='3' zoneId='[1]' -> 200
GET /api/v1/coupon/list moduleId='3' zoneId='[1]' -> 200
GET /api/v1/customer/notifications moduleId='3' zoneId='[1]' -> 200
GET /api/v1/common-condition/items/1 moduleId='3' zoneId='[1]' -> 200
GET / moduleId=None zoneId=None -> 200
GET /api/v1/module moduleId=None zoneId='[1]' -> 200
GET /api/v1/stores/get-stores/all moduleId=None zoneId='[1]' -> 200
GET /api/v1/customer/address/list moduleId=None zoneId='[1]' -> 200
GET /api/v1/banners moduleId=None zoneId='[1]' -> 200
GET / moduleId=None zoneId=None -> 200
GET /api/v1/customer/wish-list moduleId='1' zoneId='[1]' -> 200
GET /api/v1/cashback/list moduleId='1' zoneId='[1]' -> 200
GET /api/v1/cashback/list moduleId='1' zoneId='[1]' -> 200
GET /api/v1/config/get-zone-id moduleId='1' zoneId='[1]' -> 200
GET /api/v1/customer/cart/list moduleId='1' zoneId='[1]' -> 200
GET /api/v1/customer/cart/list moduleId='1' zoneId='[1]' -> 200
GET /api/v1/home/all moduleId='1' zoneId='[1]' -> 200
GET /api/v1/stores/get-stores/all moduleId='1' zoneId='[1]' -> 200
GET /api/v1/advertisement/list moduleId='1' zoneId='[1]' -> 200
GET /api/v1/customer/order/buy-it-again moduleId='1' zoneId='[1]' -> 200
GET /api/v1/campaigns/item moduleId='1' zoneId='[1]' -> 200
GET /api/v1/items/recommended moduleId='1' zoneId='[1]' -> 200
GET /api/v1/campaigns/basic moduleId='1' zoneId='[1]' -> 200
GET /api/v1/items/popular moduleId='1' zoneId='[1]' -> 200
GET /api/v1/items/most-reviewed moduleId='1' zoneId='[1]' -> 200
GET /api/v1/items/discounted moduleId='1' zoneId='[1]' -> 200
GET /api/v1/flash-sales moduleId='1' zoneId='[1]' -> 200
GET /api/v1/customer/info moduleId='1' zoneId='[1]' -> 200
GET /api/v1/other-banners moduleId='1' zoneId='[1]' -> 200
GET /api/v1/customer/order/buy-it-again moduleId='1' zoneId='[1]' -> 200
GET /api/v1/module moduleId='1' zoneId='[1]' -> 200
GET /api/v1/coupon/list moduleId='1' zoneId='[1]' -> 200
GET /api/v1/customer/notifications moduleId='1' zoneId='[1]' -> 200
GET / moduleId=None zoneId=None -> 200
GET /api/v1/stores/get-stores/all moduleId=None zoneId='[1]' -> 200
GET /api/v1/module moduleId=None zoneId='[1]' -> 200
GET /api/v1/banners moduleId=None zoneId='[1]' -> 200
GET /api/v1/customer/address/list moduleId=None zoneId='[1]' -> 200
GET / moduleId=None zoneId=None -> 200
