359-I/PhClient( 5617): Unable to retrieve flag snapshot for com.google.android.libraries.consentverifier#com.izzes.nears, using defaults.
360-I/flutter ( 5617): ----------------FIREBASE CRASHLYTICS----------------
361-I/flutter ( 5617): The following exception was thrown uncaught async error (_TypeError):
362:I/flutter ( 5617): UncaughtAsyncError
363-I/flutter ( 5617): #0      LocationController.updatePosition (package:sixam_mart/features/location/controllers/location_controller.dart:480:29)
364-I/flutter ( 5617): #1      _PickMapScreenState.build.<anonymous closure>.<anonymous closure> (package:sixam_mart/features/location/screens/pick_map_screen.dart:426:62)
365-I/flutter ( 5617): #2      GoogleMapController._connectStreams.<anonymous closure> (package:google_maps_flutter/src/controller.dart:63:64)
366-I/flutter ( 5617): #3      _RootZone.runUnaryGuarded (dart:async/zone.dart:891:10)
367-I/flutter ( 5617): #4      _BufferingStreamSubscription._sendData (dart:async/stream_impl.dart:381:11)
368-I/flutter ( 5617): #5      _BufferingStreamSubscription._add (dart:async/stream_impl.dart:312:7)
369-I/flutter ( 5617): #6      _SyncBroadcastStreamController._sendData (dart:async/broadcast_stream_controller.dart:385:25)
370-I/flutter ( 5617): #7      _BroadcastStreamController.add (dart:async/broadcast_stream_controller.dart:257:5)
371-I/flutter ( 5617): #8      Where.whereType.<anonymous closure> (package:stream_transform/src/where.dart:21:30)
372-I/flutter ( 5617): #9      TransformByHandlers.transformByHandlers.<anonymous closure>.<anonymous closure> (package:stream_transform/src
373-I/flutter ( 5617): ----------------------------------------------------
374:I/flutter ( 5617): [FAIL] endpoint=null http_status=null type=UncaughtAsyncError msg="uncaught async error (_TypeError)"
375-I/flutter ( 5617): ----------------FIREBASE CRASHLYTICS----------------
376-I/flutter ( 5617): The following exception was thrown uncaught async error (_TypeError):
377-I/flutter ( 5617): Null check operator used on a null value
378-I/flutter ( 5617): #0      LocationController.updatePosition (package:sixam_mart/features/location/controllers/location_controller.dart:480:29)
379-I/flutter ( 5617): #1      _PickMapScreenState.build.<anonymous closure>.<anonymous closure> (package:sixam_mart/features/location/screens/pick_map_screen.dart:426:62)
380-I/flutter ( 5617): #2      GoogleMapController._connectStreams.<anonymous closure> (package:google_maps_flutter/src/controller.dart:63:64)
381-I/flutter ( 5617): #3      _RootZone.runUnaryGuarded (dart:async/zone.dart:891:10)
382-I/flutter ( 5617): #4      _BufferingStreamSubscription._sendData (dart:async/stream_impl.dart:381:11)
383-I/flutter ( 5617): #5      _BufferingStreamSubscription._add (dart:async/stream_impl.dart:312:7)
384-I/flutter ( 5617): #6      _SyncBroadcastStreamController._sendData (dart:async/broadcast_stream_controller.dart:385:25)
385-I/flutter ( 5617): #7      _BroadcastStreamController.add (dart:async/broadcast_stream_controller.dart:257:5)
386-I/flutter ( 5617): #8      Where.whereType.<anonymous closure> (package:stream_transform/src/where.dart:21:30)
387-I/flutter ( 5617): #9      TransformByHandlers.transformByHandlers.<anonymous closure>.<anonymous closure> (package:stream_transform/src
388-I/flutter ( 5617): ----------------------------------------------------
389-I/com.izzes.nears( 5617): Compiler allocated 4174KB to compile com.google.maps.api.android.lib6.gmm6.vector.gl.drawable.aj com.google.maps.api.android.lib6.gmm6.store.fetch.h.d(com.google.maps.api.android.lib6.gmm6.model.av, int, com.google.maps.api.android.lib6.gmm6.model.au)
