2026-08-25T05:35:04 GET /api/v1/config -> 200 moduleId=<absent> zoneId=<absent> reqId=<absent>
2026-08-25T05:36:33 GET /api/v1/config -> 200 moduleId=<absent> zoneId= reqId=4e292c70-a359-4857-acd8-59451180ddbd
2026-08-25T05:36:52 GET /api/v1/module -> 200 moduleId=<absent> zoneId=<absent> reqId=f532ad82-12a0-4584-8058-f95ebb7d59d2
2026-08-25T05:37:01 POST /api/v1/auth/guest/request -> 200 moduleId=<absent> zoneId= reqId=c7043da5-562e-4c97-a703-c22802c94caa
2026-08-25T05:37:17 GET /api/v1/config/geocode-api?lat=23.817965&lng=90.3660167 -> 200 moduleId=<absent> zoneId= reqId=d5d0034c-8cee-4832-9212-d6a068825fdf
2026-08-25T05:37:17 GET /api/v1/config/get-zone-id?lat=23.817965&lng=90.3660167 -> 200 moduleId=<absent> zoneId= reqId=5a60d5e3-1794-4669-8d49-5c7cc1ea793f
2026-08-25T05:37:18 GET /api/v1/config/get-zone-id?lat=23.817965&lng=90.3660167 -> 200 moduleId=<absent> zoneId= reqId=860013f2-4890-4756-b546-d99ce2363ac0
2026-08-25T05:37:19 GET /api/v1/config/get-zone-id?lat=23.817965&lng=90.3660167 -> 200 moduleId=<absent> zoneId=[1] reqId=1eb06eef-ef69-4e4e-82f7-a1dc71b7def1
2026-08-25T05:37:19 GET /api/v1/config/get-zone-id?lat=23.817965&lng=90.3660167 -> 200 moduleId=<absent> zoneId=[1] reqId=dd0ecf0f-7b25-4ae6-8d2d-bf72dc3d56a6
2026-08-25T05:37:20 GET /api/v1/stores/get-stores/all?featured=1&offset=1&limit=50 -> 200 moduleId=<absent> zoneId=[1] reqId=320ea952-cbda-4db6-9323-aad40253433d
2026-08-25T05:37:20 GET /api/v1/module -> 200 moduleId=<absent> zoneId=[1] reqId=f634ed02-e0c3-432a-be36-2c772adae787
2026-08-25T05:37:21 GET /api/v1/banners?featured=1 -> 200 moduleId=<absent> zoneId=[1] reqId=36eb4b74-8837-44dc-9831-401faa22eef3
2026-08-25T05:37:58 POST /api/v1/auth/login -> 401 moduleId=<absent> zoneId=[1] reqId=921ac938-3915-48d7-86ae-b08a1f3fcaef
2026-08-25T05:39:09 POST /api/v1/auth/login -> 200 moduleId=<absent> zoneId=[1] reqId=cf1dbb57-6c38-4e7d-955d-b3933466614e
2026-08-25T05:39:09 POST /api/v1/customer/cm-firebase-token -> 401 moduleId=<absent> zoneId=[1] reqId=348bffb5-7c27-4615-aa07-e1827dcade10
2026-08-25T05:39:10 POST /api/v1/auth/token/refresh -> 200 moduleId=<absent> zoneId=[1] reqId=<absent>
2026-08-25T05:39:10 POST /api/v1/customer/cm-firebase-token -> 200 moduleId=<absent> zoneId=[1] reqId=53d08e22-b3e5-4eea-936b-6d1de52d28f5
2026-08-25T05:39:11 GET /api/v1/customer/info -> 200 moduleId=<absent> zoneId=[1] reqId=cfd6067b-ee07-4df1-929e-54039bc9bc42
2026-08-25T05:39:21 GET /api/v1/customer/cart/list -> 200 moduleId=2 zoneId=[1] reqId=345ae76d-f482-4631-8a12-7e578204b8e1
2026-08-25T05:39:21 GET /api/v1/customer/wish-list -> 200 moduleId=2 zoneId=[1] reqId=694ae1fb-3c40-41c9-af85-38b336019460
2026-08-25T05:39:21 GET /api/v1/customer/cart/list -> 200 moduleId=2 zoneId=[1] reqId=81f37215-edcf-446f-95d2-fc44f78b7e60
2026-08-25T05:39:22 GET /api/v1/cashback/list -> 200 moduleId=2 zoneId=[1] reqId=2a4cb72b-ab2a-4931-ad9f-b6aece989934
2026-08-25T05:39:22 GET /api/v1/config/get-zone-id?lat=23.817965&lng=90.3660167 -> 200 moduleId=2 zoneId=[1] reqId=1d890197-bdcf-41e3-9e49-f91f50b11491
2026-08-25T05:39:22 GET /api/v1/cashback/list -> 200 moduleId=2 zoneId=[1] reqId=b67187cc-1c71-45b4-8b28-2ecd6bee9de4
2026-08-25T05:39:23 GET /api/v1/home/all -> 200 moduleId=2 zoneId=[1] reqId=10716b13-851f-4d26-a172-8579618071ea
2026-08-25T05:39:24 GET /api/v1/advertisement/list -> 200 moduleId=2 zoneId=[1] reqId=5e7aff8d-77df-4019-9e78-878005ba4afc
2026-08-25T05:39:24 GET /api/v1/campaigns/basic -> 200 moduleId=2 zoneId=[1] reqId=23fc3ddb-6fed-4654-baa5-9c2056505496
2026-08-25T05:39:25 GET /api/v1/stores/get-stores/all?store_type=all&offset=1&limit=12 -> 200 moduleId=2 zoneId=[1] reqId=25fc96fb-abd5-497c-8f15-71a1f8c8ba71
2026-08-25T05:39:27 GET /api/v1/items/recommended?filter=all&limit=30 -> 200 moduleId=2 zoneId=[1] reqId=6351ad90-0198-4e57-af1b-2c501afd61a5
2026-08-25T05:39:28 GET /api/v1/items/popular?type=all&offset=1&limit=25&min_price=0.0&max_price=9999999999.0 -> 200 moduleId=2 zoneId=[1] reqId=66af2104-ebc0-47d1-9dba-ffa96b26cf3d
2026-08-25T05:39:28 GET /api/v1/items/most-reviewed?type=all&offset=1&limit=25&min_price=0.0&max_price=9999999999.0 -> 200 moduleId=2 zoneId=[1] reqId=fbab79ef-87fc-4f15-a06a-9c90e801ecf8
2026-08-25T05:39:29 GET /api/v1/campaigns/item -> 200 moduleId=2 zoneId=[1] reqId=dc43b40c-2941-413e-a59f-82fbf96ed330
2026-08-25T05:39:29 GET /api/v1/items/discounted?type=all&offset=1&limit=25&min_price=0.0&max_price=9999999999.0 -> 200 moduleId=2 zoneId=[1] reqId=f159283f-8e18-4f3d-aeef-c9267d6b3910
2026-08-25T05:39:30 GET /api/v1/flash-sales -> 200 moduleId=2 zoneId=[1] reqId=ebd37398-79ba-42eb-ae25-023f1cdd45db
2026-08-25T05:39:30 GET /api/v1/customer/info -> 200 moduleId=2 zoneId=[1] reqId=c866a913-33e0-4c44-ab7e-0a540f971a26
2026-08-25T05:39:30 GET /api/v1/other-banners -> 200 moduleId=2 zoneId=[1] reqId=4a62097b-b46a-431b-8664-625892cf5ceb
2026-08-25T05:39:30 GET /storage/store/d-9e81b92adf.png -> 404 moduleId=<absent> zoneId=<absent> reqId=<absent>
2026-08-25T05:39:30 GET /storage/category/2026-03-01-255ad36459a7.png -> 404 moduleId=<absent> zoneId=<absent> reqId=<absent>
2026-08-25T05:39:30 GET /storage/category/2026-03-01-05951e298203.png -> 404 moduleId=<absent> zoneId=<absent> reqId=<absent>
2026-08-25T05:39:30 GET /storage/category/2026-03-01-0156206479ec.png -> 404 moduleId=<absent> zoneId=<absent> reqId=<absent>
2026-08-25T05:39:30 GET /storage/category/2026-03-01-b420f590cdaa.png -> 404 moduleId=<absent> zoneId=<absent> reqId=<absent>
2026-08-25T05:39:30 GET /storage/category/2026-03-01-0444e493412c.png -> 404 moduleId=<absent> zoneId=<absent> reqId=<absent>
2026-08-25T05:39:30 GET /storage/category/2026-03-01-bbc1c9534ed8.png -> 404 moduleId=<absent> zoneId=<absent> reqId=<absent>
2026-08-25T05:39:30 GET /storage/category/2026-03-01-aef99e21180e.png -> 404 moduleId=<absent> zoneId=<absent> reqId=<absent>
2026-08-25T05:39:30 GET /storage/category/2026-03-01-c00a2439ea06.png -> 404 moduleId=<absent> zoneId=<absent> reqId=<absent>
2026-08-25T05:39:30 GET /api/v1/customer/order/buy-it-again?limit=25&offset=1 -> 200 moduleId=2 zoneId=[1] reqId=c9d00d62-6728-4695-939c-5ae65e58008f
2026-08-25T05:39:31 GET /api/v1/module -> 200 moduleId=2 zoneId=[1] reqId=34e275f3-42be-48a4-af08-542fda7d21ea
2026-08-25T05:39:31 GET /storage/store/2026-03-01-a45cdada5ebe.png -> 404 moduleId=<absent> zoneId=<absent> reqId=<absent>
2026-08-25T05:39:31 GET /api/v1/coupon/list -> 200 moduleId=2 zoneId=[1] reqId=e2c542f1-00b2-42bb-941d-c870e4ba28e7
2026-08-25T05:39:31 GET /api/v1/customer/notifications -> 200 moduleId=2 zoneId=[1] reqId=6fce2cf9-f3e1-45c0-8e45-77027adeab85
2026-08-25T05:39:31 GET /storage/store/d-6a7d474ed0.png -> 404 moduleId=<absent> zoneId=<absent> reqId=<absent>
2026-08-25T05:39:31 GET /storage/store/2026-03-01-7b429a80a3b4.png -> 404 moduleId=<absent> zoneId=<absent> reqId=<absent>
2026-08-25T05:39:31 GET /storage/store/cover/2026-03-01-05e0e86f6708.png -> 404 moduleId=<absent> zoneId=<absent> reqId=<absent>
2026-08-25T05:39:31 GET /storage/store/cover/2026-03-01-191f00ab2cf0.png -> 404 moduleId=<absent> zoneId=<absent> reqId=<absent>
2026-08-25T05:39:31 GET /storage/store/cover/d-6304804dbc.png -> 404 moduleId=<absent> zoneId=<absent> reqId=<absent>
2026-08-25T05:39:31 GET /storage/store/2026-03-01-6b3afdef6a43.png -> 404 moduleId=<absent> zoneId=<absent> reqId=<absent>
2026-08-25T05:39:31 GET /storage/store/cover/2026-03-01-81f95517229e.png -> 404 moduleId=<absent> zoneId=<absent> reqId=<absent>
2026-08-25T05:39:31 GET /storage/store/cover/d-4a3d0623c5.png -> 404 moduleId=<absent> zoneId=<absent> reqId=<absent>
2026-08-25T05:39:31 GET /storage/store/d-5e47831d9a.png -> 404 moduleId=<absent> zoneId=<absent> reqId=<absent>
2026-08-25T05:39:31 GET /storage/store/cover/d-fc934f223b.png -> 404 moduleId=<absent> zoneId=<absent> reqId=<absent>
2026-08-25T05:39:31 GET /storage/product/2026-03-01-435012b5468e.png -> 404 moduleId=<absent> zoneId=<absent> reqId=<absent>
2026-08-25T05:39:32 GET /storage/product/d-5d8af24a48.png -> 404 moduleId=<absent> zoneId=<absent> reqId=<absent>
2026-08-25T05:39:32 GET /storage/product/2026-03-01-b6566547bdc2.png -> 404 moduleId=<absent> zoneId=<absent> reqId=<absent>
2026-08-25T05:39:32 GET /storage/product/d-9cb15dcdfd.png -> 404 moduleId=<absent> zoneId=<absent> reqId=<absent>
2026-08-25T05:39:32 GET /public/assets/admin/img/900x400/img1.jpg -> 200 moduleId=<absent> zoneId=<absent> reqId=<absent>
2026-08-25T05:39:32 GET /storage/product/2026-03-01-ebee836b9708.png -> 404 moduleId=<absent> zoneId=<absent> reqId=<absent>
2026-08-25T05:39:32 GET /storage/product/2026-03-01-e1be04e8dd2c.png -> 404 moduleId=<absent> zoneId=<absent> reqId=<absent>
2026-08-25T05:39:32 GET /storage/product/2026-03-01-d2966722affe.png -> 404 moduleId=<absent> zoneId=<absent> reqId=<absent>
2026-08-25T05:39:32 GET /storage/product/2026-03-01-b6765c40fa9b.png -> 404 moduleId=<absent> zoneId=<absent> reqId=<absent>
2026-08-25T05:39:32 GET /storage/product/2026-03-01-171991639823.png -> 404 moduleId=<absent> zoneId=<absent> reqId=<absent>
2026-08-25T05:39:32 GET /storage/product/2026-03-01-487a7cd91205.png -> 404 moduleId=<absent> zoneId=<absent> reqId=<absent>
2026-08-25T05:39:33 GET /storage/product/d-518d647dbf.png -> 404 moduleId=<absent> zoneId=<absent> reqId=<absent>
2026-08-25T05:39:38 GET /public/assets/admin/img/160x160/img2.jpg -> 200 moduleId=<absent> zoneId=<absent> reqId=<absent>
2026-08-25T05:39:57 POST /api/v1/customer/cm-firebase-token -> 200 moduleId=2 zoneId=[1] reqId=1a699b8b-d04d-49b7-a885-f6f8ac16e72a
2026-08-25T05:39:57 POST /api/v1/auth/guest/request -> 200 moduleId=2 zoneId=[1] reqId=3a4c2fbd-1441-4f6b-961a-60529f0c9eec
2026-08-25T05:40:34 POST /api/v1/auth/login -> 200 moduleId=<absent> zoneId= reqId=5214fbb3-ae49-46f7-aa83-313ddf00ff58
2026-08-25T05:40:35 POST /api/v1/customer/cm-firebase-token -> 401 moduleId=<absent> zoneId= reqId=d80f3235-aed3-4773-991b-b4b4ffbe2aae
2026-08-25T05:40:35 POST /api/v1/auth/token/refresh -> 200 moduleId=<absent> zoneId= reqId=<absent>
2026-08-25T05:40:36 POST /api/v1/customer/cm-firebase-token -> 200 moduleId=<absent> zoneId= reqId=d539f025-1ce9-462b-9847-2157826d43c3
2026-08-25T05:40:37 GET /api/v1/customer/cart/list -> 403 moduleId=null zoneId=<absent> reqId=3f76254d-c142-4e76-b39c-e6f748cc2660
2026-08-25T05:40:37 GET /api/v1/customer/info -> 200 moduleId=<absent> zoneId= reqId=9fb5b238-8c6a-4c15-bb2b-9cbe52239800
2026-08-25T05:40:41 GET /api/v1/config/geocode-api?lat=23.817965&lng=90.3660167 -> 200 moduleId=<absent> zoneId= reqId=81ffc141-bd82-42e2-9fd1-b746c1027547
2026-08-25T05:40:41 GET /api/v1/config/get-zone-id?lat=23.817965&lng=90.3660167 -> 200 moduleId=<absent> zoneId= reqId=ae377dba-a862-47a0-b122-bd925ab5967f
2026-08-25T05:40:41 GET /api/v1/config/get-zone-id?lat=23.817965&lng=90.3660167 -> 200 moduleId=<absent> zoneId= reqId=68043e11-223a-45dc-a790-3791a4259121
2026-08-25T05:40:42 GET /api/v1/config -> 200 moduleId=<absent> zoneId=[1] reqId=ddd024b7-7065-4335-9911-3425594f45f8
2026-08-25T05:40:42 GET /api/v1/config/get-zone-id?lat=23.817965&lng=90.3660167 -> 200 moduleId=<absent> zoneId=[1] reqId=78a9b238-794a-491d-b12f-920472fde44e
2026-08-25T05:40:42 GET /api/v1/customer/update-zone -> 200 moduleId=<absent> zoneId=[1] reqId=6f2d46eb-b171-45f1-8342-40fd378540e3
2026-08-25T05:40:42 GET /api/v1/customer/cart/list -> 403 moduleId=null zoneId=<absent> reqId=ba2084f6-4fb4-492b-9ce8-fe543e0aabdb
2026-08-25T05:40:42 GET /api/v1/customer/order/running-orders?offset=1&limit=50 -> 200 moduleId=<absent> zoneId=[1] reqId=439d5e3a-3e1f-42bb-825a-58702f77c061
2026-08-25T05:40:43 GET /api/v1/customer/order/payment-failed -> 200 moduleId=<absent> zoneId=[1] reqId=f0815ab9-068f-4c20-af49-d47a12c861a4
2026-08-25T05:40:43 GET /api/v1/config/get-zone-id?lat=23.817965&lng=90.3660167 -> 200 moduleId=<absent> zoneId=[1] reqId=ed1f6228-7190-4e92-9877-c1d6ac997d24
2026-08-25T05:40:43 GET /api/v1/module -> 200 moduleId=<absent> zoneId=[1] reqId=76fbaff7-045c-4859-b3f7-c8cabc634470
2026-08-25T05:40:43 POST /api/v1/customer/cm-firebase-token -> 200 moduleId=<absent> zoneId=[1] reqId=c1feb9ae-406a-4b6a-82de-924cb774281b
2026-08-25T05:40:43 GET /api/v1/config/get-zone-id?lat=23.817965&lng=90.3660167 -> 200 moduleId=<absent> zoneId=[1] reqId=e1ea7be7-4776-4260-836b-365bff115aeb
2026-08-25T05:40:44 GET /api/v1/customer/info -> 200 moduleId=<absent> zoneId=[1] reqId=3c78c041-fb63-46c4-9c21-fef2a9226502
2026-08-25T05:40:44 GET /api/v1/customer/order/payment-failed -> 200 moduleId=<absent> zoneId=[1] reqId=afec297d-2fb4-4249-9277-d443b9f82b35
2026-08-25T05:40:44 GET /api/v1/customer/order/running-orders?offset=1&limit=50 -> 200 moduleId=<absent> zoneId=[1] reqId=a8953a06-0b82-4b10-a053-c7c9b454adb5
2026-08-25T05:40:45 GET /api/v1/stores/get-stores/all?featured=1&offset=1&limit=50 -> 200 moduleId=<absent> zoneId=[1] reqId=0f357422-322c-437c-b0b5-359890b907b0
2026-08-25T05:40:45 GET /api/v1/module -> 200 moduleId=<absent> zoneId=[1] reqId=22088205-fb1e-40e3-a9fb-e13021d5a520
2026-08-25T05:40:45 GET /api/v1/customer/address/list -> 200 moduleId=<absent> zoneId=[1] reqId=c2e12224-ced1-4d90-9785-951085abc727
2026-08-25T05:40:45 GET /api/v1/banners?featured=1 -> 200 moduleId=<absent> zoneId=[1] reqId=054d6762-889c-452b-af47-a4b0b8975cb4
2026-08-25T05:40:45 GET /api/v1/coupon/list -> 200 moduleId=<absent> zoneId=[1] reqId=34183103-5d04-4a27-9f97-e69422e3b38e
2026-08-25T05:40:45 GET /api/v1/customer/notifications -> 200 moduleId=<absent> zoneId=[1] reqId=91ee5bb3-66de-4815-bc54-425b1d2b0801
2026-08-25T05:41:10 GET /api/v1/config/get-zone-id?lat=23.817965&lng=90.3660167 -> 200 moduleId=3 zoneId=[1] reqId=1f39514b-5fc2-4bf7-8a4c-e964cd29ba2c
2026-08-25T05:41:10 GET /api/v1/customer/wish-list -> 200 moduleId=3 zoneId=[1] reqId=d8993bc6-fa1d-48cd-b539-ca96c27e9f06
2026-08-25T05:41:10 GET /api/v1/cashback/list -> 200 moduleId=3 zoneId=[1] reqId=da1426f0-9299-4f9c-9a5e-479c732271ac
2026-08-25T05:41:10 GET /api/v1/cashback/list -> 200 moduleId=3 zoneId=[1] reqId=c44a0acd-114c-4d3f-a34f-0933d243e867
2026-08-25T05:41:10 GET /api/v1/customer/cart/list -> 200 moduleId=3 zoneId=[1] reqId=bc225657-86f6-42e8-98d0-ca4aede8cdd2
2026-08-25T05:41:10 GET /api/v1/customer/cart/list -> 200 moduleId=3 zoneId=[1] reqId=d86b4c28-f01f-4ceb-8c52-6ff760d192e4
2026-08-25T05:41:11 GET /api/v1/home/all -> 200 moduleId=3 zoneId=[1] reqId=db058bca-1053-4bc7-a4ea-fab0e7ca1e93
2026-08-25T05:41:12 GET /api/v1/other-banners -> 200 moduleId=3 zoneId=[1] reqId=272d0f41-2585-407e-a4c8-21d9f0bbb42c
2026-08-25T05:41:12 GET /api/v1/items/popular?type=all&offset=1&limit=25&min_price=0.0&max_price=9999999999.0 -> 200 moduleId=3 zoneId=[1] reqId=7e4401e2-079d-4215-91b3-65a21c93a027
2026-08-25T05:41:12 GET /api/v1/advertisement/list -> 200 moduleId=3 zoneId=[1] reqId=7a7331cb-5076-4c42-aa3a-d5617b185f75
2026-08-25T05:41:13 GET /api/v1/stores/get-stores/all?store_type=all&offset=1&limit=12 -> 200 moduleId=3 zoneId=[1] reqId=58d433ec-56e9-495e-9a55-47f886c8120f
2026-08-25T05:41:15 GET /api/v1/items/recommended?filter=all&limit=30 -> 200 moduleId=3 zoneId=[1] reqId=5a825d4c-7d8a-4a63-8eeb-32508019b4e4
2026-08-25T05:41:15 GET /api/v1/campaigns/item -> 200 moduleId=3 zoneId=[1] reqId=7db59900-329e-47a1-ab17-18bb1d6b59b3
2026-08-25T05:41:16 GET /api/v1/campaigns/basic -> 200 moduleId=3 zoneId=[1] reqId=d9220292-5464-4797-a729-2d2f994edc22
2026-08-25T05:41:16 GET /api/v1/items/most-reviewed?type=all&offset=1&limit=25&min_price=0.0&max_price=9999999999.0 -> 200 moduleId=3 zoneId=[1] reqId=62439ed2-5c66-41a8-9b69-f57f137bedfd
2026-08-25T05:41:16 GET /api/v1/items/discounted?type=all&offset=1&limit=25&min_price=0.0&max_price=9999999999.0 -> 200 moduleId=3 zoneId=[1] reqId=dc4d9472-f6dc-4c29-a57a-0d383023010c
2026-08-25T05:41:16 GET /api/v1/flash-sales -> 200 moduleId=3 zoneId=[1] reqId=59e8a39d-bedd-4497-be58-ed91c567b20b
2026-08-25T05:41:17 GET /api/v1/customer/info -> 200 moduleId=3 zoneId=[1] reqId=c83ea24c-a066-4e3d-ae5a-a2938c791546
2026-08-25T05:41:17 GET /storage/store/cover/d-578d022ec9.png -> 404 moduleId=<absent> zoneId=<absent> reqId=<absent>
2026-08-25T05:41:17 GET /storage/store/2026-03-01-dd896e452cd0.png -> 404 moduleId=<absent> zoneId=<absent> reqId=<absent>
2026-08-25T05:41:17 GET /storage/store/cover/d-f829c68cc3.png -> 404 moduleId=<absent> zoneId=<absent> reqId=<absent>
2026-08-25T05:41:17 GET /storage/store/cover/d-0a71625614.png -> 404 moduleId=<absent> zoneId=<absent> reqId=<absent>
2026-08-25T05:41:17 GET /storage/store/d-01cc83e2f1.png -> 404 moduleId=<absent> zoneId=<absent> reqId=<absent>
2026-08-25T05:41:17 GET /storage/store/cover/2026-03-01-6365e3fd0a2d.png -> 404 moduleId=<absent> zoneId=<absent> reqId=<absent>
2026-08-25T05:41:17 GET /storage/store/d-38d3db8189.png -> 404 moduleId=<absent> zoneId=<absent> reqId=<absent>
2026-08-25T05:41:17 GET /storage/store/d-02b5a5d337.png -> 404 moduleId=<absent> zoneId=<absent> reqId=<absent>
2026-08-25T05:41:17 GET /storage/store/cover/d-cbd612fd73.png -> 404 moduleId=<absent> zoneId=<absent> reqId=<absent>
2026-08-25T05:41:17 GET /api/v1/customer/order/buy-it-again?limit=25&offset=1 -> 200 moduleId=3 zoneId=[1] reqId=371bdf50-3701-4716-9508-54f90b8aea14
2026-08-25T05:41:17 GET /storage/store/d-954f31ab0b.png -> 404 moduleId=<absent> zoneId=<absent> reqId=<absent>
2026-08-25T05:41:17 GET /storage/store/cover/d-f5f89d7456.png -> 404 moduleId=<absent> zoneId=<absent> reqId=<absent>
2026-08-25T05:41:17 GET /api/v1/stores/get-stores/all?featured=1&offset=1&limit=50 -> 200 moduleId=3 zoneId=[1] reqId=a2d159a3-3aff-41ca-8714-299a9224aaab
2026-08-25T05:41:18 GET /api/v1/items/basic?offset=1&limit=50 -> 200 moduleId=3 zoneId=[1] reqId=3bba6bed-ceb9-446a-bd96-8d37e46154ea
2026-08-25T05:41:18 GET /api/v1/common-condition -> 200 moduleId=3 zoneId=[1] reqId=5318474f-fe91-4509-9e0c-37af706bd7fc
2026-08-25T05:41:18 GET /api/v1/module -> 200 moduleId=3 zoneId=[1] reqId=878789df-1dfb-4da3-b3e2-88a328ceb208
2026-08-25T05:41:18 GET /api/v1/coupon/list -> 200 moduleId=3 zoneId=[1] reqId=5b30dae4-4a4e-4624-a424-555e7e1cbb1b
2026-08-25T05:41:18 GET /api/v1/customer/notifications -> 200 moduleId=3 zoneId=[1] reqId=28dc0e4c-3401-46e4-8dcd-528830cfc778
2026-08-25T05:41:18 GET /storage/product/d-a43664ea5c.png -> 404 moduleId=<absent> zoneId=<absent> reqId=<absent>
2026-08-25T05:41:18 GET /storage/store/d-40f0ca16f3.png -> 404 moduleId=<absent> zoneId=<absent> reqId=<absent>
2026-08-25T05:41:19 GET /api/v1/common-condition/items/1?limit=15&offset=1 -> 200 moduleId=3 zoneId=[1] reqId=d2053734-7fb0-4adf-9e1e-85c0ea98b944
2026-08-25T05:42:58 POST /api/v1/auth/guest/request -> 200 moduleId=<absent> zoneId=[1] reqId=f1ab1d99-3dba-4ace-a446-65e55925f77a
2026-08-25T05:42:58 POST /api/v1/customer/cm-firebase-token -> 200 moduleId=<absent> zoneId=[1] reqId=5f775a75-09b7-4f38-aba3-abb7112d2068
2026-08-25T05:43:53 POST /api/v1/auth/login -> 200 moduleId=<absent> zoneId= reqId=5f676c01-dbdc-49ef-94d6-10e0c9de61ae
2026-08-25T05:43:54 POST /api/v1/customer/cm-firebase-token -> 401 moduleId=<absent> zoneId= reqId=d1e824f1-c550-4cc1-8b1b-820d96a9cf2b
2026-08-25T05:43:54 POST /api/v1/auth/token/refresh -> 200 moduleId=<absent> zoneId= reqId=<absent>
2026-08-25T05:43:55 POST /api/v1/customer/cm-firebase-token -> 200 moduleId=<absent> zoneId= reqId=72446c6c-8e8c-4bca-b70a-9331e7427c63
2026-08-25T05:43:56 GET /api/v1/customer/cart/list -> 403 moduleId=null zoneId=<absent> reqId=e9873100-e4b0-4b93-818a-8f9b7ad958a2
2026-08-25T05:43:56 GET /api/v1/customer/info -> 200 moduleId=<absent> zoneId= reqId=ac839f86-743a-4751-b4e9-e770f5b112f2
2026-08-25T05:44:00 GET /api/v1/config/geocode-api?lat=23.817965&lng=90.3660167 -> 200 moduleId=<absent> zoneId= reqId=bb3b91cf-4090-40d1-9934-ac1d3b320312
2026-08-25T05:44:00 GET /api/v1/config/get-zone-id?lat=23.817965&lng=90.3660167 -> 200 moduleId=<absent> zoneId= reqId=f0828a40-8bcf-4042-bf8c-aaeef9262411
2026-08-25T05:44:00 GET /api/v1/config/get-zone-id?lat=23.817965&lng=90.3660167 -> 200 moduleId=<absent> zoneId= reqId=96bdefc8-2185-45ca-b2a4-f089950f28c2
2026-08-25T05:44:01 GET /api/v1/config/get-zone-id?lat=23.817965&lng=90.3660167 -> 200 moduleId=<absent> zoneId=[1] reqId=e50479de-e7bc-4bd1-922f-c8189d7f2467
2026-08-25T05:44:01 GET /api/v1/config -> 200 moduleId=<absent> zoneId=[1] reqId=7f7f2ad8-c404-4661-ae05-e5c4d2291f43
2026-08-25T05:44:01 GET /api/v1/customer/update-zone -> 200 moduleId=<absent> zoneId=[1] reqId=12c544cd-0b33-456f-930f-4b83e65fa98c
2026-08-25T05:44:01 GET /api/v1/customer/cart/list -> 403 moduleId=null zoneId=<absent> reqId=a65959d8-3d51-470d-886e-722e1afa0acb
2026-08-25T05:44:02 GET /api/v1/config/get-zone-id?lat=23.817965&lng=90.3660167 -> 200 moduleId=<absent> zoneId=[1] reqId=f62851ca-95e6-4fdb-a2fe-a808a9ed620a
2026-08-25T05:44:02 GET /api/v1/customer/order/payment-failed -> 200 moduleId=<absent> zoneId=[1] reqId=52121363-8e29-44d8-8aaf-f1af79aa9615
2026-08-25T05:44:02 GET /api/v1/customer/order/running-orders?offset=1&limit=50 -> 200 moduleId=<absent> zoneId=[1] reqId=11107303-eccd-4ae3-8cb6-44c8bfdbe487
2026-08-25T05:44:02 POST /api/v1/customer/cm-firebase-token -> 200 moduleId=<absent> zoneId=[1] reqId=b6d3a503-58fa-4dd9-aa29-1aa643e9eea7
2026-08-25T05:44:02 GET /api/v1/customer/info -> 200 moduleId=<absent> zoneId=[1] reqId=87acb5cc-b94a-4364-b3d1-03042367227d
2026-08-25T05:44:03 GET /api/v1/stores/get-stores/all?featured=1&offset=1&limit=50 -> 200 moduleId=<absent> zoneId=[1] reqId=2743fa54-3366-4f5e-96a9-32f43cfd296d
2026-08-25T05:44:03 GET /api/v1/module -> 200 moduleId=<absent> zoneId=[1] reqId=1302d591-4c66-40a4-a999-71cac85317df
2026-08-25T05:44:04 GET /api/v1/customer/address/list -> 200 moduleId=<absent> zoneId=[1] reqId=8bb13575-8c0b-4906-b1ba-1ba2379c38d5
2026-08-25T05:44:04 GET /api/v1/banners?featured=1 -> 200 moduleId=<absent> zoneId=[1] reqId=d0bf3eb7-f885-4517-9a47-c5794d5b1400
2026-08-25T05:44:04 GET /api/v1/coupon/list -> 200 moduleId=<absent> zoneId=[1] reqId=4f82a6bd-e0ae-4d9d-9ff2-15afa62694a8
2026-08-25T05:44:04 GET /api/v1/customer/notifications -> 200 moduleId=<absent> zoneId=[1] reqId=53df6901-e460-400f-93e3-c80a66767da0
2026-08-25T05:44:14 GET /api/v1/config/get-zone-id?lat=23.817965&lng=90.3660167 -> 200 moduleId=3 zoneId=[1] reqId=3f9dd788-a43b-4fde-ae2e-db5e6be36bb8
2026-08-25T05:44:14 GET /api/v1/cashback/list -> 200 moduleId=3 zoneId=[1] reqId=7dd462d0-b036-47b2-810e-5bc51b874eb0
2026-08-25T05:44:15 GET /api/v1/customer/cart/list -> 200 moduleId=3 zoneId=[1] reqId=43a94699-c25e-4bdb-8cb4-fd3454364f59
2026-08-25T05:44:15 GET /api/v1/customer/cart/list -> 200 moduleId=3 zoneId=[1] reqId=b8fc6d42-4a6d-431d-acee-4d02735dbf87
2026-08-25T05:44:15 GET /api/v1/customer/wish-list -> 200 moduleId=3 zoneId=[1] reqId=cc799086-c0b4-45dc-84e6-84750a9f92f1
2026-08-25T05:44:15 GET /api/v1/cashback/list -> 200 moduleId=3 zoneId=[1] reqId=3de6ba15-886f-4d94-8260-41f2c8d6210f
2026-08-25T05:44:16 GET /api/v1/home/all -> 200 moduleId=3 zoneId=[1] reqId=1aa5c566-1a35-4182-8d46-42ddfa323220
2026-08-25T05:44:17 GET /api/v1/advertisement/list -> 200 moduleId=3 zoneId=[1] reqId=bd48ddea-2b47-47ce-b923-2a87a36ea400
2026-08-25T05:44:17 GET /api/v1/stores/get-stores/all?store_type=all&offset=1&limit=12 -> 200 moduleId=3 zoneId=[1] reqId=e77fb7de-1374-4dd5-8f17-2e21ad719a91
2026-08-25T05:44:19 GET /api/v1/items/recommended?filter=all&limit=30 -> 200 moduleId=3 zoneId=[1] reqId=94e527b9-fbe6-493a-836d-4ddd956e3cc7
2026-08-25T05:44:20 GET /api/v1/campaigns/item -> 200 moduleId=3 zoneId=[1] reqId=13471159-5d33-491f-afd3-3b030899ca77
2026-08-25T05:44:20 GET /api/v1/other-banners -> 200 moduleId=3 zoneId=[1] reqId=801297e6-b52e-450f-8b52-feff1d7981bf
2026-08-25T05:44:20 GET /api/v1/flash-sales -> 200 moduleId=3 zoneId=[1] reqId=e921da8d-6947-4da1-a894-edaa40224afd
2026-08-25T05:44:20 GET /api/v1/items/most-reviewed?type=all&offset=1&limit=25&min_price=0.0&max_price=9999999999.0 -> 200 moduleId=3 zoneId=[1] reqId=095f8e52-f731-4881-833c-dedc393245a0
2026-08-25T05:44:21 GET /api/v1/items/discounted?type=all&offset=1&limit=25&min_price=0.0&max_price=9999999999.0 -> 200 moduleId=3 zoneId=[1] reqId=109bc7e4-9d27-4311-afd9-ebac4a7bc4e0
2026-08-25T05:44:21 GET /api/v1/customer/info -> 200 moduleId=3 zoneId=[1] reqId=dda2182c-f8f8-47e7-b0fe-72f7359a713a
2026-08-25T05:44:21 GET /api/v1/items/popular?type=all&offset=1&limit=25&min_price=0.0&max_price=9999999999.0 -> 200 moduleId=3 zoneId=[1] reqId=341389fa-2902-4ee4-a4b8-6863ee8a6710
2026-08-25T05:44:21 GET /api/v1/campaigns/basic -> 200 moduleId=3 zoneId=[1] reqId=ef9674ad-7a0f-4b5e-b972-60add24896ee
2026-08-25T05:44:21 GET /storage/store/cover/d-cbd612fd73.png -> 404 moduleId=<absent> zoneId=<absent> reqId=<absent>
2026-08-25T05:44:21 GET /storage/store/d-02b5a5d337.png -> 404 moduleId=<absent> zoneId=<absent> reqId=<absent>
2026-08-25T05:44:21 GET /storage/store/d-38d3db8189.png -> 404 moduleId=<absent> zoneId=<absent> reqId=<absent>
2026-08-25T05:44:21 GET /storage/store/d-954f31ab0b.png -> 404 moduleId=<absent> zoneId=<absent> reqId=<absent>
2026-08-25T05:44:21 GET /storage/store/cover/2026-03-01-6365e3fd0a2d.png -> 404 moduleId=<absent> zoneId=<absent> reqId=<absent>
2026-08-25T05:44:21 GET /storage/store/cover/d-0a71625614.png -> 404 moduleId=<absent> zoneId=<absent> reqId=<absent>
2026-08-25T05:44:21 GET /storage/store/cover/d-578d022ec9.png -> 404 moduleId=<absent> zoneId=<absent> reqId=<absent>
2026-08-25T05:44:21 GET /storage/store/cover/d-f829c68cc3.png -> 404 moduleId=<absent> zoneId=<absent> reqId=<absent>
2026-08-25T05:44:21 GET /storage/store/d-01cc83e2f1.png -> 404 moduleId=<absent> zoneId=<absent> reqId=<absent>
2026-08-25T05:44:21 GET /storage/store/2026-03-01-dd896e452cd0.png -> 404 moduleId=<absent> zoneId=<absent> reqId=<absent>
2026-08-25T05:44:22 GET /api/v1/customer/order/buy-it-again?limit=25&offset=1 -> 200 moduleId=3 zoneId=[1] reqId=ffe5af48-06df-4609-85fa-c31f80d37ed3
2026-08-25T05:44:22 GET /api/v1/stores/get-stores/all?featured=1&offset=1&limit=50 -> 200 moduleId=3 zoneId=[1] reqId=269e8a4c-e466-4433-9e97-ace3782854c5
2026-08-25T05:44:22 GET /api/v1/items/basic?offset=1&limit=50 -> 200 moduleId=3 zoneId=[1] reqId=382787f0-0ec9-481c-a216-e8d044358cfa
2026-08-25T05:44:22 GET /api/v1/customer/notifications -> 200 moduleId=3 zoneId=[1] reqId=db1bc8ac-5a23-4238-92fc-d2e2b1222a17
2026-08-25T05:44:23 GET /api/v1/common-condition -> 200 moduleId=3 zoneId=[1] reqId=14f2a752-f55b-4722-b317-d717a7ba38f4
2026-08-25T05:44:23 GET /api/v1/module -> 200 moduleId=3 zoneId=[1] reqId=e398db77-48fb-4a30-952c-8a5e1136c114
2026-08-25T05:44:23 GET /api/v1/coupon/list -> 200 moduleId=3 zoneId=[1] reqId=d4005247-8b9d-4879-a831-b58085a07538
2026-08-25T05:44:23 GET /storage/store/cover/d-f5f89d7456.png -> 404 moduleId=<absent> zoneId=<absent> reqId=<absent>
2026-08-25T05:44:23 GET /storage/product/d-a43664ea5c.png -> 404 moduleId=<absent> zoneId=<absent> reqId=<absent>
2026-08-25T05:44:23 GET /storage/store/d-40f0ca16f3.png -> 404 moduleId=<absent> zoneId=<absent> reqId=<absent>
2026-08-25T05:44:23 GET /api/v1/common-condition/items/1?limit=15&offset=1 -> 200 moduleId=3 zoneId=[1] reqId=c4e21d7c-4c55-4a2b-902b-94a4f1b7c9c9
2026-08-25T05:44:36 POST /api/v1/customer/cm-firebase-token -> 200 moduleId=3 zoneId=[1] reqId=3310411b-6469-40ad-bece-2bdfa5f9b102
2026-08-25T05:44:36 POST /api/v1/auth/guest/request -> 200 moduleId=3 zoneId=[1] reqId=6582b752-de54-436f-bc46-b7f10f734448
2026-08-25T05:44:58 POST /api/v1/auth/login -> 200 moduleId=<absent> zoneId= reqId=59a40180-8c30-46c8-a7cd-8b1bafc9293e
2026-08-25T05:44:59 POST /api/v1/customer/cm-firebase-token -> 401 moduleId=<absent> zoneId= reqId=3639aff8-96fe-44bc-8ff2-8cc1c8573be5
2026-08-25T05:44:59 POST /api/v1/auth/token/refresh -> 200 moduleId=2 zoneId= reqId=<absent>
2026-08-25T05:45:00 POST /api/v1/customer/cm-firebase-token -> 200 moduleId=2 zoneId= reqId=687147dc-fb5c-4bb0-abfc-29f9f7b6959f
2026-08-25T05:45:01 GET /api/v1/customer/cart/list -> 200 moduleId=2 zoneId=<absent> reqId=9e7feeb8-d4dd-4537-9f1a-1077ae6478f5
2026-08-25T05:45:02 GET /api/v1/customer/info -> 200 moduleId=2 zoneId= reqId=32adc938-ec49-4dbd-a892-5de62ee4f8c8
2026-08-25T05:45:05 GET /api/v1/config/geocode-api?lat=23.817965&lng=90.3660167 -> 200 moduleId=2 zoneId= reqId=50983223-5947-4497-8c96-b854b802c873
2026-08-25T05:45:06 GET /api/v1/config/get-zone-id?lat=23.817965&lng=90.3660167 -> 200 moduleId=2 zoneId= reqId=9c04195a-949f-485b-9157-ac6c0a56e4be
2026-08-25T05:45:07 GET /api/v1/config/get-zone-id?lat=23.817965&lng=90.3660167 -> 200 moduleId=2 zoneId= reqId=b09561c4-c26f-487f-a647-ed3aaa6cbe32
2026-08-25T05:45:08 GET /api/v1/customer/cart/list -> 200 moduleId=2 zoneId=<absent> reqId=be1e702b-7999-4de5-8ea0-c7f9cd808ad7
2026-08-25T05:45:08 GET /api/v1/config/get-zone-id?lat=23.817965&lng=90.3660167 -> 200 moduleId=2 zoneId=[1] reqId=8ab66398-2d2f-479d-a954-9210eab72d1c
2026-08-25T05:45:08 GET /api/v1/customer/update-zone -> 200 moduleId=2 zoneId=[1] reqId=becaff67-1d44-4531-a4ca-7a53691af879
2026-08-25T05:45:08 GET /api/v1/config -> 200 moduleId=2 zoneId=[1] reqId=a3661728-96cb-4dd7-a34a-6cd7edbef844
2026-08-25T05:45:08 GET /api/v1/config/get-zone-id?lat=23.817965&lng=90.3660167 -> 200 moduleId=2 zoneId=[1] reqId=994f2282-325c-4abc-836a-5038687b3753
2026-08-25T05:45:09 GET /api/v1/customer/order/running-orders?offset=1&limit=50 -> 200 moduleId=2 zoneId=[1] reqId=60350d36-f631-417c-b568-fb84da20a561
2026-08-25T05:45:09 GET /api/v1/customer/order/payment-failed -> 200 moduleId=2 zoneId=[1] reqId=67e6cb1f-50ff-4098-bd7b-6c39905a8cf0
2026-08-25T05:45:09 GET /api/v1/customer/info -> 200 moduleId=2 zoneId=[1] reqId=dd2a03c6-bfa2-4c51-acf2-d6972edd56c5
2026-08-25T05:45:10 POST /api/v1/customer/cm-firebase-token -> 200 moduleId=2 zoneId=[1] reqId=a988d2fd-0eac-49cb-8bfe-95d4c4806210
2026-08-25T05:45:10 GET /api/v1/stores/get-stores/all?featured=1&offset=1&limit=50 -> 200 moduleId=<absent> zoneId=[1] reqId=02a2eff1-7b21-4ca2-bc1b-035524d60d02
2026-08-25T05:45:10 GET /api/v1/banners?featured=1 -> 200 moduleId=<absent> zoneId=[1] reqId=a1538a94-bc3c-4d3f-9ee1-73dbb9fa5f39
2026-08-25T05:45:11 GET /api/v1/module -> 200 moduleId=2 zoneId=[1] reqId=648d700f-0e2c-467f-ad48-44076fa5fb85
2026-08-25T05:45:11 GET /api/v1/customer/notifications -> 200 moduleId=2 zoneId=[1] reqId=4caf911e-bc8c-4f23-adfc-bca02499cc8f
2026-08-25T05:45:11 GET /api/v1/coupon/list -> 200 moduleId=2 zoneId=[1] reqId=238dffae-a6a2-4dcc-8a3d-e4093b73936d
2026-08-25T05:45:11 GET /api/v1/customer/address/list -> 200 moduleId=2 zoneId=[1] reqId=8fc444be-8b1e-4762-84db-b4778789a91c
