149:2026-08-25T03:43:22 GET / moduleId=<absent> zoneId=<absent>
150:2026-08-25T03:43:24 POST /api/v1/auth/login moduleId=<absent> zoneId=
151:2026-08-25T03:43:25 POST /api/v1/customer/cm-firebase-token moduleId=<absent> zoneId=
152:2026-08-25T03:43:26 GET / moduleId=<absent> zoneId=<absent>
153:2026-08-25T03:43:26 POST /api/v1/auth/token/refresh moduleId=<absent> zoneId=
154:2026-08-25T03:43:28 POST /api/v1/customer/cm-firebase-token moduleId=<absent> zoneId=
155:2026-08-25T03:43:29 GET /api/v1/customer/cart/list moduleId=1 zoneId=<absent>
156:2026-08-25T03:43:29 GET /api/v1/customer/info moduleId=<absent> zoneId=
157:2026-08-25T03:43:33 GET /api/v1/config/geocode-api?lat=24.4499983&lng=54.4249983 moduleId=<absent> zoneId=
158:2026-08-25T03:43:34 GET /api/v1/config/get-zone-id?lat=24.4499983&lng=54.4249983 moduleId=<absent> zoneId=
159:2026-08-25T03:43:35 GET /api/v1/config/get-zone-id?lat=24.4499983&lng=54.4249983 moduleId=<absent> zoneId=
160:2026-08-25T03:43:36 GET /api/v1/customer/cart/list moduleId=1 zoneId=<absent>
161:2026-08-25T03:43:36 GET /api/v1/customer/update-zone moduleId=1 zoneId=[2]
162:2026-08-25T03:43:36 GET /api/v1/customer/order/payment-failed moduleId=1 zoneId=[2]
163:2026-08-25T03:43:36 GET /api/v1/config/get-zone-id?lat=24.4499983&lng=54.4249983 moduleId=1 zoneId=[2]
164:2026-08-25T03:43:36 GET /api/v1/customer/order/running-orders?offset=1&limit=50 moduleId=1 zoneId=[2]
165:2026-08-25T03:43:36 GET /api/v1/config/get-zone-id?lat=24.4499983&lng=54.4249983 moduleId=1 zoneId=[2]
166:2026-08-25T03:43:36 GET /api/v1/config moduleId=1 zoneId=[2]
167:2026-08-25T03:43:38 GET /api/v1/customer/info moduleId=1 zoneId=[2]
168:2026-08-25T03:43:39 POST /api/v1/customer/cm-firebase-token moduleId=1 zoneId=[2]
169:2026-08-25T03:43:39 GET /api/v1/module moduleId=1 zoneId=[2]
170:2026-08-25T03:43:39 GET /api/v1/config/get-zone-id?lat=24.4499983&lng=54.4249983 moduleId=1 zoneId=[2]
171:2026-08-25T03:43:40 GET /api/v1/stores/get-stores/all?featured=1&offset=1&limit=50 moduleId=<absent> zoneId=[2]
172:2026-08-25T03:43:40 GET /api/v1/banners?featured=1 moduleId=<absent> zoneId=[2]
173:2026-08-25T03:43:40 GET /api/v1/module moduleId=1 zoneId=[2]
174:2026-08-25T03:43:40 GET /api/v1/customer/address/list moduleId=1 zoneId=[2]
175:2026-08-25T03:43:40 GET /api/v1/customer/notifications moduleId=1 zoneId=[2]
176:2026-08-25T03:43:40 GET /api/v1/coupon/list moduleId=1 zoneId=[2]
177:2026-08-25T03:43:41 GET /api/v1/customer/order/running-orders?offset=1&limit=50 moduleId=1 zoneId=[2]
178:2026-08-25T03:43:42 GET /api/v1/config/get-zone-id?lat=24.4499983&lng=54.4249983 moduleId=1 zoneId=[2]
179:2026-08-25T03:43:42 GET /api/v1/customer/order/payment-failed moduleId=1 zoneId=[2]
180:2026-08-25T03:43:46 GET /api/v1/customer/info moduleId=1 zoneId=[2]
181:2026-08-25T03:43:47 GET /api/v1/banners?featured=1 moduleId=<absent> zoneId=[2]
182:2026-08-25T03:43:47 GET /api/v1/stores/get-stores/all?featured=1&offset=1&limit=50 moduleId=<absent> zoneId=[2]
183:2026-08-25T03:43:47 GET /api/v1/module moduleId=1 zoneId=[2]
184:2026-08-25T03:43:47 GET /api/v1/customer/address/list moduleId=1 zoneId=[2]
185:2026-08-25T03:43:47 GET /api/v1/coupon/list moduleId=1 zoneId=[2]
186:2026-08-25T03:43:47 GET / moduleId=<absent> zoneId=<absent>
187:2026-08-25T03:43:47 GET / moduleId=<absent> zoneId=<absent>
--- preceded by [NET]/analytics logcat ---

Context: michael.brown@demo.com logged out (module in-memory cleared to null),
then re-reached Sign-In WITHOUT picking a module, logged back in (remember-me ON).
Login at 03:43:24 -> 200 at 03:43:25. Immediately following requests (moduleId=1)
correctly carry A's OWN scoped cached module (Grocery & Food, id 1) -- confirms
AC2 continuity AND validates the F1/F2 fix (storeToken-before-updateHeader
ordering): pre-fix this would have resolved the GUEST bucket instead.
