2026-08-24T16:53:54 GET /api/v1/config -> 200 moduleId=1 zoneId=<absent> reqId=<absent>
2026-08-24T16:54:01 GET /api/v1/customer/cart/list -> 200 moduleId=4 zoneId=<absent> reqId=c64bc1f2-6098-4dd8-b72e-0f596c7fcf2e
2026-08-24T16:54:02 GET /api/v1/config/get-zone-id?lat=25.1&lng=55.1499983 -> 200 moduleId=4 zoneId=[3] reqId=75547ba9-273a-416f-bfb6-a165737293f2
2026-08-24T16:54:02 GET /api/v1/module -> 200 moduleId=4 zoneId=[3] reqId=9877624f-c7df-47e6-9681-738d3eff5f0f
2026-08-24T16:54:02 GET /api/v1/config -> 200 moduleId=4 zoneId=[3] reqId=2e273b7c-6f57-445c-a498-851a99c94c95
2026-08-24T16:54:02 POST /api/v1/customer/cm-firebase-token -> 200 moduleId=4 zoneId=[3] reqId=f6f1e374-ea5b-49f2-9ab5-2690eee0e0be
2026-08-24T16:54:02 GET /api/v1/cashback/list -> 200 moduleId=4 zoneId=[3] reqId=0aab8329-547b-4ea2-a767-1eb2c9ce4c33
2026-08-24T16:54:03 GET /api/v1/customer/wish-list -> 200 moduleId=4 zoneId=[3] reqId=b5f88487-a900-4ee5-aca5-5f004dbc318c
2026-08-24T16:54:03 GET /api/v1/customer/cart/list -> 200 moduleId=4 zoneId=[3] reqId=549e0be1-0e5b-47be-9fca-00d3d86bcf23
2026-08-24T16:54:03 GET /api/v1/customer/cart/list -> 200 moduleId=4 zoneId=[3] reqId=b12b359c-f877-4f9b-89e8-a90537c30b00
2026-08-24T16:54:03 GET /api/v1/customer/wish-list -> 200 moduleId=4 zoneId=[3] reqId=78415f7a-9ad4-46cd-addb-99b754fb67e0
2026-08-24T16:54:03 GET /api/v1/stores/details/59 -> 200 moduleId=4 zoneId=[3] reqId=496c6ba7-f8eb-45b5-90dd-7b405b5a7740
2026-08-24T16:54:03 POST /api/v1/customer/cm-firebase-token -> 200 moduleId=4 zoneId=[3] reqId=c621ae85-be2e-4797-ad0a-c14f6f8f2198
2026-08-24T16:54:04 GET /api/v1/config/distance-api?origin_lat=25.1&origin_lng=55.1499983&destination_lat=25.1&destination_lng=55.15&mode=WALK -> 200 moduleId=4 zoneId=[3] reqId=9f529f75-6963-46f2-b59b-58900fd882d4
2026-08-24T16:54:04 GET /api/v1/categories/offers?limit=10&offset=1&store_id=59 -> 200 moduleId=4 zoneId=[3] reqId=a9bb288f-e225-4138-afbf-985b163dc3cb
2026-08-24T16:54:04 GET /api/v1/items/recommended?store_id=59&offset=1&limit=50 -> 200 moduleId=4 zoneId=[3] reqId=fcc74589-753c-4ce8-81f4-64bf4c3eb24b
2026-08-24T16:54:05 GET /api/v1/items/latest?store_id=59&category_id=0&offset=1&limit=13&type=all&filter=%5B%5D&rating_count=&min_price=&max_price= -> 200 moduleId=4 zoneId=[3] reqId=dc70c233-fd56-4b71-be7e-f2203bdae4cb
2026-08-24T16:54:05 GET /api/v1/config/get-zone-id?lat=25.1&lng=55.1499983 -> 200 moduleId=4 zoneId=[3] reqId=f7a5d144-db01-41ec-816c-b93775b94a8c
2026-08-24T16:54:05 GET /api/v1/categories -> 200 moduleId=4 zoneId=[3] reqId=792f063c-9f8f-4f77-ad0e-c84e2df0c492
2026-08-24T16:54:06 GET /api/v1/vehicle/extra_charge?distance=0.00017137267774697143 -> 200 moduleId=4 zoneId=[3] reqId=e833cf0a-cbb6-4697-8a04-d200e29bc1f2
2026-08-24T16:54:26 GET /api/v1/home/all -> 200 moduleId=4 zoneId=[3] reqId=57781f47-c248-4e83-a021-e9bf8001acef
2026-08-24T16:54:26 GET / -> 200 moduleId=<absent> zoneId=<absent> reqId=<absent>
2026-08-24T16:54:26 GET / -> 200 moduleId=<absent> zoneId=<absent> reqId=<absent>
2026-08-24T16:54:28 GET /api/v1/other-banners -> 200 moduleId=4 zoneId=[3] reqId=3066a66e-e133-4a0e-8779-e59300b38ba1
2026-08-24T16:54:28 GET /api/v1/customer/info -> 200 moduleId=4 zoneId=[3] reqId=69ed59b2-4199-4d94-b00e-ad14701bf34b
2026-08-24T16:54:28 GET /api/v1/flash-sales -> 200 moduleId=4 zoneId=[3] reqId=dec44228-0a9b-4a13-97f4-81f7ffa402ed
2026-08-24T16:54:29 GET /api/v1/items/discounted?type=all&offset=1&limit=25&min_price=0.0&max_price=9999999999.0 -> 200 moduleId=4 zoneId=[3] reqId=7f18983a-e583-48f7-99ac-6287b117f332
2026-08-24T16:54:29 GET /api/v1/items/popular?type=all&offset=1&limit=25&min_price=0.0&max_price=9999999999.0 -> 200 moduleId=4 zoneId=[3] reqId=d1e84a4c-3e4f-488f-a5b7-4e000e2fbd7f
2026-08-24T16:54:29 GET /api/v1/items/most-reviewed?type=all&offset=1&limit=25&min_price=0.0&max_price=9999999999.0 -> 200 moduleId=4 zoneId=[3] reqId=fd6d7234-ec47-427c-9357-d3a1db816ec9
2026-08-24T16:54:29 GET /api/v1/campaigns/basic -> 200 moduleId=4 zoneId=[3] reqId=edca63a4-d113-4140-92dc-0204c94416f1
2026-08-24T16:54:30 GET /api/v1/items/recommended?filter=all&limit=30 -> 200 moduleId=4 zoneId=[3] reqId=a511d098-307f-40c3-a5ac-bd82defd6974
2026-08-24T16:54:31 GET /api/v1/campaigns/item -> 200 moduleId=4 zoneId=[3] reqId=9f473d87-8de5-40c6-88b5-c73d19c9c418
2026-08-24T16:54:31 GET /api/v1/customer/order/buy-it-again?limit=25&offset=1 -> 200 moduleId=4 zoneId=[3] reqId=3f3ba0a9-02e0-44ef-8314-182c63cf6a8e
2026-08-24T16:54:32 GET /api/v1/stores/get-stores/all?store_type=all&offset=1&limit=12 -> 200 moduleId=4 zoneId=[3] reqId=3fa2f5ca-9606-46a0-857f-764533e1cb12
2026-08-24T16:54:32 GET /api/v1/advertisement/list -> 200 moduleId=4 zoneId=[3] reqId=44d77a15-214a-46f0-a403-d70f5440376f
2026-08-24T16:54:40 GET /api/v1/coupon/list -> 200 moduleId=4 zoneId=[3] reqId=56ce17bd-e5fb-4366-9518-9cef22e056b5
2026-08-24T16:54:40 GET /api/v1/customer/notifications -> 200 moduleId=4 zoneId=[3] reqId=520e7df8-fbad-4133-8ca8-7e225c0aca3a
2026-08-24T16:54:40 GET /api/v1/module -> 200 moduleId=4 zoneId=[3] reqId=136bb362-a858-4367-a73d-3e7b2b18cc65
2026-08-24T16:54:41 GET /api/v1/customer/order/buy-it-again?limit=25&offset=1 -> 200 moduleId=4 zoneId=[3] reqId=4c3f3468-2aec-45e8-8004-b885172b48e6
2026-08-24T16:54:48 GET / -> 200 moduleId=<absent> zoneId=<absent> reqId=<absent>
2026-08-24T16:54:49 GET / -> 200 moduleId=<absent> zoneId=<absent> reqId=<absent>
2026-08-24T16:55:39 GET / -> ERR:timed out moduleId=<absent> zoneId=<absent> reqId=<absent>
2026-08-24T16:55:44 GET / -> ERR:timed out moduleId=<absent> zoneId=<absent> reqId=<absent>
2026-08-24T16:56:18 GET /api/v1/customer/address/list -> ERR:timed out moduleId=4 zoneId=[3] reqId=ebea7fb9-c36b-4abd-bc89-e7b13a75068b
2026-08-24T16:56:23 GET / -> ERR:[Errno 54] Connection reset by peer moduleId=<absent> zoneId=<absent> reqId=<absent>
2026-08-24T16:56:23 GET / -> ERR:[Errno 54] Connection reset by peer moduleId=<absent> zoneId=<absent> reqId=<absent>
2026-08-24T16:56:23 GET /api/v1/config/geocode-api?lat=23.8179583&lng=90.36602 -> ERR:[Errno 54] Connection reset by peer moduleId=4 zoneId=[3] reqId=75f8a3fe-a4f1-4d22-92cf-e21d14812601
2026-08-24T16:56:25 GET /api/v1/config/get-zone-id?lat=23.8179583&lng=90.36602 -> 200 moduleId=4 zoneId=[3] reqId=1844d55a-545b-498b-8557-aa5125770718
2026-08-24T16:56:26 GET /api/v1/config/get-zone-id?lat=23.8179583&lng=90.36602 -> 200 moduleId=4 zoneId=[3] reqId=56910488-1681-4080-99cf-664a3abe159e
2026-08-24T16:56:27 GET /api/v1/config/get-zone-id?lat=23.8179583&lng=90.36602 -> 200 moduleId=4 zoneId=[3] reqId=02e08dad-697e-47b5-bf67-ba83f3728028
2026-08-24T16:56:28 GET /api/v1/customer/cart/list -> 200 moduleId=4 zoneId=[3] reqId=d983dc6d-4b68-4f89-a108-b946d03fe8a5
2026-08-24T16:56:28 GET /api/v1/module -> 200 moduleId=<absent> zoneId=[1] reqId=7ce1da03-8dfd-4ba4-97fb-1b02c47d7f6b
2026-08-24T16:56:47 GET / -> 200 moduleId=<absent> zoneId=<absent> reqId=<absent>
2026-08-24T16:56:48 GET / -> 200 moduleId=<absent> zoneId=<absent> reqId=<absent>
2026-08-24T16:56:58 GET /api/v1/customer/address/list -> 200 moduleId=<absent> zoneId=[3] reqId=021b2ac0-b39b-4122-9460-c9ba357a3ff8
2026-08-24T16:57:11 GET / -> 200 moduleId=<absent> zoneId=<absent> reqId=<absent>
2026-08-24T16:57:21 GET / -> 200 moduleId=<absent> zoneId=<absent> reqId=<absent>
2026-08-24T16:57:37 GET /api/v1/config/get-zone-id?lat=25.1&lng=55.15 -> 200 moduleId=<absent> zoneId=[3] reqId=52fd1bf1-9d55-4547-8822-d0cc42a94531
2026-08-24T16:57:37 GET /api/v1/config/get-zone-id?lat=25.1&lng=55.15 -> 200 moduleId=<absent> zoneId=[3] reqId=0eda0f80-472d-4464-b59f-270d9b010dc8
2026-08-24T16:57:37 GET /api/v1/config -> 200 moduleId=<absent> zoneId=[3] reqId=d3fc2d74-ddfd-422d-91d3-04eef50ba885
2026-08-24T16:57:38 GET /api/v1/customer/order/payment-failed -> 200 moduleId=<absent> zoneId=[3] reqId=4d3383c8-1a19-4383-ba16-74b0ac9046f9
2026-08-24T16:57:38 GET /api/v1/customer/order/running-orders?offset=1&limit=50 -> 200 moduleId=<absent> zoneId=[3] reqId=68f3a4af-27f1-4377-ac1b-326df4bf95da
2026-08-24T16:57:38 GET /api/v1/customer/update-zone -> 200 moduleId=<absent> zoneId=[3] reqId=fef81179-6be2-4a72-99d9-1f8863f24cf8
2026-08-24T16:57:38 GET /api/v1/customer/info -> 200 moduleId=<absent> zoneId=[3] reqId=3aeb14bb-af5f-4510-9cc6-f09f13555453
2026-08-24T16:57:38 POST /api/v1/customer/cm-firebase-token -> 200 moduleId=<absent> zoneId=[3] reqId=2986d8b0-7f8d-4e0a-a11a-3d3a1dd530cd
2026-08-24T16:57:38 GET /api/v1/stores/get-stores/all?featured=1&offset=1&limit=50 -> 200 moduleId=<absent> zoneId=[3] reqId=3df77375-059c-49d4-b7b6-89b51f3ba276
2026-08-24T16:57:38 GET /api/v1/module -> 200 moduleId=<absent> zoneId=[3] reqId=936d42e8-266e-498c-ac0c-69638847e845
2026-08-24T16:57:38 GET /api/v1/customer/address/list -> 200 moduleId=<absent> zoneId=[3] reqId=b4064bfc-2889-43b9-8b0f-e296a90451ac
2026-08-24T16:57:38 GET /api/v1/coupon/list -> 200 moduleId=<absent> zoneId=[3] reqId=0492b4cc-2c66-40c9-9f3c-66344dcb7496
2026-08-24T16:57:39 GET /api/v1/banners?featured=1 -> 200 moduleId=<absent> zoneId=[3] reqId=57268f08-545a-4827-b701-38584dbf2c01
2026-08-24T16:57:39 GET /api/v1/customer/notifications -> 200 moduleId=<absent> zoneId=[3] reqId=5b7a14ca-b6ea-4818-a904-f033a154a2c8
2026-08-24T16:57:40 GET / -> 200 moduleId=<absent> zoneId=<absent> reqId=<absent>
2026-08-24T16:57:45 GET / -> 200 moduleId=<absent> zoneId=<absent> reqId=<absent>
2026-08-24T16:57:51 GET /api/v1/config/get-zone-id?lat=25.1&lng=55.15 -> 200 moduleId=4 zoneId=[3] reqId=436c7593-ce8d-40c6-993d-3f7ead5c3331
2026-08-24T16:57:51 GET /api/v1/stores/tower?tower_name=Tower%20A&offset=1&limit=25 -> 200 moduleId=4 zoneId=[3] reqId=a9e84270-14bb-4093-8399-18ce970c0946
2026-08-24T16:57:51 GET /api/v1/stores/details/59 -> 200 moduleId=4 zoneId=[3] reqId=300f9b74-5f3a-4d33-808c-1bcde9c2e563
2026-08-24T16:57:52 GET /api/v1/customer/cart/list -> 200 moduleId=4 zoneId=[3] reqId=860b85ab-22ac-4c00-a49e-22ad09b7a2bb
2026-08-24T16:57:52 GET /api/v1/customer/cart/list -> 200 moduleId=4 zoneId=[3] reqId=57641277-15a9-4253-bd69-97a543fa4ea0
2026-08-24T16:57:52 GET /api/v1/cashback/list -> 200 moduleId=4 zoneId=[3] reqId=7c558687-8428-4913-ac36-51a352539330
2026-08-24T16:57:52 GET /api/v1/customer/wish-list -> 200 moduleId=4 zoneId=[3] reqId=92222388-1b3a-485a-9dad-aee4202382a3
2026-08-24T16:57:52 GET /api/v1/cashback/list -> 200 moduleId=4 zoneId=[3] reqId=ef795a26-bd6c-4637-88d4-b96335894b29
2026-08-24T16:57:52 GET /api/v1/home/all -> 200 moduleId=4 zoneId=[3] reqId=b17114fb-e1a9-48ca-8259-129c57fa2ab9
2026-08-24T16:57:53 GET /api/v1/advertisement/list -> 200 moduleId=4 zoneId=[3] reqId=535318fd-bf11-47cb-a5ed-ec2aa20fcc04
2026-08-24T16:57:53 GET /api/v1/stores/get-stores/all?store_type=all&offset=1&limit=12 -> 200 moduleId=4 zoneId=[3] reqId=747b98b4-4474-4e4a-a9e3-6cf6b2f7de51
2026-08-24T16:57:53 GET /api/v1/campaigns/item -> 200 moduleId=4 zoneId=[3] reqId=c5dd851b-a951-4898-9feb-59fdf00a0254
2026-08-24T16:57:53 GET /api/v1/items/most-reviewed?type=all&offset=1&limit=25&min_price=0.0&max_price=9999999999.0 -> 200 moduleId=4 zoneId=[3] reqId=a20db9df-c8d5-49f3-afe0-4a5332e6eb3d
2026-08-24T16:57:53 GET /api/v1/items/recommended?filter=all&limit=30 -> 200 moduleId=4 zoneId=[3] reqId=612dea93-183e-4eb2-b7c7-7dc521e725ed
2026-08-24T16:57:53 GET /api/v1/campaigns/basic -> 200 moduleId=4 zoneId=[3] reqId=24293a52-a23b-4817-bef2-07fa99af3e55
2026-08-24T16:57:53 GET /api/v1/items/popular?type=all&offset=1&limit=25&min_price=0.0&max_price=9999999999.0 -> 200 moduleId=4 zoneId=[3] reqId=df33f631-f5cd-4c08-9a53-ed79490848da
2026-08-24T16:57:54 GET /api/v1/items/discounted?type=all&offset=1&limit=25&min_price=0.0&max_price=9999999999.0 -> 200 moduleId=4 zoneId=[3] reqId=b8ce60b0-637c-474d-a812-912a3edd3e72
2026-08-24T16:57:54 GET /api/v1/flash-sales -> 200 moduleId=4 zoneId=[3] reqId=31ba9f14-1385-4472-b999-d59aca4823b8
2026-08-24T16:57:54 GET /api/v1/customer/info -> 200 moduleId=4 zoneId=[3] reqId=9573c9a5-0981-4fe5-bef6-87dd35b309ff
2026-08-24T16:57:54 GET /api/v1/other-banners -> 200 moduleId=4 zoneId=[3] reqId=7f76440c-6e27-448d-aebc-4f800c09c5d5
2026-08-24T16:57:54 GET /api/v1/customer/order/buy-it-again?limit=25&offset=1 -> 200 moduleId=4 zoneId=[3] reqId=0596b3dc-b05d-45e5-881e-eab73beb7f94
2026-08-24T16:57:54 GET /api/v1/module -> 200 moduleId=4 zoneId=[3] reqId=6189d569-0a4f-4ac3-97b7-914a17b6b159
2026-08-24T16:57:54 GET /api/v1/customer/notifications -> 200 moduleId=4 zoneId=[3] reqId=1fdb60b6-067c-4fbc-bff7-6fcdc5ee8715
2026-08-24T16:57:55 GET /api/v1/coupon/list -> 200 moduleId=4 zoneId=[3] reqId=011bf321-3ce0-4569-80e8-03e2bba08c26
2026-08-24T16:58:11 GET / -> 200 moduleId=<absent> zoneId=<absent> reqId=<absent>
2026-08-24T16:58:14 GET / -> 200 moduleId=<absent> zoneId=<absent> reqId=<absent>
2026-08-24T16:58:19 GET /api/v1/config/get-zone-id?lat=25.1&lng=55.15 -> 200 moduleId=4 zoneId=[3] reqId=bc883d3b-d11b-4924-b050-a950077c52eb
2026-08-24T16:58:19 GET /api/v1/stores/tower?tower_name=Tower%20A&offset=1&limit=25 -> 200 moduleId=4 zoneId=[3] reqId=ba60d5e9-540a-4677-99b7-e829e8c1b78a
2026-08-24T16:58:19 GET /api/v1/config/get-zone-id?lat=25.1&lng=55.15 -> 200 moduleId=4 zoneId=[3] reqId=e7a2dff6-f538-4e3e-862d-a56a7ab74a33
2026-08-24T16:58:19 GET /api/v1/customer/order/payment-failed -> 200 moduleId=4 zoneId=[3] reqId=aea995ac-7a39-4017-b71d-80fa820c5a11
2026-08-24T16:58:19 GET /api/v1/customer/order/running-orders?offset=1&limit=50 -> 200 moduleId=4 zoneId=[3] reqId=f187a2b2-1f1f-4ceb-ba76-209a5eb6628d
2026-08-24T16:58:20 GET /api/v1/home/all -> 200 moduleId=4 zoneId=[3] reqId=95c622f6-795e-447f-b68e-f4c9df3c1974
2026-08-24T16:58:20 GET /api/v1/advertisement/list -> 200 moduleId=4 zoneId=[3] reqId=a7634bc4-5b12-44eb-8483-8c0996be3fb5
2026-08-24T16:58:21 GET /api/v1/stores/get-stores/all?store_type=all&offset=1&limit=12 -> 200 moduleId=4 zoneId=[3] reqId=79c6cf54-c49a-4204-b1a3-a5d8ad0bb167
2026-08-24T16:58:21 GET /api/v1/customer/order/buy-it-again?limit=25&offset=1 -> 200 moduleId=4 zoneId=[3] reqId=0168d8fe-60d5-4306-a23d-cc0b34607935
2026-08-24T16:58:21 GET /api/v1/items/most-reviewed?type=all&offset=1&limit=25&min_price=0.0&max_price=9999999999.0 -> 200 moduleId=4 zoneId=[3] reqId=a7dc3dd2-11b4-4faf-9075-6bc503f97bc6
2026-08-24T16:58:21 GET /api/v1/items/popular?type=all&offset=1&limit=25&min_price=0.0&max_price=9999999999.0 -> 200 moduleId=4 zoneId=[3] reqId=7c0f3f2e-2d39-4580-85a7-e48b6836cd12
2026-08-24T16:58:21 GET /api/v1/items/discounted?type=all&offset=1&limit=25&min_price=0.0&max_price=9999999999.0 -> 200 moduleId=4 zoneId=[3] reqId=cf2e3005-eaf4-42bb-a392-abcd2a282787
2026-08-24T16:58:21 GET /api/v1/customer/info -> 200 moduleId=4 zoneId=[3] reqId=83d77a29-f606-4f54-8701-a8d11f6b4f35
2026-08-24T16:58:21 GET /api/v1/customer/order/buy-it-again?limit=25&offset=1 -> 200 moduleId=4 zoneId=[3] reqId=c5850676-31b6-4ab9-a5ca-59ad4be3450a
2026-08-24T16:58:21 GET /api/v1/coupon/list -> 200 moduleId=4 zoneId=[3] reqId=10b085ee-32d3-4380-b03a-07f13a2e95bd
2026-08-24T16:58:21 GET /api/v1/module -> 200 moduleId=4 zoneId=[3] reqId=a2d3883a-34c8-4dd0-b404-d086fcfd633c
2026-08-24T16:58:36 GET / -> 200 moduleId=<absent> zoneId=<absent> reqId=<absent>
2026-08-24T16:59:09 GET / -> ERR:timed out moduleId=<absent> zoneId=<absent> reqId=<absent>
2026-08-24T16:59:24 GET / -> ERR:[Errno 54] Connection reset by peer moduleId=<absent> zoneId=<absent> reqId=<absent>
2026-08-24T16:59:34 GET / -> ERR:<urlopen error [Errno 61] Connection refused> moduleId=<absent> zoneId=<absent> reqId=<absent>
2026-08-24T16:59:49 GET / -> 200 moduleId=<absent> zoneId=<absent> reqId=<absent>
2026-08-24T16:59:55 GET / -> 200 moduleId=<absent> zoneId=<absent> reqId=<absent>
2026-08-24T17:00:35 GET / -> ERR:timed out moduleId=<absent> zoneId=<absent> reqId=<absent>
2026-08-24T17:00:46 GET /api/v1/module -> ERR:timed out moduleId=4 zoneId=[3] reqId=2872bf45-d7e6-4032-82fb-884e06742bc6
2026-08-24T17:00:48 GET / -> ERR:timed out moduleId=<absent> zoneId=<absent> reqId=<absent>
2026-08-24T17:00:53 GET /api/v1/stores/tower?tower_name=Tower%20A&offset=1&limit=25 -> ERR:[Errno 54] Connection reset by peer moduleId=4 zoneId=[3] reqId=875b87af-6a6f-42a7-a432-80966c4c6795
2026-08-24T17:00:53 GET /api/v1/config/get-zone-id?lat=25.1&lng=55.15 -> ERR:[Errno 54] Connection reset by peer moduleId=4 zoneId=[3] reqId=f689e7e3-4803-492d-9cbd-79f7a79424a4
2026-08-24T17:00:53 GET /api/v1/customer/order/payment-failed -> ERR:[Errno 54] Connection reset by peer moduleId=4 zoneId=[3] reqId=5a486eab-bc96-4062-864b-96aa1c213c79
2026-08-24T17:00:53 GET /api/v1/customer/order/running-orders?offset=1&limit=50 -> ERR:[Errno 54] Connection reset by peer moduleId=4 zoneId=[3] reqId=074f0d73-9611-4af6-a4e9-a6fdf224a358
2026-08-24T17:00:53 GET /api/v1/config/get-zone-id?lat=25.1&lng=55.15 -> ERR:[Errno 54] Connection reset by peer moduleId=4 zoneId=[3] reqId=7eaa94d8-3e9e-44ec-9917-c900b6844623
2026-08-24T17:00:53 GET /api/v1/home/all -> ERR:<urlopen error [Errno 61] Connection refused> moduleId=4 zoneId=[3] reqId=763ec888-8182-4012-8107-5cc9794217cc
2026-08-24T17:00:53 GET /api/v1/stores/get-stores/all?store_type=all&offset=1&limit=12 -> ERR:<urlopen error [Errno 61] Connection refused> moduleId=4 zoneId=[3] reqId=8a62ddeb-0c83-4f02-9d9b-ae7d030a8bb4
2026-08-24T17:00:53 GET /api/v1/items/most-reviewed?type=all&offset=1&limit=25&min_price=0.0&max_price=9999999999.0 -> ERR:<urlopen error [Errno 61] Connection refused> moduleId=4 zoneId=[3] reqId=d1819591-d128-4f67-98a6-e48b576de871
2026-08-24T17:00:53 GET /api/v1/advertisement/list -> ERR:<urlopen error [Errno 61] Connection refused> moduleId=4 zoneId=[3] reqId=73491bbf-b250-4a12-9ae6-03de002b78d6
2026-08-24T17:00:53 GET /api/v1/customer/order/buy-it-again?limit=25&offset=1 -> ERR:<urlopen error [Errno 61] Connection refused> moduleId=4 zoneId=[3] reqId=c32ae62d-b3fc-4d03-a1fc-86ab6050b806
2026-08-24T17:00:53 GET /api/v1/items/popular?type=all&offset=1&limit=25&min_price=0.0&max_price=9999999999.0 -> ERR:<urlopen error [Errno 61] Connection refused> moduleId=4 zoneId=[3] reqId=5c11407a-d3b5-4d51-bdcd-5ec4aaf15c75
2026-08-24T17:00:53 GET /api/v1/stores/recommended -> ERR:<urlopen error [Errno 61] Connection refused> moduleId=4 zoneId=[3] reqId=7c7a917a-9e1a-4453-a345-a12b40b4b7af
2026-08-24T17:00:53 GET /api/v1/items/discounted?type=all&offset=1&limit=25&min_price=0.0&max_price=9999999999.0 -> ERR:<urlopen error [Errno 61] Connection refused> moduleId=4 zoneId=[3] reqId=8bb156f8-1b55-4062-9387-52eabeace655
2026-08-24T17:00:53 GET /api/v1/customer/info -> ERR:<urlopen error [Errno 61] Connection refused> moduleId=4 zoneId=[3] reqId=3604c704-57e3-445b-ad03-bccaf63d24d8
2026-08-24T17:00:54 GET /api/v1/module -> ERR:<urlopen error [Errno 61] Connection refused> moduleId=4 zoneId=[3] reqId=edcd4eb3-691f-44f0-b997-43c0392122c4
2026-08-24T17:00:54 GET /api/v1/coupon/list -> ERR:<urlopen error [Errno 61] Connection refused> moduleId=4 zoneId=[3] reqId=7c2c436e-3077-4880-be85-8754044ed705
2026-08-24T17:00:54 GET /api/v1/customer/order/buy-it-again?limit=25&offset=1 -> ERR:<urlopen error [Errno 61] Connection refused> moduleId=4 zoneId=[3] reqId=87925451-8b71-4436-9ce9-49e3464a2223
2026-08-24T17:00:58 GET / -> ERR:<urlopen error [Errno 61] Connection refused> moduleId=<absent> zoneId=<absent> reqId=<absent>
2026-08-24T17:01:11 GET / -> 200 moduleId=<absent> zoneId=<absent> reqId=<absent>
2026-08-24T17:01:15 GET / -> 200 moduleId=<absent> zoneId=<absent> reqId=<absent>
2026-08-24T17:01:31 GET / -> 200 moduleId=<absent> zoneId=<absent> reqId=<absent>
2026-08-24T17:01:37 GET /api/v1/config -> 200 moduleId=<absent> zoneId=<absent> reqId=<absent>
2026-08-24T17:01:40 GET / -> 200 moduleId=<absent> zoneId=<absent> reqId=<absent>
2026-08-24T17:01:41 GET /api/v1/config/get-zone-id?lat=25.1&lng=55.15 -> 200 moduleId=4 zoneId=[3] reqId=a3960f2d-b9fd-4787-8adf-cf310a9daeb2
2026-08-24T17:01:41 GET /api/v1/stores/tower?tower_name=Tower%20A&offset=1&limit=25 -> 200 moduleId=4 zoneId=[3] reqId=91cd97b6-b509-4244-8cbc-f8680b52ef72
2026-08-24T17:01:41 GET /api/v1/config/get-zone-id?lat=25.1&lng=55.15 -> 200 moduleId=4 zoneId=[3] reqId=fe6191d1-2361-4e04-b1a5-afc19647162a
2026-08-24T17:01:41 GET /api/v1/customer/order/running-orders?offset=1&limit=50 -> 200 moduleId=4 zoneId=[3] reqId=420f7b63-df8b-436d-ad6a-d6d8d83cd736
2026-08-24T17:01:41 GET /api/v1/customer/order/payment-failed -> 200 moduleId=4 zoneId=[3] reqId=99c356a4-2dd6-431f-9793-ebf60d5c0095
2026-08-24T17:01:41 GET /api/v1/home/all -> 200 moduleId=4 zoneId=[3] reqId=82a13c58-713d-462d-b821-001ae79d9c81
2026-08-24T17:01:42 GET /api/v1/advertisement/list -> 200 moduleId=4 zoneId=[3] reqId=5d8d5bac-5465-4a1a-8f63-eaff8fb61c25
2026-08-24T17:01:42 GET /api/v1/stores/get-stores/all?store_type=all&offset=1&limit=12 -> 200 moduleId=4 zoneId=[3] reqId=1d76cf23-b82d-44e7-aea2-0a0bf12cef61
2026-08-24T17:01:42 GET /api/v1/customer/order/buy-it-again?limit=25&offset=1 -> 200 moduleId=4 zoneId=[3] reqId=f88258ef-7c92-4724-95f5-ecc03bcb0ee8
2026-08-24T17:01:42 GET /api/v1/items/most-reviewed?type=all&offset=1&limit=25&min_price=0.0&max_price=9999999999.0 -> 200 moduleId=4 zoneId=[3] reqId=13406b74-4818-4148-b7ee-4dea0f613b67
2026-08-24T17:01:42 GET /api/v1/items/popular?type=all&offset=1&limit=25&min_price=0.0&max_price=9999999999.0 -> 200 moduleId=4 zoneId=[3] reqId=ceff0e53-6b8e-4773-b1ce-7295c044916f
2026-08-24T17:01:42 GET /api/v1/items/discounted?type=all&offset=1&limit=25&min_price=0.0&max_price=9999999999.0 -> 200 moduleId=4 zoneId=[3] reqId=03c69f06-62ef-417d-ae37-adb25cb97e00
2026-08-24T17:01:42 GET /api/v1/customer/info -> 200 moduleId=4 zoneId=[3] reqId=abbf9d11-a581-4f56-b24f-306069c9a578
2026-08-24T17:01:42 GET /api/v1/customer/order/buy-it-again?limit=25&offset=1 -> 200 moduleId=4 zoneId=[3] reqId=5926f628-b541-422e-8a33-ec5b1fdb0d6e
2026-08-24T17:01:42 GET /api/v1/module -> 200 moduleId=4 zoneId=[3] reqId=d63c2710-45c7-4fcc-a8e0-ac7136289445
2026-08-24T17:01:43 GET /api/v1/coupon/list -> 200 moduleId=4 zoneId=[3] reqId=6e2c8db8-f797-4f47-87ca-9a47d0a9729e
2026-08-24T17:01:51 GET / -> 200 moduleId=<absent> zoneId=<absent> reqId=<absent>
2026-08-24T17:01:51 GET / -> ERR:[Errno 54] Connection reset by peer moduleId=<absent> zoneId=<absent> reqId=<absent>
2026-08-24T17:01:59 GET / -> 200 moduleId=<absent> zoneId=<absent> reqId=<absent>
2026-08-24T17:02:18 GET / -> 200 moduleId=<absent> zoneId=<absent> reqId=<absent>
2026-08-24T17:02:29 GET / -> 200 moduleId=<absent> zoneId=<absent> reqId=<absent>
2026-08-24T17:02:29 GET /api/v1/module -> 200 moduleId=4 zoneId=[3] reqId=f03f0f4d-2277-40f6-9960-2ead41830e3d
2026-08-24T17:02:30 GET /api/v1/config/get-zone-id?lat=25.1&lng=55.15 -> 200 moduleId=<absent> zoneId=[3] reqId=bd21ad5a-dd72-41e9-b900-508ff0678339
2026-08-24T17:02:31 GET /api/v1/config/get-zone-id?lat=25.1&lng=55.15 -> 200 moduleId=<absent> zoneId=[3] reqId=f59effac-8219-4b1c-81f4-362d009e99a4
2026-08-24T17:02:31 GET /api/v1/config/get-zone-id?lat=25.1&lng=55.15 -> 200 moduleId=<absent> zoneId=[3] reqId=b242e47b-7dc2-440f-a566-bb25448a022d
2026-08-24T17:02:31 GET /api/v1/customer/order/running-orders?offset=1&limit=50 -> 200 moduleId=<absent> zoneId=[3] reqId=1d8eba88-0a56-4778-b750-c5eb4f3de276
2026-08-24T17:02:31 GET /api/v1/customer/order/payment-failed -> 200 moduleId=<absent> zoneId=[3] reqId=d880ddc0-afbd-4190-8f18-90a21f7296f3
2026-08-24T17:02:31 GET /api/v1/customer/order/payment-failed -> 200 moduleId=<absent> zoneId=[3] reqId=7abd9b77-5859-451b-893e-c64ede4f5d87
2026-08-24T17:02:31 GET /api/v1/customer/order/running-orders?offset=1&limit=50 -> 200 moduleId=<absent> zoneId=[3] reqId=2d54766f-9d8d-4ede-9b7e-03e54a12ec02
2026-08-24T17:02:31 GET /api/v1/customer/info -> 200 moduleId=<absent> zoneId=[3] reqId=b0612cc8-d087-443a-a086-503691cefe66
2026-08-24T17:02:32 GET /api/v1/stores/get-stores/all?featured=1&offset=1&limit=50 -> 200 moduleId=<absent> zoneId=[3] reqId=23eb7f9f-535f-4a48-a79a-3d0cf76eeeeb
2026-08-24T17:02:32 GET /api/v1/customer/address/list -> 200 moduleId=<absent> zoneId=[3] reqId=4d4d2443-0d17-4e9c-b5e3-4971dbb069d2
2026-08-24T17:02:32 GET /api/v1/coupon/list -> 200 moduleId=<absent> zoneId=[3] reqId=0d216891-b4c4-4506-8d48-e5b286788fea
2026-08-24T17:02:32 GET /api/v1/banners?featured=1 -> 200 moduleId=<absent> zoneId=[3] reqId=697de86d-22e7-4f3b-8b95-f6985cc2a077
2026-08-24T17:02:32 GET /api/v1/module -> 200 moduleId=<absent> zoneId=[3] reqId=6655f22f-09ce-42a6-99bf-645bcd26fcb9
2026-08-24T17:02:46 GET / -> 200 moduleId=<absent> zoneId=<absent> reqId=<absent>
2026-08-24T17:02:56 GET / -> 200 moduleId=<absent> zoneId=<absent> reqId=<absent>
