2026-08-25T03:45:33 POST /api/v1/auth/login moduleId=<absent> zoneId=
2026-08-25T03:45:34 GET / moduleId=<absent> zoneId=<absent>
2026-08-25T03:45:34 POST /api/v1/customer/cm-firebase-token moduleId=<absent> zoneId=
2026-08-25T03:45:34 POST /api/v1/auth/token/refresh moduleId=<absent> zoneId=
2026-08-25T03:45:35 POST /api/v1/customer/cm-firebase-token moduleId=<absent> zoneId=
2026-08-25T03:45:36 GET /api/v1/customer/cart/list moduleId=1 zoneId=<absent>
2026-08-25T03:45:36 GET /api/v1/customer/info moduleId=<absent> zoneId=
2026-08-25T03:45:41 GET /api/v1/config/geocode-api?lat=24.4499983&lng=54.4249983 moduleId=<absent> zoneId=
2026-08-25T03:45:42 GET /api/v1/config/get-zone-id?lat=24.4499983&lng=54.4249983 moduleId=<absent> zoneId=
2026-08-25T03:45:43 GET /api/v1/config/get-zone-id?lat=24.4499983&lng=54.4249983 moduleId=<absent> zoneId=
2026-08-25T03:45:44 GET /api/v1/config moduleId=<absent> zoneId=[2]
2026-08-25T03:45:44 GET /api/v1/config/get-zone-id?lat=24.4499983&lng=54.4249983 moduleId=<absent> zoneId=[2]
2026-08-25T03:45:44 GET /api/v1/customer/update-zone moduleId=<absent> zoneId=[2]
2026-08-25T03:45:44 GET /api/v1/customer/cart/list moduleId=1 zoneId=<absent>
2026-08-25T03:45:44 GET /api/v1/customer/order/running-orders?offset=1&limit=50 moduleId=<absent> zoneId=[2]
2026-08-25T03:45:44 GET /api/v1/config/get-zone-id?lat=24.4499983&lng=54.4249983 moduleId=<absent> zoneId=[2]
2026-08-25T03:45:44 GET /api/v1/customer/order/payment-failed moduleId=<absent> zoneId=[2]
2026-08-25T03:45:44 POST /api/v1/customer/cm-firebase-token moduleId=<absent> zoneId=[2]
2026-08-25T03:45:44 GET /api/v1/customer/info moduleId=<absent> zoneId=[2]
2026-08-25T03:45:47 GET /api/v1/stores/get-stores/all?featured=1&offset=1&limit=50 moduleId=<absent> zoneId=[2]
