2026-08-24T16:53:54 GET /api/v1/config -> 200 moduleId=1 zoneId=<absent> reqId=<absent>
2026-08-24T16:54:01 GET /api/v1/customer/cart/list -> 200 moduleId=4 zoneId=<absent> reqId=c64bc1f2-6098-4dd8-b72e-0f596c7fcf2e
2026-08-24T16:54:02 GET /api/v1/config/get-zone-id?lat=25.1&lng=55.1499983 -> 200 moduleId=4 zoneId=[3] reqId=75547ba9-273a-416f-bfb6-a165737293f2
2026-08-24T16:54:02 GET /api/v1/module -> 200 moduleId=4 zoneId=[3] reqId=9877624f-c7df-47e6-9681-738d3eff5f0f
2026-08-24T16:54:02 GET /api/v1/config -> 200 moduleId=4 zoneId=[3] reqId=2e273b7c-6f57-445c-a498-851a99c94c95
2026-08-24T16:54:02 POST /api/v1/customer/cm-firebase-token -> 200 moduleId=4 zoneId=[3] reqId=f6f1e374-ea5b-49f2-9ab5-2690eee0e0be
2026-08-24T16:54:02 GET /api/v1/cashback/list -> 200 moduleId=4 zoneId=[3] reqId=0aab8329-547b-4ea2-a767-1eb2c9ce4c33
2026-08-24T16:54:03 GET /api/v1/customer/wish-list -> 200 moduleId=4 zoneId=[3] reqId=b5f88487-a900-4ee5-aca5-5f004dbc318c
2026-08-24T16:54:03 GET /api/v1/customer/cart/list -> 200 moduleId=4 zoneId=[3] reqId=549e0be1-0e5b-47be-9fca-00d3d86bcf23
2026-08-24T16:54:03 GET /api/v1/customer/cart/list -> 200 moduleId=4 zoneId=[3] reqId=b12b359c-f877-4f9b-89e8-a90537c30b00
2026-08-24T16:54:03 GET /api/v1/customer/wish-list -> 200 moduleId=4 zoneId=[3] reqId=78415f7a-9ad4-46cd-addb-99b754fb67e0
2026-08-24T16:54:03 GET /api/v1/stores/details/59 -> 200 moduleId=4 zoneId=[3] reqId=496c6ba7-f8eb-45b5-90dd-7b405b5a7740
2026-08-24T16:54:03 POST /api/v1/customer/cm-firebase-token -> 200 moduleId=4 zoneId=[3] reqId=c621ae85-be2e-4797-ad0a-c14f6f8f2198
2026-08-24T16:54:04 GET /api/v1/config/distance-api?origin_lat=25.1&origin_lng=55.1499983&destination_lat=25.1&destination_lng=55.15&mode=WALK -> 200 moduleId=4 zoneId=[3] reqId=9f529f75-6963-46f2-b59b-58900fd882d4
2026-08-24T16:54:04 GET /api/v1/categories/offers?limit=10&offset=1&store_id=59 -> 200 moduleId=4 zoneId=[3] reqId=a9bb288f-e225-4138-afbf-985b163dc3cb
2026-08-24T16:54:04 GET /api/v1/items/recommended?store_id=59&offset=1&limit=50 -> 200 moduleId=4 zoneId=[3] reqId=fcc74589-753c-4ce8-81f4-64bf4c3eb24b
2026-08-24T16:54:05 GET /api/v1/items/latest?store_id=59&category_id=0&offset=1&limit=13&type=all&filter=%5B%5D&rating_count=&min_price=&max_price= -> 200 moduleId=4 zoneId=[3] reqId=dc70c233-fd56-4b71-be7e-f2203bdae4cb
2026-08-24T16:54:05 GET /api/v1/config/get-zone-id?lat=25.1&lng=55.1499983 -> 200 moduleId=4 zoneId=[3] reqId=f7a5d144-db01-41ec-816c-b93775b94a8c
2026-08-24T16:54:05 GET /api/v1/categories -> 200 moduleId=4 zoneId=[3] reqId=792f063c-9f8f-4f77-ad0e-c84e2df0c492
2026-08-24T16:54:06 GET /api/v1/vehicle/extra_charge?distance=0.00017137267774697143 -> 200 moduleId=4 zoneId=[3] reqId=e833cf0a-cbb6-4697-8a04-d200e29bc1f2
2026-08-24T16:54:26 GET /api/v1/home/all -> 200 moduleId=4 zoneId=[3] reqId=57781f47-c248-4e83-a021-e9bf8001acef
2026-08-24T16:54:26 GET / -> 200 moduleId=<absent> zoneId=<absent> reqId=<absent>
2026-08-24T16:54:26 GET / -> 200 moduleId=<absent> zoneId=<absent> reqId=<absent>
2026-08-24T16:54:28 GET /api/v1/other-banners -> 200 moduleId=4 zoneId=[3] reqId=3066a66e-e133-4a0e-8779-e59300b38ba1
2026-08-24T16:54:28 GET /api/v1/customer/info -> 200 moduleId=4 zoneId=[3] reqId=69ed59b2-4199-4d94-b00e-ad14701bf34b
2026-08-24T16:54:28 GET /api/v1/flash-sales -> 200 moduleId=4 zoneId=[3] reqId=dec44228-0a9b-4a13-97f4-81f7ffa402ed
2026-08-24T16:54:29 GET /api/v1/items/discounted?type=all&offset=1&limit=25&min_price=0.0&max_price=9999999999.0 -> 200 moduleId=4 zoneId=[3] reqId=7f18983a-e583-48f7-99ac-6287b117f332
2026-08-24T16:54:29 GET /api/v1/items/popular?type=all&offset=1&limit=25&min_price=0.0&max_price=9999999999.0 -> 200 moduleId=4 zoneId=[3] reqId=d1e84a4c-3e4f-488f-a5b7-4e000e2fbd7f
2026-08-24T16:54:29 GET /api/v1/items/most-reviewed?type=all&offset=1&limit=25&min_price=0.0&max_price=9999999999.0 -> 200 moduleId=4 zoneId=[3] reqId=fd6d7234-ec47-427c-9357-d3a1db816ec9
2026-08-24T16:54:29 GET /api/v1/campaigns/basic -> 200 moduleId=4 zoneId=[3] reqId=edca63a4-d113-4140-92dc-0204c94416f1
2026-08-24T16:54:30 GET /api/v1/items/recommended?filter=all&limit=30 -> 200 moduleId=4 zoneId=[3] reqId=a511d098-307f-40c3-a5ac-bd82defd6974
2026-08-24T16:54:31 GET /api/v1/campaigns/item -> 200 moduleId=4 zoneId=[3] reqId=9f473d87-8de5-40c6-88b5-c73d19c9c418
2026-08-24T16:54:31 GET /api/v1/customer/order/buy-it-again?limit=25&offset=1 -> 200 moduleId=4 zoneId=[3] reqId=3f3ba0a9-02e0-44ef-8314-182c63cf6a8e
2026-08-24T16:54:32 GET /api/v1/stores/get-stores/all?store_type=all&offset=1&limit=12 -> 200 moduleId=4 zoneId=[3] reqId=3fa2f5ca-9606-46a0-857f-764533e1cb12
2026-08-24T16:54:32 GET /api/v1/advertisement/list -> 200 moduleId=4 zoneId=[3] reqId=44d77a15-214a-46f0-a403-d70f5440376f
2026-08-24T16:54:40 GET /api/v1/coupon/list -> 200 moduleId=4 zoneId=[3] reqId=56ce17bd-e5fb-4366-9518-9cef22e056b5
2026-08-24T16:54:40 GET /api/v1/customer/notifications -> 200 moduleId=4 zoneId=[3] reqId=520e7df8-fbad-4133-8ca8-7e225c0aca3a
2026-08-24T16:54:40 GET /api/v1/module -> 200 moduleId=4 zoneId=[3] reqId=136bb362-a858-4367-a73d-3e7b2b18cc65
2026-08-24T16:54:41 GET /api/v1/customer/order/buy-it-again?limit=25&offset=1 -> 200 moduleId=4 zoneId=[3] reqId=4c3f3468-2aec-45e8-8004-b885172b48e6
2026-08-24T16:54:48 GET / -> 200 moduleId=<absent> zoneId=<absent> reqId=<absent>
2026-08-24T16:54:49 GET / -> 200 moduleId=<absent> zoneId=<absent> reqId=<absent>
2026-08-24T16:55:39 GET / -> ERR:timed out moduleId=<absent> zoneId=<absent> reqId=<absent>
2026-08-24T16:55:44 GET / -> ERR:timed out moduleId=<absent> zoneId=<absent> reqId=<absent>
2026-08-24T16:56:18 GET /api/v1/customer/address/list -> ERR:timed out moduleId=4 zoneId=[3] reqId=ebea7fb9-c36b-4abd-bc89-e7b13a75068b
2026-08-24T16:56:23 GET / -> ERR:[Errno 54] Connection reset by peer moduleId=<absent> zoneId=<absent> reqId=<absent>
2026-08-24T16:56:23 GET / -> ERR:[Errno 54] Connection reset by peer moduleId=<absent> zoneId=<absent> reqId=<absent>
2026-08-24T16:56:23 GET /api/v1/config/geocode-api?lat=23.8179583&lng=90.36602 -> ERR:[Errno 54] Connection reset by peer moduleId=4 zoneId=[3] reqId=75f8a3fe-a4f1-4d22-92cf-e21d14812601
2026-08-24T16:56:25 GET /api/v1/config/get-zone-id?lat=23.8179583&lng=90.36602 -> 200 moduleId=4 zoneId=[3] reqId=1844d55a-545b-498b-8557-aa5125770718
2026-08-24T16:56:26 GET /api/v1/config/get-zone-id?lat=23.8179583&lng=90.36602 -> 200 moduleId=4 zoneId=[3] reqId=56910488-1681-4080-99cf-664a3abe159e
2026-08-24T16:56:27 GET /api/v1/config/get-zone-id?lat=23.8179583&lng=90.36602 -> 200 moduleId=4 zoneId=[3] reqId=02e08dad-697e-47b5-bf67-ba83f3728028
2026-08-24T16:56:28 GET /api/v1/customer/cart/list -> 200 moduleId=4 zoneId=[3] reqId=d983dc6d-4b68-4f89-a108-b946d03fe8a5
2026-08-24T16:56:28 GET /api/v1/module -> 200 moduleId=<absent> zoneId=[1] reqId=7ce1da03-8dfd-4ba4-97fb-1b02c47d7f6b
2026-08-24T16:56:47 GET / -> 200 moduleId=<absent> zoneId=<absent> reqId=<absent>
2026-08-24T16:56:48 GET / -> 200 moduleId=<absent> zoneId=<absent> reqId=<absent>
2026-08-24T16:56:58 GET /api/v1/customer/address/list -> 200 moduleId=<absent> zoneId=[3] reqId=021b2ac0-b39b-4122-9460-c9ba357a3ff8
2026-08-24T16:57:11 GET / -> 200 moduleId=<absent> zoneId=<absent> reqId=<absent>
2026-08-24T16:57:21 GET / -> 200 moduleId=<absent> zoneId=<absent> reqId=<absent>
2026-08-24T16:57:37 GET /api/v1/config/get-zone-id?lat=25.1&lng=55.15 -> 200 moduleId=<absent> zoneId=[3] reqId=52fd1bf1-9d55-4547-8822-d0cc42a94531
2026-08-24T16:57:37 GET /api/v1/config/get-zone-id?lat=25.1&lng=55.15 -> 200 moduleId=<absent> zoneId=[3] reqId=0eda0f80-472d-4464-b59f-270d9b010dc8
2026-08-24T16:57:37 GET /api/v1/config -> 200 moduleId=<absent> zoneId=[3] reqId=d3fc2d74-ddfd-422d-91d3-04eef50ba885
2026-08-24T16:57:38 GET /api/v1/customer/order/payment-failed -> 200 moduleId=<absent> zoneId=[3] reqId=4d3383c8-1a19-4383-ba16-74b0ac9046f9
2026-08-24T16:57:38 GET /api/v1/customer/order/running-orders?offset=1&limit=50 -> 200 moduleId=<absent> zoneId=[3] reqId=68f3a4af-27f1-4377-ac1b-326df4bf95da
2026-08-24T16:57:38 GET /api/v1/customer/update-zone -> 200 moduleId=<absent> zoneId=[3] reqId=fef81179-6be2-4a72-99d9-1f8863f24cf8
2026-08-24T16:57:38 GET /api/v1/customer/info -> 200 moduleId=<absent> zoneId=[3] reqId=3aeb14bb-af5f-4510-9cc6-f09f13555453
2026-08-24T16:57:38 POST /api/v1/customer/cm-firebase-token -> 200 moduleId=<absent> zoneId=[3] reqId=2986d8b0-7f8d-4e0a-a11a-3d3a1dd530cd
2026-08-24T16:57:38 GET /api/v1/stores/get-stores/all?featured=1&offset=1&limit=50 -> 200 moduleId=<absent> zoneId=[3] reqId=3df77375-059c-49d4-b7b6-89b51f3ba276
2026-08-24T16:57:38 GET /api/v1/module -> 200 moduleId=<absent> zoneId=[3] reqId=936d42e8-266e-498c-ac0c-69638847e845
2026-08-24T16:57:38 GET /api/v1/customer/address/list -> 200 moduleId=<absent> zoneId=[3] reqId=b4064bfc-2889-43b9-8b0f-e296a90451ac
2026-08-24T16:57:38 GET /api/v1/coupon/list -> 200 moduleId=<absent> zoneId=[3] reqId=0492b4cc-2c66-40c9-9f3c-66344dcb7496
2026-08-24T16:57:39 GET /api/v1/banners?featured=1 -> 200 moduleId=<absent> zoneId=[3] reqId=57268f08-545a-4827-b701-38584dbf2c01
2026-08-24T16:57:39 GET /api/v1/customer/notifications -> 200 moduleId=<absent> zoneId=[3] reqId=5b7a14ca-b6ea-4818-a904-f033a154a2c8
2026-08-24T16:57:40 GET / -> 200 moduleId=<absent> zoneId=<absent> reqId=<absent>
2026-08-24T16:57:45 GET / -> 200 moduleId=<absent> zoneId=<absent> reqId=<absent>
2026-08-24T16:57:51 GET /api/v1/config/get-zone-id?lat=25.1&lng=55.15 -> 200 moduleId=4 zoneId=[3] reqId=436c7593-ce8d-40c6-993d-3f7ead5c3331
2026-08-24T16:57:51 GET /api/v1/stores/tower?tower_name=Tower%20A&offset=1&limit=25 -> 200 moduleId=4 zoneId=[3] reqId=a9e84270-14bb-4093-8399-18ce970c0946
2026-08-24T16:57:51 GET /api/v1/stores/details/59 -> 200 moduleId=4 zoneId=[3] reqId=300f9b74-5f3a-4d33-808c-1bcde9c2e563
2026-08-24T16:57:52 GET /api/v1/customer/cart/list -> 200 moduleId=4 zoneId=[3] reqId=860b85ab-22ac-4c00-a49e-22ad09b7a2bb
2026-08-24T16:57:52 GET /api/v1/customer/cart/list -> 200 moduleId=4 zoneId=[3] reqId=57641277-15a9-4253-bd69-97a543fa4ea0
2026-08-24T16:57:52 GET /api/v1/cashback/list -> 200 moduleId=4 zoneId=[3] reqId=7c558687-8428-4913-ac36-51a352539330
2026-08-24T16:57:52 GET /api/v1/customer/wish-list -> 200 moduleId=4 zoneId=[3] reqId=92222388-1b3a-485a-9dad-aee4202382a3
2026-08-24T16:57:52 GET /api/v1/cashback/list -> 200 moduleId=4 zoneId=[3] reqId=ef795a26-bd6c-4637-88d4-b96335894b29
2026-08-24T16:57:52 GET /api/v1/home/all -> 200 moduleId=4 zoneId=[3] reqId=b17114fb-e1a9-48ca-8259-129c57fa2ab9
2026-08-24T16:57:53 GET /api/v1/advertisement/list -> 200 moduleId=4 zoneId=[3] reqId=535318fd-bf11-47cb-a5ed-ec2aa20fcc04
2026-08-24T16:57:53 GET /api/v1/stores/get-stores/all?store_type=all&offset=1&limit=12 -> 200 moduleId=4 zoneId=[3] reqId=747b98b4-4474-4e4a-a9e3-6cf6b2f7de51
2026-08-24T16:57:53 GET /api/v1/campaigns/item -> 200 moduleId=4 zoneId=[3] reqId=c5dd851b-a951-4898-9feb-59fdf00a0254
2026-08-24T16:57:53 GET /api/v1/items/most-reviewed?type=all&offset=1&limit=25&min_price=0.0&max_price=9999999999.0 -> 200 moduleId=4 zoneId=[3] reqId=a20db9df-c8d5-49f3-afe0-4a5332e6eb3d
2026-08-24T16:57:53 GET /api/v1/items/recommended?filter=all&limit=30 -> 200 moduleId=4 zoneId=[3] reqId=612dea93-183e-4eb2-b7c7-7dc521e725ed
2026-08-24T16:57:53 GET /api/v1/campaigns/basic -> 200 moduleId=4 zoneId=[3] reqId=24293a52-a23b-4817-bef2-07fa99af3e55
2026-08-24T16:57:53 GET /api/v1/items/popular?type=all&offset=1&limit=25&min_price=0.0&max_price=9999999999.0 -> 200 moduleId=4 zoneId=[3] reqId=df33f631-f5cd-4c08-9a53-ed79490848da
2026-08-24T16:57:54 GET /api/v1/items/discounted?type=all&offset=1&limit=25&min_price=0.0&max_price=9999999999.0 -> 200 moduleId=4 zoneId=[3] reqId=b8ce60b0-637c-474d-a812-912a3edd3e72
2026-08-24T16:57:54 GET /api/v1/flash-sales -> 200 moduleId=4 zoneId=[3] reqId=31ba9f14-1385-4472-b999-d59aca4823b8
2026-08-24T16:57:54 GET /api/v1/customer/info -> 200 moduleId=4 zoneId=[3] reqId=9573c9a5-0981-4fe5-bef6-87dd35b309ff
2026-08-24T16:57:54 GET /api/v1/other-banners -> 200 moduleId=4 zoneId=[3] reqId=7f76440c-6e27-448d-aebc-4f800c09c5d5
2026-08-24T16:57:54 GET /api/v1/customer/order/buy-it-again?limit=25&offset=1 -> 200 moduleId=4 zoneId=[3] reqId=0596b3dc-b05d-45e5-881e-eab73beb7f94
2026-08-24T16:57:54 GET /api/v1/module -> 200 moduleId=4 zoneId=[3] reqId=6189d569-0a4f-4ac3-97b7-914a17b6b159
2026-08-24T16:57:54 GET /api/v1/customer/notifications -> 200 moduleId=4 zoneId=[3] reqId=1fdb60b6-067c-4fbc-bff7-6fcdc5ee8715
2026-08-24T16:57:55 GET /api/v1/coupon/list -> 200 moduleId=4 zoneId=[3] reqId=011bf321-3ce0-4569-80e8-03e2bba08c26
2026-08-24T16:58:11 GET / -> 200 moduleId=<absent> zoneId=<absent> reqId=<absent>
2026-08-24T16:58:14 GET / -> 200 moduleId=<absent> zoneId=<absent> reqId=<absent>
2026-08-24T16:58:19 GET /api/v1/config/get-zone-id?lat=25.1&lng=55.15 -> 200 moduleId=4 zoneId=[3] reqId=bc883d3b-d11b-4924-b050-a950077c52eb
2026-08-24T16:58:19 GET /api/v1/stores/tower?tower_name=Tower%20A&offset=1&limit=25 -> 200 moduleId=4 zoneId=[3] reqId=ba60d5e9-540a-4677-99b7-e829e8c1b78a
2026-08-24T16:58:19 GET /api/v1/config/get-zone-id?lat=25.1&lng=55.15 -> 200 moduleId=4 zoneId=[3] reqId=e7a2dff6-f538-4e3e-862d-a56a7ab74a33
2026-08-24T16:58:19 GET /api/v1/customer/order/payment-failed -> 200 moduleId=4 zoneId=[3] reqId=aea995ac-7a39-4017-b71d-80fa820c5a11
2026-08-24T16:58:19 GET /api/v1/customer/order/running-orders?offset=1&limit=50 -> 200 moduleId=4 zoneId=[3] reqId=f187a2b2-1f1f-4ceb-ba76-209a5eb6628d
2026-08-24T16:58:20 GET /api/v1/home/all -> 200 moduleId=4 zoneId=[3] reqId=95c622f6-795e-447f-b68e-f4c9df3c1974
2026-08-24T16:58:20 GET /api/v1/advertisement/list -> 200 moduleId=4 zoneId=[3] reqId=a7634bc4-5b12-44eb-8483-8c0996be3fb5
2026-08-24T16:58:21 GET /api/v1/stores/get-stores/all?store_type=all&offset=1&limit=12 -> 200 moduleId=4 zoneId=[3] reqId=79c6cf54-c49a-4204-b1a3-a5d8ad0bb167
2026-08-24T16:58:21 GET /api/v1/customer/order/buy-it-again?limit=25&offset=1 -> 200 moduleId=4 zoneId=[3] reqId=0168d8fe-60d5-4306-a23d-cc0b34607935
2026-08-24T16:58:21 GET /api/v1/items/most-reviewed?type=all&offset=1&limit=25&min_price=0.0&max_price=9999999999.0 -> 200 moduleId=4 zoneId=[3] reqId=a7dc3dd2-11b4-4faf-9075-6bc503f97bc6
2026-08-24T16:58:21 GET /api/v1/items/popular?type=all&offset=1&limit=25&min_price=0.0&max_price=9999999999.0 -> 200 moduleId=4 zoneId=[3] reqId=7c0f3f2e-2d39-4580-85a7-e48b6836cd12
2026-08-24T16:58:21 GET /api/v1/items/discounted?type=all&offset=1&limit=25&min_price=0.0&max_price=9999999999.0 -> 200 moduleId=4 zoneId=[3] reqId=cf2e3005-eaf4-42bb-a392-abcd2a282787
2026-08-24T16:58:21 GET /api/v1/customer/info -> 200 moduleId=4 zoneId=[3] reqId=83d77a29-f606-4f54-8701-a8d11f6b4f35
2026-08-24T16:58:21 GET /api/v1/customer/order/buy-it-again?limit=25&offset=1 -> 200 moduleId=4 zoneId=[3] reqId=c5850676-31b6-4ab9-a5ca-59ad4be3450a
2026-08-24T16:58:21 GET /api/v1/coupon/list -> 200 moduleId=4 zoneId=[3] reqId=10b085ee-32d3-4380-b03a-07f13a2e95bd
2026-08-24T16:58:21 GET /api/v1/module -> 200 moduleId=4 zoneId=[3] reqId=a2d3883a-34c8-4dd0-b404-d086fcfd633c
2026-08-24T16:58:36 GET / -> 200 moduleId=<absent> zoneId=<absent> reqId=<absent>
2026-08-24T16:59:09 GET / -> ERR:timed out moduleId=<absent> zoneId=<absent> reqId=<absent>
2026-08-24T16:59:24 GET / -> ERR:[Errno 54] Connection reset by peer moduleId=<absent> zoneId=<absent> reqId=<absent>
2026-08-24T16:59:34 GET / -> ERR:<urlopen error [Errno 61] Connection refused> moduleId=<absent> zoneId=<absent> reqId=<absent>
2026-08-24T16:59:49 GET / -> 200 moduleId=<absent> zoneId=<absent> reqId=<absent>
2026-08-24T16:59:55 GET / -> 200 moduleId=<absent> zoneId=<absent> reqId=<absent>
2026-08-24T17:00:35 GET / -> ERR:timed out moduleId=<absent> zoneId=<absent> reqId=<absent>
2026-08-24T17:00:46 GET /api/v1/module -> ERR:timed out moduleId=4 zoneId=[3] reqId=2872bf45-d7e6-4032-82fb-884e06742bc6
2026-08-24T17:00:48 GET / -> ERR:timed out moduleId=<absent> zoneId=<absent> reqId=<absent>
2026-08-24T17:00:53 GET /api/v1/stores/tower?tower_name=Tower%20A&offset=1&limit=25 -> ERR:[Errno 54] Connection reset by peer moduleId=4 zoneId=[3] reqId=875b87af-6a6f-42a7-a432-80966c4c6795
2026-08-24T17:00:53 GET /api/v1/config/get-zone-id?lat=25.1&lng=55.15 -> ERR:[Errno 54] Connection reset by peer moduleId=4 zoneId=[3] reqId=f689e7e3-4803-492d-9cbd-79f7a79424a4
2026-08-24T17:00:53 GET /api/v1/customer/order/payment-failed -> ERR:[Errno 54] Connection reset by peer moduleId=4 zoneId=[3] reqId=5a486eab-bc96-4062-864b-96aa1c213c79
2026-08-24T17:00:53 GET /api/v1/customer/order/running-orders?offset=1&limit=50 -> ERR:[Errno 54] Connection reset by peer moduleId=4 zoneId=[3] reqId=074f0d73-9611-4af6-a4e9-a6fdf224a358
2026-08-24T17:00:53 GET /api/v1/config/get-zone-id?lat=25.1&lng=55.15 -> ERR:[Errno 54] Connection reset by peer moduleId=4 zoneId=[3] reqId=7eaa94d8-3e9e-44ec-9917-c900b6844623
2026-08-24T17:00:53 GET /api/v1/home/all -> ERR:<urlopen error [Errno 61] Connection refused> moduleId=4 zoneId=[3] reqId=763ec888-8182-4012-8107-5cc9794217cc
2026-08-24T17:00:53 GET /api/v1/stores/get-stores/all?store_type=all&offset=1&limit=12 -> ERR:<urlopen error [Errno 61] Connection refused> moduleId=4 zoneId=[3] reqId=8a62ddeb-0c83-4f02-9d9b-ae7d030a8bb4
2026-08-24T17:00:53 GET /api/v1/items/most-reviewed?type=all&offset=1&limit=25&min_price=0.0&max_price=9999999999.0 -> ERR:<urlopen error [Errno 61] Connection refused> moduleId=4 zoneId=[3] reqId=d1819591-d128-4f67-98a6-e48b576de871
2026-08-24T17:00:53 GET /api/v1/advertisement/list -> ERR:<urlopen error [Errno 61] Connection refused> moduleId=4 zoneId=[3] reqId=73491bbf-b250-4a12-9ae6-03de002b78d6
2026-08-24T17:00:53 GET /api/v1/customer/order/buy-it-again?limit=25&offset=1 -> ERR:<urlopen error [Errno 61] Connection refused> moduleId=4 zoneId=[3] reqId=c32ae62d-b3fc-4d03-a1fc-86ab6050b806
2026-08-24T17:00:53 GET /api/v1/items/popular?type=all&offset=1&limit=25&min_price=0.0&max_price=9999999999.0 -> ERR:<urlopen error [Errno 61] Connection refused> moduleId=4 zoneId=[3] reqId=5c11407a-d3b5-4d51-bdcd-5ec4aaf15c75
2026-08-24T17:00:53 GET /api/v1/stores/recommended -> ERR:<urlopen error [Errno 61] Connection refused> moduleId=4 zoneId=[3] reqId=7c7a917a-9e1a-4453-a345-a12b40b4b7af
2026-08-24T17:00:53 GET /api/v1/items/discounted?type=all&offset=1&limit=25&min_price=0.0&max_price=9999999999.0 -> ERR:<urlopen error [Errno 61] Connection refused> moduleId=4 zoneId=[3] reqId=8bb156f8-1b55-4062-9387-52eabeace655
2026-08-24T17:00:53 GET /api/v1/customer/info -> ERR:<urlopen error [Errno 61] Connection refused> moduleId=4 zoneId=[3] reqId=3604c704-57e3-445b-ad03-bccaf63d24d8
2026-08-24T17:00:54 GET /api/v1/module -> ERR:<urlopen error [Errno 61] Connection refused> moduleId=4 zoneId=[3] reqId=edcd4eb3-691f-44f0-b997-43c0392122c4
2026-08-24T17:00:54 GET /api/v1/coupon/list -> ERR:<urlopen error [Errno 61] Connection refused> moduleId=4 zoneId=[3] reqId=7c2c436e-3077-4880-be85-8754044ed705
2026-08-24T17:00:54 GET /api/v1/customer/order/buy-it-again?limit=25&offset=1 -> ERR:<urlopen error [Errno 61] Connection refused> moduleId=4 zoneId=[3] reqId=87925451-8b71-4436-9ce9-49e3464a2223
2026-08-24T17:00:58 GET / -> ERR:<urlopen error [Errno 61] Connection refused> moduleId=<absent> zoneId=<absent> reqId=<absent>
2026-08-24T17:01:11 GET / -> 200 moduleId=<absent> zoneId=<absent> reqId=<absent>
2026-08-24T17:01:15 GET / -> 200 moduleId=<absent> zoneId=<absent> reqId=<absent>
2026-08-24T17:01:31 GET / -> 200 moduleId=<absent> zoneId=<absent> reqId=<absent>
2026-08-24T17:01:37 GET /api/v1/config -> 200 moduleId=<absent> zoneId=<absent> reqId=<absent>
2026-08-24T17:01:40 GET / -> 200 moduleId=<absent> zoneId=<absent> reqId=<absent>
2026-08-24T17:01:41 GET /api/v1/config/get-zone-id?lat=25.1&lng=55.15 -> 200 moduleId=4 zoneId=[3] reqId=a3960f2d-b9fd-4787-8adf-cf310a9daeb2
2026-08-24T17:01:41 GET /api/v1/stores/tower?tower_name=Tower%20A&offset=1&limit=25 -> 200 moduleId=4 zoneId=[3] reqId=91cd97b6-b509-4244-8cbc-f8680b52ef72
2026-08-24T17:01:41 GET /api/v1/config/get-zone-id?lat=25.1&lng=55.15 -> 200 moduleId=4 zoneId=[3] reqId=fe6191d1-2361-4e04-b1a5-afc19647162a
2026-08-24T17:01:41 GET /api/v1/customer/order/running-orders?offset=1&limit=50 -> 200 moduleId=4 zoneId=[3] reqId=420f7b63-df8b-436d-ad6a-d6d8d83cd736
2026-08-24T17:01:41 GET /api/v1/customer/order/payment-failed -> 200 moduleId=4 zoneId=[3] reqId=99c356a4-2dd6-431f-9793-ebf60d5c0095
2026-08-24T17:01:41 GET /api/v1/home/all -> 200 moduleId=4 zoneId=[3] reqId=82a13c58-713d-462d-b821-001ae79d9c81
2026-08-24T17:01:42 GET /api/v1/advertisement/list -> 200 moduleId=4 zoneId=[3] reqId=5d8d5bac-5465-4a1a-8f63-eaff8fb61c25
2026-08-24T17:01:42 GET /api/v1/stores/get-stores/all?store_type=all&offset=1&limit=12 -> 200 moduleId=4 zoneId=[3] reqId=1d76cf23-b82d-44e7-aea2-0a0bf12cef61
2026-08-24T17:01:42 GET /api/v1/customer/order/buy-it-again?limit=25&offset=1 -> 200 moduleId=4 zoneId=[3] reqId=f88258ef-7c92-4724-95f5-ecc03bcb0ee8
2026-08-24T17:01:42 GET /api/v1/items/most-reviewed?type=all&offset=1&limit=25&min_price=0.0&max_price=9999999999.0 -> 200 moduleId=4 zoneId=[3] reqId=13406b74-4818-4148-b7ee-4dea0f613b67
2026-08-24T17:01:42 GET /api/v1/items/popular?type=all&offset=1&limit=25&min_price=0.0&max_price=9999999999.0 -> 200 moduleId=4 zoneId=[3] reqId=ceff0e53-6b8e-4773-b1ce-7295c044916f
2026-08-24T17:01:42 GET /api/v1/items/discounted?type=all&offset=1&limit=25&min_price=0.0&max_price=9999999999.0 -> 200 moduleId=4 zoneId=[3] reqId=03c69f06-62ef-417d-ae37-adb25cb97e00
2026-08-24T17:01:42 GET /api/v1/customer/info -> 200 moduleId=4 zoneId=[3] reqId=abbf9d11-a581-4f56-b24f-306069c9a578
2026-08-24T17:01:42 GET /api/v1/customer/order/buy-it-again?limit=25&offset=1 -> 200 moduleId=4 zoneId=[3] reqId=5926f628-b541-422e-8a33-ec5b1fdb0d6e
2026-08-24T17:01:42 GET /api/v1/module -> 200 moduleId=4 zoneId=[3] reqId=d63c2710-45c7-4fcc-a8e0-ac7136289445
2026-08-24T17:01:43 GET /api/v1/coupon/list -> 200 moduleId=4 zoneId=[3] reqId=6e2c8db8-f797-4f47-87ca-9a47d0a9729e
2026-08-24T17:01:51 GET / -> 200 moduleId=<absent> zoneId=<absent> reqId=<absent>
2026-08-24T17:01:51 GET / -> ERR:[Errno 54] Connection reset by peer moduleId=<absent> zoneId=<absent> reqId=<absent>
2026-08-24T17:01:59 GET / -> 200 moduleId=<absent> zoneId=<absent> reqId=<absent>
2026-08-24T17:02:18 GET / -> 200 moduleId=<absent> zoneId=<absent> reqId=<absent>
2026-08-24T17:02:29 GET / -> 200 moduleId=<absent> zoneId=<absent> reqId=<absent>
2026-08-24T17:02:29 GET /api/v1/module -> 200 moduleId=4 zoneId=[3] reqId=f03f0f4d-2277-40f6-9960-2ead41830e3d
2026-08-24T17:02:30 GET /api/v1/config/get-zone-id?lat=25.1&lng=55.15 -> 200 moduleId=<absent> zoneId=[3] reqId=bd21ad5a-dd72-41e9-b900-508ff0678339
2026-08-24T17:02:31 GET /api/v1/config/get-zone-id?lat=25.1&lng=55.15 -> 200 moduleId=<absent> zoneId=[3] reqId=f59effac-8219-4b1c-81f4-362d009e99a4
2026-08-24T17:02:31 GET /api/v1/config/get-zone-id?lat=25.1&lng=55.15 -> 200 moduleId=<absent> zoneId=[3] reqId=b242e47b-7dc2-440f-a566-bb25448a022d
2026-08-24T17:02:31 GET /api/v1/customer/order/running-orders?offset=1&limit=50 -> 200 moduleId=<absent> zoneId=[3] reqId=1d8eba88-0a56-4778-b750-c5eb4f3de276
2026-08-24T17:02:31 GET /api/v1/customer/order/payment-failed -> 200 moduleId=<absent> zoneId=[3] reqId=d880ddc0-afbd-4190-8f18-90a21f7296f3
2026-08-24T17:02:31 GET /api/v1/customer/order/payment-failed -> 200 moduleId=<absent> zoneId=[3] reqId=7abd9b77-5859-451b-893e-c64ede4f5d87
2026-08-24T17:02:31 GET /api/v1/customer/order/running-orders?offset=1&limit=50 -> 200 moduleId=<absent> zoneId=[3] reqId=2d54766f-9d8d-4ede-9b7e-03e54a12ec02
2026-08-24T17:02:31 GET /api/v1/customer/info -> 200 moduleId=<absent> zoneId=[3] reqId=b0612cc8-d087-443a-a086-503691cefe66
2026-08-24T17:02:32 GET /api/v1/stores/get-stores/all?featured=1&offset=1&limit=50 -> 200 moduleId=<absent> zoneId=[3] reqId=23eb7f9f-535f-4a48-a79a-3d0cf76eeeeb
2026-08-24T17:02:32 GET /api/v1/customer/address/list -> 200 moduleId=<absent> zoneId=[3] reqId=4d4d2443-0d17-4e9c-b5e3-4971dbb069d2
2026-08-24T17:02:32 GET /api/v1/coupon/list -> 200 moduleId=<absent> zoneId=[3] reqId=0d216891-b4c4-4506-8d48-e5b286788fea
2026-08-24T17:02:32 GET /api/v1/banners?featured=1 -> 200 moduleId=<absent> zoneId=[3] reqId=697de86d-22e7-4f3b-8b95-f6985cc2a077
2026-08-24T17:02:32 GET /api/v1/module -> 200 moduleId=<absent> zoneId=[3] reqId=6655f22f-09ce-42a6-99bf-645bcd26fcb9
2026-08-24T17:02:46 GET / -> 200 moduleId=<absent> zoneId=<absent> reqId=<absent>
2026-08-24T17:02:56 GET / -> 200 moduleId=<absent> zoneId=<absent> reqId=<absent>
2026-08-24T17:03:15 GET / -> 200 moduleId=<absent> zoneId=<absent> reqId=<absent>
2026-08-24T17:03:20 GET / -> 200 moduleId=<absent> zoneId=<absent> reqId=<absent>
2026-08-24T17:03:22 GET /api/v1/stores/tower?tower_name=Tower%20A&offset=1&limit=25 -> 200 moduleId=4 zoneId=[3] reqId=2fecb800-3caf-449b-a55b-5f5059b3445b
2026-08-24T17:03:22 GET /api/v1/config/get-zone-id?lat=25.1&lng=55.15 -> 200 moduleId=4 zoneId=[3] reqId=60893e68-5461-44d9-a512-b20dd2a81fb2
2026-08-24T17:03:22 GET /api/v1/stores/details/59 -> 200 moduleId=4 zoneId=[3] reqId=8a666b45-79cd-4bcd-82ab-d064f182fb30
2026-08-24T17:03:22 GET /api/v1/customer/wish-list -> 200 moduleId=4 zoneId=[3] reqId=105b10f3-2f68-4928-9d84-dcc481af4227
2026-08-24T17:03:22 GET /api/v1/cashback/list -> 200 moduleId=4 zoneId=[3] reqId=708e43ad-21a8-435c-b968-8a9a3d64edbe
2026-08-24T17:03:22 GET /api/v1/customer/cart/list -> 200 moduleId=4 zoneId=[3] reqId=16514f78-3fc8-4881-9c51-04dd3f5e54c4
2026-08-24T17:03:22 GET /api/v1/customer/cart/list -> 200 moduleId=4 zoneId=[3] reqId=8478f253-233c-49bd-8dec-02bd7d03b998
2026-08-24T17:03:22 GET /api/v1/cashback/list -> 200 moduleId=4 zoneId=[3] reqId=327061ea-9ca0-4a22-89ad-9e429be010c2
2026-08-24T17:03:22 GET /api/v1/home/all -> 200 moduleId=4 zoneId=[3] reqId=03a414fa-44d6-4eb1-ac6b-fff3c4fb903e
2026-08-24T17:03:23 GET /api/v1/advertisement/list -> 200 moduleId=4 zoneId=[3] reqId=3ea39782-e9fa-42df-99f9-984cfde3fcf8
2026-08-24T17:03:23 GET /api/v1/stores/get-stores/all?store_type=all&offset=1&limit=12 -> 200 moduleId=4 zoneId=[3] reqId=d245ce63-4a15-40db-941d-21258e7d4c9b
2026-08-24T17:03:23 GET /api/v1/customer/order/buy-it-again?limit=25&offset=1 -> 200 moduleId=4 zoneId=[3] reqId=5dc856fd-af82-4e7e-b620-3fce1c1bc5dd
2026-08-24T17:03:23 GET /api/v1/campaigns/basic -> 200 moduleId=4 zoneId=[3] reqId=c28d5760-02e6-4d65-b347-2bd76df30fb3
2026-08-24T17:03:23 GET /api/v1/items/recommended?filter=all&limit=30 -> 200 moduleId=4 zoneId=[3] reqId=fdf53467-4455-452b-aaf9-d62275048c4b
2026-08-24T17:03:23 GET /api/v1/campaigns/item -> 200 moduleId=4 zoneId=[3] reqId=262e079c-e468-4dfa-a3c7-1a687721b3f0
2026-08-24T17:03:24 GET /api/v1/items/most-reviewed?type=all&offset=1&limit=25&min_price=0.0&max_price=9999999999.0 -> 200 moduleId=4 zoneId=[3] reqId=d42d235a-db3a-4eca-99c9-c11015cf3d2c
2026-08-24T17:03:24 GET /api/v1/items/popular?type=all&offset=1&limit=25&min_price=0.0&max_price=9999999999.0 -> 200 moduleId=4 zoneId=[3] reqId=028de609-62c2-4ab6-8dff-a27a41e09f3f
2026-08-24T17:03:24 GET /api/v1/items/discounted?type=all&offset=1&limit=25&min_price=0.0&max_price=9999999999.0 -> 200 moduleId=4 zoneId=[3] reqId=7ffe5253-f963-475b-afc9-a140d0dafacd
2026-08-24T17:03:24 GET /api/v1/flash-sales -> 200 moduleId=4 zoneId=[3] reqId=494d787e-1987-4c64-84ee-201094687f48
2026-08-24T17:03:24 GET /api/v1/customer/info -> 200 moduleId=4 zoneId=[3] reqId=19c9e36d-8355-432d-9163-870438e911db
2026-08-24T17:03:24 GET /api/v1/other-banners -> 200 moduleId=4 zoneId=[3] reqId=fee58e13-7d9f-4dcd-abdf-be512b914520
2026-08-24T17:03:24 GET /api/v1/customer/order/buy-it-again?limit=25&offset=1 -> 200 moduleId=4 zoneId=[3] reqId=c50b20c3-8b4a-4e9c-a2a5-78e5358904c1
2026-08-24T17:03:24 GET /api/v1/module -> 200 moduleId=4 zoneId=[3] reqId=efdc777c-f1f2-4fe3-8a73-82dd2a1f5bc8
2026-08-24T17:03:24 GET /api/v1/customer/notifications -> 200 moduleId=4 zoneId=[3] reqId=a32b1ee4-4baf-492e-ab51-1cd7c3a04a49
2026-08-24T17:03:24 GET /api/v1/coupon/list -> 200 moduleId=4 zoneId=[3] reqId=221f455d-a753-4a05-8e19-28429b43d297
2026-08-24T17:03:31 GET /api/v1/customer/address/list -> 200 moduleId=4 zoneId=[3] reqId=2e10ef6b-36be-422f-a2ad-552392fe41b9
2026-08-24T17:03:32 GET /api/v1/customer/address/list -> 200 moduleId=4 zoneId=[3] reqId=0bef96a8-7b80-4e8a-934b-aeb913d2b3c0
2026-08-24T17:03:36 GET / -> 200 moduleId=<absent> zoneId=<absent> reqId=<absent>
2026-08-24T17:03:43 GET / -> 200 moduleId=<absent> zoneId=<absent> reqId=<absent>
2026-08-24T17:03:45 GET /api/v1/config/geocode-api?lat=23.8179583&lng=90.36602 -> 200 moduleId=4 zoneId=[3] reqId=bb37343b-7c7e-4abf-b401-1b3ae805c8ea
2026-08-24T17:03:46 GET /api/v1/config/get-zone-id?lat=23.8179583&lng=90.36602 -> 200 moduleId=4 zoneId=[3] reqId=37fa9523-fea6-4523-9a31-3183cc1037c6
2026-08-24T17:03:47 GET /api/v1/config/get-zone-id?lat=23.8179583&lng=90.36602 -> 200 moduleId=4 zoneId=[3] reqId=7d348a17-ec4a-4cd7-9d3c-19fb27404a19
2026-08-24T17:03:48 GET /api/v1/config/get-zone-id?lat=23.8179583&lng=90.36602 -> 200 moduleId=4 zoneId=[3] reqId=f236d322-b28e-4f58-aa6b-8b8e19107d2f
2026-08-24T17:03:49 GET /api/v1/customer/cart/list -> 200 moduleId=4 zoneId=[3] reqId=f29bc687-7f58-413a-aac3-0a6dd375a49c
2026-08-24T17:03:49 GET /api/v1/module -> 200 moduleId=<absent> zoneId=[1] reqId=304eaabf-6e85-4883-9c0a-d68ae95c4d7e
2026-08-24T17:03:54 GET / -> 200 moduleId=<absent> zoneId=<absent> reqId=<absent>
2026-08-24T17:04:08 GET / -> 200 moduleId=<absent> zoneId=<absent> reqId=<absent>
2026-08-24T17:04:14 GET /api/v1/customer/address/list -> 200 moduleId=<absent> zoneId=[3] reqId=afe85baf-beff-45c2-9763-0a94335591b0
2026-08-24T17:04:16 GET / -> 200 moduleId=<absent> zoneId=<absent> reqId=<absent>
2026-08-24T17:04:35 GET / -> 200 moduleId=<absent> zoneId=<absent> reqId=<absent>
2026-08-24T17:04:37 GET / -> 200 moduleId=<absent> zoneId=<absent> reqId=<absent>
2026-08-24T17:04:44 GET /api/v1/config/geocode-api?lat=25.1&lng=55.1499983 -> 200 moduleId=<absent> zoneId=[3] reqId=15b5b8d1-6eef-46ba-9a4a-ee507134ebd8
2026-08-24T17:04:45 GET /api/v1/config/get-zone-id?lat=25.1&lng=55.1499983 -> 200 moduleId=<absent> zoneId=[3] reqId=17b7553d-f191-4e65-9201-9c1c2968f061
2026-08-24T17:04:46 GET /api/v1/config/get-zone-id?lat=25.1&lng=55.1499983 -> 200 moduleId=<absent> zoneId=[3] reqId=f714bd79-1f79-4ce1-bd71-1f8df463fcdb
2026-08-24T17:04:47 GET /api/v1/config/get-zone-id?lat=25.1&lng=55.1499983 -> 200 moduleId=<absent> zoneId=[3] reqId=86955d3f-b74c-4189-9b7e-cdc631e92c46
2026-08-24T17:04:48 GET /api/v1/config/get-zone-id?lat=25.1&lng=55.1499983 -> 200 moduleId=<absent> zoneId=[3] reqId=217d8696-7c07-4290-a565-98231738c7b9
2026-08-24T17:04:48 GET /api/v1/customer/order/payment-failed -> 200 moduleId=<absent> zoneId=[3] reqId=8a8a8ce3-7adc-491d-9d40-a3fe9209a0d1
2026-08-24T17:04:48 GET /api/v1/customer/order/running-orders?offset=1&limit=50 -> 200 moduleId=<absent> zoneId=[3] reqId=b03a08be-b190-449e-8415-96cb803448b4
2026-08-24T17:04:48 GET /api/v1/config/get-zone-id?lat=25.1&lng=55.1499983 -> 200 moduleId=<absent> zoneId=[3] reqId=59fa5a76-86af-4dde-86db-79ae8baccb3b
2026-08-24T17:04:48 GET /api/v1/config -> 200 moduleId=<absent> zoneId=[3] reqId=59b1e4f5-b2fc-4c3b-850d-7390c5870dfb
2026-08-24T17:04:48 GET /api/v1/customer/update-zone -> 200 moduleId=<absent> zoneId=[3] reqId=6958dba5-868e-4be6-ba41-6c3b3cfb65a9
2026-08-24T17:04:49 GET /api/v1/customer/info -> 200 moduleId=<absent> zoneId=[3] reqId=ddf17fef-0984-4b0a-b37b-f6d56fb95206
2026-08-24T17:04:50 GET /api/v1/customer/notifications -> 200 moduleId=<absent> zoneId=[3] reqId=5906ba33-e9e2-4098-885d-bdaa4a9c79b7
2026-08-24T17:04:50 GET /api/v1/module -> 200 moduleId=<absent> zoneId=[3] reqId=ef930373-d1bf-4720-9925-0db58485109c
2026-08-24T17:04:50 GET /api/v1/stores/get-stores/all?featured=1&offset=1&limit=50 -> 200 moduleId=<absent> zoneId=[3] reqId=a2b259f4-9a18-4cbe-9864-46e3303c4d47
2026-08-24T17:04:50 GET /api/v1/banners?featured=1 -> 200 moduleId=<absent> zoneId=[3] reqId=d02fbb59-33e6-4c57-83e2-06fe4966fcfc
2026-08-24T17:04:50 GET /api/v1/coupon/list -> 200 moduleId=<absent> zoneId=[3] reqId=be6d994d-1140-4218-af2b-b0fb84add602
2026-08-24T17:04:50 GET /api/v1/customer/address/list -> 200 moduleId=<absent> zoneId=[3] reqId=83f87014-125f-45c2-8166-f6f9c2e42f50
2026-08-24T17:04:58 GET / -> 200 moduleId=<absent> zoneId=<absent> reqId=<absent>
2026-08-24T17:05:01 GET / -> 200 moduleId=<absent> zoneId=<absent> reqId=<absent>
2026-08-24T17:05:02 GET /api/v1/stores/details/59 -> 200 moduleId=4 zoneId=[3] reqId=62af518a-9b6e-4859-baff-f50ee93b3577
2026-08-24T17:05:02 GET /api/v1/config/get-zone-id?lat=25.1&lng=55.1499983 -> 200 moduleId=4 zoneId=[3] reqId=5a4fae0d-4649-4d81-8451-51ca1d3bb96d
2026-08-24T17:05:02 GET /api/v1/customer/wish-list -> 200 moduleId=4 zoneId=[3] reqId=d5b40104-cad3-46e8-91ce-c71f6e55f442
2026-08-24T17:05:02 GET /api/v1/customer/cart/list -> 200 moduleId=4 zoneId=[3] reqId=5503f140-992a-4faf-8308-9fb91cf572e6
2026-08-24T17:05:02 GET /api/v1/customer/cart/list -> 200 moduleId=4 zoneId=[3] reqId=546e9797-d979-442b-9ab0-552442996c59
2026-08-24T17:05:03 GET /api/v1/cashback/list -> 200 moduleId=4 zoneId=[3] reqId=31e3870b-2bd3-4a3e-8fe7-a3317148943f
2026-08-24T17:05:03 GET /api/v1/cashback/list -> 200 moduleId=4 zoneId=[3] reqId=a6c6c84b-f078-4c73-a1c7-f7ec946d5aef
2026-08-24T17:05:03 GET /api/v1/home/all -> 200 moduleId=4 zoneId=[3] reqId=bfd67ce8-030f-44ef-a90a-b3b68f5d4053
2026-08-24T17:05:03 GET /api/v1/stores/get-stores/all?store_type=all&offset=1&limit=12 -> 200 moduleId=4 zoneId=[3] reqId=62ba601a-f244-4aac-bc80-d4d7497625f0
2026-08-24T17:05:04 GET /api/v1/items/recommended?filter=all&limit=30 -> 200 moduleId=4 zoneId=[3] reqId=93bcfffb-a560-44f6-84ef-126e562bddf3
2026-08-24T17:05:04 GET /api/v1/advertisement/list -> 200 moduleId=4 zoneId=[3] reqId=a4364dab-ddf8-4e88-8552-ba10f2e31ae7
2026-08-24T17:05:04 GET /api/v1/campaigns/basic -> 200 moduleId=4 zoneId=[3] reqId=4c0eb635-7576-4d45-baf0-1369f253831c
2026-08-24T17:05:04 GET /api/v1/campaigns/item -> 200 moduleId=4 zoneId=[3] reqId=7cfe2b87-8a02-425b-b4a3-59042f7fb547
2026-08-24T17:05:04 GET /api/v1/items/most-reviewed?type=all&offset=1&limit=25&min_price=0.0&max_price=9999999999.0 -> 200 moduleId=4 zoneId=[3] reqId=080bb7c4-82d1-4b25-922a-c02ef6ea20fb
2026-08-24T17:05:04 GET /api/v1/items/popular?type=all&offset=1&limit=25&min_price=0.0&max_price=9999999999.0 -> 200 moduleId=4 zoneId=[3] reqId=054a9617-a29f-43bd-bbb7-72e24ad59f78
2026-08-24T17:05:04 GET /api/v1/items/discounted?type=all&offset=1&limit=25&min_price=0.0&max_price=9999999999.0 -> 200 moduleId=4 zoneId=[3] reqId=adc739ec-c07b-486b-9aa6-5ab0824eeaa3
2026-08-24T17:05:04 GET /api/v1/flash-sales -> 200 moduleId=4 zoneId=[3] reqId=a2a5345f-09f4-4faf-970a-1dafda58853d
2026-08-24T17:05:04 GET /api/v1/customer/info -> 200 moduleId=4 zoneId=[3] reqId=659e375f-2ebd-4fd7-a837-3101da69cd84
2026-08-24T17:05:04 GET /api/v1/other-banners -> 200 moduleId=4 zoneId=[3] reqId=fe30c2d3-09bb-42e8-855e-f6b1fa1ae2cc
2026-08-24T17:05:05 GET /api/v1/customer/order/buy-it-again?limit=25&offset=1 -> 200 moduleId=4 zoneId=[3] reqId=9342a854-38bc-4f7a-b563-abca4d66856e
2026-08-24T17:05:05 GET /api/v1/customer/notifications -> 200 moduleId=4 zoneId=[3] reqId=21649c57-6ae8-439c-82bb-6f4f84e0a61e
2026-08-24T17:05:05 GET /api/v1/module -> 200 moduleId=4 zoneId=[3] reqId=fa991c02-827f-4a92-bb2e-ccb37d86b23a
2026-08-24T17:05:05 GET /api/v1/coupon/list -> 200 moduleId=4 zoneId=[3] reqId=57ddea3e-af34-45aa-acb2-daec6499c9bc
2026-08-24T17:05:22 GET /api/v1/customer/cart/list -> 200 moduleId=4 zoneId=<absent> reqId=37742b55-a522-48ce-a4a3-cc28f156d8d4
2026-08-24T17:05:22 GET /api/v1/config -> 200 moduleId=4 zoneId= reqId=292b1a81-0f51-4759-8682-b47dc6f3b6e0
2026-08-24T17:05:23 GET /api/v1/customer/address/list -> 200 moduleId=4 zoneId= reqId=b80d2587-e08a-4b17-b07f-65867d34ec8a
2026-08-24T17:05:23 POST /api/v1/customer/cm-firebase-token -> 200 moduleId=4 zoneId= reqId=99cc3abf-8edf-4329-af11-853bb14864c7
2026-08-24T17:05:23 GET /api/v1/config/get-zone-id?lat=25.1&lng=55.15 -> 200 moduleId=4 zoneId= reqId=22b1a43c-f6ed-4e7e-a8e6-4d6dea9da760
2026-08-24T17:05:23 GET /api/v1/customer/cart/list -> 200 moduleId=4 zoneId=<absent> reqId=726049c4-7fd9-4057-a86d-9881f7786bdd
2026-08-24T17:05:23 GET /api/v1/customer/update-zone -> 200 moduleId=4 zoneId=[3] reqId=edabcb05-8cda-4202-aa0c-168b52769b3e
2026-08-24T17:05:23 GET /api/v1/config -> 200 moduleId=4 zoneId=[3] reqId=fe20329f-3763-4619-ae89-31003fe9be35
2026-08-24T17:05:23 GET /api/v1/config/get-zone-id?lat=25.1&lng=55.15 -> 200 moduleId=4 zoneId=[3] reqId=f89cf08c-5aa1-4bac-9aa0-da30bfac8a24
2026-08-24T17:05:23 GET /api/v1/customer/order/running-orders?offset=1&limit=50 -> 200 moduleId=4 zoneId=[3] reqId=3d08da77-b279-4921-9b40-35d45cadacb5
2026-08-24T17:05:23 GET /api/v1/customer/order/payment-failed -> 200 moduleId=4 zoneId=[3] reqId=f9c5835d-58a8-473e-8fcd-1e800e6bda8e
2026-08-24T17:05:23 GET /api/v1/config/get-zone-id?lat=25.1&lng=55.15 -> 200 moduleId=4 zoneId=[3] reqId=2b5f79e8-b7cc-427e-a5f8-8739b2f21d68
2026-08-24T17:05:24 GET /api/v1/module -> 200 moduleId=4 zoneId=[3] reqId=cc02226e-2b01-41c0-8b3e-07026902123e
2026-08-24T17:05:24 GET /api/v1/config/get-zone-id?lat=25.1&lng=55.15 -> 200 moduleId=4 zoneId=[3] reqId=6de45072-e503-4cc8-b793-a7045e43d70b
2026-08-24T17:05:24 POST /api/v1/customer/cm-firebase-token -> 200 moduleId=4 zoneId=[3] reqId=22d1ded6-35a0-4487-8121-8747382a2fca
2026-08-24T17:05:24 GET /api/v1/customer/info -> 200 moduleId=4 zoneId=[3] reqId=270f4c8b-96cc-4d08-9fa3-8a21f71474b1
2026-08-24T17:05:24 GET /api/v1/cashback/list -> 200 moduleId=4 zoneId=[3] reqId=4487af11-3fed-419f-9ed1-273e310bfba3
2026-08-24T17:05:24 GET /api/v1/customer/wish-list -> 200 moduleId=4 zoneId=[3] reqId=455a0e55-e0a1-4a63-b2ab-32573936dd45
2026-08-24T17:05:24 GET /api/v1/customer/cart/list -> 200 moduleId=4 zoneId=[3] reqId=b140e1ac-058d-45d5-b742-a8f90cdf468b
2026-08-24T17:05:24 GET /api/v1/stores/details/59 -> 200 moduleId=4 zoneId=[3] reqId=f7857ce0-b466-44a6-b702-dc82cf53a72a
2026-08-24T17:05:24 GET /api/v1/customer/cart/list -> 200 moduleId=4 zoneId=[3] reqId=a07862b7-c989-4489-98ec-92e548abd115
2026-08-24T17:05:24 GET /api/v1/stores/tower?tower_name=Tower%20A&offset=1&limit=25 -> 200 moduleId=4 zoneId=[3] reqId=d1ed7609-e5a1-4970-808e-24be979e3ab6
2026-08-24T17:05:25 GET /api/v1/stores/details/59 -> 200 moduleId=4 zoneId=[3] reqId=b74652ea-3f06-46a9-beda-dc9d675a5a44
2026-08-24T17:05:25 GET /api/v1/customer/notifications -> 200 moduleId=4 zoneId=[3] reqId=47630e68-e82a-4429-8945-5bdef4a3e785
2026-08-24T17:05:25 GET /api/v1/coupon/list -> 200 moduleId=4 zoneId=[3] reqId=927155b3-658f-45ec-8bf1-63cdf7dcca44
2026-08-24T17:05:25 GET /api/v1/module -> 200 moduleId=4 zoneId=[3] reqId=d3a05cce-c993-481d-ac0e-e6d0ce9de296
2026-08-24T17:05:25 GET / -> 200 moduleId=<absent> zoneId=<absent> reqId=<absent>
2026-08-24T17:05:25 GET / -> 200 moduleId=<absent> zoneId=<absent> reqId=<absent>
2026-08-24T17:05:26 GET /api/v1/config/distance-api?origin_lat=25.1&origin_lng=55.15&destination_lat=25.1&destination_lng=55.15&mode=WALK -> 200 moduleId=4 zoneId=[3] reqId=173ba872-ca60-4ba0-a735-530aa322b098
2026-08-24T17:05:26 GET /api/v1/categories -> 200 moduleId=4 zoneId=[3] reqId=8f19dbe3-de21-429a-ba58-975cff38e637
2026-08-24T17:05:26 GET /api/v1/categories/offers?limit=10&offset=1&store_id=59 -> 200 moduleId=4 zoneId=[3] reqId=b5f5eb7e-6a24-43fa-b333-0c44dc36f776
2026-08-24T17:05:26 GET /api/v1/items/latest?store_id=59&category_id=0&offset=1&limit=13&type=all&filter=%5B%5D&rating_count=&min_price=&max_price= -> 200 moduleId=4 zoneId=[3] reqId=290b01cf-2fd4-4212-9649-6f0e196c4ee9
2026-08-24T17:05:26 GET /api/v1/items/recommended?store_id=59&offset=1&limit=50 -> 200 moduleId=4 zoneId=[3] reqId=c8ea8f30-fd37-4f03-90d6-ea2ca5ac2f56
2026-08-24T17:05:26 GET /api/v1/config/get-zone-id?lat=25.1&lng=55.15 -> 200 moduleId=4 zoneId=[3] reqId=d64609b8-e8cd-4631-9620-a582626119e5
2026-08-24T17:05:27 GET /api/v1/vehicle/extra_charge?distance=0.0 -> 200 moduleId=4 zoneId=[3] reqId=75fd05d8-3573-46df-b86a-cb596ea88f90
2026-08-24T17:05:27 GET /api/v1/home/all -> 200 moduleId=4 zoneId=[3] reqId=48fa76c8-3f80-43e2-bc8b-a31f1893a46a
2026-08-24T17:05:27 GET /api/v1/other-banners -> 200 moduleId=4 zoneId=[3] reqId=30bf0443-1083-421b-9719-a3ad00df4bd1
2026-08-24T17:05:27 GET /api/v1/stores/get-stores/all?store_type=all&offset=1&limit=12 -> 200 moduleId=4 zoneId=[3] reqId=ef17d60a-957d-4c4f-9b1d-f8c0ed68cdf6
2026-08-24T17:05:27 GET /api/v1/customer/info -> 200 moduleId=4 zoneId=[3] reqId=6798b511-faed-4ecb-8951-726a3b5326b8
2026-08-24T17:05:27 GET /api/v1/flash-sales -> 200 moduleId=4 zoneId=[3] reqId=639d6184-eac7-4b56-ae71-8d7ad4f389a7
2026-08-24T17:05:28 GET /api/v1/items/discounted?type=all&offset=1&limit=25&min_price=0.0&max_price=9999999999.0 -> 200 moduleId=4 zoneId=[3] reqId=bf91875b-afa7-4bb2-8733-81bca108bbaa
2026-08-24T17:05:28 GET /api/v1/items/most-reviewed?type=all&offset=1&limit=25&min_price=0.0&max_price=9999999999.0 -> 200 moduleId=4 zoneId=[3] reqId=16c10b63-6b95-4dff-b91c-cc763b764d6e
2026-08-24T17:05:28 GET /api/v1/items/popular?type=all&offset=1&limit=25&min_price=0.0&max_price=9999999999.0 -> 200 moduleId=4 zoneId=[3] reqId=50bc269a-3156-4f24-b68f-c4b593c342ab
2026-08-24T17:05:28 GET /api/v1/campaigns/basic -> 200 moduleId=4 zoneId=[3] reqId=30a91262-0b8e-42e3-a011-be0d2ab66741
2026-08-24T17:05:28 GET /api/v1/campaigns/item -> 200 moduleId=4 zoneId=[3] reqId=51294811-b7dd-415b-9692-5804f5a557d7
2026-08-24T17:05:28 GET /api/v1/items/recommended?filter=all&limit=30 -> 200 moduleId=4 zoneId=[3] reqId=9fccba34-936e-4ed1-85ad-275c67af73d4
2026-08-24T17:05:28 GET /api/v1/advertisement/list -> 200 moduleId=4 zoneId=[3] reqId=3fe099f7-81fc-4d93-bb5e-1d337834ba7d
2026-08-24T17:05:29 GET /api/v1/customer/order/buy-it-again?limit=25&offset=1 -> 200 moduleId=4 zoneId=[3] reqId=284e4b24-5d5e-476d-b254-6509bcf71ddf
2026-08-24T17:05:29 GET /api/v1/customer/notifications -> 200 moduleId=4 zoneId=[3] reqId=08de325b-2be9-4e63-a0b9-abf28277a788
2026-08-24T17:05:29 GET /api/v1/coupon/list -> 200 moduleId=4 zoneId=[3] reqId=162101cd-19b4-4781-8a38-b2f32f750f02
2026-08-24T17:05:29 GET /api/v1/module -> 200 moduleId=4 zoneId=[3] reqId=64c08069-9fda-4836-8cbe-1b6642e06466
2026-08-24T17:05:52 GET / -> 200 moduleId=<absent> zoneId=<absent> reqId=<absent>
2026-08-24T17:05:52 GET / -> 200 moduleId=<absent> zoneId=<absent> reqId=<absent>
2026-08-24T17:05:59 GET /api/v1/config/get-zone-id?lat=25.1&lng=55.15 -> 200 moduleId=4 zoneId=[3] reqId=5ad31086-56e9-484f-abbc-67364c3c3b39
2026-08-24T17:05:59 GET /api/v1/stores/tower?tower_name=Tower%20A&offset=1&limit=25 -> 200 moduleId=4 zoneId=[3] reqId=4e7b622c-5983-41e6-a799-89149b85b471
2026-08-24T17:05:59 GET /api/v1/customer/order/running-orders?offset=1&limit=50 -> 200 moduleId=4 zoneId=[3] reqId=9be6213c-5565-4dd6-8a00-fa8a33f18cbd
2026-08-24T17:05:59 GET /api/v1/customer/order/payment-failed -> 200 moduleId=4 zoneId=[3] reqId=ad1831aa-641e-4a1a-bd47-996db9807d52
2026-08-24T17:06:00 GET /api/v1/home/all -> 200 moduleId=4 zoneId=[3] reqId=be872cee-3888-44d4-bf51-a7d47bb1b0af
2026-08-24T17:06:01 GET /api/v1/advertisement/list -> 200 moduleId=4 zoneId=[3] reqId=088aeff7-abd4-4cd6-bb79-f5253e780cbf
2026-08-24T17:06:01 GET /api/v1/stores/get-stores/all?store_type=all&offset=1&limit=12 -> 200 moduleId=4 zoneId=[3] reqId=b4eb902d-e734-44c0-8d9e-4fed4fdfc470
2026-08-24T17:06:01 GET /api/v1/items/most-reviewed?type=all&offset=1&limit=25&min_price=0.0&max_price=9999999999.0 -> 200 moduleId=4 zoneId=[3] reqId=25cf64f5-98e6-41c6-b4a2-3d567c1ccd3b
2026-08-24T17:06:01 GET /api/v1/customer/order/buy-it-again?limit=25&offset=1 -> 200 moduleId=4 zoneId=[3] reqId=107d3cdc-071f-43a4-9a37-6be64b9a7111
2026-08-24T17:06:01 GET /api/v1/items/popular?type=all&offset=1&limit=25&min_price=0.0&max_price=9999999999.0 -> 200 moduleId=4 zoneId=[3] reqId=5cf6a925-158c-464e-a29f-009cb0968091
2026-08-24T17:06:01 GET /api/v1/items/discounted?type=all&offset=1&limit=25&min_price=0.0&max_price=9999999999.0 -> 200 moduleId=4 zoneId=[3] reqId=aadc4126-93fe-45f5-be5f-0000f7d356af
2026-08-24T17:06:02 GET /api/v1/customer/info -> 200 moduleId=4 zoneId=[3] reqId=31327604-9a67-4758-bb1f-2042bafeae60
2026-08-24T17:06:02 GET /api/v1/customer/order/buy-it-again?limit=25&offset=1 -> 200 moduleId=4 zoneId=[3] reqId=a7e2f3e8-e0b9-4582-a446-aab53644b957
2026-08-24T17:06:02 GET /api/v1/module -> 200 moduleId=4 zoneId=[3] reqId=5df3e694-5a04-4c4c-96c5-c5c511235fba
2026-08-24T17:06:02 GET /api/v1/coupon/list -> 200 moduleId=4 zoneId=[3] reqId=ecfd5190-3d5b-480f-8d90-3af2e5577d72
2026-08-24T17:06:15 GET / -> 200 moduleId=<absent> zoneId=<absent> reqId=<absent>
2026-08-24T17:06:21 GET / -> 200 moduleId=<absent> zoneId=<absent> reqId=<absent>
2026-08-24T17:06:30 POST /api/v1/auth/guest/request -> 200 moduleId=4 zoneId=[3] reqId=f3e27f36-ef30-4e3a-ac0b-7a61ec581582
2026-08-24T17:06:30 POST /api/v1/customer/cm-firebase-token -> 200 moduleId=4 zoneId=[3] reqId=ba3081fd-0fa2-4cc2-96b0-c2850fc5d734
2026-08-24T17:06:40 GET / -> 200 moduleId=<absent> zoneId=<absent> reqId=<absent>
2026-08-24T17:06:42 GET / -> 200 moduleId=<absent> zoneId=<absent> reqId=<absent>
2026-08-24T17:07:04 GET / -> 200 moduleId=<absent> zoneId=<absent> reqId=<absent>
2026-08-24T17:07:07 POST /api/v1/auth/login -> 200 moduleId=4 zoneId= reqId=769f0e68-4f3a-4ad4-997a-9ad7ae915b72
2026-08-24T17:07:08 POST /api/v1/customer/cm-firebase-token -> 200 moduleId=4 zoneId= reqId=dc48ba55-1428-45b9-82bd-9472b14ad08d
2026-08-24T17:07:09 GET / -> 200 moduleId=<absent> zoneId=<absent> reqId=<absent>
2026-08-24T17:07:09 GET /api/v1/customer/cart/list -> 200 moduleId=4 zoneId=<absent> reqId=fc495f44-3ffa-4901-9d26-d70b9f16e726
2026-08-24T17:07:09 GET /api/v1/customer/info -> 200 moduleId=4 zoneId= reqId=ce915a53-6a66-44f4-b767-35b1e237ad0c
2026-08-24T17:07:12 GET /api/v1/config/geocode-api?lat=25.1&lng=55.1499983 -> 200 moduleId=4 zoneId= reqId=47555168-f3bb-47c9-ae34-249a580d962e
2026-08-24T17:07:13 GET /api/v1/config/get-zone-id?lat=25.1&lng=55.1499983 -> 200 moduleId=4 zoneId= reqId=1c9906a4-4442-4704-a794-c4023ac8ff7f
2026-08-24T17:07:14 GET /api/v1/config/get-zone-id?lat=25.1&lng=55.1499983 -> 200 moduleId=4 zoneId= reqId=2f9a8d49-1193-4703-9149-6087da0031b4
2026-08-24T17:07:15 GET /api/v1/config/get-zone-id?lat=25.1&lng=55.1499983 -> 200 moduleId=4 zoneId=[3] reqId=b46192b3-843c-47fd-b34d-fe9c4cf33596
2026-08-24T17:07:15 GET /api/v1/customer/order/payment-failed -> 200 moduleId=4 zoneId=[3] reqId=8e286a57-6afd-4dc6-bd0e-28f9a125970b
2026-08-24T17:07:15 GET /api/v1/customer/order/running-orders?offset=1&limit=50 -> 200 moduleId=4 zoneId=[3] reqId=f392b97a-22b4-4d72-8b7c-8f7e676c2baa
2026-08-24T17:07:15 GET /api/v1/config/get-zone-id?lat=25.1&lng=55.1499983 -> 200 moduleId=4 zoneId=[3] reqId=e4dca464-9d2f-4316-8a66-da93f8803bc1
2026-08-24T17:07:16 GET /api/v1/config -> 200 moduleId=4 zoneId=[3] reqId=fb6e888b-3480-4783-b15f-05f2c6f56509
2026-08-24T17:07:16 GET /api/v1/customer/update-zone -> 200 moduleId=4 zoneId=[3] reqId=4d8a4a8b-b447-41e9-adf1-04c411fad990
2026-08-24T17:07:16 GET /api/v1/customer/cart/list -> 200 moduleId=4 zoneId=<absent> reqId=48568af1-1b77-456d-b534-56f13bbc413f
2026-08-24T17:07:16 POST /api/v1/customer/cm-firebase-token -> 200 moduleId=4 zoneId=[3] reqId=808cb453-553b-429d-a552-68a50847c769
2026-08-24T17:07:16 GET /api/v1/customer/info -> 200 moduleId=4 zoneId=[3] reqId=79842263-5bb6-4525-9c5f-5e6f6a11fc6e
2026-08-24T17:07:17 GET /api/v1/stores/get-stores/all?featured=1&offset=1&limit=50 -> 200 moduleId=<absent> zoneId=[3] reqId=194445e2-adcc-4cc2-9e52-d51d60c4e7b4
2026-08-24T17:07:17 GET /api/v1/module -> 200 moduleId=4 zoneId=[3] reqId=df6be5d2-7cce-46d1-9375-221ae768979a
2026-08-24T17:07:17 GET /api/v1/customer/address/list -> 200 moduleId=4 zoneId=[3] reqId=10109a76-04dd-472a-b848-89419b193238
2026-08-24T17:07:17 GET /api/v1/banners?featured=1 -> 200 moduleId=<absent> zoneId=[3] reqId=f6b81c36-ad4e-4789-acb2-6f9b5859214a
2026-08-24T17:07:17 GET /api/v1/coupon/list -> 200 moduleId=4 zoneId=[3] reqId=29816321-038b-46dc-b91a-167f47129b4e
2026-08-24T17:07:17 GET /api/v1/customer/notifications -> 200 moduleId=4 zoneId=[3] reqId=6b077776-b6e9-41d7-9f36-cb63f148d471
2026-08-24T17:07:28 GET /api/v1/stores/details/59 -> 200 moduleId=4 zoneId=[3] reqId=2801c930-32ad-456e-a307-c7abe1e476d4
2026-08-24T17:07:28 GET /api/v1/config/get-zone-id?lat=25.1&lng=55.1499983 -> 200 moduleId=4 zoneId=[3] reqId=f52778bc-61d6-4111-971a-ec261cfbffae
2026-08-24T17:07:28 GET /api/v1/customer/cart/list -> 200 moduleId=4 zoneId=[3] reqId=c8f68e27-f766-41bb-afad-17274e394b82
2026-08-24T17:07:28 GET /api/v1/cashback/list -> 200 moduleId=4 zoneId=[3] reqId=91181f55-9158-43c5-afaa-5069aff10a4b
2026-08-24T17:07:28 GET /api/v1/customer/wish-list -> 200 moduleId=4 zoneId=[3] reqId=42830a62-be6e-42b5-960d-bcd32fb21e7a
2026-08-24T17:07:28 GET /api/v1/customer/cart/list -> 200 moduleId=4 zoneId=[3] reqId=33718b02-896c-4ffb-b01e-6d37852bf560
2026-08-24T17:07:28 GET /api/v1/cashback/list -> 200 moduleId=4 zoneId=[3] reqId=510109b8-6aa9-41ab-82e0-a46fd247e3d4
2026-08-24T17:07:28 GET /api/v1/home/all -> 200 moduleId=4 zoneId=[3] reqId=2167954c-f099-4bcb-b230-1467d1bea6e0
2026-08-24T17:07:29 GET /api/v1/advertisement/list -> 200 moduleId=4 zoneId=[3] reqId=111da33c-6302-4e01-b017-ec1d5d038094
2026-08-24T17:07:29 GET /api/v1/stores/get-stores/all?store_type=all&offset=1&limit=12 -> 200 moduleId=4 zoneId=[3] reqId=58241132-22ea-46ae-bcd4-ec3c093e7d85
2026-08-24T17:07:29 GET /api/v1/items/recommended?filter=all&limit=30 -> 200 moduleId=4 zoneId=[3] reqId=7e6413c5-d212-4601-9f75-27b108f08708
2026-08-24T17:07:29 GET /api/v1/campaigns/item -> 200 moduleId=4 zoneId=[3] reqId=f597dc71-928d-4dbf-8b12-43acef3fd060
2026-08-24T17:07:29 GET /api/v1/campaigns/basic -> 200 moduleId=4 zoneId=[3] reqId=671b7c34-3bbe-4575-a5be-30d610e21696
2026-08-24T17:07:29 GET /api/v1/items/most-reviewed?type=all&offset=1&limit=25&min_price=0.0&max_price=9999999999.0 -> 200 moduleId=4 zoneId=[3] reqId=44d89b56-25a6-4d18-b3f1-abddd7bb8f1d
2026-08-24T17:07:29 GET /api/v1/items/discounted?type=all&offset=1&limit=25&min_price=0.0&max_price=9999999999.0 -> 200 moduleId=4 zoneId=[3] reqId=5d13b09d-517e-48ba-aee1-35f71fbcb5a3
2026-08-24T17:07:30 GET /api/v1/items/popular?type=all&offset=1&limit=25&min_price=0.0&max_price=9999999999.0 -> 200 moduleId=4 zoneId=[3] reqId=e259156a-b968-4a01-865b-2d3110a4604a
2026-08-24T17:07:30 GET /api/v1/flash-sales -> 200 moduleId=4 zoneId=[3] reqId=7f6cf668-d5ef-4d0c-9256-761d885add75
2026-08-24T17:07:30 GET /api/v1/customer/info -> 200 moduleId=4 zoneId=[3] reqId=ef9b6581-ad3a-4bb0-91ab-ae06f7c317a8
2026-08-24T17:07:30 GET /api/v1/other-banners -> 200 moduleId=4 zoneId=[3] reqId=6fc7c00d-2ef5-49e6-840d-c653c0a44bcd
2026-08-24T17:07:30 GET / -> 200 moduleId=<absent> zoneId=<absent> reqId=<absent>
2026-08-24T17:07:30 GET /api/v1/customer/order/buy-it-again?limit=25&offset=1 -> 200 moduleId=4 zoneId=[3] reqId=3a95f03f-5e3e-4f9b-8e61-d33b072cc381
2026-08-24T17:07:30 GET /api/v1/module -> 200 moduleId=4 zoneId=[3] reqId=d04632b0-2701-44e1-8419-6b9ab1d24f17
2026-08-24T17:07:30 GET /api/v1/customer/notifications -> 200 moduleId=4 zoneId=[3] reqId=e2cba827-6519-40f3-b3c1-3a317aa6d4c2
2026-08-24T17:07:30 GET /api/v1/coupon/list -> 200 moduleId=4 zoneId=[3] reqId=ab50d077-8dd7-4a7b-8eb9-2146e9a267b6
2026-08-24T17:07:31 GET / -> 200 moduleId=<absent> zoneId=<absent> reqId=<absent>
2026-08-24T17:07:45 GET /api/v1/customer/cart/list -> 200 moduleId=4 zoneId=[3] reqId=4ba18472-34e4-4d4f-9d46-6b1eabf8d4e3
2026-08-24T17:07:50 GET / -> 200 moduleId=<absent> zoneId=<absent> reqId=<absent>
2026-08-24T17:07:54 GET / -> 200 moduleId=<absent> zoneId=<absent> reqId=<absent>
2026-08-24T17:08:02 GET /api/v1/customer/notifications -> 200 moduleId=4 zoneId=[3] reqId=9b74dd9c-8670-4697-a4b6-68908f742680
2026-08-24T17:08:10 GET / -> 200 moduleId=<absent> zoneId=<absent> reqId=<absent>
2026-08-24T17:08:14 GET / -> 200 moduleId=<absent> zoneId=<absent> reqId=<absent>
2026-08-24T17:08:23 GET /api/v1/customer/suggested-items -> 200 moduleId=4 zoneId=[3] reqId=55379392-40e3-4195-b3eb-bc6b6180c370
2026-08-24T17:08:23 GET /api/v1/categories/popular -> 200 moduleId=4 zoneId=[3] reqId=f6155f58-79f8-420c-bcf7-00b8140ee7c0
2026-08-24T17:08:34 GET / -> 200 moduleId=<absent> zoneId=<absent> reqId=<absent>
2026-08-24T17:08:39 GET / -> 200 moduleId=<absent> zoneId=<absent> reqId=<absent>
2026-08-24T17:09:01 GET / -> 200 moduleId=<absent> zoneId=<absent> reqId=<absent>
2026-08-24T17:09:01 GET / -> 200 moduleId=<absent> zoneId=<absent> reqId=<absent>
2026-08-24T17:09:25 GET / -> 200 moduleId=<absent> zoneId=<absent> reqId=<absent>
