NEARS-1199: using private test DB multi_food_db_test_nears_nears_3489_backend_devenv_residue_
PHPUnit 11.5.55 by Sebastian Bergmann and contributors.

Runtime:       PHP 8.5.6
Configuration: /Users/Apple/Projects/nears-NEARS-3489-backend-devenv-residue-batch2/Admin/phpunit.xml

.............................................................   61 / 2532 (  2%)
.............................................................  122 / 2532 (  4%)
............................................................[FAIL] OpenTelemetry export failed; Laravel logger unavailable: Monolog handler is dead (bad channel / full disk)
[FAIL] OpenTelemetry export failed; Laravel logger unavailable: Monolog handler is dead (bad channel / full disk)
.  183 / 2532 (  7%)
...................................
NEARS-3207 admin route smoke sweep: total=399 executed=359 skipped_action=7 skipped_param=33 status_distribution={"200":296,"302":14,"404":49}
..........................  244 / 2532 (  9%)
.............................................................  305 / 2532 ( 12%)
.............................................................  366 / 2532 ( 14%)
...................................................F.........  427 / 2532 ( 16%)
.............................................................  488 / 2532 ( 19%)
.............................................................  549 / 2532 ( 21%)
.............................................................  610 / 2532 ( 24%)
.............................................................  671 / 2532 ( 26%)
.............................................................  732 / 2532 ( 28%)
.............................................................  793 / 2532 ( 31%)
.............................................................  854 / 2532 ( 33%)
.............................................................  915 / 2532 ( 36%)
.............................................................  976 / 2532 ( 38%)
............................................................. 1037 / 2532 ( 40%)
............................................................. 1098 / 2532 ( 43%)
............................................................. 1159 / 2532 ( 45%)
............................................................. 1220 / 2532 ( 48%)
............................................................. 1281 / 2532 ( 50%)
............................................................. 1342 / 2532 ( 53%)
............................................................. 1403 / 2532 ( 55%)
............................................................. 1464 / 2532 ( 57%)
............................................................. 1525 / 2532 ( 60%)
............................................................. 1586 / 2532 ( 62%)
............................................................. 1647 / 2532 ( 65%)
............................................................. 1708 / 2532 ( 67%)
............................................................. 1769 / 2532 ( 69%)
............................................................. 1830 / 2532 ( 72%)
............................................................. 1891 / 2532 ( 74%)
............................................................. 1952 / 2532 ( 77%)
............................................................. 2013 / 2532 ( 79%)
............................................................. 2074 / 2532 ( 81%)
............................................................. 2135 / 2532 ( 84%)
............................................................. 2196 / 2532 ( 86%)
............................................................. 2257 / 2532 ( 89%)
............................................................. 2318 / 2532 ( 91%)
............................................................. 2379 / 2532 ( 93%)
..........................S.................................. 2440 / 2532 ( 96%)
............................................................. 2501 / 2532 ( 98%)
...............................                               2532 / 2532 (100%)

Time: 06:10.979, Memory: 916.50 MB

There was 1 failure:

1) Tests\Feature\ConfigContractTest::test_decimal_precision_is_two_not_whole_dirhams
NEARS-2019 (EXPECTED RED — the money defect, not a broken build): digit_after_decimal_point is not 2, so PlaceNewOrder rounds PERSISTED order money to whole dirhams — order_amount, delivery_charge, total_tax_amount, the discount fields and every order_details line price. Up to a half-dirham is added to or removed from what the customer is actually charged. THIS TEST READS THE PHPUNIT TWIN (multi_food_db_test*), NEVER multi_food_db, so it pins the SEED contract and not the live config. CORRECTING THE LIVE SETTING ALONE WILL NOT CLEAR IT — a data change never triggers a re-clone (setup_test_db.sh re-clones only on an applied-migration-signature mismatch). To go green, all three: (1) set digit_after_decimal_point to 2 via Admin -> Business Setup or a versioned seeder, never raw DML, then `php artisan cache:clear` (settings are cached rememberForever, so skipping this makes a correct fix look like it failed); (2) re-dump the corrected DB and rebuild the twin: TEST_DB_BACKUP=/path/to/dump.sql bash scripts/setup_test_db.sh ; (3) FORCE the clones to rebuild: bash scripts/setup_test_db.sh --drop-stale (or --clone <worktree_slug> per worktree). See docs/solutions/NEARS-2019-persisted-money-rounding.md.
Failed asserting that 0 is identical to 2.

/Users/Apple/Projects/nears-NEARS-3489-backend-devenv-residue-batch2/Admin/tests/Feature/ConfigContractTest.php:310

FAILURES!
Tests: 2532, Assertions: 18041, Failures: 1, PHPUnit Deprecations: 1, Skipped: 1.

[exited with code 0]
