# AC-BE: GET /api/v1/customer/order/payment-failed  HEAD=:8148->:8147 (96107e7ad)  BASE=:8149 (1e58fe464)  DB nears_qa_3947. Tokens shown by presence/length only.
# group 3f64a660 (user 1): #91406 failed/digital/unpaid 107.88 + #91407 failed/digital/unpaid 23.97 (pre-existing seed group). non-group: user 6 #91404 (no-id branch), #91402
== g3f64-noid  query=  head_rid=0e2beeff-c32c-4c30-9fcf-058e17ca588a base_rid=96a84121-4dee-44f4-82df-5132687ca7fc
HEAD 200 {"cash_on_delivery": true, "digital_payment": false, "offline_payment": false, "cod_eligible": true, "order_id": 91407, "payment_token": "<present len=312>", "order_amount": 23.97, "partially_paid_amount": 0, "order_type": "delivery", "user_id": 1, "zone_id": 2, "payment_status": "unpaid", "payment_method": "digital_payment", "contact_person_number": "+101600000001", "order_group_id": "3f64a660-ae8b-4718-a933-4667e4981cd5", "group_payment_token": "<present len=400>", "group_amount_due": 131.85}
BASE 200 {"cash_on_delivery": true, "digital_payment": false, "offline_payment": false, "cod_eligible": true, "order_id": 91407, "payment_token": "<present len=312>", "order_amount": 23.97, "partially_paid_amount": 0, "order_type": "delivery", "user_id": 1, "zone_id": 2, "payment_status": "unpaid", "payment_method": "digital_payment", "contact_person_number": "+101600000001"}
head-only keys=['order_group_id', 'group_payment_token', 'group_amount_due'] new_keys_last=True  other keys identical(order+values, tokens by presence)=True
== g3f64-91406  query=order_id=91406  head_rid=f01e51fd-a317-4426-8109-8f7a5f7a5105 base_rid=62a1f7e1-1699-4321-ab5a-18e33f14bcd4
HEAD 200 {"cash_on_delivery": true, "digital_payment": false, "offline_payment": false, "cod_eligible": true, "order_id": 91406, "payment_token": "<present len=312>", "order_amount": 107.88, "partially_paid_amount": 0, "order_type": "delivery", "user_id": 1, "zone_id": 2, "payment_status": "unpaid", "payment_method": "digital_payment", "contact_person_number": "+101600000001", "order_group_id": "3f64a660-ae8b-4718-a933-4667e4981cd5", "group_payment_token": "<present len=400>", "group_amount_due": 131.85}
BASE 200 {"cash_on_delivery": true, "digital_payment": false, "offline_payment": false, "cod_eligible": true, "order_id": 91406, "payment_token": "<present len=312>", "order_amount": 107.88, "partially_paid_amount": 0, "order_type": "delivery", "user_id": 1, "zone_id": 2, "payment_status": "unpaid", "payment_method": "digital_payment", "contact_person_number": "+101600000001"}
head-only keys=['order_group_id', 'group_payment_token', 'group_amount_due'] new_keys_last=True  other keys identical(order+values, tokens by presence)=True
== g3f64-91407  query=order_id=91407  head_rid=f71aced9-fed6-4455-8517-e16beafa4931 base_rid=a76449d1-c079-4017-8d1f-7a2e57d66f5f
HEAD 200 {"cash_on_delivery": true, "digital_payment": false, "offline_payment": false, "cod_eligible": true, "order_id": 91407, "payment_token": "<present len=312>", "order_amount": 23.97, "partially_paid_amount": 0, "order_type": "delivery", "user_id": 1, "zone_id": 2, "payment_status": "unpaid", "payment_method": "digital_payment", "contact_person_number": "+101600000001", "order_group_id": "3f64a660-ae8b-4718-a933-4667e4981cd5", "group_payment_token": "<present len=400>", "group_amount_due": 131.85}
BASE 200 {"cash_on_delivery": true, "digital_payment": false, "offline_payment": false, "cod_eligible": true, "order_id": 91407, "payment_token": "<present len=312>", "order_amount": 23.97, "partially_paid_amount": 0, "order_type": "delivery", "user_id": 1, "zone_id": 2, "payment_status": "unpaid", "payment_method": "digital_payment", "contact_person_number": "+101600000001"}
head-only keys=['order_group_id', 'group_payment_token', 'group_amount_due'] new_keys_last=True  other keys identical(order+values, tokens by presence)=True
== nongroup-noid  query=  head_rid=8c501498-98d8-4140-be83-b6ba619b12a7 base_rid=d7ae9957-6375-40f8-8dc7-416787d0af7b
HEAD 200 {"cash_on_delivery": true, "digital_payment": false, "offline_payment": false, "cod_eligible": false, "order_id": 91404, "payment_token": "<present len=312>", "order_amount": 377.58, "partially_paid_amount": 0, "order_type": "delivery", "user_id": 6, "zone_id": 2, "payment_status": "unpaid", "payment_method": "digital_payment", "contact_person_number": "+971565811199", "order_group_id": null, "group_payment_token": null, "group_amount_due": null}
BASE 200 {"cash_on_delivery": true, "digital_payment": false, "offline_payment": false, "cod_eligible": false, "order_id": 91404, "payment_token": "<present len=312>", "order_amount": 377.58, "partially_paid_amount": 0, "order_type": "delivery", "user_id": 6, "zone_id": 2, "payment_status": "unpaid", "payment_method": "digital_payment", "contact_person_number": "+971565811199"}
head-only keys=['order_group_id', 'group_payment_token', 'group_amount_due'] new_keys_last=True  other keys identical(order+values, tokens by presence)=True
== nongroup-91402  query=order_id=91402  head_rid=324b4d9b-6b38-4c6e-afb1-755b55fa1e79 base_rid=ca11cbf6-1259-4321-9b25-be86610a0730
HEAD 200 {"cash_on_delivery": true, "digital_payment": true, "offline_payment": true, "cod_eligible": true, "order_id": 91402, "payment_token": "<present len=312>", "order_amount": 37.8, "partially_paid_amount": 0, "order_type": "delivery", "user_id": 6, "zone_id": 1, "payment_status": "unpaid", "payment_method": "digital_payment", "contact_person_number": "+971565811199", "order_group_id": null, "group_payment_token": null, "group_amount_due": null}
BASE 200 {"cash_on_delivery": true, "digital_payment": true, "offline_payment": true, "cod_eligible": true, "order_id": 91402, "payment_token": "<present len=312>", "order_amount": 37.8, "partially_paid_amount": 0, "order_type": "delivery", "user_id": 6, "zone_id": 1, "payment_status": "unpaid", "payment_method": "digital_payment", "contact_person_number": "+971565811199"}
head-only keys=['order_group_id', 'group_payment_token', 'group_amount_due'] new_keys_last=True  other keys identical(order+values, tokens by presence)=True
