== RESUME SHEET (AR) id node glyph clusters (x0,x1,ytop,ybot): 13
  #0 x=517-547 w=31 y=39-75 gapL=None gapR=5 
  #1 x=553-580 w=28 y=39-75 gapL=5 gapR=6 
  #2 x=587-602 w=16 y=39-75 gapL=6 gapR=10 
  #3 x=613-641 w=29 y=39-75 gapL=10 gapR=6 
  #4 x=648-673 w=26 y=39-75 gapL=6 gapR=7 
  #5 x=681-708 w=28 y=39-75 gapL=7 gapR=6 
  #6 x=715-722 w=8 y=71-84 gapL=6 gapR=17 COMMA
  #7 x=740-770 w=31 y=39-75 gapL=17 gapR=4 
  #8 x=775-802 w=28 y=39-75 gapL=4 gapR=7 
  #9 x=810-825 w=16 y=39-75 gapL=7 gapR=9 
  #10 x=835-864 w=30 y=39-75 gapL=9 gapR=6 
  #11 x=871-896 w=26 y=39-75 gapL=6 gapR=6 
  #12 x=903-931 w=29 y=39-75 gapL=6 gapR=None 
== FAILED SCREEN (AR) label+id line glyph clusters (x0,x1,ytop,ybot): 15
  #0 x=23-53 w=31 y=171-212 gapL=None gapR=6 
  #1 x=60-90 w=31 y=170-212 gapL=6 gapR=7 
  #2 x=98-111 w=14 y=170-212 gapL=7 gapR=11 
  #3 x=123-154 w=32 y=170-212 gapL=11 gapR=6 
  #4 x=161-190 w=30 y=170-212 gapL=6 gapR=6 
  #5 x=197-228 w=32 y=170-212 gapL=6 gapR=7 
  #6 x=236-242 w=7 y=206-220 gapL=7 gapR=21 COMMA
  #7 x=264-294 w=31 y=171-212 gapL=21 gapR=6 
  #8 x=301-332 w=32 y=170-212 gapL=6 gapR=6 
  #9 x=339-353 w=15 y=170-212 gapL=6 gapR=10 
  #10 x=364-396 w=33 y=170-212 gapL=10 gapR=5 
  #11 x=402-431 w=30 y=170-212 gapL=5 gapR=6 
  #12 x=438-470 w=33 y=170-212 gapL=6 gapR=20 
  #13 x=491-528 w=38 y=179-212 gapL=20 gapR=9 
  #14 x=538-618 w=81 y=174-224 gapL=9 gapR=None 
