NEARS-1199: using private test DB multi_food_db_test_nears_nears_2266_vendor_order_details_pi
PHPUnit 11.5.55 by Sebastian Bergmann and contributors.

Runtime:       PHP 8.5.6
Configuration: /Users/Apple/Projects/nears-NEARS-2266-vendor-order-details-pii/Admin/phpunit.xml

...........                                                       11 / 11 (100%)

Time: 00:01.477, Memory: 60.50 MB

Order Customer Pii (Tests\Feature\Security\OrderCustomerPii)
 ✔ Dm current orders customer carries no pii
 ✔ Dm latest orders customer carries no pii
 ✔ Dm get order customer carries no pii
 ✔ Dm all orders customer carries no pii
 ✔ Vendor get order reveals customer phone only while the order is live
 ✔ Credential adjacent fields are unreachable even on the revealed site
 ✔ Guest order without a customer does not error
 ✔ Vendor order details parcel customer carries no pii
 ✔ Vendor order details prescription customer carries no pii
 ✔ Vendor order details guest parcel order does not error
 ✔ Pii finder detects the fields on a raw customer payload

OK, but there were issues!
Tests: 11, Assertions: 300, PHPUnit Deprecations: 1.
