NEARS-1199: using private test DB multi_food_db_test_nears_nears_2266_vendor_order_details_pi
PHPUnit 11.5.55 by Sebastian Bergmann and contributors.

Runtime:       PHP 8.5.6
Configuration: /Users/Apple/Projects/nears-NEARS-2266-vendor-order-details-pii/Admin/phpunit.xml

F                                                                   1 / 1 (100%)

Time: 00:00.347, Memory: 54.50 MB

There was 1 failure:

1) Tests\Feature\Security\OrderCustomerPiiTest::test_vendor_order_details_parcel_customer_carries_no_pii
NEARS-2266: vendor get_order_details (parcel) carries customer PII somewhere in the response body: email, temp_token
Failed asserting that two arrays are identical.
--- Expected
+++ Actual
@@ @@
-Array &0 []
+Array &0 [
+    0 => 'email',
+    1 => 'temp_token',
+]

/Users/Apple/Projects/nears-NEARS-2266-vendor-order-details-pii/Admin/tests/Feature/Security/OrderCustomerPiiTest.php:497
/Users/Apple/Projects/nears-NEARS-2266-vendor-order-details-pii/Admin/tests/Feature/Security/OrderCustomerPiiTest.php:507

FAILURES!
Tests: 1, Assertions: 38, Failures: 1, PHPUnit Deprecations: 1.
