# NEARS-3945 app log excerpt (flutter run, pid 18121, flag ON phase) - [FAIL]/[ERR] + money endpoints
I/flutter (18121): [FAIL] endpoint=null http_status=null type=FirebaseInitFailure msg="firebase init failed (PlatformException)"
I/flutter (18121): [FAIL] endpoint=null http_status=null type=KilledLaunchNotificationFailure msg="killed-launch getInitialMessage failed (FirebaseException)"
I/flutter (18121): [FAIL] endpoint=null http_status=null type=FcmTokenFetchFailure msg="FCM registration id fetch failed"
I/flutter (18121): [FAIL] endpoint=null http_status=null type=GetPositionFailure msg="location: getPosition threw (TimeoutException) — trying the AD1 fallback ladder"
I/flutter (18121): [FAIL] endpoint=null http_status=null type=FcmTopicConfigFailure msg="configureFirebaseMessaging: FCM topic subscribe/unsubscribe failed"
I/flutter (18121): [NET] POST endpoint=/api/v1/customer/order/get-Tax
I/flutter (18121): [NET] GET endpoint=/api/v1/cashback/getCashback
I/flutter (18121): [NET] endpoint=/api/v1/customer/order/get-Tax http_status=200
I/flutter (18121): [NET] endpoint=/api/v1/cashback/getCashback http_status=200
I/flutter (18121): [NET] GET endpoint=/api/v1/cashback/getCashback
I/flutter (18121): [NET] GET endpoint=/api/v1/cashback/getCashback
I/flutter (18121): [NET] endpoint=/api/v1/cashback/getCashback http_status=200
I/flutter (18121): [NET] endpoint=/api/v1/cashback/getCashback http_status=200
I/flutter (18121): [NET] POST endpoint=/api/v1/customer/order/get-Tax
I/flutter (18121): [NET] endpoint=/api/v1/customer/order/get-Tax http_status=200
I/flutter (18121): [INFO] msg="multipart POST endpoint=/api/v1/customer/order/place"
I/flutter (18121): [NET] endpoint=/api/v1/customer/order/place http_status=200
I/flutter (18121): [NET] POST endpoint=/api/v1/customer/order/get-Tax
I/flutter (18121): [NET] POST endpoint=/api/v1/customer/order/get-Tax
I/flutter (18121): [NET] endpoint=/api/v1/customer/order/get-Tax http_status=200
I/flutter (18121): [NET] endpoint=/api/v1/customer/order/get-Tax http_status=200
I/flutter (18121): [NET] GET endpoint=/api/v1/cashback/getCashback
I/flutter (18121): [NET] endpoint=/api/v1/cashback/getCashback http_status=200
I/flutter (18121): [NET] GET endpoint=/api/v1/cashback/getCashback
I/flutter (18121): [NET] endpoint=/api/v1/cashback/getCashback http_status=200
I/flutter (18121): [NET] POST endpoint=/api/v1/customer/order/get-Tax
I/flutter (18121): [NET] POST endpoint=/api/v1/customer/order/get-Tax
I/flutter (18121): [NET] endpoint=/api/v1/customer/order/get-Tax http_status=200
I/flutter (18121): [NET] endpoint=/api/v1/customer/order/get-Tax http_status=200
I/flutter (18121): [NET] GET endpoint=/api/v1/cashback/getCashback
I/flutter (18121): [NET] endpoint=/api/v1/cashback/getCashback http_status=200
I/flutter (18121): [NET] POST endpoint=/api/v1/customer/order/group/validate
I/flutter (18121): [NET] endpoint=/api/v1/customer/order/group/validate http_status=200
I/flutter (18121): [NET] POST endpoint=/api/v1/customer/order/group/place
I/flutter (18121): [NET] endpoint=/api/v1/customer/order/group/place http_status=200
I/flutter (18121): [NET] GET endpoint=/api/v1/customer/order/group/details
I/flutter (18121): [NET] endpoint=/api/v1/customer/order/group/details http_status=200
I/flutter (18121): [NET] GET endpoint=/api/v1/cashback/getCashback
I/flutter (18121): [NET] endpoint=/api/v1/cashback/getCashback http_status=200
I/flutter (18121): [FAIL] endpoint=null http_status=null type=GetPositionFailure msg="location: getPosition threw (TimeoutException) — trying the AD1 fallback ladder"
I/flutter (18121): [NET] GET endpoint=/api/v1/customer/order/group/details
I/flutter (18121): [NET] endpoint=/api/v1/customer/order/group/details http_status=200
I/flutter (18121): [NET] GET endpoint=/api/v1/customer/order/group/details
I/flutter (18121): [NET] endpoint=/api/v1/customer/order/group/details http_status=200
I/flutter (18121): [NET] POST endpoint=/api/v1/customer/order/get-Tax
I/flutter (18121): [NET] GET endpoint=/api/v1/cashback/getCashback
I/flutter (18121): [NET] endpoint=/api/v1/customer/order/get-Tax http_status=200
I/flutter (18121): [NET] endpoint=/api/v1/cashback/getCashback http_status=200
I/flutter (18121): [NET] GET endpoint=/api/v1/cashback/getCashback
I/flutter (18121): [NET] endpoint=/api/v1/cashback/getCashback http_status=200
I/flutter (18121): [NET] POST endpoint=/api/v1/customer/order/get-Tax
I/flutter (18121): [NET] endpoint=/api/v1/customer/order/get-Tax http_status=200
I/flutter (18121): [INFO] msg="multipart POST endpoint=/api/v1/customer/order/place"
I/flutter (18121): [NET] endpoint=/api/v1/customer/order/place http_status=200
I/flutter (18121): [NET] POST endpoint=/api/v1/customer/order/get-Tax
I/flutter (18121): [NET] endpoint=/api/v1/customer/order/get-Tax http_status=200
I/flutter (18121): [NET] GET endpoint=/api/v1/cashback/getCashback
I/flutter (18121): [NET] endpoint=/api/v1/cashback/getCashback http_status=200
I/flutter (18121): [NET] POST endpoint=/api/v1/customer/order/get-Tax
I/flutter (18121): [NET] endpoint=/api/v1/customer/order/get-Tax http_status=200
I/flutter (18121): [INFO] msg="multipart POST endpoint=/api/v1/customer/order/place"
I/flutter (18121): [NET] endpoint=/api/v1/customer/order/place http_status=200
I/flutter (18121): [NET] POST endpoint=/api/v1/customer/order/get-Tax
I/flutter (18121): [NET] GET endpoint=/api/v1/cashback/getCashback
I/flutter (18121): [NET] endpoint=/api/v1/customer/order/get-Tax http_status=200
I/flutter (18121): [NET] endpoint=/api/v1/cashback/getCashback http_status=200
I/flutter (18121): [NET] GET endpoint=/api/v1/cashback/getCashback
I/flutter (18121): [NET] endpoint=/api/v1/cashback/getCashback http_status=200
I/flutter (18121): [NET] POST endpoint=/api/v1/customer/order/get-Tax
I/flutter (18121): [NET] endpoint=/api/v1/customer/order/get-Tax http_status=200
I/flutter (18121): [FAIL] endpoint=null http_status=null type=PlaceOrderBlocked msg="checkout: place-order blocked reason=minimum_order_amount_is store_id=1"
I/flutter (18121): [FAIL] endpoint=null http_status=null type=PlaceOrderBlocked msg="checkout: place-order blocked reason=minimum_order_amount_is store_id=1"
I/flutter (18121): [NET] POST endpoint=/api/v1/customer/order/get-Tax
I/flutter (18121): [NET] endpoint=/api/v1/customer/order/get-Tax http_status=200
I/flutter (18121): [NET] GET endpoint=/api/v1/cashback/getCashback
I/flutter (18121): [NET] endpoint=/api/v1/cashback/getCashback http_status=200
I/flutter (18121): [NET] POST endpoint=/api/v1/customer/order/get-Tax
I/flutter (18121): [NET] endpoint=/api/v1/customer/order/get-Tax http_status=200
I/flutter (18121): [INFO] msg="multipart POST endpoint=/api/v1/customer/order/place"
I/flutter (18121): [NET] endpoint=/api/v1/customer/order/place http_status=200
I/flutter (18121): [FAIL] endpoint=null http_status=null type=GetPositionFailure msg="location: getPosition threw (TimeoutException) — trying the AD1 fallback ladder"
# flag-OFF phase (logcat after restart, pid 24140)
09-30 20:37:49.565 I/flutter (24140): [FAIL] endpoint=null http_status=null type=FirebaseInitFailure msg="firebase init failed (PlatformException)"
09-30 20:37:49.719 I/flutter (24140): [FAIL] endpoint=null http_status=null type=KilledLaunchNotificationFailure msg="killed-launch getInitialMessage failed (FirebaseException)"
09-30 20:37:54.462 I/flutter (24140): [FAIL] endpoint=null http_status=null type=GetPositionFailure msg="location: getPosition threw (TimeoutException) — trying the AD1 fallback ladder"
09-30 20:39:28.441 I/flutter (24140): [NET] POST endpoint=/api/v1/customer/order/get-Tax
09-30 20:39:29.299 I/flutter (24140): [NET] endpoint=/api/v1/customer/order/get-Tax http_status=200
09-30 20:39:30.112 I/flutter (24140): [NET] GET endpoint=/api/v1/cashback/getCashback
09-30 20:39:30.961 I/flutter (24140): [NET] endpoint=/api/v1/cashback/getCashback http_status=200
09-30 20:40:03.346 I/flutter (24140): [NET] POST endpoint=/api/v1/customer/order/get-Tax
09-30 20:40:03.963 I/flutter (24140): [NET] endpoint=/api/v1/customer/order/get-Tax http_status=200
09-30 20:40:19.602 I/flutter (24140): [INFO] msg="multipart POST endpoint=/api/v1/customer/order/place"
09-30 20:40:22.824 I/flutter (24140): [NET] endpoint=/api/v1/customer/order/place http_status=200
