--------- beginning of main
08-27 08:43:31.383 13229 13229 I flutter : [NET] endpoint=/api/v1/config/get-zone-id http_status=200
08-27 08:43:31.384 13229 13229 I flutter : [INFO] msg="location: inZone=true"
08-27 08:43:31.390 13229 13229 I flutter : [NET] GET endpoint=/api/v1/home/all
08-27 08:43:32.451 13229 13229 I flutter : [NET] endpoint=/api/v1/home/all http_status=200
08-27 08:43:32.457 13229 13229 I flutter : [NET] GET endpoint=/api/v1/customer/info
08-27 08:43:32.491 13229 13229 I flutter : [NET] GET endpoint=/api/v1/items/popular
08-27 08:43:32.493 13229 13229 I flutter : [NET] GET endpoint=/api/v1/items/most-reviewed
08-27 08:43:32.501 13229 13229 I flutter : [NET] GET endpoint=/api/v1/customer/order/buy-it-again
08-27 08:43:32.503 13229 13229 I flutter : [NET] GET endpoint=/api/v1/stores/get-stores/all
08-27 08:43:32.513 13229 13229 I flutter : [NET] GET endpoint=/api/v1/advertisement/list
08-27 08:43:33.438 13229 13229 I flutter : [NET] endpoint=/api/v1/advertisement/list http_status=200
08-27 08:43:33.443 13229 13229 I flutter : [NET] endpoint=/api/v1/items/most-reviewed http_status=200
08-27 08:43:33.448 13229 13229 I flutter : [NET] endpoint=/api/v1/customer/info http_status=200
08-27 08:43:33.452 13229 13229 I flutter : [NET] GET endpoint=/api/v1/coupon/list
08-27 08:43:33.473 13229 13229 I flutter : [NET] endpoint=/api/v1/items/popular http_status=200
08-27 08:43:33.648 13229 13229 I flutter : [NET] GET endpoint=/api/v1/module
08-27 08:43:33.668 13229 13229 I flutter : [NET] endpoint=/api/v1/customer/order/buy-it-again http_status=200
08-27 08:43:34.061 13229 13229 I flutter : [NET] endpoint=/api/v1/stores/get-stores/all http_status=200
08-27 08:43:34.073 13229 13229 I flutter : [NET] GET endpoint=/api/v1/customer/order/buy-it-again
08-27 08:43:34.080 13229 13229 I flutter : [NET] endpoint=/api/v1/coupon/list http_status=200
08-27 08:43:34.785 13229 13229 I flutter : [NET] endpoint=/api/v1/module http_status=200
08-27 08:43:35.274 13229 13229 I flutter : [NET] endpoint=/api/v1/customer/order/buy-it-again http_status=200
08-27 08:43:37.039 13229 13229 I flutter : [INFO] msg="route: waiting for module=grocery-food"
08-27 08:43:37.040 13229 13229 I flutter : [INFO] msg="route: checkModuleId configNull=false hasAddress=true fromDeeplink=false"
08-27 08:43:37.040 13229 13229 I flutter : [INFO] msg="route: not from deeplink, skipping module fetch"
08-27 08:43:37.046 13229 13229 I flutter : [INFO] msg="route: module future state=ConnectionState.waiting hasData=false hasError=false"
08-27 08:43:37.169 13229 13229 I flutter : [INFO] msg="route: module future state=ConnectionState.done hasData=false hasError=false"
08-27 08:43:37.173 13229 13229 I flutter : [NET] GET endpoint=/api/v1/categories/popular
08-27 08:43:37.183 13229 13229 I flutter : [NET] GET endpoint=/api/v1/customer/suggested-items
08-27 08:43:38.745 13229 13229 I flutter : [NET] endpoint=/api/v1/categories/popular http_status=200
08-27 08:43:38.762 13229 13229 I flutter : [NET] endpoint=/api/v1/customer/suggested-items http_status=200
08-27 08:43:42.241 13229 13229 I flutter : [INFO] msg="route: waiting for module=grocery-food"
08-27 08:43:42.241 13229 13229 I flutter : [INFO] msg="route: checkModuleId configNull=false hasAddress=true fromDeeplink=false"
08-27 08:43:42.241 13229 13229 I flutter : [INFO] msg="route: not from deeplink, skipping module fetch"
08-27 08:43:42.244 13229 13229 I flutter : [INFO] msg="route: module future state=ConnectionState.waiting hasData=false hasError=false"
08-27 08:43:42.310 13229 13229 I flutter : [INFO] msg="route: module future state=ConnectionState.done hasData=false hasError=false"
08-27 08:43:42.312 13229 13229 I flutter : [INFO] msg="cart restored with 1 items"
08-27 08:43:42.317 13229 13229 I flutter : [NET] GET endpoint=/api/v1/stores/details/37
08-27 08:43:43.233 13229 13229 I flutter : [NET] endpoint=/api/v1/stores/details/37 http_status=200
08-27 08:43:43.237 13229 13229 I flutter : 📊 analytics: view_store {store_id: 37}
08-27 08:43:45.175 13229 13229 I flutter : [INFO] msg="route: waiting for module=grocery-food"
08-27 08:43:45.176 13229 13229 I flutter : [INFO] msg="route: checkModuleId configNull=false hasAddress=true fromDeeplink=false"
08-27 08:43:45.177 13229 13229 I flutter : [INFO] msg="route: not from deeplink, skipping module fetch"
08-27 08:43:45.177 13229 13229 I flutter : [INFO] msg="route: module future state=ConnectionState.waiting hasData=false hasError=false"
08-27 08:43:45.217 13229 13229 I flutter : [INFO] msg="route: module future state=ConnectionState.done hasData=false hasError=false"
08-27 08:43:45.219 13229 13229 I flutter : [INFO] msg="cart restored with 1 items"
08-27 08:43:45.220 13229 13229 I flutter : [NET] GET endpoint=/api/v1/stores/details/37
08-27 08:43:46.296 13229 13229 I flutter : [NET] endpoint=/api/v1/stores/details/37 http_status=200
08-27 08:43:46.313 13229 13229 I flutter : 📊 analytics: view_store {store_id: 37}
08-27 08:43:48.607 13229 13229 I flutter : [INFO] msg="route: waiting for module=grocery-food"
08-27 08:43:48.607 13229 13229 I flutter : [INFO] msg="route: checkModuleId configNull=false hasAddress=true fromDeeplink=false"
08-27 08:43:48.607 13229 13229 I flutter : [INFO] msg="route: not from deeplink, skipping module fetch"
08-27 08:43:48.608 13229 13229 I flutter : [INFO] msg="route: module future state=ConnectionState.waiting hasData=false hasError=false"
08-27 08:43:48.627 13229 13229 I flutter : [INFO] msg="route: module future state=ConnectionState.done hasData=false hasError=false"
08-27 08:43:48.628 13229 13229 I flutter : [INFO] msg="cart restored with 1 items"
08-27 08:43:48.629 13229 13229 I flutter : [NET] GET endpoint=/api/v1/stores/details/37
08-27 08:43:49.445 13229 13229 I flutter : [NET] endpoint=/api/v1/stores/details/37 http_status=200
08-27 08:43:49.451 13229 13229 I flutter : 📊 analytics: view_store {store_id: 37}
