NEARS-1559 AC2 - sliver geometry with the page scrolled to offset 1146.8 (emulator-5554)
floating header = HomeAppBar (module row + location/bell/cart); pinned = search+cart 58px sliver

===== _SliverFloatingPersistentHeader =====
  creator: _SliverFloatingPersistentHeader ← SliverPersistentHeader
  constraints: SliverConstraints(AxisDirection.down,
  GrowthDirection.forward, ScrollDirection.idle, scrollOffset:
  1146.8, precedingScrollExtent: 0.0, remainingPaintExtent:
  973.3, crossAxisExtent: 448.0, crossAxisDirection:
  geometry: SliverGeometry(scrollExtent: 191.0, hidden,
  maxExtent: 191.0
  child position: -1146.8
  effective scroll offset: 1146.8
  creator: AnnotatedRegion<SystemUiOverlayStyle> ← HomeAppBar ←

===== _SliverPinnedPersistentHeader =====
  creator: _SliverPinnedPersistentHeader ← SliverPersistentHeader ←
  constraints: SliverConstraints(AxisDirection.down,
  GrowthDirection.forward, ScrollDirection.idle, scrollOffset:
  955.8, precedingScrollExtent: 191.0, remainingPaintExtent:
  973.3, crossAxisExtent: 448.0, crossAxisDirection:
  geometry: SliverGeometry(scrollExtent: 58.0, paintExtent: 58.0,
  true)
  maxExtent: 58.0
  child position: 0.0
  creator: Center ← _SliverPinnedPersistentHeader ←

