########## POST-FIX (expect PASS) ##########
  xml 6.6.1 (7.0.1 available)
  youtube_player_iframe 5.2.2 (6.0.2 available)
  youtube_player_iframe_web 3.1.2 (3.1.3 available)
Got dependencies!
1 package is discontinued.
147 packages have newer versions incompatible with dependency constraints.
Try `flutter pub outdated` for more information.
00:00 +0: loading /Users/Apple/Projects/nears-NEARS-1554-campaign-nullguard/UserApp/test/features/item/campaign_repository_module_null_cache_test.dart
00:00 +0: T1 basic campaign list: null active module does not throw on cacheId (returns null gracefully)
00:00 +1: T2 item campaign list: null active module does not throw on cacheId (returns null gracefully)
00:00 +2: T3 non-null module with null id does not throw on either builder
00:00 +3: T4 basic campaign list still fetches with a null module (execution reaches the network call)
00:00 +4: T5 item campaign list still fetches with a null module (execution reaches the network call)
00:00 +5: T6 happy path: a valid module id still reads and fetches on both builders
00:00 +6: All tests passed!
########## FALSIFIABILITY CONTROL: same test on PRE-FIX code (expect FAIL) ##########
  package:sixam_mart/features/item/domain/repositories/campaign_repository.dart 20:20  CampaignRepository.getList
  test/features/item/campaign_repository_module_null_cache_test.dart 59:23             main.callList
  test/features/item/campaign_repository_module_null_cache_test.dart 71:18             main.<fn>
  
00:00 +0 -2: T3 non-null module with null id does not throw on either builder
00:00 +0 -3: T3 non-null module with null id does not throw on either builder [E]
  Null check operator used on a null value
  package:sixam_mart/features/item/domain/repositories/campaign_repository.dart 25:104  CampaignRepository._getBasicCampaignList
  package:sixam_mart/features/item/domain/repositories/campaign_repository.dart 18:20   CampaignRepository.getList
  test/features/item/campaign_repository_module_null_cache_test.dart 59:23              main.callList
  test/features/item/campaign_repository_module_null_cache_test.dart 75:18              main.<fn>
  
00:00 +0 -3: T4 basic campaign list still fetches with a null module (execution reaches the network call)
00:00 +0 -4: T4 basic campaign list still fetches with a null module (execution reaches the network call) [E]
  Null check operator used on a null value
  package:sixam_mart/features/item/domain/repositories/campaign_repository.dart 25:100  CampaignRepository._getBasicCampaignList
  package:sixam_mart/features/item/domain/repositories/campaign_repository.dart 18:20   CampaignRepository.getList
  test/features/item/campaign_repository_module_null_cache_test.dart 59:23              main.callList
  test/features/item/campaign_repository_module_null_cache_test.dart 81:11              main.<fn>
  
00:00 +0 -4: T5 item campaign list still fetches with a null module (execution reaches the network call)
00:00 +0 -5: T5 item campaign list still fetches with a null module (execution reaches the network call) [E]
  Null check operator used on a null value
  package:sixam_mart/features/item/domain/repositories/campaign_repository.dart 39:93  CampaignRepository._getItemCampaignList
  package:sixam_mart/features/item/domain/repositories/campaign_repository.dart 20:20  CampaignRepository.getList
  test/features/item/campaign_repository_module_null_cache_test.dart 59:23             main.callList
  test/features/item/campaign_repository_module_null_cache_test.dart 86:11             main.<fn>
  
00:00 +0 -5: T6 happy path: a valid module id still reads and fetches on both builders
00:00 +1 -5: Some tests failed.
PRE rc=0
