== zoneId [2], no lat/lng (id ASC) | base=:8000 /Users/Apple/Projects/nears @ 8abbc2eb9 | new=:8819 worktree @ 5c89fdf6a
  module 1 grocery: active_stores_count 17 -> 15, open_now 16 -> 14, single_store_id None -> None, base has preview_stores key: False, preview_stores=[12, 13, 14]
  module 2 food: active_stores_count 15 -> 14, open_now 14 -> 13, single_store_id None -> None, base has preview_stores key: False, preview_stores=[49, 50, 51]
  module 3 pharmacy: active_stores_count 22 -> 21, open_now 22 -> 21, single_store_id None -> None, base has preview_stores key: False, preview_stores=[55, 56, 57]
  module 5 parcel: active_stores_count 0 -> 0, open_now 0 -> 0, single_store_id None -> None, base has preview_stores key: False, preview_stores=[]
  module 9 ecommerce: active_stores_count 3 -> 3, open_now 3 -> 3, single_store_id None -> None, base has preview_stores key: False, preview_stores=[91129, 91130, 91131]
== zoneId [2], lat/lng 24.4539,54.3773 (nearest-first) | base=:8000 /Users/Apple/Projects/nears @ 8abbc2eb9 | new=:8819 worktree @ 5c89fdf6a
  module 1 grocery: active_stores_count 17 -> 15, open_now 16 -> 14, single_store_id None -> None, base has preview_stores key: False, preview_stores=[12, 91132, 21]
  module 2 food: active_stores_count 15 -> 14, open_now 14 -> 13, single_store_id None -> None, base has preview_stores key: False, preview_stores=[91137, 91141, 91136]
  module 3 pharmacy: active_stores_count 22 -> 21, open_now 22 -> 21, single_store_id None -> None, base has preview_stores key: False, preview_stores=[91127, 56, 55]
  module 5 parcel: active_stores_count 0 -> 0, open_now 0 -> 0, single_store_id None -> None, base has preview_stores key: False, preview_stores=[]
  module 9 ecommerce: active_stores_count 3 -> 3, open_now 3 -> 3, single_store_id None -> None, base has preview_stores key: False, preview_stores=[91131, 91129, 91130]
== zoneId [2], garbage headers lat=abc lng=999 -> 200, id order | base=:8000 /Users/Apple/Projects/nears @ 8abbc2eb9 | new=:8819 worktree @ 5c89fdf6a
  module 1 grocery: active_stores_count 17 -> 15, open_now 16 -> 14, single_store_id None -> None, base has preview_stores key: False, preview_stores=[12, 13, 14]
  module 2 food: active_stores_count 15 -> 14, open_now 14 -> 13, single_store_id None -> None, base has preview_stores key: False, preview_stores=[49, 50, 51]
  module 3 pharmacy: active_stores_count 22 -> 21, open_now 22 -> 21, single_store_id None -> None, base has preview_stores key: False, preview_stores=[55, 56, 57]
  module 5 parcel: active_stores_count 0 -> 0, open_now 0 -> 0, single_store_id None -> None, base has preview_stores key: False, preview_stores=[]
  module 9 ecommerce: active_stores_count 3 -> 3, open_now 3 -> 3, single_store_id None -> None, base has preview_stores key: False, preview_stores=[91129, 91130, 91131]
== zoneId [400,2] device address, lat/lng | base=:8000 /Users/Apple/Projects/nears @ 8abbc2eb9 | new=:8819 worktree @ 5c89fdf6a
  module 1 grocery: active_stores_count 22 -> 20, open_now 21 -> 19, single_store_id None -> None, base has preview_stores key: False, preview_stores=[3168, 3380, 4004]
  module 2 food: active_stores_count 15 -> 14, open_now 14 -> 13, single_store_id None -> None, base has preview_stores key: False, preview_stores=[91137, 91141, 91136]
  module 3 pharmacy: active_stores_count 22 -> 21, open_now 22 -> 21, single_store_id None -> None, base has preview_stores key: False, preview_stores=[91127, 56, 55]
  module 5 parcel: active_stores_count 0 -> 0, open_now 0 -> 0, single_store_id None -> None, base has preview_stores key: False, preview_stores=[]
  module 9 ecommerce: active_stores_count 3 -> 3, open_now 3 -> 3, single_store_id None -> None, base has preview_stores key: False, preview_stores=[91131, 91129, 91130]

== DB read-only enumeration (SELECT, Store::active() predicate + zone_id IN (2)), split by active flag
  module 1 grocery: active=0 -> 8,9 | active=1 -> 12,13,14,15,16,17,18,19,20,21,22,35,4117,4118,91132 (15)
  module 2 food:    active=0 -> 47  | active=1 -> 49,50,51,52,91133..91142 (14)
  module 3 pharmacy: active=0 -> 53 | active=1 -> 55,56,57,58,91127,91128,91143..91157 (21)
  module 9 ecommerce: active=1 -> 91129,91130,91131 (3)
  zone [400,2] grocery active=1 adds 3168,3380,4004,4006,4009 -> 20
== Nearest-first check (ST_Distance_Sphere to 24.4539,54.3773, metres): grocery 12:731 91132:888 21:3446 ...; food 91137:492 91141:930 91136:988 ... (matches preview order)
== X-Request-Id e26d973e-f52d-4ac0-8536-6fcfd5b234ff (zoneId [2] request): 0 lines in laravel.log / laravel-structured.log (clean)
== Garbage-header request: one [WARN] "module preview_stores ordered by id: unusable coordinate headers" correlation_id=a76f0c80-6751-42fd-93f6-71a52b51a12e, reason=invalid_coordinate_headers (PII-safe)
== In-process query log for one GET /api/v1/module (zoneId [2]) — 22 queries total, of which store preview = 1 ranked query:
  #10 modules + selectSub counts (active_stores_count/open_now/single)   #11-14 module translations/storages/zones eager loads
  #15 select * from (select stores.id,name,logo,module_id, ROW_NUMBER() OVER (PARTITION BY stores.module_id ORDER BY ...)) ... preview_rank <= 3
  #18 translations IN (12,13,14,49,50,51,55,56,57,91129,91130,91131)   #19 storages IN (same ids)   -> batched, no per-module query (no N+1)
  (remaining: cache-table reads/throttle writes + 1 business_settings read, framework-level)
