I/flutter ( 3792): [FAIL] framework_error library=rendering library type=FlutterError msg="A RenderFlex overflowed by 8.0 pixels on the bottom."

══╡ EXCEPTION CAUGHT BY RENDERING LIBRARY ╞═════════════════════════════════════════════════════════
The following assertion was thrown during layout:
A RenderFlex overflowed by 8.0 pixels on the bottom.

The relevant error-causing widget was:
  Column
  Column:file:///Users/Apple/Projects/nears-NEARS-2264-reskin2-red-base/UserApp/lib/features/auth/screens/store_registration_screen.dart:453:76

To inspect this widget in Flutter DevTools, visit:
http://127.0.0.1:57203/Dnljvaf48Jg=/devtools//#/inspector?uri=http%3A%2F%2F127.0.0.1%3A57203%2FDnljvaf48Jg%3D%2F&inspectorRef=inspector-0

The overflowing RenderFlex has an orientation of Axis.vertical.
The edge of the RenderFlex that is overflowing has been marked in the rendering with a yellow and
black striped pattern. This is usually caused by the contents being too big for the RenderFlex.
Consider applying a flex factor (e.g. using an Expanded widget) to force the children of the
RenderFlex to fit within the available space instead of being sized to their natural size.
This is considered an error condition because it indicates that there is content that cannot be
seen. If the content is legitimately bigger than the available space, consider clipping it with a
ClipRect widget before putting it in the flex, or using a scrollable container rather than a Flex,
like a ListView.
The specific RenderFlex in question is: RenderFlex#62894 OVERFLOWING:
  creator: Column ← ColoredBox ← ConstrainedBox ← Container ← ClipRRect ← Stack ← Align ← Column ←
    Padding ← DecoratedBox ← Container ← Column ← ⋯
  parentData: <none> (can use size)
  constraints: BoxConstraints(w=150.0, h=120.0)
  size: Size(150.0, 120.0)
  direction: vertical
  mainAxisAlignment: center
  mainAxisSize: max
  crossAxisAlignment: center
  verticalDirection: down
  spacing: 0.0
