--------- beginning of main
07-10 13:38:04.120 I/flutter (15889): [IMPORTANT:flutter/shell/platform/android/android_context_gl_impeller.cc(104)] Using the Impeller rendering backend (OpenGLES).
07-10 13:38:04.179 I/flutter (15889): The Dart VM service is listening on http://127.0.0.1:41007/bxySWR32l3A=/
07-10 13:38:05.051 I/flutter (15889): 📊 analytics: app_open {}
07-10 13:38:05.089 I/flutter (15889): [INFO] msg="route: building splash route, hasData=false"
07-10 13:38:05.186 I/flutter (15889): [INFO] msg="route: navigating to splash screen"
07-10 13:38:05.219 I/flutter (15889): [NET] GET endpoint=/api/v1/customer/cart/list
07-10 13:38:05.476 I/flutter (15889): [NET] GET endpoint=/api/v1/config
07-10 13:38:05.548 I/flutter (15889): [IMPORTANT:flutter/shell/platform/android/android_context_gl_impeller.cc(104)] Using the Impeller rendering backend (OpenGLES).
07-10 13:38:05.756 I/flutter (15889): [NET] endpoint=/api/v1/customer/cart/list http_status=200
07-10 13:38:05.826 I/flutter (15889): [NET] endpoint=/api/v1/config http_status=200
07-10 13:38:05.840 I/flutter (15889): [INFO] msg="splash: deeplink resolved canRoute=true"
07-10 13:38:05.843 I/flutter (15889): [NET] GET endpoint=/api/v1/config/get-zone-id
07-10 13:38:05.844 I/flutter (15889): [NET] GET endpoint=/api/v1/module
07-10 13:38:05.851 I/flutter (15889): [INFO] msg="FCM registration id obtained"
07-10 13:38:05.853 I/flutter (15889): [NET] POST endpoint=/api/v1/customer/cm-firebase-token
07-10 13:38:05.944 I/flutter (15889): [NET] endpoint=/api/v1/module http_status=200
07-10 13:38:06.008 I/flutter (15889): [NET] endpoint=/api/v1/config/get-zone-id http_status=200
07-10 13:38:06.010 I/flutter (15889): [INFO] msg="location: inZone=true"
07-10 13:38:06.016 I/flutter (15889): 📊 analytics: sectors_shown {sectors_count: 1, zone_id: 364}
07-10 13:38:06.019 I/flutter (15889): 📊 analytics: sector_auto_selected {module_id: 1, zone_id: 364}
07-10 13:38:06.028 I/flutter (15889): [NET] GET endpoint=/api/v1/cashback/list
07-10 13:38:06.029 I/flutter (15889): [NET] GET endpoint=/api/v1/customer/wish-list
07-10 13:38:06.037 I/flutter (15889): [NET] GET endpoint=/api/v1/customer/cart/list
07-10 13:38:06.037 I/flutter (15889): [NET] GET endpoint=/api/v1/customer/cart/list
07-10 13:38:06.041 I/flutter (15889): [INFO] msg="route: initial route module=grocery-food"
07-10 13:38:06.041 I/flutter (15889): [INFO] msg="route: waiting for module=grocery-food"
07-10 13:38:06.041 I/flutter (15889): [INFO] msg="route: checkModuleId configNull=false hasAddress=true fromDeeplink=false"
07-10 13:38:06.041 I/flutter (15889): [INFO] msg="route: not from deeplink, skipping module fetch"
07-10 13:38:06.042 I/flutter (15889): [INFO] msg="route: module future state=ConnectionState.waiting hasData=false hasError=false"
07-10 13:38:06.068 I/flutter (15889): [INFO] msg="route: module future state=ConnectionState.done hasData=false hasError=false"
07-10 13:38:06.069 I/flutter (15889): [NET] GET endpoint=/api/v1/customer/order/running-orders
07-10 13:38:06.070 I/flutter (15889): [NET] GET endpoint=/api/v1/customer/order/payment-failed
07-10 13:38:06.131 I/flutter (15889): [INFO] msg="home load started"
07-10 13:38:06.274 I/flutter (15889): [NET] GET endpoint=/api/v1/config/get-zone-id
07-10 13:38:06.277 I/flutter (15889): [NET] endpoint=/api/v1/customer/cm-firebase-token http_status=200
07-10 13:38:06.277 I/flutter (15889): [NET] endpoint=/api/v1/cashback/list http_status=200
07-10 13:38:06.277 I/flutter (15889): [NET] endpoint=/api/v1/customer/wish-list http_status=200
07-10 13:38:06.307 I/flutter (15889): [NET] endpoint=/api/v1/customer/cart/list http_status=200
07-10 13:38:06.380 I/flutter (15889): [NET] endpoint=/api/v1/customer/cart/list http_status=200
07-10 13:38:06.527 I/flutter (15889): [NET] endpoint=/api/v1/customer/order/running-orders http_status=200
07-10 13:38:06.597 I/flutter (15889): [NET] endpoint=/api/v1/customer/order/payment-failed http_status=200
07-10 13:38:06.655 I/flutter (15889): [NET] endpoint=/api/v1/config/get-zone-id http_status=200
07-10 13:38:06.655 I/flutter (15889): [INFO] msg="location: inZone=true"
07-10 13:38:06.657 I/flutter (15889): [NET] GET endpoint=/api/v1/home/all
07-10 13:38:06.893 I/flutter (15889): [NET] endpoint=/api/v1/home/all http_status=200
07-10 13:38:06.897 I/flutter (15889): [NET] GET endpoint=/api/v1/other-banners
07-10 13:38:06.901 I/flutter (15889): [NET] GET endpoint=/api/v1/customer/info
07-10 13:38:06.943 I/flutter (15889): [NET] GET endpoint=/api/v1/flash-sales
07-10 13:38:06.944 I/flutter (15889): [NET] GET endpoint=/api/v1/items/discounted
07-10 13:38:06.945 I/flutter (15889): [NET] GET endpoint=/api/v1/items/popular
07-10 13:38:06.947 I/flutter (15889): [NET] GET endpoint=/api/v1/items/most-reviewed
07-10 13:38:06.948 I/flutter (15889): [NET] GET endpoint=/api/v1/campaigns/basic
07-10 13:38:06.948 I/flutter (15889): [NET] GET endpoint=/api/v1/campaigns/item
07-10 13:38:06.949 I/flutter (15889): [NET] GET endpoint=/api/v1/items/recommended
07-10 13:38:06.950 I/flutter (15889): [NET] GET endpoint=/api/v1/stores/get-stores/all
07-10 13:38:06.950 I/flutter (15889): [NET] GET endpoint=/api/v1/advertisement/list
07-10 13:38:07.027 I/flutter (15889): [NET] endpoint=/api/v1/other-banners http_status=200
07-10 13:38:07.095 I/flutter (15889): [NET] endpoint=/api/v1/customer/info http_status=200
07-10 13:38:07.096 I/flutter (15889): [NET] GET endpoint=/api/v1/customer/notifications
07-10 13:38:07.096 I/flutter (15889): [NET] GET endpoint=/api/v1/coupon/list
07-10 13:38:07.098 I/flutter (15889): [NET] GET endpoint=/api/v1/module
07-10 13:38:07.164 I/flutter (15889): [NET] endpoint=/api/v1/flash-sales http_status=200
07-10 13:38:07.305 I/flutter (15889): [NET] endpoint=/api/v1/items/discounted http_status=200
07-10 13:38:07.443 I/flutter (15889): [NET] endpoint=/api/v1/items/popular http_status=200
07-10 13:38:07.507 I/flutter (15889): [NET] endpoint=/api/v1/items/most-reviewed http_status=200
07-10 13:38:07.572 I/flutter (15889): [NET] endpoint=/api/v1/campaigns/basic http_status=200
07-10 13:38:07.638 I/flutter (15889): [NET] endpoint=/api/v1/campaigns/item http_status=200
07-10 13:38:07.954 I/flutter (15889): [NET] endpoint=/api/v1/items/recommended http_status=200
07-10 13:38:08.049 I/flutter (15889): [NET] endpoint=/api/v1/stores/get-stores/all http_status=200
07-10 13:38:08.052 I/flutter (15889): [NET] GET endpoint=/api/v1/customer/order/buy-it-again
07-10 13:38:08.135 I/flutter (15889): [NET] endpoint=/api/v1/advertisement/list http_status=200
07-10 13:38:08.180 I/flutter (15889): [NET] endpoint=/api/v1/coupon/list http_status=200
07-10 13:38:08.243 I/flutter (15889): [NET] endpoint=/api/v1/customer/notifications http_status=200
07-10 13:38:08.328 I/flutter (15889): [NET] endpoint=/api/v1/module http_status=200
07-10 13:38:08.395 I/flutter (15889): [NET] endpoint=/api/v1/customer/order/buy-it-again http_status=200
