--------- beginning of main
07-10 13:34:12.253 I/flutter (15240): [IMPORTANT:flutter/shell/platform/android/android_context_gl_impeller.cc(104)] Using the Impeller rendering backend (OpenGLES).
07-10 13:34:12.296 I/flutter (15240): The Dart VM service is listening on http://127.0.0.1:39231/FJMBguOVqkg=/
07-10 13:34:13.439 I/flutter (15240): 📊 analytics: app_open {}
07-10 13:34:13.477 I/flutter (15240): [INFO] msg="route: building splash route, hasData=false"
07-10 13:34:13.610 I/flutter (15240): [INFO] msg="route: navigating to splash screen"
07-10 13:34:13.650 I/flutter (15240): [NET] GET endpoint=/api/v1/customer/cart/list
07-10 13:34:13.876 I/flutter (15240): [NET] GET endpoint=/api/v1/config
07-10 13:34:14.014 I/flutter (15240): [IMPORTANT:flutter/shell/platform/android/android_context_gl_impeller.cc(104)] Using the Impeller rendering backend (OpenGLES).
07-10 13:34:14.254 I/flutter (15240): [NET] endpoint=/api/v1/customer/cart/list http_status=200
07-10 13:34:14.256 I/flutter (15240): [NET] endpoint=/api/v1/config http_status=200
07-10 13:34:14.265 I/flutter (15240): [INFO] msg="splash: deeplink resolved canRoute=true"
07-10 13:34:14.268 I/flutter (15240): [NET] GET endpoint=/api/v1/config/get-zone-id
07-10 13:34:14.268 I/flutter (15240): [NET] GET endpoint=/api/v1/module
07-10 13:34:14.349 I/flutter (15240): [NET] endpoint=/api/v1/config/get-zone-id http_status=200
07-10 13:34:14.351 I/flutter (15240): [INFO] msg="location: inZone=true"
07-10 13:34:14.455 I/flutter (15240): [NET] endpoint=/api/v1/module http_status=200
07-10 13:34:14.461 I/flutter (15240): 📊 analytics: sectors_shown {sectors_count: 1, zone_id: 364}
07-10 13:34:14.463 I/flutter (15240): 📊 analytics: sector_auto_selected {module_id: 1, zone_id: 364}
07-10 13:34:14.490 I/flutter (15240): [NET] GET endpoint=/api/v1/customer/cart/list
07-10 13:34:14.490 I/flutter (15240): [NET] GET endpoint=/api/v1/customer/cart/list
07-10 13:34:14.493 I/flutter (15240): [INFO] msg="route: initial route module=grocery-food"
07-10 13:34:14.494 I/flutter (15240): [INFO] msg="route: waiting for module=grocery-food"
07-10 13:34:14.494 I/flutter (15240): [INFO] msg="route: checkModuleId configNull=false hasAddress=true fromDeeplink=false"
07-10 13:34:14.494 I/flutter (15240): [INFO] msg="route: not from deeplink, skipping module fetch"
07-10 13:34:14.495 I/flutter (15240): [INFO] msg="route: module future state=ConnectionState.waiting hasData=false hasError=false"
07-10 13:34:14.519 I/flutter (15240): [INFO] msg="route: module future state=ConnectionState.done hasData=false hasError=false"
07-10 13:34:14.594 I/flutter (15240): [INFO] msg="home load started"
07-10 13:34:14.761 I/flutter (15240): [NET] GET endpoint=/api/v1/config/get-zone-id
07-10 13:34:14.762 I/flutter (15240): [NET] endpoint=/api/v1/customer/cart/list http_status=200
07-10 13:34:14.762 I/flutter (15240): [NET] endpoint=/api/v1/customer/cart/list http_status=200
07-10 13:34:14.846 I/flutter (15240): [NET] endpoint=/api/v1/config/get-zone-id http_status=200
07-10 13:34:14.846 I/flutter (15240): [INFO] msg="location: inZone=true"
07-10 13:34:14.848 I/flutter (15240): [NET] GET endpoint=/api/v1/home/all
07-10 13:34:15.157 I/flutter (15240): [NET] endpoint=/api/v1/home/all http_status=200
07-10 13:34:15.161 I/flutter (15240): [NET] GET endpoint=/api/v1/other-banners
07-10 13:34:15.247 I/flutter (15240): [NET] GET endpoint=/api/v1/flash-sales
07-10 13:34:15.252 I/flutter (15240): [NET] GET endpoint=/api/v1/items/discounted
07-10 13:34:15.254 I/flutter (15240): [NET] GET endpoint=/api/v1/items/popular
07-10 13:34:15.256 I/flutter (15240): [NET] GET endpoint=/api/v1/items/most-reviewed
07-10 13:34:15.256 I/flutter (15240): [NET] GET endpoint=/api/v1/campaigns/basic
07-10 13:34:15.257 I/flutter (15240): [NET] GET endpoint=/api/v1/campaigns/item
07-10 13:34:15.260 I/flutter (15240): [NET] GET endpoint=/api/v1/items/recommended
07-10 13:34:15.261 I/flutter (15240): [NET] GET endpoint=/api/v1/stores/get-stores/all
07-10 13:34:15.262 I/flutter (15240): [NET] GET endpoint=/api/v1/advertisement/list
07-10 13:34:15.263 I/flutter (15240): [NET] GET endpoint=/api/v1/module
07-10 13:34:15.432 I/flutter (15240): [NET] endpoint=/api/v1/other-banners http_status=200
07-10 13:34:15.464 I/flutter (15240): [NET] endpoint=/api/v1/flash-sales http_status=200
07-10 13:34:15.588 I/flutter (15240): [NET] endpoint=/api/v1/items/discounted http_status=200
07-10 13:34:15.745 I/flutter (15240): [NET] endpoint=/api/v1/items/popular http_status=200
07-10 13:34:15.815 I/flutter (15240): [NET] endpoint=/api/v1/items/most-reviewed http_status=200
07-10 13:34:15.882 I/flutter (15240): [NET] endpoint=/api/v1/campaigns/basic http_status=200
07-10 13:34:15.948 I/flutter (15240): [NET] endpoint=/api/v1/campaigns/item http_status=200
07-10 13:34:16.241 I/flutter (15240): [NET] endpoint=/api/v1/items/recommended http_status=200
07-10 13:34:16.358 I/flutter (15240): [NET] endpoint=/api/v1/stores/get-stores/all http_status=200
07-10 13:34:16.437 I/flutter (15240): [NET] endpoint=/api/v1/advertisement/list http_status=200
07-10 13:34:16.537 I/flutter (15240): [NET] endpoint=/api/v1/module http_status=200
