--------- beginning of main
07-10 13:42:28.002 I/flutter (16825): [IMPORTANT:flutter/shell/platform/android/android_context_gl_impeller.cc(104)] Using the Impeller rendering backend (OpenGLES).
07-10 13:42:28.062 I/flutter (16825): The Dart VM service is listening on http://127.0.0.1:45129/yJAh2xQb01M=/
07-10 13:42:29.274 I/flutter (16825): 📊 analytics: app_open {}
07-10 13:42:29.310 I/flutter (16825): [INFO] msg="route: building splash route, hasData=false"
07-10 13:42:29.430 I/flutter (16825): [INFO] msg="route: navigating to splash screen"
07-10 13:42:29.472 I/flutter (16825): [NET] GET endpoint=/api/v1/customer/cart/list
07-10 13:42:29.731 I/flutter (16825): [INFO] msg="splash: deeplink resolved canRoute=true"
07-10 13:42:29.737 I/flutter (16825): [NET] GET endpoint=/api/v1/config/get-zone-id
07-10 13:42:29.739 I/flutter (16825): [NET] GET endpoint=/api/v1/module
07-10 13:42:29.741 I/flutter (16825): [NET] GET endpoint=/api/v1/config
07-10 13:42:29.829 I/flutter (16825): [IMPORTANT:flutter/shell/platform/android/android_context_gl_impeller.cc(104)] Using the Impeller rendering backend (OpenGLES).
07-10 13:42:31.540 I/flutter (16825): [WARN] msg="splash-resolver: deadline elapsed -> fallback"
07-10 13:42:31.553 I/flutter (16825): [INFO] msg="route: initial route module=qa-single-store-grocery"
07-10 13:42:31.553 I/flutter (16825): [INFO] msg="route: waiting for module=qa-single-store-grocery"
07-10 13:42:31.553 I/flutter (16825): [INFO] msg="route: checkModuleId configNull=false hasAddress=true fromDeeplink=false"
07-10 13:42:31.553 I/flutter (16825): [INFO] msg="route: not from deeplink, skipping module fetch"
07-10 13:42:31.554 I/flutter (16825): [INFO] msg="route: module future state=ConnectionState.waiting hasData=false hasError=false"
07-10 13:42:31.587 I/flutter (16825): [INFO] msg="route: module future state=ConnectionState.done hasData=false hasError=false"
07-10 13:42:31.619 I/flutter (16825): [INFO] msg="home load started"
07-10 13:42:31.620 I/flutter (16825): [NET] GET endpoint=/api/v1/config/get-zone-id
07-10 13:42:31.800 I/flutter (16825): [NET] GET endpoint=/api/v1/config/get-zone-id
