09-28 12:22:09.656 I/flutter (26748): [NET] endpoint=/api/v1/categories/popular http_status=200
09-28 12:22:09.807 I/flutter (26748): [NET] endpoint=/api/v1/customer/suggested-items http_status=200
09-28 12:22:14.782 I/flutter (26748): [NET] GET endpoint=/api/v1/search/global
09-28 12:22:14.782 I/flutter (26748): [NET] GET endpoint=/api/v1/search/unified
09-28 12:22:15.266 I/flutter (26748): [NET] endpoint=/api/v1/search/global http_status=200
09-28 12:22:15.733 I/flutter (26748): [NET] endpoint=/api/v1/search/unified http_status=200
09-28 12:22:15.734 I/flutter (26748): 📊 analytics: search {search_term: Burger Palace, result_count: 11, store_count_returned: 1, screen: search, section: search_results, search_type: typed, segment: all, typed_query: Burger Palace}
09-28 12:22:40.134 I/flutter (26748): [FAIL] framework_error library=scheduler library type=_AssertionError msg="'package:flutter/src/semantics/semantics.dart': Failed assertion: line 3252 pos 12: 'owner!._nodes.containsKey(id)': is not true."
09-28 12:22:40.138 I/flutter (26748): [FAIL] framework_error   at #0      _AssertionError._doThrowNew (dart:core-patch/errors_patch.dart:67:4)
09-28 12:22:40.138 I/flutter (26748): [FAIL] framework_error   at #1      _AssertionError._throwNew (dart:core-patch/errors_patch.dart:49:5)
09-28 12:22:40.138 I/flutter (26748): [FAIL] framework_error   at #2      SemanticsNode.detach (package:flutter/src/semantics/semantics.dart:3252:12)
09-28 12:22:40.138 I/flutter (26748): [FAIL] framework_error   at #3      SemanticsNode._dropChild (package:flutter/src/semantics/semantics.dart:3221:13)
09-28 12:22:40.138 I/flutter (26748): [FAIL] framework_error   at #4      SemanticsNode._replaceChildren (package:flutter/src/semantics/semantics.dart:2974:13)
09-28 12:22:40.138 I/flutter (26748): [FAIL] framework_error   at #5      SemanticsNode.updateWith (package:flutter/src/semantics/semantics.dart:3732:5)
09-28 12:22:40.138 I/flutter (26748): [FAIL] framework_error   at #6      RenderTable.assembleSemanticsNode (package:flutter/src/rendering/table.dart:731:15)
09-28 12:22:40.138 I/flutter (26748): [FAIL] framework_error   at #7      _RenderObjectSemantics._buildSemanticsSubtree (package:flutter/src/rendering/object.dart:5972:20)
09-28 12:22:41.113 I/flutter (26748): [FAIL] framework_error library=scheduler library type=_AssertionError msg="'package:flutter/src/semantics/semantics.dart': Failed assertion: line 3252 pos 12: 'owner!._nodes.containsKey(id)': is not true."
09-28 12:22:41.114 I/flutter (26748): [FAIL] framework_error   at #0      _AssertionError._doThrowNew (dart:core-patch/errors_patch.dart:67:4)
09-28 12:22:41.114 I/flutter (26748): [FAIL] framework_error   at #1      _AssertionError._throwNew (dart:core-patch/errors_patch.dart:49:5)
09-28 12:22:41.114 I/flutter (26748): [FAIL] framework_error   at #2      SemanticsNode.detach (package:flutter/src/semantics/semantics.dart:3252:12)
09-28 12:22:41.114 I/flutter (26748): [FAIL] framework_error   at #3      SemanticsNode._dropChild (package:flutter/src/semantics/semantics.dart:3221:13)
