NEARS-1199: using private test DB multi_food_db_test_nears_nears_3704_search_popular_items
PHPUnit 11.5.55 by Sebastian Bergmann and contributors.

Runtime:       PHP 8.2.33
Configuration: /Users/Apple/Projects/nears-NEARS-3704-search-popular-items/Admin/phpunit.xml

..........                                                        10 / 10 (100%)

Time: 00:01.274, Memory: 98.50 MB

Search Stores Popular Items Preview (Tests\Feature\SearchStoresPopularItemsPreview)
 ✔ Search stores attaches preview items and popular item count
 ✔ Search stores zero active items yields empty preview and zero count
 ✔ Search stores popular items lookup failure degrades and logs
 ✔ Get searched stores and unified search expose identical preview fields
 ✔ Both endpoints return empty preview for zero item store without 500

Store Popular Items Preview (Tests\Feature\StorePopularItemsPreview)
 ✔ Preview items capped at five ranked desc with id ascending tiebreak
 ✔ Preview items stable across repeated calls
 ✔ Store with zero active items gets empty preview and zero count
 ✔ Thumbnail full url matches the existing get full url convention
 ✔ A popular items lookup failure logs and still serves the store list

OK, but there were issues!
Tests: 10, Assertions: 91, PHPUnit Deprecations: 1.
