# pre-existing, unrelated to NEARS-3922 diff: DLS NItemCard overflow on Grocery home
I/flutter (18855): [FAIL] framework_error library=rendering library type=FlutterError msg="A RenderConstraintsTransformBox overflowed by 15 pixels on the bottom."
I/flutter (18855): [FAIL] framework_error   at UnconstrainedBox UnconstrainedBox:file:///Users/Apple/Projects/nears-NEARS-3922-checkout-surge-schedule-alignment/packages/nears_dls/lib/components/nitemcard/n_item_card.dart:1964:19
I/flutter (18855): [FAIL] framework_error library=rendering library type=FlutterError msg="A RenderConstraintsTransformBox overflowed by 15 pixels on the bottom."
I/flutter (18855): [FAIL] framework_error   at UnconstrainedBox UnconstrainedBox:file:///Users/Apple/Projects/nears-NEARS-3922-checkout-surge-schedule-alignment/packages/nears_dls/lib/components/nitemcard/n_item_card.dart:1964:19

══╡ EXCEPTION CAUGHT BY RENDERING LIBRARY ╞═════════════════════════════════════════════════════════
The following assertion was thrown during layout:
A RenderConstraintsTransformBox overflowed by 15 pixels on the bottom.

The relevant error-causing widget was:
  UnconstrainedBox
  UnconstrainedBox:file:///Users/Apple/Projects/nears-NEARS-3922-checkout-surge-schedule-alignment/packages/nears_dls/lib/components/nitemcard/n_item_card.dart:1964:19

The edge of the RenderConstraintsTransformBox that is overflowing has been marked in the rendering
with a yellow and black striped pattern. This is usually caused by the contents being too big for
the RenderConstraintsTransformBox.
This is considered an error condition because it indicates that there is content that cannot be
seen. If the content is legitimately bigger than the available space, consider clipping it with a
ClipRect widget before putting it in the RenderConstraintsTransformBox, or using a scrollable
container, like a ListView.
The specific RenderConstraintsTransformBox in question is: RenderConstraintsTransformBox#c259a relayoutBoundary=up3 OVERFLOWING:
  creator: ConstraintsTransformBox ← UnconstrainedBox ← LayoutBuilder ← _IntrinsicSizeProbe ←
    _RowBodyLayout ← Padding ← Listener ← RawGestureDetector ← GestureDetector ← Semantics ←
