# NEARS-3922 P4 app log excerpt (flutter lines only, PII-free allow-list)
## run 1 (digital placement, pid 16649)
I/flutter (16649): [NET] endpoint=/api/v1/customer/order/get-surge-price http_status=200
I/flutter (16649): [NET] POST endpoint=/api/v1/customer/order/get-surge-price
I/flutter (16649): [NET] endpoint=/api/v1/customer/order/get-surge-price http_status=200
I/flutter (16649): [INFO] msg="multipart POST endpoint=/api/v1/customer/order/place"
I/flutter (16649): [NET] endpoint=/api/v1/customer/order/place http_status=200
I/flutter (16649): [INFO] msg="payment screen initialised"
I/flutter (16649): [FAIL] framework_error library=rendering library type=FlutterError msg="A RenderFlex overflowed by 29 pixels on the right."
I/flutter (16649): [FAIL] framework_error   at Row Row:file:///Users/Apple/Projects/nears-NEARS-3922-checkout-surge-schedule-alignment/UserApp/lib/features/checkout/widgets/delivery_section.dart:566:17
I/flutter (16649): [INFO] msg="payment browser created"
I/flutter (16649): [INFO] msg="payment webview navigation override"
I/flutter (16649): [INFO] msg="payment webview navigation blocked: host not allow-listed"
I/flutter (16649): [INFO] msg="payment webview load stop"
## run 2 (cold start -> Pay Now -> COD -> Proceed -> new checkout, pid 18855)
I/flutter (18855): 📊 analytics: add_payment_info {payment_type: cash_on_delivery, value: 0.0, currency: AED, screen: checkout, section: payment}
I/flutter (18855): [NET] POST endpoint=/api/v1/customer/order/payment-method
I/flutter (18855): [NET] endpoint=/api/v1/customer/order/payment-method http_status=200
I/flutter (18855): [INFO] msg="order: trackOrder orderID=91443"
I/flutter (18855): [INFO] msg="trackOrder called for orderID=91443 source=rowTap"
I/flutter (18855): [FAIL] framework_error   at UnconstrainedBox UnconstrainedBox:file:///Users/Apple/Projects/nears-NEARS-3922-checkout-surge-schedule-alignment/packages/nears_dls/lib/components/nitemcard/n_item_card.dart:1964:19
I/flutter (18855): [FAIL] framework_error   at UnconstrainedBox UnconstrainedBox:file:///Users/Apple/Projects/nears-NEARS-3922-checkout-surge-schedule-alignment/packages/nears_dls/lib/components/nitemcard/n_item_card.dart:1964:19
I/flutter (18855): [NET] GET endpoint=/api/v1/offline_payment_method_list
I/flutter (18855): [NET] endpoint=/api/v1/offline_payment_method_list http_status=200
I/flutter (18855): [INFO] msg="checkout: payment method selected index=0"
I/flutter (18855): 📊 analytics: add_payment_info {payment_type: cash_on_delivery, value: 11.0, currency: AED, screen: checkout, section: payment}
I/flutter (18855): [NET] POST endpoint=/api/v1/customer/order/get-Tax
I/flutter (18855): [NET] POST endpoint=/api/v1/customer/order/get-surge-price
I/flutter (18855): [NET] endpoint=/api/v1/customer/order/get-surge-price http_status=200
I/flutter (18855): [NET] POST endpoint=/api/v1/config/delivery-quote
I/flutter (18855): [NET] endpoint=/api/v1/customer/order/get-Tax http_status=200
I/flutter (18855): [NET] endpoint=/api/v1/config/delivery-quote http_status=200
I/flutter (18855): [NET] POST endpoint=/api/v1/config/delivery-quote
I/flutter (18855): [NET] endpoint=/api/v1/config/delivery-quote http_status=200
I/flutter (18855): [NET] POST endpoint=/api/v1/customer/order/get-Tax
I/flutter (18855): [NET] endpoint=/api/v1/customer/order/get-Tax http_status=200
