# app [FAIL] lines, cycle 1 (surge + placement scope)
09-30 11:26:33.858 I/flutter (10185): [NET] POST endpoint=/api/v1/customer/order/get-surge-price
09-30 11:26:34.489 I/flutter (10185): [NET] endpoint=/api/v1/customer/order/get-surge-price http_status=200
09-30 11:27:08.037 I/flutter (10185): [NET] POST endpoint=/api/v1/customer/order/get-surge-price
09-30 11:27:08.721 I/flutter (10185): [NET] endpoint=/api/v1/customer/order/get-surge-price http_status=200
09-30 11:27:23.438 I/flutter (10185): [NET] POST endpoint=/api/v1/customer/order/get-surge-price
09-30 11:27:23.749 I/flutter (10185): [NET] endpoint=/api/v1/customer/order/get-surge-price http_status=200
09-30 11:33:52.481 I/flutter (10185): [NET] POST endpoint=/api/v1/customer/order/get-surge-price
09-30 11:33:52.740 I/flutter (10185): [NET] endpoint=/api/v1/customer/order/get-surge-price http_status=500
09-30 11:33:52.741 I/flutter (10185): [FAIL] endpoint=/api/v1/customer/order/get-surge-price http_status=500 type=ApiFailure msg="api request failed" correlation_id=3e4ad184-cb75-44b3-8dc5-133f06ff8867
09-30 11:34:31.782 I/flutter (10185): [NET] POST endpoint=/api/v1/customer/order/get-surge-price
09-30 11:34:32.249 I/flutter (10185): [NET] endpoint=/api/v1/customer/order/get-surge-price http_status=200
09-30 11:37:42.578 I/flutter (10185): [NET] POST endpoint=/api/v1/customer/order/get-surge-price
09-30 11:37:42.579 I/flutter (10185): [NET] POST endpoint=/api/v1/customer/order/get-surge-price
09-30 11:37:43.086 I/flutter (10185): [NET] endpoint=/api/v1/customer/order/get-surge-price http_status=500
09-30 11:37:43.086 I/flutter (10185): [FAIL] endpoint=/api/v1/customer/order/get-surge-price http_status=500 type=ApiFailure msg="unhandled api response" correlation_id=e593aec8-9d1c-46af-abfa-6fac54f0d86a
09-30 11:37:43.087 I/flutter (10185): [NET] endpoint=/api/v1/customer/order/get-surge-price http_status=500
09-30 11:37:43.087 I/flutter (10185): [FAIL] endpoint=/api/v1/customer/order/get-surge-price http_status=500 type=ApiFailure msg="unhandled api response" correlation_id=cbc7b545-2bc6-4b06-b758-e4dacd5f3a8d
09-30 11:37:57.022 I/flutter (10185): [NET] POST endpoint=/api/v1/customer/order/get-surge-price
09-30 11:37:57.023 I/flutter (10185): [NET] POST endpoint=/api/v1/customer/order/get-surge-price
09-30 11:37:57.120 I/flutter (10185): [NET] endpoint=/api/v1/customer/order/get-surge-price http_status=500
09-30 11:37:57.121 I/flutter (10185): [FAIL] endpoint=/api/v1/customer/order/get-surge-price http_status=500 type=ApiFailure msg="unhandled api response" correlation_id=bff0a242-172a-4bbb-91ba-b90dd0712513
09-30 11:37:57.121 I/flutter (10185): [NET] endpoint=/api/v1/customer/order/get-surge-price http_status=500
09-30 11:37:57.121 I/flutter (10185): [FAIL] endpoint=/api/v1/customer/order/get-surge-price http_status=500 type=ApiFailure msg="unhandled api response" correlation_id=e449b06d-80a1-4c85-9809-dbc6098bd44a
09-30 11:39:33.439 I/flutter (10185): [NET] POST endpoint=/api/v1/customer/order/get-surge-price
09-30 11:39:33.440 I/flutter (10185): [NET] POST endpoint=/api/v1/customer/order/get-surge-price
09-30 11:39:34.058 I/flutter (10185): [NET] endpoint=/api/v1/customer/order/get-surge-price http_status=500
09-30 11:39:34.059 I/flutter (10185): [FAIL] endpoint=/api/v1/customer/order/get-surge-price http_status=500 type=ApiFailure msg="unhandled api response" correlation_id=37843765-d544-40e9-b0e7-e7e9539a824a
09-30 11:39:34.059 I/flutter (10185): [NET] endpoint=/api/v1/customer/order/get-surge-price http_status=500
09-30 11:39:34.059 I/flutter (10185): [FAIL] endpoint=/api/v1/customer/order/get-surge-price http_status=500 type=ApiFailure msg="unhandled api response" correlation_id=d8c95cdb-dc29-4f75-b871-ab2ab3c90c33
09-30 11:39:41.549 I/flutter (10185): [NET] POST endpoint=/api/v1/customer/order/get-surge-price
09-30 11:39:41.549 I/flutter (10185): [NET] POST endpoint=/api/v1/customer/order/get-surge-price
09-30 11:39:42.333 I/flutter (10185): [NET] endpoint=/api/v1/customer/order/get-surge-price http_status=500
09-30 11:39:42.333 I/flutter (10185): [FAIL] endpoint=/api/v1/customer/order/get-surge-price http_status=500 type=ApiFailure msg="unhandled api response" correlation_id=2a74d2ae-3321-4ad3-b738-579ceeb5366c
09-30 11:39:42.334 I/flutter (10185): [NET] endpoint=/api/v1/customer/order/get-surge-price http_status=500
09-30 11:39:42.334 I/flutter (10185): [FAIL] endpoint=/api/v1/customer/order/get-surge-price http_status=500 type=ApiFailure msg="unhandled api response" correlation_id=11b05603-c118-4df3-a7f2-25f566919f74
09-30 11:40:19.385 I/flutter (10185): [NET] POST endpoint=/api/v1/customer/order/get-surge-price
09-30 11:40:19.385 I/flutter (10185): [NET] POST endpoint=/api/v1/customer/order/get-surge-price
09-30 11:40:20.158 I/flutter (10185): [NET] endpoint=/api/v1/customer/order/get-surge-price http_status=500
09-30 11:40:20.158 I/flutter (10185): [FAIL] endpoint=/api/v1/customer/order/get-surge-price http_status=500 type=ApiFailure msg="unhandled api response" correlation_id=c3462fe0-6351-4692-9604-8c93c24d912f
09-30 11:40:20.158 I/flutter (10185): [NET] endpoint=/api/v1/customer/order/get-surge-price http_status=500
09-30 11:40:20.158 I/flutter (10185): [FAIL] endpoint=/api/v1/customer/order/get-surge-price http_status=500 type=ApiFailure msg="unhandled api response" correlation_id=b76258ac-1002-483a-b2e9-bec5197542ac
