10-01 22:04:01.256 I/flutter ( 3922): [INFO] msg="payment sheet: digital payment tapped, gateway index=0"
10-01 22:04:01.256 I/flutter ( 3922): [INFO] msg="checkout: payment method selected index=2"
10-01 22:04:01.256 I/flutter ( 3922): 📊 analytics: add_payment_info {payment_type: digital_payment, value: 38.98, currency: AED, screen: checkout, section: payment}
10-01 22:04:08.457 I/flutter ( 3922): 📊 analytics: place_order_tapped {pricing_settled: 1, store_count: 3, screen: checkout, section: place_order}
10-01 22:04:08.473 I/flutter ( 3922): 📊 analytics: screen_view {screen_name: order_confirm_sheet, source: checkout}
10-01 22:04:08.477 I/flutter ( 3922): 📊 analytics: order_confirm_sheet_shown {store_count: 3, item_count: 3, value: 38.98, currency: AED, price_changed: 0, stock_changed: 0, screen: order_confirm_sheet, source: checkout}
10-01 22:04:16.545 I/flutter ( 3922): 📊 analytics: order_confirm_confirmed {value: 38.98, currency: AED, store_count: 3, price_changed: 0, screen: order_confirm_sheet, section: footer_cta}
10-01 22:04:16.550 I/flutter ( 3922): [WARN] msg="isAvailable: minute-precision end time, treating as inclusive to :59 (item boundary degrade)"
10-01 22:04:16.552 I/flutter ( 3922): [NET] POST endpoint=/api/v1/customer/order/group/validate
10-01 22:04:17.442 I/flutter ( 3922): [NET] endpoint=/api/v1/customer/order/group/validate http_status=200
10-01 22:04:17.442 I/flutter ( 3922): [INFO] msg="checkout: group validate → valid=true"
10-01 22:04:17.444 I/flutter ( 3922): [NET] POST endpoint=/api/v1/customer/order/group/place
10-01 22:04:18.450 I/flutter ( 3922): ----------------FIREBASE CRASHLYTICS----------------
10-01 22:04:18.450 I/flutter ( 3922): The following exception was thrown api request threw:
10-01 22:04:18.450 I/flutter ( 3922): ApiFailure(status: 0, kind: client)
10-01 22:04:18.450 I/flutter ( 3922): #0      IOClient.send (package:http/src/io_client.dart:229:7)
10-01 22:04:18.450 I/flutter ( 3922): <asynchronous suspension>
10-01 22:04:18.450 I/flutter ( 3922): #1      BaseClient._sendUnstreamed (package:http/src/base_client.dart:93:32)
10-01 22:04:18.450 I/flutter ( 3922): <asynchronous suspension>
10-01 22:04:18.450 I/flutter ( 3922): #2      Future.timeout.<anonymous closure> (dart:async/future_impl.dart:1061:7)
10-01 22:04:18.450 I/flutter ( 3922): <asynchronous suspension>
10-01 22:04:18.450 I/flutter ( 3922): #3      ApiClient._send (package:nears/api/api_client.dart:846:24)
10-01 22:04:18.450 I/flutter ( 3922): <asynchronous suspension>
10-01 22:04:18.450 I/flutter ( 3922): #4      CheckoutRepository.placeGroupOrder (package:nears/features/checkout/domain/repositories/checkout_repository.dart:86:12)
10-01 22:04:18.450 I/flutter ( 3922): <asynchronous suspension>
10-01 22:04:18.450 I/flutter ( 3922): #5      CheckoutService.placeGroupOrder (package:nears/features/checkout/domain/services/checkout_service.dart:126:12)
10-01 22:04:18.450 I/flutter ( 3922): <asynchronous suspension>
10-01 22:04:18.450 I/flutter ( 3922): #6      PlaceOrderController.placeGroupOrder (package:nears/features/checkout/controllers/place_order_controller.dart:1300:11)
10-01 22:04:18.450 I/flutter ( 3922): <asynchronous suspension>
10-01 22:04:18.450 I/flutter ( 3922): #7      PlaceOrderController.placeGroupOrderFromCheckout (package:nears/features/checkout/controllers/place_order_controller.dart:2541:47)
10-01 22:04:18.450 I/flutter ( 3922): <asynchronous suspension>
10-01 22:04:18.450 I/flutter ( 3922): #8      _Confir
10-01 22:04:18.450 I/flutter ( 3922): ----------------------------------------------------
10-01 22:04:18.450 I/flutter ( 3922): [FAIL] endpoint=/api/v1/customer/order/group/place http_status=null type=ApiFailure transport_error=client msg="api request threw" correlation_id=7fe66d8d-84e7-495f-a3f9-4f0acce5e8b9
10-01 22:04:18.452 I/flutter ( 3922): ----------------FIREBASE CRASHLYTICS----------------
10-01 22:04:18.452 I/flutter ( 3922): The following exception was thrown checkout: group place failed reason=none:
10-01 22:04:18.452 I/flutter ( 3922): ApiFailure(status: 1)
10-01 22:04:18.452 I/flutter ( 3922): #0      PlaceOrderController.placeGroupOrder (package:nears/features/checkout/controllers/place_order_controller.dart:1328:55)
10-01 22:04:18.452 I/flutter ( 3922): <asynchronous suspension>
10-01 22:04:18.452 I/flutter ( 3922): #1      PlaceOrderController.placeGroupOrderFromCheckout (package:nears/features/checkout/controllers/place_order_controller.dart:2541:47)
10-01 22:04:18.452 I/flutter ( 3922): <asynchronous suspension>
10-01 22:04:18.452 I/flutter ( 3922): #2      _ConfirmOrderSheetState.build.<anonymous closure>.<anonymous closure>.<anonymous closure> (package:nears/features/checkout/widgets/confirm_order_sheet.dart:294:33)
10-01 22:04:18.452 I/flutter ( 3922): <asynchronous suspension>
10-01 22:04:18.452 I/flutter ( 3922): ----------------------------------------------------
10-01 22:04:18.453 I/flutter ( 3922): [FAIL] endpoint=/api/v1/customer/order/group/place http_status=1 type=ApiFailure msg="checkout: group place failed reason=none"
10-01 22:04:28.147 I/flutter ( 3922): [NET] GET endpoint=/api/v1/customer/order/running-orders
10-01 22:04:28.974 I/flutter ( 3922): [NET] endpoint=/api/v1/customer/order/running-orders http_status=200
10-01 22:04:35.206 I/flutter ( 3922): [INFO] msg="route: waiting for module=grocery-food"
10-01 22:04:35.206 I/flutter ( 3922): [INFO] msg="route: checkModuleId configNull=false hasAddress=true fromDeeplink=false"
10-01 22:04:35.206 I/flutter ( 3922): [INFO] msg="route: not from deeplink, skipping module fetch"
10-01 22:04:35.206 I/flutter ( 3922): [INFO] msg="route: module future state=ConnectionState.waiting hasData=false hasError=false"
10-01 22:04:35.249 I/flutter ( 3922): [INFO] msg="route: module future state=ConnectionState.done hasData=false hasError=false"
10-01 22:04:35.249 I/flutter ( 3922): [NET] GET endpoint=/api/v1/most-tips
10-01 22:04:35.250 I/flutter ( 3922): [NET] GET endpoint=/api/v1/offline_payment_method_list
10-01 22:04:35.251 I/flutter ( 3922): [NET] GET endpoint=/api/v1/coupon/list
10-01 22:04:35.253 I/flutter ( 3922): [NET] GET endpoint=/api/v1/stores/details/12
10-01 22:04:35.996 I/flutter ( 3922): [NET] endpoint=/api/v1/offline_payment_method_list http_status=200
10-01 22:04:35.997 I/flutter ( 3922): [NET] endpoint=/api/v1/coupon/list http_status=200
10-01 22:04:35.997 I/flutter ( 3922): 📊 analytics: view_promotion {promotion_count: 7, eligible_count: 0, expiring_count: 0, screen: coupons, source: profile_menu}
10-01 22:04:35.998 I/flutter ( 3922): [NET] endpoint=/api/v1/stores/details/12 http_status=200
10-01 22:04:35.998 I/flutter ( 3922): [NET] GET endpoint=/api/v1/config/distance-api
10-01 22:04:35.999 I/flutter ( 3922): 📊 analytics: view_store {store_id: 12, is_open: 1}
10-01 22:04:36.006 I/flutter ( 3922): 📊 analytics: begin_checkout {value: 37.12, currency: AED, item_count: 3, source: basket, store_count: 3, module_count: 2}
10-01 22:04:36.006 I/flutter ( 3922): [WARN] msg="checkout: map preview dropped store 12 — missing coordinates"
10-01 22:04:36.006 I/flutter ( 3922): [WARN] msg="checkout: map preview dropped store 13 — missing coordinates"
10-01 22:04:36.006 I/flutter ( 3922): [WARN] msg="checkout: map preview dropped store 51 — missing coordinates"
10-01 22:04:36.076 I/flutter ( 3922): [NET] GET endpoint=/api/v1/stores/details/12
10-01 22:04:36.076 I/flutter ( 3922): [NET] GET endpoint=/api/v1/stores/details/13
10-01 22:04:36.077 I/flutter ( 3922): [NET] GET endpoint=/api/v1/stores/details/51
10-01 22:04:36.081 I/flutter ( 3922): [NET] endpoint=/api/v1/most-tips http_status=200
10-01 22:04:36.587 I/flutter ( 3922): [NET] endpoint=/api/v1/config/distance-api http_status=200
10-01 22:04:36.587 I/flutter ( 3922): [NET] GET endpoint=/api/v1/vehicle/extra_charge
10-01 22:04:36.679 I/flutter ( 3922): [NET] endpoint=/api/v1/stores/details/13 http_status=200
10-01 22:04:36.772 I/flutter ( 3922): [NET] endpoint=/api/v1/stores/details/51 http_status=200
10-01 22:04:36.872 I/flutter ( 3922): [NET] endpoint=/api/v1/stores/details/12 http_status=200
10-01 22:04:36.873 I/flutter ( 3922): [NET] POST endpoint=/api/v1/customer/order/get-surge-price
10-01 22:04:36.873 I/flutter ( 3922): [NET] POST endpoint=/api/v1/customer/order/get-surge-price
10-01 22:04:36.874 I/flutter ( 3922): [NET] POST endpoint=/api/v1/customer/order/get-surge-price
10-01 22:04:36.874 I/flutter ( 3922): [NET] GET endpoint=/api/v1/config/distance-api
10-01 22:04:36.874 I/flutter ( 3922): [NET] GET endpoint=/api/v1/config/distance-api
10-01 22:04:36.874 I/flutter ( 3922): [NET] GET endpoint=/api/v1/config/distance-api
10-01 22:04:36.946 I/flutter ( 3922): [NET] endpoint=/api/v1/vehicle/extra_charge http_status=200
10-01 22:04:37.449 I/flutter ( 3922): [NET] endpoint=/api/v1/config/distance-api http_status=200
10-01 22:04:37.449 I/flutter ( 3922): [NET] GET endpoint=/api/v1/vehicle/extra_charge
10-01 22:04:37.970 I/flutter ( 3922): [NET] endpoint=/api/v1/config/distance-api http_status=200
10-01 22:04:37.970 I/flutter ( 3922): [NET] GET endpoint=/api/v1/vehicle/extra_charge
10-01 22:04:38.050 I/flutter ( 3922): [NET] endpoint=/api/v1/customer/order/get-surge-price http_status=200
10-01 22:04:38.496 I/flutter ( 3922): [NET] endpoint=/api/v1/config/distance-api http_status=200
10-01 22:04:38.496 I/flutter ( 3922): [NET] GET endpoint=/api/v1/vehicle/extra_charge
10-01 22:04:38.571 I/flutter ( 3922): [NET] endpoint=/api/v1/customer/order/get-surge-price http_status=200
10-01 22:04:38.650 I/flutter ( 3922): [NET] endpoint=/api/v1/customer/order/get-surge-price http_status=200
10-01 22:04:38.719 I/flutter ( 3922): [NET] endpoint=/api/v1/vehicle/extra_charge http_status=200
10-01 22:04:38.787 I/flutter ( 3922): [NET] endpoint=/api/v1/vehicle/extra_charge http_status=200
10-01 22:04:38.854 I/flutter ( 3922): [NET] endpoint=/api/v1/vehicle/extra_charge http_status=200
10-01 22:04:38.854 I/flutter ( 3922): [NET] POST endpoint=/api/v1/config/delivery-quote
10-01 22:04:38.854 I/flutter ( 3922): [NET] POST endpoint=/api/v1/config/delivery-quote
10-01 22:04:38.855 I/flutter ( 3922): [NET] POST endpoint=/api/v1/config/delivery-quote
10-01 22:04:39.859 I/flutter ( 3922): [NET] endpoint=/api/v1/config/delivery-quote http_status=200
10-01 22:04:39.860 I/flutter ( 3922): [NET] endpoint=/api/v1/config/delivery-quote http_status=200
10-01 22:04:39.860 I/flutter ( 3922): [NET] endpoint=/api/v1/config/delivery-quote http_status=200
10-01 22:04:39.861 I/flutter ( 3922): [NET] POST endpoint=/api/v1/customer/order/get-Tax
10-01 22:04:39.861 I/flutter ( 3922): [NET] POST endpoint=/api/v1/customer/order/get-Tax
10-01 22:04:39.861 I/flutter ( 3922): [NET] POST endpoint=/api/v1/customer/order/get-Tax
10-01 22:04:40.863 I/flutter ( 3922): [NET] endpoint=/api/v1/customer/order/get-Tax http_status=200
10-01 22:04:40.863 I/flutter ( 3922): [NET] endpoint=/api/v1/customer/order/get-Tax http_status=200
10-01 22:04:40.864 I/flutter ( 3922): [NET] endpoint=/api/v1/customer/order/get-Tax http_status=200
10-01 22:04:40.879 I/flutter ( 3922): [NET] POST endpoint=/api/v1/customer/order/group/validate
10-01 22:04:41.662 I/flutter ( 3922): [NET] endpoint=/api/v1/customer/order/group/validate http_status=200
10-01 22:04:41.662 I/flutter ( 3922): [INFO] msg="checkout: mixed basket probe cash_removed=true valid=false"
10-01 22:04:41.662 I/flutter ( 3922): [INFO] msg="checkout: mixed basket probe found the basket consumed by a pending group placement, held"
10-01 22:04:51.299 I/flutter ( 3922): 📊 analytics: place_order_tapped {pricing_settled: 1, store_count: 3, screen: checkout, section: place_order}
10-01 22:04:51.305 I/flutter ( 3922): 📊 analytics: screen_view {screen_name: order_confirm_sheet, source: checkout}
10-01 22:04:51.306 I/flutter ( 3922): 📊 analytics: order_confirm_sheet_shown {store_count: 3, item_count: 3, value: 38.98, currency: AED, price_changed: 0, stock_changed: 0, screen: order_confirm_sheet, source: checkout}
10-01 22:04:57.344 I/flutter ( 3922): 📊 analytics: order_confirm_confirmed {value: 38.98, currency: AED, store_count: 3, price_changed: 0, screen: order_confirm_sheet, section: footer_cta}
10-01 22:05:10.606 I/flutter ( 3922): [INFO] msg="payment sheet: digital payment tapped, gateway index=0"
10-01 22:05:10.606 I/flutter ( 3922): [INFO] msg="checkout: payment method selected index=2"
10-01 22:05:10.606 I/flutter ( 3922): 📊 analytics: add_payment_info {payment_type: digital_payment, value: 38.98, currency: AED, screen: checkout, section: payment}
10-01 22:05:26.252 I/flutter ( 3922): 📊 analytics: order_confirm_confirmed {value: 38.98, currency: AED, store_count: 3, price_changed: 0, screen: order_confirm_sheet, section: footer_cta}
10-01 22:05:26.254 I/flutter ( 3922): [INFO] msg="checkout: group place resent under the pending attempt, pre-flight skipped"
10-01 22:05:26.254 I/flutter ( 3922): [NET] POST endpoint=/api/v1/customer/order/group/place
10-01 22:05:26.880 I/flutter ( 3922): [NET] endpoint=/api/v1/customer/order/group/place http_status=200
10-01 22:05:26.882 I/flutter ( 3922): 📊 analytics: group_order_placed {store_count: 3, basket_store_count: 3, order_sub_order_count: 3, module_count: 2, group_id: fd994421-9a86-4c9c-8f69-6a45f3484579, source: confirm_sheet}
10-01 22:05:26.882 I/flutter ( 3922): [INFO] msg="checkout: group order placed groupId=fd994421-9a86-4c9c-8f69-6a45f3484579 children=3 replay=true"
10-01 22:05:26.883 I/flutter ( 3922): 📊 analytics: purchase {transaction_id: fd994421-9a86-4c9c-8f69-6a45f3484579, value: 38.98, currency: AED, store_count: 3, source: confirm_sheet, module_count: 2}
10-01 22:05:26.884 I/flutter ( 3922): [WARN] msg="showCustomSnackBar: modal route on top, used overlay"
10-01 22:05:26.886 I/flutter ( 3922): [NET] DELETE endpoint=/api/v1/customer/cart/remove
10-01 22:05:26.890 I/flutter ( 3922): [INFO] msg="payment screen initialised"
10-01 22:05:27.294 I/flutter ( 3922): [INFO] msg="payment browser created"
10-01 22:05:27.888 I/flutter ( 3922): [INFO] msg="payment webview navigation override"
10-01 22:05:27.889 I/flutter ( 3922): [INFO] msg="payment webview navigation blocked: host not allow-listed"
10-01 22:05:27.891 I/flutter ( 3922): [NET] endpoint=/api/v1/customer/cart/remove http_status=200
10-01 22:05:27.891 I/flutter ( 3922): [NET] GET endpoint=/api/v1/customer/cart/list
10-01 22:05:27.894 I/flutter ( 3922): [INFO] msg="payment webview load stop"
10-01 22:05:28.048 I/flutter ( 3922): [NET] endpoint=/api/v1/customer/cart/list http_status=200
