NEARS-1673 QA — PRE-EXISTING (regression_bugs) finding, NOT caused by this change.
File: UserApp/lib/features/item/domain/repositories/item_repository.dart:212
Untouched by the NEARS-1673 diff (diff = category_controller.dart + its test only);
last changed 2026-08-03 by 5b4b890d (NEARS-1417).
Trigger observed: airplane mode ON, module switch -> module home loads recommended items.

I/flutter (24322): UncaughtAsyncError
I/flutter (24322): #0      ItemRepository._getRecommendedItemList.<anonymous closure> (package:sixam_mart/features/item/domain/repositories/item_repository.dart:212:55)
I/flutter (24322): #1      LocalClient.cachedFetch (package:sixam_mart/api/local_client.dart:49:33)
I/flutter (24322): <asynchronous suspension>
I/flutter (24322): #2      ItemRepository.getList (package:sixam_mart/features/item/domain/repositories/item_repository.dart:96:14)
I/flutter (24322): <asynchronous suspension>
I/flutter (24322): #3      ItemService.getRecommendedItemList (package:sixam_mart/features/item/domain/services/item_service.dart:34:12)
I/flutter (24322): <asynchronous suspension>
I/flutter (24322): #4      ItemController.getRecommendedItemList (package:sixam_mart/features/item/controllers/item_controller.dart:740:17)
I/flutter (24322): <asynchronous suspension>
I/flutter (24322): ----------------------------------------------------
I/flutter (24322): [FAIL] endpoint=null http_status=null type=UncaughtAsyncError msg="uncaught async error (_TypeError)"
I/flutter (24322): ----------------FIREBASE CRASHLYTICS----------------
I/flutter (24322): The following exception was thrown uncaught async error (_TypeError):
I/flutter (24322): type 'String' is not a subtype of type 'Map<String, dynamic>'
I/flutter (24322): #0      ItemRepository._getRecommendedItemList.<anonymous closure> (package:sixam_mart/features/item/domain/repositories/item_repository.dart:212:55)
