# cycle2 cell4 usable wallet (500 >= 164.49) + stale list (app [] via strip, proxy strip kept; server paypal)
--- cart
--- app (FAIL/ERR/WARN/INFO lines)
I/flutter ( 3991): [INFO] msg="cart restored with 2 items"
I/flutter ( 3991): [INFO] msg="cart: store pre-flight passed notice=advisory"
I/flutter ( 3991): [WARN] msg="checkout: map preview dropped store 12 — missing coordinates"
I/flutter ( 3991): [WARN] msg="checkout: map preview dropped store 57 — missing coordinates"
I/flutter ( 3991): [INFO] msg="checkout: payment method selected index=0"
I/flutter ( 3991): [INFO] msg="checkout: mixed basket probe method refused reason=mixed_basket_cash_unavailable"
I/flutter ( 3991): [INFO] msg="checkout: stale gateway config refreshed healed=false"
I/flutter ( 3991): [FAIL] endpoint=/api/v1/customer/order/group/validate http_status=403 type=ApiFailure msg="checkout: mixed basket probe — no payment method passes reason=mixed_basket_cash_unavailable" correlation_id=50193ec8-cd0a-4e1a-aba6-d62482145d12
I/flutter ( 3991): [INFO] msg="checkout: payment method selected index=-1"
I/flutter ( 3991): [INFO] msg="checkout: payment method selected index=1"
I/flutter ( 3991): [INFO] msg="checkout: group validate → valid=true"
I/flutter ( 3991): [INFO] msg="checkout: group order placed groupId=cb07bbfe-e5f7-4eb1-bc81-32b75979b357 children=2"
I/flutter ( 3991): [WARN] msg="showCustomSnackBar: modal route on top, used overlay"
I/flutter ( 3991): [INFO] msg="pusher init skipped: websocket disabled"
I/flutter ( 3991): [INFO] msg="order: trackOrder orderID=91440"
I/flutter ( 3991): [INFO] msg="trackOrder called for orderID=91440 source=rowTap"
I/flutter ( 3991): [INFO] msg="getGroupDetails called for groupId=cb07bbfe-e5f7-4eb1-bc81-32b75979b357"
I/flutter ( 3991): [INFO] msg="trackOrder called for orderID=91440 source=groupChild"
I/flutter ( 3991): [INFO] msg="trackOrder called for orderID=91441 source=groupChild"
I/flutter ( 3991): [FAIL] endpoint=null http_status=null type=GetPositionFailure msg="location: getPosition threw (TimeoutException) — trying the AD1 fallback ladder"
I/flutter ( 3991): [INFO] msg="location: fallback ladder -> caller-supplied override"
I/flutter ( 3991): [INFO] msg="location: getCurrentLocation resolved via fallback rung=callerSupplied"
I/flutter ( 3991): [INFO] msg="location: inZone=true"
I/flutter ( 3991): [INFO] msg="getGroupDetails called for groupId=cb07bbfe-e5f7-4eb1-bc81-32b75979b357"
I/flutter ( 3991): [INFO] msg="trackOrder called for orderID=91440 source=groupChild"
I/flutter ( 3991): [INFO] msg="trackOrder called for orderID=91441 source=groupChild"
09:52:04 mode=strip POST /api/v1/customer/order/group/validate -> 200 body{payment_method=wallet,partial_payment=0}
09:52:31 mode=strip POST /api/v1/customer/order/group/validate -> 403 body{payment_method=cash_on_delivery,partial_payment=0} reasons=mixed_basket_cash_unavailable
09:52:32 mode=strip GET /api/v1/config -> 200 STRIPPED apml ['paypal']->[]
09:53:39 mode=strip POST /api/v1/customer/order/group/validate -> 200 body{payment_method=wallet,partial_payment=0}
--- UI: notice shown, Proceed ENABLED (advisory) — cycle2-cell4-cart-wallet-stale-a11y-dump.xml; 0 /config refetch at the Cart (wallet ask 200)
--- checkout open (probe asks cash/digital only)
--- app (FAIL/ERR/WARN/INFO lines)
I/flutter ( 3991): [INFO] msg="checkout: payment method selected index=0"
I/flutter ( 3991): [INFO] msg="checkout: mixed basket probe method refused reason=mixed_basket_cash_unavailable"
I/flutter ( 3991): [INFO] msg="checkout: stale gateway config refreshed healed=false"
I/flutter ( 3991): [FAIL] endpoint=/api/v1/customer/order/group/validate http_status=403 type=ApiFailure msg="checkout: mixed basket probe — no payment method passes reason=mixed_basket_cash_unavailable" correlation_id=50193ec8-cd0a-4e1a-aba6-d62482145d12
I/flutter ( 3991): [INFO] msg="checkout: payment method selected index=-1"
I/flutter ( 3991): [INFO] msg="checkout: payment method selected index=1"
I/flutter ( 3991): [INFO] msg="checkout: group validate → valid=true"
I/flutter ( 3991): [INFO] msg="checkout: group order placed groupId=cb07bbfe-e5f7-4eb1-bc81-32b75979b357 children=2"
I/flutter ( 3991): [WARN] msg="showCustomSnackBar: modal route on top, used overlay"
I/flutter ( 3991): [INFO] msg="pusher init skipped: websocket disabled"
I/flutter ( 3991): [INFO] msg="order: trackOrder orderID=91440"
I/flutter ( 3991): [INFO] msg="trackOrder called for orderID=91440 source=rowTap"
I/flutter ( 3991): [INFO] msg="getGroupDetails called for groupId=cb07bbfe-e5f7-4eb1-bc81-32b75979b357"
I/flutter ( 3991): [INFO] msg="trackOrder called for orderID=91440 source=groupChild"
I/flutter ( 3991): [INFO] msg="trackOrder called for orderID=91441 source=groupChild"
I/flutter ( 3991): [FAIL] endpoint=null http_status=null type=GetPositionFailure msg="location: getPosition threw (TimeoutException) — trying the AD1 fallback ladder"
I/flutter ( 3991): [INFO] msg="location: fallback ladder -> caller-supplied override"
I/flutter ( 3991): [INFO] msg="location: getCurrentLocation resolved via fallback rung=callerSupplied"
I/flutter ( 3991): [INFO] msg="location: inZone=true"
I/flutter ( 3991): [INFO] msg="getGroupDetails called for groupId=cb07bbfe-e5f7-4eb1-bc81-32b75979b357"
I/flutter ( 3991): [INFO] msg="trackOrder called for orderID=91440 source=groupChild"
I/flutter ( 3991): [INFO] msg="trackOrder called for orderID=91441 source=groupChild"
09:52:31 mode=strip POST /api/v1/customer/order/group/validate -> 403 body{payment_method=cash_on_delivery,partial_payment=0} reasons=mixed_basket_cash_unavailable
09:52:32 mode=strip GET /api/v1/config -> 200 STRIPPED apml ['paypal']->[]
09:53:39 mode=strip POST /api/v1/customer/order/group/validate -> 200 body{payment_method=wallet,partial_payment=0}
--- Place -> confirm sheet 'SELECT PAYMENT METHOD' -> Confirm -> method sheet: Total 164.49, Wallet Balance 500.00, Apply -> 'Paid by wallet' -> Select -> back on confirm sheet, label still 'SELECT PAYMENT METHOD' (index=1 logged)
--- place
--- app (FAIL/ERR/WARN/INFO lines)
I/flutter ( 3991): [INFO] msg="checkout: group validate → valid=true"
I/flutter ( 3991): [INFO] msg="checkout: group order placed groupId=cb07bbfe-e5f7-4eb1-bc81-32b75979b357 children=2"
I/flutter ( 3991): [WARN] msg="showCustomSnackBar: modal route on top, used overlay"
I/flutter ( 3991): [INFO] msg="pusher init skipped: websocket disabled"
I/flutter ( 3991): [INFO] msg="order: trackOrder orderID=91440"
I/flutter ( 3991): [INFO] msg="trackOrder called for orderID=91440 source=rowTap"
I/flutter ( 3991): [INFO] msg="getGroupDetails called for groupId=cb07bbfe-e5f7-4eb1-bc81-32b75979b357"
I/flutter ( 3991): [INFO] msg="trackOrder called for orderID=91440 source=groupChild"
I/flutter ( 3991): [INFO] msg="trackOrder called for orderID=91441 source=groupChild"
I/flutter ( 3991): [FAIL] endpoint=null http_status=null type=GetPositionFailure msg="location: getPosition threw (TimeoutException) — trying the AD1 fallback ladder"
I/flutter ( 3991): [INFO] msg="location: fallback ladder -> caller-supplied override"
I/flutter ( 3991): [INFO] msg="location: getCurrentLocation resolved via fallback rung=callerSupplied"
I/flutter ( 3991): [INFO] msg="location: inZone=true"
I/flutter ( 3991): [INFO] msg="getGroupDetails called for groupId=cb07bbfe-e5f7-4eb1-bc81-32b75979b357"
I/flutter ( 3991): [INFO] msg="trackOrder called for orderID=91440 source=groupChild"
I/flutter ( 3991): [INFO] msg="trackOrder called for orderID=91441 source=groupChild"
09:53:39 mode=strip POST /api/v1/customer/order/group/validate -> 200 body{payment_method=wallet,partial_payment=0}
09:53:45 mode=strip POST /api/v1/customer/order/group/place -> 200 body{payment_method=wallet,partial_payment=0}
09:53:46 mode=strip GET /api/v1/customer/order/group/details -> 200
09:54:04 mode=strip GET /api/v1/customer/order/group/details -> 200
--- copy DB: 91440 store12 wallet paid confirmed 12.60; 91441 store57 wallet paid confirmed 151.89; wallet 500.000 -> 335.510
