[INFO] msg="route: waiting for module=pharmacy"
[INFO] msg="route: checkModuleId configNull=false hasAddress=true fromDeeplink=false"
[INFO] msg="route: not from deeplink, skipping module fetch"
[INFO] msg="route: module future state=ConnectionState.waiting hasData=false hasError=false"
[INFO] msg="route: module future state=ConnectionState.done hasData=false hasError=false"
📊 analytics: view_store {store_id: 12, is_open: 1}
📊 analytics: view_promotion {promotion_count: 0, eligible_count: 0, expiring_count: 0, screen: coupons, source: profile_menu}
📊 analytics: begin_checkout {value: 169.24, currency: AED, item_count: 2, source: basket, store_count: 2}
[WARN] msg="checkout: map preview dropped store 12 — missing coordinates"
[WARN] msg="checkout: map preview dropped store 57 — missing coordinates"
[INFO] msg="checkout: payment method selected index=0"
📊 analytics: add_payment_info {payment_type: cash_on_delivery, value: 155.66, currency: AED, screen: checkout, section: payment}
[NET] POST endpoint=/api/v1/customer/order/group/validate
[NET] endpoint=/api/v1/customer/order/group/validate http_status=200
[INFO] msg="checkout: mixed basket probe cash_removed=false valid=true"
📊 analytics: place_order_tapped {pricing_settled: 1, store_count: 2, screen: checkout, section: place_order}
📊 analytics: screen_view {screen_name: order_confirm_sheet, source: checkout}
📊 analytics: order_confirm_sheet_shown {store_count: 2, item_count: 2, value: 164.49, currency: AED, price_changed: 0, stock_changed: 0, screen: order_confirm_sheet, source: checkout}
📊 analytics: order_confirm_confirmed {value: 164.49, currency: AED, store_count: 2, price_changed: 0, screen: order_confirm_sheet, section: footer_cta}
[NET] POST endpoint=/api/v1/customer/order/group/validate
[NET] endpoint=/api/v1/customer/order/group/validate http_status=200
[INFO] msg="checkout: group validate → valid=true"
[NET] POST endpoint=/api/v1/customer/order/group/place
[NET] endpoint=/api/v1/customer/order/group/place http_status=200
📊 analytics: group_order_placed {basket_store_count: 2, order_sub_order_count: 2, source: confirm_sheet}
[INFO] msg="checkout: group order placed groupId=a06b7867-5185-4571-95e9-97d9fe3205d4 children=2"
📊 analytics: purchase {transaction_id: a06b7867-5185-4571-95e9-97d9fe3205d4, value: 164.49, currency: AED, store_count: 2, source: confirm_sheet}
[WARN] msg="showCustomSnackBar: modal route on top, used overlay"
[INFO] msg="pusher init skipped: websocket disabled"
[INFO] msg="order: trackOrder orderID=91424"
[INFO] msg="trackOrder called for orderID=91424 source=rowTap"
[INFO] msg="location: inZone=true"
[INFO] msg="getGroupDetails called for groupId=a06b7867-5185-4571-95e9-97d9fe3205d4"
[NET] GET endpoint=/api/v1/customer/order/group/details
📊 analytics: order_tracking_opened {order_id: 91424, order_status: pending, screen: order_tracking, section: sheet}
[NET] endpoint=/api/v1/customer/order/group/details http_status=200
[INFO] msg="trackOrder called for orderID=91424 source=groupChild"
[INFO] msg="trackOrder called for orderID=91425 source=groupChild"
08:16:04 mode=pass POST /api/v1/customer/order/group/validate -> 200 body{payment_method=cash_on_delivery,partial_payment=0}
08:17:20 mode=pass POST /api/v1/customer/order/group/validate -> 200 body{payment_method=cash_on_delivery,partial_payment=0}
08:17:24 mode=pass POST /api/v1/customer/order/group/place -> 200 body{payment_method=cash_on_delivery,partial_payment=0}
08:17:26 mode=pass GET /api/v1/customer/order/group/details -> 200
