# STALE Place-time 403, refresh HEALS (proxy pass): checkout entered with server no-gateway (probe 200 cash_removed=false, cash row, app apml []), then server paypal ON, Place -> Confirm (cash)
📊 analytics: place_order_tapped {pricing_settled: 1, store_count: 2, screen: checkout, section: place_order}
📊 analytics: screen_view {screen_name: order_confirm_sheet, source: checkout}
📊 analytics: order_confirm_sheet_shown {store_count: 2, item_count: 2, value: 160.29, currency: AED, price_changed: 0, stock_changed: 0, screen: order_confirm_sheet, source: checkout}
📊 analytics: order_confirm_confirmed {value: 160.29, currency: AED, store_count: 2, price_changed: 0, screen: order_confirm_sheet, section: footer_cta}
[NET] POST endpoint=/api/v1/customer/order/group/validate
[NET] endpoint=/api/v1/customer/order/group/validate http_status=403
[FAIL] endpoint=/api/v1/customer/order/group/validate http_status=403 type=ApiFailure msg="unhandled api response" correlation_id=a4a5d422-4435-478c-abbc-e92ebcc6a2bf
[FAIL] endpoint=/api/v1/customer/order/group/validate http_status=403 type=ApiFailure msg="checkout: group validate failed reason=mixed_basket_cash_unavailable" correlation_id=a4a5d422-4435-478c-abbc-e92ebcc6a2bf
[INFO] msg="checkout: payment method selected index=-1"
📊 analytics: checkout_cash_removed_shown {reason: mixed_basket_cash_unavailable}
[FAIL] endpoint=null http_status=null type=PlaceOrderBlocked msg="checkout: no payment method available for the basket"
[INFO] msg="checkout: stale gateway config refreshed healed=true"
[INFO] msg="checkout: payment method selected index=2"
📊 analytics: add_payment_info {payment_type: digital_payment, value: 160.29, currency: AED, screen: checkout, section: payment}
## proxy
08:30:55 mode=pass POST /api/v1/customer/order/group/validate -> 403 body{payment_method=cash_on_delivery,partial_payment=0} reasons=mixed_basket_cash_unavailable
08:30:56 mode=pass GET /api/v1/config -> 200
## UI: no sheet opened; ~1s later payment section 'Digital Payment (Paypal)' (auto-pick index=2)
## FAIL lines BY REASON: (1) 'unhandled api response' + (2) 'checkout: group validate failed reason=mixed_basket_cash_unavailable' — SAME correlation_id a4a5d422 (one request, two lines = doubled); (3) 'checkout: no payment method available for the basket' (section, transient while the refresh is in flight, then healed)
