I/flutter (20099): [NET] endpoint=/api/v1/search/unified http_status=200
I/flutter (20099): 📊 analytics: search {search_term: Desi Cow Ghee, result_count: 4, store_count_returned: 0, screen: search, section: search_results, search_type: typed, segment: all, typed_query: Desi Cow Ghee}
I/flutter (20099): [FAIL] framework_error library=scheduler library type=_AssertionError msg="'package:flutter/src/semantics/semantics.dart': Failed assertion: line 3252 pos 12: 'owner!._nodes.containsKey(id)': is not true."
I/flutter (20099): [FAIL] framework_error   at #0      _AssertionError._doThrowNew (dart:core-patch/errors_patch.dart:67:4)
I/flutter (20099): [FAIL] framework_error   at #1      _AssertionError._throwNew (dart:core-patch/errors_patch.dart:49:5)
I/flutter (20099): [FAIL] framework_error   at #2      SemanticsNode.detach (package:flutter/src/semantics/semantics.dart:3252:12)
I/flutter (20099): [FAIL] framework_error   at #3      SemanticsNode._dropChild (package:flutter/src/semantics/semantics.dart:3221:13)
I/flutter (20099): [FAIL] framework_error   at #4      SemanticsNode._replaceChildren (package:flutter/src/semantics/semantics.dart:2974:13)
I/flutter (20099): [FAIL] framework_error   at #5      SemanticsNode.updateWith (package:flutter/src/semantics/semantics.dart:3732:5)
I/flutter (20099): [FAIL] framework_error   at #6      RenderTable.assembleSemanticsNode (package:flutter/src/rendering/table.dart:731:15)
I/flutter (20099): [FAIL] framework_error   at #7      _RenderObjectSemantics._buildSemanticsSubtree (package:flutter/src/rendering/object.dart:5972:20)
I/flutter (20099): [FAIL] framework_error library=scheduler library type=_AssertionError msg="'package:flutter/src/semantics/semantics.dart': Failed assertion: line 2990 pos 16: '!child.attached': is not true."
I/flutter (20099): [FAIL] framework_error   at #0      _AssertionError._doThrowNew (dart:core-patch/errors_patch.dart:67:4)
Another exception was thrown: 'package:flutter/src/semantics/semantics.dart': Failed assertion: line 2990 pos 16: '!child.attached': is not true.
I/flutter (20099): [FAIL] framework_error   at #1      _AssertionError._throwNew (dart:core-patch/errors_patch.dart:49:5)
I/flutter (20099): [FAIL] framework_error   at #2      SemanticsNode._replaceChildren (package:flutter/src/semantics/semantics.dart:2990:16)
I/flutter (20099): [FAIL] framework_error   at #3      SemanticsNode.updateWith (package:flutter/src/semantics/semantics.dart:3732:5)
I/flutter (20099): [FAIL] framework_error   at #4      RenderTable.assembleSemanticsNode (package:flutter/src/rendering/table.dart:791:10)
I/flutter (20099): [FAIL] framework_error   at #5      _RenderObjectSemantics._buildSemanticsSubtree (package:flutter/src/rendering/object.dart:5972:20)
(repeats: 24 framework_error lines after typed search 'Desi Cow Ghee' on /api/v1/search/unified results; uiautomator dump collapses to 4 nodes/0 labelled)
