09-30 23:36:20.185 [NET] endpoint=/api/v1/customer/order/get-surge-price http_status=500
09-30 23:36:20.185 [FAIL] endpoint=/api/v1/customer/order/get-surge-price http_status=500 type=ApiFailure msg="unhandled api response" correlation_id=04e8a3ae-44d6-4391-a740-c3e6b74a9af3
09-30 23:36:20.274 [NET] endpoint=/api/v1/customer/order/get-surge-price http_status=500
09-30 23:36:20.275 [FAIL] endpoint=/api/v1/customer/order/get-surge-price http_status=500 type=ApiFailure msg="unhandled api response" correlation_id=18a94181-aac8-48d9-8c96-4165825f1ca7
09-30 23:37:55.330 [FAIL] endpoint=/api/v1/stores/details/ http_status=null type=ApiFailure msg="checkout: group store detail unresolved store_id=36"
09-30 23:37:55.330 [FAIL] endpoint=/api/v1/stores/details/ http_status=null type=ApiFailure msg="checkout: group store detail unresolved store_id=1"
09-30 23:39:23.566 [FAIL] endpoint=/api/v1/stores/details/ http_status=null type=ApiFailure msg="checkout: group store detail unresolved store_id=1"
09-30 23:41:09.720 [FAIL] endpoint=null http_status=null type=PlaceOrderBlocked msg="checkout: place-order blocked reason=please_enter_valid_phone_number"
09-30 23:45:03.308 [NET] endpoint=/api/v1/customer/order/get-surge-price http_status=500
09-30 23:45:03.309 [FAIL] endpoint=/api/v1/customer/order/get-surge-price http_status=500 type=ApiFailure msg="unhandled api response" correlation_id=bc74025d-66a5-414d-ae4a-4b20c6d82072
09-30 23:45:03.388 [NET] endpoint=/api/v1/customer/order/get-surge-price http_status=500
09-30 23:45:03.388 [FAIL] endpoint=/api/v1/customer/order/get-surge-price http_status=500 type=ApiFailure msg="unhandled api response" correlation_id=7aa7743b-4394-4871-8bc6-71f2bbfd5e74
09-30 23:46:02.189 [NET] endpoint=/api/v1/customer/order/get-surge-price http_status=500
09-30 23:46:02.190 [FAIL] endpoint=/api/v1/customer/order/get-surge-price http_status=500 type=ApiFailure msg="unhandled api response" correlation_id=51b8fe87-5069-4767-ae33-caa2589480ab
09-30 23:46:02.322 [NET] endpoint=/api/v1/customer/order/get-surge-price http_status=500
09-30 23:46:02.322 [FAIL] endpoint=/api/v1/customer/order/get-surge-price http_status=500 type=ApiFailure msg="unhandled api response" correlation_id=2d485fca-ea17-4e04-a385-7e294ecc9e30
09-30 23:46:45.654 [FAIL] endpoint=null http_status=null type=PlaceOrderBlocked msg="checkout: place-order blocked reason=select_a_time"
09-30 23:50:26.793 [FAIL] endpoint=/api/v1/config/delivery-quote http_status=500 type=ApiFailure msg="delivery-quote fetch failed" correlation_id=46cac319-fa20-4165-acba-a621b1006365
09-30 23:50:26.939 [FAIL] endpoint=/api/v1/config/delivery-quote http_status=500 type=ApiFailure msg="delivery-quote fetch failed" correlation_id=d2e2ceed-0f79-4760-8cd0-c2471780b7aa
09-30 23:50:59.340 [FAIL] endpoint=/api/v1/config/delivery-quote http_status=500 type=ApiFailure msg="delivery-quote fetch failed" correlation_id=06e64bc4-ac9f-4275-a1a1-39e379e3537e
09-30 23:52:23.882 [NET] endpoint=/api/v1/customer/order/get-surge-price http_status=500
09-30 23:52:23.882 [FAIL] endpoint=/api/v1/customer/order/get-surge-price http_status=500 type=ApiFailure msg="api request failed" correlation_id=d57a1db0-ac07-4d0f-9261-2735a662ce14
09-30 23:53:02.708 [NET] endpoint=/api/v1/customer/order/get-surge-price http_status=500
09-30 23:53:02.709 [FAIL] endpoint=/api/v1/customer/order/get-surge-price http_status=500 type=ApiFailure msg="api request failed" correlation_id=5026708b-c9c1-4058-9606-f6a52ce1bb6f
09-30 23:54:52.923 [FAIL] endpoint=/api/v1/config/delivery-quote http_status=null type=ApiFailure msg="checkout: delivery quote not scheduled (no zone/module)"
09-30 23:55:25.026 [FAIL] endpoint=/api/v1/config/delivery-quote http_status=null type=ApiFailure msg="checkout: delivery-quote retry has no zone/module"
09-30 23:55:29.064 [FAIL] endpoint=/api/v1/config/delivery-quote http_status=null type=ApiFailure msg="checkout: delivery-quote retry has no zone/module"
09-30 23:55:33.110 [FAIL] endpoint=/api/v1/config/delivery-quote http_status=null type=ApiFailure msg="checkout: delivery-quote retry has no zone/module"
09-30 23:56:10.246 [FAIL] endpoint=/api/v1/config/delivery-quote http_status=null type=ApiFailure msg="checkout: delivery quote not scheduled (no zone/module)"
09-30 23:57:18.258 [NET] endpoint=/api/v1/customer/order/get-surge-price http_status=500
09-30 23:57:18.259 [FAIL] endpoint=/api/v1/customer/order/get-surge-price http_status=500 type=ApiFailure msg="api request failed" correlation_id=5b5ab8fc-9c7c-400b-9aa2-f7862d25fd59
10-01 00:00:12.052 [NET] endpoint=/api/v1/customer/order/get-surge-price http_status=500
10-01 00:00:12.053 [FAIL] endpoint=/api/v1/customer/order/get-surge-price http_status=500 type=ApiFailure msg="api request failed" correlation_id=399506a8-4cee-4ebd-8357-16deababd510
10-01 00:01:25.596 [NET] endpoint=/api/v1/customer/order/get-surge-price http_status=500
10-01 00:01:25.597 [FAIL] endpoint=/api/v1/customer/order/get-surge-price http_status=500 type=ApiFailure msg="api request failed" correlation_id=11fe244c-dc9c-4712-ae6f-feee689c0202
10-01 00:08:07.979 [NET] endpoint=/api/v1/customer/order/get-surge-price http_status=500
10-01 00:08:07.979 [FAIL] endpoint=/api/v1/customer/order/get-surge-price http_status=500 type=ApiFailure msg="unhandled api response" correlation_id=018f1a9b-3b3c-4700-88c4-201359a67aec
10-01 00:08:08.070 [NET] endpoint=/api/v1/customer/order/get-surge-price http_status=500
10-01 00:08:08.070 [FAIL] endpoint=/api/v1/customer/order/get-surge-price http_status=500 type=ApiFailure msg="unhandled api response" correlation_id=28ad83da-1bdb-4165-86c1-8dd53ef8fe42
