[qa-run] root: /Users/Apple/Projects/nears-NEARS-2533-icon-button-setstate-guard (source: git-toplevel)
[qa-lock] 53F3807C-3BF6-46ED-8487-DEC957036BAA: lane — ours='NEARS-2533'(derived) derived='NEARS-2533' holder='NEARS-2533' holder_key='NEARS-2533' match=yes via=lane verdict=self-lane site=check
[qa-run] pidfile: /Users/Apple/.nears/qa-pids/53F3807C-3BF6-46ED-8487-DEC957036BAA (pid 44315, started 'Wed Aug 26 22:00:19 2026') — stop with: scripts/qa-run-stop.sh 53F3807C-3BF6-46ED-8487-DEC957036BAA
Resolving dependencies...
Downloading packages...
  _flutterfire_internals 1.3.72 (1.3.77 available)
  alchemist 0.12.1 (0.14.0 available)
  app_links 7.0.0 (7.2.1 available)
  app_links_platform_interface 2.0.2 (2.0.4 available)
  archive 4.0.9 (4.2.0 available)
  audioplayers 6.6.0 (6.8.1 available)
  audioplayers_android 5.2.1 (5.3.0 available)
  audioplayers_darwin 6.4.0 (6.5.0 available)
  audioplayers_linux 4.2.1 (4.3.0 available)
  audioplayers_platform_interface 7.1.1 (7.2.0 available)
  audioplayers_web 5.2.0 (5.3.0 available)
  audioplayers_windows 4.3.0 (4.4.1 available)
  chewie 1.13.1 (1.15.0 available)
  code_assets 1.0.0 (2.0.0 available)
  connectivity_plus 7.1.1 (7.3.1 available)
  cross_file 0.3.5+2 (0.3.5+5 available)
  dbus 0.7.12 (0.7.15 available)
  device_info_plus 12.4.0 (13.2.0 available)
  device_info_plus_platform_interface 7.0.3 (8.1.0 available)
  drift 2.31.0 (2.34.3 available)
  drift_flutter 0.2.8 (0.3.1 available)
  dropdown_button2 2.3.9 (3.1.0 available)
  equatable 2.0.8 (2.1.0 available)
  expandable_bottom_sheet 1.1.1+1 (discontinued)
  facebook_auth_desktop 2.1.1 (2.1.3 available)
  file_picker 10.3.10 (12.1.0 available)
  firebase_analytics 12.4.2 (12.5.0 available)
  firebase_analytics_platform_interface 6.0.2 (6.0.7 available)
  firebase_analytics_web 0.6.1+8 (0.6.1+13 available)
  firebase_auth 6.5.2 (6.6.0 available)
  firebase_auth_platform_interface 9.0.2 (9.0.7 available)
  firebase_auth_web 6.2.2 (6.2.7 available)
  firebase_core 4.10.0 (4.14.0 available)
  firebase_core_platform_interface 7.0.1 (8.1.1 available)
  firebase_core_web 3.8.0 (3.11.0 available)
  firebase_crashlytics 5.2.3 (5.3.0 available)
  firebase_crashlytics_platform_interface 3.8.23 (3.9.0 available)
  firebase_messaging 16.3.0 (16.6.0 available)
  firebase_messaging_platform_interface 4.8.0 (4.10.0 available)
  firebase_messaging_web 4.2.0 (4.2.5 available)
  firebase_performance 0.11.4+2 (0.11.5 available)
  firebase_performance_platform_interface 0.2.0+2 (0.2.0+7 available)
  firebase_performance_web 0.1.8+8 (0.1.8+13 available)
  flutter_cache_manager 3.4.1 (3.4.2 available)
  flutter_facebook_auth 7.1.5 (7.2.0 available)
  flutter_keyboard_visibility 6.0.0 (7.0.1 available)
  flutter_keyboard_visibility_linux 1.0.0 (2.0.0 available)
  flutter_keyboard_visibility_macos 1.0.0 (2.0.0 available)
  flutter_keyboard_visibility_platform_interface 2.0.0 (3.0.0 available)
  flutter_keyboard_visibility_web 2.0.0 (3.0.0 available)
  flutter_keyboard_visibility_windows 1.0.0 (2.0.0 available)
  flutter_local_notifications 19.5.0 (22.3.0 available)
  flutter_local_notifications_linux 6.0.0 (8.0.1 available)
  flutter_local_notifications_platform_interface 9.1.0 (12.2.0 available)
  flutter_local_notifications_windows 1.0.3 (3.1.1 available)
  flutter_plugin_android_lifecycle 2.0.34 (2.0.35 available)
  flutter_secure_storage 9.2.4 (11.0.0 available)
  flutter_secure_storage_linux 1.2.3 (3.0.2 available)
  flutter_secure_storage_macos 3.1.3 (4.0.0 available)
  flutter_secure_storage_platform_interface 1.1.2 (2.0.3 available)
  flutter_secure_storage_web 1.2.1 (2.1.1 available)
  flutter_secure_storage_windows 3.1.2 (4.2.2 available)
  flutter_svg 2.2.4 (2.3.0 available)
  flutter_typeahead 5.2.0 (6.0.0 available)
  geolocator 14.0.2 (14.0.3 available)
  geolocator_android 5.0.2 (5.0.3 available)
  geolocator_apple 2.3.13 (2.3.14 available)
  geolocator_linux 0.2.4 (0.2.6 available)
  geolocator_platform_interface 4.2.6 (4.3.0 available)
  geolocator_web 4.1.3 (4.1.4 available)
  google_maps 8.2.0 (8.3.0 available)
  google_maps_flutter 2.14.2 (2.18.0 available)
  google_maps_flutter_android 2.19.8 (2.19.12 available)
  google_maps_flutter_ios 2.18.1 (2.18.5 available)
  google_maps_flutter_platform_interface 2.15.0 (2.16.1 available)
  google_maps_flutter_web 0.5.14+3 (0.6.3 available)
  google_sign_in_android 7.2.10 (7.2.16 available)
  google_sign_in_ios 6.3.0 (6.3.1 available)
  gtk 2.1.0 (2.2.0 available)
  hooks 1.0.3 (2.2.0 available)
  image 4.8.0 (4.9.2 available)
  image_picker 1.2.2 (1.2.3 available)
  image_picker_android 0.8.13+17 (0.8.13+19 available)
  intl 0.20.2 (0.20.3 available)
  jni 1.0.0 (1.0.3 available)
  jni_flutter 1.0.1 (1.0.2 available)
  js 0.6.7 (0.7.2 available)
  json_annotation 4.11.0 (4.12.0 available)
  location 8.0.1 (10.0.2 available)
  location_platform_interface 6.0.1 (7.0.0 available)
  location_web 6.0.1 (7.0.0 available)
  lottie 3.3.3 (3.5.1 available)
  matcher 0.12.19 (0.12.20 available)
  material_color_utilities 0.13.0 (0.13.1 available)
  material_symbols_icons 4.2928.1 (4.2960.0 available)
  meta 1.17.0 (1.19.0 available)
  native_toolchain_c 0.17.6 (0.19.4 available)
  objective_c 9.3.0 (9.6.0 available)
  package_config 2.2.0 (3.0.0 available)
  package_info_plus 9.0.1 (10.2.1 available)
  package_info_plus_platform_interface 3.2.1 (4.1.0 available)
  path_provider 2.1.5 (2.1.6 available)
  path_provider_linux 2.2.1 (2.2.2 available)
  path_provider_platform_interface 2.1.2 (2.1.3 available)
  pdf 3.12.0 (3.13.0 available)
  permission_handler 12.0.1 (13.0.1 available)
  permission_handler_android 13.0.1 (14.0.0 available)
  permission_handler_apple 9.4.7 (9.6.1 available)
  permission_handler_html 0.1.3+5 (0.1.4+1 available)
  permission_handler_platform_interface 4.3.0 (4.4.0 available)
  permission_handler_windows 0.2.1 (0.2.2 available)
  phone_numbers_parser 9.0.22 (9.0.25 available)
  pin_code_fields 8.0.1 (9.4.0 available)
  posix 6.5.0 (6.5.2 available)
  qr 3.0.2 (4.0.0 available)
  record_use 0.6.0 (1.1.1 available)
  sanitize_html 2.1.0 (2.2.0 available)
  share_plus 12.0.2 (13.3.0 available)
  share_plus_platform_interface 6.1.0 (7.2.0 available)
  shared_preferences_android 2.4.23 (2.4.27 available)
  sign_in_with_apple 7.0.1 (8.1.0 available)
  smooth_page_indicator 2.0.1 (3.0.0 available)
  speech_to_text 7.3.0 (7.4.0 available)
  speech_to_text_platform_interface 2.3.0 (2.4.0 available)
  speech_to_text_windows 1.0.0+beta.8 (1.0.1 available)
  sqflite 2.4.2+1 (2.4.3 available)
  sqflite_android 2.4.2+3 (2.4.3 available)
  sqflite_common 2.5.6+1 (2.5.11 available)
  sqflite_darwin 2.4.2 (2.4.3+1 available)
  sqflite_platform_interface 2.4.0 (2.4.1 available)
  sqlite3 2.9.4 (3.5.2 available)
  sqlite3_flutter_libs 0.5.42 (0.6.0+eol available)
  syncfusion_flutter_core 31.2.18 (34.2.5 available)
  syncfusion_flutter_datepicker 31.2.18 (34.2.5 available)
  synchronized 3.4.0+1 (3.4.1+2 available)
  test_api 0.7.10 (0.7.13 available)
  timezone 0.10.1 (0.11.1 available)
  url_launcher_android 6.3.29 (6.3.32 available)
  url_launcher_web 2.4.2 (2.4.3 available)
  uuid 4.5.3 (4.6.0 available)
  vector_graphics 1.2.0 (1.2.3 available)
  vector_graphics_compiler 1.2.0 (1.3.0 available)
  vector_math 2.2.0 (2.4.2 available)
  vibration 3.1.8 (3.2.0 available)
  video_player 2.11.1 (2.14.0 available)
  video_player_android 2.9.5 (2.12.0 available)
  video_player_avfoundation 2.9.4 (2.11.0 available)
  video_player_platform_interface 6.7.0 (6.9.0 available)
  vm_service 15.2.0 (15.3.0 available)
  wakelock_plus 1.5.2 (1.7.0 available)
  wakelock_plus_platform_interface 1.5.0 (1.6.0 available)
  webview_flutter 4.13.1 (4.14.1 available)
  webview_flutter_android 4.12.0 (4.14.0 available)
  webview_flutter_wkwebview 3.25.1 (3.26.0 available)
  win32 5.15.0 (6.4.0 available)
  win32_registry 2.1.0 (3.0.3 available)
  xml 6.6.1 (7.0.1 available)
  youtube_player_iframe 5.2.2 (6.0.2 available)
  youtube_player_iframe_web 3.1.2 (3.1.3 available)
Got dependencies!
1 package is discontinued.
158 packages have newer versions incompatible with dependency constraints.
Try `flutter pub outdated` for more information.
Launching lib/main.dart on iPhone 17 Pro in debug mode...
Running Xcode build...                                          
Xcode build done.                                           17.8s
Target native_assets required define SdkRoot but it was not provided
Syncing files to device iPhone 17 Pro...                        
flutter: 📊 analytics: app_open {}
flutter: ----------------FIREBASE CRASHLYTICS----------------
flutter: The following exception was thrown killed-launch getInitialMessage failed (_TypeError):
flutter: KilledLaunchNotificationFailure
flutter: 
#0      NotificationHelper.initialize (package:sixam_mart/helper/notification_helper.dart:73:118)
#1      main (package:sixam_mart/main.dart:292:32)
<asynchronous suspension>
flutter: ----------------------------------------------------
flutter: [FAIL] endpoint=null http_status=null type=KilledLaunchNotificationFailure msg="killed-launch getInitialMessage failed (_TypeError)"
flutter: [INFO] msg="route: building splash route, hasData=false"
Syncing files to device iPhone 17 Pro...                           143ms

Flutter run key commands.
r Hot reload. 🔥🔥🔥
R Hot restart.
h List all available interactive commands.
d Detach (terminate "flutter run" but leave application running).
c Clear the screen
q Quit (terminate the application on the device).

A Dart VM Service on iPhone 17 Pro is available at: http://127.0.0.1:53872/4u_WLHxlMXM=/
The Flutter DevTools debugger and profiler on iPhone 17 Pro is available at: http://127.0.0.1:53872/4u_WLHxlMXM=/devtools/?uri=ws://127.0.0.1:53872/4u_WLHxlMXM=/ws
flutter: [INFO] msg="route: navigating to splash screen"
flutter: [INFO] msg="splash: location prefetch initiated"
flutter: [NET] GET endpoint=/api/v1/customer/cart/list
flutter: [INFO] msg="splash: location prefetch skipped (permission not granted)"
flutter: [INFO] msg="splash: deeplink resolved canRoute=true"
flutter: [INFO] msg="splash: routing"
flutter: [NET] GET endpoint=/api/v1/config/get-zone-id
flutter: [NET] GET endpoint=/api/v1/module
flutter: [NET] GET endpoint=/api/v1/config
flutter: [NET] POST endpoint=/api/v1/customer/cm-firebase-token
flutter: ----------------FIREBASE CRASHLYTICS----------------
flutter: The following exception was thrown uncaught async error (FirebaseException):
flutter: UncaughtAsyncError
flutter: 
#0      MethodChannelFirebaseMessaging._APNSTokenCheck (package:firebase_messaging_platform_interface/src/method_channel/method_channel_messaging.dart:138:9)
<asynchronous suspension>
#1      MethodChannelFirebaseMessaging.subscribeToTopic (package:firebase_messaging_platform_interface/src/method_channel/method_channel_messaging.dart:364:5)
<asynchronous suspension>
flutter: ----------------------------------------------------
flutter: [FAIL] endpoint=null http_status=null type=UncaughtAsyncError msg="uncaught async error (FirebaseException)"
flutter: ----------------FIREBASE CRASHLYTICS----------------
flutter: The following exception was thrown uncaught async error (FirebaseException):
flutter: [firebase_messaging/apns-token-not-set] APNS token has not been received on the device yet. Please ensure the APNS token is available before calling `getAPNSToken()`.
flutter: 
#0      MethodChannelFirebaseMessaging._APNSTokenCheck (package:firebase_messaging_platform_interface/src/method_channel/method_channel_messaging.dart:138:9)
<asynchronous suspension>
#1      MethodChannelFirebaseMessaging.subscribeToTopic (package:firebase_messaging_platform_interface/src/method_channel/method_channel_messaging.dart:364:5)
<asynchronous suspension>
flutter: ----------------------------------------------------
flutter: ----------------FIREBASE CRASHLYTICS----------------
flutter: The following exception was thrown uncaught async error (FirebaseException):
flutter: UncaughtAsyncError
flutter: 
#0      MethodChannelFirebaseMessaging._APNSTokenCheck (package:firebase_messaging_platform_interface/src/method_channel/method_channel_messaging.dart:138:9)
<asynchronous suspension>
#1      MethodChannelFirebaseMessaging.subscribeToTopic (package:firebase_messaging_platform_interface/src/method_channel/method_channel_messaging.dart:364:5)
<asynchronous suspension>
flutter: ----------------------------------------------------
flutter: [FAIL] endpoint=null http_status=null type=UncaughtAsyncError msg="uncaught async error (FirebaseException)"
flutter: ----------------FIREBASE CRASHLYTICS----------------
flutter: The following exception was thrown uncaught async error (FirebaseException):
flutter: [firebase_messaging/apns-token-not-set] APNS token has not been received on the device yet. Please ensure the APNS token is available before calling `getAPNSToken()`.
flutter: 
#0      MethodChannelFirebaseMessaging._APNSTokenCheck (package:firebase_messaging_platform_interface/src/method_channel/method_channel_messaging.dart:138:9)
<asynchronous suspension>
#1      MethodChannelFirebaseMessaging.subscribeToTopic (package:firebase_messaging_platform_interface/src/method_channel/method_channel_messaging.dart:364:5)
<asynchronous suspension>
flutter: ----------------------------------------------------
flutter: [NET] endpoint=/api/v1/customer/cart/list http_status=200
flutter: [NET] endpoint=/api/v1/config/get-zone-id http_status=200
flutter: [INFO] msg="location: inZone=true"
flutter: [NET] endpoint=/api/v1/module http_status=200
flutter: 📊 analytics: sectors_shown {sectors_count: 3, zone_id: 400}
flutter: [INFO] msg="route: initial route module=grocery-food"
flutter: [INFO] msg="route: waiting for module=grocery-food"
flutter: [INFO] msg="route: checkModuleId configNull=false hasAddress=true fromDeeplink=false"
flutter: [INFO] msg="route: not from deeplink, skipping module fetch"
flutter: [INFO] msg="route: module future state=ConnectionState.waiting hasData=false hasError=false"
flutter: [INFO] msg="route: module future state=ConnectionState.done hasData=false hasError=false"
flutter: [NET] GET endpoint=/api/v1/customer/order/running-orders
flutter: [NET] GET endpoint=/api/v1/customer/order/payment-failed
flutter: [INFO] msg="home load started"
flutter: [NET] GET endpoint=/api/v1/config/get-zone-id
flutter: [NET] endpoint=/api/v1/config http_status=200
flutter: [INFO] msg="splash: deeplink resolved canRoute=true"
flutter: [INFO] msg="splash: routing"
flutter: [INFO] msg="splash-nav: duplicate boot resolution skipped (config cache+network chain)"
flutter: [NET] POST endpoint=/api/v1/customer/cm-firebase-token
flutter: ----------------FIREBASE CRASHLYTICS----------------
flutter: The following exception was thrown uncaught async error (FirebaseException):
flutter: UncaughtAsyncError
flutter: 
#0      MethodChannelFirebaseMessaging._APNSTokenCheck (package:firebase_messaging_platform_interface/src/method_channel/method_channel_messaging.dart:138:9)
<asynchronous suspension>
#1      MethodChannelFirebaseMessaging.subscribeToTopic (package:firebase_messaging_platform_interface/src/method_channel/method_channel_messaging.dart:364:5)
<asynchronous suspension>
flutter: ----------------------------------------------------
flutter: [FAIL] endpoint=null http_status=null type=UncaughtAsyncError msg="uncaught async error (FirebaseException)"
flutter: ----------------FIREBASE CRASHLYTICS----------------
flutter: The following exception was thrown uncaught async error (FirebaseException):
flutter: [firebase_messaging/apns-token-not-set] APNS token has not been received on the device yet. Please ensure the APNS token is available before calling `getAPNSToken()`.
flutter: 
#0      MethodChannelFirebaseMessaging._APNSTokenCheck (package:firebase_messaging_platform_interface/src/method_channel/method_channel_messaging.dart:138:9)
<asynchronous suspension>
#1      MethodChannelFirebaseMessaging.subscribeToTopic (package:firebase_messaging_platform_interface/src/method_channel/method_channel_messaging.dart:364:5)
<asynchronous suspension>
flutter: ----------------------------------------------------
flutter: ----------------FIREBASE CRASHLYTICS----------------
flutter: The following exception was thrown uncaught async error (FirebaseException):
flutter: UncaughtAsyncError
flutter: 
#0      MethodChannelFirebaseMessaging._APNSTokenCheck (package:firebase_messaging_platform_interface/src/method_channel/method_channel_messaging.dart:138:9)
<asynchronous suspension>
#1      MethodChannelFirebaseMessaging.subscribeToTopic (package:firebase_messaging_platform_interface/src/method_channel/method_channel_messaging.dart:364:5)
<asynchronous suspension>
flutter: ----------------------------------------------------
flutter: [FAIL] endpoint=null http_status=null type=UncaughtAsyncError msg="uncaught async error (FirebaseException)"
flutter: ----------------FIREBASE CRASHLYTICS----------------
flutter: The following exception was thrown uncaught async error (FirebaseException):
flutter: [firebase_messaging/apns-token-not-set] APNS token has not been received on the device yet. Please ensure the APNS token is available before calling `getAPNSToken()`.
flutter: 
#0      MethodChannelFirebaseMessaging._APNSTokenCheck (package:firebase_messaging_platform_interface/src/method_channel/method_channel_messaging.dart:138:9)
<asynchronous suspension>
#1      MethodChannelFirebaseMessaging.subscribeToTopic (package:firebase_messaging_platform_interface/src/method_channel/method_channel_messaging.dart:364:5)
<asynchronous suspension>
flutter: ----------------------------------------------------
flutter: [NET] endpoint=/api/v1/customer/cm-firebase-token http_status=403
flutter: ----------------FIREBASE CRASHLYTICS----------------
flutter: The following exception was thrown unhandled api response:
flutter: ApiFailure(status: 403)
flutter: 
#0      ApiClient.handleResponse (package:sixam_mart/api/api_client.dart:1221:22)
#1      ApiClient._send (package:sixam_mart/api/api_client.dart:802:14)
<asynchronous suspension>
#2      AuthRepository.updateToken (package:sixam_mart/features/auth/domain/repositories/auth_repository.dart:263:12)
<asynchronous suspension>
#3      AuthService.updateToken (package:sixam_mart/features/auth/domain/services/auth_service.dart:98:31)
<asynchronous suspension>
#4      AuthController.updateToken (package:sixam_mart/features/auth/controllers/auth_controller.dart:312:5)
<asynchronous suspension>
flutter: ----------------------------------------------------
flutter: [FAIL] endpoint=/api/v1/customer/cm-firebase-token http_status=403 type=ApiFailure msg="unhandled api response" correlation_id=b67791df-2f39-465e-81c6-2f79ad5aa061
flutter: [NET] endpoint=/api/v1/customer/order/running-orders http_status=200
flutter: [NET] endpoint=/api/v1/customer/order/payment-failed http_status=200
flutter: [NET] endpoint=/api/v1/config/get-zone-id http_status=200
flutter: [INFO] msg="location: inZone=true"
flutter: [NET] GET endpoint=/api/v1/customer/info
flutter: [NET] endpoint=/api/v1/customer/cm-firebase-token http_status=403
flutter: ----------------FIREBASE CRASHLYTICS----------------
flutter: The following exception was thrown unhandled api response:
flutter: ApiFailure(status: 403)
flutter: 
#0      ApiClient.handleResponse (package:sixam_mart/api/api_client.dart:1221:22)
#1      ApiClient._send (package:sixam_mart/api/api_client.dart:802:14)
<asynchronous suspension>
#2      AuthRepository.updateToken (package:sixam_mart/features/auth/domain/repositories/auth_repository.dart:263:12)
<asynchronous suspension>
#3      AuthService.updateToken (package:sixam_mart/features/auth/domain/services/auth_service.dart:98:31)
<asynchronous suspension>
#4      AuthController.updateToken (package:sixam_mart/features/auth/controllers/auth_controller.dart:312:5)
<asynchronous suspension>
flutter: ----------------------------------------------------
flutter: [FAIL] endpoint=/api/v1/customer/cm-firebase-token http_status=403 type=ApiFailure msg="unhandled api response" correlation_id=19f56b2d-4989-436c-98b9-b7001473723f
flutter: [NET] endpoint=/api/v1/customer/info http_status=200
flutter: [NET] GET endpoint=/api/v1/customer/notifications
flutter: [NET] GET endpoint=/api/v1/coupon/list
flutter: [NET] GET endpoint=/api/v1/banners
flutter: [NET] GET endpoint=/api/v1/customer/address/list
flutter: [NET] GET endpoint=/api/v1/module
flutter: [NET] GET endpoint=/api/v1/stores/get-stores/all
flutter: [NET] endpoint=/api/v1/customer/notifications http_status=200
flutter: [NET] endpoint=/api/v1/coupon/list http_status=200
flutter: [NET] endpoint=/api/v1/banners http_status=200
flutter: [NET] endpoint=/api/v1/customer/address/list http_status=200
flutter: [NET] endpoint=/api/v1/module http_status=200
flutter: [NET] GET endpoint=/api/v1/items/details/52
flutter: [NET] endpoint=/api/v1/stores/get-stores/all http_status=200
flutter: [NET] endpoint=/api/v1/items/details/52 http_status=200
flutter: 📊 analytics: view_item {item_id: 52, item_category: 12, price: 10.0, value: 10.0}
