GET /api/v1/config Authorization=AUTH[REDACTED] vendorType=owner
  -> status=200
POST /api/v1/vendor/update-fcm-token Authorization=AUTH[REDACTED] vendorType=owner
  -> status=200
GET /api/v1/vendor/profile Authorization=AUTH[REDACTED] vendorType=owner
  -> status=200
GET /api/v1/vendor/profile Authorization=AUTH[REDACTED] vendorType=owner
  -> status=200
GET /api/v1/vendor/current-orders?limit=100 Authorization=AUTH[REDACTED] vendorType=owner
  -> status=200
GET /api/v1/vendor/notifications Authorization=AUTH[REDACTED] vendorType=owner
  -> status=200
POST /api/v1/vendor/logout Authorization=AUTH[REDACTED] vendorType=owner
POST /api/v1/vendor/update-fcm-token Authorization=AUTH[REDACTED] vendorType=owner
  -> status=200
  -> status=401
POST /api/v1/auth/vendor/login Authorization=AUTH[REDACTED] vendorType=owner
  -> status=200
POST /api/v1/vendor/update-fcm-token Authorization=AUTH[REDACTED] vendorType=owner
  -> status=200
GET /api/v1/vendor/profile Authorization=AUTH[REDACTED] vendorType=owner
GET /api/v1/vendor/profile Authorization=AUTH[REDACTED] vendorType=owner
  -> status=200
GET /api/v1/vendor/profile Authorization=AUTH[REDACTED] vendorType=owner
  -> status=200
  -> status=200
GET /api/v1/vendor/current-orders?limit=100 Authorization=AUTH[REDACTED] vendorType=owner
  -> status=200
GET /api/v1/vendor/notifications Authorization=AUTH[REDACTED] vendorType=owner
  -> status=200
POST /api/v1/vendor/logout Authorization=AUTH[REDACTED] vendorType=owner
POST /api/v1/vendor/update-fcm-token Authorization=AUTH[REDACTED] vendorType=owner
  -> status=200
  -> status=401
DB check (read-only): vendors.id=2 firebase_token unchanged (not cleared to '@') after logout on 2 separate cycles; auth_token correctly nulled.
