== BASE 2840a5ac4 (com.izzes.nears.qabase2840) emulator-5560 — same flow: search 'milk' -> results with NItemCard, uiautomator a11y client attached ==
09-27 16:35:51.526  6251  6251 I flutter : [FAIL] framework_error library=scheduler library type=_AssertionError msg="'package:flutter/src/semantics/semantics.dart': Failed assertion: line 3252 pos 12: 'owner!._nodes.containsKey(id)': is not true."
09-27 16:35:51.527  6251  6251 I flutter : [FAIL] framework_error   at #0      _AssertionError._doThrowNew (dart:core-patch/errors_patch.dart:67:4)
09-27 16:35:51.527  6251  6251 I flutter : [FAIL] framework_error   at #1      _AssertionError._throwNew (dart:core-patch/errors_patch.dart:49:5)
09-27 16:35:51.527  6251  6251 I flutter : [FAIL] framework_error   at #2      SemanticsNode.detach (package:flutter/src/semantics/semantics.dart:3252:12)
09-27 16:35:51.527  6251  6251 I flutter : [FAIL] framework_error   at #3      SemanticsNode._dropChild (package:flutter/src/semantics/semantics.dart:3221:13)
09-27 16:35:51.527  6251  6251 I flutter : [FAIL] framework_error   at #4      SemanticsNode._replaceChildren (package:flutter/src/semantics/semantics.dart:2974:13)
09-27 16:35:51.527  6251  6251 I flutter : [FAIL] framework_error   at #5      SemanticsNode.updateWith (package:flutter/src/semantics/semantics.dart:3732:5)
09-27 16:35:51.527  6251  6251 I flutter : [FAIL] framework_error   at #6      RenderTable.assembleSemanticsNode (package:flutter/src/rendering/table.dart:731:15)
09-27 16:35:51.527  6251  6251 I flutter : [FAIL] framework_error   at #7      _RenderObjectSemantics._buildSemanticsSubtree (package:flutter/src/rendering/object.dart:5972:20)
09-27 16:29:44.559  4168  4168 I flutter : [FAIL] framework_error library=scheduler library type=_AssertionError msg="'package:flutter/src/semantics/semantics.dart': Failed assertion: line 3252 pos 12: 'owner!._nodes.containsKey(id)': is not true."
09-27 16:29:49.809  4168  4168 I flutter : [FAIL] framework_error library=scheduler library type=_AssertionError msg="'package:flutter/src/semantics/semantics.dart': Failed assertion: line 3252 pos 12: 'owner!._nodes.containsKey(id)': is not true."
09-27 16:30:01.341  4168  4168 I flutter : [FAIL] framework_error library=scheduler library type=_AssertionError msg="'package:flutter/src/semantics/semantics.dart': Failed assertion: line 3252 pos 12: 'owner!._nodes.containsKey(id)': is not true."
09-27 16:30:09.427  4168  4168 I flutter : [FAIL] framework_error library=scheduler library type=_AssertionError msg="'package:flutter/src/semantics/semantics.dart': Failed assertion: line 3252 pos 12: 'owner!._nodes.containsKey(id)': is not true."
09-27 16:30:11.791  4168  4168 I flutter : [FAIL] framework_error library=scheduler library type=_AssertionError msg="'package:flutter/src/semantics/semantics.dart': Failed assertion: line 3252 pos 12: 'owner!._nodes.containsKey(id)': is not true."
09-27 16:29:34.535  4168  4168 I flutter : [NET] GET endpoint=/api/v1/search/global
09-27 16:29:34.535  4168  4168 I flutter : 📊 analytics: search {search_term: milk, result_count: 10, store_count_returned: 0, screen: search, section: search_results, search_type: typed, segment: all, typed_query: milk}
09-27 16:29:34.774  4168  4168 I flutter : [NET] endpoint=/api/v1/search/global http_status=200
09-27 16:29:44.559  4168  4168 I flutter : [FAIL] framework_error library=scheduler library type=_AssertionError msg="'package:flutter/src/semantics/semantics.dart': Failed assertion: line 3252 pos 12: 'owner!._nodes.containsKey(id)': is not true."
09-27 16:29:44.560  4168  4168 I flutter : [FAIL] framework_error   at #0      _AssertionError._doThrowNew (dart:core-patch/errors_patch.dart:67:4)
09-27 16:29:44.560  4168  4168 I flutter : [FAIL] framework_error   at #1      _AssertionError._throwNew (dart:core-patch/errors_patch.dart:49:5)
09-27 16:29:44.560  4168  4168 I flutter : [FAIL] framework_error   at #2      SemanticsNode.detach (package:flutter/src/semantics/semantics.dart:3252:12)
