# AC1 live: pending model-none registrant token, own server :8414, DB multi_food_db_qa4114
register -> business_model_fail store_id 92903
DB: stores.status/model, vendors.status -> 0/none vendor.status=NULL
login -> HTTP 200 keys ['subscribed'] token present True (subscribed.token)
BEFORE {"payment_requests": 0, "account_transactions": 28, "admin_wallets": 1, "withdraw_requests": 0, "items": 14964, "coupons": 4, "orders": 57, "store_subscriptions": 1, "subscription_transactions": 1, "store_wallets": 24, "wallet_transactions": 4, "store_wallet_sum": "266.00/3382.15/1600.00/225.00", "admin_wallet_sum": "9.85/0.00/20.00", "store_row_md5": "2b76d2e916ded426bd631e20930424528070d11582b82ccb6ec71341c2308e8d", "vendor_row_md5": "0b5c52bd019041545bbd946276a8fb77f1cf1df0e02cc9c0d76d389101b5c5a7"}
PASS POST /api/v1/vendor/make-collected-cash-payment -> HTTP 403 code=auth-003 msg='Your registration is not approved yet. You can login once admin approved the request' rid=0e39ff89-3d28-4c88-9817-283d74163824
PASS POST /api/v1/vendor/request-withdraw -> HTTP 403 code=auth-003 msg='Your registration is not approved yet. You can login once admin approved the request' rid=9d785273-2873-46a3-bd43-cdc091c52c92
PASS POST /api/v1/vendor/make-wallet-adjustment -> HTTP 403 code=auth-003 msg='Your registration is not approved yet. You can login once admin approved the request' rid=06abf184-bc70-40ba-a15d-9d3bdc8144d3
PASS PUT /api/v1/vendor/update-bank-info -> HTTP 403 code=auth-003 msg='Your registration is not approved yet. You can login once admin approved the request' rid=5ebb45b1-7950-4ca5-a3ec-441950250f84
PASS GET /api/v1/vendor/current-orders -> HTTP 403 code=auth-003 msg='Your registration is not approved yet. You can login once admin approved the request' rid=86365f03-6c28-421c-8178-fae1e7cc6261
PASS GET /api/v1/vendor/notifications -> HTTP 403 code=auth-003 msg='Your registration is not approved yet. You can login once admin approved the request' rid=eeab1bba-5dde-43c1-9033-08992f301af7
PASS POST /api/v1/vendor/pos/place-order -> HTTP 403 code=auth-003 msg='Your registration is not approved yet. You can login once admin approved the request' rid=53faf0f1-22ee-4b83-a620-7ce6a85a63f0
PASS GET /api/v1/ai/generate-title-suggestions -> HTTP 403 code=auth-003 msg='Your registration is not approved yet. You can login once admin approved the request' rid=3a3a6dac-11e2-43f5-b0fa-0ad912584404
PASS POST /api/v1/vendor/item/store -> HTTP 403 code=auth-003 msg='Your registration is not approved yet. You can login once admin approved the request' rid=9c7b36d2-4102-4bd3-806e-81189b7ec920
PASS POST /api/v1/vendor/coupon/store -> HTTP 403 code=auth-003 msg='Your registration is not approved yet. You can login once admin approved the request' rid=dc767d01-416b-4709-aedc-ad8a059bd16d
AFTER  {"payment_requests": 0, "account_transactions": 28, "admin_wallets": 1, "withdraw_requests": 0, "items": 14964, "coupons": 4, "orders": 57, "store_subscriptions": 1, "subscription_transactions": 1, "store_wallets": 24, "wallet_transactions": 4, "store_wallet_sum": "266.00/3382.15/1600.00/225.00", "admin_wallet_sum": "9.85/0.00/20.00", "store_row_md5": "2b76d2e916ded426bd631e20930424528070d11582b82ccb6ec71341c2308e8d", "vendor_row_md5": "0b5c52bd019041545bbd946276a8fb77f1cf1df0e02cc9c0d76d389101b5c5a7"}
COUNTS IDENTICAL: True
SWEEP (logout held for last): routes tried 105
refused auth-003: 101   not refused: 3
  NOT-REFUSED ('GET', 'api/v1/vendor/profile', 200, None)
  NOT-REFUSED ('GET', 'api/v1/vendor/subscription-transaction', 403, 'limit')
  NOT-REFUSED ('PUT', 'api/v1/vendor/update-fcm-token', 200, None)
logout (last) -> HTTP 200 rid dca4ab62-2a5c-4308-9fa7-0399ec00450a
TOTAL universe 105 = refused 101 + allowed 4 (incl logout)
refused messages distinct: set()
