# cell (g) logged-in (customer@nears.com) no-saved-address TypeAhead, flag OFF (copy bs228=0, server cross_module_basket=False), 2-store checkout, get-zone-id held 15s
T0 04:13:51.074 tap Al Wahda Mall - Hazza (label centre g3)
T1 04:13:52.622 window dump
'|Place Order|' enabled=false clickable=false focused=false Button [60,1780][1284,1936]
T2 04:13:54.665 tap Place Order #1 x=80 y=1858 (label-resolved)
T3 04:13:56.702 tap Place Order #2
T4 04:13:56.733
## server
[57290] [Thu Oct  1 04:13:52 2026] [qa-delay] GET /api/v1/config/get-zone-id sleep=15s t=1790813632.562
[57290] [Thu Oct  1 04:14:07 2026] [qa-delay] GET /api/v1/config/get-zone-id release t=1790813647.564
## app (emu)
10-01 04:13:41.191 I/flutter (10034): [NET] GET endpoint=/api/v1/config/place-api-details
10-01 04:13:42.624 I/flutter (10034): [NET] endpoint=/api/v1/config/place-api-details http_status=200
10-01 04:13:42.625 I/flutter (10034): [NET] GET endpoint=/api/v1/config/get-zone-id
10-01 04:13:44.767 I/flutter (10034): [WARN] msg="checkout: place order tap blocked — pricing not settled (tax/delivery-quote) address_resolving=true"
10-01 04:13:44.768 I/flutter (10034): 📊 analytics: place_order_tapped {pricing_settled: 0, store_count: 2, screen: checkout, section: place_order}
10-01 04:13:46.805 I/flutter (10034): [WARN] msg="checkout: place order tap blocked — pricing not settled (tax/delivery-quote) address_resolving=true"
10-01 04:13:46.805 I/flutter (10034): 📊 analytics: place_order_tapped {pricing_settled: 0, store_count: 2, screen: checkout, section: place_order}
10-01 04:13:57.746 I/flutter (10034): [NET] endpoint=/api/v1/config/get-zone-id http_status=200
10-01 04:13:57.747 I/flutter (10034): [INFO] msg="location: inZone=true"
10-01 04:13:57.750 I/flutter (10034): [NET] GET endpoint=/api/v1/stores/details/13
10-01 04:13:57.750 I/flutter (10034): [NET] GET endpoint=/api/v1/stores/details/12
10-01 04:13:57.755 I/flutter (10034): [NET] GET endpoint=/api/v1/config/distance-api
10-01 04:13:58.485 I/flutter (10034): [NET] endpoint=/api/v1/stores/details/12 http_status=200
10-01 04:13:58.486 I/flutter (10034): [NET] endpoint=/api/v1/stores/details/13 http_status=200
10-01 04:13:58.486 I/flutter (10034): [NET] POST endpoint=/api/v1/customer/order/get-surge-price
10-01 04:13:58.486 I/flutter (10034): [NET] POST endpoint=/api/v1/customer/order/get-surge-price
10-01 04:13:58.486 I/flutter (10034): [NET] GET endpoint=/api/v1/config/distance-api
10-01 04:13:58.486 I/flutter (10034): [NET] GET endpoint=/api/v1/config/distance-api
10-01 04:13:59.112 I/flutter (10034): [NET] endpoint=/api/v1/customer/order/get-surge-price http_status=200
10-01 04:13:59.112 I/flutter (10034): [NET] endpoint=/api/v1/customer/order/get-surge-price http_status=200
10-01 04:13:59.136 I/flutter (10034): [NET] endpoint=/api/v1/config/distance-api http_status=200
10-01 04:13:59.136 I/flutter (10034): [NET] GET endpoint=/api/v1/vehicle/extra_charge
10-01 04:13:59.433 I/flutter (10034): [NET] endpoint=/api/v1/config/distance-api http_status=200
10-01 04:13:59.433 I/flutter (10034): [NET] GET endpoint=/api/v1/vehicle/extra_charge
10-01 04:13:59.498 I/flutter (10034): [NET] endpoint=/api/v1/config/distance-api http_status=200
10-01 04:13:59.498 I/flutter (10034): [NET] GET endpoint=/api/v1/vehicle/extra_charge
10-01 04:13:59.500 I/flutter (10034): [NET] endpoint=/api/v1/vehicle/extra_charge http_status=200
10-01 04:13:59.558 I/flutter (10034): [NET] endpoint=/api/v1/vehicle/extra_charge http_status=200
10-01 04:13:59.655 I/flutter (10034): [NET] endpoint=/api/v1/vehicle/extra_charge http_status=200
10-01 04:13:59.656 I/flutter (10034): [NET] POST endpoint=/api/v1/config/delivery-quote
10-01 04:13:59.656 I/flutter (10034): [NET] POST endpoint=/api/v1/config/delivery-quote
10-01 04:14:00.644 I/flutter (10034): [NET] endpoint=/api/v1/config/delivery-quote http_status=200
10-01 04:14:00.645 I/flutter (10034): [NET] endpoint=/api/v1/config/delivery-quote http_status=200
10-01 04:14:00.646 I/flutter (10034): [NET] POST endpoint=/api/v1/customer/order/get-Tax
10-01 04:14:00.646 I/flutter (10034): [NET] POST endpoint=/api/v1/customer/order/get-Tax
10-01 04:14:01.542 I/flutter (10034): [NET] endpoint=/api/v1/customer/order/get-Tax http_status=200
10-01 04:14:01.544 I/flutter (10034): [NET] endpoint=/api/v1/customer/order/get-Tax http_status=200
10-01 04:14:02.350 I/flutter (10034): [NET] GET endpoint=/api/v1/cashback/getCashback
10-01 04:14:03.047 I/flutter (10034): [NET] endpoint=/api/v1/cashback/getCashback http_status=200
## landed: Fresh supermarket fee 32.48 -> 32.82, Fresh local 5.00; address card = Al Wahda Mall - Hazza; Place Order enabled=true
