# cell (c) two rapid guest picks A (Marina Mall, zone held 22s) then B (Emirates Palace); emu clock ~10s behind host
TA 04:02:44.973 tap A MARINA MALL
'|Emirates Palace Mandarin Oriental - West Corniche Road - Abu Dhabi - United Arab Emirates|' enabled=true clickable=true focused=false View [105,1562][1239,1694]
TB 04:02:56.045 tap B Emirates Palace Mandarin
TP1 04:03:06.638 mInputShown=false tap Place Order (A held until host 04:03:08.7)
TL 04:03:18.878 after A landed
'|Confirm your order|' enabled=true clickable=false focused=false View [48,1369][576,1453]
'|Deliver To|' enabled=true clickable=false focused=false View [96,1681][315,1747]
'|Emirates Palace Mandarin Oriental - West Corniche Road - Abu Dhabi - United Arab Emirates|' enabled=true clickable=false focused=false View [684,1606][1248,1822]
'|\u206622.34 AED\u2069|' enabled=true clickable=false focused=false View [1044,1969][1248,2023]
'|- \u20664.24 AED\u2069|' enabled=true clickable=false focused=false View [1040,2038][1248,2092]
'|+ \u20660.90 AED\u2069|' enabled=true clickable=false focused=false View [1030,2107][1248,2161]
'|Total Amount|' enabled=true clickable=false focused=false View [96,2170][387,2236]
'|\u206642.46 AED\u2069|' enabled=true clickable=false focused=false View [1041,2176][1248,2230]
'|Confirm & place order|' enabled=true clickable=true focused=false Button [48,2692][1296,2848]
tap 'Back to checkout' @ 672 2578
'Emirates Palace Mandarin Oriental - West Corniche Road - Abu Dhabi - United Arab Emirates||' enabled=true clickable=true focused=true EditText [105,1403][1239,1547]
'|Emirates Palace Mandarin Oriental - West Corniche Road - Abu Dhabi - United Arab Emirates|' enabled=true clickable=true focused=false View [105,1562][1239,1694]
'|Acqua di Parma Barbiere at Emirates Palace Mandarin Oriental, Abu Dhabi, The Spa at Mandarin Oriental - West ' enabled=true clickable=true focused=false View [105,1694][1239,1826]
'|Place Order|' enabled=true clickable=true focused=false Button [60,1780][1284,1936]
TP2 04:03:36.821 tap Place Order after A landed
tap 'Place Order' @ 672 1858
'|Deliver To|' enabled=true clickable=false focused=false View [96,1681][315,1747]
'|Emirates Palace Mandarin Oriental - West Corniche Road - Abu Dhabi - United Arab Emirates|' enabled=true clickable=false focused=false View [684,1606][1248,1822]
'|Total Amount|' enabled=true clickable=false focused=false View [96,2170][387,2236]
'|\u206642.46 AED\u2069|' enabled=true clickable=false focused=false View [1041,2176][1248,2230]
## server
[57297] [Thu Oct  1 04:02:46 2026] [qa-delay] GET /api/v1/config/get-zone-id sleep=22s t=1790812966.677
[57297] [Thu Oct  1 04:03:08 2026] [qa-delay] GET /api/v1/config/get-zone-id release t=1790812988.678
## app (emu time)
10-01 04:02:35.101 I/flutter ( 3698): [NET] GET endpoint=/api/v1/config/place-api-details
10-01 04:02:36.254 I/flutter ( 3698): [NET] endpoint=/api/v1/config/place-api-details http_status=200
10-01 04:02:36.254 I/flutter ( 3698): [NET] GET endpoint=/api/v1/config/get-zone-id
10-01 04:02:46.160 I/flutter ( 3698): [NET] GET endpoint=/api/v1/config/place-api-details
10-01 04:02:47.443 I/flutter ( 3698): [NET] endpoint=/api/v1/config/place-api-details http_status=200
10-01 04:02:47.444 I/flutter ( 3698): [NET] GET endpoint=/api/v1/config/get-zone-id
10-01 04:02:48.448 I/flutter ( 3698): [NET] endpoint=/api/v1/config/get-zone-id http_status=200
10-01 04:02:48.448 I/flutter ( 3698): [INFO] msg="location: inZone=true"
10-01 04:02:48.449 I/flutter ( 3698): [NET] GET endpoint=/api/v1/config/distance-api
10-01 04:02:49.157 I/flutter ( 3698): [NET] POST endpoint=/api/v1/config/delivery-quote
10-01 04:02:49.804 I/flutter ( 3698): [NET] endpoint=/api/v1/config/distance-api http_status=200
10-01 04:02:49.804 I/flutter ( 3698): [NET] GET endpoint=/api/v1/vehicle/extra_charge
10-01 04:02:50.660 I/flutter ( 3698): [NET] endpoint=/api/v1/config/delivery-quote http_status=200
10-01 04:02:50.805 I/flutter ( 3698): [NET] endpoint=/api/v1/vehicle/extra_charge http_status=200
10-01 04:02:51.068 I/flutter ( 3698): [NET] POST endpoint=/api/v1/config/delivery-quote
10-01 04:02:51.860 I/flutter ( 3698): [NET] endpoint=/api/v1/config/delivery-quote http_status=200
10-01 04:02:56.921 I/flutter ( 3698): 📊 analytics: place_order_tapped {pricing_settled: 1, store_count: 1, screen: checkout, section: place_order}
10-01 04:02:56.925 I/flutter ( 3698): [NET] POST endpoint=/api/v1/customer/order/get-Tax
10-01 04:02:58.872 I/flutter ( 3698): [NET] endpoint=/api/v1/customer/order/get-Tax http_status=200
10-01 04:02:58.886 I/flutter ( 3698): 📊 analytics: order_confirm_sheet_shown {store_count: 1, item_count: 1, value: 42.4554, currency: AED, price_changed: 0, stock_changed: 0, screen: order_confirm_sheet, source: checkout}
10-01 04:02:59.843 I/flutter ( 3698): [NET] endpoint=/api/v1/config/get-zone-id http_status=200
10-01 04:03:22.744 I/flutter ( 3698): 📊 analytics: order_confirm_edited {field: general, screen: order_confirm_sheet, section: footer_cta}
10-01 04:03:29.263 I/flutter ( 3698): 📊 analytics: place_order_tapped {pricing_settled: 1, store_count: 1, screen: checkout, section: place_order}
10-01 04:03:29.264 I/flutter ( 3698): [NET] POST endpoint=/api/v1/customer/order/get-Tax
10-01 04:03:30.190 I/flutter ( 3698): [NET] endpoint=/api/v1/customer/order/get-Tax http_status=200
10-01 04:03:30.197 I/flutter ( 3698): 📊 analytics: order_confirm_sheet_shown {store_count: 1, item_count: 1, value: 42.4554, currency: AED, price_changed: 0, stock_changed: 0, screen: order_confirm_sheet, source: checkout}

# run 1 (A held 35s > app 30s client timeout -> instrument-induced [FAIL] non-json 2xx on A; still dropped, sheet stayed on B)
TA 04:01:10.338 tap A MARINA MALL (label centre c7)
Tc 04:01:14.426 clear+type B
tap 'Clear' @ 1167 1475
tap 'Delivery Address' @ 672 1475
tap 'Emirates Palace Mandarin Oriental' @ 672 1628
TB 04:01:29.507 B tapped
TP1 04:01:39.149 mInputShown=false tap Place Order (A still pending until host 04:01:47.5)
'|Confirm your order|' enabled=true clickable=false focused=false View [48,1369][576,1453]
'|Deliver To|' enabled=true clickable=false focused=false View [96,1681][315,1747]
'|Emirates Palace Mandarin Oriental - West Corniche Road - Abu Dhabi - United Arab Emirates|' enabled=true clickable=false focused=false View [684,1606][1248,1822]
'|\u206622.34 AED\u2069|' enabled=true clickable=false focused=false View [1044,1969][1248,2023]
'|- \u20664.24 AED\u2069|' enabled=true clickable=false focused=false View [1040,2038][1248,2092]
'|+ \u20660.90 AED\u2069|' enabled=true clickable=false focused=false View [1030,2107][1248,2161]
'|Total Amount|' enabled=true clickable=false focused=false View [96,2170][387,2236]
'|\u206642.46 AED\u2069|' enabled=true clickable=false focused=false View [1041,2176][1248,2230]
'|Confirm & place order|' enabled=true clickable=true focused=false Button [48,2692][1296,2848]
10-01 04:01:29.653 I/flutter ( 3698): 📊 analytics: place_order_tapped {pricing_settled: 1, store_count: 1, screen: checkout, section: place_order}
10-01 04:01:29.658 I/flutter ( 3698): [NET] POST endpoint=/api/v1/customer/order/get-Tax
10-01 04:01:29.722 I/flutter ( 3698): 📊 analytics: screen_view {screen_name: order_confirm_sheet, source: checkout}
10-01 04:01:30.846 I/flutter ( 3698): [NET] endpoint=/api/v1/customer/order/get-Tax http_status=200
10-01 04:01:30.849 I/flutter ( 3698): 📊 analytics: order_confirm_sheet_shown {store_count: 1, item_count: 1, value: 42.4554, currency: AED, price_changed: 0, stock_changed: 0, screen: order_confirm_sheet, source: checkout}
10-01 04:01:32.614 I/flutter ( 3698): [FAIL] endpoint=/api/v1/config/get-zone-id http_status=200 type=ApiFailure msg="non-json 2xx body" correlation_id=be7e556f-87da-4127-8247-c1df507f690f
10-01 04:01:32.614 I/flutter ( 3698): [FAIL] endpoint=/api/v1/config/get-zone-id http_status=null type=ApiFailure msg="unhandled api response"
