# NEARS-3960 QA, emulator-5590, UserApp debug build @ e136e6065 — search results for 'QA3960' (Search tab, typed query)
# after the unified search 200, a debug-only semantics assertion in RenderTable.assembleSemanticsNode fires repeatedly and the Android a11y tree goes empty
I/flutter (22638): [NET] endpoint=/api/v1/search/unified http_status=200
I/flutter (22638): 📊 analytics: search {search_term: QA3960, result_count: 7, store_count_returned: 0, screen: search, section: search_results, search_type: typed, segment: all, typed_query: QA3960}
I/flutter (22638): [FAIL] framework_error library=scheduler library type=_AssertionError msg="'package:flutter/src/semantics/semantics.dart': Failed assertion: line 3252 pos 12: 'owner!._nodes.containsKey(id)': is not true."
I/flutter (22638): [FAIL] framework_error   at #0      _AssertionError._doThrowNew (dart:core-patch/errors_patch.dart:67:4)
I/flutter (22638): [FAIL] framework_error   at #1      _AssertionError._throwNew (dart:core-patch/errors_patch.dart:49:5)
I/flutter (22638): [FAIL] framework_error   at #2      SemanticsNode.detach (package:flutter/src/semantics/semantics.dart:3252:12)
I/flutter (22638): [FAIL] framework_error   at #3      SemanticsNode._dropChild (package:flutter/src/semantics/semantics.dart:3221:13)
I/flutter (22638): [FAIL] framework_error   at #4      SemanticsNode._replaceChildren (package:flutter/src/semantics/semantics.dart:2974:13)
I/flutter (22638): [FAIL] framework_error   at #5      SemanticsNode.updateWith (package:flutter/src/semantics/semantics.dart:3732:5)
I/flutter (22638): [FAIL] framework_error   at #6      RenderTable.assembleSemanticsNode (package:flutter/src/rendering/table.dart:731:15)
I/flutter (22638): [FAIL] framework_error   at #7      _RenderObjectSemantics._buildSemanticsSubtree (package:flutter/src/rendering/object.dart:5972:20)

══╡ EXCEPTION CAUGHT BY SCHEDULER LIBRARY ╞═════════════════════════════════════════════════════════
The following assertion was thrown during a scheduler callback:
'package:flutter/src/semantics/semantics.dart': Failed assertion: line 3252 pos 12:
'owner!._nodes.containsKey(id)': is not true.

Either the assertion indicates an error in the framework itself, or we should provide substantially
more information in this error message to help you determine and fix the underlying cause.
In either case, please report this assertion by filing a bug on GitHub:
  https://github.com/flutter/flutter/issues/new?template=02_bug.yml

When the exception was thrown, this was the stack:
#2      SemanticsNode.detach (package:flutter/src/semantics/semantics.dart:3252:12)
#3      SemanticsNode._dropChild (package:flutter/src/semantics/semantics.dart:3221:13)
#4      SemanticsNode._replaceChildren (package:flutter/src/semantics/semantics.dart:2974:13)
#5      SemanticsNode.updateWith (package:flutter/src/semantics/semantics.dart:3732:5)
#6      RenderTable.assembleSemanticsNode (package:flutter/src/rendering/table.dart:731:15)
#7      _RenderObjectSemantics._buildSemanticsSubtree (package:flutter/src/rendering/object.dart:5972:20)
#8      _RenderObjectSemantics._produceSemanticsNode (package:flutter/src/rendering/object.dart:5989:5)
#9      _RenderObjectSemantics._buildSemantics (package:flutter/src/rendering/object.dart:5932:7)
#10     _RenderObjectSemantics._buildSemanticsSubtree (package:flutter/src/rendering/object.dart:5965:13)
#11     _RenderObjectSemantics._produceSemanticsNode (package:flutter/src/rendering/object.dart:5989:5)
