2026-09-14T16:44:32.1793240Z Current runner version: '2.337.0'
2026-09-14T16:44:32.1795890Z Runner name: 'nears-macos-runner'
2026-09-14T16:44:32.1796230Z Runner group name: 'Default'
2026-09-14T16:44:32.1796650Z Machine name: 'Mac'
2026-09-14T16:44:32.1797730Z ##[group]GITHUB_TOKEN Permissions
2026-09-14T16:44:32.1798500Z Contents: read
2026-09-14T16:44:32.1798750Z Metadata: read
2026-09-14T16:44:32.1799020Z Packages: read
2026-09-14T16:44:32.1799260Z ##[endgroup]
2026-09-14T16:44:32.1800130Z Secret source: Actions
2026-09-14T16:44:32.1800510Z Cache mode: write
2026-09-14T16:44:32.1800810Z Prepare workflow directory
2026-09-14T16:44:32.2049910Z Prepare all required actions
2026-09-14T16:44:32.2075020Z Getting action download info
2026-09-14T16:44:33.2807850Z Download action repository 'actions/checkout@v4' (SHA:11d5960a326750d5838078e36cf38b85af677262)
2026-09-14T16:44:33.9359820Z Download action repository 'subosito/flutter-action@v2' (SHA:1a449444c387b1966244ae4d4f8c696479add0b2)
2026-09-14T16:44:34.5119090Z Getting action download info
2026-09-14T16:44:34.7980820Z Download action repository 'actions/cache@v5' (SHA:caa296126883cff596d87d8935842f9db880ef25)
2026-09-14T16:44:35.6091540Z Complete job name: golden
2026-09-14T16:44:35.6416730Z Node 20 is being deprecated. This workflow is running with Node 24 by default. If you need to temporarily use Node 20, you can set the ACTIONS_ALLOW_USE_UNSECURE_NODE_VERSION=true environment variable. For more information see: https://github.blog/changelog/2025-09-19-deprecation-of-node-20-on-github-actions-runners/
2026-09-14T16:44:35.6420640Z ##[group]Run actions/checkout@v4
2026-09-14T16:44:35.6420830Z with:
2026-09-14T16:44:35.6420940Z   repository: pokkeerr/nears
2026-09-14T16:44:35.6422300Z   token: ***
2026-09-14T16:44:35.6422410Z   ssh-strict: true
2026-09-14T16:44:35.6422530Z   ssh-user: git
2026-09-14T16:44:35.6422650Z   persist-credentials: true
2026-09-14T16:44:35.6422780Z   clean: true
2026-09-14T16:44:35.6422910Z   sparse-checkout-cone-mode: true
2026-09-14T16:44:35.6423050Z   fetch-depth: 1
2026-09-14T16:44:35.6423180Z   fetch-tags: false
2026-09-14T16:44:35.6423300Z   show-progress: true
2026-09-14T16:44:35.6423420Z   lfs: false
2026-09-14T16:44:35.6423550Z   submodules: false
2026-09-14T16:44:35.6423680Z   set-safe-directory: true
2026-09-14T16:44:35.6423810Z   allow-unsafe-pr-checkout: false
2026-09-14T16:44:35.6424000Z ##[endgroup]
2026-09-14T16:44:35.7051610Z Syncing repository: pokkeerr/nears
2026-09-14T16:44:35.7052330Z ##[group]Getting Git version info
2026-09-14T16:44:35.7052570Z Working directory is '/Users/Apple/actions-runner/_work/nears/nears'
2026-09-14T16:44:35.7052890Z [command]/usr/bin/git version
2026-09-14T16:44:35.7112230Z git version 2.50.1 (Apple Git-155)
2026-09-14T16:44:35.7119200Z ##[endgroup]
2026-09-14T16:44:35.7125500Z Temporarily overriding HOME='/Users/Apple/actions-runner/_work/_temp/b6f9f692-06d3-47dd-9ef6-0df720c8ba35' before making global git config changes
2026-09-14T16:44:35.7126030Z Adding repository directory to the temporary git global config as a safe directory
2026-09-14T16:44:35.7127860Z [command]/usr/bin/git config --global --add safe.directory /Users/Apple/actions-runner/_work/nears/nears
2026-09-14T16:44:35.7646690Z [command]/usr/bin/git config --local --get remote.origin.url
2026-09-14T16:44:35.7724410Z https://github.com/pokkeerr/nears
2026-09-14T16:44:35.7729800Z ##[group]Removing previously created refs, to avoid conflicts
2026-09-14T16:44:35.7732270Z [command]/usr/bin/git rev-parse --symbolic-full-name --verify --quiet HEAD
2026-09-14T16:44:35.7811750Z HEAD
2026-09-14T16:44:35.7907720Z ##[endgroup]
2026-09-14T16:44:35.7909520Z [command]/usr/bin/git submodule status
2026-09-14T16:44:35.8499810Z ##[group]Cleaning the repository
2026-09-14T16:44:35.8502080Z [command]/usr/bin/git clean -ffdx
2026-09-14T16:44:35.8964930Z [command]/usr/bin/git reset --hard HEAD
2026-09-14T16:44:35.9314940Z HEAD is now at b14bb3447 Merge c954e690038c21da2e2b48f1f0e932e615b8a87f into a4f55fc6257965ee73b1ee58e0214a9f8a5cd61b
2026-09-14T16:44:35.9319990Z ##[endgroup]
2026-09-14T16:44:35.9321740Z ##[group]Disabling automatic garbage collection
2026-09-14T16:44:35.9323800Z [command]/usr/bin/git config --local gc.auto 0
2026-09-14T16:44:35.9405200Z ##[endgroup]
2026-09-14T16:44:35.9405470Z ##[group]Setting up auth
2026-09-14T16:44:35.9408910Z [command]/usr/bin/git config --local --name-only --get-regexp core\.sshCommand
2026-09-14T16:44:35.9478150Z [command]/usr/bin/git submodule foreach --recursive sh -c "git config --local --name-only --get-regexp 'core\.sshCommand' && git config --local --unset-all 'core.sshCommand' || :"
2026-09-14T16:44:36.0013760Z [command]/usr/bin/git config --local --name-only --get-regexp http\.https\:\/\/github\.com\/\.extraheader
2026-09-14T16:44:36.0097430Z [command]/usr/bin/git submodule foreach --recursive sh -c "git config --local --name-only --get-regexp 'http\.https\:\/\/github\.com\/\.extraheader' && git config --local --unset-all 'http.https://github.com/.extraheader' || :"
2026-09-14T16:44:36.0664520Z [command]/usr/bin/git config --local --name-only --get-regexp ^includeIf\.gitdir:
2026-09-14T16:44:36.0749060Z [command]/usr/bin/git submodule foreach --recursive git config --local --show-origin --name-only --get-regexp remote.origin.url
2026-09-14T16:44:36.1361650Z [command]/usr/bin/git config --local http.https://github.com/.extraheader AUTHORIZATION: basic ***
2026-09-14T16:44:36.1451000Z ##[endgroup]
2026-09-14T16:44:36.1451290Z ##[group]Fetching the repository
2026-09-14T16:44:36.1455020Z [command]/usr/bin/git -c protocol.version=2 fetch --no-tags --prune --no-recurse-submodules --depth=1 origin +b14bb344724e5a88bdcebd75b876fcfcae965cdb:refs/remotes/pull/39/merge
2026-09-14T16:44:37.2123570Z ##[endgroup]
2026-09-14T16:44:37.2123880Z ##[group]Determining the checkout info
2026-09-14T16:44:37.2124410Z ##[endgroup]
2026-09-14T16:44:37.2127450Z [command]/usr/bin/git sparse-checkout disable
2026-09-14T16:44:37.2296040Z [command]/usr/bin/git config --local --unset-all extensions.worktreeConfig
2026-09-14T16:44:37.2380860Z ##[group]Checking out the ref
2026-09-14T16:44:37.2382670Z [command]/usr/bin/git checkout --progress --force refs/remotes/pull/39/merge
2026-09-14T16:44:37.2646820Z HEAD is now at b14bb3447 Merge c954e690038c21da2e2b48f1f0e932e615b8a87f into a4f55fc6257965ee73b1ee58e0214a9f8a5cd61b
2026-09-14T16:44:37.2652870Z ##[endgroup]
2026-09-14T16:44:37.2745570Z [command]/usr/bin/git log -1 --format=%H
2026-09-14T16:44:37.2813870Z b14bb344724e5a88bdcebd75b876fcfcae965cdb
2026-09-14T16:44:37.2965130Z ##[group]Run subosito/flutter-action@v2
2026-09-14T16:44:37.2965270Z with:
2026-09-14T16:44:37.2965350Z   channel: stable
2026-09-14T16:44:37.2965440Z   flutter-version: 3.41.9
2026-09-14T16:44:37.2965550Z   architecture: ARM64
2026-09-14T16:44:37.2965640Z   cache: false
2026-09-14T16:44:37.2965730Z   pub-cache-path: default
2026-09-14T16:44:37.2965820Z   dry-run: false
2026-09-14T16:44:37.2965950Z   git-source: https://github.com/flutter/flutter.git
2026-09-14T16:44:37.2966090Z ##[endgroup]
2026-09-14T16:44:37.2995560Z ##[start-action display=Make yq tool available on Windows runners;id=__subosito_flutter-action.__run]
2026-09-14T16:44:37.3004310Z ##[end-action id=__subosito_flutter-action.__run;outcome=skipped;conclusion=skipped;duration_ms=0]
2026-09-14T16:44:37.3005240Z ##[start-action display=Make setup script executable;id=__subosito_flutter-action.__run_2]
2026-09-14T16:44:37.3022400Z ##[group]Run chmod +x "$GITHUB_ACTION_PATH/setup.sh"
2026-09-14T16:44:37.3022610Z [36;1mchmod +x "$GITHUB_ACTION_PATH/setup.sh"[0m
2026-09-14T16:44:37.3051850Z shell: /bin/bash --noprofile --norc -e -o pipefail {0}
2026-09-14T16:44:37.3052020Z ##[endgroup]
2026-09-14T16:44:37.3261030Z ##[end-action id=__subosito_flutter-action.__run_2;outcome=success;conclusion=success;duration_ms=25]
2026-09-14T16:44:37.3262420Z ##[start-action display=Set action inputs;id=__subosito_flutter-action.flutter-action]
2026-09-14T16:44:37.3284150Z ##[group]Run $GITHUB_ACTION_PATH/setup.sh -p \
2026-09-14T16:44:37.3284370Z [36;1m$GITHUB_ACTION_PATH/setup.sh -p \[0m
2026-09-14T16:44:37.3284740Z [36;1m  -n '3.41.9' \[0m
2026-09-14T16:44:37.3284870Z [36;1m  -f '' \[0m
2026-09-14T16:44:37.3284970Z [36;1m  -a 'ARM64' \[0m
2026-09-14T16:44:37.3285070Z [36;1m  -k '' \[0m
2026-09-14T16:44:37.3285180Z [36;1m  -c '' \[0m
2026-09-14T16:44:37.3285270Z [36;1m  -l '' \[0m
2026-09-14T16:44:37.3296380Z [36;1m  -d 'default' \[0m
2026-09-14T16:44:37.3296570Z [36;1m  -g 'https://github.com/flutter/flutter.git' \[0m
2026-09-14T16:44:37.3296730Z [36;1m  stable[0m
2026-09-14T16:44:37.3321700Z shell: /bin/bash --noprofile --norc -e -o pipefail {0}
2026-09-14T16:44:37.3321900Z ##[endgroup]
2026-09-14T16:44:38.8244480Z ##[end-action id=__subosito_flutter-action.flutter-action;outcome=success;conclusion=success;duration_ms=1498]
2026-09-14T16:44:38.8246830Z ##[start-action display=Cache Flutter;id=__subosito_flutter-action.cache-flutter]
2026-09-14T16:44:38.8249540Z ##[end-action id=__subosito_flutter-action.cache-flutter;outcome=skipped;conclusion=skipped;duration_ms=0]
2026-09-14T16:44:38.8250520Z ##[start-action display=Cache pub dependencies;id=__subosito_flutter-action.cache-pub]
2026-09-14T16:44:38.8255890Z ##[end-action id=__subosito_flutter-action.cache-pub;outcome=skipped;conclusion=skipped;duration_ms=0]
2026-09-14T16:44:38.8256770Z ##[start-action display=Run setup script;id=__subosito_flutter-action.__run_3]
2026-09-14T16:44:38.8273980Z ##[group]Run $GITHUB_ACTION_PATH/setup.sh \
2026-09-14T16:44:38.8274190Z [36;1m$GITHUB_ACTION_PATH/setup.sh \[0m
2026-09-14T16:44:38.8274320Z [36;1m  -n '3.41.9' \[0m
2026-09-14T16:44:38.8274460Z [36;1m  -a 'arm64' \[0m
2026-09-14T16:44:38.8274640Z [36;1m  -c '/Users/Apple/actions-runner/_work/_tool/flutter/stable-3.41.9-arm64' \[0m
2026-09-14T16:44:38.8274870Z [36;1m  -d '/Users/Apple/.pub-cache' \[0m
2026-09-14T16:44:38.8275010Z [36;1m  stable[0m
2026-09-14T16:44:38.8300310Z shell: /bin/bash --noprofile --norc -e -o pipefail {0}
2026-09-14T16:44:38.8300510Z ##[endgroup]
2026-09-14T16:44:39.3077440Z ##[end-action id=__subosito_flutter-action.__run_3;outcome=success;conclusion=success;duration_ms=482]
2026-09-14T16:44:39.3107880Z ##[group]Run scripts/dls-golden-guard.sh
2026-09-14T16:44:39.3108080Z [36;1mscripts/dls-golden-guard.sh[0m
2026-09-14T16:44:39.3134350Z shell: /bin/bash -e {0}
2026-09-14T16:44:39.3134480Z env:
2026-09-14T16:44:39.3134720Z   FLUTTER_ROOT: /Users/Apple/actions-runner/_work/_tool/flutter/stable-3.41.9-arm64/flutter
2026-09-14T16:44:39.3134970Z   PUB_CACHE: /Users/Apple/.pub-cache
2026-09-14T16:44:39.3135110Z ##[endgroup]
2026-09-14T16:44:40.0333200Z dls-golden-guard: golden harnesses in UserApp
2026-09-14T16:44:53.4126850Z dls-golden-guard: golden harnesses in packages/nears_dls
2026-09-14T16:45:08.2728690Z Post job cleanup.
2026-09-14T16:45:08.2770340Z Node 20 is being deprecated. This workflow is running with Node 24 by default. If you need to temporarily use Node 20, you can set the ACTIONS_ALLOW_USE_UNSECURE_NODE_VERSION=true environment variable. For more information see: https://github.blog/changelog/2025-09-19-deprecation-of-node-20-on-github-actions-runners/
2026-09-14T16:45:08.2771190Z Post job cleanup.
2026-09-14T16:45:08.4507000Z [command]/usr/bin/git version
2026-09-14T16:45:08.4605080Z git version 2.50.1 (Apple Git-155)
2026-09-14T16:45:08.4620380Z Temporarily overriding HOME='/Users/Apple/actions-runner/_work/_temp/146c0328-ede7-4eef-b88c-5be711142033' before making global git config changes
2026-09-14T16:45:08.4620820Z Adding repository directory to the temporary git global config as a safe directory
2026-09-14T16:45:08.4623110Z [command]/usr/bin/git config --global --add safe.directory /Users/Apple/actions-runner/_work/nears/nears
2026-09-14T16:45:08.5515550Z [command]/usr/bin/git config --local --name-only --get-regexp core\.sshCommand
2026-09-14T16:45:08.5602280Z [command]/usr/bin/git submodule foreach --recursive sh -c "git config --local --name-only --get-regexp 'core\.sshCommand' && git config --local --unset-all 'core.sshCommand' || :"
2026-09-14T16:45:08.6302350Z [command]/usr/bin/git config --local --name-only --get-regexp http\.https\:\/\/github\.com\/\.extraheader
2026-09-14T16:45:08.6383920Z http.https://github.com/.extraheader
2026-09-14T16:45:08.6389450Z [command]/usr/bin/git config --local --unset-all http.https://github.com/.extraheader
2026-09-14T16:45:08.6467550Z [command]/usr/bin/git submodule foreach --recursive sh -c "git config --local --name-only --get-regexp 'http\.https\:\/\/github\.com\/\.extraheader' && git config --local --unset-all 'http.https://github.com/.extraheader' || :"
2026-09-14T16:45:08.7093960Z [command]/usr/bin/git config --local --name-only --get-regexp ^includeIf\.gitdir:
2026-09-14T16:45:08.7181530Z [command]/usr/bin/git submodule foreach --recursive git config --local --show-origin --name-only --get-regexp remote.origin.url
2026-09-14T16:45:08.7901560Z Cleaning up orphan processes
2026-09-14T16:45:09.0226770Z ##[warning]Node.js 20 is deprecated. The following actions target Node.js 20 but are being forced to run on Node.js 24: actions/checkout@v4. For more information see: https://github.blog/changelog/2025-09-19-deprecation-of-node-20-on-github-actions-runners/
