NEARS-1199: using private test DB multi_food_db_test_nears_nears_2815_cart_merged_tristate
PHPUnit 11.5.55 by Sebastian Bergmann and contributors.

Runtime:       PHP 8.5.6
Configuration: /Users/Apple/Projects/nears-NEARS-2815-cart-merged-tristate/Admin/phpunit.xml

....DD.......................................................   61 / 1640 (  3%)
.............................................................  122 / 1640 (  7%)
...[FAIL] OpenTelemetry export failed; Laravel logger unavailable: Monolog handler is dead (bad channel / full disk)
[FAIL] OpenTelemetry export failed; Laravel logger unavailable: Monolog handler is dead (bad channel / full disk)
..........................................................  183 / 1640 ( 11%)
.............................................................  244 / 1640 ( 14%)
.......................................................F.....  305 / 1640 ( 18%)
.............................................................  366 / 1640 ( 22%)
.............................................................  427 / 1640 ( 26%)
.............................................................  488 / 1640 ( 29%)
.............................................................  549 / 1640 ( 33%)
.............................................................  610 / 1640 ( 37%)
.............................................................  671 / 1640 ( 40%)
......SSS....................................................  732 / 1640 ( 44%)
.............................................................  793 / 1640 ( 48%)
.............................................................  854 / 1640 ( 52%)
.............................................................  915 / 1640 ( 55%)
.............................................................  976 / 1640 ( 59%)
............................................................. 1037 / 1640 ( 63%)
............................................................. 1098 / 1640 ( 66%)
............................................................. 1159 / 1640 ( 70%)
............................................................. 1220 / 1640 ( 74%)
............................................................. 1281 / 1640 ( 78%)
............................................................. 1342 / 1640 ( 81%)
............................................................. 1403 / 1640 ( 85%)
............................................................. 1464 / 1640 ( 89%)
............................................................. 1525 / 1640 ( 92%)
.............................S............................... 1586 / 1640 ( 96%)
......................................................        1640 / 1640 (100%)

Time: 07:53.599, Memory: 437.50 MB

There was 1 failure:

1) Tests\Feature\ConfigContractTest::test_decimal_precision_is_two_not_whole_dirhams
NEARS-2019 (EXPECTED RED — the money defect, not a broken build): digit_after_decimal_point is not 2, so PlaceNewOrder rounds PERSISTED order money to whole dirhams — order_amount, delivery_charge, total_tax_amount, the discount fields and every order_details line price. Up to a half-dirham is added to or removed from what the customer is actually charged. THIS TEST READS THE PHPUNIT TWIN (multi_food_db_test*), NEVER multi_food_db, so it pins the SEED contract and not the live config. CORRECTING THE LIVE SETTING ALONE WILL NOT CLEAR IT — a data change never triggers a re-clone (setup_test_db.sh re-clones only on an applied-migration-signature mismatch). To go green, all three: (1) set digit_after_decimal_point to 2 via Admin -> Business Setup or a versioned seeder, never raw DML, then `php artisan cache:clear` (settings are cached rememberForever, so skipping this makes a correct fix look like it failed); (2) re-dump the corrected DB and rebuild the twin: TEST_DB_BACKUP=/path/to/dump.sql bash scripts/setup_test_db.sh ; (3) FORCE the clones to rebuild: bash scripts/setup_test_db.sh --drop-stale (or --clone <worktree_slug> per worktree). See docs/solutions/NEARS-2019-persisted-money-rounding.md.
Failed asserting that 0 is identical to 2.

/Users/Apple/Projects/nears-NEARS-2815-cart-merged-tristate/Admin/tests/Feature/ConfigContractTest.php:310

FAILURES!
Tests: 1640, Assertions: 14806, Failures: 1, Deprecations: 1, Skipped: 4.
